HEAD c7b69cd0fb2bdf980546ab413b3b82198267cbd8
TREE f391905e7afd3485edc9d21ab317dd0802959c45
status-porcelain-ignored:
!! syn/ooc/__pycache__/
(end status)
diff-index: clean
index-vs-worktree: clean
160000 5dce647ab5a01a6ecff9a982b22e3a4a1d946d3d 0	gptp-processor
160000 ead8036035affd53ef4b29979190f2f4f67084c0 0	protocol-processor
160000 48ff7a7e2ef782cf778d47910cf85835c64b1bce 0	third_party/verilog-axis
-efeb541ae5fe1e078332d8462dca2fc2d9cb8db5 external
 5dce647ab5a01a6ecff9a982b22e3a4a1d946d3d gptp-processor (heads/main)
 ead8036035affd53ef4b29979190f2f4f67084c0 protocol-processor (v2.0-592-gead8036)
 48ff7a7e2ef782cf778d47910cf85835c64b1bce third_party/verilog-axis (heads/master)
KL_maap.sv blob 94dc376e8dcf01abefc6e08402a6e878ce884dc8 expected 94dc376e8dcf01abefc6e08402a6e878ce884dc8
530039b836263de84588ea48f31fe25ab870ff100ea6a5c8daf26f09db572cad  ls-tree-r digest
b03f58f8dc4c4df149f79a99a3b92d03e0d14bb87d481f060045111ecdd09b5b  index digest
index == HEAD tree (modes, blobs, paths)
post-cleanup: status --porcelain --ignored empty
final recheck 2026-10-07T23:49:55+02:00: HEAD c7b69cd0fb2bdf980546ab413b3b82198267cbd8 TREE f391905e7afd3485edc9d21ab317dd0802959c45 status-lines 0 diff-index clean
160000 5dce647ab5a01a6ecff9a982b22e3a4a1d946d3d 0	gptp-processor
160000 ead8036035affd53ef4b29979190f2f4f67084c0 0	protocol-processor
160000 48ff7a7e2ef782cf778d47910cf85835c64b1bce 0	third_party/verilog-axis
