INFO: [Common 17-3922] A valid Vivado Design Suite BASIC license has been detected. Your current license is active and will expire on 02-jul-2027.
#-----------------------------------------------------------
# Vivado v2026.1 (64-bit)
# SW Build 6511674 on Tue Jun 16 11:01:26 MDT 2026
# IP Build 6504888 on Tue Jun 09 09:05:25 MDT 2026
# SharedData Build 6501428 on Mon Jun 08 17:34:18 MDT 2026
# Start of session at: Thu Sep 24 10:40:19 2026
# Process ID         : 503188
# Current directory  : $MANAGEMENT/2026-09-23/pp94-a245/area
# Command line       : vivado -mode batch -source $LANES/pp94-desc-mem-guard/syn/ooc/desc_mem_guard_ooc.tcl -nojournal -log ooc.log
# Log file           : $MANAGEMENT/2026-09-23/pp94-a245/area/ooc.log
# Journal file       : 
# Running On         : archlinux
# Platform           : unknown
# Operating System   : unknown
# Processor Detail   : AMD EPYC 9554P 64-Core Emb Processor
# CPU Frequency      : 3095.352 MHz
# CPU Physical cores : 128
# CPU Logical cores  : 128
# Host memory        : 57465 MB
# Swap memory        : 38654 MB
# Total Virtual      : 96120 MB
# Available Virtual  : 69382 MB
#-----------------------------------------------------------
Sourcing tcl script '$WORKSPACE_HOME/.Xilinx/Vivado/Vivado_init.tcl'
source $LANES/pp94-desc-mem-guard/syn/ooc/desc_mem_guard_ooc.tcl
# set SPEC [file normalize [file dirname [info script]]/../..]
# read_verilog -sv $SPEC/hdl/aecp/KL_aecp_desc_mem_guard.sv
# synth_design -mode out_of_context -top KL_aecp_desc_mem_guard -part xc7a100tfgg484-2
Command: synth_design -mode out_of_context -top KL_aecp_desc_mem_guard -part xc7a100tfgg484-2
Starting synth_design
Attempting to get a license for feature 'Vivado_Synthesis' and/or device 'xc7a100t'
INFO: [Common 17-349] Got license for feature 'Vivado_Synthesis' and/or device 'xc7a100t'
INFO: [Synth 8-7079] Multithreading enabled for synth_design using a maximum of 7 processes.
INFO: [Synth 8-7078] Launching helper process for spawning children vivado processes
INFO: [Synth 8-7075] Helper process launched with PID 509043
---------------------------------------------------------------------------------
Starting Synthesize : Time (s): cpu = 00:00:03 ; elapsed = 00:00:04 . Memory (MB): peak = 2213.883 ; gain = 208.250 ; free physical = 29037 ; free virtual = 67854
---------------------------------------------------------------------------------
INFO: [Synth 8-6157] synthesizing module 'KL_aecp_desc_mem_guard' [$LANES/pp94-desc-mem-guard/hdl/aecp/KL_aecp_desc_mem_guard.sv:30]
INFO: [Synth 8-6155] done synthesizing module 'KL_aecp_desc_mem_guard' (0#1) [$LANES/pp94-desc-mem-guard/hdl/aecp/KL_aecp_desc_mem_guard.sv:30]
---------------------------------------------------------------------------------
Finished Synthesize : Time (s): cpu = 00:00:04 ; elapsed = 00:00:05 . Memory (MB): peak = 2295.852 ; gain = 290.219 ; free physical = 28800 ; free virtual = 67614
---------------------------------------------------------------------------------
---------------------------------------------------------------------------------
Finished Constraint Validation : Time (s): cpu = 00:00:05 ; elapsed = 00:00:05 . Memory (MB): peak = 2307.727 ; gain = 302.094 ; free physical = 29092 ; free virtual = 67906
---------------------------------------------------------------------------------
---------------------------------------------------------------------------------
Start Loading Part and Timing Information
---------------------------------------------------------------------------------
Loading part: xc7a100tfgg484-2
---------------------------------------------------------------------------------
INFO: [Device 21-403] Loading part xc7a100tfgg484-2
Finished Loading Part and Timing Information : Time (s): cpu = 00:00:05 ; elapsed = 00:00:05 . Memory (MB): peak = 2307.727 ; gain = 302.094 ; free physical = 29105 ; free virtual = 67919
---------------------------------------------------------------------------------
---------------------------------------------------------------------------------
Finished RTL Optimization Phase 2 : Time (s): cpu = 00:00:05 ; elapsed = 00:00:05 . Memory (MB): peak = 2316.633 ; gain = 311.000 ; free physical = 29077 ; free virtual = 67894
---------------------------------------------------------------------------------
No constraint files found.
---------------------------------------------------------------------------------
Start RTL Component Statistics 
---------------------------------------------------------------------------------
Detailed RTL Component Info : 
+---Registers : 
	                1 Bit    Registers := 1     
+---Muxes : 
	   2 Input    1 Bit        Muxes := 1     
---------------------------------------------------------------------------------
Finished RTL Component Statistics 
---------------------------------------------------------------------------------
---------------------------------------------------------------------------------
Start Part Resource Summary
---------------------------------------------------------------------------------
Part Resources:
DSPs: 240 (col length:80)
BRAMs: 270 (col length: RAMB18 80 RAMB36 40)
---------------------------------------------------------------------------------
Finished Part Resource Summary
---------------------------------------------------------------------------------
No constraint files found.
---------------------------------------------------------------------------------
Start Cross Boundary and Area Optimization
---------------------------------------------------------------------------------
---------------------------------------------------------------------------------
Finished Cross Boundary and Area Optimization : Time (s): cpu = 00:00:07 ; elapsed = 00:00:08 . Memory (MB): peak = 2460.539 ; gain = 454.906 ; free physical = 28134 ; free virtual = 66971
---------------------------------------------------------------------------------
No constraint files found.
---------------------------------------------------------------------------------
Start Timing Optimization
---------------------------------------------------------------------------------
---------------------------------------------------------------------------------
Finished Timing Optimization : Time (s): cpu = 00:00:07 ; elapsed = 00:00:08 . Memory (MB): peak = 2466.477 ; gain = 460.844 ; free physical = 28122 ; free virtual = 66960
---------------------------------------------------------------------------------
---------------------------------------------------------------------------------
Start Technology Mapping
---------------------------------------------------------------------------------
---------------------------------------------------------------------------------
Finished Technology Mapping : Time (s): cpu = 00:00:07 ; elapsed = 00:00:08 . Memory (MB): peak = 2474.484 ; gain = 468.852 ; free physical = 28117 ; free virtual = 66955
---------------------------------------------------------------------------------
---------------------------------------------------------------------------------
Start IO Insertion
---------------------------------------------------------------------------------
---------------------------------------------------------------------------------
Start Flattening Before IO Insertion
---------------------------------------------------------------------------------
---------------------------------------------------------------------------------
Finished Flattening Before IO Insertion
---------------------------------------------------------------------------------
---------------------------------------------------------------------------------
Start Final Netlist Cleanup
---------------------------------------------------------------------------------
---------------------------------------------------------------------------------
Finished Final Netlist Cleanup
---------------------------------------------------------------------------------
---------------------------------------------------------------------------------
Finished IO Insertion : Time (s): cpu = 00:00:10 ; elapsed = 00:00:11 . Memory (MB): peak = 2668.297 ; gain = 662.664 ; free physical = 27791 ; free virtual = 66629
---------------------------------------------------------------------------------
---------------------------------------------------------------------------------
Start Renaming Generated Instances
---------------------------------------------------------------------------------
---------------------------------------------------------------------------------
Finished Renaming Generated Instances : Time (s): cpu = 00:00:10 ; elapsed = 00:00:11 . Memory (MB): peak = 2668.297 ; gain = 662.664 ; free physical = 27791 ; free virtual = 66629
---------------------------------------------------------------------------------
---------------------------------------------------------------------------------
Start Rebuilding User Hierarchy
---------------------------------------------------------------------------------
---------------------------------------------------------------------------------
Finished Rebuilding User Hierarchy : Time (s): cpu = 00:00:10 ; elapsed = 00:00:11 . Memory (MB): peak = 2668.297 ; gain = 662.664 ; free physical = 27787 ; free virtual = 66625
---------------------------------------------------------------------------------
---------------------------------------------------------------------------------
Start Renaming Generated Ports
---------------------------------------------------------------------------------
---------------------------------------------------------------------------------
Finished Renaming Generated Ports : Time (s): cpu = 00:00:10 ; elapsed = 00:00:11 . Memory (MB): peak = 2668.297 ; gain = 662.664 ; free physical = 27785 ; free virtual = 66623
---------------------------------------------------------------------------------
---------------------------------------------------------------------------------
Start Handling Custom Attributes
---------------------------------------------------------------------------------
---------------------------------------------------------------------------------
Finished Handling Custom Attributes : Time (s): cpu = 00:00:10 ; elapsed = 00:00:11 . Memory (MB): peak = 2668.297 ; gain = 662.664 ; free physical = 27793 ; free virtual = 66631
---------------------------------------------------------------------------------
---------------------------------------------------------------------------------
Start Renaming Generated Nets
---------------------------------------------------------------------------------
---------------------------------------------------------------------------------
Finished Renaming Generated Nets : Time (s): cpu = 00:00:10 ; elapsed = 00:00:11 . Memory (MB): peak = 2668.297 ; gain = 662.664 ; free physical = 27797 ; free virtual = 66635
---------------------------------------------------------------------------------
---------------------------------------------------------------------------------
Start Writing Synthesis Report
---------------------------------------------------------------------------------

Report BlackBoxes: 
+-+--------------+----------+
| |BlackBox name |Instances |
+-+--------------+----------+
+-+--------------+----------+

Report Cell Usage: 
+------+-----+------+
|      |Cell |Count |
+------+-----+------+
|1     |LUT2 |     2|
|2     |LUT4 |     1|
|3     |LUT5 |     1|
|4     |FDRE |     1|
+------+-----+------+

Report Instance Areas: 
+------+---------+-------+------+
|      |Instance |Module |Cells |
+------+---------+-------+------+
|1     |top      |       |     5|
+------+---------+-------+------+
---------------------------------------------------------------------------------
Finished Writing Synthesis Report : Time (s): cpu = 00:00:10 ; elapsed = 00:00:11 . Memory (MB): peak = 2668.297 ; gain = 662.664 ; free physical = 27797 ; free virtual = 66635
---------------------------------------------------------------------------------
Synthesis finished with 0 errors, 0 critical warnings and 0 warnings.
Synthesis Optimization Runtime : Time (s): cpu = 00:00:10 ; elapsed = 00:00:12 . Memory (MB): peak = 2668.297 ; gain = 662.664 ; free physical = 27872 ; free virtual = 66710
Synthesis Optimization Complete : Time (s): cpu = 00:00:10 ; elapsed = 00:00:12 . Memory (MB): peak = 2671.266 ; gain = 662.664 ; free physical = 27862 ; free virtual = 66700
INFO: [Project 1-571] Translating synthesized netlist
Netlist sorting complete. Time (s): cpu = 00:00:00 ; elapsed = 00:00:00 . Memory (MB): peak = 2682.172 ; gain = 0.000 ; free physical = 27728 ; free virtual = 66567
INFO: [Project 1-570] Preparing netlist for logic optimization
INFO: [Opt 31-138] Pushed 0 inverter(s) to 0 load pin(s).
Netlist sorting complete. Time (s): cpu = 00:00:00 ; elapsed = 00:00:00 . Memory (MB): peak = 2783.734 ; gain = 0.000 ; free physical = 27803 ; free virtual = 66653
INFO: [Project 1-111] Unisim Transformation Summary:
No Unisim elements were transformed.

Synth Design complete | Checksum: 64ff46a1
INFO: [Common 17-83] Releasing license: Vivado_Synthesis
12 Infos, 0 Warnings, 0 Critical Warnings and 0 Errors encountered.
synth_design completed successfully
synth_design: Time (s): cpu = 00:00:15 ; elapsed = 00:00:14 . Memory (MB): peak = 2786.703 ; gain = 781.070 ; free physical = 27802 ; free virtual = 66653
INFO: [Common 17-2834] synth_design peak Physical Memory [PSS] (MB): overall = 2197.422; main = 2197.422; forked = 338.782
INFO: [Common 17-2834] synth_design peak Virtual Memory [VSS] (MB): overall = 3597.844; main = 2786.707; forked = 1032.355
# create_clock -period 10.000 -name clk [get_ports clk_i]
# report_utilization -hierarchical -file util_hier.rpt
# report_utilization -file util.rpt
# report_timing_summary -delay_type max -max_paths 3 -file timing.rpt
INFO: [Timing 38-91] UpdateTimingParams: Speed grade: -2, Delay Type: max.
INFO: [Timing 38-191] Multithreading enabled for timing update using a maximum of 32 CPUs
INFO: [Timing 38-35] Done setting XDC timing constraints.
WARNING: [Timing 38-242] The property HD.CLK_SRC of clock port "clk_i" is not set. In out-of-context mode, this prevents timing estimation for clock delay/skew
Resolution: Set the HD.CLK_SRC property of the out-of-context port to the location of the clock buffer instance in the top-level design
INFO: [Common 17-206] Exiting Vivado at Thu Sep 24 10:40:44 2026...
