  [FAIL] A15 with room, the next poll sends the owed ENTITY_DEPARTING first, with its SHUTDOWN index 1
  C0 LINK_UP -> TMR_DELAY armed                 11 accesses (bound 11)
  C1 TMR_DELAY -> ENTITY_AVAILABLE, TMR_ADVERTISE  39 accesses (bound 39)
  C2 RCV_ADP_DISCOVER -> TMR_DELAY armed        31 accesses (bound 31)
  C3 TMR_ADVERTISE -> TMR_DELAY armed           11 accesses (bound 11)
  C4 GM_CHANGE -> TMR_DELAY armed               11 accesses (bound 11)
  C5 LINK_DOWN -> timer cancelled                9 accesses (bound 11)
  C6 SHUTDOWN -> ENTITY_DEPARTING committed     29 accesses (bound 29)
  [FAIL] E1 the loop does not sleep while a frame is owed         got=0x11 exp=0x1
  [FAIL] E3 then the loop sleeps, and the TMR_ADVERTISE expiry wakes it
  [FAIL] E4 nothing stranded: no frame owed, the loop sleeps, and the TMR_ADVERTISE expiry wakes it
  E5 1 SHUTDOWNs, expiry taken before the room: room to ENTITY_AVAILABLE  63 accesses (bound 1628)
  E5 1 SHUTDOWNs, expiry taken after the room: room to ENTITY_AVAILABLE  69 accesses (bound 1628)
  E5 2 SHUTDOWNs, expiry taken before the room: room to ENTITY_AVAILABLE  93 accesses (bound 1628)
  E5 2 SHUTDOWNs, expiry taken after the room: room to ENTITY_AVAILABLE  99 accesses (bound 1628)
  E5 64 SHUTDOWNs, expiry taken before the room: room to ENTITY_AVAILABLE  93 accesses (bound 1628)
  E5 64 SHUTDOWNs, expiry taken after the room: room to ENTITY_AVAILABLE  99 accesses (bound 1628)
  backlog: 16 event records, 30 centiseconds, 28 receive records
  passes: events by 2, ENTITY_AVAILABLE in 2 (175 accesses), receive ring by 14 (457 accesses), idle at 15; worst pass 105 accesses
  F5 the costliest pass of the backlog         105 accesses (bound 407)
== ctrl ADP slice (fake ports and host model): checks: 163   failures: 4 ==
RESULT: FAIL
