{
  "result": "REFUSED",
  "missing": [
    {
      "kind": "source",
      "reference": "$WORKSPACE_HOME/litex-milan/pythondata-cpu-vexiiriscv/pythondata_cpu_vexiiriscv/verilog/Ram_1w_1rs_Generic.v"
    },
    {
      "kind": "source",
      "reference": "$WORKSPACE_HOME/litex-milan/pythondata-cpu-vexiiriscv/pythondata_cpu_vexiiriscv/verilog/Ram_1w_1ra_Generic.v"
    },
    {
      "kind": "source",
      "reference": "$WORKSPACE_HOME/litex-milan/pythondata-cpu-vexiiriscv/pythondata_cpu_vexiiriscv/verilog/VexiiRiscvLitex_f5f08b170311db53220574624f819159.v"
    },
    {
      "kind": "source",
      "reference": "$VALIDATION_STORAGE/pp163-a553/meas/ax7101/gateware/alinx_ax7101.v"
    }
  ],
  "expected_inputs_sha256": "24ba6a244a83a0b764e6de5131a9c94752135f01ecab5afad83258c7b4767be1"
}
