## merge parents: 39571196045ddcc881f9ad0957742537175441d6 8b61b70902f3ebf118e56967277e2686731081bd
## automatic merge of the two parents (conflicts would make rc != 0)
rc=0 auto_tree=c7fa1f7716085a9ff22a6f93be96ea6145bb731c
recorded merge tree=c7fa1f7716085a9ff22a6f93be96ea6145bb731c
MERGE TREE == AUTOMATIC MERGE: yes
## lane diff over dev (8b61b70902f3ebf118e56967277e2686731081bd..0df486370990fddf9b60096be2f2371150692a10), hunk positions normalised: e2aa55f8f448f49395bfb0098f63c3f12697b29c41539ab5497b795a1f41eaf0
## lane diff over base (6aa25dec977c6ad78bf4ff6275de47fb81d0c246..39571196045ddcc881f9ad0957742537175441d6), hunk positions normalised: e2aa55f8f448f49395bfb0098f63c3f12697b29c41539ab5497b795a1f41eaf0
LANE DIFF IDENTICAL OVER DEV AND OVER BASE: yes
## files in the lane diff over dev
docs/design/MAAP_FABRIC.md
hdl/ieee1722/maap/KL_maap.sv
hdl/ieee1722/maap/doc/KL_maap/KL_maap.md
hdl/milan/milan_datapath.sv
sw/firmware/ctrl/maap/README.md
sw/firmware/ctrl/test/maap_differential.py
sw/firmware/ctrl/test/test_maap_differential.cpp
tb/verilator/maap/Makefile
tb/verilator/maap/integration.mk
tb/verilator/maap/mutants.py
tb/verilator/maap/sim_integration.cpp
tb/verilator/maap/sim_main.cpp
## files changed after the merge (merge..head)
docs/design/AREA_BUDGET.md
docs/findings/234_PP_SHADOW_AREA_BASELINE.md
syn/ooc/pp_resource_baseline.json
## gitlinks: head vs dev
head=ba36601037865dc1 dev=ba36601037865dc1 EQUAL
