built base-1x1
built base-8x8
built tracked-1x1
built mut-M01_taint_ignored
built mut-M02_clear_at_latch
built mut-M03_clear_wins_same_edge
built mut-M04_clear_by_group
built mut-M05_latch_ignores_program
built mut-M06_identify_is_a_change
built mut-M08_restore_skips_image_check
built mut-M09_apply_blindly
built mut-M10_fmt_full_judge
built mut-M11_no_orphan_check
built mut-M12_no_revert_before_readd
built mut-M13_restore_applies_nothing
built mut-G01_pend_misses_d3
built mut-G02_restore_done_without_d3
built mut-G03_restore_writes_are_changes
built mut-M14_clear_by_index
built mut-M15_overflow_forgets_the_change
built mut-M17_trigger_misses_ptof
built mut-M18_trigger_misses_names
built mut-M19_trigger_misses_out_maps
built mut-M16_single_pass_restore
built mut-G04_blank_ignores_d3
built mut-A01_grant_cycle_not_busy
built mut-F01_old_boot_order
