seed 22 cycles 1000000 resets 25 mismatching_cycles 0
  ctl_ready_o              active     700298 mismatch 0
  txop_done_o              active      19865 mismatch 0
  ev_valid_o               active       7768 mismatch 0
  ev_app_o                 active          0 mismatch 0
  ev_attr_type_o           active     999996 mismatch 0
  ev_event_o               active     812833 mismatch 0
  ev_fourpack_o            active     358980 mismatch 0
  ev_value_o               active     994127 mismatch 0
  user_valid_o             active     270073 mismatch 0
  user_join_o              active     134678 mismatch 0
  user_vid_o               active     270014 mismatch 0
  arm_valid_o              active        844 mismatch 0
  arm_cancel_o             active     792081 mismatch 0
  arm_slot_o               active     519417 mismatch 0
  arm_owner_o              active     959491 mismatch 0
  arm_deadline_ms_o        active     959491 mismatch 0
  evt_tk_registered_o      active       5570 mismatch 0
  evt_tk_unregistered_o    active        185 mismatch 0
  evt_tk_fail_chg_o        active         98 mismatch 0
  evt_tk_latency_chg_o     active       5765 mismatch 0
  tk_reg_state_o           active      61050 mismatch 0
  lstn_decl_state_o        active      55993 mismatch 0
  acc_latency_o            active      62745 mismatch 0
  msrp_fail_code_o         active      30025 mismatch 0
  msrp_fail_bridge_o       active      32382 mismatch 0
  dbg_app_state_o          active     257742 mismatch 0
  dbg_reg_state_o          active      61050 mismatch 0
