Test project $PACKET/scratch/reversals-OFF/build
    Start 1: unit
1/1 Test #1: unit .............................***Failed    0.07 sec
Running "main" (60 tests)...
  "mrp_pdu_suite": 1690 passes in 12ms.
  "timer_suite": 14 passes in 2ms.
  "msrp_values_suite": 23 passes in 2ms.
  "receive_suite": 83 passes in 3ms.
  "transmit_suite": 106 passes in 5ms.
$PACKET/scratch/reversals-OFF/source/tests/unit/integration_test.c:100: Failure: integration_suite -> msrp_leaveall_changes_only_the_message_type_and_port 
	Expected [after[port].appl[type]] to [equal] [before[port].appl[type]]
		actual value:			[11]
		expected value:			[0]

$PACKET/scratch/reversals-OFF/source/tests/unit/integration_test.c:101: Failure: integration_suite -> msrp_leaveall_changes_only_the_message_type_and_port 
	Expected [after[port].reg[type]] to [equal] [before[port].reg[type]]
		actual value:			[1]
		expected value:			[0]

$PACKET/scratch/reversals-OFF/source/tests/unit/integration_test.c:100: Failure: integration_suite -> msrp_leaveall_changes_only_the_message_type_and_port 
	Expected [after[port].appl[type]] to [equal] [before[port].appl[type]]
		actual value:			[11]
		expected value:			[0]

$PACKET/scratch/reversals-OFF/source/tests/unit/integration_test.c:101: Failure: integration_suite -> msrp_leaveall_changes_only_the_message_type_and_port 
	Expected [after[port].reg[type]] to [equal] [before[port].reg[type]]
		actual value:			[1]
		expected value:			[0]

$PACKET/scratch/reversals-OFF/source/tests/unit/integration_test.c:100: Failure: integration_suite -> msrp_leaveall_changes_only_the_message_type_and_port 
	Expected [after[port].appl[type]] to [equal] [before[port].appl[type]]
		actual value:			[11]
		expected value:			[0]

$PACKET/scratch/reversals-OFF/source/tests/unit/integration_test.c:101: Failure: integration_suite -> msrp_leaveall_changes_only_the_message_type_and_port 
	Expected [after[port].reg[type]] to [equal] [before[port].reg[type]]
		actual value:			[1]
		expected value:			[0]

$PACKET/scratch/reversals-OFF/source/tests/unit/integration_test.c:100: Failure: integration_suite -> msrp_leaveall_changes_only_the_message_type_and_port 
	Expected [after[port].appl[type]] to [equal] [before[port].appl[type]]
		actual value:			[11]
		expected value:			[0]

$PACKET/scratch/reversals-OFF/source/tests/unit/integration_test.c:101: Failure: integration_suite -> msrp_leaveall_changes_only_the_message_type_and_port 
	Expected [after[port].reg[type]] to [equal] [before[port].reg[type]]
		actual value:			[1]
		expected value:			[0]

$PACKET/scratch/reversals-OFF/source/tests/unit/integration_test.c:100: Failure: integration_suite -> msrp_leaveall_changes_only_the_message_type_and_port 
	Expected [after[port].appl[type]] to [equal] [before[port].appl[type]]
		actual value:			[11]
		expected value:			[0]

$PACKET/scratch/reversals-OFF/source/tests/unit/integration_test.c:101: Failure: integration_suite -> msrp_leaveall_changes_only_the_message_type_and_port 
	Expected [after[port].reg[type]] to [equal] [before[port].reg[type]]
		actual value:			[1]
		expected value:			[0]

$PACKET/scratch/reversals-OFF/source/tests/unit/integration_test.c:100: Failure: integration_suite -> msrp_leaveall_changes_only_the_message_type_and_port 
	Expected [after[port].appl[type]] to [equal] [before[port].appl[type]]
		actual value:			[11]
		expected value:			[0]

$PACKET/scratch/reversals-OFF/source/tests/unit/integration_test.c:101: Failure: integration_suite -> msrp_leaveall_changes_only_the_message_type_and_port 
	Expected [after[port].reg[type]] to [equal] [before[port].reg[type]]
		actual value:			[1]
		expected value:			[0]

$PACKET/scratch/reversals-OFF/source/tests/unit/integration_test.c:100: Failure: integration_suite -> msrp_leaveall_changes_only_the_message_type_and_port 
	Expected [after[port].appl[type]] to [equal] [before[port].appl[type]]
		actual value:			[11]
		expected value:			[0]

$PACKET/scratch/reversals-OFF/source/tests/unit/integration_test.c:101: Failure: integration_suite -> msrp_leaveall_changes_only_the_message_type_and_port 
	Expected [after[port].reg[type]] to [equal] [before[port].reg[type]]
		actual value:			[1]
		expected value:			[0]

$PACKET/scratch/reversals-OFF/source/tests/unit/integration_test.c:100: Failure: integration_suite -> msrp_leaveall_changes_only_the_message_type_and_port 
	Expected [after[port].appl[type]] to [equal] [before[port].appl[type]]
		actual value:			[11]
		expected value:			[0]

$PACKET/scratch/reversals-OFF/source/tests/unit/integration_test.c:101: Failure: integration_suite -> msrp_leaveall_changes_only_the_message_type_and_port 
	Expected [after[port].reg[type]] to [equal] [before[port].reg[type]]
		actual value:			[1]
		expected value:			[0]

$PACKET/scratch/reversals-OFF/source/tests/unit/integration_test.c:100: Failure: integration_suite -> msrp_leaveall_changes_only_the_message_type_and_port 
	Expected [after[port].appl[type]] to [equal] [before[port].appl[type]]
		actual value:			[11]
		expected value:			[0]

$PACKET/scratch/reversals-OFF/source/tests/unit/integration_test.c:101: Failure: integration_suite -> msrp_leaveall_changes_only_the_message_type_and_port 
	Expected [after[port].reg[type]] to [equal] [before[port].reg[type]]
		actual value:			[1]
		expected value:			[0]

$PACKET/scratch/reversals-OFF/source/tests/unit/integration_test.c:100: Failure: integration_suite -> msrp_leaveall_changes_only_the_message_type_and_port 
	Expected [after[port].appl[type]] to [equal] [before[port].appl[type]]
		actual value:			[11]
		expected value:			[0]

$PACKET/scratch/reversals-OFF/source/tests/unit/integration_test.c:101: Failure: integration_suite -> msrp_leaveall_changes_only_the_message_type_and_port 
	Expected [after[port].reg[type]] to [equal] [before[port].reg[type]]
		actual value:			[1]
		expected value:			[0]

$PACKET/scratch/reversals-OFF/source/tests/unit/integration_test.c:100: Failure: integration_suite -> msrp_leaveall_changes_only_the_message_type_and_port 
	Expected [after[port].appl[type]] to [equal] [before[port].appl[type]]
		actual value:			[11]
		expected value:			[0]

$PACKET/scratch/reversals-OFF/source/tests/unit/integration_test.c:101: Failure: integration_suite -> msrp_leaveall_changes_only_the_message_type_and_port 
	Expected [after[port].reg[type]] to [equal] [before[port].reg[type]]
		actual value:			[1]
		expected value:			[0]

$PACKET/scratch/reversals-OFF/source/tests/unit/integration_test.c:100: Failure: integration_suite -> msrp_leaveall_changes_only_the_message_type_and_port 
	Expected [after[port].appl[type]] to [equal] [before[port].appl[type]]
		actual value:			[11]
		expected value:			[0]

$PACKET/scratch/reversals-OFF/source/tests/unit/integration_test.c:101: Failure: integration_suite -> msrp_leaveall_changes_only_the_message_type_and_port 
	Expected [after[port].reg[type]] to [equal] [before[port].reg[type]]
		actual value:			[1]
		expected value:			[0]

$PACKET/scratch/reversals-OFF/source/tests/unit/integration_test.c:100: Failure: integration_suite -> mmrp_leaveall_changes_only_the_message_type_and_port 
	Expected [after[port].appl[type]] to [equal] [before[port].appl[type]]
		actual value:			[11]
		expected value:			[0]

$PACKET/scratch/reversals-OFF/source/tests/unit/integration_test.c:101: Failure: integration_suite -> mmrp_leaveall_changes_only_the_message_type_and_port 
	Expected [after[port].reg[type]] to [equal] [before[port].reg[type]]
		actual value:			[1]
		expected value:			[0]

$PACKET/scratch/reversals-OFF/source/tests/unit/integration_test.c:100: Failure: integration_suite -> mmrp_leaveall_changes_only_the_message_type_and_port 
	Expected [after[port].appl[type]] to [equal] [before[port].appl[type]]
		actual value:			[11]
		expected value:			[0]

$PACKET/scratch/reversals-OFF/source/tests/unit/integration_test.c:101: Failure: integration_suite -> mmrp_leaveall_changes_only_the_message_type_and_port 
	Expected [after[port].reg[type]] to [equal] [before[port].reg[type]]
		actual value:			[1]
		expected value:			[0]

  "integration_suite": 343 passes, 28 failures in 11ms.
  "milan_suite": 442 passes in 9ms.
  "boundaries_suite": 1167 passes in 18ms.
Completed "main": 3868 passes, 28 failures in 62ms.


0% tests passed, 1 tests failed out of 1

Total Test time (real) =   0.07 sec

The following tests FAILED:
	  1 - unit (Failed)
Errors while running CTest
