wrote $REVIEWS/665f5-r564-4-packet/scratch/img-8x8-if2/contract/KL_mbx_pkg.sv (2 interfaces)
wrote $REVIEWS/665f5-r564-4-packet/scratch/img-8x8-if2/contract/KL_mbx.sv (2 interfaces)
wrote $REVIEWS/665f5-r564-4-packet/scratch/img-8x8-if2/contract/mbx_contract.h (2 interfaces)
{
  "shape": "endstation_ax7101_8x8",
  "interfaces": 2,
  "srp": true,
  "aecp": true,
  "sections": {
    ".text": 84356,
    ".rodata": 25158,
    ".data": 448,
    ".bss": 103556,
    ".stack": 8192,
    ".riscv.attributes": 28
  },
  "static_storage": {
    "image_acmp": 88,
    "image_aecp": 3120,
    "image_aecp_bridge": 120,
    "image_aecp_environment": 52,
    "image_allocation": 16,
    "image_app": 9640,
    "image_arena": 48064,
    "image_binding": 40,
    "image_descriptors": 1984,
    "image_entity": 40,
    "image_env": 24,
    "image_events": 2480,
    "image_latency": 36,
    "image_licences": 18,
    "image_map_pools": 448,
    "image_maps": 4608,
    "image_map_scratch": 576,
    "image_model": 12,
    "image_names": 1284,
    "image_sources": 576,
    "image_srp": 5864,
    "image_state": 84,
    "image_values": 11753
  },
  "artifacts": [
    {
      "name": "libc.a",
      "size": 5478,
      "sha256": "725a2bf9b5b0068e2257ffbc0d49ae06e8043ca2c7c314d99db38a9b048b791d"
    },
    {
      "name": "libcompiler_rt.a",
      "size": 29128,
      "sha256": "f6ce5233879cc22400f754030753413a82886d90cc956c47aa111244be3dd363"
    },
    {
      "name": "ctrl_app.elf",
      "size": 136544,
      "sha256": "816d191443e9d4f6117ec1e613213710f068538331761f9aa363f6730f614283"
    },
    {
      "name": "ctrl_app.map",
      "size": 132440,
      "sha256": "f26e0594448c63336505addf2ec863ff4ae931ca085de9a1c470c21de3aa8b99"
    }
  ],
  "ram_sections": 221710,
  "ram_span": 221728
}
