Milan baremetal: CSR ID=4d494c4e VERSION=00020059, RV32I machine mode, no MMU/cache.
Milan NVM: slot A VD_BLANK seq 0, slot B VD_BLANK seq 0; offered - seq 0 (VD_BLANK), 3264 B at 0xc2888fc0; walk done=1 fail=0 blank=1 backed=1.
Milan baremetal: AEM 4 B copied QSPI +0x00400000 -> 0xc2799fc0, CRC 3e6a6713.
Milan baremetal: fabric entity enabled; UART diagnostics ready.
OBS {"tag":"boot","cycle":30155,"ms":30,"stat":3271594212,"capid":0,"backed":1,"dirty_pub":0,"stale":0,"pend":0,"unres":0,"verdict":9,"img_valid":1,"alarm":0,"mgr_dirty":0,"port_busy":0,"dev_busy":0,"restore_done":1,"restore_fail":0,"blank":1,"dyn_dirty":0,"dyn_fmt0":"0x0000000000000000","dyn_fmt0_v":0,"erases":0,"programs":0,"hb":1,"hb_max_gap_ms":0,"losses":0,"bad101":0,"mem_accepts":0,"mem_errs":0,"own":[0,0,0,0,0,0,0,0],"preloads":[]}
Milan NVM: commit (dirty) seq 1 -> slot A, 3264 B, capture 1 acknowledged.
OBS {"tag":"base","cycle":2230215,"ms":2230,"stat":3271557348,"capid":1,"backed":1,"dirty_pub":0,"stale":0,"pend":0,"unres":0,"verdict":0,"img_valid":1,"alarm":0,"mgr_dirty":0,"port_busy":0,"dev_busy":0,"restore_done":1,"restore_fail":0,"blank":1,"dyn_dirty":0,"dyn_fmt0":"0x0000000000000000","dyn_fmt0_v":0,"erases":1,"programs":13,"hb":9,"hb_max_gap_ms":250,"losses":0,"bad101":0,"mem_accepts":112,"mem_errs":0,"own":[0,0,0,0,0,0,0,0],"preloads":[]}
OBS {"tag":"before","cycle":2830305,"ms":2830,"stat":3271557604,"capid":1,"backed":1,"dirty_pub":1,"stale":0,"pend":0,"unres":0,"verdict":0,"img_valid":1,"alarm":0,"mgr_dirty":0,"port_busy":0,"dev_busy":0,"restore_done":1,"restore_fail":0,"blank":1,"dyn_dirty":0,"dyn_fmt0":"0x0000000000000000","dyn_fmt0_v":0,"erases":1,"programs":13,"hb":12,"hb_max_gap_ms":250,"losses":0,"bad101":0,"mem_accepts":168,"mem_errs":0,"own":[0,0,0,0,0,0,0,0],"preloads":[]}
Milan NVM: writer restarted on a live backend; re-attached, the window is not reloaded.
Milan NVM: slot A VD_OK seq 1, slot B VD_BLANK seq 0; offered A seq 1 (VD_OK), 3264 B at 0xc2888fc0; walk done=1 fail=0 blank=1 backed=1.
OBS {"tag":"restarted","cycle":2830316,"ms":2830,"stat":3271557604,"capid":1,"backed":1,"dirty_pub":1,"stale":0,"pend":0,"unres":0,"verdict":0,"img_valid":1,"alarm":0,"mgr_dirty":0,"port_busy":0,"dev_busy":0,"restore_done":1,"restore_fail":0,"blank":1,"dyn_dirty":0,"dyn_fmt0":"0x0000000000000000","dyn_fmt0_v":0,"erases":1,"programs":13,"hb":12,"hb_max_gap_ms":250,"losses":0,"bad101":0,"mem_accepts":168,"mem_errs":0,"own":[0,0,0,0,0,0,0,0],"preloads":[]}
Milan NVM: commit (dirty) seq 2 -> slot B, 3264 B, capture 2 acknowledged.
OBS {"tag":"end","cycle":5830355,"ms":5830,"stat":3271557348,"capid":2,"backed":1,"dirty_pub":0,"stale":0,"pend":0,"unres":0,"verdict":0,"img_valid":1,"alarm":0,"mgr_dirty":0,"port_busy":0,"dev_busy":0,"restore_done":1,"restore_fail":0,"blank":1,"dyn_dirty":0,"dyn_fmt0":"0x0000000000000000","dyn_fmt0_v":0,"erases":2,"programs":26,"hb":24,"hb_max_gap_ms":250,"losses":0,"bad101":0,"mem_accepts":168,"mem_errs":0,"own":[0,0,0,0,0,0,0,0],"preloads":[]}
EVT {"k":"op","src":"port","op":0,"rid":32,"req":64,"gnt":65,"end":88,"res":"done","bytes":0}
EVT {"k":"op","src":"port","op":0,"rid":33,"req":92,"gnt":93,"end":116,"res":"done","bytes":0}
EVT {"k":"op","src":"port","op":2,"rid":32,"req":530047,"gnt":530048,"end":530161,"res":"done","bytes":28}
EVT {"k":"op","src":"port","op":1,"rid":32,"req":530162,"gnt":530163,"end":530305,"res":"done","bytes":28}
EVT {"k":"op","src":"port","op":2,"rid":33,"req":530346,"gnt":530347,"end":530460,"res":"done","bytes":28}
EVT {"k":"op","src":"port","op":1,"rid":33,"req":530461,"gnt":530462,"end":530604,"res":"done","bytes":28}
EVT {"k":"op","src":"port","op":2,"rid":32,"req":2730047,"gnt":2730048,"end":2730161,"res":"done","bytes":28}
EVT {"k":"op","src":"port","op":1,"rid":32,"req":2730162,"gnt":2730163,"end":2730305,"res":"done","bytes":28}
EVT {"k":"strobe","cyc":43,"v":64,"stray":0}
EVT {"k":"strobe","cyc":70,"v":1,"stray":0}
EVT {"k":"strobe","cyc":250161,"v":1,"stray":0}
EVT {"k":"strobe","cyc":500183,"v":1,"stray":0}
EVT {"k":"strobe","cyc":750197,"v":1,"stray":0}
EVT {"k":"strobe","cyc":1000209,"v":1,"stray":0}
EVT {"k":"strobe","cyc":1250221,"v":1,"stray":0}
EVT {"k":"strobe","cyc":1500233,"v":1,"stray":0}
EVT {"k":"strobe","cyc":1530464,"v":8,"stray":0}
EVT {"k":"strobe","cyc":1530485,"v":16,"stray":0}
EVT {"k":"strobe","cyc":1530698,"v":4,"stray":0}
EVT {"k":"strobe","cyc":1566233,"v":65538,"stray":0}
EVT {"k":"strobe","cyc":1750267,"v":1,"stray":0}
EVT {"k":"strobe","cyc":2000289,"v":1,"stray":0}
EVT {"k":"strobe","cyc":2250312,"v":1,"stray":0}
EVT {"k":"strobe","cyc":2500334,"v":1,"stray":0}
EVT {"k":"strobe","cyc":2750386,"v":1,"stray":0}
EVT {"k":"strobe","cyc":2830307,"v":32,"stray":0}
EVT {"k":"strobe","cyc":2830324,"v":1,"stray":0}
EVT {"k":"strobe","cyc":3080336,"v":1,"stray":0}
EVT {"k":"strobe","cyc":3330348,"v":1,"stray":0}
EVT {"k":"strobe","cyc":3580360,"v":1,"stray":0}
EVT {"k":"strobe","cyc":3830372,"v":1,"stray":0}
EVT {"k":"strobe","cyc":3830382,"v":8,"stray":0}
EVT {"k":"strobe","cyc":3830403,"v":16,"stray":0}
EVT {"k":"strobe","cyc":3830616,"v":4,"stray":0}
EVT {"k":"strobe","cyc":3866151,"v":131074,"stray":0}
EVT {"k":"strobe","cyc":4080425,"v":1,"stray":0}
EVT {"k":"strobe","cyc":4330447,"v":1,"stray":0}
EVT {"k":"strobe","cyc":4580469,"v":1,"stray":0}
EVT {"k":"strobe","cyc":4830491,"v":1,"stray":0}
EVT {"k":"strobe","cyc":5080513,"v":1,"stray":0}
EVT {"k":"strobe","cyc":5330535,"v":1,"stray":0}
EVT {"k":"strobe","cyc":5580557,"v":1,"stray":0}
EVT {"k":"hook","name":"s_reload","n":1,"cyc":43,"v":64}
EVT {"k":"hook","name":"w_seq","n":1,"cyc":47,"v":0}
EVT {"k":"hook","name":"w_stat","n":1,"cyc":50,"v":25}
EVT {"k":"hook","name":"s_arm","n":1,"cyc":1530464,"v":8}
EVT {"k":"hook","name":"sel_own0","n":1,"cyc":1530469,"v":8}
EVT {"k":"hook","name":"sel_own1","n":1,"cyc":1530471,"v":9}
EVT {"k":"hook","name":"sel_own2","n":1,"cyc":1530473,"v":10}
EVT {"k":"hook","name":"sel_own3","n":1,"cyc":1530475,"v":11}
EVT {"k":"hook","name":"sel_own4","n":1,"cyc":1530477,"v":12}
EVT {"k":"hook","name":"sel_own5","n":1,"cyc":1530479,"v":13}
EVT {"k":"hook","name":"sel_own6","n":1,"cyc":1530481,"v":14}
EVT {"k":"hook","name":"sel_own7","n":1,"cyc":1530483,"v":15}
EVT {"k":"hook","name":"s_attest","n":1,"cyc":1530485,"v":16}
EVT {"k":"hook","name":"s_start","n":1,"cyc":1530698,"v":4}
EVT {"k":"hook","name":"f_erase","n":1,"cyc":1530699,"v":15597568}
EVT {"k":"hook","name":"f_program","n":1,"cyc":1550702,"v":15597568}
EVT {"k":"hook","name":"f_program","n":2,"cyc":1551892,"v":15597824}
EVT {"k":"hook","name":"f_program","n":3,"cyc":1553080,"v":15598080}
EVT {"k":"hook","name":"f_program","n":4,"cyc":1554268,"v":15598336}
EVT {"k":"hook","name":"f_program","n":5,"cyc":1555456,"v":15598592}
EVT {"k":"hook","name":"f_program","n":6,"cyc":1556644,"v":15598848}
EVT {"k":"hook","name":"f_program","n":7,"cyc":1557832,"v":15599104}
EVT {"k":"hook","name":"f_program","n":8,"cyc":1559020,"v":15599360}
EVT {"k":"hook","name":"f_program","n":9,"cyc":1560208,"v":15599616}
EVT {"k":"hook","name":"f_program","n":10,"cyc":1561396,"v":15599872}
EVT {"k":"hook","name":"f_program","n":11,"cyc":1562584,"v":15600128}
EVT {"k":"hook","name":"f_program","n":12,"cyc":1563772,"v":15600384}
EVT {"k":"hook","name":"f_program","n":13,"cyc":1564960,"v":15600640}
EVT {"k":"hook","name":"w_seq","n":2,"cyc":1566228,"v":1}
EVT {"k":"hook","name":"w_stat","n":2,"cyc":1566231,"v":16}
EVT {"k":"hook","name":"s_ack","n":1,"cyc":1566233,"v":65538}
EVT {"k":"hook","name":"s_release","n":1,"cyc":2830307,"v":32}
EVT {"k":"hook","name":"w_seq","n":3,"cyc":2830310,"v":1}
EVT {"k":"hook","name":"w_stat","n":3,"cyc":2830313,"v":16}
EVT {"k":"hook","name":"s_arm","n":2,"cyc":3830382,"v":8}
EVT {"k":"hook","name":"sel_own0","n":2,"cyc":3830387,"v":8}
EVT {"k":"hook","name":"sel_own1","n":2,"cyc":3830389,"v":9}
EVT {"k":"hook","name":"sel_own2","n":2,"cyc":3830391,"v":10}
EVT {"k":"hook","name":"sel_own3","n":2,"cyc":3830393,"v":11}
EVT {"k":"hook","name":"sel_own4","n":2,"cyc":3830395,"v":12}
EVT {"k":"hook","name":"sel_own5","n":2,"cyc":3830397,"v":13}
EVT {"k":"hook","name":"sel_own6","n":2,"cyc":3830399,"v":14}
EVT {"k":"hook","name":"sel_own7","n":2,"cyc":3830401,"v":15}
EVT {"k":"hook","name":"s_attest","n":2,"cyc":3830403,"v":16}
EVT {"k":"hook","name":"s_start","n":2,"cyc":3830616,"v":4}
EVT {"k":"hook","name":"f_erase","n":2,"cyc":3830617,"v":15663104}
EVT {"k":"hook","name":"f_program","n":14,"cyc":3850620,"v":15663104}
EVT {"k":"hook","name":"f_program","n":15,"cyc":3851810,"v":15663360}
EVT {"k":"hook","name":"f_program","n":16,"cyc":3852998,"v":15663616}
EVT {"k":"hook","name":"f_program","n":17,"cyc":3854186,"v":15663872}
EVT {"k":"hook","name":"f_program","n":18,"cyc":3855374,"v":15664128}
EVT {"k":"hook","name":"f_program","n":19,"cyc":3856562,"v":15664384}
EVT {"k":"hook","name":"f_program","n":20,"cyc":3857750,"v":15664640}
EVT {"k":"hook","name":"f_program","n":21,"cyc":3858938,"v":15664896}
EVT {"k":"hook","name":"f_program","n":22,"cyc":3860126,"v":15665152}
EVT {"k":"hook","name":"f_program","n":23,"cyc":3861314,"v":15665408}
EVT {"k":"hook","name":"f_program","n":24,"cyc":3862502,"v":15665664}
EVT {"k":"hook","name":"f_program","n":25,"cyc":3863690,"v":15665920}
EVT {"k":"hook","name":"f_program","n":26,"cyc":3864878,"v":15666176}
EVT {"k":"hook","name":"w_seq","n":4,"cyc":3866146,"v":2}
EVT {"k":"hook","name":"w_stat","n":4,"cyc":3866149,"v":16}
EVT {"k":"hook","name":"s_ack","n":2,"cyc":3866151,"v":131074}
CASE_DONE W1_writer_restart_reattaches hooks_pending=0
