{"mutant": "golden-aecp_notify-run", "verdict": "PASS"}
{"mutant": "golden-originator-run", "verdict": "PASS"}
{"mutant": "golden-pp_top-spacing-only", "verdict": "PASS"}
{"mutant": "inflight_shared_seq", "verdict": "KILLED", "missing": []}
{"mutant": "inflight_cancel_keeps_timer", "verdict": "KILLED", "missing": []}
{"mutant": "inflight_match_ignores_seq", "verdict": "KILLED", "missing": []}
{"mutant": "inflight_highest_free_id", "verdict": "KILLED", "missing": []}
{"mutant": "ix_old_identity_kept", "verdict": "KILLED", "missing": []}
{"mutant": "ix_rewrite_unmatched", "verdict": "KILLED", "missing": []}
{"mutant": "ix_new_identity_unset", "verdict": "KILLED", "missing": []}
{"mutant": "ix_last_chunk_ignored", "verdict": "KILLED", "missing": []}
{"mutant": "override_set_only", "verdict": "KILLED", "missing": []}
{"mutant": "own_compare_new_row", "verdict": "KILLED", "missing": []}
{"mutant": "stamp_read_without_valid", "verdict": "KILLED", "missing": []}
{"mutant": "counter_stamp_at_send_only", "verdict": "KILLED", "missing": []}
{"mutant": "counter_spacing_from_selection_tw", "verdict": "KILLED", "missing": []}
{"mutant": "registry_holds_15_cs", "verdict": "KILLED", "missing": []}
{"mutant": "counter_stamp_first_job_only", "verdict": "KILLED", "missing": []}
{"mutant": "counter_spacing_from_selection", "verdict": "KILLED", "missing": []}
{"mutant": "counter_limit_500ms_cs", "verdict": "KILLED", "missing": []}
C6 notification mutations: 17 of 17 KILLED by their named checks; goldens PASS
