Note: Google Test filter = Srp.FinalDomainVidUnbindKeepsSrClassMembership
[==========] Running 1 test from 1 test suite.
[----------] Global test environment set-up.
[----------] 1 test from Srp
[ RUN      ] Srp.FinalDomainVidUnbindKeepsSrClassMembership
$REVIEWS/r533-4-665f4/sw/firmware/ctrl/test/srp_mbx.cpp:907: Failure
Expected: (d.event) != (5u), actual: 5 vs 5
final unbind must retain the Domain VID
Google Test trace:
$REVIEWS/r533-4-665f4/sw/firmware/ctrl/test/srp_mbx.cpp:895: 0/2/0

  [FAIL] Srp.FinalDomainVidUnbindKeepsSrClassMembership: $REVIEWS/r533-4-665f4/sw/firmware/ctrl/test/srp_mbx.cpp:895: 0/2/0
$REVIEWS/r533-4-665f4/sw/firmware/ctrl/test/srp_mbx.cpp:916: Failure
Value of: vlan_renewed
  Actual: false
Expected: true
SR class membership still renews after unbind
Google Test trace:
$REVIEWS/r533-4-665f4/sw/firmware/ctrl/test/srp_mbx.cpp:895: 0/2/0

  [FAIL] Srp.FinalDomainVidUnbindKeepsSrClassMembership: $REVIEWS/r533-4-665f4/sw/firmware/ctrl/test/srp_mbx.cpp:895: 0/2/0
$REVIEWS/r533-4-665f4/sw/firmware/ctrl/test/srp_mbx.cpp:907: Failure
Expected: (d.event) != (5u), actual: 5 vs 5
final unbind must retain the Domain VID
Google Test trace:
$REVIEWS/r533-4-665f4/sw/firmware/ctrl/test/srp_mbx.cpp:895: 0/2/1

  [FAIL] Srp.FinalDomainVidUnbindKeepsSrClassMembership: $REVIEWS/r533-4-665f4/sw/firmware/ctrl/test/srp_mbx.cpp:895: 0/2/1
$REVIEWS/r533-4-665f4/sw/firmware/ctrl/test/srp_mbx.cpp:916: Failure
Value of: vlan_renewed
  Actual: false
Expected: true
SR class membership still renews after unbind
Google Test trace:
$REVIEWS/r533-4-665f4/sw/firmware/ctrl/test/srp_mbx.cpp:895: 0/2/1

  [FAIL] Srp.FinalDomainVidUnbindKeepsSrClassMembership: $REVIEWS/r533-4-665f4/sw/firmware/ctrl/test/srp_mbx.cpp:895: 0/2/1
$REVIEWS/r533-4-665f4/sw/firmware/ctrl/test/srp_mbx.cpp:907: Failure
Expected: (d.event) != (5u), actual: 5 vs 5
final unbind must retain the Domain VID
Google Test trace:
$REVIEWS/r533-4-665f4/sw/firmware/ctrl/test/srp_mbx.cpp:895: 0/7/0

  [FAIL] Srp.FinalDomainVidUnbindKeepsSrClassMembership: $REVIEWS/r533-4-665f4/sw/firmware/ctrl/test/srp_mbx.cpp:895: 0/7/0
$REVIEWS/r533-4-665f4/sw/firmware/ctrl/test/srp_mbx.cpp:916: Failure
Value of: vlan_renewed
  Actual: false
Expected: true
SR class membership still renews after unbind
Google Test trace:
$REVIEWS/r533-4-665f4/sw/firmware/ctrl/test/srp_mbx.cpp:895: 0/7/0

  [FAIL] Srp.FinalDomainVidUnbindKeepsSrClassMembership: $REVIEWS/r533-4-665f4/sw/firmware/ctrl/test/srp_mbx.cpp:895: 0/7/0
$REVIEWS/r533-4-665f4/sw/firmware/ctrl/test/srp_mbx.cpp:907: Failure
Expected: (d.event) != (5u), actual: 5 vs 5
final unbind must retain the Domain VID
Google Test trace:
$REVIEWS/r533-4-665f4/sw/firmware/ctrl/test/srp_mbx.cpp:895: 0/7/1

  [FAIL] Srp.FinalDomainVidUnbindKeepsSrClassMembership: $REVIEWS/r533-4-665f4/sw/firmware/ctrl/test/srp_mbx.cpp:895: 0/7/1
$REVIEWS/r533-4-665f4/sw/firmware/ctrl/test/srp_mbx.cpp:916: Failure
Value of: vlan_renewed
  Actual: false
Expected: true
SR class membership still renews after unbind
Google Test trace:
$REVIEWS/r533-4-665f4/sw/firmware/ctrl/test/srp_mbx.cpp:895: 0/7/1

  [FAIL] Srp.FinalDomainVidUnbindKeepsSrClassMembership: $REVIEWS/r533-4-665f4/sw/firmware/ctrl/test/srp_mbx.cpp:895: 0/7/1
[  FAILED  ] Srp.FinalDomainVidUnbindKeepsSrClassMembership (2 ms)
[----------] 1 test from Srp (2 ms total)

[----------] Global test environment tear-down
[==========] 1 test from 1 test suite ran. (2 ms total)
[  PASSED  ] 0 tests.
[  FAILED  ] 1 test, listed below:
[  FAILED  ] Srp.FinalDomainVidUnbindKeepsSrClassMembership

 1 FAILED TEST
== ctrl SRP mailbox: checks: 1   failures: 1 ==
RESULT: FAIL
  verdict: FAIL (its tallies report 1 failure(s) across 1 checks, exit 1)
