LOCKSTEP MISMATCH cyc=5541 gated tk_wval
LOCKSTEP MISMATCH cyc=5542 int tk_ev_value
LOCKSTEP MISMATCH cyc=5542 gated tk_wval
LOCKSTEP MISMATCH cyc=5543 int tk_ev_value
LOCKSTEP MISMATCH cyc=5543 gated tk_wval
LOCKSTEP MISMATCH cyc=5544 int tk_ev_value
LOCKSTEP MISMATCH cyc=5544 gated tk_wval
LOCKSTEP MISMATCH cyc=5545 int tk_ev_value
LOCKSTEP MISMATCH cyc=5545 gated tk_wval
LOCKSTEP MISMATCH cyc=5546 int tk_ev_value
LOCKSTEP MISMATCH cyc=5546 gated tk_wval
LOCKSTEP MISMATCH cyc=5547 int tk_ev_value
LOCKSTEP MISMATCH cyc=5547 gated tk_wval
LOCKSTEP MISMATCH cyc=5548 int tk_ev_value
LOCKSTEP MISMATCH cyc=5548 gated tk_wval
LOCKSTEP MISMATCH cyc=5549 int tk_ev_value
LOCKSTEP MISMATCH cyc=5549 gated tk_wval
LOCKSTEP MISMATCH cyc=5550 int tk_ev_value
LOCKSTEP MISMATCH cyc=5550 gated tk_wval
LOCKSTEP SUMMARY TOP.KL_srp_top.u_lockstep M=3 N=5 cycles=500000 compared=499999 mismatching=458138 reset_cycles=53 reset_assertions=5 outputs=51 internals=40
LOCKSTEP COVER TOP.KL_srp_top.u_lockstep tk_wval=479357 ls_wval=475631 adm_slope_rd=359330 tf_head=394
LOCKSTEP FIFO TOP.KL_srp_top.u_lockstep tk: max=2 full_cycles=0 full_blocked_pushes=0 push_into_empty=156 push_with_pop=4 pops=193 | ls: max=2 full_cycles=0 full_blocked_pushes=0 push_into_empty=159 push_with_pop=6 pops=201
RAND SUMMARY M=3 N=5 seed=1 cycles=500000 compressed=0 noisy=0 pdus=2175 reqs=787 rsp_ok=719 frames=58 arms=1095 expiries=191 spurious=22 draws=495 registrations=318 resets=4
