make: Entering directory '$REVIEWS/pp131-r391-4-packet/scratch/par/parent-headedits/tb/verilator/nvm_cosim'
verilator --lint-only -Wall -Werror-USERERROR --top-module KL_nvm_backend \
  -GCLK_HZ_P=1000000 -GN_STREAM_IN_P=9 -GN_STREAM_OUT_P=9 \
  -GN_SPORT_IN_P=8 -GN_SPORT_OUT_P=8 -GN_AUDIO_UNIT_P=1 -GN_CLK_DOM_P=1 \
  -GN_NAME_P=99 -GT_HOLD_MS_P=50 -GCAP_ID_W_P=16 ../../../hdl/milan/KL_nvm_backend.sv
- V e r i l a t i o n   R e p o r t: Verilator 5.050 2026-07-01 rev v5.050
- Verilator: Built from 0.081 MB sources in 2 modules, into 0.301 MB in 3 C++ files needing 0.000 MB
- Verilator: Walltime 0.072 s (elab=0.018, cvt=0.043, bld=0.000); cpu 0.071 s on 1 threads; allocated 23.500 MB
verilator --lint-only -Wall -Wno-fatal -Werror-USERERROR --top-module cosim_top \
  +define+NVM_CONTRACT_3 \
  -GCLK_HZ_P=1000000 -GN_STREAM_IN_P=9 -GN_STREAM_OUT_P=9 \
  -GN_SPORT_IN_P=8 -GN_SPORT_OUT_P=8 -GN_AUDIO_UNIT_P=1 -GN_CLK_DOM_P=1 \
  -GN_NAME_P=99 ../../../protocol-processor/hdl/acmp/pp_acmp_pkg.sv ../../../protocol-processor/hdl/aecp/KL_aecp_dyn_state.sv ../../../protocol-processor/hdl/acmp/KL_acmp_nvm_shadow.sv ../../../protocol-processor/hdl/packet_engine/KL_pp_nvm_mgr_arb.sv ../../../protocol-processor/hdl/packet_engine/KL_pp_nvm_port.sv ../../../hdl/milan/KL_nvm_backend.sv cosim_top.sv
%Warning-PINCONNECTEMPTY: cosim_top.sv:218:8: Instance pin connected by name with empty reference: 'wr_chg_o'
  218 |       .wr_chg_o        (),
      |        ^~~~~~~~
                          ... For warning description see https://verilator.org/warn/PINCONNECTEMPTY?v=5.050
                          ... Use "/* verilator lint_off PINCONNECTEMPTY */" and lint_on around source to disable this message.
%Warning-UNUSEDSIGNAL: cosim_top.sv:73:25: Bits of signal are not used: 'cap_sink_i'[7:4]
                                         : ... note: In instance 'cosim_top'
   73 |     input  wire  [7:0]  cap_sink_i,
      |                         ^~~~~~~~~~
                       ... For warning description see https://verilator.org/warn/UNUSEDSIGNAL?v=5.050
                       ... Use "/* verilator lint_off UNUSEDSIGNAL */" and lint_on around source to disable this message.
%Warning-UNUSEDSIGNAL: cosim_top.sv:177:33: Signal is not used: 'pt_nc_w'
                                          : ... note: In instance 'cosim_top'
  177 |   logic [N_STREAM_OUT_P*32-1:0] pt_nc_w;
      |                                 ^~~~~~~
%Warning-UNUSEDSIGNAL: cosim_top.sv:178:33: Signal is not used: 'ptv_nc_w'
                                          : ... note: In instance 'cosim_top'
  178 |   logic [N_STREAM_OUT_P-1:0]    ptv_nc_w, fov_nc_w;
      |                                 ^~~~~~~~
%Warning-UNUSEDSIGNAL: cosim_top.sv:178:43: Signal is not used: 'fov_nc_w'
                                          : ... note: In instance 'cosim_top'
  178 |   logic [N_STREAM_OUT_P-1:0]    ptv_nc_w, fov_nc_w;
      |                                           ^~~~~~~~
%Warning-UNUSEDSIGNAL: cosim_top.sv:179:33: Bits of signal are not used: 'fin_w'[575:64]
                                          : ... note: In instance 'cosim_top'
  179 |   logic [N_STREAM_IN_P*64-1:0]  fin_w;
      |                                 ^~~~~
%Warning-UNUSEDSIGNAL: cosim_top.sv:180:33: Bits of signal are not used: 'finv_w'[8:1]
                                          : ... note: In instance 'cosim_top'
  180 |   logic [N_STREAM_IN_P-1:0]     finv_w;
      |                                 ^~~~~~
%Warning-UNUSEDSIGNAL: cosim_top.sv:181:33: Signal is not used: 'fo_nc_w'
                                          : ... note: In instance 'cosim_top'
  181 |   logic [N_STREAM_OUT_P*64-1:0] fo_nc_w;
      |                                 ^~~~~~~
%Warning-UNUSEDSIGNAL: cosim_top.sv:182:16: Signal is not used: 'cfg_nc_w'
                                          : ... note: In instance 'cosim_top'
  182 |   logic [15:0] cfg_nc_w, cs_nc_w, wr_nc_w, oob_nc_w;
      |                ^~~~~~~~
%Warning-UNUSEDSIGNAL: cosim_top.sv:182:26: Signal is not used: 'cs_nc_w'
                                          : ... note: In instance 'cosim_top'
  182 |   logic [15:0] cfg_nc_w, cs_nc_w, wr_nc_w, oob_nc_w;
      |                          ^~~~~~~
%Warning-UNUSEDSIGNAL: cosim_top.sv:182:35: Signal is not used: 'wr_nc_w'
                                          : ... note: In instance 'cosim_top'
  182 |   logic [15:0] cfg_nc_w, cs_nc_w, wr_nc_w, oob_nc_w;
      |                                   ^~~~~~~
%Warning-UNUSEDSIGNAL: cosim_top.sv:182:44: Signal is not used: 'oob_nc_w'
                                          : ... note: In instance 'cosim_top'
  182 |   logic [15:0] cfg_nc_w, cs_nc_w, wr_nc_w, oob_nc_w;
      |                                            ^~~~~~~~
%Warning-UNUSEDSIGNAL: cosim_top.sv:183:16: Signal is not used: 'id_nc_w'
                                          : ... note: In instance 'cosim_top'
  183 |   logic [7:0]  id_nc_w;
      |                ^~~~~~~
%Warning-UNUSEDSIGNAL: cosim_top.sv:184:16: Signal is not used: 'st_ready_nc_w'
                                          : ... note: In instance 'cosim_top'
  184 |   logic        st_ready_nc_w, st_rvalid_nc_w;
      |                ^~~~~~~~~~~~~
%Warning-UNUSEDSIGNAL: cosim_top.sv:184:31: Signal is not used: 'st_rvalid_nc_w'
                                          : ... note: In instance 'cosim_top'
  184 |   logic        st_ready_nc_w, st_rvalid_nc_w;
      |                               ^~~~~~~~~~~~~~
%Warning-UNUSEDSIGNAL: cosim_top.sv:185:16: Signal is not used: 'st_rdata_nc_w'
                                          : ... note: In instance 'cosim_top'
  185 |   logic [63:0] st_rdata_nc_w;
      |                ^~~~~~~~~~~~~
%Warning-UNUSEDSIGNAL: cosim_top.sv:240:42: Signal is not used: 'mgr_valid_nc_w'
                                          : ... note: In instance 'cosim_top'
  240 |   logic [N_STREAM_IN_P-1:0] mgr_dirty_w, mgr_valid_nc_w, mgr_touched_nc_w;
      |                                          ^~~~~~~~~~~~~~
%Warning-UNUSEDSIGNAL: cosim_top.sv:240:58: Signal is not used: 'mgr_touched_nc_w'
                                          : ... note: In instance 'cosim_top'
  240 |   logic [N_STREAM_IN_P-1:0] mgr_dirty_w, mgr_valid_nc_w, mgr_touched_nc_w;
      |                                                          ^~~~~~~~~~~~~~~~
%Warning-UNUSEDSIGNAL: cosim_top.sv:242:33: Signal is not used: 'restore_cause_nc_w'
                                          : ... note: In instance 'cosim_top'
  242 |   logic [1:0]  nvm_err_cause_w, restore_cause_nc_w;
      |                                 ^~~~~~~~~~~~~~~~~~
%Warning-UNUSEDSIGNAL: cosim_top.sv:249:16: Signal is not used: 'nm1_gnt_nc_w'
                                          : ... note: In instance 'cosim_top'
  249 |   logic        nm1_gnt_nc_w, nm1_wready_nc_w, nm1_rvalid_nc_w;
      |                ^~~~~~~~~~~~
%Warning-UNUSEDSIGNAL: cosim_top.sv:249:30: Signal is not used: 'nm1_wready_nc_w'
                                          : ... note: In instance 'cosim_top'
  249 |   logic        nm1_gnt_nc_w, nm1_wready_nc_w, nm1_rvalid_nc_w;
      |                              ^~~~~~~~~~~~~~~
%Warning-UNUSEDSIGNAL: cosim_top.sv:249:47: Signal is not used: 'nm1_rvalid_nc_w'
                                          : ... note: In instance 'cosim_top'
  249 |   logic        nm1_gnt_nc_w, nm1_wready_nc_w, nm1_rvalid_nc_w;
      |                                               ^~~~~~~~~~~~~~~
%Warning-UNUSEDSIGNAL: cosim_top.sv:250:16: Signal is not used: 'nm1_done_nc_w'
                                          : ... note: In instance 'cosim_top'
  250 |   logic        nm1_done_nc_w, nm1_err_nc_w, nvm_drain_nc_w;
      |                ^~~~~~~~~~~~~
%Warning-UNUSEDSIGNAL: cosim_top.sv:250:31: Signal is not used: 'nm1_err_nc_w'
                                          : ... note: In instance 'cosim_top'
  250 |   logic        nm1_done_nc_w, nm1_err_nc_w, nvm_drain_nc_w;
      |                               ^~~~~~~~~~~~
%Warning-UNUSEDSIGNAL: cosim_top.sv:250:45: Signal is not used: 'nvm_drain_nc_w'
                                          : ... note: In instance 'cosim_top'
  250 |   logic        nm1_done_nc_w, nm1_err_nc_w, nvm_drain_nc_w;
      |                                             ^~~~~~~~~~~~~~
%Warning-UNUSEDSIGNAL: cosim_top.sv:251:16: Signal is not used: 'nm1_rdata_nc_w'
                                          : ... note: In instance 'cosim_top'
  251 |   logic [7:0]  nm1_rdata_nc_w;
      |                ^~~~~~~~~~~~~~
%Warning-UNUSEDSIGNAL: cosim_top.sv:252:16: Signal is not used: 'nm1_err_cause_nc_w'
                                          : ... note: In instance 'cosim_top'
  252 |   logic [1:0]  nm1_err_cause_nc_w;
      |                ^~~~~~~~~~~~~~~~~~
%Warning-UNUSEDSIGNAL: ../../../protocol-processor/hdl/packet_engine/KL_pp_nvm_port.sv:109:25: Signal is not used: 'dev_busy_i'
                                                                                             : ... note: In instance 'cosim_top.u_nvm_port'
  109 |     input  wire         dev_busy_i,       
      |                         ^~~~~~~~~~
%Warning-UNUSEDSIGNAL: ../../../protocol-processor/hdl/aecp/KL_aecp_dyn_state.sv:101:25: Bits of signal are not used: 'st_addr_i'[2:0]
                                                                                       : ... note: In instance 'cosim_top.u_dyn'
  101 |     input  wire  [19:0] st_addr_i,       
      |                         ^~~~~~~~~
%Warning-UNUSEDSIGNAL: ../../../protocol-processor/hdl/acmp/KL_acmp_nvm_shadow.sv:314:14: Bits of signal are not used: 'cap_rec_w'[383:192,127:112,31:14,10:0]
                                                                                        : ... note: In instance 'cosim_top.u_nvm_shadow'
  314 |   acmp_rec_t cap_rec_w;
      |              ^~~~~~~~~
%Warning-UNUSEDPARAM: ../../../protocol-processor/hdl/acmp/pp_acmp_pkg.sv:65:27: Parameter is not used: 'TROM_W_C'
                                                                               : ... note: In instance 'cosim_top.u_nvm'
   65 |   localparam int unsigned TROM_W_C     = 32;
      |                           ^~~~~~~~
                      ... For warning description see https://verilator.org/warn/UNUSEDPARAM?v=5.050
                      ... Use "/* verilator lint_off UNUSEDPARAM */" and lint_on around source to disable this message.
%Warning-UNUSEDPARAM: ../../../protocol-processor/hdl/acmp/pp_acmp_pkg.sv:66:27: Parameter is not used: 'TROM_AW_C'
                                                                               : ... note: In instance 'cosim_top.u_nvm'
   66 |   localparam int unsigned TROM_AW_C    = 7;
      |                           ^~~~~~~~~
%Warning-UNUSEDPARAM: ../../../protocol-processor/hdl/acmp/pp_acmp_pkg.sv:67:27: Parameter is not used: 'TROM_DEPTH_C'
                                                                               : ... note: In instance 'cosim_top.u_nvm'
   67 |   localparam int unsigned TROM_DEPTH_C = 128;
      |                           ^~~~~~~~~~~~
%Warning-UNUSEDPARAM: ../../../protocol-processor/hdl/acmp/pp_acmp_pkg.sv:70:27: Parameter is not used: 'TROM_NEXT_LSB_C'
                                                                               : ... note: In instance 'cosim_top.u_nvm'
   70 |   localparam int unsigned TROM_NEXT_LSB_C = 0;    
      |                           ^~~~~~~~~~~~~~~
%Warning-UNUSEDPARAM: ../../../protocol-processor/hdl/acmp/pp_acmp_pkg.sv:71:27: Parameter is not used: 'TROM_ACT_LSB_C'
                                                                               : ... note: In instance 'cosim_top.u_nvm'
   71 |   localparam int unsigned TROM_ACT_LSB_C  = 3;    
      |                           ^~~~~~~~~~~~~~
%Warning-UNUSEDPARAM: ../../../protocol-processor/hdl/acmp/pp_acmp_pkg.sv:72:27: Parameter is not used: 'TROM_VALID_B_C'
                                                                               : ... note: In instance 'cosim_top.u_nvm'
   72 |   localparam int unsigned TROM_VALID_B_C  = 20;   
      |                           ^~~~~~~~~~~~~~
%Warning-UNUSEDPARAM: ../../../protocol-processor/hdl/acmp/pp_acmp_pkg.sv:73:27: Parameter is not used: 'TROM_IGN_B_C'
                                                                               : ... note: In instance 'cosim_top.u_nvm'
   73 |   localparam int unsigned TROM_IGN_B_C    = 21;   
      |                           ^~~~~~~~~~~~
%Warning-UNUSEDPARAM: ../../../protocol-processor/hdl/acmp/pp_acmp_pkg.sv:74:27: Parameter is not used: 'TROM_COND_B_C'
                                                                               : ... note: In instance 'cosim_top.u_nvm'
   74 |   localparam int unsigned TROM_COND_B_C   = 22;   
      |                           ^~~~~~~~~~~~~
%Warning-UNUSEDPARAM: ../../../protocol-processor/hdl/acmp/pp_acmp_pkg.sv:79:27: Parameter is not used: 'ACT_A1_C'
                                                                               : ... note: In instance 'cosim_top.u_nvm'
   79 |   localparam int unsigned ACT_A1_C  = 0;    
      |                           ^~~~~~~~
%Warning-UNUSEDPARAM: ../../../protocol-processor/hdl/acmp/pp_acmp_pkg.sv:80:27: Parameter is not used: 'ACT_A2_C'
                                                                               : ... note: In instance 'cosim_top.u_nvm'
   80 |   localparam int unsigned ACT_A2_C  = 1;    
      |                           ^~~~~~~~
%Warning-UNUSEDPARAM: ../../../protocol-processor/hdl/acmp/pp_acmp_pkg.sv:81:27: Parameter is not used: 'ACT_A3_C'
                                                                               : ... note: In instance 'cosim_top.u_nvm'
   81 |   localparam int unsigned ACT_A3_C  = 2;    
      |                           ^~~~~~~~
%Warning-UNUSEDPARAM: ../../../protocol-processor/hdl/acmp/pp_acmp_pkg.sv:82:27: Parameter is not used: 'ACT_A4_C'
                                                                               : ... note: In instance 'cosim_top.u_nvm'
   82 |   localparam int unsigned ACT_A4_C  = 3;    
      |                           ^~~~~~~~
%Warning-UNUSEDPARAM: ../../../protocol-processor/hdl/acmp/pp_acmp_pkg.sv:83:27: Parameter is not used: 'ACT_A5_C'
                                                                               : ... note: In instance 'cosim_top.u_nvm'
   83 |   localparam int unsigned ACT_A5_C  = 4;    
      |                           ^~~~~~~~
%Warning-UNUSEDPARAM: ../../../protocol-processor/hdl/acmp/pp_acmp_pkg.sv:84:27: Parameter is not used: 'ACT_A6_C'
                                                                               : ... note: In instance 'cosim_top.u_nvm'
   84 |   localparam int unsigned ACT_A6_C  = 5;    
      |                           ^~~~~~~~
%Warning-UNUSEDPARAM: ../../../protocol-processor/hdl/acmp/pp_acmp_pkg.sv:85:27: Parameter is not used: 'ACT_A7_C'
                                                                               : ... note: In instance 'cosim_top.u_nvm'
   85 |   localparam int unsigned ACT_A7_C  = 6;    
      |                           ^~~~~~~~
%Warning-UNUSEDPARAM: ../../../protocol-processor/hdl/acmp/pp_acmp_pkg.sv:86:27: Parameter is not used: 'ACT_A8_C'
                                                                               : ... note: In instance 'cosim_top.u_nvm'
   86 |   localparam int unsigned ACT_A8_C  = 7;    
      |                           ^~~~~~~~
%Warning-UNUSEDPARAM: ../../../protocol-processor/hdl/acmp/pp_acmp_pkg.sv:87:27: Parameter is not used: 'ACT_A9_C'
                                                                               : ... note: In instance 'cosim_top.u_nvm'
   87 |   localparam int unsigned ACT_A9_C  = 8;    
      |                           ^~~~~~~~
%Warning-UNUSEDPARAM: ../../../protocol-processor/hdl/acmp/pp_acmp_pkg.sv:88:27: Parameter is not used: 'ACT_A10_C'
                                                                               : ... note: In instance 'cosim_top.u_nvm'
   88 |   localparam int unsigned ACT_A10_C = 9;    
      |                           ^~~~~~~~~
%Warning-UNUSEDPARAM: ../../../protocol-processor/hdl/acmp/pp_acmp_pkg.sv:89:27: Parameter is not used: 'ACT_A11_C'
                                                                               : ... note: In instance 'cosim_top.u_nvm'
   89 |   localparam int unsigned ACT_A11_C = 10;   
      |                           ^~~~~~~~~
%Warning-UNUSEDPARAM: ../../../protocol-processor/hdl/acmp/pp_acmp_pkg.sv:90:27: Parameter is not used: 'ACT_A12_C'
                                                                               : ... note: In instance 'cosim_top.u_nvm'
   90 |   localparam int unsigned ACT_A12_C = 11;   
      |                           ^~~~~~~~~
%Warning-UNUSEDPARAM: ../../../protocol-processor/hdl/acmp/pp_acmp_pkg.sv:91:27: Parameter is not used: 'ACT_A13_C'
                                                                               : ... note: In instance 'cosim_top.u_nvm'
   91 |   localparam int unsigned ACT_A13_C = 12;   
      |                           ^~~~~~~~~
%Warning-UNUSEDPARAM: ../../../protocol-processor/hdl/acmp/pp_acmp_pkg.sv:92:27: Parameter is not used: 'ACT_A14_C'
                                                                               : ... note: In instance 'cosim_top.u_nvm'
   92 |   localparam int unsigned ACT_A14_C = 13;   
      |                           ^~~~~~~~~
%Warning-UNUSEDPARAM: ../../../protocol-processor/hdl/acmp/pp_acmp_pkg.sv:93:27: Parameter is not used: 'ACT_A15_C'
                                                                               : ... note: In instance 'cosim_top.u_nvm'
   93 |   localparam int unsigned ACT_A15_C = 14;   
      |                           ^~~~~~~~~
%Warning-UNUSEDPARAM: ../../../protocol-processor/hdl/acmp/pp_acmp_pkg.sv:94:27: Parameter is not used: 'ACT_A16_C'
                                                                               : ... note: In instance 'cosim_top.u_nvm'
   94 |   localparam int unsigned ACT_A16_C = 15;   
      |                           ^~~~~~~~~
%Warning-UNUSEDPARAM: ../../../protocol-processor/hdl/acmp/pp_acmp_pkg.sv:95:27: Parameter is not used: 'ACT_A17_C'
                                                                               : ... note: In instance 'cosim_top.u_nvm'
   95 |   localparam int unsigned ACT_A17_C = 16;   
      |                           ^~~~~~~~~
%Warning-UNUSEDPARAM: ../../../protocol-processor/hdl/acmp/pp_acmp_pkg.sv:98:26: Parameter is not used: 'TK_KIND_DISC_C'
                                                                               : ... note: In instance 'cosim_top.u_nvm'
   98 |   localparam logic [1:0] TK_KIND_DISC_C  = 2'd0;   
      |                          ^~~~~~~~~~~~~~
%Warning-UNUSEDPARAM: ../../../protocol-processor/hdl/acmp/pp_acmp_pkg.sv:99:26: Parameter is not used: 'TK_KIND_DEP_C'
                                                                               : ... note: In instance 'cosim_top.u_nvm'
   99 |   localparam logic [1:0] TK_KIND_DEP_C   = 2'd1;   
      |                          ^~~~~~~~~~~~~
%Warning-UNUSEDPARAM: ../../../protocol-processor/hdl/acmp/pp_acmp_pkg.sv:100:26: Parameter is not used: 'TK_KIND_REG_C'
                                                                                : ... note: In instance 'cosim_top.u_nvm'
  100 |   localparam logic [1:0] TK_KIND_REG_C   = 2'd2;   
      |                          ^~~~~~~~~~~~~
%Warning-UNUSEDPARAM: ../../../protocol-processor/hdl/acmp/pp_acmp_pkg.sv:101:26: Parameter is not used: 'TK_KIND_UNREG_C'
                                                                                : ... note: In instance 'cosim_top.u_nvm'
  101 |   localparam logic [1:0] TK_KIND_UNREG_C = 2'd3;   
      |                          ^~~~~~~~~~~~~~~
%Warning-UNUSEDPARAM: ../../../protocol-processor/hdl/acmp/pp_acmp_pkg.sv:104:26: Parameter is not used: 'PB_DISABLED_C'
                                                                                : ... note: In instance 'cosim_top.u_nvm'
  104 |   localparam logic [2:0] PB_DISABLED_C  = 3'd0;
      |                          ^~~~~~~~~~~~~
%Warning-UNUSEDPARAM: ../../../protocol-processor/hdl/acmp/pp_acmp_pkg.sv:105:26: Parameter is not used: 'PB_PASSIVE_C'
                                                                                : ... note: In instance 'cosim_top.u_nvm'
  105 |   localparam logic [2:0] PB_PASSIVE_C   = 3'd1;
      |                          ^~~~~~~~~~~~
%Warning-UNUSEDPARAM: ../../../protocol-processor/hdl/acmp/pp_acmp_pkg.sv:106:26: Parameter is not used: 'PB_ACTIVE_C'
                                                                                : ... note: In instance 'cosim_top.u_nvm'
  106 |   localparam logic [2:0] PB_ACTIVE_C    = 3'd2;
      |                          ^~~~~~~~~~~
%Warning-UNUSEDPARAM: ../../../protocol-processor/hdl/acmp/pp_acmp_pkg.sv:107:26: Parameter is not used: 'PB_COMPLETED_C'
                                                                                : ... note: In instance 'cosim_top.u_nvm'
  107 |   localparam logic [2:0] PB_COMPLETED_C = 3'd3;
      |                          ^~~~~~~~~~~~~~
%Warning-UNUSEDPARAM: ../../../protocol-processor/hdl/acmp/pp_acmp_pkg.sv:110:26: Parameter is not used: 'AMSG_PROBE_TX_CMD_C'
                                                                                : ... note: In instance 'cosim_top.u_nvm'
  110 |   localparam logic [3:0] AMSG_PROBE_TX_CMD_C     = 4'd0;
      |                          ^~~~~~~~~~~~~~~~~~~
%Warning-UNUSEDPARAM: ../../../protocol-processor/hdl/acmp/pp_acmp_pkg.sv:111:26: Parameter is not used: 'AMSG_PROBE_TX_RESP_C'
                                                                                : ... note: In instance 'cosim_top.u_nvm'
  111 |   localparam logic [3:0] AMSG_PROBE_TX_RESP_C    = 4'd1;
      |                          ^~~~~~~~~~~~~~~~~~~~
%Warning-UNUSEDPARAM: ../../../protocol-processor/hdl/acmp/pp_acmp_pkg.sv:112:26: Parameter is not used: 'AMSG_BIND_RX_CMD_C'
                                                                                : ... note: In instance 'cosim_top.u_nvm'
  112 |   localparam logic [3:0] AMSG_BIND_RX_CMD_C      = 4'd6;
      |                          ^~~~~~~~~~~~~~~~~~
%Warning-UNUSEDPARAM: ../../../protocol-processor/hdl/acmp/pp_acmp_pkg.sv:113:26: Parameter is not used: 'AMSG_BIND_RX_RESP_C'
                                                                                : ... note: In instance 'cosim_top.u_nvm'
  113 |   localparam logic [3:0] AMSG_BIND_RX_RESP_C     = 4'd7;
      |                          ^~~~~~~~~~~~~~~~~~~
%Warning-UNUSEDPARAM: ../../../protocol-processor/hdl/acmp/pp_acmp_pkg.sv:114:26: Parameter is not used: 'AMSG_UNBIND_RX_CMD_C'
                                                                                : ... note: In instance 'cosim_top.u_nvm'
  114 |   localparam logic [3:0] AMSG_UNBIND_RX_CMD_C    = 4'd8;
      |                          ^~~~~~~~~~~~~~~~~~~~
%Warning-UNUSEDPARAM: ../../../protocol-processor/hdl/acmp/pp_acmp_pkg.sv:115:26: Parameter is not used: 'AMSG_UNBIND_RX_RESP_C'
                                                                                : ... note: In instance 'cosim_top.u_nvm'
  115 |   localparam logic [3:0] AMSG_UNBIND_RX_RESP_C   = 4'd9;
      |                          ^~~~~~~~~~~~~~~~~~~~~
%Warning-UNUSEDPARAM: ../../../protocol-processor/hdl/acmp/pp_acmp_pkg.sv:116:26: Parameter is not used: 'AMSG_GET_RX_STATE_CMD_C'
                                                                                : ... note: In instance 'cosim_top.u_nvm'
  116 |   localparam logic [3:0] AMSG_GET_RX_STATE_CMD_C = 4'd10;
      |                          ^~~~~~~~~~~~~~~~~~~~~~~
%Warning-UNUSEDPARAM: ../../../protocol-processor/hdl/acmp/pp_acmp_pkg.sv:117:26: Parameter is not used: 'AMSG_GET_RX_STATE_RESP_C'
                                                                                : ... note: In instance 'cosim_top.u_nvm'
  117 |   localparam logic [3:0] AMSG_GET_RX_STATE_RESP_C = 4'd11;
      |                          ^~~~~~~~~~~~~~~~~~~~~~~~
%Warning-UNUSEDPARAM: ../../../protocol-processor/hdl/acmp/pp_acmp_pkg.sv:120:26: Parameter is not used: 'AST_SUCCESS_C'
                                                                                : ... note: In instance 'cosim_top.u_nvm'
  120 |   localparam logic [4:0] AST_SUCCESS_C                 = 5'd0;
      |                          ^~~~~~~~~~~~~
%Warning-UNUSEDPARAM: ../../../protocol-processor/hdl/acmp/pp_acmp_pkg.sv:121:26: Parameter is not used: 'AST_LISTENER_UNKNOWN_ID_C'
                                                                                : ... note: In instance 'cosim_top.u_nvm'
  121 |   localparam logic [4:0] AST_LISTENER_UNKNOWN_ID_C     = 5'd1;
      |                          ^~~~~~~~~~~~~~~~~~~~~~~~~
%Warning-UNUSEDPARAM: ../../../protocol-processor/hdl/acmp/pp_acmp_pkg.sv:122:26: Parameter is not used: 'AST_LISTENER_TALKER_TIMEOUT_C'
                                                                                : ... note: In instance 'cosim_top.u_nvm'
  122 |   localparam logic [4:0] AST_LISTENER_TALKER_TIMEOUT_C = 5'd7;
      |                          ^~~~~~~~~~~~~~~~~~~~~~~~~~~~~
%Warning-UNUSEDPARAM: ../../../protocol-processor/hdl/acmp/pp_acmp_pkg.sv:123:26: Parameter is not used: 'AST_CONTROLLER_NOT_AUTH_C'
                                                                                : ... note: In instance 'cosim_top.u_nvm'
  123 |   localparam logic [4:0] AST_CONTROLLER_NOT_AUTH_C     = 5'd13;
      |                          ^~~~~~~~~~~~~~~~~~~~~~~~~
%Warning-UNUSEDPARAM: ../../../protocol-processor/hdl/acmp/pp_acmp_pkg.sv:126:27: Parameter is not used: 'AFLG_FAST_CONNECT_C'
                                                                                : ... note: In instance 'cosim_top.u_nvm'
  126 |   localparam logic [15:0] AFLG_FAST_CONNECT_C   = 16'h0002;
      |                           ^~~~~~~~~~~~~~~~~~~
%Warning-UNUSEDPARAM: ../../../protocol-processor/hdl/acmp/pp_acmp_pkg.sv:127:27: Parameter is not used: 'AFLG_STREAMING_WAIT_C'
                                                                                : ... note: In instance 'cosim_top.u_nvm'
  127 |   localparam logic [15:0] AFLG_STREAMING_WAIT_C = 16'h0008;
      |                           ^~~~~~~~~~~~~~~~~~~~~
%Warning-UNUSEDPARAM: ../../../protocol-processor/hdl/acmp/pp_acmp_pkg.sv:128:27: Parameter is not used: 'AFLG_REG_FAILED_C'
                                                                                : ... note: In instance 'cosim_top.u_nvm'
  128 |   localparam logic [15:0] AFLG_REG_FAILED_C     = 16'h0040;
      |                           ^~~~~~~~~~~~~~~~~
%Warning-UNUSEDPARAM: ../../../protocol-processor/hdl/acmp/pp_acmp_pkg.sv:131:27: Parameter is not used: 'ACMP_CDL_MILAN_C'
                                                                                : ... note: In instance 'cosim_top.u_nvm'
  131 |   localparam logic [10:0] ACMP_CDL_MILAN_C  = 11'd44;   
      |                           ^~~~~~~~~~~~~~~~
%Warning-UNUSEDPARAM: ../../../protocol-processor/hdl/acmp/pp_acmp_pkg.sv:132:27: Parameter is not used: 'ACMP_PDU_BYTES_C'
                                                                                : ... note: In instance 'cosim_top.u_nvm'
  132 |   localparam int unsigned ACMP_PDU_BYTES_C  = 56;
      |                           ^~~~~~~~~~~~~~~~
%Warning-UNUSEDPARAM: ../../../protocol-processor/hdl/acmp/pp_acmp_pkg.sv:135:27: Parameter is not used: 'T_ACMP_CMD_MS_C'
                                                                                : ... note: In instance 'cosim_top.u_nvm'
  135 |   localparam logic [31:0] T_ACMP_CMD_MS_C   = 32'd200;     
      |                           ^~~~~~~~~~~~~~~
%Warning-UNUSEDPARAM: ../../../protocol-processor/hdl/acmp/pp_acmp_pkg.sv:136:27: Parameter is not used: 'T_ACMP_RETRY_MS_C'
                                                                                : ... note: In instance 'cosim_top.u_nvm'
  136 |   localparam logic [31:0] T_ACMP_RETRY_MS_C = 32'd4000;    
      |                           ^~~~~~~~~~~~~~~~~
%Warning-UNUSEDPARAM: ../../../protocol-processor/hdl/acmp/pp_acmp_pkg.sv:137:27: Parameter is not used: 'T_ACMP_NOTK_MS_C'
                                                                                : ... note: In instance 'cosim_top.u_nvm'
  137 |   localparam logic [31:0] T_ACMP_NOTK_MS_C  = 32'd10000;   
      |                           ^~~~~~~~~~~~~~~~
%Warning-UNUSEDPARAM: ../../../protocol-processor/hdl/acmp/pp_acmp_pkg.sv:138:27: Parameter is not used: 'PRNG_KIND_ACMP_DELAY_C'
                                                                                : ... note: In instance 'cosim_top.u_nvm'
  138 |   localparam logic [2:0]  PRNG_KIND_ACMP_DELAY_C = 3'd0;   
      |                           ^~~~~~~~~~~~~~~~~~~~~~
%Warning-SYNCASYNCNET: cosim_top.sv:69:25: Signal flopped as both synchronous and async: 'rst_n'
                       cosim_top.sv:453:10: ... Location of async usage
  453 |     if (!rst_n) begin
      |          ^~~~~
                       cosim_top.sv:170:10: ... Location of sync usage
  170 |     if (!rst_n) ms_cnt_r <= 32'(MS_DIV_C - 1);
      |          ^~~~~
                       ... For warning description see https://verilator.org/warn/SYNCASYNCNET?v=5.050
                       ... Use "/* verilator lint_off SYNCASYNCNET */" and lint_on around source to disable this message.
- V e r i l a t i o n   R e p o r t: Verilator 5.050 2026-07-01 rev v5.050
- Verilator: Built from 0.592 MB sources in 8 modules, into 0.472 MB in 3 C++ files needing 0.000 MB
- Verilator: Walltime 0.130 s (elab=0.030, cvt=0.069, bld=0.000); cpu 0.129 s on 1 threads; allocated 27.930 MB
make: Leaving directory '$REVIEWS/pp131-r391-4-packet/scratch/par/parent-headedits/tb/verilator/nvm_cosim'
