make: Entering directory '/home/alex/prjs-avb-on-fpga/milan-fpga/tb/verilator/acmp_lstn'
./obj_dir/VKL_acmp_listener
== KL_acmp_listener — Milan v1.2 listener SM ==

[1] reset + GET_RX_STATE unbound
  [ ok ] [1] state UNBOUND                              = 0
  [ ok ] [1] inactive                                   = 0
  [ ok ] [1] GET_RX_STATE answered                      = 70
  [ ok ] [1] msg GET_RX_STATE_RESPONSE                  = 11
  [ ok ] [1] SUCCESS                                    = 0
  [ ok ] [1] count 0                                    = 0
  [ ok ] [1] talker 0                                   = 0
  [ ok ] [1] flags 0                                    = 0
  [ ok ] [1] sequence_id echoed                         = 256
  [ ok ] [1] talker_unique_id echoed                    = 0
  [ ok ] [1] listener_unique_id echoed                  = 0
  [ ok ] [1] control_data_length echoed                 = 44
  [ ok ] [1b] sink1 GET_RX_STATE SUCCESS                = 0
  [ ok ] [1b] sink1 count 0                             = 0
  [ ok ] [1b] sink1 talker 0                            = 0
  [ ok ] [1b] sink2 UNKNOWN_ID                          = 1

[2] BIND_RX -> response + probe, PRB_W_RESP
  [ ok ] [2] BIND_RESP                                  = 7
  [ ok ] [2] SUCCESS                                    = 0
  [ ok ] [2] count 1                                    = 1
  [ ok ] [2] stream_id zero                             = 0
  [ ok ] [2] dmac zero                                  = 0
  [ ok ] [2] FAST_CONNECT cleared                       = 0
  [ ok ] [2] vlan zero                                  = 0
  [ ok ] [2] PROBE_TX follows                           = 70
  [ ok ] [2] probe msg CONNECT_TX_COMMAND               = 0
  [ ok ] [2] probe controller                           = 680500fffe0000aa
  [ ok ] [2] probe talker                               = 20000fffe000001
  [ ok ] [2] probe listener us                          = 20000fffe000003
  [ ok ] [2] probe seq 0                                = 0
  [ ok ] [2] probe stream_id 0                          = 0
  [ ok ] [2] state PRB_W_RESP                           = 3
  [ ok ] [2] bound sid derived                          = 200000000010000
  [ ok ] [2] probing ACTIVE                             = 2
  [ ok ] [2] probe_count 1                              = 1

[2b] sink1 stays unbound-shaped while sink0 is mid-ladder
  [ ok ] [2b] sink1 SUCCESS                             = 0
  [ ok ] [2b] sink1 count 0                             = 0
  [ ok ] [2b] sink1 talker 0 (sink0 state masked)       = 0
  [ ok ] [2b] sink1 flags 0                             = 0

[3] GET_RX_STATE while probing: STREAMING_WAIT
  [ ok ] [3] count 1                                    = 1
  [ ok ] [3] talker bound                               = 20000fffe000001
  [ ok ] [3] STREAMING_WAIT                             = 8
  [ ok ] [3] dest_mac zeroed                            = 0
  [ ok ] [3] state unchanged                            = 3
  [ ok ] [3] sequence_id echoed                         = 258

[4] probe response SUCCESS -> SETTLED_NO_RSV
  [ ok ] [4] state SETTLED_NO_RSV                       = 6
  [ ok ] [4] active                                     = 1
  [ ok ] [4] declares Listener attr                     = 1
  [ ok ] [4] sid authoritative                          = 200000000010000
  [ ok ] [4] vlan 2                                     = 2
  [ ok ] [4] dmac captured                              = 91e0f000fe01
  [ ok ] [4] probing COMPLETED                          = 3

[5] TalkerAdvertise registered -> SETTLED_RSV_OK
  [ ok ] [5] state SETTLED_RSV_OK                       = 7
  [ ok ] [5] settled flags = stored SW (0)              = 0
  [ ok ] [5] count 1                                    = 1
  [ ok ] [5] dest_mac echoes the learned MAAP addr      = 91e0f000fe01

[6] TalkerFailed while settled -> SETTLED_NO_RSV and back
  [ ok ] [6] back to SETTLED_NO_RSV                     = 6
  [ ok ] [6] no change on ta_reg fall here              = 6
  [ ok ] [6] re-registered -> RSV_OK                    = 7

[7] reservation lost (ta fall), talker not visible -> PRB_W_AVAIL
  [ ok ] [7] state PRB_W_AVAIL                          = 1
  [ ok ] [7] deactivated                                = 0
  [ ok ] [7] declare withdrawn                          = 0
  [ ok ] [7] probing PASSIVE                            = 1

[8] ADP AVAILABLE -> DELAY -> probe ladder to RETRY
  [ ok ] [8] tk_avail                                   = 1
  [ ok ] [8] state PRB_W_DELAY                          = 2
  [ ok ] [8] probe sent after delay                     = 70
  [ ok ] [8] state PRB_W_RESP                           = 3
  [ ok ] [8] probe resent                               = 70
  [ ok ] [8] state PRB_W_RESP2                          = 4
  [ ok ] [8] fresh sequence id                          = 1
  [ ok ] [8] state PRB_W_RETRY                          = 5
  [ ok ] [8] status LISTENER_TALKER_TIMEOUT             = 7

[9] RETRY expiry (talker visible) -> DELAY -> probe -> error resp
  [ ok ] [9] re-probe emitted                           = 70
  [ ok ] [9] state PRB_W_RESP                           = 3
  [ ok ] [9] state PRB_W_RETRY                          = 5
  [ ok ] [9] status stored (5)                          = 5

[10] ADP DEPARTING in RETRY -> PRB_W_AVAIL
  [ ok ] [10] tk_avail dropped                          = 0
  [ ok ] [10] state PRB_W_AVAIL                         = 1

[11] rebind-same = response only; rebind-different = re-probe
  [ ok ] [11] rebind-same BIND_RESP                     = 7
  [ ok ] [11] state stays PRB_W_AVAIL                   = 1
  [ ok ] [11] no new probe                              = 4
  [ ok ] [11] rebind-diff BIND_RESP                     = 7
  [ ok ] [11] probe to new talker                       = 70
  [ ok ] [11] probe talker T2                           = 20000fffe000002
  [ ok ] [11] state PRB_W_RESP                          = 3
  [ ok ] [11] bound talker T2                           = 20000fffe000002

[12] settle on T2 then UNBIND_RX -> UNBOUND
  [ ok ] [12] settled                                   = 6
  [ ok ] [12] UNBIND_RESP                               = 9
  [ ok ] [12] SUCCESS                                   = 0
  [ ok ] [12] talker zeroed                             = 0
  [ ok ] [12] count 0                                   = 0
  [ ok ] [12] SW cleared                                = 0
  [ ok ] [12] state UNBOUND                             = 0
  [ ok ] [12] inactive                                  = 0
  [ ok ] [12] probing DISABLED                          = 0
  [ ok ] [12] binding cleared                           = 0

[13] bad listener_unique_id + foreign frames
  [ ok ] [13] BIND luid=5 LISTENER_UNKNOWN_ID           = 1
  [ ok ] [13] state UNBOUND still                       = 0
  [ ok ] [13] foreign listener ignored                  = 0

[14] NO_TK lapse in SETTLED_NO_RSV (talker invisible) -> PRB_W_AVAIL
  [ ok ] [14] settled                                   = 6
  [ ok ] [14] state PRB_W_AVAIL                         = 1
  [ ok ] [14] probing PASSIVE                           = 1

[15] ADP availability age-out (63 s)
  [ ok ] [15] visible again                             = 1
  [ ok ] [15] aged out                                  = 0

======================================================================

[W] TX-grant watchdog: wedged arbiter must not deafen the SM
  [ ok ] [W] command accepted                           = 13
  [ ok ] [W] wedge counted                              = 1
  [ ok ] [W] next GET_RX_STATE answered                 = 70
  [ ok ] [W] cmd_count advanced                         = 14

[Z] zero-gap frames: command right behind another frame
  [ ok ] [Z] zero-gap command accepted                  = 15

[S1] CRF sink-1 real bind record (no probe SM, no MSRP)
  [ ok ] [S1] BIND_RESP                                 = 7
  [ ok ] [S1] SUCCESS                                   = 0
  [ ok ] [S1] count 1                                   = 1
  [ ok ] [S1] s1_bound_o                                = 1
  [ ok ] [S1] s1_sid = command sid                      = 20000000001000b
  [ ok ] [S1] s1_dmac = command dmac                    = 91e0f0002a08
  [ ok ] [S1] sink0 SM untouched                        = 3
  [ ok ] [S1] sink0 activity untouched                  = 1
  [ ok ] [S1] state SUCCESS                             = 0
  [ ok ] [S1] state count 1                             = 1
  [ ok ] [S1] state talker                              = 20000fffe000001
  [ ok ] [S1] state tuid                                = 11
  [ ok ] [S1] state dmac                                = 91e0f0002a08
  [ ok ] [S1] zero-sid rebind SUCCESS                   = 0
  [ ok ] [S1] fallback sid {eid,tuid}                   = 200000000010001
  [ ok ] [S1] sink0 state count unchanged               = 1
  [ ok ] [S1] UNBIND_RESP                               = 9
  [ ok ] [S1] UNBIND SUCCESS                            = 0
  [ ok ] [S1] s1 cleared                                = 0
  [ ok ] [S1] post-unbind count 0                       = 0
  [ ok ] [S1] post-unbind talker 0                      = 0
  [ ok ] [S1] uid2 bind UNKNOWN_ID                      = 1
  [ ok ] [S1] uid2 left s1 alone                        = 0
KL_acmp_listener: 131 checks, 0 failures
./obj_ctx/VKL_acmp_lstn_ctx
== KL_acmp_lstn_ctx N=4, mixed sid/SM policies ==

[N1] GET_RX_STATE per uid after reset; uid>=N refused
  [ ok ] [N1] GET answered                                    = 70
  [ ok ] [N1] msg GET_RX_STATE_RESPONSE                       = 11
  [ ok ] [N1] SUCCESS                                         = 0
  [ ok ] [N1] count 0                                         = 0
  [ ok ] [N1] talker 0                                        = 0
  [ ok ] [N1] GET answered                                    = 70
  [ ok ] [N1] msg GET_RX_STATE_RESPONSE                       = 11
  [ ok ] [N1] SUCCESS                                         = 0
  [ ok ] [N1] count 0                                         = 0
  [ ok ] [N1] talker 0                                        = 0
  [ ok ] [N1] GET answered                                    = 70
  [ ok ] [N1] msg GET_RX_STATE_RESPONSE                       = 11
  [ ok ] [N1] SUCCESS                                         = 0
  [ ok ] [N1] count 0                                         = 0
  [ ok ] [N1] talker 0                                        = 0
  [ ok ] [N1] GET answered                                    = 70
  [ ok ] [N1] msg GET_RX_STATE_RESPONSE                       = 11
  [ ok ] [N1] SUCCESS                                         = 0
  [ ok ] [N1] count 0                                         = 0
  [ ok ] [N1] talker 0                                        = 0
  [ ok ] [N1] uid4 LISTENER_UNKNOWN_ID (ACMP-3)               = 1
  [ ok ] [N1] BIND uid5 LISTENER_UNKNOWN_ID                   = 1
  [ ok ] [N1] ctx0 untouched by refused bind                  = 0

[N2] mixed-policy binds (M-ACMP-10 per-context sid policy)
  [ ok ] [N2] ctx0 BIND_RESP                                  = 7
  [ ok ] [N2] ctx0 SUCCESS count 1                            = 1
  [ ok ] [N2] ctx0 PROBE_TX follows                           = 70
  [ ok ] [N2] ctx0 probe luid 0                               = 0
  [ ok ] [N2] ctx0 probe talker T1                            = 20000fffe000001
  [ ok ] [N2] ctx0 state PRB_W_RESP                           = 3
  [ ok ] [N2] ctx0 sid DERIVED (junk sid ignored)             = 200000000010000
  [ ok ] [N2] ctx1 BIND_RESP SUCCESS                          = 0
  [ ok ] [N2] ctx1 parked settled (record)                    = 6
  [ ok ] [N2] ctx1 sid EXPLICIT                               = 1111222233330001
  [ ok ] [N2] ctx1 dmac from command                          = 91e0f0002a01
  [ ok ] [N2] ctx1 no probe SM: no new probe                  = 1
  [ ok ] [N2] ctx1 never activates (no MSRP)                  = 0
  [ ok ] [N2] ctx2 BIND_RESP SUCCESS                          = 0
  [ ok ] [N2] ctx2 PROBE_TX follows                           = 70
  [ ok ] [N2] ctx2 probe luid 2 (response routing)            = 2
  [ ok ] [N2] ctx2 probe talker T2                            = 20000fffe000002
  [ ok ] [N2] shared probe_seq distinct                       = 1
  [ ok ] [N2] ctx2 state PRB_W_RESP                           = 3
  [ ok ] [N2] ctx2 provisional sid EXPLICIT                   = 4444555566660002
  [ ok ] [N3] ctx3 BIND_RESP SUCCESS                          = 0
  [ ok ] [N2] ctx3 parked settled (record)                    = 6
  [ ok ] [N2] ctx3 sid DERIVED (policy over payload)          = 200000000040007

[N3] one timer wheel, two live ladders (M-ACMP-2 Tab 5.26)
  [ ok ] [N3] ctx2 SETTLED_NO_RSV                             = 6
  [ ok ] [N3] ctx2 active (bit 2)                             = 1
  [ ok ] [N3] ctx0 not active                                 = 0
  [ ok ] [N3] exactly ctx0 resends                            = 70
  [ ok ] [N3] resend luid 0                                   = 0
  [ ok ] [N3] resend talker T1                                = 20000fffe000001
  [ ok ] [N3] no further frame (ctx2 quiet)                   = 0
  [ ok ] [N3] ctx0 PRB_W_RETRY                                = 5
  [ ok ] [N3] ctx0 status LISTENER_TALKER_TIMEOUT             = 7
  [ ok ] [N3] ctx2 still settled                              = 6

[N4] CONNECT to an OCCUPIED sink (M-ACMP-3 rebind rules)
  [ ok ] [N4] rebind-same SUCCESS                             = 0
  [ ok ] [N4] no new probe                                    = 3
  [ ok ] [N4] ctx2 state undisturbed                          = 6
  [ ok ] [N4] ctx2 still active                               = 1
  [ ok ] [N4] rebind-diff SUCCESS                             = 0
  [ ok ] [N4] probe to the new talker                         = 70
  [ ok ] [N4] probe talker T3                                 = 20000fffe000004
  [ ok ] [N4] probe luid 2                                    = 2
  [ ok ] [N4] deactivated on rebind                           = 0
  [ ok ] [N4] ctx2 PRB_W_RESP                                 = 3
  [ ok ] [N4] ctx2 sid re-derived (zero cmd sid)              = 200000000040000
  [ ok ] [N4] GET flags SW|SRP_REG_FAILED (ctx2 srf)          = 72
  [ ok ] [N4] ctx0 GET flags SW only (srf is per-ctx)         = 8
  [ ok ] [N4] ctx2 re-settled on T3                           = 6

[N5] GET_RX_STATE per uid (M-ACMP-5 Table 5.37)
  [ ok ] [N5] uid0 talker T1                                  = 20000fffe000001
  [ ok ] [N5] uid0 count 1                                    = 1
  [ ok ] [N5] uid1 talker T1                                  = 20000fffe000001
  [ ok ] [N5] uid1 tuid 0xB                                   = 11
  [ ok ] [N5] uid1 dmac (record)                              = 91e0f0002a01
  [ ok ] [N5] uid2 talker T3                                  = 20000fffe000004
  [ ok ] [N5] uid3 talker T3                                  = 20000fffe000004
  [ ok ] [N5] uid3 tuid 7                                     = 7

[N6] DISCONNECT one context leaves the others locked
  [ ok ] [N6] ctx1 UNBIND_RESP SUCCESS                        = 0
  [ ok ] [N6] ctx1 unbound                                    = 0
  [ ok ] [N6] ctx1 record cleared                             = 0
  [ ok ] [N6] ctx0 still bound (RETRY)                        = 5
  [ ok ] [N6] ctx0 talker intact                              = 20000fffe000001
  [ ok ] [N6] ctx2 still settled                              = 6
  [ ok ] [N6] ctx3 still bound                                = 6
  [ ok ] [N6] ctx3 talker intact                              = 20000fffe000004
  [ ok ] [N6] ctx2 activity survives the unbind               = 1

[N7] per-context SRP edges (M-ACMP-3 registered/failed)
  [ ok ] [N7] ctx2 SETTLED_RSV_OK                             = 7
  [ ok ] [N7] ctx2 declares (bit 2)                           = 1
  [ ok ] [N7] ctx0 unaffected by ctx2's registrar             = 5
  [ ok ] [N7] ctx2 degraded to SETTLED_NO_RSV                 = 6
  [ ok ] [N7] level alone does not re-establish               = 6
  [ ok ] [N7] ctx2 back to RSV_OK (fresh edge via wheel)      = 7

[N8] per-context ADP watch (M-ACMP-3 talker discovery)
  [ ok ] [N8] ctx0 PRB_W_AVAIL after RETRY                    = 1
  [ ok ] [N8] ctx0 tk_avail -> PRB_W_DELAY                    = 2
  [ ok ] [N8] ctx2 untouched by T1's ADP                      = 7
  [ ok ] [N8] ctx3 untouched (record ctx has no watch)        = 6
  [ ok ] [N8] ctx0 re-probes after the delay                  = 70
  [ ok ] [N8] re-probe luid 0                                 = 0
  [ ok ] [N8] re-probe talker T1                              = 20000fffe000001

[N9] bind-restore injection (E1, Milan 5.5.3.5.2)
  [ ok ] [N9] ctx0 UNBIND SUCCESS                             = 0
  [ ok ] [N9] ctx0 unbound                                    = 0
  [ ok ] [N9] inject accepted (status 0)                      = 0
  [ ok ] [N9] state PRB_W_AVAIL (5.5.3.5.2 step 3)            = 1
  [ ok ] [N9] probing PASSIVE (step 2)                        = 1
  [ ok ] [N9] ACMP status 0 (step 2)                          = 0
  [ ok ] [N9] talker loaded                                   = 20000fffe000002
  [ ok ] [N9] tuid loaded                                     = 5
  [ ok ] [N9] ctlr loaded (5.5.3.5.3)                         = 680500fffe0000aa
  [ ok ] [N9] flags STREAMING_WAIT kept                       = 8
  [ ok ] [N9] sid CLEARED (5.5.2.6 step 1)                    = 0
  [ ok ] [N9] dmac CLEARED                                    = 0
  [ ok ] [N9] vlan CLEARED                                    = 0
  [ ok ] [N9] sink not active                                 = 0
  [ ok ] [N9] restore to OCCUPIED refused (1)                 = 1
  [ ok ] [N9] occupied ctx undisturbed                        = 7
  [ ok ] [N9] record-only ctx refused (2)                     = 2
  [ ok ] [N9] idx >= N refused (2)                            = 2
  [ ok ] [N9] refusals left the injected record               = 1
  [ ok ] [N9] EVT_TK_DISCOVERED -> PRB_W_DELAY                = 2
  [ ok ] [N9] PROBE_TX after the delay                        = 70
  [ ok ] [N9] probe talker = restored talker                  = 20000fffe000002
  [ ok ] [N9] probe tuid = restored tuid                      = 5
  [ ok ] [N9] probe ctlr = restored ctlr                      = 680500fffe0000aa
  [ ok ] [N9] settled after the probe response                = 6
  [ ok ] [N9] sid re-learned from the probe                   = 1234432112344321
  [ ok ] [N9] dmac re-learned                                 = 91e0f000fe99
  [ ok ] [N9] sink active                                     = 1

KL_acmp_lstn_ctx N=4: 128 checks, 0 failures
RESULT: PASS
make: Leaving directory '/home/alex/prjs-avb-on-fpga/milan-fpga/tb/verilator/acmp_lstn'
