make: Entering directory '/home/alex/prjs-avb-on-fpga/milan-fpga/tb/verilator/avtp_rxmon'
verilator --cc --exe --build -j 0 --top-module avtp_rxmon_wrap -GCLK_FREQ_HZ_P=10000 +incdir+../../../hdl/common +incdir+../../../hdl/ieee1722/avtp -Wall -Wno-fatal -Wno-DECLFILENAME -Wno-UNUSEDSIGNAL -Wno-WIDTHEXPAND -Wno-WIDTHTRUNC -Wno-UNUSEDPARAM -Wno-IMPORTSTAR -Wno-CASEINCOMPLETE -Wno-EOFNEWLINE -CFLAGS "-std=c++17 -O2" ../../../hdl/common/ethernet_packet_pkg.sv ../../../hdl/ieee1722/avtp/avtp_subtype_pkg.sv ../../../hdl/ieee1722/avtp/avtp_stream_parser.sv ../../../hdl/ieee1722/avtp/KL_avtp_rx_monitor.sv ../../../hdl/ieee1722/aaf/KL_aaf_rx_depacketizer.sv ../../../third_party/verilog-axis/rtl/axis_fifo.v avtp_rxmon_wrap.sv sim_main.cpp -o Vavtp_rxmon_wrap_sim
make[1]: Entering directory '/home/alex/prjs-avb-on-fpga/milan-fpga/tb/verilator/avtp_rxmon/obj_dir'
make[1]: Nothing to be done for 'default'.
make[1]: Leaving directory '/home/alex/prjs-avb-on-fpga/milan-fpga/tb/verilator/avtp_rxmon/obj_dir'
- V e r i l a t i o n   R e p o r t: Verilator 5.050 2026-07-01 rev v5.050
- Verilator: Built from 0.000 MB sources in 0 modules, into 0.000 MB in 0 C++ files needing 0.000 MB
- Verilator: Walltime 0.019 s (elab=0.000, cvt=0.000, bld=0.018); cpu 0.002 s on 96 threads; allocated 16.355 MB
./obj_dir/Vavtp_rxmon_wrap_sim
== KL_avtp_rx_monitor harness (scaled clk: 100 ms = 1000 cyc) ==

[1] unbound: matched-sid frame counts nothing
  [ ok ] frames_rx 0                              = 0
  [ ok ] not locked                               = 0

[2] bind resets and arms (Milan Table 5.6)
  [ ok ] counters clear after bind                = 0

[3] first valid PDU locks (seq seeded, settle armed)
  [ ok ] MEDIA_LOCKED 1                           = 1
  [ ok ] locked level                             = 1
  [ ok ] FRAMES_RX 1                              = 1
  [ ok ] last_ts captured                         = 1

[4] settle window: a sequence step is absorbed, not counted
  [ ok ] SEQ_NUM_MISMATCH 0 in settle             = 0
  [ ok ] FRAMES_RX 4                              = 4

[5] drain the settle window (8 post-lock PDUs)
  [ ok ] still no mismatch                        = 0

[6] single loss: mismatch, NOT interrupted (lost=1)
  [ ok ] SEQ_NUM_MISMATCH 1                       = 1
  [ ok ] STREAM_INTERRUPTED 0                     = 0

[7] double loss: mismatch AND interrupted (lost=2)
  [ ok ] SEQ_NUM_MISMATCH 2                       = 2
  [ ok ] STREAM_INTERRUPTED 1                     = 1

[8] duplicate: lost=255 counts as interruption (reference math)
  [ ok ] SEQ_NUM_MISMATCH 3                       = 3
  [ ok ] STREAM_INTERRUPTED 2                     = 2

[9] tu bit counts TIMESTAMP_UNCERTAIN
  [ ok ] TIMESTAMP_UNCERTAIN 1                    = 1

[10] format mismatch counts UNSUPPORTED_FORMAT and nothing else
  [ ok ] UNSUPPORTED_FORMAT 5                     = 5
  [ ok ] FRAMES_RX unchanged                      = 13
  [ ok ] no mismatch across bad-format PDUs       = 3

[11] VLAN-tagged PDU parses identically
  [ ok ] FRAMES_RX +2                             = 15
  [ ok ] still locked                             = 1

[12] 100 ms silence unlocks (MEDIA_UNLOCKED)
  [ ok ] MEDIA_UNLOCKED 1                         = 1
  [ ok ] unlocked level                           = 0

[13] relock: MEDIA_LOCKED again, settle re-armed
  [ ok ] MEDIA_LOCKED 2                           = 2
  [ ok ] post-relock step absorbed                = 3

[14] unbind -> rebind resets everything
  [ ok ] unbind does NOT reset                    = 2
  [ ok ] rebind resets MEDIA_LOCKED               = 0
  [ ok ] rebind resets FRAMES_RX                  = 0
  [ ok ] rebind resets mismatch                   = 0
  [ ok ] rebind drops lock                        = 0

[16] depacketizer: untagged payload byte-exact to the PCM port
  [ ok ] PCM 64 bytes                             = 64
  [ ok ] PCM tlast                                = 1
  [ ok ] PCM payload byte-exact (rot-2)           = 1
  [ ok ] depkt pdus counted                       = 1

[17] depacketizer: tagged payload byte-exact (rot-6)
  [ ok ] PCM 64 bytes (tagged)                    = 64
  [ ok ] PCM payload byte-exact (rot-6)           = 1

[18] depacketizer: rejected PDU emits nothing
  [ ok ] no PCM for rejected PDU                  = 0

[15] wrong stream_id never reaches the monitor
  [ ok ] foreign sid: frames_rx unchanged         = 2

[23] LATE/EARLY/MEDIA_RESET (task #20: real media-clock counters)
  [ ok ] no late/early so far                     = 0
  [ ok ] LATE counted                             = 1
  [ ok ] EARLY counted                            = 1
  [ ok ] on-time counts neither                   = 2
  [ ok ] MEDIA_RESET counted                      = 1
  [ ok ] bind clears media counters               = 0

[19] ring backpressure: FIFO drops whole frames, tap never stalls
  [ ok ] drops counted                            = 1

[20] tiny data_len=2: hold-only beat, zero-padded tail
  [ ok ] one padded beat (8 B)                    = 8
  [ ok ] payload bytes                            = 1
  [ ok ] zero pad                                 = 1
  [ ok ] tlast on padded beat                     = 1

[21] truncated committed frame resyncs; next PDU clean
  [ ok ] post-truncation PDU intact               = 64
  [ ok ] post-truncation byte-exact               = 1

[21b] pulse-after-tlast runt must NOT pre-approve the next PDU
  [ ok ] stray pulse did not commit reject        = 0

[22] exact-fit frame (payload ends at frame end)
  [ ok ] exact-fit PCM 64 bytes                   = 64
  [ ok ] exact-fit tlast                          = 1

[26] external media clock: lock gated on servo convergence
  [ ok ] [26a] external+unconverged: not locked   = 0
  [ ok ] [26b] lock counter idle                  = 0
  [ ok ] [26c] converged: MEDIA_LOCKED asserts    = 1
  [ ok ] [26d] lock counted once                  = 1
  [ ok ] [26e] convergence lost: unlocks          = 0
  [ ok ] [26e2] MEDIA_UNLOCKED counted            = 1
  [ ok ] [26f] re-converge + PDU: relocks         = 1
  [ ok ] [26g] internal: locks on first PDU w/o servo = 1

[27] format change while locked: unsupported counts, relock on match
  [ ok ] [27a] locked on 8ch stream               = 1
  [ ok ] [27b] mismatch counts UNSUPPORTED        = 1
  [ ok ] [27c] mismatched frames not counted as RX = 1
  [ ok ] [27d] silence unlocks                    = 0
  [ ok ] [27e] matching PDU relocks               = 1
  [ ok ] [27f] RX counts again                    = 2

[28] channel ADAPTATION (bench rule: listener accepts 1..fmt chans)
  [ ok ] [28a] 2ch-wire ACCEPTED under 8ch fmt    = 1
  [ ok ] [28b] no UNSUPPORTED for adapted PDU     = 0
  [ ok ] [28c] 8ch-wire accepted                  = 2
  [ ok ] [28d] 0ch rejected                       = 1
  [ ok ] [28e] 9ch rejected vs 8ch fmt            = 2
  [ ok ] [28f] frames_rx unchanged by rejects     = 2

[29] SPARSE stream (traceability AAF-2, IEEE 1722-2016 7.2.4 +
     Milan 6.3: base formats are non-sparse). A sustained sp=1
     stream is legal 1722 but off-profile here — the listener's
     DELIBERATE behavior is reject-and-count (UNSUPPORTED_FORMAT
     per PDU, no FRAMES_RX, no lock, no PCM), through the REAL
     parser->monitor->depacketizer wiring.
  [ ok ] [29a] 10 sparse PDUs all UNSUPPORTED     = 10
  [ ok ] [29b] no FRAMES_RX from a sparse stream  = 0
  [ ok ] [29c] sparse stream never locks          = 0
  [ ok ] [29d] no PCM from a sparse stream        = 0
  [ ok ] [29e] non-sparse resumes clean (locks)   = 1
  [ ok ] [29f] FRAMES_RX resumes                  = 1

[30] mr toggle + MEDIA_RESET gating (traceability AVTP-5 /
     M-CNT-4, IEEE 1722-2016 4.4.4.3 + Milan Table 5.16).
  [ ok ] [30a] mr-toggled PDUs accepted           = 4
  [ ok ] [30b] mr toggle breaks no lock/seq       = 0
  [ ok ] [30c] GAP: mr toggle does NOT tick MEDIA_RESET = 0
  [ ok ] [30d] unbound rail pulse counts nothing  = 0
  [ ok ] [30e] bound rail pulse counts MEDIA_RESET = 1

[31] non-zero AVTP version (traceability AVTP-3, IEEE 1722-2016
     4.4.3.4: version!=0 AVTPDUs must be ignored).
  [ ok ] [31a] GAP: version=1 PDU currently ACCEPTED as v0 media = 1

======================================================================
KL_avtp_rx_monitor: 87 checks, 0 failures
verilator --cc --exe --build -j 0 --top-module avtp_rxmon_nx_wrap -GCLK_FREQ_HZ_P=10000 +incdir+../../../hdl/common +incdir+../../../hdl/ieee1722/avtp -Wall -Wno-fatal -Wno-DECLFILENAME -Wno-UNUSEDSIGNAL -Wno-WIDTHEXPAND -Wno-WIDTHTRUNC -Wno-UNUSEDPARAM -Wno-IMPORTSTAR -Wno-CASEINCOMPLETE -Wno-EOFNEWLINE -Wno-PINCONNECTEMPTY -CFLAGS "-std=c++17 -O2" --Mdir obj_nx ../../../hdl/common/ethernet_packet_pkg.sv ../../../hdl/ieee1722/avtp/avtp_subtype_pkg.sv ../../../hdl/ieee1722/avtp/avtp_stream_parser.sv ../../../hdl/ieee1722/avtp/KL_stream_table.sv ../../../hdl/ieee1722/avtp/KL_avtp_rx_monitor_ctx.sv ../../../hdl/ieee1722/aaf/KL_aaf_rx_depacketizer.sv ../../../hdl/ieee1722/aaf/KL_pcm_route.sv ../../../third_party/verilog-axis/rtl/axis_fifo.v avtp_rxmon_nx_wrap.sv sim_main_nx.cpp -o Vavtp_rxmon_nx_sim
make[1]: Entering directory '/home/alex/prjs-avb-on-fpga/milan-fpga/tb/verilator/avtp_rxmon/obj_nx'
make[1]: Nothing to be done for 'default'.
make[1]: Leaving directory '/home/alex/prjs-avb-on-fpga/milan-fpga/tb/verilator/avtp_rxmon/obj_nx'
- V e r i l a t i o n   R e p o r t: Verilator 5.050 2026-07-01 rev v5.050
- Verilator: Built from 0.000 MB sources in 0 modules, into 0.000 MB in 0 C++ files needing 0.000 MB
- Verilator: Walltime 0.020 s (elab=0.000, cvt=0.000, bld=0.018); cpu 0.002 s on 96 threads; allocated 16.355 MB
./obj_nx/Vavtp_rxmon_nx_sim
== NxN RX stack harness (N=4, NXN P1/P2/P3) ==

[G1] P2 golden: unbound frame counts nothing
  [ ok ] frames_rx 0                                    = 0
  [ ok ] not locked                                     = 0

[G2] P2 golden: bind resets and arms (Milan Table 5.6)
  [ ok ] counters clear after bind                      = 0

[G3] P2 golden: first valid PDU locks, seq seeded
  [ ok ] MEDIA_LOCKED 1                                 = 1
  [ ok ] locked level                                   = 1
  [ ok ] FRAMES_RX 1                                    = 1
  [ ok ] last_ts captured                               = 1
  [ ok ] wire_chans follows the wire                    = 8

[G4] P2 golden: settle absorbs a step, then mismatch counts
  [ ok ] no mismatch through settle                     = 0
  [ ok ] SEQ_NUM_MISMATCH 1                             = 1
  [ ok ] STREAM_INTERRUPTED 0 (lost=1)                  = 0
  [ ok ] SEQ_NUM_MISMATCH 2                             = 2
  [ ok ] STREAM_INTERRUPTED 1 (lost=2)                  = 1

[G5] P2 golden: tu + format compare (counts nothing else)
  [ ok ] TIMESTAMP_UNCERTAIN 1                          = 1
  [ ok ] UNSUPPORTED_FORMAT 2                           = 2
  [ ok ] FRAMES_RX unchanged                            = 13
  [ ok ] no mismatch across bad-format PDUs             = 2

[G6] P2 golden: 100 ms silence unlocks (ms-grid watchdog)
  [ ok ] MEDIA_UNLOCKED 1                               = 1
  [ ok ] unlocked level                                 = 0
  [ ok ] relock: MEDIA_LOCKED 2                         = 2

[G7] P2 golden: unbind keeps, rebind resets
  [ ok ] unbind does NOT reset                          = 2
  [ ok ] rebind resets MEDIA_LOCKED                     = 0
  [ ok ] rebind resets FRAMES_RX                        = 0
  [ ok ] rebind drops lock                              = 0

[G8] P2 golden: LATE/EARLY/MEDIA_RESET at stream 0
  [ ok ] LATE counted                                   = 1
  [ ok ] EARLY counted                                  = 1
  [ ok ] MEDIA_RESET counted                            = 1

[T1] P1: PCM payload byte-exact with tuser = 0 (stream 0)
  [ ok ] PCM 64 bytes                                   = 64
  [ ok ] PCM tlast                                      = 1
  [ ok ] PCM payload byte-exact                         = 1
  [ ok ] PCM tuser = 0                                  = 0
  [ ok ] accept idx = 0                                 = 0

[I1] P2 isolation: arm stream 1 (table + LCTX FMT), s0 noise
  [ ok ] s0 events landed (FRX +2)                      = 6
  [ ok ] s1 LCTX FRX still 0                            = 0
  [ ok ] s1 LCTX SEQ_MM still 0                         = 0
  [ ok ] s1 LCTX TU still 0                             = 0
  [ ok ] s1 LCTX UNSUP still 0                          = 0
  [ ok ] s1 LCTX MEDIA_LOCKED still 0                   = 0

[I2] P2 isolation: stream-1 PDUs count in s1's LCTX only
  [ ok ] s1 LCTX FRX = 2                                = 2
  [ ok ] s1 LCTX MEDIA_LOCKED = 1                       = 1
  [ ok ] s1 LCTX TU = 1                                 = 1
  [ ok ] s1 LCTX DEPKT pdus = 2 (NULL discards post-depkt) = 2
  [ ok ] s0 legacy FRX untouched                        = 6
  [ ok ] s0 legacy ML untouched                         = 1
  [ ok ] s1 w8 wire_chans = 8                           = 8

[R1] P3: s1 NULL by default - monitor counts, no PCM copy
  [ ok ] NULL route: no ring bytes                      = 0
  [ ok ] NULL route: s1 LCTX FRX advanced               = 3

[R2] P3: s1 -> DMA passes tagged, render tap stays s0
  [ ok ] two ring PDUs                                  = 2
  [ ok ] first ring PDU tuser = 1                       = 1
  [ ok ] second ring PDU tuser = 0                      = 0
  [ ok ] render tap saw only s0                         = 1
  [ ok ] render tap PDU was s0                          = 0
  [ ok ] s1 DEPKT pdus accumulated (2 NULL + 1 NULL + 1 DMA) = 4

[R3] P3: RENDER-lowest-wins + render switch
  [ ok ] lowest-indexed RENDER wins (sel=0)             = 0
  [ ok ] render_sel moves to 1                          = 1
  [ ok ] render tap follows s1                          = 1
  [ ok ] wire_chans follows the RENDER stream           = 2

[E1] P1 eviction: unbind + retarget s1's table entry
  [ ok ] s1 CNT reset on rebind                         = 0
  [ ok ] evicted sid does not count                     = 0
  [ ok ] new sid counts                                 = 1

======================================================================
NxN RX stack: 60 checks, 0 failures
RESULT: PASS
make: Leaving directory '/home/alex/prjs-avb-on-fpga/milan-fpga/tb/verilator/avtp_rxmon'
