make: Entering directory '/home/alex/prjs-avb-on-fpga/milan-fpga/tb/verilator/hostplane'
======================================================================
 tb/verilator/hostplane - host-plane lanes in the SILICON SHAPE
======================================================================
verilator +incdir+../../../configs/generated/endstation_ax7101_8x8 --cc --exe --build -j 0 --top-module milan_datapath +incdir+../../../hdl/common +incdir+../../../hdl/common/csr +incdir+../../../hdl/common/eth_event_counter +incdir+../../../hdl/ieee17221/adp +incdir+../../../hdl/ieee8021q/ts +incdir+../../../hdl/ieee8021as/ptp_timestamp +incdir+../../../third_party/verilog-axis/rtl +incdir+../../../hdl/ieee17221/aecp +incdir+../../../hdl/ieee17221/aecp/gen -Wall -Wno-fatal -Werror-USERERROR -Werror-UNDRIVEN -Wno-DECLFILENAME -Wno-UNUSEDSIGNAL -Wno-WIDTHEXPAND -Wno-WIDTHTRUNC -Wno-UNUSEDPARAM -Wno-PINCONNECTEMPTY -Wno-IMPORTSTAR -Wno-CASEINCOMPLETE -Wno-EOFNEWLINE -Wno-PINMISSING -Wno-SELRANGE -Wno-TIMESCALEMOD -CFLAGS "-std=c++17 -O2" --Mdir obj_ax8x8 -GN_STREAMS=8 -GMILAN_CLK_FREQ_HZ=100000000 -GAUDIO_IF_SLOTS_P=0 \
	-CFLAGS "-DNSTREAMS_TB=8 -DMILAN_CLK_TB=100000000" \
	../../../hdl/common/ethernet_packet_pkg.sv ../../../hdl/common/axi_stream_if.sv ../../../hdl/ieee17221/adp/adp_pkg.sv ../../../third_party/verilog-axis/rtl/axis_fifo.v ../../../third_party/verilog-axis/rtl/axis_demux.v ../../../third_party/verilog-axis/rtl/axis_arb_mux.v ../../../third_party/verilog-axis/rtl/arbiter.v ../../../third_party/verilog-axis/rtl/priority_encoder.v ../../../hdl/ieee8021q/ts/traffic_class_map.sv ../../../hdl/ieee8021q/ts/traffic_classifier.sv ../../../hdl/ieee8021q/ts/credit_based_shaper.sv ../../../hdl/ieee8021q/ts/traffic_shaping_core.sv ../../../hdl/ieee8021q/ts/traffic_queues.sv ../../../hdl/ieee8021q/ts/traffic_controller_802_1q.sv ../../../hdl/ieee8021as/ptp_timestamp/timestamp_counter.sv ../../../hdl/ieee8021as/ptp_timestamp/ptp_csr_sync.sv ../../../hdl/common/cdc_pulse.sv ../../../hdl/common/cdc_handshake.sv ../../../hdl/common/axis_mux_rr_2in_1out.sv ../../../hdl/ieee8021as/ptp_timestamp/ptp_ts_core.sv ../../../hdl/ieee8021as/ptp_timestamp/ptp_ts_top.sv ../../../hdl/ieee8021as/ptp_timestamp/KL_ptp_clock_validity.sv ../../../hdl/ieee8021q/filtering/tcam.sv ../../../hdl/ieee8021q/filtering/rx_mac_filter.sv ../../../hdl/common/tx_ifg_gasket.sv ../../../hdl/ieee1722/aaf/KL_pcm_lpf.sv ../../../hdl/common/KL_link_guard.sv ../../../hdl/ieee17221/adp/adp_advertiser.sv ../../../hdl/ieee17221/adp/adp_tx_arbiter.sv ../../../hdl/ieee17221/aecp/aecp_pkg.sv ../../../hdl/ieee17221/aecp/KL_aecp_packet_validator.sv ../../../hdl/ieee17221/aecp/KL_aecp_common_parser.sv ../../../hdl/ieee17221/aecp/KL_aecp_l0_state.sv ../../../hdl/ieee17221/aecp/KL_aecp_timers.sv ../../../hdl/ieee17221/aecp/KL_aecp_accessor.sv ../../../hdl/ieee17221/aecp/KL_aecp_aem_store.sv ../../../hdl/ieee17221/aecp/KL_aecp_aem_dyn_mux.sv ../../../hdl/ieee17221/aecp/KL_aecp_response_builder.sv ../../../hdl/ieee17221/aecp/KL_aecp_ingress.sv ../../../hdl/ieee17221/aecp/KL_aecp_top.sv ../../../hdl/ieee17221/acmp/acmp_pkg.sv ../../../hdl/ieee17221/acmp/KL_acmp_tlkr_ctx.sv ../../../hdl/ieee17221/acmp/KL_acmp_responder.sv ../../../hdl/ieee17221/acmp/KL_acmp_lstn_ctx.sv ../../../hdl/ieee17221/acmp/KL_acmp_listener.sv ../../../hdl/ieee8021q/srp/lwsrp_pkg.sv ../../../hdl/ieee8021q/srp/KL_lwsrp_timers.sv ../../../hdl/ieee8021q/srp/KL_lwsrp_tx.sv ../../../hdl/ieee8021q/srp/KL_lwsrp_ingress.sv ../../../hdl/ieee8021q/srp/KL_lwsrp_walker.sv ../../../hdl/ieee8021q/srp/KL_lwsrp_registrar.sv ../../../hdl/ieee8021q/srp/KL_lwsrp_ta_registrar.sv ../../../hdl/ieee8021q/srp/KL_lwsrp_ctx.sv ../../../hdl/ieee8021q/srp/KL_lwsrp_ctx_tx.sv ../../../hdl/ieee8021q/srp/KL_lwsrp_rx.sv ../../../hdl/ieee8021q/srp/KL_lwsrp_bw_gate.sv ../../../hdl/ieee8021q/srp/KL_lwsrp_top.sv ../../../hdl/ieee1722/aaf/aaf_talker_i2s.sv ../../../hdl/ieee1722/aaf/KL_aaf_rx_depacketizer.sv ../../../hdl/ieee1722/aaf/KL_i2s_playback.sv ../../../hdl/ieee1722/aaf/KL_i2s_feed_mux.sv ../../../hdl/ieee1722/aaf/KL_tone_gen.sv ../../../hdl/ieee1722/aaf/KL_aaf_latency_taps.sv ../../../hdl/ieee1722/aaf/KL_media_adv.sv ../../../hdl/common/cdc_pair_fifo.sv ../../../hdl/ieee1722/avtp/avtp_subtype_pkg.sv ../../../hdl/ieee1722/avtp/avtp_stream_parser.sv ../../../hdl/ieee1722/avtp/KL_stream_table.sv ../../../hdl/ieee1722/avtp/KL_avtp_rx_monitor.sv ../../../hdl/ieee1722/avtp/KL_avtp_rx_monitor_ctx.sv ../../../hdl/ieee1722/aaf/KL_pcm_route.sv ../../../hdl/ieee1722/aaf/KL_aaf_capture_i2s.sv ../../../hdl/ieee1722/aaf/KL_tdm_capture.sv ../../../hdl/ieee1722/aaf/KL_tdm_capture_master.sv ../../../hdl/ieee1722/aaf/KL_tdm_render.sv ../../../hdl/ieee1722/aaf/KL_chan_map_render.sv ../../../hdl/ieee1722/aaf/KL_chan_map_capture.sv ../../../hdl/ieee1722/aaf/KL_aaf_packetizer.sv ../../../hdl/ieee1722/crf/KL_crf_rx.sv ../../../hdl/ieee1722/crf/KL_crf_tx.sv ../../../hdl/ieee1722/crf/KL_mmcm_drp_servo.sv ../../../hdl/ieee1722/maap/KL_maap.sv ../../../hdl/common/eth_event_counter/ethernet_events.sv ../../../hdl/common/eth_event_counter/event_counter.sv ../../../hdl/common/csr/milan_csr.sv ../../../hdl/milan/milan_datapath.sv sim_hostplane.cpp -o Vhostplane_ax8x8
make[1]: Entering directory '/home/alex/prjs-avb-on-fpga/milan-fpga/tb/verilator/hostplane/obj_ax8x8'
make[1]: Nothing to be done for 'default'.
make[1]: Leaving directory '/home/alex/prjs-avb-on-fpga/milan-fpga/tb/verilator/hostplane/obj_ax8x8'
- V e r i l a t i o n   R e p o r t: Verilator 5.050 2026-07-01 rev v5.050
- Verilator: Built from 0.000 MB sources in 0 modules, into 0.000 MB in 0 C++ files needing 0.000 MB
- Verilator: Walltime 0.042 s (elab=0.000, cvt=0.000, bld=0.037); cpu 0.005 s on 96 threads; allocated 16.488 MB
verilator +incdir+../../../configs/generated/endstation_arty_current --cc --exe --build -j 0 --top-module milan_datapath +incdir+../../../hdl/common +incdir+../../../hdl/common/csr +incdir+../../../hdl/common/eth_event_counter +incdir+../../../hdl/ieee17221/adp +incdir+../../../hdl/ieee8021q/ts +incdir+../../../hdl/ieee8021as/ptp_timestamp +incdir+../../../third_party/verilog-axis/rtl +incdir+../../../hdl/ieee17221/aecp +incdir+../../../hdl/ieee17221/aecp/gen -Wall -Wno-fatal -Werror-USERERROR -Werror-UNDRIVEN -Wno-DECLFILENAME -Wno-UNUSEDSIGNAL -Wno-WIDTHEXPAND -Wno-WIDTHTRUNC -Wno-UNUSEDPARAM -Wno-PINCONNECTEMPTY -Wno-IMPORTSTAR -Wno-CASEINCOMPLETE -Wno-EOFNEWLINE -Wno-PINMISSING -Wno-SELRANGE -Wno-TIMESCALEMOD -CFLAGS "-std=c++17 -O2" --Mdir obj_small -GN_STREAMS=1 -GMILAN_CLK_FREQ_HZ=50000000  -GAUDIO_IF_SLOTS_P=0 \
	-CFLAGS "-DNSTREAMS_TB=1 -DMILAN_CLK_TB=50000000 -DSHAPE_NAME=\\\"small-1x-50MHz\\\"" \
	../../../hdl/common/ethernet_packet_pkg.sv ../../../hdl/common/axi_stream_if.sv ../../../hdl/ieee17221/adp/adp_pkg.sv ../../../third_party/verilog-axis/rtl/axis_fifo.v ../../../third_party/verilog-axis/rtl/axis_demux.v ../../../third_party/verilog-axis/rtl/axis_arb_mux.v ../../../third_party/verilog-axis/rtl/arbiter.v ../../../third_party/verilog-axis/rtl/priority_encoder.v ../../../hdl/ieee8021q/ts/traffic_class_map.sv ../../../hdl/ieee8021q/ts/traffic_classifier.sv ../../../hdl/ieee8021q/ts/credit_based_shaper.sv ../../../hdl/ieee8021q/ts/traffic_shaping_core.sv ../../../hdl/ieee8021q/ts/traffic_queues.sv ../../../hdl/ieee8021q/ts/traffic_controller_802_1q.sv ../../../hdl/ieee8021as/ptp_timestamp/timestamp_counter.sv ../../../hdl/ieee8021as/ptp_timestamp/ptp_csr_sync.sv ../../../hdl/common/cdc_pulse.sv ../../../hdl/common/cdc_handshake.sv ../../../hdl/common/axis_mux_rr_2in_1out.sv ../../../hdl/ieee8021as/ptp_timestamp/ptp_ts_core.sv ../../../hdl/ieee8021as/ptp_timestamp/ptp_ts_top.sv ../../../hdl/ieee8021as/ptp_timestamp/KL_ptp_clock_validity.sv ../../../hdl/ieee8021q/filtering/tcam.sv ../../../hdl/ieee8021q/filtering/rx_mac_filter.sv ../../../hdl/common/tx_ifg_gasket.sv ../../../hdl/ieee1722/aaf/KL_pcm_lpf.sv ../../../hdl/common/KL_link_guard.sv ../../../hdl/ieee17221/adp/adp_advertiser.sv ../../../hdl/ieee17221/adp/adp_tx_arbiter.sv ../../../hdl/ieee17221/aecp/aecp_pkg.sv ../../../hdl/ieee17221/aecp/KL_aecp_packet_validator.sv ../../../hdl/ieee17221/aecp/KL_aecp_common_parser.sv ../../../hdl/ieee17221/aecp/KL_aecp_l0_state.sv ../../../hdl/ieee17221/aecp/KL_aecp_timers.sv ../../../hdl/ieee17221/aecp/KL_aecp_accessor.sv ../../../hdl/ieee17221/aecp/KL_aecp_aem_store.sv ../../../hdl/ieee17221/aecp/KL_aecp_aem_dyn_mux.sv ../../../hdl/ieee17221/aecp/KL_aecp_response_builder.sv ../../../hdl/ieee17221/aecp/KL_aecp_ingress.sv ../../../hdl/ieee17221/aecp/KL_aecp_top.sv ../../../hdl/ieee17221/acmp/acmp_pkg.sv ../../../hdl/ieee17221/acmp/KL_acmp_tlkr_ctx.sv ../../../hdl/ieee17221/acmp/KL_acmp_responder.sv ../../../hdl/ieee17221/acmp/KL_acmp_lstn_ctx.sv ../../../hdl/ieee17221/acmp/KL_acmp_listener.sv ../../../hdl/ieee8021q/srp/lwsrp_pkg.sv ../../../hdl/ieee8021q/srp/KL_lwsrp_timers.sv ../../../hdl/ieee8021q/srp/KL_lwsrp_tx.sv ../../../hdl/ieee8021q/srp/KL_lwsrp_ingress.sv ../../../hdl/ieee8021q/srp/KL_lwsrp_walker.sv ../../../hdl/ieee8021q/srp/KL_lwsrp_registrar.sv ../../../hdl/ieee8021q/srp/KL_lwsrp_ta_registrar.sv ../../../hdl/ieee8021q/srp/KL_lwsrp_ctx.sv ../../../hdl/ieee8021q/srp/KL_lwsrp_ctx_tx.sv ../../../hdl/ieee8021q/srp/KL_lwsrp_rx.sv ../../../hdl/ieee8021q/srp/KL_lwsrp_bw_gate.sv ../../../hdl/ieee8021q/srp/KL_lwsrp_top.sv ../../../hdl/ieee1722/aaf/aaf_talker_i2s.sv ../../../hdl/ieee1722/aaf/KL_aaf_rx_depacketizer.sv ../../../hdl/ieee1722/aaf/KL_i2s_playback.sv ../../../hdl/ieee1722/aaf/KL_i2s_feed_mux.sv ../../../hdl/ieee1722/aaf/KL_tone_gen.sv ../../../hdl/ieee1722/aaf/KL_aaf_latency_taps.sv ../../../hdl/ieee1722/aaf/KL_media_adv.sv ../../../hdl/common/cdc_pair_fifo.sv ../../../hdl/ieee1722/avtp/avtp_subtype_pkg.sv ../../../hdl/ieee1722/avtp/avtp_stream_parser.sv ../../../hdl/ieee1722/avtp/KL_stream_table.sv ../../../hdl/ieee1722/avtp/KL_avtp_rx_monitor.sv ../../../hdl/ieee1722/avtp/KL_avtp_rx_monitor_ctx.sv ../../../hdl/ieee1722/aaf/KL_pcm_route.sv ../../../hdl/ieee1722/aaf/KL_aaf_capture_i2s.sv ../../../hdl/ieee1722/aaf/KL_tdm_capture.sv ../../../hdl/ieee1722/aaf/KL_tdm_capture_master.sv ../../../hdl/ieee1722/aaf/KL_tdm_render.sv ../../../hdl/ieee1722/aaf/KL_chan_map_render.sv ../../../hdl/ieee1722/aaf/KL_chan_map_capture.sv ../../../hdl/ieee1722/aaf/KL_aaf_packetizer.sv ../../../hdl/ieee1722/crf/KL_crf_rx.sv ../../../hdl/ieee1722/crf/KL_crf_tx.sv ../../../hdl/ieee1722/crf/KL_mmcm_drp_servo.sv ../../../hdl/ieee1722/maap/KL_maap.sv ../../../hdl/common/eth_event_counter/ethernet_events.sv ../../../hdl/common/eth_event_counter/event_counter.sv ../../../hdl/common/csr/milan_csr.sv ../../../hdl/milan/milan_datapath.sv sim_smoke.cpp -o Vhostplane_smoke_small
make[1]: Entering directory '/home/alex/prjs-avb-on-fpga/milan-fpga/tb/verilator/hostplane/obj_small'
make[1]: Nothing to be done for 'default'.
make[1]: Leaving directory '/home/alex/prjs-avb-on-fpga/milan-fpga/tb/verilator/hostplane/obj_small'
- V e r i l a t i o n   R e p o r t: Verilator 5.050 2026-07-01 rev v5.050
- Verilator: Built from 0.000 MB sources in 0 modules, into 0.000 MB in 0 C++ files needing 0.000 MB
- Verilator: Walltime 0.039 s (elab=0.000, cvt=0.000, bld=0.036); cpu 0.004 s on 96 threads; allocated 16.488 MB
verilator +incdir+../../../configs/generated/endstation_arty_4x4 --cc --exe --build -j 0 --top-module milan_datapath +incdir+../../../hdl/common +incdir+../../../hdl/common/csr +incdir+../../../hdl/common/eth_event_counter +incdir+../../../hdl/ieee17221/adp +incdir+../../../hdl/ieee8021q/ts +incdir+../../../hdl/ieee8021as/ptp_timestamp +incdir+../../../third_party/verilog-axis/rtl +incdir+../../../hdl/ieee17221/aecp +incdir+../../../hdl/ieee17221/aecp/gen -Wall -Wno-fatal -Werror-USERERROR -Werror-UNDRIVEN -Wno-DECLFILENAME -Wno-UNUSEDSIGNAL -Wno-WIDTHEXPAND -Wno-WIDTHTRUNC -Wno-UNUSEDPARAM -Wno-PINCONNECTEMPTY -Wno-IMPORTSTAR -Wno-CASEINCOMPLETE -Wno-EOFNEWLINE -Wno-PINMISSING -Wno-SELRANGE -Wno-TIMESCALEMOD -CFLAGS "-std=c++17 -O2" --Mdir obj_n4 -GN_STREAMS=4 -GMILAN_CLK_FREQ_HZ=100000000 -GAUDIO_IF_SLOTS_P=0 \
	-CFLAGS "-DNSTREAMS_TB=4 -DMILAN_CLK_TB=100000000 -DSHAPE_NAME=\\\"mid-4x-100MHz\\\"" \
	../../../hdl/common/ethernet_packet_pkg.sv ../../../hdl/common/axi_stream_if.sv ../../../hdl/ieee17221/adp/adp_pkg.sv ../../../third_party/verilog-axis/rtl/axis_fifo.v ../../../third_party/verilog-axis/rtl/axis_demux.v ../../../third_party/verilog-axis/rtl/axis_arb_mux.v ../../../third_party/verilog-axis/rtl/arbiter.v ../../../third_party/verilog-axis/rtl/priority_encoder.v ../../../hdl/ieee8021q/ts/traffic_class_map.sv ../../../hdl/ieee8021q/ts/traffic_classifier.sv ../../../hdl/ieee8021q/ts/credit_based_shaper.sv ../../../hdl/ieee8021q/ts/traffic_shaping_core.sv ../../../hdl/ieee8021q/ts/traffic_queues.sv ../../../hdl/ieee8021q/ts/traffic_controller_802_1q.sv ../../../hdl/ieee8021as/ptp_timestamp/timestamp_counter.sv ../../../hdl/ieee8021as/ptp_timestamp/ptp_csr_sync.sv ../../../hdl/common/cdc_pulse.sv ../../../hdl/common/cdc_handshake.sv ../../../hdl/common/axis_mux_rr_2in_1out.sv ../../../hdl/ieee8021as/ptp_timestamp/ptp_ts_core.sv ../../../hdl/ieee8021as/ptp_timestamp/ptp_ts_top.sv ../../../hdl/ieee8021as/ptp_timestamp/KL_ptp_clock_validity.sv ../../../hdl/ieee8021q/filtering/tcam.sv ../../../hdl/ieee8021q/filtering/rx_mac_filter.sv ../../../hdl/common/tx_ifg_gasket.sv ../../../hdl/ieee1722/aaf/KL_pcm_lpf.sv ../../../hdl/common/KL_link_guard.sv ../../../hdl/ieee17221/adp/adp_advertiser.sv ../../../hdl/ieee17221/adp/adp_tx_arbiter.sv ../../../hdl/ieee17221/aecp/aecp_pkg.sv ../../../hdl/ieee17221/aecp/KL_aecp_packet_validator.sv ../../../hdl/ieee17221/aecp/KL_aecp_common_parser.sv ../../../hdl/ieee17221/aecp/KL_aecp_l0_state.sv ../../../hdl/ieee17221/aecp/KL_aecp_timers.sv ../../../hdl/ieee17221/aecp/KL_aecp_accessor.sv ../../../hdl/ieee17221/aecp/KL_aecp_aem_store.sv ../../../hdl/ieee17221/aecp/KL_aecp_aem_dyn_mux.sv ../../../hdl/ieee17221/aecp/KL_aecp_response_builder.sv ../../../hdl/ieee17221/aecp/KL_aecp_ingress.sv ../../../hdl/ieee17221/aecp/KL_aecp_top.sv ../../../hdl/ieee17221/acmp/acmp_pkg.sv ../../../hdl/ieee17221/acmp/KL_acmp_tlkr_ctx.sv ../../../hdl/ieee17221/acmp/KL_acmp_responder.sv ../../../hdl/ieee17221/acmp/KL_acmp_lstn_ctx.sv ../../../hdl/ieee17221/acmp/KL_acmp_listener.sv ../../../hdl/ieee8021q/srp/lwsrp_pkg.sv ../../../hdl/ieee8021q/srp/KL_lwsrp_timers.sv ../../../hdl/ieee8021q/srp/KL_lwsrp_tx.sv ../../../hdl/ieee8021q/srp/KL_lwsrp_ingress.sv ../../../hdl/ieee8021q/srp/KL_lwsrp_walker.sv ../../../hdl/ieee8021q/srp/KL_lwsrp_registrar.sv ../../../hdl/ieee8021q/srp/KL_lwsrp_ta_registrar.sv ../../../hdl/ieee8021q/srp/KL_lwsrp_ctx.sv ../../../hdl/ieee8021q/srp/KL_lwsrp_ctx_tx.sv ../../../hdl/ieee8021q/srp/KL_lwsrp_rx.sv ../../../hdl/ieee8021q/srp/KL_lwsrp_bw_gate.sv ../../../hdl/ieee8021q/srp/KL_lwsrp_top.sv ../../../hdl/ieee1722/aaf/aaf_talker_i2s.sv ../../../hdl/ieee1722/aaf/KL_aaf_rx_depacketizer.sv ../../../hdl/ieee1722/aaf/KL_i2s_playback.sv ../../../hdl/ieee1722/aaf/KL_i2s_feed_mux.sv ../../../hdl/ieee1722/aaf/KL_tone_gen.sv ../../../hdl/ieee1722/aaf/KL_aaf_latency_taps.sv ../../../hdl/ieee1722/aaf/KL_media_adv.sv ../../../hdl/common/cdc_pair_fifo.sv ../../../hdl/ieee1722/avtp/avtp_subtype_pkg.sv ../../../hdl/ieee1722/avtp/avtp_stream_parser.sv ../../../hdl/ieee1722/avtp/KL_stream_table.sv ../../../hdl/ieee1722/avtp/KL_avtp_rx_monitor.sv ../../../hdl/ieee1722/avtp/KL_avtp_rx_monitor_ctx.sv ../../../hdl/ieee1722/aaf/KL_pcm_route.sv ../../../hdl/ieee1722/aaf/KL_aaf_capture_i2s.sv ../../../hdl/ieee1722/aaf/KL_tdm_capture.sv ../../../hdl/ieee1722/aaf/KL_tdm_capture_master.sv ../../../hdl/ieee1722/aaf/KL_tdm_render.sv ../../../hdl/ieee1722/aaf/KL_chan_map_render.sv ../../../hdl/ieee1722/aaf/KL_chan_map_capture.sv ../../../hdl/ieee1722/aaf/KL_aaf_packetizer.sv ../../../hdl/ieee1722/crf/KL_crf_rx.sv ../../../hdl/ieee1722/crf/KL_crf_tx.sv ../../../hdl/ieee1722/crf/KL_mmcm_drp_servo.sv ../../../hdl/ieee1722/maap/KL_maap.sv ../../../hdl/common/eth_event_counter/ethernet_events.sv ../../../hdl/common/eth_event_counter/event_counter.sv ../../../hdl/common/csr/milan_csr.sv ../../../hdl/milan/milan_datapath.sv sim_smoke.cpp -o Vhostplane_smoke_n4
make[1]: Entering directory '/home/alex/prjs-avb-on-fpga/milan-fpga/tb/verilator/hostplane/obj_n4'
make[1]: Nothing to be done for 'default'.
make[1]: Leaving directory '/home/alex/prjs-avb-on-fpga/milan-fpga/tb/verilator/hostplane/obj_n4'
- V e r i l a t i o n   R e p o r t: Verilator 5.050 2026-07-01 rev v5.050
- Verilator: Built from 0.000 MB sources in 0 modules, into 0.000 MB in 0 C++ files needing 0.000 MB
- Verilator: Walltime 0.039 s (elab=0.000, cvt=0.000, bld=0.036); cpu 0.004 s on 96 threads; allocated 16.488 MB
verilator +incdir+../../../configs/generated/endstation_ax7101_8x8 --cc --exe --build -j 0 --top-module milan_datapath +incdir+../../../hdl/common +incdir+../../../hdl/common/csr +incdir+../../../hdl/common/eth_event_counter +incdir+../../../hdl/ieee17221/adp +incdir+../../../hdl/ieee8021q/ts +incdir+../../../hdl/ieee8021as/ptp_timestamp +incdir+../../../third_party/verilog-axis/rtl +incdir+../../../hdl/ieee17221/aecp +incdir+../../../hdl/ieee17221/aecp/gen -Wall -Wno-fatal -Werror-USERERROR -Werror-UNDRIVEN -Wno-DECLFILENAME -Wno-UNUSEDSIGNAL -Wno-WIDTHEXPAND -Wno-WIDTHTRUNC -Wno-UNUSEDPARAM -Wno-PINCONNECTEMPTY -Wno-IMPORTSTAR -Wno-CASEINCOMPLETE -Wno-EOFNEWLINE -Wno-PINMISSING -Wno-SELRANGE -Wno-TIMESCALEMOD -CFLAGS "-std=c++17 -O2" --Mdir obj_tdm8 -GN_STREAMS=8 -GMILAN_CLK_FREQ_HZ=100000000 -GAUDIO_IF_SLOTS_P=8 \
	-CFLAGS "-DNSTREAMS_TB=8 -DMILAN_CLK_TB=100000000 -DTDM_SHAPE_TB=1 -DSHAPE_NAME=\\\"tdm8-8x-100MHz\\\"" \
	../../../hdl/common/ethernet_packet_pkg.sv ../../../hdl/common/axi_stream_if.sv ../../../hdl/ieee17221/adp/adp_pkg.sv ../../../third_party/verilog-axis/rtl/axis_fifo.v ../../../third_party/verilog-axis/rtl/axis_demux.v ../../../third_party/verilog-axis/rtl/axis_arb_mux.v ../../../third_party/verilog-axis/rtl/arbiter.v ../../../third_party/verilog-axis/rtl/priority_encoder.v ../../../hdl/ieee8021q/ts/traffic_class_map.sv ../../../hdl/ieee8021q/ts/traffic_classifier.sv ../../../hdl/ieee8021q/ts/credit_based_shaper.sv ../../../hdl/ieee8021q/ts/traffic_shaping_core.sv ../../../hdl/ieee8021q/ts/traffic_queues.sv ../../../hdl/ieee8021q/ts/traffic_controller_802_1q.sv ../../../hdl/ieee8021as/ptp_timestamp/timestamp_counter.sv ../../../hdl/ieee8021as/ptp_timestamp/ptp_csr_sync.sv ../../../hdl/common/cdc_pulse.sv ../../../hdl/common/cdc_handshake.sv ../../../hdl/common/axis_mux_rr_2in_1out.sv ../../../hdl/ieee8021as/ptp_timestamp/ptp_ts_core.sv ../../../hdl/ieee8021as/ptp_timestamp/ptp_ts_top.sv ../../../hdl/ieee8021as/ptp_timestamp/KL_ptp_clock_validity.sv ../../../hdl/ieee8021q/filtering/tcam.sv ../../../hdl/ieee8021q/filtering/rx_mac_filter.sv ../../../hdl/common/tx_ifg_gasket.sv ../../../hdl/ieee1722/aaf/KL_pcm_lpf.sv ../../../hdl/common/KL_link_guard.sv ../../../hdl/ieee17221/adp/adp_advertiser.sv ../../../hdl/ieee17221/adp/adp_tx_arbiter.sv ../../../hdl/ieee17221/aecp/aecp_pkg.sv ../../../hdl/ieee17221/aecp/KL_aecp_packet_validator.sv ../../../hdl/ieee17221/aecp/KL_aecp_common_parser.sv ../../../hdl/ieee17221/aecp/KL_aecp_l0_state.sv ../../../hdl/ieee17221/aecp/KL_aecp_timers.sv ../../../hdl/ieee17221/aecp/KL_aecp_accessor.sv ../../../hdl/ieee17221/aecp/KL_aecp_aem_store.sv ../../../hdl/ieee17221/aecp/KL_aecp_aem_dyn_mux.sv ../../../hdl/ieee17221/aecp/KL_aecp_response_builder.sv ../../../hdl/ieee17221/aecp/KL_aecp_ingress.sv ../../../hdl/ieee17221/aecp/KL_aecp_top.sv ../../../hdl/ieee17221/acmp/acmp_pkg.sv ../../../hdl/ieee17221/acmp/KL_acmp_tlkr_ctx.sv ../../../hdl/ieee17221/acmp/KL_acmp_responder.sv ../../../hdl/ieee17221/acmp/KL_acmp_lstn_ctx.sv ../../../hdl/ieee17221/acmp/KL_acmp_listener.sv ../../../hdl/ieee8021q/srp/lwsrp_pkg.sv ../../../hdl/ieee8021q/srp/KL_lwsrp_timers.sv ../../../hdl/ieee8021q/srp/KL_lwsrp_tx.sv ../../../hdl/ieee8021q/srp/KL_lwsrp_ingress.sv ../../../hdl/ieee8021q/srp/KL_lwsrp_walker.sv ../../../hdl/ieee8021q/srp/KL_lwsrp_registrar.sv ../../../hdl/ieee8021q/srp/KL_lwsrp_ta_registrar.sv ../../../hdl/ieee8021q/srp/KL_lwsrp_ctx.sv ../../../hdl/ieee8021q/srp/KL_lwsrp_ctx_tx.sv ../../../hdl/ieee8021q/srp/KL_lwsrp_rx.sv ../../../hdl/ieee8021q/srp/KL_lwsrp_bw_gate.sv ../../../hdl/ieee8021q/srp/KL_lwsrp_top.sv ../../../hdl/ieee1722/aaf/aaf_talker_i2s.sv ../../../hdl/ieee1722/aaf/KL_aaf_rx_depacketizer.sv ../../../hdl/ieee1722/aaf/KL_i2s_playback.sv ../../../hdl/ieee1722/aaf/KL_i2s_feed_mux.sv ../../../hdl/ieee1722/aaf/KL_tone_gen.sv ../../../hdl/ieee1722/aaf/KL_aaf_latency_taps.sv ../../../hdl/ieee1722/aaf/KL_media_adv.sv ../../../hdl/common/cdc_pair_fifo.sv ../../../hdl/ieee1722/avtp/avtp_subtype_pkg.sv ../../../hdl/ieee1722/avtp/avtp_stream_parser.sv ../../../hdl/ieee1722/avtp/KL_stream_table.sv ../../../hdl/ieee1722/avtp/KL_avtp_rx_monitor.sv ../../../hdl/ieee1722/avtp/KL_avtp_rx_monitor_ctx.sv ../../../hdl/ieee1722/aaf/KL_pcm_route.sv ../../../hdl/ieee1722/aaf/KL_aaf_capture_i2s.sv ../../../hdl/ieee1722/aaf/KL_tdm_capture.sv ../../../hdl/ieee1722/aaf/KL_tdm_capture_master.sv ../../../hdl/ieee1722/aaf/KL_tdm_render.sv ../../../hdl/ieee1722/aaf/KL_chan_map_render.sv ../../../hdl/ieee1722/aaf/KL_chan_map_capture.sv ../../../hdl/ieee1722/aaf/KL_aaf_packetizer.sv ../../../hdl/ieee1722/crf/KL_crf_rx.sv ../../../hdl/ieee1722/crf/KL_crf_tx.sv ../../../hdl/ieee1722/crf/KL_mmcm_drp_servo.sv ../../../hdl/ieee1722/maap/KL_maap.sv ../../../hdl/common/eth_event_counter/ethernet_events.sv ../../../hdl/common/eth_event_counter/event_counter.sv ../../../hdl/common/csr/milan_csr.sv ../../../hdl/milan/milan_datapath.sv sim_smoke.cpp -o Vhostplane_smoke_tdm8
make[1]: Entering directory '/home/alex/prjs-avb-on-fpga/milan-fpga/tb/verilator/hostplane/obj_tdm8'
make[1]: Nothing to be done for 'default'.
make[1]: Leaving directory '/home/alex/prjs-avb-on-fpga/milan-fpga/tb/verilator/hostplane/obj_tdm8'
- V e r i l a t i o n   R e p o r t: Verilator 5.050 2026-07-01 rev v5.050
- Verilator: Built from 0.000 MB sources in 0 modules, into 0.000 MB in 0 C++ files needing 0.000 MB
- Verilator: Walltime 0.042 s (elab=0.000, cvt=0.000, bld=0.037); cpu 0.005 s on 96 threads; allocated 16.488 MB
verilator +incdir+../../../configs/generated/endstation_ax7101_8x8 --cc --exe --build -j 0 --top-module milan_datapath +incdir+../../../hdl/common +incdir+../../../hdl/common/csr +incdir+../../../hdl/common/eth_event_counter +incdir+../../../hdl/ieee17221/adp +incdir+../../../hdl/ieee8021q/ts +incdir+../../../hdl/ieee8021as/ptp_timestamp +incdir+../../../third_party/verilog-axis/rtl +incdir+../../../hdl/ieee17221/aecp +incdir+../../../hdl/ieee17221/aecp/gen -Wall -Wno-fatal -Werror-USERERROR -Werror-UNDRIVEN -Wno-DECLFILENAME -Wno-UNUSEDSIGNAL -Wno-WIDTHEXPAND -Wno-WIDTHTRUNC -Wno-UNUSEDPARAM -Wno-PINCONNECTEMPTY -Wno-IMPORTSTAR -Wno-CASEINCOMPLETE -Wno-EOFNEWLINE -Wno-PINMISSING -Wno-SELRANGE -Wno-TIMESCALEMOD -CFLAGS "-std=c++17 -O2" --Mdir obj_tdm32m -GN_STREAMS=8 -GMILAN_CLK_FREQ_HZ=100000000 -GAUDIO_IF_SLOTS_P=32 -GAUDIO_IF_MASTER_P=1 -GAUDIO_IF_CLK_HZ_P=98304000 -GTALKER_WIRE_CHANS_P=8 \
	-CFLAGS "-DNSTREAMS_TB=8 -DMILAN_CLK_TB=100000000 -DTDM_SHAPE_TB=1 -DSHAPE_NAME=\\\"tdm32master-8x-100MHz\\\"" \
	../../../hdl/common/ethernet_packet_pkg.sv ../../../hdl/common/axi_stream_if.sv ../../../hdl/ieee17221/adp/adp_pkg.sv ../../../third_party/verilog-axis/rtl/axis_fifo.v ../../../third_party/verilog-axis/rtl/axis_demux.v ../../../third_party/verilog-axis/rtl/axis_arb_mux.v ../../../third_party/verilog-axis/rtl/arbiter.v ../../../third_party/verilog-axis/rtl/priority_encoder.v ../../../hdl/ieee8021q/ts/traffic_class_map.sv ../../../hdl/ieee8021q/ts/traffic_classifier.sv ../../../hdl/ieee8021q/ts/credit_based_shaper.sv ../../../hdl/ieee8021q/ts/traffic_shaping_core.sv ../../../hdl/ieee8021q/ts/traffic_queues.sv ../../../hdl/ieee8021q/ts/traffic_controller_802_1q.sv ../../../hdl/ieee8021as/ptp_timestamp/timestamp_counter.sv ../../../hdl/ieee8021as/ptp_timestamp/ptp_csr_sync.sv ../../../hdl/common/cdc_pulse.sv ../../../hdl/common/cdc_handshake.sv ../../../hdl/common/axis_mux_rr_2in_1out.sv ../../../hdl/ieee8021as/ptp_timestamp/ptp_ts_core.sv ../../../hdl/ieee8021as/ptp_timestamp/ptp_ts_top.sv ../../../hdl/ieee8021as/ptp_timestamp/KL_ptp_clock_validity.sv ../../../hdl/ieee8021q/filtering/tcam.sv ../../../hdl/ieee8021q/filtering/rx_mac_filter.sv ../../../hdl/common/tx_ifg_gasket.sv ../../../hdl/ieee1722/aaf/KL_pcm_lpf.sv ../../../hdl/common/KL_link_guard.sv ../../../hdl/ieee17221/adp/adp_advertiser.sv ../../../hdl/ieee17221/adp/adp_tx_arbiter.sv ../../../hdl/ieee17221/aecp/aecp_pkg.sv ../../../hdl/ieee17221/aecp/KL_aecp_packet_validator.sv ../../../hdl/ieee17221/aecp/KL_aecp_common_parser.sv ../../../hdl/ieee17221/aecp/KL_aecp_l0_state.sv ../../../hdl/ieee17221/aecp/KL_aecp_timers.sv ../../../hdl/ieee17221/aecp/KL_aecp_accessor.sv ../../../hdl/ieee17221/aecp/KL_aecp_aem_store.sv ../../../hdl/ieee17221/aecp/KL_aecp_aem_dyn_mux.sv ../../../hdl/ieee17221/aecp/KL_aecp_response_builder.sv ../../../hdl/ieee17221/aecp/KL_aecp_ingress.sv ../../../hdl/ieee17221/aecp/KL_aecp_top.sv ../../../hdl/ieee17221/acmp/acmp_pkg.sv ../../../hdl/ieee17221/acmp/KL_acmp_tlkr_ctx.sv ../../../hdl/ieee17221/acmp/KL_acmp_responder.sv ../../../hdl/ieee17221/acmp/KL_acmp_lstn_ctx.sv ../../../hdl/ieee17221/acmp/KL_acmp_listener.sv ../../../hdl/ieee8021q/srp/lwsrp_pkg.sv ../../../hdl/ieee8021q/srp/KL_lwsrp_timers.sv ../../../hdl/ieee8021q/srp/KL_lwsrp_tx.sv ../../../hdl/ieee8021q/srp/KL_lwsrp_ingress.sv ../../../hdl/ieee8021q/srp/KL_lwsrp_walker.sv ../../../hdl/ieee8021q/srp/KL_lwsrp_registrar.sv ../../../hdl/ieee8021q/srp/KL_lwsrp_ta_registrar.sv ../../../hdl/ieee8021q/srp/KL_lwsrp_ctx.sv ../../../hdl/ieee8021q/srp/KL_lwsrp_ctx_tx.sv ../../../hdl/ieee8021q/srp/KL_lwsrp_rx.sv ../../../hdl/ieee8021q/srp/KL_lwsrp_bw_gate.sv ../../../hdl/ieee8021q/srp/KL_lwsrp_top.sv ../../../hdl/ieee1722/aaf/aaf_talker_i2s.sv ../../../hdl/ieee1722/aaf/KL_aaf_rx_depacketizer.sv ../../../hdl/ieee1722/aaf/KL_i2s_playback.sv ../../../hdl/ieee1722/aaf/KL_i2s_feed_mux.sv ../../../hdl/ieee1722/aaf/KL_tone_gen.sv ../../../hdl/ieee1722/aaf/KL_aaf_latency_taps.sv ../../../hdl/ieee1722/aaf/KL_media_adv.sv ../../../hdl/common/cdc_pair_fifo.sv ../../../hdl/ieee1722/avtp/avtp_subtype_pkg.sv ../../../hdl/ieee1722/avtp/avtp_stream_parser.sv ../../../hdl/ieee1722/avtp/KL_stream_table.sv ../../../hdl/ieee1722/avtp/KL_avtp_rx_monitor.sv ../../../hdl/ieee1722/avtp/KL_avtp_rx_monitor_ctx.sv ../../../hdl/ieee1722/aaf/KL_pcm_route.sv ../../../hdl/ieee1722/aaf/KL_aaf_capture_i2s.sv ../../../hdl/ieee1722/aaf/KL_tdm_capture.sv ../../../hdl/ieee1722/aaf/KL_tdm_capture_master.sv ../../../hdl/ieee1722/aaf/KL_tdm_render.sv ../../../hdl/ieee1722/aaf/KL_chan_map_render.sv ../../../hdl/ieee1722/aaf/KL_chan_map_capture.sv ../../../hdl/ieee1722/aaf/KL_aaf_packetizer.sv ../../../hdl/ieee1722/crf/KL_crf_rx.sv ../../../hdl/ieee1722/crf/KL_crf_tx.sv ../../../hdl/ieee1722/crf/KL_mmcm_drp_servo.sv ../../../hdl/ieee1722/maap/KL_maap.sv ../../../hdl/common/eth_event_counter/ethernet_events.sv ../../../hdl/common/eth_event_counter/event_counter.sv ../../../hdl/common/csr/milan_csr.sv ../../../hdl/milan/milan_datapath.sv sim_smoke.cpp -o Vhostplane_smoke_tdm32m
make[1]: Entering directory '/home/alex/prjs-avb-on-fpga/milan-fpga/tb/verilator/hostplane/obj_tdm32m'
make[1]: Nothing to be done for 'default'.
make[1]: Leaving directory '/home/alex/prjs-avb-on-fpga/milan-fpga/tb/verilator/hostplane/obj_tdm32m'
- V e r i l a t i o n   R e p o r t: Verilator 5.050 2026-07-01 rev v5.050
- Verilator: Built from 0.000 MB sources in 0 modules, into 0.000 MB in 0 C++ files needing 0.000 MB
- Verilator: Walltime 0.036 s (elab=0.000, cvt=0.000, bld=0.031); cpu 0.005 s on 96 threads; allocated 16.488 MB
  [ ok ] elaboration guard REFUSED: wire width past the front-end supply
  [ ok ] elaboration guard REFUSED: TDM32 master on the 24.576 MHz audio clock
  [ ok ] elaboration guard REFUSED: TDM master with no TDM slots
checks: 3   failures: 0   shape: elaboration-guards
=== hostplane: milan_datapath SILICON SHAPE (N=8, 100 MHz) ===
LTAP same-cycle staging FIXED 2026-07-26 (cascade walk in KL_aaf_latency_taps).
[S] bring-up: identity + station MAC + PTP + TCAM shield + binds
  [PASS] ID == 'MILN'                                         got=0x4d494c4e exp=0x4d494c4e
  [PASS] VERSION major 1                                      got=0x1 exp=0x1
  [PASS] TCAM default_pass still 1                            got=0x1 exp=0x1
  [PASS] stream 1 CTRL readback (engine port B)               got=0x3 exp=0x3
[A] host RX delivery under concurrent AAF stream traffic
  [PASS] exactly 3 host frames delivered                      got=0x3 exp=0x3
  [PASS] host[0] = broadcast ARP byte-exact                   got=0x1 exp=0x1
  [PASS] host[1] = unicast-to-station byte-exact              got=0x1 exp=0x1
  [PASS] host[2] = gPTP peer-multicast byte-exact             got=0x1 exp=0x1
  [PASS] concurrent AAF landed on the PCM ring (4)            got=0x4 exp=0x4
  [PASS] ring frames tuser=1, 48-byte payloads                got=0x1 exp=0x1
  [PASS] AAF talker t0 emitting concurrently                  got=0x1 exp=0x1
[B] ts-record production (record contract v2.1)
  [PASS] RX event: exactly one 2-beat record                  got=0x2 exp=0x2
  [PASS] RX record ns nonzero                                 got=0x1 exp=0x1
  [PASS] RX record dir=RX                                     got=0x0 exp=0x0
  [PASS] RX record marker=1                                   got=0x1 exp=0x1
  [PASS] RX record mtype=2                                    got=0x2 exp=0x2
  [PASS] RX record seq=0xBEEF                                 got=0xbeef exp=0xbeef
  [PASS] RX general: no record                                got=0x0 exp=0x0
  [PASS] TX event frame egressed on MAC port                  got=0x1 exp=0x1
  [PASS] TX event: exactly one 2-beat record                  got=0x2 exp=0x2
  [PASS] TX record dir=TX                                     got=0x1 exp=0x1
  [PASS] TX record marker=1                                   got=0x1 exp=0x1
  [PASS] TX record mtype=3                                    got=0x3 exp=0x3
  [PASS] TX record seq=0x1234                                 got=0x1234 exp=0x1234
  [PASS] TX general frame egressed on MAC port                got=0x1 exp=0x1
  [PASS] TX general: no record                                got=0x0 exp=0x0
[C] no-leak both ways (TCAM shield / media isolation)
  [PASS] bound AVTP: zero leak to host lane                   got=0x0 exp=0x0
  [PASS] bound AVTP: fabric consumed all 3 (ring)             got=0x3 exp=0x3
  [PASS] bound AVTP: shared depkt count +3                    got=0x3 exp=0x3
  [PASS] host frames: zero leak to PCM ring                   got=0x0 exp=0x0
  [PASS] host frames: depkt count unchanged                   got=0x0 exp=0x0
  [PASS] host frames delivered meanwhile (3)                  got=0x3 exp=0x3
  [PASS] stream1 FRAMES_RX total 9 (isolated)                 got=0x9 exp=0x9
  [PASS] whitelist: exactly our 3 host frames                 got=0x3 exp=0x3
  [PASS] whitelist: foreign unicast dropped                   got=0x1 exp=0x1
  [PASS] whitelist: bound AAF still consumed pre-filter       got=0x1 exp=0x1
[D] host-lane backpressure: taps/telemetry live, no stream loss
  [PASS] stalled host: 6 AAF frames reached the ring          got=0x6 exp=0x6
  [PASS] stalled host: ring payloads in order, byte-exact     got=0x1 exp=0x1
  [PASS] stalled host: LTAP RX samples advanced               got=0x1 exp=0x1
  [PASS] stalled host: LTAP RX epoch latched nonzero          got=0x1 exp=0x1
  [PASS] still stalled: no host beat escaped                  got=0x0 exp=0x0
  [PASS] release: wedged host frame delivered                 got=0x1 exp=0x1
  [PASS] release: host frame byte-exact                       got=0x1 exp=0x1
  [PASS] release: both queued AAF frames on ring              got=0x2 exp=0x2
  [PASS] release: ring order preserved (0x21 then 0x43)       got=0x1 exp=0x1
  [PASS] taps off: stream data unaffected (2 ring frames)     got=0x2 exp=0x2
  [PASS] taps off: payload byte-exact                         got=0x1 exp=0x1
  [PASS] taps re-enabled: sampling resumes                    got=0x1 exp=0x1
  [PASS] taps re-enabled: stream data still clean             got=0x2 exp=0x2
  [PASS] single-frame RX token completes (DEPKT/RING same-cycle) got=0x1 exp=0x1
  [PASS] single-frame token: no timeout burned                got=0x0 exp=0x0
  info: LTAP_CTRL status after single frame = 0x00000302 (bit12 rx_active, [15:13] awaited stage)
--------------------------------------------------------------
checks: 51   failures: 0
RESULT: PASS
=== hostplane SMOKE shape small-1x-50MHz (N=1, 50 MHz) ===
LTAP same-cycle staging fixed 2026-07-26 (cascade walk)
  [PASS] ID == 'MILN'                                         got=0x4d494c4e exp=0x4d494c4e
  [PASS] exactly 3 host frames delivered                      got=0x3 exp=0x3
  [PASS] host[0] broadcast ARP byte-exact                     got=0x1 exp=0x1
  [PASS] host[1] unicast-to-station byte-exact                got=0x1 exp=0x1
  [PASS] host[2] gPTP peer-multicast byte-exact               got=0x1 exp=0x1
  [PASS] RX event: exactly one 2-beat ts record               got=0x2 exp=0x2
  [PASS] record seq=0xBEEF dir=RX                             got=0xbeef exp=0xbeef
  [PASS] no ring traffic in unbound shape                     got=0x0 exp=0x0
--------------------------------------------------------------
checks: 8   failures: 0   shape: small-1x-50MHz
RESULT: PASS
=== hostplane SMOKE shape mid-4x-100MHz (N=4, 100 MHz) ===
LTAP same-cycle staging fixed 2026-07-26 (cascade walk)
  [PASS] ID == 'MILN'                                         got=0x4d494c4e exp=0x4d494c4e
  [PASS] stream 1 CTRL readback (engine port B)               got=0x3 exp=0x3
  [PASS] exactly 3 host frames delivered                      got=0x3 exp=0x3
  [PASS] host[0] broadcast ARP byte-exact                     got=0x1 exp=0x1
  [PASS] host[1] unicast-to-station byte-exact                got=0x1 exp=0x1
  [PASS] host[2] gPTP peer-multicast byte-exact               got=0x1 exp=0x1
  [PASS] RX event: exactly one 2-beat ts record               got=0x2 exp=0x2
  [PASS] record seq=0xBEEF dir=RX                             got=0xbeef exp=0xbeef
  [PASS] bound AAF consumed by fabric (2 ring frames)         got=0x2 exp=0x2
--------------------------------------------------------------
checks: 9   failures: 0   shape: mid-4x-100MHz
RESULT: PASS
=== hostplane SMOKE shape tdm8-8x-100MHz (N=8, 100 MHz) ===
LTAP same-cycle staging fixed 2026-07-26 (cascade walk)
  [PASS] ID == 'MILN'                                         got=0x4d494c4e exp=0x4d494c4e
  [PASS] stream 1 CTRL readback (engine port B)               got=0x3 exp=0x3
  [PASS] exactly 3 host frames delivered                      got=0x3 exp=0x3
  [PASS] host[0] broadcast ARP byte-exact                     got=0x1 exp=0x1
  [PASS] host[1] unicast-to-station byte-exact                got=0x1 exp=0x1
  [PASS] host[2] gPTP peer-multicast byte-exact               got=0x1 exp=0x1
  [PASS] RX event: exactly one 2-beat ts record               got=0x2 exp=0x2
  [PASS] record seq=0xBEEF dir=RX                             got=0xbeef exp=0xbeef
  [PASS] bound AAF consumed by fabric (2 ring frames)         got=0x2 exp=0x2
--------------------------------------------------------------
checks: 9   failures: 0   shape: tdm8-8x-100MHz
RESULT: PASS
=== hostplane SMOKE shape tdm32master-8x-100MHz (N=8, 100 MHz) ===
LTAP same-cycle staging fixed 2026-07-26 (cascade walk)
  [PASS] ID == 'MILN'                                         got=0x4d494c4e exp=0x4d494c4e
  [PASS] stream 1 CTRL readback (engine port B)               got=0x3 exp=0x3
  [PASS] exactly 3 host frames delivered                      got=0x3 exp=0x3
  [PASS] host[0] broadcast ARP byte-exact                     got=0x1 exp=0x1
  [PASS] host[1] unicast-to-station byte-exact                got=0x1 exp=0x1
  [PASS] host[2] gPTP peer-multicast byte-exact               got=0x1 exp=0x1
  [PASS] RX event: exactly one 2-beat ts record               got=0x2 exp=0x2
  [PASS] record seq=0xBEEF dir=RX                             got=0xbeef exp=0xbeef
  [PASS] bound AAF consumed by fabric (2 ring frames)         got=0x2 exp=0x2
--------------------------------------------------------------
checks: 9   failures: 0   shape: tdm32master-8x-100MHz
RESULT: PASS
make: Leaving directory '/home/alex/prjs-avb-on-fpga/milan-fpga/tb/verilator/hostplane'
