make: Entering directory '/home/alex/prjs-avb-on-fpga/milan-fpga/tb/verilator/i2spb'
verilator --cc --exe --build -j 8 --top-module KL_i2s_playback \
  -Wall -Wno-fatal -Wno-DECLFILENAME -Wno-UNUSEDSIGNAL -Wno-WIDTHEXPAND \
  -Wno-WIDTHTRUNC -Wno-UNUSEDPARAM -Wno-EOFNEWLINE \
  -CFLAGS "-std=c++17 -O2" \
  ../../../hdl/common/cdc_pair_fifo.sv ../../../hdl/common/cdc_pulse.sv \
  ../../../hdl/ieee1722/aaf/KL_i2s_playback.sv \
  sim_main.cpp -o Vi2spb_sim
make[1]: Entering directory '/home/alex/prjs-avb-on-fpga/milan-fpga/tb/verilator/i2spb/obj_dir'
make[1]: Nothing to be done for 'default'.
make[1]: Leaving directory '/home/alex/prjs-avb-on-fpga/milan-fpga/tb/verilator/i2spb/obj_dir'
- V e r i l a t i o n   R e p o r t: Verilator 5.050 2026-07-01 rev v5.050
- Verilator: Built from 0.000 MB sources in 0 modules, into 0.000 MB in 0 C++ files needing 0.000 MB
- Verilator: Walltime 0.019 s (elab=0.000, cvt=0.000, bld=0.018); cpu 0.001 s on 8 threads; allocated 16.355 MB
./obj_dir/Vi2spb_sim
  [ ok ] [W] C=2 pairs (1/beat) = 6
  [ ok ] [W] C=8 first-pair only = 2
  [ ok ] [W] C=3 odd straddle = 2
  [ ok ] [W] C=1 mono 2/beat (staging) = 6
  [ ok ] [W] prefill still holding feeder = 0
decoded 144 samples, longest consecutive run 138, bad jumps 0
  s[4]=0x000000
  s[5]=0x000000
  s[6]=0x000001
  s[7]=0x000002
  s[8]=0x000003
  s[9]=0x000004
  s[10]=0x000005
  s[11]=0x000006
  s[12]=0x000007
  s[13]=0x000008
  s[14]=0x000009
  s[15]=0x00000A
  s[16]=0x00000B
  s[17]=0x00000C
  s[18]=0x00000D
  s[19]=0x00000E
  [ ok ] [A] enough samples decoded = 1
  [ ok ] [A] zero bad jumps (no CDC corruption) = 1
  [ ok ] [C] underrun rail armed = 1
  [ ok ] [C] overrun rail armed = 1
  [ ok ] [C] overruns cleared = 0
  [ ok ] [C] underruns untouched by over-clear = 4
  [ ok ] [C] underruns cleared = 0
  [ ok ] [C] overrun rail re-armed = 1
i2spb-async: 13 checks, 0 failures
make: Leaving directory '/home/alex/prjs-avb-on-fpga/milan-fpga/tb/verilator/i2spb'
