make: Entering directory '/home/alex/prjs-avb-on-fpga/milan-fpga/tb/verilator/mac_rmon'
verilator --cc --exe --build -j 0 --top-module KL_mac_rmon_events +incdir+../../../hdl/common/eth_event_counter -Wall -Wno-fatal -Werror-UNDRIVEN -Wno-DECLFILENAME -Wno-UNUSEDSIGNAL -Wno-UNUSEDPARAM -Wno-WIDTHEXPAND -Wno-WIDTHTRUNC -Wno-EOFNEWLINE -Wno-TIMESCALEMOD -CFLAGS "-std=c++17 -O2" --Mdir obj_full ../../../hdl/common/eth_event_counter/KL_mac_rmon_events.sv ../../../hdl/common/cdc_pulse.sv sim_main.cpp -o Vfull
make[1]: Entering directory '/home/alex/prjs-avb-on-fpga/milan-fpga/tb/verilator/mac_rmon/obj_full'
make[1]: Nothing to be done for 'default'.
make[1]: Leaving directory '/home/alex/prjs-avb-on-fpga/milan-fpga/tb/verilator/mac_rmon/obj_full'
- V e r i l a t i o n   R e p o r t: Verilator 5.050 2026-07-01 rev v5.050
- Verilator: Built from 0.000 MB sources in 0 modules, into 0.000 MB in 0 C++ files needing 0.000 MB
- Verilator: Walltime 0.019 s (elab=0.000, cvt=0.000, bld=0.018); cpu 0.001 s on 96 threads; allocated 16.355 MB
./obj_full/Vfull
== KL_mac_rmon_events (full MAC) ==
  [ ok ] [1a] cap_o = 0 while unattached=0
  [ ok ] [1b] unattached: zero events on every lane=0
  [ ok ] [2a] cap_o matches the build's real sources=440
  [ ok ] [2b] TX_ERROR_UNDERFLOW declared unsupported=0
  [ ok ] [2b] TX_FIFO_OVERFLOW declared unsupported=0
  [ ok ] [2b] TX_FIFO_BAD_FRAME declared unsupported=0
  [ ok ] [2b] RX_FIFO_OVERFLOW declared unsupported=0
  [ ok ] [3a] TX_FIFO_GOOD_FRAME = 1 per frame=1
  [ ok ] [3b] the pulse is 1 dp cycle wide=0
  [ ok ] [3c] three frames -> three pulses=3
  [ ok ] [4a] mid-frame beats do not count=0
  [ ok ] [4b] backpressured tlast does not count (TX)=0
  [ ok ] [4c] backpressured tlast does not count (RX)=0
  [ ok ] [4d] RX backpressure is NOT reported as overflow=0
  [ ok ] [5a] clean RX frame -> GOOD_FRAME 1=1
  [ ok ] [5b] clean RX frame -> BAD_FRAME 0=0
  [ ok ] [5c] flagged RX frame -> BAD_FRAME 1=1
  [ ok ] [5d] flagged RX frame is NOT also good=0
  [ ok ] [6a] FCS counter +2 -> 2 BAD_FCS pulses=2
  [ ok ] [6b] preamble counter +1 -> 1 BAD_FRAME pulse=1
  [ ok ] [7a] FCS counter reset emits nothing=0
  [ ok ] [7b] preamble counter reset emits nothing=0
  [ ok ] [8] TX_ERROR_UNDERFLOW structurally silent=0
  [ ok ] [8] TX_FIFO_OVERFLOW structurally silent=0
  [ ok ] [8] TX_FIFO_BAD_FRAME structurally silent=0
  [ ok ] [8] RX_FIFO_OVERFLOW structurally silent=0
  [ ok ] [9a] cap_o returns to 0 on detach=0
  [ ok ] [9b] detached boundary emits nothing=0
mac_rmon(full): 28 checks, 0 failures
verilator --cc --exe --build -j 0 --top-module KL_mac_rmon_events +incdir+../../../hdl/common/eth_event_counter -Wall -Wno-fatal -Werror-UNDRIVEN -Wno-DECLFILENAME -Wno-UNUSEDSIGNAL -Wno-UNUSEDPARAM -Wno-WIDTHEXPAND -Wno-WIDTHTRUNC -Wno-EOFNEWLINE -Wno-TIMESCALEMOD -CFLAGS "-std=c++17 -O2" --Mdir obj_nochk \
  -GHAS_FCS_CHECK_P=0 -GHAS_ALIGN_CHECK_P=0 -GHAS_RX_ERR_FLAG_P=0 \
  ../../../hdl/common/eth_event_counter/KL_mac_rmon_events.sv ../../../hdl/common/cdc_pulse.sv sim_main.cpp -o Vnochk
make[1]: Entering directory '/home/alex/prjs-avb-on-fpga/milan-fpga/tb/verilator/mac_rmon/obj_nochk'
make[1]: Nothing to be done for 'default'.
make[1]: Leaving directory '/home/alex/prjs-avb-on-fpga/milan-fpga/tb/verilator/mac_rmon/obj_nochk'
- V e r i l a t i o n   R e p o r t: Verilator 5.050 2026-07-01 rev v5.050
- Verilator: Built from 0.000 MB sources in 0 modules, into 0.000 MB in 0 C++ files needing 0.000 MB
- Verilator: Walltime 0.020 s (elab=0.000, cvt=0.000, bld=0.018); cpu 0.001 s on 96 threads; allocated 16.355 MB
./obj_nochk/Vnochk --nochk
== KL_mac_rmon_events (no MAC checks) ==
  [ ok ] [1a] cap_o = 0 while unattached=0
  [ ok ] [1b] unattached: zero events on every lane=0
  [ ok ] [2a] cap_o matches the build's real sources=264
  [ ok ] [2b] TX_ERROR_UNDERFLOW declared unsupported=0
  [ ok ] [2b] TX_FIFO_OVERFLOW declared unsupported=0
  [ ok ] [2b] TX_FIFO_BAD_FRAME declared unsupported=0
  [ ok ] [2b] RX_FIFO_OVERFLOW declared unsupported=0
  [ ok ] [3a] TX_FIFO_GOOD_FRAME = 1 per frame=1
  [ ok ] [3b] the pulse is 1 dp cycle wide=0
  [ ok ] [3c] three frames -> three pulses=3
  [ ok ] [4a] mid-frame beats do not count=0
  [ ok ] [4b] backpressured tlast does not count (TX)=0
  [ ok ] [4c] backpressured tlast does not count (RX)=0
  [ ok ] [4d] RX backpressure is NOT reported as overflow=0
  [ ok ] [5a] clean RX frame -> GOOD_FRAME 1=1
  [ ok ] [5b] clean RX frame -> BAD_FRAME 0=0
  [ ok ] [5c] flag-less MAC counts it good=1
  [ ok ] [5d] flag-less MAC never claims BAD_FRAME=0
  [ ok ] [6a] FCS counter +2 -> 2 BAD_FCS pulses=0
  [ ok ] [6b] preamble counter +1 -> 1 BAD_FRAME pulse=0
  [ ok ] [7a] FCS counter reset emits nothing=0
  [ ok ] [7b] preamble counter reset emits nothing=0
  [ ok ] [8] TX_ERROR_UNDERFLOW structurally silent=0
  [ ok ] [8] TX_FIFO_OVERFLOW structurally silent=0
  [ ok ] [8] TX_FIFO_BAD_FRAME structurally silent=0
  [ ok ] [8] RX_FIFO_OVERFLOW structurally silent=0
  [ ok ] [9a] cap_o returns to 0 on detach=0
  [ ok ] [9b] detached boundary emits nothing=0
mac_rmon(nochk): 28 checks, 0 failures
make: Leaving directory '/home/alex/prjs-avb-on-fpga/milan-fpga/tb/verilator/mac_rmon'
