FAIL: GI RESET solicited: complete Milan response
FAIL: GI RESET solicited: complete Milan response
FAIL: GI BIND-ACTIVE unsolicited: complete Milan response
FAIL: GI BIND-ACTIVE solicited: complete Milan response
FAIL: GI BIND-ACTIVE: solicited and unsolicited bodies agree for sink 0
FAIL: GI BIND-TIMEOUT unsolicited: complete Milan response
FAIL: GI BIND-TIMEOUT solicited: complete Milan response
FAIL: GI BIND-TIMEOUT: solicited and unsolicited bodies agree for sink 0
FAIL: GI PASSIVE unsolicited: complete Milan response
FAIL: GI PASSIVE solicited: complete Milan response
FAIL: GI PASSIVE: solicited and unsolicited bodies agree for sink 0
FAIL: GI BIND-ACTIVE unsolicited: complete Milan response
FAIL: GI BIND-ACTIVE solicited: complete Milan response
FAIL: GI BIND-ACTIVE: solicited and unsolicited bodies agree for sink 1
FAIL: GI BIND-TIMEOUT unsolicited: complete Milan response
FAIL: GI BIND-TIMEOUT solicited: complete Milan response
FAIL: GI BIND-TIMEOUT: solicited and unsolicited bodies agree for sink 1
FAIL: GI PASSIVE unsolicited: complete Milan response
FAIL: GI PASSIVE solicited: complete Milan response
FAIL: GI PASSIVE: solicited and unsolicited bodies agree for sink 1
FAIL: GI ACTIVE unsolicited: complete Milan response
FAIL: GI ACTIVE solicited: complete Milan response
FAIL: GI ACTIVE: solicited and unsolicited bodies agree for sink 0
FAIL: GI OTHER-PASSIVE solicited: complete Milan response
FAIL: GI TIMEOUT unsolicited: complete Milan response
FAIL: GI TIMEOUT solicited: complete Milan response
FAIL: GI TIMEOUT: solicited and unsolicited bodies agree for sink 0
FAIL: GI OTHER-PASSIVE solicited: complete Milan response
FAIL: GI MISSING unsolicited: byte-exact sink 2 response
  GI got (94 B): 02 02 de ad be ef 0a 0b 0c 0d 0e 0f 22 f0 fb 01 10 44 12 34 56 78 9a bc de f0 77 77 00 00 00 00 00 42 00 08 80 0f 00 05 00 02 00 00 00 00 00 00 00 00 00 00 00 00 00 00 00 00 00 00 00 00 00 00 00 00 00 00 00 00 00 00 00 00 00 00 00 00 00 00 00 00 00 00 00 00 00 00 00 00 00 00 00 00
  GI expected (94 B): 02 02 de ad be ef 0a 0b 0c 0d 0e 0f 22 f0 fb 01 10 44 12 34 56 78 9a bc de f0 77 77 00 00 00 00 00 42 00 00 80 0f 00 05 00 02 00 00 00 00 00 00 00 00 00 00 00 00 00 00 00 00 00 00 00 00 00 00 00 00 00 00 00 00 00 00 00 00 00 00 00 00 00 00 00 00 00 00 00 00 00 00 00 00 00 00 00 00
FAIL: GI MISSING-UNBIND unsolicited: byte-exact sink 2 response
  GI got (94 B): 02 02 de ad be ef 0a 0b 0c 0d 0e 0f 22 f0 fb 01 10 44 12 34 56 78 9a bc de f0 77 77 00 00 00 00 00 42 00 09 80 0f 00 05 00 02 00 00 00 00 00 00 00 00 00 00 00 00 00 00 00 00 00 00 00 00 00 00 00 00 00 00 00 00 00 00 00 00 00 00 00 00 00 00 00 00 00 00 00 00 00 00 00 00 00 00 00 00
  GI expected (94 B): 02 02 de ad be ef 0a 0b 0c 0d 0e 0f 22 f0 fb 01 10 44 12 34 56 78 9a bc de f0 77 77 00 00 00 00 00 42 00 01 80 0f 00 05 00 02 00 00 00 00 00 00 00 00 00 00 00 00 00 00 00 00 00 00 00 00 00 00 00 00 00 00 00 00 00 00 00 00 00 00 00 00 00 00 00 00 00 00 00 00 00 00 00 00 00 00 00 00
FAIL: GI RETRY-CLEAR unsolicited: complete Milan response
FAIL: GI RETRY-CLEAR solicited: complete Milan response
FAIL: GI RETRY-CLEAR: solicited and unsolicited bodies agree for sink 0
FAIL: GI COMPLETED unsolicited: complete Milan response
FAIL: GI COMPLETED solicited: complete Milan response
FAIL: GI COMPLETED: solicited and unsolicited bodies agree for sink 0
FAIL: GI ACTIVE unsolicited: complete Milan response
FAIL: GI ACTIVE solicited: complete Milan response
FAIL: GI ACTIVE: solicited and unsolicited bodies agree for sink 1
FAIL: GI COMPLETED unsolicited: complete Milan response
FAIL: GI COMPLETED solicited: complete Milan response
FAIL: GI COMPLETED: solicited and unsolicited bodies agree for sink 1
FAIL: GI FAILED-0 unsolicited: complete Milan response
FAIL: GI FAILED-0 solicited: complete Milan response
FAIL: GI FAILED-0: solicited and unsolicited bodies agree for sink 0
FAIL: GI FAILED-1 unsolicited: complete Milan response
FAIL: GI FAILED-1 solicited: complete Milan response
FAIL: GI FAILED-1: solicited and unsolicited bodies agree for sink 1
FAIL: GI DISTINCT-0 solicited: complete Milan response
FAIL: GI FAILED-REFRESH unsolicited: complete Milan response
FAIL: GI FAILED-REFRESH solicited: complete Milan response
FAIL: GI FAILED-REFRESH: solicited and unsolicited bodies agree for sink 0
FAIL: GI ADVERTISE unsolicited: complete Milan response
FAIL: GI ADVERTISE solicited: complete Milan response
FAIL: GI ADVERTISE: solicited and unsolicited bodies agree for sink 0
FAIL: GI LATENCY-BEFORE solicited: complete Milan response
FAIL: GI LATENCY-BEFORE solicited: complete Milan response
FAIL: GI LATENCY-CHANGE: exactly one unsolicited response for sink 0, got 0
FAIL: GI LATENCY-CHANGE unsolicited: complete Milan response
FAIL: GI LATENCY-READ solicited: complete Milan response
FAIL: GI LATENCY-OTHER solicited: complete Milan response
FAIL: GI LATENCY: no duplicate or unrelated response
FAIL: GI LATENCY-READ solicited: complete Milan response
FAIL: GI LATENCY-OTHER solicited: complete Milan response
FAIL: GI LATENCY: no duplicate or unrelated response
FAIL: GI LATENCY-CHANGE: exactly one unsolicited response for sink 1, got 0
FAIL: GI LATENCY-CHANGE unsolicited: complete Milan response
FAIL: GI LATENCY-READ solicited: complete Milan response
FAIL: GI LATENCY-OTHER solicited: complete Milan response
FAIL: GI LATENCY: no duplicate or unrelated response
FAIL: GI LATENCY-READ solicited: complete Milan response
FAIL: GI LATENCY-OTHER solicited: complete Milan response
FAIL: GI LATENCY: no duplicate or unrelated response
FAIL: GI LATENCY-CHANGE: exactly one unsolicited response for sink 0, got 0
FAIL: GI LATENCY-CHANGE unsolicited: complete Milan response
FAIL: GI LATENCY-READ solicited: complete Milan response
FAIL: GI LATENCY-OTHER solicited: complete Milan response
FAIL: GI LATENCY: no duplicate or unrelated response
FAIL: GI LATENCY-CHANGE: exactly one unsolicited response for sink 1, got 0
FAIL: GI LATENCY-CHANGE unsolicited: complete Milan response
FAIL: GI LATENCY-READ solicited: complete Milan response
FAIL: GI LATENCY-OTHER solicited: complete Milan response
FAIL: GI LATENCY: no duplicate or unrelated response
FAIL: GI LATENCY-READ solicited: complete Milan response
FAIL: GI LATENCY-OTHER solicited: complete Milan response
FAIL: GI LATENCY: no duplicate or unrelated response
FAIL: GI LATENCY-WALK-ONE bit 0 step: exactly one unsolicited response for sink 0, got 0
FAIL: GI LATENCY-WALK-ONE bit 0 step unsolicited: complete Milan response
FAIL: GI LATENCY-READ solicited: complete Milan response
FAIL: GI LATENCY-OTHER solicited: complete Milan response
FAIL: GI LATENCY: no duplicate or unrelated response
FAIL: GI LATENCY-READ solicited: complete Milan response
FAIL: GI LATENCY-OTHER solicited: complete Milan response
FAIL: GI LATENCY: no duplicate or unrelated response
FAIL: GI LATENCY-WALK-ONE bit 0 return: exactly one unsolicited response for sink 0, got 0
FAIL: GI LATENCY-WALK-ONE bit 0 return unsolicited: complete Milan response
FAIL: GI LATENCY-READ solicited: complete Milan response
FAIL: GI LATENCY-OTHER solicited: complete Milan response
FAIL: GI LATENCY: no duplicate or unrelated response
FAIL: GI LATENCY-READ solicited: complete Milan response
FAIL: GI LATENCY-OTHER solicited: complete Milan response
FAIL: GI LATENCY: no duplicate or unrelated response
FAIL: GI LATENCY-READ solicited: complete Milan response
FAIL: GI LATENCY-OTHER solicited: complete Milan response
FAIL: GI LATENCY: no duplicate or unrelated response
FAIL: GI LATENCY-WALK-ONE bit 1 step: exactly one unsolicited response for sink 0, got 0
FAIL: GI LATENCY-WALK-ONE bit 1 step unsolicited: complete Milan response
FAIL: GI LATENCY-READ solicited: complete Milan response
FAIL: GI LATENCY-OTHER solicited: complete Milan response
FAIL: GI LATENCY: no duplicate or unrelated response
FAIL: GI LATENCY-READ solicited: complete Milan response
FAIL: GI LATENCY-OTHER solicited: complete Milan response
FAIL: GI LATENCY: no duplicate or unrelated response
FAIL: GI LATENCY-WALK-ONE bit 1 return: exactly one unsolicited response for sink 0, got 0
FAIL: GI LATENCY-WALK-ONE bit 1 return unsolicited: complete Milan response
FAIL: GI LATENCY-READ solicited: complete Milan response
FAIL: GI LATENCY-OTHER solicited: complete Milan response
FAIL: GI LATENCY: no duplicate or unrelated response
FAIL: GI LATENCY-READ solicited: complete Milan response
FAIL: GI LATENCY-OTHER solicited: complete Milan response
FAIL: GI LATENCY: no duplicate or unrelated response
FAIL: GI LATENCY-READ solicited: complete Milan response
FAIL: GI LATENCY-OTHER solicited: complete Milan response
FAIL: GI LATENCY: no duplicate or unrelated response
FAIL: GI LATENCY-WALK-ONE bit 2 step: exactly one unsolicited response for sink 0, got 0
FAIL: GI LATENCY-WALK-ONE bit 2 step unsolicited: complete Milan response
FAIL: GI LATENCY-READ solicited: complete Milan response
FAIL: GI LATENCY-OTHER solicited: complete Milan response
FAIL: GI LATENCY: no duplicate or unrelated response
FAIL: GI LATENCY-READ solicited: complete Milan response
FAIL: GI LATENCY-OTHER solicited: complete Milan response
FAIL: GI LATENCY: no duplicate or unrelated response
FAIL: GI LATENCY-WALK-ONE bit 2 return: exactly one unsolicited response for sink 0, got 0
FAIL: GI LATENCY-WALK-ONE bit 2 return unsolicited: complete Milan response
FAIL: GI LATENCY-READ solicited: complete Milan response
FAIL: GI LATENCY-OTHER solicited: complete Milan response
FAIL: GI LATENCY: no duplicate or unrelated response
FAIL: GI LATENCY-READ solicited: complete Milan response
FAIL: GI LATENCY-OTHER solicited: complete Milan response
FAIL: GI LATENCY: no duplicate or unrelated response
FAIL: GI LATENCY-READ solicited: complete Milan response
FAIL: GI LATENCY-OTHER solicited: complete Milan response
FAIL: GI LATENCY: no duplicate or unrelated response
FAIL: GI LATENCY-WALK-ONE bit 3 step: exactly one unsolicited response for sink 0, got 0
FAIL: GI LATENCY-WALK-ONE bit 3 step unsolicited: complete Milan response
FAIL: GI LATENCY-READ solicited: complete Milan response
FAIL: GI LATENCY-OTHER solicited: complete Milan response
FAIL: GI LATENCY: no duplicate or unrelated response
FAIL: GI LATENCY-READ solicited: complete Milan response
FAIL: GI LATENCY-OTHER solicited: complete Milan response
FAIL: GI LATENCY: no duplicate or unrelated response
FAIL: GI LATENCY-WALK-ONE bit 3 return: exactly one unsolicited response for sink 0, got 0
FAIL: GI LATENCY-WALK-ONE bit 3 return unsolicited: complete Milan response
FAIL: GI LATENCY-READ solicited: complete Milan response
FAIL: GI LATENCY-OTHER solicited: complete Milan response
FAIL: GI LATENCY: no duplicate or unrelated response
FAIL: GI LATENCY-READ solicited: complete Milan response
FAIL: GI LATENCY-OTHER solicited: complete Milan response
FAIL: GI LATENCY: no duplicate or unrelated response
FAIL: GI LATENCY-READ solicited: complete Milan response
FAIL: GI LATENCY-OTHER solicited: complete Milan response
FAIL: GI LATENCY: no duplicate or unrelated response
FAIL: GI LATENCY-WALK-ONE bit 4 step: exactly one unsolicited response for sink 0, got 0
FAIL: GI LATENCY-WALK-ONE bit 4 step unsolicited: complete Milan response
FAIL: GI LATENCY-READ solicited: complete Milan response
FAIL: GI LATENCY-OTHER solicited: complete Milan response
FAIL: GI LATENCY: no duplicate or unrelated response
FAIL: GI LATENCY-READ solicited: complete Milan response
FAIL: GI LATENCY-OTHER solicited: complete Milan response
FAIL: GI LATENCY: no duplicate or unrelated response
FAIL: GI LATENCY-WALK-ONE bit 4 return: exactly one unsolicited response for sink 0, got 0
FAIL: GI LATENCY-WALK-ONE bit 4 return unsolicited: complete Milan response
FAIL: GI LATENCY-READ solicited: complete Milan response
FAIL: GI LATENCY-OTHER solicited: complete Milan response
FAIL: GI LATENCY: no duplicate or unrelated response
FAIL: GI LATENCY-READ solicited: complete Milan response
FAIL: GI LATENCY-OTHER solicited: complete Milan response
FAIL: GI LATENCY: no duplicate or unrelated response
FAIL: GI LATENCY-READ solicited: complete Milan response
FAIL: GI LATENCY-OTHER solicited: complete Milan response
FAIL: GI LATENCY: no duplicate or unrelated response
FAIL: GI LATENCY-WALK-ONE bit 5 step: exactly one unsolicited response for sink 0, got 0
FAIL: GI LATENCY-WALK-ONE bit 5 step unsolicited: complete Milan response
FAIL: GI LATENCY-READ solicited: complete Milan response
FAIL: GI LATENCY-OTHER solicited: complete Milan response
FAIL: GI LATENCY: no duplicate or unrelated response
FAIL: GI LATENCY-READ solicited: complete Milan response
FAIL: GI LATENCY-OTHER solicited: complete Milan response
FAIL: GI LATENCY: no duplicate or unrelated response
FAIL: GI LATENCY-WALK-ONE bit 5 return: exactly one unsolicited response for sink 0, got 0
FAIL: GI LATENCY-WALK-ONE bit 5 return unsolicited: complete Milan response
FAIL: GI LATENCY-READ solicited: complete Milan response
FAIL: GI LATENCY-OTHER solicited: complete Milan response
FAIL: GI LATENCY: no duplicate or unrelated response
FAIL: GI LATENCY-READ solicited: complete Milan response
FAIL: GI LATENCY-OTHER solicited: complete Milan response
FAIL: GI LATENCY: no duplicate or unrelated response
FAIL: GI LATENCY-READ solicited: complete Milan response
FAIL: GI LATENCY-OTHER solicited: complete Milan response
FAIL: GI LATENCY: no duplicate or unrelated response
FAIL: GI LATENCY-WALK-ONE bit 6 step: exactly one unsolicited response for sink 0, got 0
FAIL: GI LATENCY-WALK-ONE bit 6 step unsolicited: complete Milan response
FAIL: GI LATENCY-READ solicited: complete Milan response
FAIL: GI LATENCY-OTHER solicited: complete Milan response
FAIL: GI LATENCY: no duplicate or unrelated response
FAIL: GI LATENCY-READ solicited: complete Milan response
FAIL: GI LATENCY-OTHER solicited: complete Milan response
FAIL: GI LATENCY: no duplicate or unrelated response
FAIL: GI LATENCY-WALK-ONE bit 6 return: exactly one unsolicited response for sink 0, got 0
FAIL: GI LATENCY-WALK-ONE bit 6 return unsolicited: complete Milan response
FAIL: GI LATENCY-READ solicited: complete Milan response
FAIL: GI LATENCY-OTHER solicited: complete Milan response
FAIL: GI LATENCY: no duplicate or unrelated response
FAIL: GI LATENCY-READ solicited: complete Milan response
FAIL: GI LATENCY-OTHER solicited: complete Milan response
FAIL: GI LATENCY: no duplicate or unrelated response
FAIL: GI LATENCY-READ solicited: complete Milan response
FAIL: GI LATENCY-OTHER solicited: complete Milan response
FAIL: GI LATENCY: no duplicate or unrelated response
FAIL: GI LATENCY-WALK-ONE bit 7 step: exactly one unsolicited response for sink 0, got 0
FAIL: GI LATENCY-WALK-ONE bit 7 step unsolicited: complete Milan response
FAIL: GI LATENCY-READ solicited: complete Milan response
FAIL: GI LATENCY-OTHER solicited: complete Milan response
FAIL: GI LATENCY: no duplicate or unrelated response
FAIL: GI LATENCY-READ solicited: complete Milan response
FAIL: GI LATENCY-OTHER solicited: complete Milan response
FAIL: GI LATENCY: no duplicate or unrelated response
FAIL: GI LATENCY-WALK-ONE bit 7 return: exactly one unsolicited response for sink 0, got 0
FAIL: GI LATENCY-WALK-ONE bit 7 return unsolicited: complete Milan response
FAIL: GI LATENCY-READ solicited: complete Milan response
FAIL: GI LATENCY-OTHER solicited: complete Milan response
FAIL: GI LATENCY: no duplicate or unrelated response
FAIL: GI LATENCY-READ solicited: complete Milan response
FAIL: GI LATENCY-OTHER solicited: complete Milan response
FAIL: GI LATENCY: no duplicate or unrelated response
FAIL: GI LATENCY-READ solicited: complete Milan response
FAIL: GI LATENCY-OTHER solicited: complete Milan response
FAIL: GI LATENCY: no duplicate or unrelated response
FAIL: GI LATENCY-WALK-ONE bit 8 step: exactly one unsolicited response for sink 0, got 0
FAIL: GI LATENCY-WALK-ONE bit 8 step unsolicited: complete Milan response
FAIL: GI LATENCY-READ solicited: complete Milan response
FAIL: GI LATENCY-OTHER solicited: complete Milan response
FAIL: GI LATENCY: no duplicate or unrelated response
FAIL: GI LATENCY-READ solicited: complete Milan response
FAIL: GI LATENCY-OTHER solicited: complete Milan response
FAIL: GI LATENCY: no duplicate or unrelated response
FAIL: GI LATENCY-WALK-ONE bit 8 return: exactly one unsolicited response for sink 0, got 0
FAIL: GI LATENCY-WALK-ONE bit 8 return unsolicited: complete Milan response
FAIL: GI LATENCY-READ solicited: complete Milan response
FAIL: GI LATENCY-OTHER solicited: complete Milan response
FAIL: GI LATENCY: no duplicate or unrelated response
FAIL: GI LATENCY-READ solicited: complete Milan response
FAIL: GI LATENCY-OTHER solicited: complete Milan response
FAIL: GI LATENCY: no duplicate or unrelated response
FAIL: GI LATENCY-READ solicited: complete Milan response
FAIL: GI LATENCY-OTHER solicited: complete Milan response
FAIL: GI LATENCY: no duplicate or unrelated response
FAIL: GI LATENCY-WALK-ONE bit 9 step: exactly one unsolicited response for sink 0, got 0
FAIL: GI LATENCY-WALK-ONE bit 9 step unsolicited: complete Milan response
FAIL: GI LATENCY-READ solicited: complete Milan response
FAIL: GI LATENCY-OTHER solicited: complete Milan response
FAIL: GI LATENCY: no duplicate or unrelated response
FAIL: GI LATENCY-READ solicited: complete Milan response
FAIL: GI LATENCY-OTHER solicited: complete Milan response
FAIL: GI LATENCY: no duplicate or unrelated response
FAIL: GI LATENCY-WALK-ONE bit 9 return: exactly one unsolicited response for sink 0, got 0
FAIL: GI LATENCY-WALK-ONE bit 9 return unsolicited: complete Milan response
FAIL: GI LATENCY-READ solicited: complete Milan response
FAIL: GI LATENCY-OTHER solicited: complete Milan response
FAIL: GI LATENCY: no duplicate or unrelated response
FAIL: GI LATENCY-READ solicited: complete Milan response
FAIL: GI LATENCY-OTHER solicited: complete Milan response
FAIL: GI LATENCY: no duplicate or unrelated response
FAIL: GI LATENCY-READ solicited: complete Milan response
FAIL: GI LATENCY-OTHER solicited: complete Milan response
FAIL: GI LATENCY: no duplicate or unrelated response
FAIL: GI LATENCY-WALK-ONE bit 10 step: exactly one unsolicited response for sink 0, got 0
FAIL: GI LATENCY-WALK-ONE bit 10 step unsolicited: complete Milan response
FAIL: GI LATENCY-READ solicited: complete Milan response
FAIL: GI LATENCY-OTHER solicited: complete Milan response
FAIL: GI LATENCY: no duplicate or unrelated response
FAIL: GI LATENCY-READ solicited: complete Milan response
FAIL: GI LATENCY-OTHER solicited: complete Milan response
FAIL: GI LATENCY: no duplicate or unrelated response
FAIL: GI LATENCY-WALK-ONE bit 10 return: exactly one unsolicited response for sink 0, got 0
FAIL: GI LATENCY-WALK-ONE bit 10 return unsolicited: complete Milan response
FAIL: GI LATENCY-READ solicited: complete Milan response
FAIL: GI LATENCY-OTHER solicited: complete Milan response
FAIL: GI LATENCY: no duplicate or unrelated response
FAIL: GI LATENCY-READ solicited: complete Milan response
FAIL: GI LATENCY-OTHER solicited: complete Milan response
FAIL: GI LATENCY: no duplicate or unrelated response
FAIL: GI LATENCY-READ solicited: complete Milan response
FAIL: GI LATENCY-OTHER solicited: complete Milan response
FAIL: GI LATENCY: no duplicate or unrelated response
FAIL: GI LATENCY-WALK-ONE bit 11 step: exactly one unsolicited response for sink 0, got 0
FAIL: GI LATENCY-WALK-ONE bit 11 step unsolicited: complete Milan response
FAIL: GI LATENCY-READ solicited: complete Milan response
FAIL: GI LATENCY-OTHER solicited: complete Milan response
FAIL: GI LATENCY: no duplicate or unrelated response
FAIL: GI LATENCY-READ solicited: complete Milan response
FAIL: GI LATENCY-OTHER solicited: complete Milan response
FAIL: GI LATENCY: no duplicate or unrelated response
FAIL: GI LATENCY-WALK-ONE bit 11 return: exactly one unsolicited response for sink 0, got 0
FAIL: GI LATENCY-WALK-ONE bit 11 return unsolicited: complete Milan response
FAIL: GI LATENCY-READ solicited: complete Milan response
FAIL: GI LATENCY-OTHER solicited: complete Milan response
FAIL: GI LATENCY: no duplicate or unrelated response
FAIL: GI LATENCY-READ solicited: complete Milan response
FAIL: GI LATENCY-OTHER solicited: complete Milan response
FAIL: GI LATENCY: no duplicate or unrelated response
FAIL: GI LATENCY-READ solicited: complete Milan response
FAIL: GI LATENCY-OTHER solicited: complete Milan response
FAIL: GI LATENCY: no duplicate or unrelated response
FAIL: GI LATENCY-WALK-ONE bit 12 step: exactly one unsolicited response for sink 0, got 0
FAIL: GI LATENCY-WALK-ONE bit 12 step unsolicited: complete Milan response
FAIL: GI LATENCY-READ solicited: complete Milan response
FAIL: GI LATENCY-OTHER solicited: complete Milan response
FAIL: GI LATENCY: no duplicate or unrelated response
FAIL: GI LATENCY-READ solicited: complete Milan response
FAIL: GI LATENCY-OTHER solicited: complete Milan response
FAIL: GI LATENCY: no duplicate or unrelated response
FAIL: GI LATENCY-WALK-ONE bit 12 return: exactly one unsolicited response for sink 0, got 0
FAIL: GI LATENCY-WALK-ONE bit 12 return unsolicited: complete Milan response
FAIL: GI LATENCY-READ solicited: complete Milan response
FAIL: GI LATENCY-OTHER solicited: complete Milan response
FAIL: GI LATENCY: no duplicate or unrelated response
FAIL: GI LATENCY-READ solicited: complete Milan response
FAIL: GI LATENCY-OTHER solicited: complete Milan response
FAIL: GI LATENCY: no duplicate or unrelated response
FAIL: GI LATENCY-READ solicited: complete Milan response
FAIL: GI LATENCY-OTHER solicited: complete Milan response
FAIL: GI LATENCY: no duplicate or unrelated response
FAIL: GI LATENCY-WALK-ONE bit 13 step: exactly one unsolicited response for sink 0, got 0
FAIL: GI LATENCY-WALK-ONE bit 13 step unsolicited: complete Milan response
FAIL: GI LATENCY-READ solicited: complete Milan response
FAIL: GI LATENCY-OTHER solicited: complete Milan response
FAIL: GI LATENCY: no duplicate or unrelated response
FAIL: GI LATENCY-READ solicited: complete Milan response
FAIL: GI LATENCY-OTHER solicited: complete Milan response
FAIL: GI LATENCY: no duplicate or unrelated response
FAIL: GI LATENCY-WALK-ONE bit 13 return: exactly one unsolicited response for sink 0, got 0
FAIL: GI LATENCY-WALK-ONE bit 13 return unsolicited: complete Milan response
FAIL: GI LATENCY-READ solicited: complete Milan response
FAIL: GI LATENCY-OTHER solicited: complete Milan response
FAIL: GI LATENCY: no duplicate or unrelated response
FAIL: GI LATENCY-READ solicited: complete Milan response
FAIL: GI LATENCY-OTHER solicited: complete Milan response
FAIL: GI LATENCY: no duplicate or unrelated response
FAIL: GI LATENCY-READ solicited: complete Milan response
FAIL: GI LATENCY-OTHER solicited: complete Milan response
FAIL: GI LATENCY: no duplicate or unrelated response
FAIL: GI LATENCY-WALK-ONE bit 14 step: exactly one unsolicited response for sink 0, got 0
FAIL: GI LATENCY-WALK-ONE bit 14 step unsolicited: complete Milan response
FAIL: GI LATENCY-READ solicited: complete Milan response
FAIL: GI LATENCY-OTHER solicited: complete Milan response
FAIL: GI LATENCY: no duplicate or unrelated response
FAIL: GI LATENCY-READ solicited: complete Milan response
FAIL: GI LATENCY-OTHER solicited: complete Milan response
FAIL: GI LATENCY: no duplicate or unrelated response
FAIL: GI LATENCY-WALK-ONE bit 14 return: exactly one unsolicited response for sink 0, got 0
FAIL: GI LATENCY-WALK-ONE bit 14 return unsolicited: complete Milan response
FAIL: GI LATENCY-READ solicited: complete Milan response
FAIL: GI LATENCY-OTHER solicited: complete Milan response
FAIL: GI LATENCY: no duplicate or unrelated response
FAIL: GI LATENCY-READ solicited: complete Milan response
FAIL: GI LATENCY-OTHER solicited: complete Milan response
FAIL: GI LATENCY: no duplicate or unrelated response
FAIL: GI LATENCY-READ solicited: complete Milan response
FAIL: GI LATENCY-OTHER solicited: complete Milan response
FAIL: GI LATENCY: no duplicate or unrelated response
FAIL: GI LATENCY-WALK-ONE bit 15 step: exactly one unsolicited response for sink 0, got 0
FAIL: GI LATENCY-WALK-ONE bit 15 step unsolicited: complete Milan response
FAIL: GI LATENCY-READ solicited: complete Milan response
FAIL: GI LATENCY-OTHER solicited: complete Milan response
FAIL: GI LATENCY: no duplicate or unrelated response
FAIL: GI LATENCY-READ solicited: complete Milan response
FAIL: GI LATENCY-OTHER solicited: complete Milan response
FAIL: GI LATENCY: no duplicate or unrelated response
FAIL: GI LATENCY-WALK-ONE bit 15 return: exactly one unsolicited response for sink 0, got 0
FAIL: GI LATENCY-WALK-ONE bit 15 return unsolicited: complete Milan response
FAIL: GI LATENCY-READ solicited: complete Milan response
FAIL: GI LATENCY-OTHER solicited: complete Milan response
FAIL: GI LATENCY: no duplicate or unrelated response
FAIL: GI LATENCY-READ solicited: complete Milan response
FAIL: GI LATENCY-OTHER solicited: complete Milan response
FAIL: GI LATENCY: no duplicate or unrelated response
FAIL: GI LATENCY-READ solicited: complete Milan response
FAIL: GI LATENCY-OTHER solicited: complete Milan response
FAIL: GI LATENCY: no duplicate or unrelated response
FAIL: GI LATENCY-WALK-ONE bit 16 step: exactly one unsolicited response for sink 0, got 0
FAIL: GI LATENCY-WALK-ONE bit 16 step unsolicited: complete Milan response
FAIL: GI LATENCY-READ solicited: complete Milan response
FAIL: GI LATENCY-OTHER solicited: complete Milan response
FAIL: GI LATENCY: no duplicate or unrelated response
FAIL: GI LATENCY-READ solicited: complete Milan response
FAIL: GI LATENCY-OTHER solicited: complete Milan response
FAIL: GI LATENCY: no duplicate or unrelated response
FAIL: GI LATENCY-WALK-ONE bit 16 return: exactly one unsolicited response for sink 0, got 0
FAIL: GI LATENCY-WALK-ONE bit 16 return unsolicited: complete Milan response
FAIL: GI LATENCY-READ solicited: complete Milan response
FAIL: GI LATENCY-OTHER solicited: complete Milan response
FAIL: GI LATENCY: no duplicate or unrelated response
FAIL: GI LATENCY-READ solicited: complete Milan response
FAIL: GI LATENCY-OTHER solicited: complete Milan response
FAIL: GI LATENCY: no duplicate or unrelated response
FAIL: GI LATENCY-READ solicited: complete Milan response
FAIL: GI LATENCY-OTHER solicited: complete Milan response
FAIL: GI LATENCY: no duplicate or unrelated response
FAIL: GI LATENCY-WALK-ONE bit 17 step: exactly one unsolicited response for sink 0, got 0
FAIL: GI LATENCY-WALK-ONE bit 17 step unsolicited: complete Milan response
FAIL: GI LATENCY-READ solicited: complete Milan response
FAIL: GI LATENCY-OTHER solicited: complete Milan response
FAIL: GI LATENCY: no duplicate or unrelated response
FAIL: GI LATENCY-READ solicited: complete Milan response
FAIL: GI LATENCY-OTHER solicited: complete Milan response
FAIL: GI LATENCY: no duplicate or unrelated response
FAIL: GI LATENCY-WALK-ONE bit 17 return: exactly one unsolicited response for sink 0, got 0
FAIL: GI LATENCY-WALK-ONE bit 17 return unsolicited: complete Milan response
FAIL: GI LATENCY-READ solicited: complete Milan response
FAIL: GI LATENCY-OTHER solicited: complete Milan response
FAIL: GI LATENCY: no duplicate or unrelated response
FAIL: GI LATENCY-READ solicited: complete Milan response
FAIL: GI LATENCY-OTHER solicited: complete Milan response
FAIL: GI LATENCY: no duplicate or unrelated response
FAIL: GI LATENCY-READ solicited: complete Milan response
FAIL: GI LATENCY-OTHER solicited: complete Milan response
FAIL: GI LATENCY: no duplicate or unrelated response
FAIL: GI LATENCY-WALK-ONE bit 18 step: exactly one unsolicited response for sink 0, got 0
FAIL: GI LATENCY-WALK-ONE bit 18 step unsolicited: complete Milan response
FAIL: GI LATENCY-READ solicited: complete Milan response
FAIL: GI LATENCY-OTHER solicited: complete Milan response
FAIL: GI LATENCY: no duplicate or unrelated response
FAIL: GI LATENCY-READ solicited: complete Milan response
FAIL: GI LATENCY-OTHER solicited: complete Milan response
FAIL: GI LATENCY: no duplicate or unrelated response
FAIL: GI LATENCY-WALK-ONE bit 18 return: exactly one unsolicited response for sink 0, got 0
FAIL: GI LATENCY-WALK-ONE bit 18 return unsolicited: complete Milan response
FAIL: GI LATENCY-READ solicited: complete Milan response
FAIL: GI LATENCY-OTHER solicited: complete Milan response
FAIL: GI LATENCY: no duplicate or unrelated response
FAIL: GI LATENCY-READ solicited: complete Milan response
FAIL: GI LATENCY-OTHER solicited: complete Milan response
FAIL: GI LATENCY: no duplicate or unrelated response
FAIL: GI LATENCY-READ solicited: complete Milan response
FAIL: GI LATENCY-OTHER solicited: complete Milan response
FAIL: GI LATENCY: no duplicate or unrelated response
FAIL: GI LATENCY-WALK-ONE bit 19 step: exactly one unsolicited response for sink 0, got 0
FAIL: GI LATENCY-WALK-ONE bit 19 step unsolicited: complete Milan response
FAIL: GI LATENCY-READ solicited: complete Milan response
FAIL: GI LATENCY-OTHER solicited: complete Milan response
FAIL: GI LATENCY: no duplicate or unrelated response
FAIL: GI LATENCY-READ solicited: complete Milan response
FAIL: GI LATENCY-OTHER solicited: complete Milan response
FAIL: GI LATENCY: no duplicate or unrelated response
FAIL: GI LATENCY-WALK-ONE bit 19 return: exactly one unsolicited response for sink 0, got 0
FAIL: GI LATENCY-WALK-ONE bit 19 return unsolicited: complete Milan response
FAIL: GI LATENCY-READ solicited: complete Milan response
FAIL: GI LATENCY-OTHER solicited: complete Milan response
FAIL: GI LATENCY: no duplicate or unrelated response
FAIL: GI LATENCY-READ solicited: complete Milan response
FAIL: GI LATENCY-OTHER solicited: complete Milan response
FAIL: GI LATENCY: no duplicate or unrelated response
FAIL: GI LATENCY-READ solicited: complete Milan response
FAIL: GI LATENCY-OTHER solicited: complete Milan response
FAIL: GI LATENCY: no duplicate or unrelated response
FAIL: GI LATENCY-WALK-ONE bit 20 step: exactly one unsolicited response for sink 0, got 0
FAIL: GI LATENCY-WALK-ONE bit 20 step unsolicited: complete Milan response
FAIL: GI LATENCY-READ solicited: complete Milan response
FAIL: GI LATENCY-OTHER solicited: complete Milan response
FAIL: GI LATENCY: no duplicate or unrelated response
FAIL: GI LATENCY-READ solicited: complete Milan response
FAIL: GI LATENCY-OTHER solicited: complete Milan response
FAIL: GI LATENCY: no duplicate or unrelated response
FAIL: GI LATENCY-WALK-ONE bit 20 return: exactly one unsolicited response for sink 0, got 0
FAIL: GI LATENCY-WALK-ONE bit 20 return unsolicited: complete Milan response
FAIL: GI LATENCY-READ solicited: complete Milan response
FAIL: GI LATENCY-OTHER solicited: complete Milan response
FAIL: GI LATENCY: no duplicate or unrelated response
FAIL: GI LATENCY-READ solicited: complete Milan response
FAIL: GI LATENCY-OTHER solicited: complete Milan response
FAIL: GI LATENCY: no duplicate or unrelated response
FAIL: GI LATENCY-READ solicited: complete Milan response
FAIL: GI LATENCY-OTHER solicited: complete Milan response
FAIL: GI LATENCY: no duplicate or unrelated response
FAIL: GI LATENCY-WALK-ONE bit 21 step: exactly one unsolicited response for sink 0, got 0
FAIL: GI LATENCY-WALK-ONE bit 21 step unsolicited: complete Milan response
FAIL: GI LATENCY-READ solicited: complete Milan response
FAIL: GI LATENCY-OTHER solicited: complete Milan response
FAIL: GI LATENCY: no duplicate or unrelated response
FAIL: GI LATENCY-READ solicited: complete Milan response
FAIL: GI LATENCY-OTHER solicited: complete Milan response
FAIL: GI LATENCY: no duplicate or unrelated response
FAIL: GI LATENCY-WALK-ONE bit 21 return: exactly one unsolicited response for sink 0, got 0
FAIL: GI LATENCY-WALK-ONE bit 21 return unsolicited: complete Milan response
FAIL: GI LATENCY-READ solicited: complete Milan response
FAIL: GI LATENCY-OTHER solicited: complete Milan response
FAIL: GI LATENCY: no duplicate or unrelated response
FAIL: GI LATENCY-READ solicited: complete Milan response
FAIL: GI LATENCY-OTHER solicited: complete Milan response
FAIL: GI LATENCY: no duplicate or unrelated response
FAIL: GI LATENCY-READ solicited: complete Milan response
FAIL: GI LATENCY-OTHER solicited: complete Milan response
FAIL: GI LATENCY: no duplicate or unrelated response
FAIL: GI LATENCY-WALK-ONE bit 22 step: exactly one unsolicited response for sink 0, got 0
FAIL: GI LATENCY-WALK-ONE bit 22 step unsolicited: complete Milan response
FAIL: GI LATENCY-READ solicited: complete Milan response
FAIL: GI LATENCY-OTHER solicited: complete Milan response
FAIL: GI LATENCY: no duplicate or unrelated response
FAIL: GI LATENCY-READ solicited: complete Milan response
FAIL: GI LATENCY-OTHER solicited: complete Milan response
FAIL: GI LATENCY: no duplicate or unrelated response
FAIL: GI LATENCY-WALK-ONE bit 22 return: exactly one unsolicited response for sink 0, got 0
FAIL: GI LATENCY-WALK-ONE bit 22 return unsolicited: complete Milan response
FAIL: GI LATENCY-READ solicited: complete Milan response
FAIL: GI LATENCY-OTHER solicited: complete Milan response
FAIL: GI LATENCY: no duplicate or unrelated response
FAIL: GI LATENCY-READ solicited: complete Milan response
FAIL: GI LATENCY-OTHER solicited: complete Milan response
FAIL: GI LATENCY: no duplicate or unrelated response
FAIL: GI LATENCY-READ solicited: complete Milan response
FAIL: GI LATENCY-OTHER solicited: complete Milan response
FAIL: GI LATENCY: no duplicate or unrelated response
FAIL: GI LATENCY-WALK-ONE bit 23 step: exactly one unsolicited response for sink 0, got 0
FAIL: GI LATENCY-WALK-ONE bit 23 step unsolicited: complete Milan response
FAIL: GI LATENCY-READ solicited: complete Milan response
FAIL: GI LATENCY-OTHER solicited: complete Milan response
FAIL: GI LATENCY: no duplicate or unrelated response
FAIL: GI LATENCY-READ solicited: complete Milan response
FAIL: GI LATENCY-OTHER solicited: complete Milan response
FAIL: GI LATENCY: no duplicate or unrelated response
FAIL: GI LATENCY-WALK-ONE bit 23 return: exactly one unsolicited response for sink 0, got 0
FAIL: GI LATENCY-WALK-ONE bit 23 return unsolicited: complete Milan response
FAIL: GI LATENCY-READ solicited: complete Milan response
FAIL: GI LATENCY-OTHER solicited: complete Milan response
FAIL: GI LATENCY: no duplicate or unrelated response
FAIL: GI LATENCY-READ solicited: complete Milan response
FAIL: GI LATENCY-OTHER solicited: complete Milan response
FAIL: GI LATENCY: no duplicate or unrelated response
FAIL: GI LATENCY-READ solicited: complete Milan response
FAIL: GI LATENCY-OTHER solicited: complete Milan response
FAIL: GI LATENCY: no duplicate or unrelated response
FAIL: GI LATENCY-WALK-ONE bit 24 step: exactly one unsolicited response for sink 0, got 0
FAIL: GI LATENCY-WALK-ONE bit 24 step unsolicited: complete Milan response
FAIL: GI LATENCY-READ solicited: complete Milan response
FAIL: GI LATENCY-OTHER solicited: complete Milan response
FAIL: GI LATENCY: no duplicate or unrelated response
FAIL: GI LATENCY-READ solicited: complete Milan response
FAIL: GI LATENCY-OTHER solicited: complete Milan response
FAIL: GI LATENCY: no duplicate or unrelated response
FAIL: GI LATENCY-WALK-ONE bit 24 return: exactly one unsolicited response for sink 0, got 0
FAIL: GI LATENCY-WALK-ONE bit 24 return unsolicited: complete Milan response
FAIL: GI LATENCY-READ solicited: complete Milan response
FAIL: GI LATENCY-OTHER solicited: complete Milan response
FAIL: GI LATENCY: no duplicate or unrelated response
FAIL: GI LATENCY-READ solicited: complete Milan response
FAIL: GI LATENCY-OTHER solicited: complete Milan response
FAIL: GI LATENCY: no duplicate or unrelated response
FAIL: GI LATENCY-READ solicited: complete Milan response
FAIL: GI LATENCY-OTHER solicited: complete Milan response
FAIL: GI LATENCY: no duplicate or unrelated response
FAIL: GI LATENCY-WALK-ONE bit 25 step: exactly one unsolicited response for sink 0, got 0
FAIL: GI LATENCY-WALK-ONE bit 25 step unsolicited: complete Milan response
FAIL: GI LATENCY-READ solicited: complete Milan response
FAIL: GI LATENCY-OTHER solicited: complete Milan response
FAIL: GI LATENCY: no duplicate or unrelated response
FAIL: GI LATENCY-READ solicited: complete Milan response
FAIL: GI LATENCY-OTHER solicited: complete Milan response
FAIL: GI LATENCY: no duplicate or unrelated response
FAIL: GI LATENCY-WALK-ONE bit 25 return: exactly one unsolicited response for sink 0, got 0
FAIL: GI LATENCY-WALK-ONE bit 25 return unsolicited: complete Milan response
FAIL: GI LATENCY-READ solicited: complete Milan response
FAIL: GI LATENCY-OTHER solicited: complete Milan response
FAIL: GI LATENCY: no duplicate or unrelated response
FAIL: GI LATENCY-READ solicited: complete Milan response
FAIL: GI LATENCY-OTHER solicited: complete Milan response
FAIL: GI LATENCY: no duplicate or unrelated response
FAIL: GI LATENCY-READ solicited: complete Milan response
FAIL: GI LATENCY-OTHER solicited: complete Milan response
FAIL: GI LATENCY: no duplicate or unrelated response
FAIL: GI LATENCY-WALK-ONE bit 26 step: exactly one unsolicited response for sink 0, got 0
FAIL: GI LATENCY-WALK-ONE bit 26 step unsolicited: complete Milan response
FAIL: GI LATENCY-READ solicited: complete Milan response
FAIL: GI LATENCY-OTHER solicited: complete Milan response
FAIL: GI LATENCY: no duplicate or unrelated response
FAIL: GI LATENCY-READ solicited: complete Milan response
FAIL: GI LATENCY-OTHER solicited: complete Milan response
FAIL: GI LATENCY: no duplicate or unrelated response
FAIL: GI LATENCY-WALK-ONE bit 26 return: exactly one unsolicited response for sink 0, got 0
FAIL: GI LATENCY-WALK-ONE bit 26 return unsolicited: complete Milan response
FAIL: GI LATENCY-READ solicited: complete Milan response
FAIL: GI LATENCY-OTHER solicited: complete Milan response
FAIL: GI LATENCY: no duplicate or unrelated response
FAIL: GI LATENCY-READ solicited: complete Milan response
FAIL: GI LATENCY-OTHER solicited: complete Milan response
FAIL: GI LATENCY: no duplicate or unrelated response
FAIL: GI LATENCY-READ solicited: complete Milan response
FAIL: GI LATENCY-OTHER solicited: complete Milan response
FAIL: GI LATENCY: no duplicate or unrelated response
FAIL: GI LATENCY-WALK-ONE bit 27 step: exactly one unsolicited response for sink 0, got 0
FAIL: GI LATENCY-WALK-ONE bit 27 step unsolicited: complete Milan response
FAIL: GI LATENCY-READ solicited: complete Milan response
FAIL: GI LATENCY-OTHER solicited: complete Milan response
FAIL: GI LATENCY: no duplicate or unrelated response
FAIL: GI LATENCY-READ solicited: complete Milan response
FAIL: GI LATENCY-OTHER solicited: complete Milan response
FAIL: GI LATENCY: no duplicate or unrelated response
FAIL: GI LATENCY-WALK-ONE bit 27 return: exactly one unsolicited response for sink 0, got 0
FAIL: GI LATENCY-WALK-ONE bit 27 return unsolicited: complete Milan response
FAIL: GI LATENCY-READ solicited: complete Milan response
FAIL: GI LATENCY-OTHER solicited: complete Milan response
FAIL: GI LATENCY: no duplicate or unrelated response
FAIL: GI LATENCY-READ solicited: complete Milan response
FAIL: GI LATENCY-OTHER solicited: complete Milan response
FAIL: GI LATENCY: no duplicate or unrelated response
FAIL: GI LATENCY-READ solicited: complete Milan response
FAIL: GI LATENCY-OTHER solicited: complete Milan response
FAIL: GI LATENCY: no duplicate or unrelated response
FAIL: GI LATENCY-WALK-ONE bit 28 step: exactly one unsolicited response for sink 0, got 0
FAIL: GI LATENCY-WALK-ONE bit 28 step unsolicited: complete Milan response
FAIL: GI LATENCY-READ solicited: complete Milan response
FAIL: GI LATENCY-OTHER solicited: complete Milan response
FAIL: GI LATENCY: no duplicate or unrelated response
FAIL: GI LATENCY-READ solicited: complete Milan response
FAIL: GI LATENCY-OTHER solicited: complete Milan response
FAIL: GI LATENCY: no duplicate or unrelated response
FAIL: GI LATENCY-WALK-ONE bit 28 return: exactly one unsolicited response for sink 0, got 0
FAIL: GI LATENCY-WALK-ONE bit 28 return unsolicited: complete Milan response
FAIL: GI LATENCY-READ solicited: complete Milan response
FAIL: GI LATENCY-OTHER solicited: complete Milan response
FAIL: GI LATENCY: no duplicate or unrelated response
FAIL: GI LATENCY-READ solicited: complete Milan response
FAIL: GI LATENCY-OTHER solicited: complete Milan response
FAIL: GI LATENCY: no duplicate or unrelated response
FAIL: GI LATENCY-READ solicited: complete Milan response
FAIL: GI LATENCY-OTHER solicited: complete Milan response
FAIL: GI LATENCY: no duplicate or unrelated response
FAIL: GI LATENCY-WALK-ONE bit 29 step: exactly one unsolicited response for sink 0, got 0
FAIL: GI LATENCY-WALK-ONE bit 29 step unsolicited: complete Milan response
FAIL: GI LATENCY-READ solicited: complete Milan response
FAIL: GI LATENCY-OTHER solicited: complete Milan response
FAIL: GI LATENCY: no duplicate or unrelated response
FAIL: GI LATENCY-READ solicited: complete Milan response
FAIL: GI LATENCY-OTHER solicited: complete Milan response
FAIL: GI LATENCY: no duplicate or unrelated response
FAIL: GI LATENCY-WALK-ONE bit 29 return: exactly one unsolicited response for sink 0, got 0
FAIL: GI LATENCY-WALK-ONE bit 29 return unsolicited: complete Milan response
FAIL: GI LATENCY-READ solicited: complete Milan response
FAIL: GI LATENCY-OTHER solicited: complete Milan response
FAIL: GI LATENCY: no duplicate or unrelated response
FAIL: GI LATENCY-READ solicited: complete Milan response
FAIL: GI LATENCY-OTHER solicited: complete Milan response
FAIL: GI LATENCY: no duplicate or unrelated response
FAIL: GI LATENCY-READ solicited: complete Milan response
FAIL: GI LATENCY-OTHER solicited: complete Milan response
FAIL: GI LATENCY: no duplicate or unrelated response
FAIL: GI LATENCY-WALK-ONE bit 30 step: exactly one unsolicited response for sink 0, got 0
FAIL: GI LATENCY-WALK-ONE bit 30 step unsolicited: complete Milan response
FAIL: GI LATENCY-READ solicited: complete Milan response
FAIL: GI LATENCY-OTHER solicited: complete Milan response
FAIL: GI LATENCY: no duplicate or unrelated response
FAIL: GI LATENCY-READ solicited: complete Milan response
FAIL: GI LATENCY-OTHER solicited: complete Milan response
FAIL: GI LATENCY: no duplicate or unrelated response
FAIL: GI LATENCY-WALK-ONE bit 30 return: exactly one unsolicited response for sink 0, got 0
FAIL: GI LATENCY-WALK-ONE bit 30 return unsolicited: complete Milan response
FAIL: GI LATENCY-READ solicited: complete Milan response
FAIL: GI LATENCY-OTHER solicited: complete Milan response
FAIL: GI LATENCY: no duplicate or unrelated response
FAIL: GI LATENCY-READ solicited: complete Milan response
FAIL: GI LATENCY-OTHER solicited: complete Milan response
FAIL: GI LATENCY: no duplicate or unrelated response
FAIL: GI LATENCY-READ solicited: complete Milan response
FAIL: GI LATENCY-OTHER solicited: complete Milan response
FAIL: GI LATENCY: no duplicate or unrelated response
FAIL: GI LATENCY-WALK-ONE bit 31 step: exactly one unsolicited response for sink 0, got 0
FAIL: GI LATENCY-WALK-ONE bit 31 step unsolicited: complete Milan response
FAIL: GI LATENCY-READ solicited: complete Milan response
FAIL: GI LATENCY-OTHER solicited: complete Milan response
FAIL: GI LATENCY: no duplicate or unrelated response
FAIL: GI LATENCY-READ solicited: complete Milan response
FAIL: GI LATENCY-OTHER solicited: complete Milan response
FAIL: GI LATENCY: no duplicate or unrelated response
FAIL: GI LATENCY-WALK-ONE bit 31 return: exactly one unsolicited response for sink 0, got 0
FAIL: GI LATENCY-WALK-ONE bit 31 return unsolicited: complete Milan response
FAIL: GI LATENCY-READ solicited: complete Milan response
FAIL: GI LATENCY-OTHER solicited: complete Milan response
FAIL: GI LATENCY: no duplicate or unrelated response
FAIL: GI LATENCY-READ solicited: complete Milan response
FAIL: GI LATENCY-OTHER solicited: complete Milan response
FAIL: GI LATENCY: no duplicate or unrelated response
FAIL: GI LATENCY-READ solicited: complete Milan response
FAIL: GI LATENCY-OTHER solicited: complete Milan response
FAIL: GI LATENCY: no duplicate or unrelated response
FAIL: GI LATENCY-WALK-ZERO bit 0 step: exactly one unsolicited response for sink 1, got 0
FAIL: GI LATENCY-WALK-ZERO bit 0 step unsolicited: complete Milan response
FAIL: GI LATENCY-READ solicited: complete Milan response
FAIL: GI LATENCY-OTHER solicited: complete Milan response
FAIL: GI LATENCY: no duplicate or unrelated response
FAIL: GI LATENCY-READ solicited: complete Milan response
FAIL: GI LATENCY-OTHER solicited: complete Milan response
FAIL: GI LATENCY: no duplicate or unrelated response
FAIL: GI LATENCY-WALK-ZERO bit 0 return: exactly one unsolicited response for sink 1, got 0
FAIL: GI LATENCY-WALK-ZERO bit 0 return unsolicited: complete Milan response
FAIL: GI LATENCY-READ solicited: complete Milan response
FAIL: GI LATENCY-OTHER solicited: complete Milan response
FAIL: GI LATENCY: no duplicate or unrelated response
FAIL: GI LATENCY-READ solicited: complete Milan response
FAIL: GI LATENCY-OTHER solicited: complete Milan response
FAIL: GI LATENCY: no duplicate or unrelated response
FAIL: GI LATENCY-READ solicited: complete Milan response
FAIL: GI LATENCY-OTHER solicited: complete Milan response
FAIL: GI LATENCY: no duplicate or unrelated response
FAIL: GI LATENCY-WALK-ZERO bit 1 step: exactly one unsolicited response for sink 1, got 0
FAIL: GI LATENCY-WALK-ZERO bit 1 step unsolicited: complete Milan response
FAIL: GI LATENCY-READ solicited: complete Milan response
FAIL: GI LATENCY-OTHER solicited: complete Milan response
FAIL: GI LATENCY: no duplicate or unrelated response
FAIL: GI LATENCY-READ solicited: complete Milan response
FAIL: GI LATENCY-OTHER solicited: complete Milan response
FAIL: GI LATENCY: no duplicate or unrelated response
FAIL: GI LATENCY-WALK-ZERO bit 1 return: exactly one unsolicited response for sink 1, got 0
FAIL: GI LATENCY-WALK-ZERO bit 1 return unsolicited: complete Milan response
FAIL: GI LATENCY-READ solicited: complete Milan response
FAIL: GI LATENCY-OTHER solicited: complete Milan response
FAIL: GI LATENCY: no duplicate or unrelated response
FAIL: GI LATENCY-READ solicited: complete Milan response
FAIL: GI LATENCY-OTHER solicited: complete Milan response
FAIL: GI LATENCY: no duplicate or unrelated response
FAIL: GI LATENCY-READ solicited: complete Milan response
FAIL: GI LATENCY-OTHER solicited: complete Milan response
FAIL: GI LATENCY: no duplicate or unrelated response
FAIL: GI LATENCY-WALK-ZERO bit 2 step: exactly one unsolicited response for sink 1, got 0
FAIL: GI LATENCY-WALK-ZERO bit 2 step unsolicited: complete Milan response
FAIL: GI LATENCY-READ solicited: complete Milan response
FAIL: GI LATENCY-OTHER solicited: complete Milan response
FAIL: GI LATENCY: no duplicate or unrelated response
FAIL: GI LATENCY-READ solicited: complete Milan response
FAIL: GI LATENCY-OTHER solicited: complete Milan response
FAIL: GI LATENCY: no duplicate or unrelated response
FAIL: GI LATENCY-WALK-ZERO bit 2 return: exactly one unsolicited response for sink 1, got 0
FAIL: GI LATENCY-WALK-ZERO bit 2 return unsolicited: complete Milan response
FAIL: GI LATENCY-READ solicited: complete Milan response
FAIL: GI LATENCY-OTHER solicited: complete Milan response
FAIL: GI LATENCY: no duplicate or unrelated response
FAIL: GI LATENCY-READ solicited: complete Milan response
FAIL: GI LATENCY-OTHER solicited: complete Milan response
FAIL: GI LATENCY: no duplicate or unrelated response
FAIL: GI LATENCY-READ solicited: complete Milan response
FAIL: GI LATENCY-OTHER solicited: complete Milan response
FAIL: GI LATENCY: no duplicate or unrelated response
FAIL: GI LATENCY-WALK-ZERO bit 3 step: exactly one unsolicited response for sink 1, got 0
FAIL: GI LATENCY-WALK-ZERO bit 3 step unsolicited: complete Milan response
FAIL: GI LATENCY-READ solicited: complete Milan response
FAIL: GI LATENCY-OTHER solicited: complete Milan response
FAIL: GI LATENCY: no duplicate or unrelated response
FAIL: GI LATENCY-READ solicited: complete Milan response
FAIL: GI LATENCY-OTHER solicited: complete Milan response
FAIL: GI LATENCY: no duplicate or unrelated response
FAIL: GI LATENCY-WALK-ZERO bit 3 return: exactly one unsolicited response for sink 1, got 0
FAIL: GI LATENCY-WALK-ZERO bit 3 return unsolicited: complete Milan response
FAIL: GI LATENCY-READ solicited: complete Milan response
FAIL: GI LATENCY-OTHER solicited: complete Milan response
FAIL: GI LATENCY: no duplicate or unrelated response
FAIL: GI LATENCY-READ solicited: complete Milan response
FAIL: GI LATENCY-OTHER solicited: complete Milan response
FAIL: GI LATENCY: no duplicate or unrelated response
FAIL: GI LATENCY-READ solicited: complete Milan response
FAIL: GI LATENCY-OTHER solicited: complete Milan response
FAIL: GI LATENCY: no duplicate or unrelated response
FAIL: GI LATENCY-WALK-ZERO bit 4 step: exactly one unsolicited response for sink 1, got 0
FAIL: GI LATENCY-WALK-ZERO bit 4 step unsolicited: complete Milan response
FAIL: GI LATENCY-READ solicited: complete Milan response
FAIL: GI LATENCY-OTHER solicited: complete Milan response
FAIL: GI LATENCY: no duplicate or unrelated response
FAIL: GI LATENCY-READ solicited: complete Milan response
FAIL: GI LATENCY-OTHER solicited: complete Milan response
FAIL: GI LATENCY: no duplicate or unrelated response
FAIL: GI LATENCY-WALK-ZERO bit 4 return: exactly one unsolicited response for sink 1, got 0
FAIL: GI LATENCY-WALK-ZERO bit 4 return unsolicited: complete Milan response
FAIL: GI LATENCY-READ solicited: complete Milan response
FAIL: GI LATENCY-OTHER solicited: complete Milan response
FAIL: GI LATENCY: no duplicate or unrelated response
FAIL: GI LATENCY-READ solicited: complete Milan response
FAIL: GI LATENCY-OTHER solicited: complete Milan response
FAIL: GI LATENCY: no duplicate or unrelated response
FAIL: GI LATENCY-READ solicited: complete Milan response
FAIL: GI LATENCY-OTHER solicited: complete Milan response
FAIL: GI LATENCY: no duplicate or unrelated response
FAIL: GI LATENCY-WALK-ZERO bit 5 step: exactly one unsolicited response for sink 1, got 0
FAIL: GI LATENCY-WALK-ZERO bit 5 step unsolicited: complete Milan response
FAIL: GI LATENCY-READ solicited: complete Milan response
FAIL: GI LATENCY-OTHER solicited: complete Milan response
FAIL: GI LATENCY: no duplicate or unrelated response
FAIL: GI LATENCY-READ solicited: complete Milan response
FAIL: GI LATENCY-OTHER solicited: complete Milan response
FAIL: GI LATENCY: no duplicate or unrelated response
FAIL: GI LATENCY-WALK-ZERO bit 5 return: exactly one unsolicited response for sink 1, got 0
FAIL: GI LATENCY-WALK-ZERO bit 5 return unsolicited: complete Milan response
FAIL: GI LATENCY-READ solicited: complete Milan response
FAIL: GI LATENCY-OTHER solicited: complete Milan response
FAIL: GI LATENCY: no duplicate or unrelated response
FAIL: GI LATENCY-READ solicited: complete Milan response
FAIL: GI LATENCY-OTHER solicited: complete Milan response
FAIL: GI LATENCY: no duplicate or unrelated response
FAIL: GI LATENCY-READ solicited: complete Milan response
FAIL: GI LATENCY-OTHER solicited: complete Milan response
FAIL: GI LATENCY: no duplicate or unrelated response
FAIL: GI LATENCY-WALK-ZERO bit 6 step: exactly one unsolicited response for sink 1, got 0
FAIL: GI LATENCY-WALK-ZERO bit 6 step unsolicited: complete Milan response
FAIL: GI LATENCY-READ solicited: complete Milan response
FAIL: GI LATENCY-OTHER solicited: complete Milan response
FAIL: GI LATENCY: no duplicate or unrelated response
FAIL: GI LATENCY-READ solicited: complete Milan response
FAIL: GI LATENCY-OTHER solicited: complete Milan response
FAIL: GI LATENCY: no duplicate or unrelated response
FAIL: GI LATENCY-WALK-ZERO bit 6 return: exactly one unsolicited response for sink 1, got 0
FAIL: GI LATENCY-WALK-ZERO bit 6 return unsolicited: complete Milan response
FAIL: GI LATENCY-READ solicited: complete Milan response
FAIL: GI LATENCY-OTHER solicited: complete Milan response
FAIL: GI LATENCY: no duplicate or unrelated response
FAIL: GI LATENCY-READ solicited: complete Milan response
FAIL: GI LATENCY-OTHER solicited: complete Milan response
FAIL: GI LATENCY: no duplicate or unrelated response
FAIL: GI LATENCY-READ solicited: complete Milan response
FAIL: GI LATENCY-OTHER solicited: complete Milan response
FAIL: GI LATENCY: no duplicate or unrelated response
FAIL: GI LATENCY-WALK-ZERO bit 7 step: exactly one unsolicited response for sink 1, got 0
FAIL: GI LATENCY-WALK-ZERO bit 7 step unsolicited: complete Milan response
FAIL: GI LATENCY-READ solicited: complete Milan response
FAIL: GI LATENCY-OTHER solicited: complete Milan response
FAIL: GI LATENCY: no duplicate or unrelated response
FAIL: GI LATENCY-READ solicited: complete Milan response
FAIL: GI LATENCY-OTHER solicited: complete Milan response
FAIL: GI LATENCY: no duplicate or unrelated response
FAIL: GI LATENCY-WALK-ZERO bit 7 return: exactly one unsolicited response for sink 1, got 0
FAIL: GI LATENCY-WALK-ZERO bit 7 return unsolicited: complete Milan response
FAIL: GI LATENCY-READ solicited: complete Milan response
FAIL: GI LATENCY-OTHER solicited: complete Milan response
FAIL: GI LATENCY: no duplicate or unrelated response
FAIL: GI LATENCY-READ solicited: complete Milan response
FAIL: GI LATENCY-OTHER solicited: complete Milan response
FAIL: GI LATENCY: no duplicate or unrelated response
FAIL: GI LATENCY-READ solicited: complete Milan response
FAIL: GI LATENCY-OTHER solicited: complete Milan response
FAIL: GI LATENCY: no duplicate or unrelated response
FAIL: GI LATENCY-WALK-ZERO bit 8 step: exactly one unsolicited response for sink 1, got 0
FAIL: GI LATENCY-WALK-ZERO bit 8 step unsolicited: complete Milan response
FAIL: GI LATENCY-READ solicited: complete Milan response
FAIL: GI LATENCY-OTHER solicited: complete Milan response
FAIL: GI LATENCY: no duplicate or unrelated response
FAIL: GI LATENCY-READ solicited: complete Milan response
FAIL: GI LATENCY-OTHER solicited: complete Milan response
FAIL: GI LATENCY: no duplicate or unrelated response
FAIL: GI LATENCY-WALK-ZERO bit 8 return: exactly one unsolicited response for sink 1, got 0
FAIL: GI LATENCY-WALK-ZERO bit 8 return unsolicited: complete Milan response
FAIL: GI LATENCY-READ solicited: complete Milan response
FAIL: GI LATENCY-OTHER solicited: complete Milan response
FAIL: GI LATENCY: no duplicate or unrelated response
FAIL: GI LATENCY-READ solicited: complete Milan response
FAIL: GI LATENCY-OTHER solicited: complete Milan response
FAIL: GI LATENCY: no duplicate or unrelated response
FAIL: GI LATENCY-READ solicited: complete Milan response
FAIL: GI LATENCY-OTHER solicited: complete Milan response
FAIL: GI LATENCY: no duplicate or unrelated response
FAIL: GI LATENCY-WALK-ZERO bit 9 step: exactly one unsolicited response for sink 1, got 0
FAIL: GI LATENCY-WALK-ZERO bit 9 step unsolicited: complete Milan response
FAIL: GI LATENCY-READ solicited: complete Milan response
FAIL: GI LATENCY-OTHER solicited: complete Milan response
FAIL: GI LATENCY: no duplicate or unrelated response
FAIL: GI LATENCY-READ solicited: complete Milan response
FAIL: GI LATENCY-OTHER solicited: complete Milan response
FAIL: GI LATENCY: no duplicate or unrelated response
FAIL: GI LATENCY-WALK-ZERO bit 9 return: exactly one unsolicited response for sink 1, got 0
FAIL: GI LATENCY-WALK-ZERO bit 9 return unsolicited: complete Milan response
FAIL: GI LATENCY-READ solicited: complete Milan response
FAIL: GI LATENCY-OTHER solicited: complete Milan response
FAIL: GI LATENCY: no duplicate or unrelated response
FAIL: GI LATENCY-READ solicited: complete Milan response
FAIL: GI LATENCY-OTHER solicited: complete Milan response
FAIL: GI LATENCY: no duplicate or unrelated response
FAIL: GI LATENCY-READ solicited: complete Milan response
FAIL: GI LATENCY-OTHER solicited: complete Milan response
FAIL: GI LATENCY: no duplicate or unrelated response
FAIL: GI LATENCY-WALK-ZERO bit 10 step: exactly one unsolicited response for sink 1, got 0
FAIL: GI LATENCY-WALK-ZERO bit 10 step unsolicited: complete Milan response
FAIL: GI LATENCY-READ solicited: complete Milan response
FAIL: GI LATENCY-OTHER solicited: complete Milan response
FAIL: GI LATENCY: no duplicate or unrelated response
FAIL: GI LATENCY-READ solicited: complete Milan response
FAIL: GI LATENCY-OTHER solicited: complete Milan response
FAIL: GI LATENCY: no duplicate or unrelated response
FAIL: GI LATENCY-WALK-ZERO bit 10 return: exactly one unsolicited response for sink 1, got 0
FAIL: GI LATENCY-WALK-ZERO bit 10 return unsolicited: complete Milan response
FAIL: GI LATENCY-READ solicited: complete Milan response
FAIL: GI LATENCY-OTHER solicited: complete Milan response
FAIL: GI LATENCY: no duplicate or unrelated response
FAIL: GI LATENCY-READ solicited: complete Milan response
FAIL: GI LATENCY-OTHER solicited: complete Milan response
FAIL: GI LATENCY: no duplicate or unrelated response
FAIL: GI LATENCY-READ solicited: complete Milan response
FAIL: GI LATENCY-OTHER solicited: complete Milan response
FAIL: GI LATENCY: no duplicate or unrelated response
FAIL: GI LATENCY-WALK-ZERO bit 11 step: exactly one unsolicited response for sink 1, got 0
FAIL: GI LATENCY-WALK-ZERO bit 11 step unsolicited: complete Milan response
FAIL: GI LATENCY-READ solicited: complete Milan response
FAIL: GI LATENCY-OTHER solicited: complete Milan response
FAIL: GI LATENCY: no duplicate or unrelated response
FAIL: GI LATENCY-READ solicited: complete Milan response
FAIL: GI LATENCY-OTHER solicited: complete Milan response
FAIL: GI LATENCY: no duplicate or unrelated response
FAIL: GI LATENCY-WALK-ZERO bit 11 return: exactly one unsolicited response for sink 1, got 0
FAIL: GI LATENCY-WALK-ZERO bit 11 return unsolicited: complete Milan response
FAIL: GI LATENCY-READ solicited: complete Milan response
FAIL: GI LATENCY-OTHER solicited: complete Milan response
FAIL: GI LATENCY: no duplicate or unrelated response
FAIL: GI LATENCY-READ solicited: complete Milan response
FAIL: GI LATENCY-OTHER solicited: complete Milan response
FAIL: GI LATENCY: no duplicate or unrelated response
FAIL: GI LATENCY-READ solicited: complete Milan response
FAIL: GI LATENCY-OTHER solicited: complete Milan response
FAIL: GI LATENCY: no duplicate or unrelated response
FAIL: GI LATENCY-WALK-ZERO bit 12 step: exactly one unsolicited response for sink 1, got 0
FAIL: GI LATENCY-WALK-ZERO bit 12 step unsolicited: complete Milan response
FAIL: GI LATENCY-READ solicited: complete Milan response
FAIL: GI LATENCY-OTHER solicited: complete Milan response
FAIL: GI LATENCY: no duplicate or unrelated response
FAIL: GI LATENCY-READ solicited: complete Milan response
FAIL: GI LATENCY-OTHER solicited: complete Milan response
FAIL: GI LATENCY: no duplicate or unrelated response
FAIL: GI LATENCY-WALK-ZERO bit 12 return: exactly one unsolicited response for sink 1, got 0
FAIL: GI LATENCY-WALK-ZERO bit 12 return unsolicited: complete Milan response
FAIL: GI LATENCY-READ solicited: complete Milan response
FAIL: GI LATENCY-OTHER solicited: complete Milan response
FAIL: GI LATENCY: no duplicate or unrelated response
FAIL: GI LATENCY-READ solicited: complete Milan response
FAIL: GI LATENCY-OTHER solicited: complete Milan response
FAIL: GI LATENCY: no duplicate or unrelated response
FAIL: GI LATENCY-READ solicited: complete Milan response
FAIL: GI LATENCY-OTHER solicited: complete Milan response
FAIL: GI LATENCY: no duplicate or unrelated response
FAIL: GI LATENCY-WALK-ZERO bit 13 step: exactly one unsolicited response for sink 1, got 0
FAIL: GI LATENCY-WALK-ZERO bit 13 step unsolicited: complete Milan response
FAIL: GI LATENCY-READ solicited: complete Milan response
FAIL: GI LATENCY-OTHER solicited: complete Milan response
FAIL: GI LATENCY: no duplicate or unrelated response
FAIL: GI LATENCY-READ solicited: complete Milan response
FAIL: GI LATENCY-OTHER solicited: complete Milan response
FAIL: GI LATENCY: no duplicate or unrelated response
FAIL: GI LATENCY-WALK-ZERO bit 13 return: exactly one unsolicited response for sink 1, got 0
FAIL: GI LATENCY-WALK-ZERO bit 13 return unsolicited: complete Milan response
FAIL: GI LATENCY-READ solicited: complete Milan response
FAIL: GI LATENCY-OTHER solicited: complete Milan response
FAIL: GI LATENCY: no duplicate or unrelated response
FAIL: GI LATENCY-READ solicited: complete Milan response
FAIL: GI LATENCY-OTHER solicited: complete Milan response
FAIL: GI LATENCY: no duplicate or unrelated response
FAIL: GI LATENCY-READ solicited: complete Milan response
FAIL: GI LATENCY-OTHER solicited: complete Milan response
FAIL: GI LATENCY: no duplicate or unrelated response
FAIL: GI LATENCY-WALK-ZERO bit 14 step: exactly one unsolicited response for sink 1, got 0
FAIL: GI LATENCY-WALK-ZERO bit 14 step unsolicited: complete Milan response
FAIL: GI LATENCY-READ solicited: complete Milan response
FAIL: GI LATENCY-OTHER solicited: complete Milan response
FAIL: GI LATENCY: no duplicate or unrelated response
FAIL: GI LATENCY-READ solicited: complete Milan response
FAIL: GI LATENCY-OTHER solicited: complete Milan response
FAIL: GI LATENCY: no duplicate or unrelated response
FAIL: GI LATENCY-WALK-ZERO bit 14 return: exactly one unsolicited response for sink 1, got 0
FAIL: GI LATENCY-WALK-ZERO bit 14 return unsolicited: complete Milan response
FAIL: GI LATENCY-READ solicited: complete Milan response
FAIL: GI LATENCY-OTHER solicited: complete Milan response
FAIL: GI LATENCY: no duplicate or unrelated response
FAIL: GI LATENCY-READ solicited: complete Milan response
FAIL: GI LATENCY-OTHER solicited: complete Milan response
FAIL: GI LATENCY: no duplicate or unrelated response
FAIL: GI LATENCY-READ solicited: complete Milan response
FAIL: GI LATENCY-OTHER solicited: complete Milan response
FAIL: GI LATENCY: no duplicate or unrelated response
FAIL: GI LATENCY-WALK-ZERO bit 15 step: exactly one unsolicited response for sink 1, got 0
FAIL: GI LATENCY-WALK-ZERO bit 15 step unsolicited: complete Milan response
FAIL: GI LATENCY-READ solicited: complete Milan response
FAIL: GI LATENCY-OTHER solicited: complete Milan response
FAIL: GI LATENCY: no duplicate or unrelated response
FAIL: GI LATENCY-READ solicited: complete Milan response
FAIL: GI LATENCY-OTHER solicited: complete Milan response
FAIL: GI LATENCY: no duplicate or unrelated response
FAIL: GI LATENCY-WALK-ZERO bit 15 return: exactly one unsolicited response for sink 1, got 0
FAIL: GI LATENCY-WALK-ZERO bit 15 return unsolicited: complete Milan response
FAIL: GI LATENCY-READ solicited: complete Milan response
FAIL: GI LATENCY-OTHER solicited: complete Milan response
FAIL: GI LATENCY: no duplicate or unrelated response
FAIL: GI LATENCY-READ solicited: complete Milan response
FAIL: GI LATENCY-OTHER solicited: complete Milan response
FAIL: GI LATENCY: no duplicate or unrelated response
FAIL: GI LATENCY-READ solicited: complete Milan response
FAIL: GI LATENCY-OTHER solicited: complete Milan response
FAIL: GI LATENCY: no duplicate or unrelated response
FAIL: GI LATENCY-WALK-ZERO bit 16 step: exactly one unsolicited response for sink 1, got 0
FAIL: GI LATENCY-WALK-ZERO bit 16 step unsolicited: complete Milan response
FAIL: GI LATENCY-READ solicited: complete Milan response
FAIL: GI LATENCY-OTHER solicited: complete Milan response
FAIL: GI LATENCY: no duplicate or unrelated response
FAIL: GI LATENCY-READ solicited: complete Milan response
FAIL: GI LATENCY-OTHER solicited: complete Milan response
FAIL: GI LATENCY: no duplicate or unrelated response
FAIL: GI LATENCY-WALK-ZERO bit 16 return: exactly one unsolicited response for sink 1, got 0
FAIL: GI LATENCY-WALK-ZERO bit 16 return unsolicited: complete Milan response
FAIL: GI LATENCY-READ solicited: complete Milan response
FAIL: GI LATENCY-OTHER solicited: complete Milan response
FAIL: GI LATENCY: no duplicate or unrelated response
FAIL: GI LATENCY-READ solicited: complete Milan response
FAIL: GI LATENCY-OTHER solicited: complete Milan response
FAIL: GI LATENCY: no duplicate or unrelated response
FAIL: GI LATENCY-READ solicited: complete Milan response
FAIL: GI LATENCY-OTHER solicited: complete Milan response
FAIL: GI LATENCY: no duplicate or unrelated response
FAIL: GI LATENCY-WALK-ZERO bit 17 step: exactly one unsolicited response for sink 1, got 0
FAIL: GI LATENCY-WALK-ZERO bit 17 step unsolicited: complete Milan response
FAIL: GI LATENCY-READ solicited: complete Milan response
FAIL: GI LATENCY-OTHER solicited: complete Milan response
FAIL: GI LATENCY: no duplicate or unrelated response
FAIL: GI LATENCY-READ solicited: complete Milan response
FAIL: GI LATENCY-OTHER solicited: complete Milan response
FAIL: GI LATENCY: no duplicate or unrelated response
FAIL: GI LATENCY-WALK-ZERO bit 17 return: exactly one unsolicited response for sink 1, got 0
FAIL: GI LATENCY-WALK-ZERO bit 17 return unsolicited: complete Milan response
FAIL: GI LATENCY-READ solicited: complete Milan response
FAIL: GI LATENCY-OTHER solicited: complete Milan response
FAIL: GI LATENCY: no duplicate or unrelated response
FAIL: GI LATENCY-READ solicited: complete Milan response
FAIL: GI LATENCY-OTHER solicited: complete Milan response
FAIL: GI LATENCY: no duplicate or unrelated response
FAIL: GI LATENCY-READ solicited: complete Milan response
FAIL: GI LATENCY-OTHER solicited: complete Milan response
FAIL: GI LATENCY: no duplicate or unrelated response
FAIL: GI LATENCY-WALK-ZERO bit 18 step: exactly one unsolicited response for sink 1, got 0
FAIL: GI LATENCY-WALK-ZERO bit 18 step unsolicited: complete Milan response
FAIL: GI LATENCY-READ solicited: complete Milan response
FAIL: GI LATENCY-OTHER solicited: complete Milan response
FAIL: GI LATENCY: no duplicate or unrelated response
FAIL: GI LATENCY-READ solicited: complete Milan response
FAIL: GI LATENCY-OTHER solicited: complete Milan response
FAIL: GI LATENCY: no duplicate or unrelated response
FAIL: GI LATENCY-WALK-ZERO bit 18 return: exactly one unsolicited response for sink 1, got 0
FAIL: GI LATENCY-WALK-ZERO bit 18 return unsolicited: complete Milan response
FAIL: GI LATENCY-READ solicited: complete Milan response
FAIL: GI LATENCY-OTHER solicited: complete Milan response
FAIL: GI LATENCY: no duplicate or unrelated response
FAIL: GI LATENCY-READ solicited: complete Milan response
FAIL: GI LATENCY-OTHER solicited: complete Milan response
FAIL: GI LATENCY: no duplicate or unrelated response
FAIL: GI LATENCY-READ solicited: complete Milan response
FAIL: GI LATENCY-OTHER solicited: complete Milan response
FAIL: GI LATENCY: no duplicate or unrelated response
FAIL: GI LATENCY-WALK-ZERO bit 19 step: exactly one unsolicited response for sink 1, got 0
FAIL: GI LATENCY-WALK-ZERO bit 19 step unsolicited: complete Milan response
FAIL: GI LATENCY-READ solicited: complete Milan response
FAIL: GI LATENCY-OTHER solicited: complete Milan response
FAIL: GI LATENCY: no duplicate or unrelated response
FAIL: GI LATENCY-READ solicited: complete Milan response
FAIL: GI LATENCY-OTHER solicited: complete Milan response
FAIL: GI LATENCY: no duplicate or unrelated response
FAIL: GI LATENCY-WALK-ZERO bit 19 return: exactly one unsolicited response for sink 1, got 0
FAIL: GI LATENCY-WALK-ZERO bit 19 return unsolicited: complete Milan response
FAIL: GI LATENCY-READ solicited: complete Milan response
FAIL: GI LATENCY-OTHER solicited: complete Milan response
FAIL: GI LATENCY: no duplicate or unrelated response
FAIL: GI LATENCY-READ solicited: complete Milan response
FAIL: GI LATENCY-OTHER solicited: complete Milan response
FAIL: GI LATENCY: no duplicate or unrelated response
FAIL: GI LATENCY-READ solicited: complete Milan response
FAIL: GI LATENCY-OTHER solicited: complete Milan response
FAIL: GI LATENCY: no duplicate or unrelated response
FAIL: GI LATENCY-WALK-ZERO bit 20 step: exactly one unsolicited response for sink 1, got 0
FAIL: GI LATENCY-WALK-ZERO bit 20 step unsolicited: complete Milan response
FAIL: GI LATENCY-READ solicited: complete Milan response
FAIL: GI LATENCY-OTHER solicited: complete Milan response
FAIL: GI LATENCY: no duplicate or unrelated response
FAIL: GI LATENCY-READ solicited: complete Milan response
FAIL: GI LATENCY-OTHER solicited: complete Milan response
FAIL: GI LATENCY: no duplicate or unrelated response
FAIL: GI LATENCY-WALK-ZERO bit 20 return: exactly one unsolicited response for sink 1, got 0
FAIL: GI LATENCY-WALK-ZERO bit 20 return unsolicited: complete Milan response
FAIL: GI LATENCY-READ solicited: complete Milan response
FAIL: GI LATENCY-OTHER solicited: complete Milan response
FAIL: GI LATENCY: no duplicate or unrelated response
FAIL: GI LATENCY-READ solicited: complete Milan response
FAIL: GI LATENCY-OTHER solicited: complete Milan response
FAIL: GI LATENCY: no duplicate or unrelated response
FAIL: GI LATENCY-READ solicited: complete Milan response
FAIL: GI LATENCY-OTHER solicited: complete Milan response
FAIL: GI LATENCY: no duplicate or unrelated response
FAIL: GI LATENCY-WALK-ZERO bit 21 step: exactly one unsolicited response for sink 1, got 0
FAIL: GI LATENCY-WALK-ZERO bit 21 step unsolicited: complete Milan response
FAIL: GI LATENCY-READ solicited: complete Milan response
FAIL: GI LATENCY-OTHER solicited: complete Milan response
FAIL: GI LATENCY: no duplicate or unrelated response
FAIL: GI LATENCY-READ solicited: complete Milan response
FAIL: GI LATENCY-OTHER solicited: complete Milan response
FAIL: GI LATENCY: no duplicate or unrelated response
FAIL: GI LATENCY-WALK-ZERO bit 21 return: exactly one unsolicited response for sink 1, got 0
FAIL: GI LATENCY-WALK-ZERO bit 21 return unsolicited: complete Milan response
FAIL: GI LATENCY-READ solicited: complete Milan response
FAIL: GI LATENCY-OTHER solicited: complete Milan response
FAIL: GI LATENCY: no duplicate or unrelated response
FAIL: GI LATENCY-READ solicited: complete Milan response
FAIL: GI LATENCY-OTHER solicited: complete Milan response
FAIL: GI LATENCY: no duplicate or unrelated response
FAIL: GI LATENCY-READ solicited: complete Milan response
FAIL: GI LATENCY-OTHER solicited: complete Milan response
FAIL: GI LATENCY: no duplicate or unrelated response
FAIL: GI LATENCY-WALK-ZERO bit 22 step: exactly one unsolicited response for sink 1, got 0
FAIL: GI LATENCY-WALK-ZERO bit 22 step unsolicited: complete Milan response
FAIL: GI LATENCY-READ solicited: complete Milan response
FAIL: GI LATENCY-OTHER solicited: complete Milan response
FAIL: GI LATENCY: no duplicate or unrelated response
FAIL: GI LATENCY-READ solicited: complete Milan response
FAIL: GI LATENCY-OTHER solicited: complete Milan response
FAIL: GI LATENCY: no duplicate or unrelated response
FAIL: GI LATENCY-WALK-ZERO bit 22 return: exactly one unsolicited response for sink 1, got 0
FAIL: GI LATENCY-WALK-ZERO bit 22 return unsolicited: complete Milan response
FAIL: GI LATENCY-READ solicited: complete Milan response
FAIL: GI LATENCY-OTHER solicited: complete Milan response
FAIL: GI LATENCY: no duplicate or unrelated response
FAIL: GI LATENCY-READ solicited: complete Milan response
FAIL: GI LATENCY-OTHER solicited: complete Milan response
FAIL: GI LATENCY: no duplicate or unrelated response
FAIL: GI LATENCY-READ solicited: complete Milan response
FAIL: GI LATENCY-OTHER solicited: complete Milan response
FAIL: GI LATENCY: no duplicate or unrelated response
FAIL: GI LATENCY-WALK-ZERO bit 23 step: exactly one unsolicited response for sink 1, got 0
FAIL: GI LATENCY-WALK-ZERO bit 23 step unsolicited: complete Milan response
FAIL: GI LATENCY-READ solicited: complete Milan response
FAIL: GI LATENCY-OTHER solicited: complete Milan response
FAIL: GI LATENCY: no duplicate or unrelated response
FAIL: GI LATENCY-READ solicited: complete Milan response
FAIL: GI LATENCY-OTHER solicited: complete Milan response
FAIL: GI LATENCY: no duplicate or unrelated response
FAIL: GI LATENCY-WALK-ZERO bit 23 return: exactly one unsolicited response for sink 1, got 0
FAIL: GI LATENCY-WALK-ZERO bit 23 return unsolicited: complete Milan response
FAIL: GI LATENCY-READ solicited: complete Milan response
FAIL: GI LATENCY-OTHER solicited: complete Milan response
FAIL: GI LATENCY: no duplicate or unrelated response
FAIL: GI LATENCY-READ solicited: complete Milan response
FAIL: GI LATENCY-OTHER solicited: complete Milan response
FAIL: GI LATENCY: no duplicate or unrelated response
FAIL: GI LATENCY-READ solicited: complete Milan response
FAIL: GI LATENCY-OTHER solicited: complete Milan response
FAIL: GI LATENCY: no duplicate or unrelated response
FAIL: GI LATENCY-WALK-ZERO bit 24 step: exactly one unsolicited response for sink 1, got 0
FAIL: GI LATENCY-WALK-ZERO bit 24 step unsolicited: complete Milan response
FAIL: GI LATENCY-READ solicited: complete Milan response
FAIL: GI LATENCY-OTHER solicited: complete Milan response
FAIL: GI LATENCY: no duplicate or unrelated response
FAIL: GI LATENCY-READ solicited: complete Milan response
FAIL: GI LATENCY-OTHER solicited: complete Milan response
FAIL: GI LATENCY: no duplicate or unrelated response
FAIL: GI LATENCY-WALK-ZERO bit 24 return: exactly one unsolicited response for sink 1, got 0
FAIL: GI LATENCY-WALK-ZERO bit 24 return unsolicited: complete Milan response
FAIL: GI LATENCY-READ solicited: complete Milan response
FAIL: GI LATENCY-OTHER solicited: complete Milan response
FAIL: GI LATENCY: no duplicate or unrelated response
FAIL: GI LATENCY-READ solicited: complete Milan response
FAIL: GI LATENCY-OTHER solicited: complete Milan response
FAIL: GI LATENCY: no duplicate or unrelated response
FAIL: GI LATENCY-READ solicited: complete Milan response
FAIL: GI LATENCY-OTHER solicited: complete Milan response
FAIL: GI LATENCY: no duplicate or unrelated response
FAIL: GI LATENCY-WALK-ZERO bit 25 step: exactly one unsolicited response for sink 1, got 0
FAIL: GI LATENCY-WALK-ZERO bit 25 step unsolicited: complete Milan response
FAIL: GI LATENCY-READ solicited: complete Milan response
FAIL: GI LATENCY-OTHER solicited: complete Milan response
FAIL: GI LATENCY: no duplicate or unrelated response
FAIL: GI LATENCY-READ solicited: complete Milan response
FAIL: GI LATENCY-OTHER solicited: complete Milan response
FAIL: GI LATENCY: no duplicate or unrelated response
FAIL: GI LATENCY-WALK-ZERO bit 25 return: exactly one unsolicited response for sink 1, got 0
FAIL: GI LATENCY-WALK-ZERO bit 25 return unsolicited: complete Milan response
FAIL: GI LATENCY-READ solicited: complete Milan response
FAIL: GI LATENCY-OTHER solicited: complete Milan response
FAIL: GI LATENCY: no duplicate or unrelated response
FAIL: GI LATENCY-READ solicited: complete Milan response
FAIL: GI LATENCY-OTHER solicited: complete Milan response
FAIL: GI LATENCY: no duplicate or unrelated response
FAIL: GI LATENCY-READ solicited: complete Milan response
FAIL: GI LATENCY-OTHER solicited: complete Milan response
FAIL: GI LATENCY: no duplicate or unrelated response
FAIL: GI LATENCY-WALK-ZERO bit 26 step: exactly one unsolicited response for sink 1, got 0
FAIL: GI LATENCY-WALK-ZERO bit 26 step unsolicited: complete Milan response
FAIL: GI LATENCY-READ solicited: complete Milan response
FAIL: GI LATENCY-OTHER solicited: complete Milan response
FAIL: GI LATENCY: no duplicate or unrelated response
FAIL: GI LATENCY-READ solicited: complete Milan response
FAIL: GI LATENCY-OTHER solicited: complete Milan response
FAIL: GI LATENCY: no duplicate or unrelated response
FAIL: GI LATENCY-WALK-ZERO bit 26 return: exactly one unsolicited response for sink 1, got 0
FAIL: GI LATENCY-WALK-ZERO bit 26 return unsolicited: complete Milan response
FAIL: GI LATENCY-READ solicited: complete Milan response
FAIL: GI LATENCY-OTHER solicited: complete Milan response
FAIL: GI LATENCY: no duplicate or unrelated response
FAIL: GI LATENCY-READ solicited: complete Milan response
FAIL: GI LATENCY-OTHER solicited: complete Milan response
FAIL: GI LATENCY: no duplicate or unrelated response
FAIL: GI LATENCY-READ solicited: complete Milan response
FAIL: GI LATENCY-OTHER solicited: complete Milan response
FAIL: GI LATENCY: no duplicate or unrelated response
FAIL: GI LATENCY-WALK-ZERO bit 27 step: exactly one unsolicited response for sink 1, got 0
FAIL: GI LATENCY-WALK-ZERO bit 27 step unsolicited: complete Milan response
FAIL: GI LATENCY-READ solicited: complete Milan response
FAIL: GI LATENCY-OTHER solicited: complete Milan response
FAIL: GI LATENCY: no duplicate or unrelated response
FAIL: GI LATENCY-READ solicited: complete Milan response
FAIL: GI LATENCY-OTHER solicited: complete Milan response
FAIL: GI LATENCY: no duplicate or unrelated response
FAIL: GI LATENCY-WALK-ZERO bit 27 return: exactly one unsolicited response for sink 1, got 0
FAIL: GI LATENCY-WALK-ZERO bit 27 return unsolicited: complete Milan response
FAIL: GI LATENCY-READ solicited: complete Milan response
FAIL: GI LATENCY-OTHER solicited: complete Milan response
FAIL: GI LATENCY: no duplicate or unrelated response
FAIL: GI LATENCY-READ solicited: complete Milan response
FAIL: GI LATENCY-OTHER solicited: complete Milan response
FAIL: GI LATENCY: no duplicate or unrelated response
FAIL: GI LATENCY-READ solicited: complete Milan response
FAIL: GI LATENCY-OTHER solicited: complete Milan response
FAIL: GI LATENCY: no duplicate or unrelated response
FAIL: GI LATENCY-WALK-ZERO bit 28 step: exactly one unsolicited response for sink 1, got 0
FAIL: GI LATENCY-WALK-ZERO bit 28 step unsolicited: complete Milan response
FAIL: GI LATENCY-READ solicited: complete Milan response
FAIL: GI LATENCY-OTHER solicited: complete Milan response
FAIL: GI LATENCY: no duplicate or unrelated response
FAIL: GI LATENCY-READ solicited: complete Milan response
FAIL: GI LATENCY-OTHER solicited: complete Milan response
FAIL: GI LATENCY: no duplicate or unrelated response
FAIL: GI LATENCY-WALK-ZERO bit 28 return: exactly one unsolicited response for sink 1, got 0
FAIL: GI LATENCY-WALK-ZERO bit 28 return unsolicited: complete Milan response
FAIL: GI LATENCY-READ solicited: complete Milan response
FAIL: GI LATENCY-OTHER solicited: complete Milan response
FAIL: GI LATENCY: no duplicate or unrelated response
FAIL: GI LATENCY-READ solicited: complete Milan response
FAIL: GI LATENCY-OTHER solicited: complete Milan response
FAIL: GI LATENCY: no duplicate or unrelated response
FAIL: GI LATENCY-READ solicited: complete Milan response
FAIL: GI LATENCY-OTHER solicited: complete Milan response
FAIL: GI LATENCY: no duplicate or unrelated response
FAIL: GI LATENCY-WALK-ZERO bit 29 step: exactly one unsolicited response for sink 1, got 0
FAIL: GI LATENCY-WALK-ZERO bit 29 step unsolicited: complete Milan response
FAIL: GI LATENCY-READ solicited: complete Milan response
FAIL: GI LATENCY-OTHER solicited: complete Milan response
FAIL: GI LATENCY: no duplicate or unrelated response
FAIL: GI LATENCY-READ solicited: complete Milan response
FAIL: GI LATENCY-OTHER solicited: complete Milan response
FAIL: GI LATENCY: no duplicate or unrelated response
FAIL: GI LATENCY-WALK-ZERO bit 29 return: exactly one unsolicited response for sink 1, got 0
FAIL: GI LATENCY-WALK-ZERO bit 29 return unsolicited: complete Milan response
FAIL: GI LATENCY-READ solicited: complete Milan response
FAIL: GI LATENCY-OTHER solicited: complete Milan response
FAIL: GI LATENCY: no duplicate or unrelated response
FAIL: GI LATENCY-READ solicited: complete Milan response
FAIL: GI LATENCY-OTHER solicited: complete Milan response
FAIL: GI LATENCY: no duplicate or unrelated response
FAIL: GI LATENCY-READ solicited: complete Milan response
FAIL: GI LATENCY-OTHER solicited: complete Milan response
FAIL: GI LATENCY: no duplicate or unrelated response
FAIL: GI LATENCY-WALK-ZERO bit 30 step: exactly one unsolicited response for sink 1, got 0
FAIL: GI LATENCY-WALK-ZERO bit 30 step unsolicited: complete Milan response
FAIL: GI LATENCY-READ solicited: complete Milan response
FAIL: GI LATENCY-OTHER solicited: complete Milan response
FAIL: GI LATENCY: no duplicate or unrelated response
FAIL: GI LATENCY-READ solicited: complete Milan response
FAIL: GI LATENCY-OTHER solicited: complete Milan response
FAIL: GI LATENCY: no duplicate or unrelated response
FAIL: GI LATENCY-WALK-ZERO bit 30 return: exactly one unsolicited response for sink 1, got 0
FAIL: GI LATENCY-WALK-ZERO bit 30 return unsolicited: complete Milan response
FAIL: GI LATENCY-READ solicited: complete Milan response
FAIL: GI LATENCY-OTHER solicited: complete Milan response
FAIL: GI LATENCY: no duplicate or unrelated response
FAIL: GI LATENCY-READ solicited: complete Milan response
FAIL: GI LATENCY-OTHER solicited: complete Milan response
FAIL: GI LATENCY: no duplicate or unrelated response
FAIL: GI LATENCY-READ solicited: complete Milan response
FAIL: GI LATENCY-OTHER solicited: complete Milan response
FAIL: GI LATENCY: no duplicate or unrelated response
FAIL: GI LATENCY-WALK-ZERO bit 31 step: exactly one unsolicited response for sink 1, got 0
FAIL: GI LATENCY-WALK-ZERO bit 31 step unsolicited: complete Milan response
FAIL: GI LATENCY-READ solicited: complete Milan response
FAIL: GI LATENCY-OTHER solicited: complete Milan response
FAIL: GI LATENCY: no duplicate or unrelated response
FAIL: GI LATENCY-READ solicited: complete Milan response
FAIL: GI LATENCY-OTHER solicited: complete Milan response
FAIL: GI LATENCY: no duplicate or unrelated response
FAIL: GI LATENCY-WALK-ZERO bit 31 return: exactly one unsolicited response for sink 1, got 0
FAIL: GI LATENCY-WALK-ZERO bit 31 return unsolicited: complete Milan response
FAIL: GI LATENCY-READ solicited: complete Milan response
FAIL: GI LATENCY-OTHER solicited: complete Milan response
FAIL: GI LATENCY: no duplicate or unrelated response
FAIL: GI LATENCY-READ solicited: complete Milan response
FAIL: GI LATENCY-OTHER solicited: complete Milan response
FAIL: GI LATENCY: no duplicate or unrelated response
GI latency walks added: 1728 checks, 1216 failures
FAIL: GI FAILED-AGAIN unsolicited: complete Milan response
FAIL: GI FAILED-AGAIN solicited: complete Milan response
FAIL: GI FAILED-AGAIN: solicited and unsolicited bodies agree for sink 0
FAIL: GI WITHDRAWAL unsolicited: complete Milan response
FAIL: GI WITHDRAWAL solicited: complete Milan response
FAIL: GI WITHDRAWAL: solicited and unsolicited bodies agree for sink 0
FAIL: GI WITHDRAWAL-PROBING unsolicited: complete Milan response
FAIL: GI WITHDRAWAL-PROBING solicited: complete Milan response
FAIL: GI WITHDRAWAL-PROBING: solicited and unsolicited bodies agree for sink 0
FAIL: GI DISTINCT-1 solicited: complete Milan response
FAIL: GI DISABLED unsolicited: complete Milan response
FAIL: GI DISABLED solicited: complete Milan response
FAIL: GI DISABLED: solicited and unsolicited bodies agree for sink 0
FAIL: GI RESET-LIVE solicited: complete Milan response
FAIL: GI RESET-LIVE solicited: complete Milan response
FAIL: GI REBIND-BOUND unsolicited: complete Milan response
FAIL: GI REBIND-BOUND solicited: complete Milan response
FAIL: GI REBIND-BOUND: solicited and unsolicited bodies agree for sink 0
FAIL: GI REBIND-SW: exactly one unsolicited response for sink 0, got 0
FAIL: GI REBIND-SW unsolicited: complete Milan response
FAIL: GI REBIND-SW solicited: complete Milan response
FAIL: GI REBIND-SW: solicited and unsolicited bodies agree
FAIL: GI REBIND-TIMEOUT unsolicited: complete Milan response
FAIL: GI REBIND-TIMEOUT solicited: complete Milan response
FAIL: GI REBIND-TIMEOUT: solicited and unsolicited bodies agree for sink 0
FAIL: GI REBIND-UNBIND unsolicited: complete Milan response
FAIL: GI REBIND-UNBIND solicited: complete Milan response
FAIL: GI REBIND-UNBIND: solicited and unsolicited bodies agree for sink 0
FAIL: GI BIND-ACTIVE unsolicited: complete Milan response
FAIL: GI BIND-ACTIVE solicited: complete Milan response
FAIL: GI BIND-ACTIVE: solicited and unsolicited bodies agree for sink 1
FAIL: GI BIND-TIMEOUT unsolicited: complete Milan response
FAIL: GI BIND-TIMEOUT solicited: complete Milan response
FAIL: GI BIND-TIMEOUT: solicited and unsolicited bodies agree for sink 1
FAIL: GI PASSIVE unsolicited: complete Milan response
FAIL: GI PASSIVE solicited: complete Milan response
FAIL: GI PASSIVE: solicited and unsolicited bodies agree for sink 1
FAIL: GI INDEX-GUARD solicited: complete Milan response
FAIL: GI INDEX-GUARD-ALIAS solicited: complete Milan response
FAIL: GI DISABLED unsolicited: complete Milan response
FAIL: GI DISABLED solicited: complete Milan response
FAIL: GI DISABLED: solicited and unsolicited bodies agree for sink 1
FAIL: GI internal seam: selectors 5/7 never requested from integrator
[build default, SRP_DOM_DEF_VID_P 0x0002] 1922 checks, 1342 failures
