{
  "head": "5874895eb817ed41c0f8be4eb427ad3315c29844",
  "tree": "45a2a9b2b108a932db49d9ec595ff4b3f18a2b3e",
  "changed_paths": [
    "scripts/check_baremetal_only.py"
  ],
  "source_files": 853,
  "budgets": 13,
  "submodules": {
    "protocol-processor": {
      "pin": "424c688fa2205b934a7689a58f2aa766420f2326",
      "files": 222
    },
    "gptp-processor": {
      "pin": "c1b617435824929a790739ea8585c3fe1a328cc0",
      "files": 103
    },
    "third_party/verilog-axis": {
      "pin": "48ff7a7e2ef782cf778d47910cf85835c64b1bce",
      "files": 214
    }
  },
  "literal_fixtures": 20,
  "external": {
    "pin": "efeb541ae5fe1e078332d8462dca2fc2d9cb8db5",
    "status": "uninitialized; not required by focused gates; not validated"
  },
  "verdict": "PASS"
}
