PASS merge provenance: two ordered parents; independent merge tree 3243e5dd67cc64bd122d4bb96d230dc4ed999644 equals f48d47cd93cc4b46fad3e537dee661fc2cd3ee6d
PASS REQUIREMENTS.md: merge preserves approved blob; only the ingress commit changes it
PASS docs/design/MAILBOX_SPLIT.md: merge preserves approved blob; only the ingress commit changes it
PASS docs/reference/FR_NFR.md: merge preserves approved blob; only the ingress commit changes it
PASS live-dev comparison: 21 Markdown paths; no RTL, code, tests, generated interface or gitlink delta
PASS owner-approval old/new source parity: REQUIREMENTS section 1: fabric ownership bullet
PASS owner-approval old/new source parity: REQUIREMENTS section 1: filter table scope
PASS owner-approval old/new source parity: Ingress tuple: `adp`
PASS owner-approval old/new source parity: Ingress tuple: `acmp`
PASS owner-approval old/new source parity: Ingress tuple: `aecp`
PASS owner-approval old/new source parity: Ingress tuple: `maap`
PASS owner-approval old/new source parity: Ingress tuple: `srp` MSRP
PASS owner-approval old/new source parity: Ingress tuple: `srp` MVRP
PASS owner-approval old/new source parity: REQUIREMENTS section 1: filter rules and clause authority
PASS owner-approval old/new source parity: NFR-SCOUT-02
PASS owner-approval old/new source parity: NFR-SCOUT-08
PASS owner-approval old/new source parity: H-ADP
PASS owner-approval old/new source parity: H-ACMP
PASS owner-approval old/new source parity: H-AECP
PASS owner-approval old/new source parity: H-MAAP
PASS owner-approval old/new source parity: H-SRP
PASS owner-approval old/new source parity: Section 3.4.2: common filter observations
PASS owner-approval old/new source parity: Trace summary: Mailbox ingress filter
PASS owner-approval old/new source parity: MAILBOX_SPLIT: current F0 filter scope
PASS 19 owner-approval entries; unchanged timing, placement and VERSION rows are outside this table
