make: Entering directory '$LANES/517-r3-full-native-validation/tb/verilator/avtp_parser'
verilator --cc --exe --build -j 0 --top-module avtp_stream_parser +incdir+../../../hdl/common +incdir+../../../hdl/ieee1722/avtp -Wall -Wno-fatal -Wno-DECLFILENAME -Wno-UNUSEDSIGNAL -Wno-WIDTHEXPAND -Wno-WIDTHTRUNC -Wno-UNUSEDPARAM -Wno-IMPORTSTAR -Wno-CASEINCOMPLETE -Wno-EOFNEWLINE -Wno-PINCONNECTEMPTY -Wno-TIMESCALEMOD -CFLAGS "-std=c++17 -O2 -Wall -Wextra" --Mdir obj_n1 -GN_STREAMS=1 \
	-CFLAGS "-DNSTREAMS_TB=1 -DSHAPE_NAME=\\\"N1-LE-legacy\\\" -Wall -Wextra" \
	../../../hdl/common/ethernet_packet_pkg.sv ../../../hdl/ieee1722/avtp/avtp_subtype_pkg.sv ../../../hdl/ieee1722/avtp/avtp_stream_parser.sv sim_parser.cpp -o Vparser_n1
======================================================================
 tb/verilator/avtp_parser - listener accept verdict, N=1/4/8 + LE/BE
======================================================================
%Warning-VARHIDDEN: ../../../hdl/ieee1722/avtp/../../../hdl/ieee1722/avtp/avtp_stream_parser.sv:58:17: Declaration of signal hides declaration in upper scope: 'TDATA_WIDTH'
   58 |   parameter int TDATA_WIDTH = 64,      
      |                 ^~~~~~~~~~~
                    ../../../hdl/ieee1722/avtp/../../../hdl/common/ethernet_packet_pkg.sv:39:15: ... Location of original declaration
   39 | parameter int TDATA_WIDTH = 64;
      |               ^~~~~~~~~~~
                    ... For warning description see https://verilator.org/warn/VARHIDDEN?v=5.050
                    ... Use "/* verilator lint_off VARHIDDEN */" and lint_on around source to disable this message.
make[1]: Entering directory '$LANES/517-r3-full-native-validation/tb/verilator/avtp_parser/obj_n1'
g++  -I.  -MMD -I$WORKSPACE_HOME/.local/share/containers/storage/overlay/9517af577e2019496be7a9f3df0cdeafba0a4f827989b59cb358abf6403fbbde/diff/usr/share/verilator/include -I$WORKSPACE_HOME/.local/share/containers/storage/overlay/9517af577e2019496be7a9f3df0cdeafba0a4f827989b59cb358abf6403fbbde/diff/usr/share/verilator/include/vltstd -DVERILATOR=1 -DVM_COVERAGE=0 -DVM_SC=0 -DVM_TIMING=0 -DVM_TRACE=0 -DVM_TRACE_FST=0 -DVM_TRACE_VCD=0 -DVM_TRACE_SAIF=0 -DVM_VPI=0 -faligned-new -fcf-protection=none -Wno-bool-operation -Wno-int-in-bool-context -Wno-shadow -Wno-sign-compare -Wno-subobject-linkage -Wno-tautological-compare -Wno-uninitialized -Wno-unused-but-set-parameter -Wno-unused-but-set-variable -Wno-unused-parameter -Wno-unused-variable    -std=c++17 -O2 -Wall -Wextra -DNSTREAMS_TB=1 -DSHAPE_NAME=\"N1-LE-legacy\" -Wall -Wextra   -Os  -c -o sim_parser.o ../sim_parser.cpp
g++ -Os  -I.  -MMD -I$WORKSPACE_HOME/.local/share/containers/storage/overlay/9517af577e2019496be7a9f3df0cdeafba0a4f827989b59cb358abf6403fbbde/diff/usr/share/verilator/include -I$WORKSPACE_HOME/.local/share/containers/storage/overlay/9517af577e2019496be7a9f3df0cdeafba0a4f827989b59cb358abf6403fbbde/diff/usr/share/verilator/include/vltstd -DVERILATOR=1 -DVM_COVERAGE=0 -DVM_SC=0 -DVM_TIMING=0 -DVM_TRACE=0 -DVM_TRACE_FST=0 -DVM_TRACE_VCD=0 -DVM_TRACE_SAIF=0 -DVM_VPI=0 -faligned-new -fcf-protection=none -Wno-bool-operation -Wno-int-in-bool-context -Wno-shadow -Wno-sign-compare -Wno-subobject-linkage -Wno-tautological-compare -Wno-uninitialized -Wno-unused-but-set-parameter -Wno-unused-but-set-variable -Wno-unused-parameter -Wno-unused-variable    -std=c++17 -O2 -Wall -Wextra -DNSTREAMS_TB=1 -DSHAPE_NAME=\"N1-LE-legacy\" -Wall -Wextra   -c -o verilated.o $WORKSPACE_HOME/.local/share/containers/storage/overlay/9517af577e2019496be7a9f3df0cdeafba0a4f827989b59cb358abf6403fbbde/diff/usr/share/verilator/include/verilated.cpp
g++ -Os  -I.  -MMD -I$WORKSPACE_HOME/.local/share/containers/storage/overlay/9517af577e2019496be7a9f3df0cdeafba0a4f827989b59cb358abf6403fbbde/diff/usr/share/verilator/include -I$WORKSPACE_HOME/.local/share/containers/storage/overlay/9517af577e2019496be7a9f3df0cdeafba0a4f827989b59cb358abf6403fbbde/diff/usr/share/verilator/include/vltstd -DVERILATOR=1 -DVM_COVERAGE=0 -DVM_SC=0 -DVM_TIMING=0 -DVM_TRACE=0 -DVM_TRACE_FST=0 -DVM_TRACE_VCD=0 -DVM_TRACE_SAIF=0 -DVM_VPI=0 -faligned-new -fcf-protection=none -Wno-bool-operation -Wno-int-in-bool-context -Wno-shadow -Wno-sign-compare -Wno-subobject-linkage -Wno-tautological-compare -Wno-uninitialized -Wno-unused-but-set-parameter -Wno-unused-but-set-variable -Wno-unused-parameter -Wno-unused-variable    -std=c++17 -O2 -Wall -Wextra -DNSTREAMS_TB=1 -DSHAPE_NAME=\"N1-LE-legacy\" -Wall -Wextra   -c -o verilated_threads.o $WORKSPACE_HOME/.local/share/containers/storage/overlay/9517af577e2019496be7a9f3df0cdeafba0a4f827989b59cb358abf6403fbbde/diff/usr/share/verilator/include/verilated_threads.cpp
python3 $WORKSPACE_HOME/.local/share/containers/storage/overlay/9517af577e2019496be7a9f3df0cdeafba0a4f827989b59cb358abf6403fbbde/diff/usr/share/verilator/bin/verilator_includer -DVL_INCLUDE_OPT=include Vavtp_stream_parser.cpp Vavtp_stream_parser___024root__0.cpp Vavtp_stream_parser__ConstPool__0__Slow.cpp Vavtp_stream_parser___024root__Slow.cpp Vavtp_stream_parser___024root__0__Slow.cpp Vavtp_stream_parser___024unit__Slow.cpp Vavtp_stream_parser__Syms__Slow.cpp > Vavtp_stream_parser__ALL.cpp
g++ -Os  -I.  -MMD -I$WORKSPACE_HOME/.local/share/containers/storage/overlay/9517af577e2019496be7a9f3df0cdeafba0a4f827989b59cb358abf6403fbbde/diff/usr/share/verilator/include -I$WORKSPACE_HOME/.local/share/containers/storage/overlay/9517af577e2019496be7a9f3df0cdeafba0a4f827989b59cb358abf6403fbbde/diff/usr/share/verilator/include/vltstd -DVERILATOR=1 -DVM_COVERAGE=0 -DVM_SC=0 -DVM_TIMING=0 -DVM_TRACE=0 -DVM_TRACE_FST=0 -DVM_TRACE_VCD=0 -DVM_TRACE_SAIF=0 -DVM_VPI=0 -faligned-new -fcf-protection=none -Wno-bool-operation -Wno-int-in-bool-context -Wno-shadow -Wno-sign-compare -Wno-subobject-linkage -Wno-tautological-compare -Wno-uninitialized -Wno-unused-but-set-parameter -Wno-unused-but-set-variable -Wno-unused-parameter -Wno-unused-variable    -std=c++17 -O2 -Wall -Wextra -DNSTREAMS_TB=1 -DSHAPE_NAME=\"N1-LE-legacy\" -Wall -Wextra   -c -o Vavtp_stream_parser__ALL.o Vavtp_stream_parser__ALL.cpp
g++    sim_parser.o verilated.o verilated_threads.o Vavtp_stream_parser__ALL.a    -pthread -lpthread -latomic   -o Vparser_n1
rm Vavtp_stream_parser__ALL.verilator_deplist.tmp
make[1]: Leaving directory '$LANES/517-r3-full-native-validation/tb/verilator/avtp_parser/obj_n1'
- V e r i l a t i o n   R e p o r t: Verilator 5.050 2026-07-01 rev v5.050
- Verilator: Built from 0.154 MB sources in 5 modules, into 0.322 MB in 7 C++ files needing 0.001 MB
- Verilator: Walltime 4.973 s (elab=0.002, cvt=0.014, bld=4.947); cpu 0.030 s on 8 threads; allocated 484.547 MB
verilator --cc --exe --build -j 0 --top-module avtp_stream_parser +incdir+../../../hdl/common +incdir+../../../hdl/ieee1722/avtp -Wall -Wno-fatal -Wno-DECLFILENAME -Wno-UNUSEDSIGNAL -Wno-WIDTHEXPAND -Wno-WIDTHTRUNC -Wno-UNUSEDPARAM -Wno-IMPORTSTAR -Wno-CASEINCOMPLETE -Wno-EOFNEWLINE -Wno-PINCONNECTEMPTY -Wno-TIMESCALEMOD -CFLAGS "-std=c++17 -O2 -Wall -Wextra" --Mdir obj_n4 -GN_STREAMS=4 \
	-CFLAGS "-DNSTREAMS_TB=4 -DSHAPE_NAME=\\\"N4-LE-arty4x4\\\" -Wall -Wextra" \
	../../../hdl/common/ethernet_packet_pkg.sv ../../../hdl/ieee1722/avtp/avtp_subtype_pkg.sv ../../../hdl/ieee1722/avtp/avtp_stream_parser.sv sim_parser.cpp -o Vparser_n4
%Warning-VARHIDDEN: ../../../hdl/ieee1722/avtp/../../../hdl/ieee1722/avtp/avtp_stream_parser.sv:58:17: Declaration of signal hides declaration in upper scope: 'TDATA_WIDTH'
   58 |   parameter int TDATA_WIDTH = 64,      
      |                 ^~~~~~~~~~~
                    ../../../hdl/ieee1722/avtp/../../../hdl/common/ethernet_packet_pkg.sv:39:15: ... Location of original declaration
   39 | parameter int TDATA_WIDTH = 64;
      |               ^~~~~~~~~~~
                    ... For warning description see https://verilator.org/warn/VARHIDDEN?v=5.050
                    ... Use "/* verilator lint_off VARHIDDEN */" and lint_on around source to disable this message.
make[1]: Entering directory '$LANES/517-r3-full-native-validation/tb/verilator/avtp_parser/obj_n4'
g++  -I.  -MMD -I$WORKSPACE_HOME/.local/share/containers/storage/overlay/9517af577e2019496be7a9f3df0cdeafba0a4f827989b59cb358abf6403fbbde/diff/usr/share/verilator/include -I$WORKSPACE_HOME/.local/share/containers/storage/overlay/9517af577e2019496be7a9f3df0cdeafba0a4f827989b59cb358abf6403fbbde/diff/usr/share/verilator/include/vltstd -DVERILATOR=1 -DVM_COVERAGE=0 -DVM_SC=0 -DVM_TIMING=0 -DVM_TRACE=0 -DVM_TRACE_FST=0 -DVM_TRACE_VCD=0 -DVM_TRACE_SAIF=0 -DVM_VPI=0 -faligned-new -fcf-protection=none -Wno-bool-operation -Wno-int-in-bool-context -Wno-shadow -Wno-sign-compare -Wno-subobject-linkage -Wno-tautological-compare -Wno-uninitialized -Wno-unused-but-set-parameter -Wno-unused-but-set-variable -Wno-unused-parameter -Wno-unused-variable    -std=c++17 -O2 -Wall -Wextra -DNSTREAMS_TB=4 -DSHAPE_NAME=\"N4-LE-arty4x4\" -Wall -Wextra   -Os  -c -o sim_parser.o ../sim_parser.cpp
g++ -Os  -I.  -MMD -I$WORKSPACE_HOME/.local/share/containers/storage/overlay/9517af577e2019496be7a9f3df0cdeafba0a4f827989b59cb358abf6403fbbde/diff/usr/share/verilator/include -I$WORKSPACE_HOME/.local/share/containers/storage/overlay/9517af577e2019496be7a9f3df0cdeafba0a4f827989b59cb358abf6403fbbde/diff/usr/share/verilator/include/vltstd -DVERILATOR=1 -DVM_COVERAGE=0 -DVM_SC=0 -DVM_TIMING=0 -DVM_TRACE=0 -DVM_TRACE_FST=0 -DVM_TRACE_VCD=0 -DVM_TRACE_SAIF=0 -DVM_VPI=0 -faligned-new -fcf-protection=none -Wno-bool-operation -Wno-int-in-bool-context -Wno-shadow -Wno-sign-compare -Wno-subobject-linkage -Wno-tautological-compare -Wno-uninitialized -Wno-unused-but-set-parameter -Wno-unused-but-set-variable -Wno-unused-parameter -Wno-unused-variable    -std=c++17 -O2 -Wall -Wextra -DNSTREAMS_TB=4 -DSHAPE_NAME=\"N4-LE-arty4x4\" -Wall -Wextra   -c -o verilated.o $WORKSPACE_HOME/.local/share/containers/storage/overlay/9517af577e2019496be7a9f3df0cdeafba0a4f827989b59cb358abf6403fbbde/diff/usr/share/verilator/include/verilated.cpp
g++ -Os  -I.  -MMD -I$WORKSPACE_HOME/.local/share/containers/storage/overlay/9517af577e2019496be7a9f3df0cdeafba0a4f827989b59cb358abf6403fbbde/diff/usr/share/verilator/include -I$WORKSPACE_HOME/.local/share/containers/storage/overlay/9517af577e2019496be7a9f3df0cdeafba0a4f827989b59cb358abf6403fbbde/diff/usr/share/verilator/include/vltstd -DVERILATOR=1 -DVM_COVERAGE=0 -DVM_SC=0 -DVM_TIMING=0 -DVM_TRACE=0 -DVM_TRACE_FST=0 -DVM_TRACE_VCD=0 -DVM_TRACE_SAIF=0 -DVM_VPI=0 -faligned-new -fcf-protection=none -Wno-bool-operation -Wno-int-in-bool-context -Wno-shadow -Wno-sign-compare -Wno-subobject-linkage -Wno-tautological-compare -Wno-uninitialized -Wno-unused-but-set-parameter -Wno-unused-but-set-variable -Wno-unused-parameter -Wno-unused-variable    -std=c++17 -O2 -Wall -Wextra -DNSTREAMS_TB=4 -DSHAPE_NAME=\"N4-LE-arty4x4\" -Wall -Wextra   -c -o verilated_threads.o $WORKSPACE_HOME/.local/share/containers/storage/overlay/9517af577e2019496be7a9f3df0cdeafba0a4f827989b59cb358abf6403fbbde/diff/usr/share/verilator/include/verilated_threads.cpp
python3 $WORKSPACE_HOME/.local/share/containers/storage/overlay/9517af577e2019496be7a9f3df0cdeafba0a4f827989b59cb358abf6403fbbde/diff/usr/share/verilator/bin/verilator_includer -DVL_INCLUDE_OPT=include Vavtp_stream_parser.cpp Vavtp_stream_parser___024root__0.cpp Vavtp_stream_parser__ConstPool__0__Slow.cpp Vavtp_stream_parser___024root__Slow.cpp Vavtp_stream_parser___024root__0__Slow.cpp Vavtp_stream_parser___024unit__Slow.cpp Vavtp_stream_parser__Syms__Slow.cpp > Vavtp_stream_parser__ALL.cpp
g++ -Os  -I.  -MMD -I$WORKSPACE_HOME/.local/share/containers/storage/overlay/9517af577e2019496be7a9f3df0cdeafba0a4f827989b59cb358abf6403fbbde/diff/usr/share/verilator/include -I$WORKSPACE_HOME/.local/share/containers/storage/overlay/9517af577e2019496be7a9f3df0cdeafba0a4f827989b59cb358abf6403fbbde/diff/usr/share/verilator/include/vltstd -DVERILATOR=1 -DVM_COVERAGE=0 -DVM_SC=0 -DVM_TIMING=0 -DVM_TRACE=0 -DVM_TRACE_FST=0 -DVM_TRACE_VCD=0 -DVM_TRACE_SAIF=0 -DVM_VPI=0 -faligned-new -fcf-protection=none -Wno-bool-operation -Wno-int-in-bool-context -Wno-shadow -Wno-sign-compare -Wno-subobject-linkage -Wno-tautological-compare -Wno-uninitialized -Wno-unused-but-set-parameter -Wno-unused-but-set-variable -Wno-unused-parameter -Wno-unused-variable    -std=c++17 -O2 -Wall -Wextra -DNSTREAMS_TB=4 -DSHAPE_NAME=\"N4-LE-arty4x4\" -Wall -Wextra   -c -o Vavtp_stream_parser__ALL.o Vavtp_stream_parser__ALL.cpp
g++    sim_parser.o verilated.o verilated_threads.o Vavtp_stream_parser__ALL.a    -pthread -lpthread -latomic   -o Vparser_n4
rm Vavtp_stream_parser__ALL.verilator_deplist.tmp
make[1]: Leaving directory '$LANES/517-r3-full-native-validation/tb/verilator/avtp_parser/obj_n4'
- V e r i l a t i o n   R e p o r t: Verilator 5.050 2026-07-01 rev v5.050
- Verilator: Built from 0.154 MB sources in 5 modules, into 0.334 MB in 7 C++ files needing 0.001 MB
- Verilator: Walltime 4.966 s (elab=0.002, cvt=0.015, bld=4.939); cpu 0.033 s on 8 threads; allocated 484.625 MB
verilator --cc --exe --build -j 0 --top-module avtp_stream_parser +incdir+../../../hdl/common +incdir+../../../hdl/ieee1722/avtp -Wall -Wno-fatal -Wno-DECLFILENAME -Wno-UNUSEDSIGNAL -Wno-WIDTHEXPAND -Wno-WIDTHTRUNC -Wno-UNUSEDPARAM -Wno-IMPORTSTAR -Wno-CASEINCOMPLETE -Wno-EOFNEWLINE -Wno-PINCONNECTEMPTY -Wno-TIMESCALEMOD -CFLAGS "-std=c++17 -O2 -Wall -Wextra" --Mdir obj_n8 -GN_STREAMS=8 \
	-CFLAGS "-DNSTREAMS_TB=8 -DSHAPE_NAME=\\\"N8-LE-cfg_ax8x8-SHIPPING\\\" -Wall -Wextra" \
	../../../hdl/common/ethernet_packet_pkg.sv ../../../hdl/ieee1722/avtp/avtp_subtype_pkg.sv ../../../hdl/ieee1722/avtp/avtp_stream_parser.sv sim_parser.cpp -o Vparser_n8
%Warning-VARHIDDEN: ../../../hdl/ieee1722/avtp/../../../hdl/ieee1722/avtp/avtp_stream_parser.sv:58:17: Declaration of signal hides declaration in upper scope: 'TDATA_WIDTH'
   58 |   parameter int TDATA_WIDTH = 64,      
      |                 ^~~~~~~~~~~
                    ../../../hdl/ieee1722/avtp/../../../hdl/common/ethernet_packet_pkg.sv:39:15: ... Location of original declaration
   39 | parameter int TDATA_WIDTH = 64;
      |               ^~~~~~~~~~~
                    ... For warning description see https://verilator.org/warn/VARHIDDEN?v=5.050
                    ... Use "/* verilator lint_off VARHIDDEN */" and lint_on around source to disable this message.
make[1]: Entering directory '$LANES/517-r3-full-native-validation/tb/verilator/avtp_parser/obj_n8'
g++  -I.  -MMD -I$WORKSPACE_HOME/.local/share/containers/storage/overlay/9517af577e2019496be7a9f3df0cdeafba0a4f827989b59cb358abf6403fbbde/diff/usr/share/verilator/include -I$WORKSPACE_HOME/.local/share/containers/storage/overlay/9517af577e2019496be7a9f3df0cdeafba0a4f827989b59cb358abf6403fbbde/diff/usr/share/verilator/include/vltstd -DVERILATOR=1 -DVM_COVERAGE=0 -DVM_SC=0 -DVM_TIMING=0 -DVM_TRACE=0 -DVM_TRACE_FST=0 -DVM_TRACE_VCD=0 -DVM_TRACE_SAIF=0 -DVM_VPI=0 -faligned-new -fcf-protection=none -Wno-bool-operation -Wno-int-in-bool-context -Wno-shadow -Wno-sign-compare -Wno-subobject-linkage -Wno-tautological-compare -Wno-uninitialized -Wno-unused-but-set-parameter -Wno-unused-but-set-variable -Wno-unused-parameter -Wno-unused-variable    -std=c++17 -O2 -Wall -Wextra -DNSTREAMS_TB=8 -DSHAPE_NAME=\"N8-LE-cfg_ax8x8-SHIPPING\" -Wall -Wextra   -Os  -c -o sim_parser.o ../sim_parser.cpp
g++ -Os  -I.  -MMD -I$WORKSPACE_HOME/.local/share/containers/storage/overlay/9517af577e2019496be7a9f3df0cdeafba0a4f827989b59cb358abf6403fbbde/diff/usr/share/verilator/include -I$WORKSPACE_HOME/.local/share/containers/storage/overlay/9517af577e2019496be7a9f3df0cdeafba0a4f827989b59cb358abf6403fbbde/diff/usr/share/verilator/include/vltstd -DVERILATOR=1 -DVM_COVERAGE=0 -DVM_SC=0 -DVM_TIMING=0 -DVM_TRACE=0 -DVM_TRACE_FST=0 -DVM_TRACE_VCD=0 -DVM_TRACE_SAIF=0 -DVM_VPI=0 -faligned-new -fcf-protection=none -Wno-bool-operation -Wno-int-in-bool-context -Wno-shadow -Wno-sign-compare -Wno-subobject-linkage -Wno-tautological-compare -Wno-uninitialized -Wno-unused-but-set-parameter -Wno-unused-but-set-variable -Wno-unused-parameter -Wno-unused-variable    -std=c++17 -O2 -Wall -Wextra -DNSTREAMS_TB=8 -DSHAPE_NAME=\"N8-LE-cfg_ax8x8-SHIPPING\" -Wall -Wextra   -c -o verilated.o $WORKSPACE_HOME/.local/share/containers/storage/overlay/9517af577e2019496be7a9f3df0cdeafba0a4f827989b59cb358abf6403fbbde/diff/usr/share/verilator/include/verilated.cpp
g++ -Os  -I.  -MMD -I$WORKSPACE_HOME/.local/share/containers/storage/overlay/9517af577e2019496be7a9f3df0cdeafba0a4f827989b59cb358abf6403fbbde/diff/usr/share/verilator/include -I$WORKSPACE_HOME/.local/share/containers/storage/overlay/9517af577e2019496be7a9f3df0cdeafba0a4f827989b59cb358abf6403fbbde/diff/usr/share/verilator/include/vltstd -DVERILATOR=1 -DVM_COVERAGE=0 -DVM_SC=0 -DVM_TIMING=0 -DVM_TRACE=0 -DVM_TRACE_FST=0 -DVM_TRACE_VCD=0 -DVM_TRACE_SAIF=0 -DVM_VPI=0 -faligned-new -fcf-protection=none -Wno-bool-operation -Wno-int-in-bool-context -Wno-shadow -Wno-sign-compare -Wno-subobject-linkage -Wno-tautological-compare -Wno-uninitialized -Wno-unused-but-set-parameter -Wno-unused-but-set-variable -Wno-unused-parameter -Wno-unused-variable    -std=c++17 -O2 -Wall -Wextra -DNSTREAMS_TB=8 -DSHAPE_NAME=\"N8-LE-cfg_ax8x8-SHIPPING\" -Wall -Wextra   -c -o verilated_threads.o $WORKSPACE_HOME/.local/share/containers/storage/overlay/9517af577e2019496be7a9f3df0cdeafba0a4f827989b59cb358abf6403fbbde/diff/usr/share/verilator/include/verilated_threads.cpp
python3 $WORKSPACE_HOME/.local/share/containers/storage/overlay/9517af577e2019496be7a9f3df0cdeafba0a4f827989b59cb358abf6403fbbde/diff/usr/share/verilator/bin/verilator_includer -DVL_INCLUDE_OPT=include Vavtp_stream_parser.cpp Vavtp_stream_parser___024root__0.cpp Vavtp_stream_parser__ConstPool__0__Slow.cpp Vavtp_stream_parser___024root__Slow.cpp Vavtp_stream_parser___024root__0__Slow.cpp Vavtp_stream_parser___024unit__Slow.cpp Vavtp_stream_parser__Syms__Slow.cpp > Vavtp_stream_parser__ALL.cpp
g++ -Os  -I.  -MMD -I$WORKSPACE_HOME/.local/share/containers/storage/overlay/9517af577e2019496be7a9f3df0cdeafba0a4f827989b59cb358abf6403fbbde/diff/usr/share/verilator/include -I$WORKSPACE_HOME/.local/share/containers/storage/overlay/9517af577e2019496be7a9f3df0cdeafba0a4f827989b59cb358abf6403fbbde/diff/usr/share/verilator/include/vltstd -DVERILATOR=1 -DVM_COVERAGE=0 -DVM_SC=0 -DVM_TIMING=0 -DVM_TRACE=0 -DVM_TRACE_FST=0 -DVM_TRACE_VCD=0 -DVM_TRACE_SAIF=0 -DVM_VPI=0 -faligned-new -fcf-protection=none -Wno-bool-operation -Wno-int-in-bool-context -Wno-shadow -Wno-sign-compare -Wno-subobject-linkage -Wno-tautological-compare -Wno-uninitialized -Wno-unused-but-set-parameter -Wno-unused-but-set-variable -Wno-unused-parameter -Wno-unused-variable    -std=c++17 -O2 -Wall -Wextra -DNSTREAMS_TB=8 -DSHAPE_NAME=\"N8-LE-cfg_ax8x8-SHIPPING\" -Wall -Wextra   -c -o Vavtp_stream_parser__ALL.o Vavtp_stream_parser__ALL.cpp
g++    sim_parser.o verilated.o verilated_threads.o Vavtp_stream_parser__ALL.a    -pthread -lpthread -latomic   -o Vparser_n8
rm Vavtp_stream_parser__ALL.verilator_deplist.tmp
make[1]: Leaving directory '$LANES/517-r3-full-native-validation/tb/verilator/avtp_parser/obj_n8'
- V e r i l a t i o n   R e p o r t: Verilator 5.050 2026-07-01 rev v5.050
- Verilator: Built from 0.154 MB sources in 5 modules, into 0.344 MB in 7 C++ files needing 0.001 MB
- Verilator: Walltime 4.970 s (elab=0.002, cvt=0.016, bld=4.942); cpu 0.033 s on 8 threads; allocated 549.113 MB
verilator --cc --exe --build -j 0 --top-module avtp_stream_parser +incdir+../../../hdl/common +incdir+../../../hdl/ieee1722/avtp -Wall -Wno-fatal -Wno-DECLFILENAME -Wno-UNUSEDSIGNAL -Wno-WIDTHEXPAND -Wno-WIDTHTRUNC -Wno-UNUSEDPARAM -Wno-IMPORTSTAR -Wno-CASEINCOMPLETE -Wno-EOFNEWLINE -Wno-PINCONNECTEMPTY -Wno-TIMESCALEMOD -CFLAGS "-std=c++17 -O2 -Wall -Wextra" --Mdir obj_be -GN_STREAMS=8 -GBIG_ENDIAN=1 \
	-CFLAGS "-DNSTREAMS_TB=8 -DBIG_ENDIAN_TB=1 -DSHAPE_NAME=\\\"N8-BE-beats\\\" -Wall -Wextra" \
	../../../hdl/common/ethernet_packet_pkg.sv ../../../hdl/ieee1722/avtp/avtp_subtype_pkg.sv ../../../hdl/ieee1722/avtp/avtp_stream_parser.sv sim_parser.cpp -o Vparser_be
%Warning-VARHIDDEN: ../../../hdl/ieee1722/avtp/../../../hdl/ieee1722/avtp/avtp_stream_parser.sv:58:17: Declaration of signal hides declaration in upper scope: 'TDATA_WIDTH'
   58 |   parameter int TDATA_WIDTH = 64,      
      |                 ^~~~~~~~~~~
                    ../../../hdl/ieee1722/avtp/../../../hdl/common/ethernet_packet_pkg.sv:39:15: ... Location of original declaration
   39 | parameter int TDATA_WIDTH = 64;
      |               ^~~~~~~~~~~
                    ... For warning description see https://verilator.org/warn/VARHIDDEN?v=5.050
                    ... Use "/* verilator lint_off VARHIDDEN */" and lint_on around source to disable this message.
make[1]: Entering directory '$LANES/517-r3-full-native-validation/tb/verilator/avtp_parser/obj_be'
g++  -I.  -MMD -I$WORKSPACE_HOME/.local/share/containers/storage/overlay/9517af577e2019496be7a9f3df0cdeafba0a4f827989b59cb358abf6403fbbde/diff/usr/share/verilator/include -I$WORKSPACE_HOME/.local/share/containers/storage/overlay/9517af577e2019496be7a9f3df0cdeafba0a4f827989b59cb358abf6403fbbde/diff/usr/share/verilator/include/vltstd -DVERILATOR=1 -DVM_COVERAGE=0 -DVM_SC=0 -DVM_TIMING=0 -DVM_TRACE=0 -DVM_TRACE_FST=0 -DVM_TRACE_VCD=0 -DVM_TRACE_SAIF=0 -DVM_VPI=0 -faligned-new -fcf-protection=none -Wno-bool-operation -Wno-int-in-bool-context -Wno-shadow -Wno-sign-compare -Wno-subobject-linkage -Wno-tautological-compare -Wno-uninitialized -Wno-unused-but-set-parameter -Wno-unused-but-set-variable -Wno-unused-parameter -Wno-unused-variable    -std=c++17 -O2 -Wall -Wextra -DNSTREAMS_TB=8 -DBIG_ENDIAN_TB=1 -DSHAPE_NAME=\"N8-BE-beats\" -Wall -Wextra   -Os  -c -o sim_parser.o ../sim_parser.cpp
g++ -Os  -I.  -MMD -I$WORKSPACE_HOME/.local/share/containers/storage/overlay/9517af577e2019496be7a9f3df0cdeafba0a4f827989b59cb358abf6403fbbde/diff/usr/share/verilator/include -I$WORKSPACE_HOME/.local/share/containers/storage/overlay/9517af577e2019496be7a9f3df0cdeafba0a4f827989b59cb358abf6403fbbde/diff/usr/share/verilator/include/vltstd -DVERILATOR=1 -DVM_COVERAGE=0 -DVM_SC=0 -DVM_TIMING=0 -DVM_TRACE=0 -DVM_TRACE_FST=0 -DVM_TRACE_VCD=0 -DVM_TRACE_SAIF=0 -DVM_VPI=0 -faligned-new -fcf-protection=none -Wno-bool-operation -Wno-int-in-bool-context -Wno-shadow -Wno-sign-compare -Wno-subobject-linkage -Wno-tautological-compare -Wno-uninitialized -Wno-unused-but-set-parameter -Wno-unused-but-set-variable -Wno-unused-parameter -Wno-unused-variable    -std=c++17 -O2 -Wall -Wextra -DNSTREAMS_TB=8 -DBIG_ENDIAN_TB=1 -DSHAPE_NAME=\"N8-BE-beats\" -Wall -Wextra   -c -o verilated.o $WORKSPACE_HOME/.local/share/containers/storage/overlay/9517af577e2019496be7a9f3df0cdeafba0a4f827989b59cb358abf6403fbbde/diff/usr/share/verilator/include/verilated.cpp
g++ -Os  -I.  -MMD -I$WORKSPACE_HOME/.local/share/containers/storage/overlay/9517af577e2019496be7a9f3df0cdeafba0a4f827989b59cb358abf6403fbbde/diff/usr/share/verilator/include -I$WORKSPACE_HOME/.local/share/containers/storage/overlay/9517af577e2019496be7a9f3df0cdeafba0a4f827989b59cb358abf6403fbbde/diff/usr/share/verilator/include/vltstd -DVERILATOR=1 -DVM_COVERAGE=0 -DVM_SC=0 -DVM_TIMING=0 -DVM_TRACE=0 -DVM_TRACE_FST=0 -DVM_TRACE_VCD=0 -DVM_TRACE_SAIF=0 -DVM_VPI=0 -faligned-new -fcf-protection=none -Wno-bool-operation -Wno-int-in-bool-context -Wno-shadow -Wno-sign-compare -Wno-subobject-linkage -Wno-tautological-compare -Wno-uninitialized -Wno-unused-but-set-parameter -Wno-unused-but-set-variable -Wno-unused-parameter -Wno-unused-variable    -std=c++17 -O2 -Wall -Wextra -DNSTREAMS_TB=8 -DBIG_ENDIAN_TB=1 -DSHAPE_NAME=\"N8-BE-beats\" -Wall -Wextra   -c -o verilated_threads.o $WORKSPACE_HOME/.local/share/containers/storage/overlay/9517af577e2019496be7a9f3df0cdeafba0a4f827989b59cb358abf6403fbbde/diff/usr/share/verilator/include/verilated_threads.cpp
python3 $WORKSPACE_HOME/.local/share/containers/storage/overlay/9517af577e2019496be7a9f3df0cdeafba0a4f827989b59cb358abf6403fbbde/diff/usr/share/verilator/bin/verilator_includer -DVL_INCLUDE_OPT=include Vavtp_stream_parser.cpp Vavtp_stream_parser___024root__0.cpp Vavtp_stream_parser__ConstPool__0__Slow.cpp Vavtp_stream_parser___024root__Slow.cpp Vavtp_stream_parser___024root__0__Slow.cpp Vavtp_stream_parser___024unit__Slow.cpp Vavtp_stream_parser__Syms__Slow.cpp > Vavtp_stream_parser__ALL.cpp
g++ -Os  -I.  -MMD -I$WORKSPACE_HOME/.local/share/containers/storage/overlay/9517af577e2019496be7a9f3df0cdeafba0a4f827989b59cb358abf6403fbbde/diff/usr/share/verilator/include -I$WORKSPACE_HOME/.local/share/containers/storage/overlay/9517af577e2019496be7a9f3df0cdeafba0a4f827989b59cb358abf6403fbbde/diff/usr/share/verilator/include/vltstd -DVERILATOR=1 -DVM_COVERAGE=0 -DVM_SC=0 -DVM_TIMING=0 -DVM_TRACE=0 -DVM_TRACE_FST=0 -DVM_TRACE_VCD=0 -DVM_TRACE_SAIF=0 -DVM_VPI=0 -faligned-new -fcf-protection=none -Wno-bool-operation -Wno-int-in-bool-context -Wno-shadow -Wno-sign-compare -Wno-subobject-linkage -Wno-tautological-compare -Wno-uninitialized -Wno-unused-but-set-parameter -Wno-unused-but-set-variable -Wno-unused-parameter -Wno-unused-variable    -std=c++17 -O2 -Wall -Wextra -DNSTREAMS_TB=8 -DBIG_ENDIAN_TB=1 -DSHAPE_NAME=\"N8-BE-beats\" -Wall -Wextra   -c -o Vavtp_stream_parser__ALL.o Vavtp_stream_parser__ALL.cpp
g++    sim_parser.o verilated.o verilated_threads.o Vavtp_stream_parser__ALL.a    -pthread -lpthread -latomic   -o Vparser_be
rm Vavtp_stream_parser__ALL.verilator_deplist.tmp
make[1]: Leaving directory '$LANES/517-r3-full-native-validation/tb/verilator/avtp_parser/obj_be'
- V e r i l a t i o n   R e p o r t: Verilator 5.050 2026-07-01 rev v5.050
- Verilator: Built from 0.154 MB sources in 5 modules, into 0.339 MB in 7 C++ files needing 0.000 MB
- Verilator: Walltime 4.988 s (elab=0.002, cvt=0.016, bld=4.959); cpu 0.034 s on 8 threads; allocated 485.074 MB
verilator --cc --exe --build -j 0 --top-module parser_tbl_wrap +incdir+../../../hdl/common +incdir+../../../hdl/ieee1722/avtp -Wall -Wno-fatal -Wno-DECLFILENAME -Wno-UNUSEDSIGNAL -Wno-WIDTHEXPAND -Wno-WIDTHTRUNC -Wno-UNUSEDPARAM -Wno-IMPORTSTAR -Wno-CASEINCOMPLETE -Wno-EOFNEWLINE -Wno-PINCONNECTEMPTY -Wno-TIMESCALEMOD -CFLAGS "-std=c++17 -O2 -Wall -Wextra" --Mdir obj_tbl -GN_LISTENERS_P=8 \
	-CFLAGS "-DNSTREAMS_TB=8 -Wall -Wextra" \
	../../../hdl/common/ethernet_packet_pkg.sv ../../../hdl/ieee1722/avtp/avtp_subtype_pkg.sv ../../../hdl/ieee1722/avtp/avtp_stream_parser.sv ../../../hdl/ieee1722/avtp/KL_stream_table.sv parser_tbl_wrap.sv sim_tbl.cpp -o Vparser_tbl8
%Warning-PINMISSING: parser_tbl_wrap.sv:73:52: Instance has missing pin: 'bound_v_i'
   73 |   KL_stream_table #(.N_LISTENERS_P(N_LISTENERS_P)) u_tbl (
      |                                                    ^~~~~
                     ../../../hdl/ieee1722/avtp/../../../hdl/ieee1722/avtp/KL_stream_table.sv:74:40: ... Location of port declaration
   74 |   input  wire [N_LISTENERS_P-1:0]      bound_v_i,    
      |                                        ^~~~~~~~~
                     ... For warning description see https://verilator.org/warn/PINMISSING?v=5.050
                     ... Use "/* verilator lint_off PINMISSING */" and lint_on around source to disable this message.
%Warning-PINMISSING: parser_tbl_wrap.sv:73:52: Instance has missing pin: 'sid_v_i'
   73 |   KL_stream_table #(.N_LISTENERS_P(N_LISTENERS_P)) u_tbl (
      |                                                    ^~~~~
                     ../../../hdl/ieee1722/avtp/../../../hdl/ieee1722/avtp/KL_stream_table.sv:75:40: ... Location of port declaration
   75 |   input  wire [64*N_LISTENERS_P-1:0]   sid_v_i,      
      |                                        ^~~~~~~
%Warning-PINMISSING: parser_tbl_wrap.sv:73:52: Instance has missing pin: 'bind_fall_o'
   73 |   KL_stream_table #(.N_LISTENERS_P(N_LISTENERS_P)) u_tbl (
      |                                                    ^~~~~
                     ../../../hdl/ieee1722/avtp/../../../hdl/ieee1722/avtp/KL_stream_table.sv:87:39: ... Location of port declaration
   87 |   output logic [N_LISTENERS_P-1:0]    bind_fall_o   
      |                                       ^~~~~~~~~~~
%Warning-PINMISSING: parser_tbl_wrap.sv:91:5: Instance has missing pin: 'media_restart_o'
   91 |   ) u_par (
      |     ^~~~~
                     ../../../hdl/ieee1722/avtp/../../../hdl/ieee1722/avtp/avtp_stream_parser.sv:90:35: ... Location of port declaration
   90 | output logic                      media_restart_o,  
      |                                   ^~~~~~~~~~~~~~~
%Warning-VARHIDDEN: ../../../hdl/ieee1722/avtp/../../../hdl/ieee1722/avtp/avtp_stream_parser.sv:58:17: Declaration of signal hides declaration in upper scope: 'TDATA_WIDTH'
   58 |   parameter int TDATA_WIDTH = 64,      
      |                 ^~~~~~~~~~~
                    ../../../hdl/ieee1722/avtp/../../../hdl/common/ethernet_packet_pkg.sv:39:15: ... Location of original declaration
   39 | parameter int TDATA_WIDTH = 64;
      |               ^~~~~~~~~~~
                    ... For warning description see https://verilator.org/warn/VARHIDDEN?v=5.050
                    ... Use "/* verilator lint_off VARHIDDEN */" and lint_on around source to disable this message.
make[1]: Entering directory '$LANES/517-r3-full-native-validation/tb/verilator/avtp_parser/obj_tbl'
g++  -I.  -MMD -I$WORKSPACE_HOME/.local/share/containers/storage/overlay/9517af577e2019496be7a9f3df0cdeafba0a4f827989b59cb358abf6403fbbde/diff/usr/share/verilator/include -I$WORKSPACE_HOME/.local/share/containers/storage/overlay/9517af577e2019496be7a9f3df0cdeafba0a4f827989b59cb358abf6403fbbde/diff/usr/share/verilator/include/vltstd -DVERILATOR=1 -DVM_COVERAGE=0 -DVM_SC=0 -DVM_TIMING=0 -DVM_TRACE=0 -DVM_TRACE_FST=0 -DVM_TRACE_VCD=0 -DVM_TRACE_SAIF=0 -DVM_VPI=0 -faligned-new -fcf-protection=none -Wno-bool-operation -Wno-int-in-bool-context -Wno-shadow -Wno-sign-compare -Wno-subobject-linkage -Wno-tautological-compare -Wno-uninitialized -Wno-unused-but-set-parameter -Wno-unused-but-set-variable -Wno-unused-parameter -Wno-unused-variable    -std=c++17 -O2 -Wall -Wextra -DNSTREAMS_TB=8 -Wall -Wextra   -Os  -c -o sim_tbl.o ../sim_tbl.cpp
g++ -Os  -I.  -MMD -I$WORKSPACE_HOME/.local/share/containers/storage/overlay/9517af577e2019496be7a9f3df0cdeafba0a4f827989b59cb358abf6403fbbde/diff/usr/share/verilator/include -I$WORKSPACE_HOME/.local/share/containers/storage/overlay/9517af577e2019496be7a9f3df0cdeafba0a4f827989b59cb358abf6403fbbde/diff/usr/share/verilator/include/vltstd -DVERILATOR=1 -DVM_COVERAGE=0 -DVM_SC=0 -DVM_TIMING=0 -DVM_TRACE=0 -DVM_TRACE_FST=0 -DVM_TRACE_VCD=0 -DVM_TRACE_SAIF=0 -DVM_VPI=0 -faligned-new -fcf-protection=none -Wno-bool-operation -Wno-int-in-bool-context -Wno-shadow -Wno-sign-compare -Wno-subobject-linkage -Wno-tautological-compare -Wno-uninitialized -Wno-unused-but-set-parameter -Wno-unused-but-set-variable -Wno-unused-parameter -Wno-unused-variable    -std=c++17 -O2 -Wall -Wextra -DNSTREAMS_TB=8 -Wall -Wextra   -c -o verilated.o $WORKSPACE_HOME/.local/share/containers/storage/overlay/9517af577e2019496be7a9f3df0cdeafba0a4f827989b59cb358abf6403fbbde/diff/usr/share/verilator/include/verilated.cpp
g++ -Os  -I.  -MMD -I$WORKSPACE_HOME/.local/share/containers/storage/overlay/9517af577e2019496be7a9f3df0cdeafba0a4f827989b59cb358abf6403fbbde/diff/usr/share/verilator/include -I$WORKSPACE_HOME/.local/share/containers/storage/overlay/9517af577e2019496be7a9f3df0cdeafba0a4f827989b59cb358abf6403fbbde/diff/usr/share/verilator/include/vltstd -DVERILATOR=1 -DVM_COVERAGE=0 -DVM_SC=0 -DVM_TIMING=0 -DVM_TRACE=0 -DVM_TRACE_FST=0 -DVM_TRACE_VCD=0 -DVM_TRACE_SAIF=0 -DVM_VPI=0 -faligned-new -fcf-protection=none -Wno-bool-operation -Wno-int-in-bool-context -Wno-shadow -Wno-sign-compare -Wno-subobject-linkage -Wno-tautological-compare -Wno-uninitialized -Wno-unused-but-set-parameter -Wno-unused-but-set-variable -Wno-unused-parameter -Wno-unused-variable    -std=c++17 -O2 -Wall -Wextra -DNSTREAMS_TB=8 -Wall -Wextra   -c -o verilated_threads.o $WORKSPACE_HOME/.local/share/containers/storage/overlay/9517af577e2019496be7a9f3df0cdeafba0a4f827989b59cb358abf6403fbbde/diff/usr/share/verilator/include/verilated_threads.cpp
python3 $WORKSPACE_HOME/.local/share/containers/storage/overlay/9517af577e2019496be7a9f3df0cdeafba0a4f827989b59cb358abf6403fbbde/diff/usr/share/verilator/bin/verilator_includer -DVL_INCLUDE_OPT=include Vparser_tbl_wrap.cpp Vparser_tbl_wrap___024root__0.cpp Vparser_tbl_wrap__ConstPool__0__Slow.cpp Vparser_tbl_wrap___024root__Slow.cpp Vparser_tbl_wrap___024root__0__Slow.cpp Vparser_tbl_wrap___024unit__Slow.cpp Vparser_tbl_wrap__Syms__Slow.cpp > Vparser_tbl_wrap__ALL.cpp
g++ -Os  -I.  -MMD -I$WORKSPACE_HOME/.local/share/containers/storage/overlay/9517af577e2019496be7a9f3df0cdeafba0a4f827989b59cb358abf6403fbbde/diff/usr/share/verilator/include -I$WORKSPACE_HOME/.local/share/containers/storage/overlay/9517af577e2019496be7a9f3df0cdeafba0a4f827989b59cb358abf6403fbbde/diff/usr/share/verilator/include/vltstd -DVERILATOR=1 -DVM_COVERAGE=0 -DVM_SC=0 -DVM_TIMING=0 -DVM_TRACE=0 -DVM_TRACE_FST=0 -DVM_TRACE_VCD=0 -DVM_TRACE_SAIF=0 -DVM_VPI=0 -faligned-new -fcf-protection=none -Wno-bool-operation -Wno-int-in-bool-context -Wno-shadow -Wno-sign-compare -Wno-subobject-linkage -Wno-tautological-compare -Wno-uninitialized -Wno-unused-but-set-parameter -Wno-unused-but-set-variable -Wno-unused-parameter -Wno-unused-variable    -std=c++17 -O2 -Wall -Wextra -DNSTREAMS_TB=8 -Wall -Wextra   -c -o Vparser_tbl_wrap__ALL.o Vparser_tbl_wrap__ALL.cpp
g++    sim_tbl.o verilated.o verilated_threads.o Vparser_tbl_wrap__ALL.a    -pthread -lpthread -latomic   -o Vparser_tbl8
rm Vparser_tbl_wrap__ALL.verilator_deplist.tmp
make[1]: Leaving directory '$LANES/517-r3-full-native-validation/tb/verilator/avtp_parser/obj_tbl'
- V e r i l a t i o n   R e p o r t: Verilator 5.050 2026-07-01 rev v5.050
- Verilator: Built from 0.287 MB sources in 7 modules, into 0.244 MB in 7 C++ files needing 0.001 MB
- Verilator: Walltime 4.958 s (elab=0.003, cvt=0.016, bld=4.928); cpu 0.035 s on 8 threads; allocated 484.945 MB
== avtp_stream_parser deep harness - shape: N1-LE-legacy ==

[A. stream_id byte order, as lifted off the wire]

[B. VLAN-tagged vs untagged header offset]

[C. subtype / sv gate and non-AVTP traffic]

[V. version gate - IEEE 1722-2016 4.4.3.4: non-zero version DISCARDED]

[D. stream-table width: every entry reachable at this N]

[E. SID compare REJECT leg - the live-blocker signatures]

[F. frame-stream integrity]

[G. randomised differential vs the reference model]
  (G: 600 random frames, 257 parsed, 91 matched)

[H. reset clears the probe counters]
--------------------------------------------------------------
shape: N1-LE-legacy
checks: 2729   failures: 0
RESULT: PASS
== avtp_stream_parser deep harness - shape: N4-LE-arty4x4 ==

[A. stream_id byte order, as lifted off the wire]

[B. VLAN-tagged vs untagged header offset]

[C. subtype / sv gate and non-AVTP traffic]

[V. version gate - IEEE 1722-2016 4.4.3.4: non-zero version DISCARDED]

[D. stream-table width: every entry reachable at this N]

[E. SID compare REJECT leg - the live-blocker signatures]

[F. frame-stream integrity]

[G. randomised differential vs the reference model]
  (G: 600 random frames, 257 parsed, 95 matched)

[H. reset clears the probe counters]
--------------------------------------------------------------
shape: N4-LE-arty4x4
checks: 2770   failures: 0
RESULT: PASS
== avtp_stream_parser deep harness - shape: N8-LE-cfg_ax8x8-SHIPPING ==

[A. stream_id byte order, as lifted off the wire]

[B. VLAN-tagged vs untagged header offset]

[C. subtype / sv gate and non-AVTP traffic]

[V. version gate - IEEE 1722-2016 4.4.3.4: non-zero version DISCARDED]

[D. stream-table width: every entry reachable at this N]

[E. SID compare REJECT leg - the live-blocker signatures]

[F. frame-stream integrity]

[G. randomised differential vs the reference model]
  (G: 600 random frames, 257 parsed, 93 matched)

[H. reset clears the probe counters]
--------------------------------------------------------------
shape: N8-LE-cfg_ax8x8-SHIPPING
checks: 2816   failures: 0
RESULT: PASS
== avtp_stream_parser deep harness - shape: N8-BE-beats ==

[A. stream_id byte order, as lifted off the wire]

[B. VLAN-tagged vs untagged header offset]

[C. subtype / sv gate and non-AVTP traffic]

[V. version gate - IEEE 1722-2016 4.4.3.4: non-zero version DISCARDED]

[D. stream-table width: every entry reachable at this N]

[E. SID compare REJECT leg - the live-blocker signatures]

[F. frame-stream integrity]

[G. randomised differential vs the reference model]
  (G: 600 random frames, 257 parsed, 93 matched)

[H. reset clears the probe counters]
--------------------------------------------------------------
shape: N8-BE-beats
checks: 2816   failures: 0
RESULT: PASS
== KL_stream_table + avtp_stream_parser, N=8 (cfg_ax8x8 shape) ==

[T1. entry-0 ACMP alias: bound is the ONLY gate]

[T2. ACMP alias BYTE ORDER - the open 8x8 blocker's shape]

[T3. entries 1..7 through the CSR window (4..7 reach nowhere else)]

[T4. evict / disarm / re-arm, with the armed-entry count tracked]

[T5. bind_rise: one pulse per not-bound -> bound edge]

[T6. RELEASE-TO-ALIAS: an entry-0 evict hands entry 0 back to ACMP]
--------------------------------------------------------------
checks: 70   failures: 0
RESULT: PASS
make: Leaving directory '$LANES/517-r3-full-native-validation/tb/verilator/avtp_parser'
