make: Entering directory '$LANES/517-r3-full-native-validation/tb/verilator/nvm_backend'
verilator --lint-only -Wall --top-module KL_nvm_blankflash_sizer ../../../syn/ooc/sizing/KL_nvm_blankflash_sizer.sv
verilator --cc --exe --build -j 0 --prefix Vnvm -Wall -CFLAGS "-std=c++17 -O2 -Wall -Wextra" --Mdir obj_8x8 --top-module KL_nvm_backend -GCLK_HZ_P=10000 -GT_ALIVE_MS_P=4 -GT_COMMIT_MS_P=6 -GT_HOLD_MS_P=2 -GN_STREAM_IN_P=9 -GN_STREAM_OUT_P=9 -GN_SPORT_IN_P=8 -GN_SPORT_OUT_P=8 -GN_AUDIO_UNIT_P=1 -GN_CLK_DOM_P=1 -GN_NAME_P=99 \
  ../../../hdl/milan/KL_nvm_backend.sv sim_main.cpp -o Vnvm
verilator --cc --exe --build -j 0 --prefix Vnvm -Wall -CFLAGS "-std=c++17 -O2 -Wall -Wextra" --Mdir obj_1x1 --top-module KL_nvm_backend -GCLK_HZ_P=10000 -GT_ALIVE_MS_P=4 -GT_COMMIT_MS_P=6 -GT_HOLD_MS_P=2 -GN_STREAM_IN_P=2 -GN_STREAM_OUT_P=2 -GN_SPORT_IN_P=1 -GN_SPORT_OUT_P=1 -GN_AUDIO_UNIT_P=1 -GN_CLK_DOM_P=1 -GN_NAME_P=38 \
  ../../../hdl/milan/KL_nvm_backend.sv sim_main.cpp -o Vnvm
python3 mutate.py alias ../../../hdl/milan/KL_nvm_backend.sv obj_mut_alias/KL_nvm_backend.sv
python3 mutate.py stride ../../../hdl/milan/KL_nvm_backend.sv obj_mut_stride/KL_nvm_backend.sv
python3 mutate.py stale_mask ../../../hdl/milan/KL_nvm_backend.sv obj_mut_stale_mask/KL_nvm_backend.sv
python3 mutate.py blind_read ../../../hdl/milan/KL_nvm_backend.sv obj_mut_blind_read/KL_nvm_backend.sv
verilator --cc --exe --build -j 0 --prefix Vnvm -Wall -CFLAGS "-std=c++17 -O2 -Wall -Wextra" --Mdir obj_mut_stale_mask --top-module KL_nvm_backend -GCLK_HZ_P=10000 -GT_ALIVE_MS_P=4 -GT_COMMIT_MS_P=6 -GT_HOLD_MS_P=2 -GN_STREAM_IN_P=9 -GN_STREAM_OUT_P=9 -GN_SPORT_IN_P=8 -GN_SPORT_OUT_P=8 -GN_AUDIO_UNIT_P=1 -GN_CLK_DOM_P=1 -GN_NAME_P=99 \
  obj_mut_stale_mask/KL_nvm_backend.sv sim_main.cpp -o Vnvm
verilator --cc --exe --build -j 0 --prefix Vnvm -Wall -CFLAGS "-std=c++17 -O2 -Wall -Wextra" --Mdir obj_mut_stride --top-module KL_nvm_backend -GCLK_HZ_P=10000 -GT_ALIVE_MS_P=4 -GT_COMMIT_MS_P=6 -GT_HOLD_MS_P=2 -GN_STREAM_IN_P=9 -GN_STREAM_OUT_P=9 -GN_SPORT_IN_P=8 -GN_SPORT_OUT_P=8 -GN_AUDIO_UNIT_P=1 -GN_CLK_DOM_P=1 -GN_NAME_P=99 \
  obj_mut_stride/KL_nvm_backend.sv sim_main.cpp -o Vnvm
verilator --cc --exe --build -j 0 --prefix Vnvm -Wall -CFLAGS "-std=c++17 -O2 -Wall -Wextra" --Mdir obj_mut_alias --top-module KL_nvm_backend -GCLK_HZ_P=10000 -GT_ALIVE_MS_P=4 -GT_COMMIT_MS_P=6 -GT_HOLD_MS_P=2 -GN_STREAM_IN_P=9 -GN_STREAM_OUT_P=9 -GN_SPORT_IN_P=8 -GN_SPORT_OUT_P=8 -GN_AUDIO_UNIT_P=1 -GN_CLK_DOM_P=1 -GN_NAME_P=99 \
  obj_mut_alias/KL_nvm_backend.sv sim_main.cpp -o Vnvm
verilator --cc --exe --build -j 0 --prefix Vnvm -Wall -CFLAGS "-std=c++17 -O2 -Wall -Wextra" --Mdir obj_mut_blind_read --top-module KL_nvm_backend -GCLK_HZ_P=10000 -GT_ALIVE_MS_P=4 -GT_COMMIT_MS_P=6 -GT_HOLD_MS_P=2 -GN_STREAM_IN_P=9 -GN_STREAM_OUT_P=9 -GN_SPORT_IN_P=8 -GN_SPORT_OUT_P=8 -GN_AUDIO_UNIT_P=1 -GN_CLK_DOM_P=1 -GN_NAME_P=99 \
  obj_mut_blind_read/KL_nvm_backend.sv sim_main.cpp -o Vnvm
- V e r i l a t i o n   R e p o r t: Verilator 5.050 2026-07-01 rev v5.050
- Verilator: Built from 0.049 MB sources in 2 modules, into 0.017 MB in 3 C++ files needing 0.000 MB
- Verilator: Walltime 0.007 s (elab=0.000, cvt=0.003, bld=0.000); cpu 0.007 s on 1 threads; allocated 18.500 MB
verilator --lint-only -Wall --top-module KL_nvm_backend -GCLK_HZ_P=10000 -GT_ALIVE_MS_P=4 -GT_COMMIT_MS_P=6 -GT_HOLD_MS_P=2 -GN_STREAM_IN_P=9 -GN_STREAM_OUT_P=9 -GN_SPORT_IN_P=8 -GN_SPORT_OUT_P=8 -GN_AUDIO_UNIT_P=1 -GN_CLK_DOM_P=1 -GN_NAME_P=99 ../../../hdl/milan/KL_nvm_backend.sv
make[1]: Entering directory '$LANES/517-r3-full-native-validation/tb/verilator/nvm_backend/obj_1x1'
g++  -I.  -MMD -I$WORKSPACE_HOME/.local/share/containers/storage/overlay/9517af577e2019496be7a9f3df0cdeafba0a4f827989b59cb358abf6403fbbde/diff/usr/share/verilator/include -I$WORKSPACE_HOME/.local/share/containers/storage/overlay/9517af577e2019496be7a9f3df0cdeafba0a4f827989b59cb358abf6403fbbde/diff/usr/share/verilator/include/vltstd -DVERILATOR=1 -DVM_COVERAGE=0 -DVM_SC=0 -DVM_TIMING=0 -DVM_TRACE=0 -DVM_TRACE_FST=0 -DVM_TRACE_VCD=0 -DVM_TRACE_SAIF=0 -DVM_VPI=0 -faligned-new -fcf-protection=none -Wno-bool-operation -Wno-int-in-bool-context -Wno-shadow -Wno-sign-compare -Wno-subobject-linkage -Wno-tautological-compare -Wno-uninitialized -Wno-unused-but-set-parameter -Wno-unused-but-set-variable -Wno-unused-parameter -Wno-unused-variable    -std=c++17 -O2 -Wall -Wextra   -Os  -c -o sim_main.o ../sim_main.cpp
g++ -Os  -I.  -MMD -I$WORKSPACE_HOME/.local/share/containers/storage/overlay/9517af577e2019496be7a9f3df0cdeafba0a4f827989b59cb358abf6403fbbde/diff/usr/share/verilator/include -I$WORKSPACE_HOME/.local/share/containers/storage/overlay/9517af577e2019496be7a9f3df0cdeafba0a4f827989b59cb358abf6403fbbde/diff/usr/share/verilator/include/vltstd -DVERILATOR=1 -DVM_COVERAGE=0 -DVM_SC=0 -DVM_TIMING=0 -DVM_TRACE=0 -DVM_TRACE_FST=0 -DVM_TRACE_VCD=0 -DVM_TRACE_SAIF=0 -DVM_VPI=0 -faligned-new -fcf-protection=none -Wno-bool-operation -Wno-int-in-bool-context -Wno-shadow -Wno-sign-compare -Wno-subobject-linkage -Wno-tautological-compare -Wno-uninitialized -Wno-unused-but-set-parameter -Wno-unused-but-set-variable -Wno-unused-parameter -Wno-unused-variable    -std=c++17 -O2 -Wall -Wextra   -c -o verilated.o $WORKSPACE_HOME/.local/share/containers/storage/overlay/9517af577e2019496be7a9f3df0cdeafba0a4f827989b59cb358abf6403fbbde/diff/usr/share/verilator/include/verilated.cpp
make[1]: Entering directory '$LANES/517-r3-full-native-validation/tb/verilator/nvm_backend/obj_8x8'
g++  -I.  -MMD -I$WORKSPACE_HOME/.local/share/containers/storage/overlay/9517af577e2019496be7a9f3df0cdeafba0a4f827989b59cb358abf6403fbbde/diff/usr/share/verilator/include -I$WORKSPACE_HOME/.local/share/containers/storage/overlay/9517af577e2019496be7a9f3df0cdeafba0a4f827989b59cb358abf6403fbbde/diff/usr/share/verilator/include/vltstd -DVERILATOR=1 -DVM_COVERAGE=0 -DVM_SC=0 -DVM_TIMING=0 -DVM_TRACE=0 -DVM_TRACE_FST=0 -DVM_TRACE_VCD=0 -DVM_TRACE_SAIF=0 -DVM_VPI=0 -faligned-new -fcf-protection=none -Wno-bool-operation -Wno-int-in-bool-context -Wno-shadow -Wno-sign-compare -Wno-subobject-linkage -Wno-tautological-compare -Wno-uninitialized -Wno-unused-but-set-parameter -Wno-unused-but-set-variable -Wno-unused-parameter -Wno-unused-variable    -std=c++17 -O2 -Wall -Wextra   -Os  -c -o sim_main.o ../sim_main.cpp
make[1]: Entering directory '$LANES/517-r3-full-native-validation/tb/verilator/nvm_backend/obj_mut_stride'
g++  -I.  -MMD -I$WORKSPACE_HOME/.local/share/containers/storage/overlay/9517af577e2019496be7a9f3df0cdeafba0a4f827989b59cb358abf6403fbbde/diff/usr/share/verilator/include -I$WORKSPACE_HOME/.local/share/containers/storage/overlay/9517af577e2019496be7a9f3df0cdeafba0a4f827989b59cb358abf6403fbbde/diff/usr/share/verilator/include/vltstd -DVERILATOR=1 -DVM_COVERAGE=0 -DVM_SC=0 -DVM_TIMING=0 -DVM_TRACE=0 -DVM_TRACE_FST=0 -DVM_TRACE_VCD=0 -DVM_TRACE_SAIF=0 -DVM_VPI=0 -faligned-new -fcf-protection=none -Wno-bool-operation -Wno-int-in-bool-context -Wno-shadow -Wno-sign-compare -Wno-subobject-linkage -Wno-tautological-compare -Wno-uninitialized -Wno-unused-but-set-parameter -Wno-unused-but-set-variable -Wno-unused-parameter -Wno-unused-variable    -std=c++17 -O2 -Wall -Wextra   -Os  -c -o sim_main.o ../sim_main.cpp
make[1]: Entering directory '$LANES/517-r3-full-native-validation/tb/verilator/nvm_backend/obj_mut_stale_mask'
make[1]: Entering directory '$LANES/517-r3-full-native-validation/tb/verilator/nvm_backend/obj_mut_blind_read'
g++  -I.  -MMD -I$WORKSPACE_HOME/.local/share/containers/storage/overlay/9517af577e2019496be7a9f3df0cdeafba0a4f827989b59cb358abf6403fbbde/diff/usr/share/verilator/include -I$WORKSPACE_HOME/.local/share/containers/storage/overlay/9517af577e2019496be7a9f3df0cdeafba0a4f827989b59cb358abf6403fbbde/diff/usr/share/verilator/include/vltstd -DVERILATOR=1 -DVM_COVERAGE=0 -DVM_SC=0 -DVM_TIMING=0 -DVM_TRACE=0 -DVM_TRACE_FST=0 -DVM_TRACE_VCD=0 -DVM_TRACE_SAIF=0 -DVM_VPI=0 -faligned-new -fcf-protection=none -Wno-bool-operation -Wno-int-in-bool-context -Wno-shadow -Wno-sign-compare -Wno-subobject-linkage -Wno-tautological-compare -Wno-uninitialized -Wno-unused-but-set-parameter -Wno-unused-but-set-variable -Wno-unused-parameter -Wno-unused-variable    -std=c++17 -O2 -Wall -Wextra   -Os  -c -o sim_main.o ../sim_main.cpp
make[1]: Entering directory '$LANES/517-r3-full-native-validation/tb/verilator/nvm_backend/obj_mut_alias'
g++  -I.  -MMD -I$WORKSPACE_HOME/.local/share/containers/storage/overlay/9517af577e2019496be7a9f3df0cdeafba0a4f827989b59cb358abf6403fbbde/diff/usr/share/verilator/include -I$WORKSPACE_HOME/.local/share/containers/storage/overlay/9517af577e2019496be7a9f3df0cdeafba0a4f827989b59cb358abf6403fbbde/diff/usr/share/verilator/include/vltstd -DVERILATOR=1 -DVM_COVERAGE=0 -DVM_SC=0 -DVM_TIMING=0 -DVM_TRACE=0 -DVM_TRACE_FST=0 -DVM_TRACE_VCD=0 -DVM_TRACE_SAIF=0 -DVM_VPI=0 -faligned-new -fcf-protection=none -Wno-bool-operation -Wno-int-in-bool-context -Wno-shadow -Wno-sign-compare -Wno-subobject-linkage -Wno-tautological-compare -Wno-uninitialized -Wno-unused-but-set-parameter -Wno-unused-but-set-variable -Wno-unused-parameter -Wno-unused-variable    -std=c++17 -O2 -Wall -Wextra   -Os  -c -o sim_main.o ../sim_main.cpp
g++  -I.  -MMD -I$WORKSPACE_HOME/.local/share/containers/storage/overlay/9517af577e2019496be7a9f3df0cdeafba0a4f827989b59cb358abf6403fbbde/diff/usr/share/verilator/include -I$WORKSPACE_HOME/.local/share/containers/storage/overlay/9517af577e2019496be7a9f3df0cdeafba0a4f827989b59cb358abf6403fbbde/diff/usr/share/verilator/include/vltstd -DVERILATOR=1 -DVM_COVERAGE=0 -DVM_SC=0 -DVM_TIMING=0 -DVM_TRACE=0 -DVM_TRACE_FST=0 -DVM_TRACE_VCD=0 -DVM_TRACE_SAIF=0 -DVM_VPI=0 -faligned-new -fcf-protection=none -Wno-bool-operation -Wno-int-in-bool-context -Wno-shadow -Wno-sign-compare -Wno-subobject-linkage -Wno-tautological-compare -Wno-uninitialized -Wno-unused-but-set-parameter -Wno-unused-but-set-variable -Wno-unused-parameter -Wno-unused-variable    -std=c++17 -O2 -Wall -Wextra   -Os  -c -o sim_main.o ../sim_main.cpp
- V e r i l a t i o n   R e p o r t: Verilator 5.050 2026-07-01 rev v5.050
- Verilator: Built from 0.081 MB sources in 2 modules, into 0.301 MB in 3 C++ files needing 0.000 MB
- Verilator: Walltime 0.095 s (elab=0.020, cvt=0.059, bld=0.000); cpu 0.075 s on 1 threads; allocated 23.500 MB
verilator --lint-only -Wall --top-module KL_nvm_backend -GCLK_HZ_P=10000 -GT_ALIVE_MS_P=4 -GT_COMMIT_MS_P=6 -GT_HOLD_MS_P=2 -GN_STREAM_IN_P=2 -GN_STREAM_OUT_P=2 -GN_SPORT_IN_P=1 -GN_SPORT_OUT_P=1 -GN_AUDIO_UNIT_P=1 -GN_CLK_DOM_P=1 -GN_NAME_P=38 ../../../hdl/milan/KL_nvm_backend.sv
- V e r i l a t i o n   R e p o r t: Verilator 5.050 2026-07-01 rev v5.050
- Verilator: Built from 0.081 MB sources in 2 modules, into 0.222 MB in 3 C++ files needing 0.000 MB
- Verilator: Walltime 0.057 s (elab=0.019, cvt=0.028, bld=0.000); cpu 0.057 s on 1 threads; allocated 23.492 MB
g++ -Os  -I.  -MMD -I$WORKSPACE_HOME/.local/share/containers/storage/overlay/9517af577e2019496be7a9f3df0cdeafba0a4f827989b59cb358abf6403fbbde/diff/usr/share/verilator/include -I$WORKSPACE_HOME/.local/share/containers/storage/overlay/9517af577e2019496be7a9f3df0cdeafba0a4f827989b59cb358abf6403fbbde/diff/usr/share/verilator/include/vltstd -DVERILATOR=1 -DVM_COVERAGE=0 -DVM_SC=0 -DVM_TIMING=0 -DVM_TRACE=0 -DVM_TRACE_FST=0 -DVM_TRACE_VCD=0 -DVM_TRACE_SAIF=0 -DVM_VPI=0 -faligned-new -fcf-protection=none -Wno-bool-operation -Wno-int-in-bool-context -Wno-shadow -Wno-sign-compare -Wno-subobject-linkage -Wno-tautological-compare -Wno-uninitialized -Wno-unused-but-set-parameter -Wno-unused-but-set-variable -Wno-unused-parameter -Wno-unused-variable    -std=c++17 -O2 -Wall -Wextra   -c -o verilated.o $WORKSPACE_HOME/.local/share/containers/storage/overlay/9517af577e2019496be7a9f3df0cdeafba0a4f827989b59cb358abf6403fbbde/diff/usr/share/verilator/include/verilated.cpp
g++ -Os  -I.  -MMD -I$WORKSPACE_HOME/.local/share/containers/storage/overlay/9517af577e2019496be7a9f3df0cdeafba0a4f827989b59cb358abf6403fbbde/diff/usr/share/verilator/include -I$WORKSPACE_HOME/.local/share/containers/storage/overlay/9517af577e2019496be7a9f3df0cdeafba0a4f827989b59cb358abf6403fbbde/diff/usr/share/verilator/include/vltstd -DVERILATOR=1 -DVM_COVERAGE=0 -DVM_SC=0 -DVM_TIMING=0 -DVM_TRACE=0 -DVM_TRACE_FST=0 -DVM_TRACE_VCD=0 -DVM_TRACE_SAIF=0 -DVM_VPI=0 -faligned-new -fcf-protection=none -Wno-bool-operation -Wno-int-in-bool-context -Wno-shadow -Wno-sign-compare -Wno-subobject-linkage -Wno-tautological-compare -Wno-uninitialized -Wno-unused-but-set-parameter -Wno-unused-but-set-variable -Wno-unused-parameter -Wno-unused-variable    -std=c++17 -O2 -Wall -Wextra   -c -o verilated_threads.o $WORKSPACE_HOME/.local/share/containers/storage/overlay/9517af577e2019496be7a9f3df0cdeafba0a4f827989b59cb358abf6403fbbde/diff/usr/share/verilator/include/verilated_threads.cpp
g++ -Os  -I.  -MMD -I$WORKSPACE_HOME/.local/share/containers/storage/overlay/9517af577e2019496be7a9f3df0cdeafba0a4f827989b59cb358abf6403fbbde/diff/usr/share/verilator/include -I$WORKSPACE_HOME/.local/share/containers/storage/overlay/9517af577e2019496be7a9f3df0cdeafba0a4f827989b59cb358abf6403fbbde/diff/usr/share/verilator/include/vltstd -DVERILATOR=1 -DVM_COVERAGE=0 -DVM_SC=0 -DVM_TIMING=0 -DVM_TRACE=0 -DVM_TRACE_FST=0 -DVM_TRACE_VCD=0 -DVM_TRACE_SAIF=0 -DVM_VPI=0 -faligned-new -fcf-protection=none -Wno-bool-operation -Wno-int-in-bool-context -Wno-shadow -Wno-sign-compare -Wno-subobject-linkage -Wno-tautological-compare -Wno-uninitialized -Wno-unused-but-set-parameter -Wno-unused-but-set-variable -Wno-unused-parameter -Wno-unused-variable    -std=c++17 -O2 -Wall -Wextra   -c -o verilated.o $WORKSPACE_HOME/.local/share/containers/storage/overlay/9517af577e2019496be7a9f3df0cdeafba0a4f827989b59cb358abf6403fbbde/diff/usr/share/verilator/include/verilated.cpp
g++ -Os  -I.  -MMD -I$WORKSPACE_HOME/.local/share/containers/storage/overlay/9517af577e2019496be7a9f3df0cdeafba0a4f827989b59cb358abf6403fbbde/diff/usr/share/verilator/include -I$WORKSPACE_HOME/.local/share/containers/storage/overlay/9517af577e2019496be7a9f3df0cdeafba0a4f827989b59cb358abf6403fbbde/diff/usr/share/verilator/include/vltstd -DVERILATOR=1 -DVM_COVERAGE=0 -DVM_SC=0 -DVM_TIMING=0 -DVM_TRACE=0 -DVM_TRACE_FST=0 -DVM_TRACE_VCD=0 -DVM_TRACE_SAIF=0 -DVM_VPI=0 -faligned-new -fcf-protection=none -Wno-bool-operation -Wno-int-in-bool-context -Wno-shadow -Wno-sign-compare -Wno-subobject-linkage -Wno-tautological-compare -Wno-uninitialized -Wno-unused-but-set-parameter -Wno-unused-but-set-variable -Wno-unused-parameter -Wno-unused-variable    -std=c++17 -O2 -Wall -Wextra   -c -o verilated.o $WORKSPACE_HOME/.local/share/containers/storage/overlay/9517af577e2019496be7a9f3df0cdeafba0a4f827989b59cb358abf6403fbbde/diff/usr/share/verilator/include/verilated.cpp
g++ -Os  -I.  -MMD -I$WORKSPACE_HOME/.local/share/containers/storage/overlay/9517af577e2019496be7a9f3df0cdeafba0a4f827989b59cb358abf6403fbbde/diff/usr/share/verilator/include -I$WORKSPACE_HOME/.local/share/containers/storage/overlay/9517af577e2019496be7a9f3df0cdeafba0a4f827989b59cb358abf6403fbbde/diff/usr/share/verilator/include/vltstd -DVERILATOR=1 -DVM_COVERAGE=0 -DVM_SC=0 -DVM_TIMING=0 -DVM_TRACE=0 -DVM_TRACE_FST=0 -DVM_TRACE_VCD=0 -DVM_TRACE_SAIF=0 -DVM_VPI=0 -faligned-new -fcf-protection=none -Wno-bool-operation -Wno-int-in-bool-context -Wno-shadow -Wno-sign-compare -Wno-subobject-linkage -Wno-tautological-compare -Wno-uninitialized -Wno-unused-but-set-parameter -Wno-unused-but-set-variable -Wno-unused-parameter -Wno-unused-variable    -std=c++17 -O2 -Wall -Wextra   -c -o verilated_threads.o $WORKSPACE_HOME/.local/share/containers/storage/overlay/9517af577e2019496be7a9f3df0cdeafba0a4f827989b59cb358abf6403fbbde/diff/usr/share/verilator/include/verilated_threads.cpp
g++ -Os  -I.  -MMD -I$WORKSPACE_HOME/.local/share/containers/storage/overlay/9517af577e2019496be7a9f3df0cdeafba0a4f827989b59cb358abf6403fbbde/diff/usr/share/verilator/include -I$WORKSPACE_HOME/.local/share/containers/storage/overlay/9517af577e2019496be7a9f3df0cdeafba0a4f827989b59cb358abf6403fbbde/diff/usr/share/verilator/include/vltstd -DVERILATOR=1 -DVM_COVERAGE=0 -DVM_SC=0 -DVM_TIMING=0 -DVM_TRACE=0 -DVM_TRACE_FST=0 -DVM_TRACE_VCD=0 -DVM_TRACE_SAIF=0 -DVM_VPI=0 -faligned-new -fcf-protection=none -Wno-bool-operation -Wno-int-in-bool-context -Wno-shadow -Wno-sign-compare -Wno-subobject-linkage -Wno-tautological-compare -Wno-uninitialized -Wno-unused-but-set-parameter -Wno-unused-but-set-variable -Wno-unused-parameter -Wno-unused-variable    -std=c++17 -O2 -Wall -Wextra   -c -o verilated.o $WORKSPACE_HOME/.local/share/containers/storage/overlay/9517af577e2019496be7a9f3df0cdeafba0a4f827989b59cb358abf6403fbbde/diff/usr/share/verilator/include/verilated.cpp
g++ -Os  -I.  -MMD -I$WORKSPACE_HOME/.local/share/containers/storage/overlay/9517af577e2019496be7a9f3df0cdeafba0a4f827989b59cb358abf6403fbbde/diff/usr/share/verilator/include -I$WORKSPACE_HOME/.local/share/containers/storage/overlay/9517af577e2019496be7a9f3df0cdeafba0a4f827989b59cb358abf6403fbbde/diff/usr/share/verilator/include/vltstd -DVERILATOR=1 -DVM_COVERAGE=0 -DVM_SC=0 -DVM_TIMING=0 -DVM_TRACE=0 -DVM_TRACE_FST=0 -DVM_TRACE_VCD=0 -DVM_TRACE_SAIF=0 -DVM_VPI=0 -faligned-new -fcf-protection=none -Wno-bool-operation -Wno-int-in-bool-context -Wno-shadow -Wno-sign-compare -Wno-subobject-linkage -Wno-tautological-compare -Wno-uninitialized -Wno-unused-but-set-parameter -Wno-unused-but-set-variable -Wno-unused-parameter -Wno-unused-variable    -std=c++17 -O2 -Wall -Wextra   -c -o verilated.o $WORKSPACE_HOME/.local/share/containers/storage/overlay/9517af577e2019496be7a9f3df0cdeafba0a4f827989b59cb358abf6403fbbde/diff/usr/share/verilator/include/verilated.cpp
python3 $WORKSPACE_HOME/.local/share/containers/storage/overlay/9517af577e2019496be7a9f3df0cdeafba0a4f827989b59cb358abf6403fbbde/diff/usr/share/verilator/bin/verilator_includer -DVL_INCLUDE_OPT=include Vnvm.cpp Vnvm___024root__0.cpp Vnvm__ConstPool__0__Slow.cpp Vnvm___024root__Slow.cpp Vnvm___024root__0__Slow.cpp Vnvm__Syms__Slow.cpp > Vnvm__ALL.cpp
python3 $WORKSPACE_HOME/.local/share/containers/storage/overlay/9517af577e2019496be7a9f3df0cdeafba0a4f827989b59cb358abf6403fbbde/diff/usr/share/verilator/bin/verilator_includer -DVL_INCLUDE_OPT=include Vnvm.cpp Vnvm___024root__0.cpp Vnvm__ConstPool__0__Slow.cpp Vnvm___024root__Slow.cpp Vnvm___024root__0__Slow.cpp Vnvm__Syms__Slow.cpp > Vnvm__ALL.cpp
g++ -Os  -I.  -MMD -I$WORKSPACE_HOME/.local/share/containers/storage/overlay/9517af577e2019496be7a9f3df0cdeafba0a4f827989b59cb358abf6403fbbde/diff/usr/share/verilator/include -I$WORKSPACE_HOME/.local/share/containers/storage/overlay/9517af577e2019496be7a9f3df0cdeafba0a4f827989b59cb358abf6403fbbde/diff/usr/share/verilator/include/vltstd -DVERILATOR=1 -DVM_COVERAGE=0 -DVM_SC=0 -DVM_TIMING=0 -DVM_TRACE=0 -DVM_TRACE_FST=0 -DVM_TRACE_VCD=0 -DVM_TRACE_SAIF=0 -DVM_VPI=0 -faligned-new -fcf-protection=none -Wno-bool-operation -Wno-int-in-bool-context -Wno-shadow -Wno-sign-compare -Wno-subobject-linkage -Wno-tautological-compare -Wno-uninitialized -Wno-unused-but-set-parameter -Wno-unused-but-set-variable -Wno-unused-parameter -Wno-unused-variable    -std=c++17 -O2 -Wall -Wextra   -c -o verilated_threads.o $WORKSPACE_HOME/.local/share/containers/storage/overlay/9517af577e2019496be7a9f3df0cdeafba0a4f827989b59cb358abf6403fbbde/diff/usr/share/verilator/include/verilated_threads.cpp
g++ -Os  -I.  -MMD -I$WORKSPACE_HOME/.local/share/containers/storage/overlay/9517af577e2019496be7a9f3df0cdeafba0a4f827989b59cb358abf6403fbbde/diff/usr/share/verilator/include -I$WORKSPACE_HOME/.local/share/containers/storage/overlay/9517af577e2019496be7a9f3df0cdeafba0a4f827989b59cb358abf6403fbbde/diff/usr/share/verilator/include/vltstd -DVERILATOR=1 -DVM_COVERAGE=0 -DVM_SC=0 -DVM_TIMING=0 -DVM_TRACE=0 -DVM_TRACE_FST=0 -DVM_TRACE_VCD=0 -DVM_TRACE_SAIF=0 -DVM_VPI=0 -faligned-new -fcf-protection=none -Wno-bool-operation -Wno-int-in-bool-context -Wno-shadow -Wno-sign-compare -Wno-subobject-linkage -Wno-tautological-compare -Wno-uninitialized -Wno-unused-but-set-parameter -Wno-unused-but-set-variable -Wno-unused-parameter -Wno-unused-variable    -std=c++17 -O2 -Wall -Wextra   -c -o Vnvm__ALL.o Vnvm__ALL.cpp
g++ -Os  -I.  -MMD -I$WORKSPACE_HOME/.local/share/containers/storage/overlay/9517af577e2019496be7a9f3df0cdeafba0a4f827989b59cb358abf6403fbbde/diff/usr/share/verilator/include -I$WORKSPACE_HOME/.local/share/containers/storage/overlay/9517af577e2019496be7a9f3df0cdeafba0a4f827989b59cb358abf6403fbbde/diff/usr/share/verilator/include/vltstd -DVERILATOR=1 -DVM_COVERAGE=0 -DVM_SC=0 -DVM_TIMING=0 -DVM_TRACE=0 -DVM_TRACE_FST=0 -DVM_TRACE_VCD=0 -DVM_TRACE_SAIF=0 -DVM_VPI=0 -faligned-new -fcf-protection=none -Wno-bool-operation -Wno-int-in-bool-context -Wno-shadow -Wno-sign-compare -Wno-subobject-linkage -Wno-tautological-compare -Wno-uninitialized -Wno-unused-but-set-parameter -Wno-unused-but-set-variable -Wno-unused-parameter -Wno-unused-variable    -std=c++17 -O2 -Wall -Wextra   -c -o Vnvm__ALL.o Vnvm__ALL.cpp
python3 $WORKSPACE_HOME/.local/share/containers/storage/overlay/9517af577e2019496be7a9f3df0cdeafba0a4f827989b59cb358abf6403fbbde/diff/usr/share/verilator/bin/verilator_includer -DVL_INCLUDE_OPT=include Vnvm.cpp Vnvm___024root__0.cpp Vnvm__ConstPool__0__Slow.cpp Vnvm___024root__Slow.cpp Vnvm___024root__0__Slow.cpp Vnvm__Syms__Slow.cpp > Vnvm__ALL.cpp
g++ -Os  -I.  -MMD -I$WORKSPACE_HOME/.local/share/containers/storage/overlay/9517af577e2019496be7a9f3df0cdeafba0a4f827989b59cb358abf6403fbbde/diff/usr/share/verilator/include -I$WORKSPACE_HOME/.local/share/containers/storage/overlay/9517af577e2019496be7a9f3df0cdeafba0a4f827989b59cb358abf6403fbbde/diff/usr/share/verilator/include/vltstd -DVERILATOR=1 -DVM_COVERAGE=0 -DVM_SC=0 -DVM_TIMING=0 -DVM_TRACE=0 -DVM_TRACE_FST=0 -DVM_TRACE_VCD=0 -DVM_TRACE_SAIF=0 -DVM_VPI=0 -faligned-new -fcf-protection=none -Wno-bool-operation -Wno-int-in-bool-context -Wno-shadow -Wno-sign-compare -Wno-subobject-linkage -Wno-tautological-compare -Wno-uninitialized -Wno-unused-but-set-parameter -Wno-unused-but-set-variable -Wno-unused-parameter -Wno-unused-variable    -std=c++17 -O2 -Wall -Wextra   -c -o Vnvm__ALL.o Vnvm__ALL.cpp
g++    sim_main.o verilated.o verilated_threads.o Vnvm__ALL.a    -pthread -lpthread -latomic   -o Vnvm
rm Vnvm__ALL.verilator_deplist.tmp
make[1]: Leaving directory '$LANES/517-r3-full-native-validation/tb/verilator/nvm_backend/obj_1x1'
- V e r i l a t i o n   R e p o r t: Verilator 5.050 2026-07-01 rev v5.050
- Verilator: Built from 0.079 MB sources in 2 modules, into 0.274 MB in 6 C++ files needing 0.000 MB
- Verilator: Walltime 5.012 s (elab=0.016, cvt=0.035, bld=4.946); cpu 0.068 s on 8 threads; allocated 294.668 MB
g++ -Os  -I.  -MMD -I$WORKSPACE_HOME/.local/share/containers/storage/overlay/9517af577e2019496be7a9f3df0cdeafba0a4f827989b59cb358abf6403fbbde/diff/usr/share/verilator/include -I$WORKSPACE_HOME/.local/share/containers/storage/overlay/9517af577e2019496be7a9f3df0cdeafba0a4f827989b59cb358abf6403fbbde/diff/usr/share/verilator/include/vltstd -DVERILATOR=1 -DVM_COVERAGE=0 -DVM_SC=0 -DVM_TIMING=0 -DVM_TRACE=0 -DVM_TRACE_FST=0 -DVM_TRACE_VCD=0 -DVM_TRACE_SAIF=0 -DVM_VPI=0 -faligned-new -fcf-protection=none -Wno-bool-operation -Wno-int-in-bool-context -Wno-shadow -Wno-sign-compare -Wno-subobject-linkage -Wno-tautological-compare -Wno-uninitialized -Wno-unused-but-set-parameter -Wno-unused-but-set-variable -Wno-unused-parameter -Wno-unused-variable    -std=c++17 -O2 -Wall -Wextra   -c -o verilated_threads.o $WORKSPACE_HOME/.local/share/containers/storage/overlay/9517af577e2019496be7a9f3df0cdeafba0a4f827989b59cb358abf6403fbbde/diff/usr/share/verilator/include/verilated_threads.cpp
python3 $WORKSPACE_HOME/.local/share/containers/storage/overlay/9517af577e2019496be7a9f3df0cdeafba0a4f827989b59cb358abf6403fbbde/diff/usr/share/verilator/bin/verilator_includer -DVL_INCLUDE_OPT=include Vnvm.cpp Vnvm___024root__0.cpp Vnvm__ConstPool__0__Slow.cpp Vnvm___024root__Slow.cpp Vnvm___024root__0__Slow.cpp Vnvm__Syms__Slow.cpp > Vnvm__ALL.cpp
g++ -Os  -I.  -MMD -I$WORKSPACE_HOME/.local/share/containers/storage/overlay/9517af577e2019496be7a9f3df0cdeafba0a4f827989b59cb358abf6403fbbde/diff/usr/share/verilator/include -I$WORKSPACE_HOME/.local/share/containers/storage/overlay/9517af577e2019496be7a9f3df0cdeafba0a4f827989b59cb358abf6403fbbde/diff/usr/share/verilator/include/vltstd -DVERILATOR=1 -DVM_COVERAGE=0 -DVM_SC=0 -DVM_TIMING=0 -DVM_TRACE=0 -DVM_TRACE_FST=0 -DVM_TRACE_VCD=0 -DVM_TRACE_SAIF=0 -DVM_VPI=0 -faligned-new -fcf-protection=none -Wno-bool-operation -Wno-int-in-bool-context -Wno-shadow -Wno-sign-compare -Wno-subobject-linkage -Wno-tautological-compare -Wno-uninitialized -Wno-unused-but-set-parameter -Wno-unused-but-set-variable -Wno-unused-parameter -Wno-unused-variable    -std=c++17 -O2 -Wall -Wextra   -c -o Vnvm__ALL.o Vnvm__ALL.cpp
g++    sim_main.o verilated.o verilated_threads.o Vnvm__ALL.a    -pthread -lpthread -latomic   -o Vnvm
rm Vnvm__ALL.verilator_deplist.tmp
make[1]: Leaving directory '$LANES/517-r3-full-native-validation/tb/verilator/nvm_backend/obj_mut_alias'
- V e r i l a t i o n   R e p o r t: Verilator 5.050 2026-07-01 rev v5.050
- Verilator: Built from 0.078 MB sources in 2 modules, into 0.409 MB in 6 C++ files needing 0.000 MB
- Verilator: Walltime 5.298 s (elab=0.026, cvt=0.060, bld=5.191); cpu 0.111 s on 8 threads; allocated 422.926 MB
g++ -Os  -I.  -MMD -I$WORKSPACE_HOME/.local/share/containers/storage/overlay/9517af577e2019496be7a9f3df0cdeafba0a4f827989b59cb358abf6403fbbde/diff/usr/share/verilator/include -I$WORKSPACE_HOME/.local/share/containers/storage/overlay/9517af577e2019496be7a9f3df0cdeafba0a4f827989b59cb358abf6403fbbde/diff/usr/share/verilator/include/vltstd -DVERILATOR=1 -DVM_COVERAGE=0 -DVM_SC=0 -DVM_TIMING=0 -DVM_TRACE=0 -DVM_TRACE_FST=0 -DVM_TRACE_VCD=0 -DVM_TRACE_SAIF=0 -DVM_VPI=0 -faligned-new -fcf-protection=none -Wno-bool-operation -Wno-int-in-bool-context -Wno-shadow -Wno-sign-compare -Wno-subobject-linkage -Wno-tautological-compare -Wno-uninitialized -Wno-unused-but-set-parameter -Wno-unused-but-set-variable -Wno-unused-parameter -Wno-unused-variable    -std=c++17 -O2 -Wall -Wextra   -c -o verilated_threads.o $WORKSPACE_HOME/.local/share/containers/storage/overlay/9517af577e2019496be7a9f3df0cdeafba0a4f827989b59cb358abf6403fbbde/diff/usr/share/verilator/include/verilated_threads.cpp
g++ -Os  -I.  -MMD -I$WORKSPACE_HOME/.local/share/containers/storage/overlay/9517af577e2019496be7a9f3df0cdeafba0a4f827989b59cb358abf6403fbbde/diff/usr/share/verilator/include -I$WORKSPACE_HOME/.local/share/containers/storage/overlay/9517af577e2019496be7a9f3df0cdeafba0a4f827989b59cb358abf6403fbbde/diff/usr/share/verilator/include/vltstd -DVERILATOR=1 -DVM_COVERAGE=0 -DVM_SC=0 -DVM_TIMING=0 -DVM_TRACE=0 -DVM_TRACE_FST=0 -DVM_TRACE_VCD=0 -DVM_TRACE_SAIF=0 -DVM_VPI=0 -faligned-new -fcf-protection=none -Wno-bool-operation -Wno-int-in-bool-context -Wno-shadow -Wno-sign-compare -Wno-subobject-linkage -Wno-tautological-compare -Wno-uninitialized -Wno-unused-but-set-parameter -Wno-unused-but-set-variable -Wno-unused-parameter -Wno-unused-variable    -std=c++17 -O2 -Wall -Wextra   -c -o verilated_threads.o $WORKSPACE_HOME/.local/share/containers/storage/overlay/9517af577e2019496be7a9f3df0cdeafba0a4f827989b59cb358abf6403fbbde/diff/usr/share/verilator/include/verilated_threads.cpp
python3 $WORKSPACE_HOME/.local/share/containers/storage/overlay/9517af577e2019496be7a9f3df0cdeafba0a4f827989b59cb358abf6403fbbde/diff/usr/share/verilator/bin/verilator_includer -DVL_INCLUDE_OPT=include Vnvm.cpp Vnvm___024root__0.cpp Vnvm__ConstPool__0__Slow.cpp Vnvm___024root__Slow.cpp Vnvm___024root__0__Slow.cpp Vnvm__Syms__Slow.cpp > Vnvm__ALL.cpp
python3 $WORKSPACE_HOME/.local/share/containers/storage/overlay/9517af577e2019496be7a9f3df0cdeafba0a4f827989b59cb358abf6403fbbde/diff/usr/share/verilator/bin/verilator_includer -DVL_INCLUDE_OPT=include Vnvm.cpp Vnvm___024root__0.cpp Vnvm__ConstPool__0__Slow.cpp Vnvm___024root__Slow.cpp Vnvm___024root__0__Slow.cpp Vnvm__Syms__Slow.cpp > Vnvm__ALL.cpp
g++ -Os  -I.  -MMD -I$WORKSPACE_HOME/.local/share/containers/storage/overlay/9517af577e2019496be7a9f3df0cdeafba0a4f827989b59cb358abf6403fbbde/diff/usr/share/verilator/include -I$WORKSPACE_HOME/.local/share/containers/storage/overlay/9517af577e2019496be7a9f3df0cdeafba0a4f827989b59cb358abf6403fbbde/diff/usr/share/verilator/include/vltstd -DVERILATOR=1 -DVM_COVERAGE=0 -DVM_SC=0 -DVM_TIMING=0 -DVM_TRACE=0 -DVM_TRACE_FST=0 -DVM_TRACE_VCD=0 -DVM_TRACE_SAIF=0 -DVM_VPI=0 -faligned-new -fcf-protection=none -Wno-bool-operation -Wno-int-in-bool-context -Wno-shadow -Wno-sign-compare -Wno-subobject-linkage -Wno-tautological-compare -Wno-uninitialized -Wno-unused-but-set-parameter -Wno-unused-but-set-variable -Wno-unused-parameter -Wno-unused-variable    -std=c++17 -O2 -Wall -Wextra   -c -o Vnvm__ALL.o Vnvm__ALL.cpp
g++ -Os  -I.  -MMD -I$WORKSPACE_HOME/.local/share/containers/storage/overlay/9517af577e2019496be7a9f3df0cdeafba0a4f827989b59cb358abf6403fbbde/diff/usr/share/verilator/include -I$WORKSPACE_HOME/.local/share/containers/storage/overlay/9517af577e2019496be7a9f3df0cdeafba0a4f827989b59cb358abf6403fbbde/diff/usr/share/verilator/include/vltstd -DVERILATOR=1 -DVM_COVERAGE=0 -DVM_SC=0 -DVM_TIMING=0 -DVM_TRACE=0 -DVM_TRACE_FST=0 -DVM_TRACE_VCD=0 -DVM_TRACE_SAIF=0 -DVM_VPI=0 -faligned-new -fcf-protection=none -Wno-bool-operation -Wno-int-in-bool-context -Wno-shadow -Wno-sign-compare -Wno-subobject-linkage -Wno-tautological-compare -Wno-uninitialized -Wno-unused-but-set-parameter -Wno-unused-but-set-variable -Wno-unused-parameter -Wno-unused-variable    -std=c++17 -O2 -Wall -Wextra   -c -o Vnvm__ALL.o Vnvm__ALL.cpp
g++    sim_main.o verilated.o verilated_threads.o Vnvm__ALL.a    -pthread -lpthread -latomic   -o Vnvm
rm Vnvm__ALL.verilator_deplist.tmp
make[1]: Leaving directory '$LANES/517-r3-full-native-validation/tb/verilator/nvm_backend/obj_8x8'
- V e r i l a t i o n   R e p o r t: Verilator 5.050 2026-07-01 rev v5.050
- Verilator: Built from 0.079 MB sources in 2 modules, into 0.409 MB in 6 C++ files needing 0.000 MB
- Verilator: Walltime 6.255 s (elab=0.018, cvt=0.054, bld=6.162); cpu 0.100 s on 8 threads; allocated 359.508 MB
g++    sim_main.o verilated.o verilated_threads.o Vnvm__ALL.a    -pthread -lpthread -latomic   -o Vnvm
rm Vnvm__ALL.verilator_deplist.tmp
make[1]: Leaving directory '$LANES/517-r3-full-native-validation/tb/verilator/nvm_backend/obj_mut_blind_read'
- V e r i l a t i o n   R e p o r t: Verilator 5.050 2026-07-01 rev v5.050
- Verilator: Built from 0.079 MB sources in 2 modules, into 0.409 MB in 6 C++ files needing 0.000 MB
- Verilator: Walltime 6.659 s (elab=0.025, cvt=0.058, bld=6.553); cpu 0.107 s on 8 threads; allocated 231.512 MB
g++    sim_main.o verilated.o verilated_threads.o Vnvm__ALL.a    -pthread -lpthread -latomic   -o Vnvm
g++    sim_main.o verilated.o verilated_threads.o Vnvm__ALL.a    -pthread -lpthread -latomic   -o Vnvm
rm Vnvm__ALL.verilator_deplist.tmp
make[1]: Leaving directory '$LANES/517-r3-full-native-validation/tb/verilator/nvm_backend/obj_mut_stride'
- V e r i l a t i o n   R e p o r t: Verilator 5.050 2026-07-01 rev v5.050
- Verilator: Built from 0.078 MB sources in 2 modules, into 0.408 MB in 6 C++ files needing 0.000 MB
- Verilator: Walltime 7.604 s (elab=0.021, cvt=0.054, bld=7.514); cpu 0.092 s on 8 threads; allocated 359.504 MB
rm Vnvm__ALL.verilator_deplist.tmp
make[1]: Leaving directory '$LANES/517-r3-full-native-validation/tb/verilator/nvm_backend/obj_mut_stale_mask'
- V e r i l a t i o n   R e p o r t: Verilator 5.050 2026-07-01 rev v5.050
- Verilator: Built from 0.079 MB sources in 2 modules, into 0.406 MB in 6 C++ files needing 0.000 MB
- Verilator: Walltime 7.609 s (elab=0.022, cvt=0.058, bld=7.506); cpu 0.105 s on 8 threads; allocated 615.508 MB
======================================================================
./obj_8x8/Vnvm records_endstation_ax7101_8x8.txt
nvm_backend[endstation_ax7101_8x8]: checks: 469  failures: 0
./obj_1x1/Vnvm records_endstation_ax7101_1x1_tdm8.txt
nvm_backend[endstation_ax7101_1x1_tdm8]: checks: 201  failures: 0
---- negative controls: each MUST fail --------------------------------
negative control alias: RED as required -- FAIL: endstation_ax7101_8x8: a READ of record 0x70 (MAPS_OUT[0]) was REFUSED
negative control stride: RED as required -- FAIL: endstation_ax7101_8x8: MAPS_OUT[0] (record 0x70, 80 framed bytes at area offset 834) reads the wrong span: byte 0 came back 0x59, the image holds 0x17. The backend resolved this record to a different place in the image
negative control stale_mask: RED as required -- FAIL: endstation_ax7101_8x8: an ordinary change after a healed outage is in flight, not stale -- read (backed=1, dirty=1, stale=1), wanted (1, 1, 0) (status word 0xC30003E4)
negative control blind_read: RED as required -- FAIL: endstation_ax7101_8x8: a READ before the image was validated served image bytes or touched the bus (done 1, 10 byte(s), first 17 22, 2 bus read(s))
make: Leaving directory '$LANES/517-r3-full-native-validation/tb/verilator/nvm_backend'
