make: Entering directory '$VALIDATION_STORAGE/645-a531/round2c/functional/physical/tb/verilator/aaf_clock_meter'
$VALIDATION_STORAGE/645-a531/round2c/functional/run-simulator-limited --cc --exe --build -j 2 --top-module meter_wrap -GCLK_HZ_P=200000 -Wall -Wno-fatal -Werror-UNDRIVEN -Wno-DECLFILENAME -Wno-UNUSEDSIGNAL -Wno-WIDTHEXPAND -Wno-WIDTHTRUNC -Wno-UNUSEDPARAM -Wno-PINCONNECTEMPTY -Wno-EOFNEWLINE -CFLAGS "-std=c++17 -O2 -Wall -Wextra -DCLK_HZ_TB=200000" -Mdir obj_dir ../../../hdl/ieee1722/avtp/avtp_subtype_pkg.sv ../../../hdl/ieee1722/crf/KL_aaf_clock_meter.sv ../../../hdl/ieee1722/crf/KL_crf_rx.sv meter_wrap.sv sim_main.cpp -o Vmeter_sim
$VALIDATION_STORAGE/645-a531/round2c/functional/run-simulator-limited --cc --exe --build -j 2 --top-module meter_servo_wrap --public-flat-rw -GTICK_CYC_P=768 -Wall -Wno-fatal -Werror-UNDRIVEN -Wno-DECLFILENAME -Wno-UNUSEDSIGNAL -Wno-WIDTHEXPAND -Wno-WIDTHTRUNC -Wno-UNUSEDPARAM -Wno-PINCONNECTEMPTY -Wno-EOFNEWLINE -CFLAGS "-std=c++17 -O2 -Wall -Wextra -DTICK_CYC_TB=768" -Mdir obj_servo ../../../hdl/ieee1722/avtp/avtp_subtype_pkg.sv ../../../hdl/ieee1722/crf/KL_aaf_clock_meter.sv ../../../hdl/common/cdc_pulse.sv ../../../hdl/common/cdc_handshake.sv ../../../hdl/ieee1722/crf/KL_mmcm_drp_servo.sv meter_servo_wrap.sv sim_servo.cpp -o Vservo_sim
python3 mutants.py
make[1]: Entering directory '$VALIDATION_STORAGE/645-a531/round2c/functional/physical/tb/verilator/aaf_clock_meter/obj_servo'
make[1]: Entering directory '$VALIDATION_STORAGE/645-a531/round2c/functional/physical/tb/verilator/aaf_clock_meter/obj_dir'
make[1]: Nothing to be done for 'default'.
make[1]: Leaving directory '$VALIDATION_STORAGE/645-a531/round2c/functional/physical/tb/verilator/aaf_clock_meter/obj_dir'
- V e r i l a t i o n   R e p o r t: Verilator 5.050 2026-07-01 rev v5.050
- Verilator: Built from 0.000 MB sources in 0 modules, into 0.000 MB in 0 C++ files needing 0.000 MB
- Verilator: Walltime 0.013 s (elab=0.000, cvt=0.000, bld=0.011); cpu 0.001 s on 2 threads; allocated 16.492 MB
make[1]: Nothing to be done for 'default'.
make[1]: Leaving directory '$VALIDATION_STORAGE/645-a531/round2c/functional/physical/tb/verilator/aaf_clock_meter/obj_servo'
- V e r i l a t i o n   R e p o r t: Verilator 5.050 2026-07-01 rev v5.050
- Verilator: Built from 0.000 MB sources in 0 modules, into 0.000 MB in 0 C++ files needing 0.000 MB
- Verilator: Walltime 0.017 s (elab=0.000, cvt=0.000, bld=0.015); cpu 0.001 s on 2 threads; allocated 16.492 MB
======================================================================
./obj_dir/Vmeter_sim
======================================================================
./obj_servo/Vservo_sim
---- rates ----
  info: M1 +0.00 ppm: 5 updates, worst |rate - planted| 0, |rate - crf| 0
  info: M1 +10.64 ppm: 5 updates, worst |rate - planted| 1, |rate - crf| 1
  info: M1 -10.64 ppm: 5 updates, worst |rate - planted| 0, |rate - crf| 1
  info: M1 +50.00 ppm: 5 updates, worst |rate - planted| 0, |rate - crf| 0
  info: M1 -50.00 ppm: 5 updates, worst |rate - planted| 0, |rate - crf| 0
  info: M1 +100.00 ppm: 5 updates, worst |rate - planted| 0, |rate - crf| 0
  info: M1 -100.00 ppm: 5 updates, worst |rate - planted| 0, |rate - crf| 0
---- shapes ----
  info: M2 indep: 0 restarts, 227 rates, worst 100 ns
  info: M2 rsign: 0 restarts, 227 rates, worst 357 ns
  info: M2 p10ms: 0 restarts, 227 rates, worst 317 ns
  info: M2 worst: 0 restarts, 227 rates, worst 357 ns
---- beyond ----
  info: M3 rsign1800: 1468 restarts; valid 819202 cycles after the last
  info: M3 indep2100: 48 restarts; valid 819605 cycles after the last
---- format ----
---- wrap ----
  info: M5: 312 sequence wraps
---- lock ----
---- restarts ----
---- loss_periodic ----
  info: M8 indep 1 s: worst 101 ns
  info: M8 indep 0.3 s: worst 152 ns
  info: M8 rsign 1 s: worst 357 ns
  info: M8 rsign 0.3 s: worst 357 ns
---- loss_snapshot ----
---- bound ----
---- gap_value ----
---- step_in_gap ----
---- selection ----
---- pulses ----
== aaf_clock_meter: checks: 465   failures: 0 ==
RESULT: PASS
  info: S2 worst: first LOCKED 8.70 s, worst |e| 717 ns over 100 windows
  info: S2 rsign: worst |e| 717 ns
  info: S2 loss: worst |e| 724 ns; mean trim +30.619 -> +34.631 ppm (moved +4.013)
== aaf_clock_meter servo: checks: 6   failures: 0 ==
RESULT: PASS
[PASS] clean (cases:selection): rc=0
[PASS] decimation_by_1 (cases:rates): rc=1
  named rejection: [M1 +0.00 ppm] rate_valid rises within 4.2 s and holds
[PASS] rate_over_512ms_E1 (cases:shapes): rc=1
  named rejection: [M2 rsign] every rate within 360 ns of the planted rate
[PASS] bound_2048_B1 (cases:shapes): rc=1
  named rejection: [M2 indep] no history restart
[PASS] first_pdu_pick_P1 (cases:shapes): rc=1
  named rejection: [M2 indep] every rate within 256 ns of the planted rate
[PASS] spacing_bound_16384_B3 (cases:beyond): rc=1
  named rejection: [M3 rsign1800] the error restarts the history
[PASS] within_group_void_removed (cases:beyond): rc=1
  named rejection: [M3 indep2100] the error restarts the history
[PASS] stream_data_length_unchecked (cases:format): rc=1
  named rejection: [M4 12-sample] does not lock
[PASS] continuity_without_wrap (cases:wrap): rc=1
  named rejection: [M5] zero restarts across the sequence wraps
[PASS] timeout_disabled (cases:lock): rc=1
  named rejection: [M6] unlocks 100 ms after the last PDU
[PASS] no_restart_on_tu_edge (cases:restarts): rc=1
  named rejection: [M7 tu edge] rate_valid falls at the event
[PASS] restart_on_any_loss (cases:loss_periodic): rc=1
  named rejection: [M8 indep 1 s] rate_valid from 4.1 s on and never falls
[PASS] snapshot_next_pick_less_2ms (cases:loss_snapshot): rc=1
  named rejection: [M9] every rate equals the no-loss run within 1 LSB
[PASS] voided_snapshot_restarts (cases:loss_snapshot): rc=1
  named rejection: [M9] no history restart
[PASS] multi_group_gap_accepted (cases:bound): rc=1
  named rejection: [M10 two losses in adjacent groups] restarts once
[PASS] gap_bound_4096 (cases:gap_value): rc=1
  named rejection: [M11 a] +3,900 ns at +300 ppm, 5,100 ns from 4 ms: no restart
[PASS] gap_bound_scaled_with_k (cases:gap_value): rc=1
  named rejection: [M11 b] half sample at -300 ppm against +/-J, 6,365 ns off: one restart
[PASS] no_check_across_a_gap (cases:step_in_gap): rc=1
  named rejection: [M12 PDU 0 lost, step +20833 @1] restarts the history once
[PASS] listener_compare_ignored (cases:selection): rc=1
  named rejection: [M13 another listener] not measured
[PASS] no_reseed_at_era_start (cases:pulses): rc=1
  named rejection: [M14 listener change to the opposite mr level] mr_toggle_p pulses
[PASS] era_lock_clear_on_disrupt (cases:pulses): rc=1
  named rejection: [M14 listener change to the opposite mr level] disrupt_p pulses
[PASS] disrupt_tied_low (cases:pulses): rc=1
  named rejection: [M14 100 ms of silence] disrupt_p pulses
[PASS] enable_tied_high (cases:pulses): rc=1
  named rejection: [M14 enable low, talker 0 toggling its mr] mr_toggle_p pulses
[PASS] servo_with_meter_E1 (servo): rc=1
  named rejection: [S2 worst] every window's |e| under 1,024 ns after the first LOCKED
[PASS] servo_with_meter_restart_on_any_loss (servo): rc=1
  named rejection: [S2 loss] the trim followed the 4 ppm step within 0.5 ppm
[PASS] held_lock_cleared_on_a_gap (servo): rc=1
  named rejection: [S2] LOCKED never left after the first LOCKED
[PASS] deviation_verdict_deferred_to_pdu15 (cases:step_in_gap): rc=1
  named rejection: [M12 PDU 15 lost, step +20833 @1] the deviation check restarts it at the step's PDU, before the gap
[PASS] listener_change_keeps_lock (cases:restarts): rc=1
  named rejection: [M7 listener change] the held lock clears at the event
[PASS] gap_does_not_break_settle (cases:lock): rc=1
  named rejection: [M6 gap before lock] not locked at the gap PDU and 7 clean PDUs after it
[PASS] bind_edge_clears_lock (cases:restarts): rc=1
  named rejection: [M7 bind edge] the held lock is kept through the event
[PASS] cpf_zero_accepted (cases:format): rc=1
  named rejection: [M4 0 channels] does not lock
[PASS] max_dev_not_tracked (cases:rates): rc=1
  named rejection: [M1 +10.64 ppm] the largest deviation is the offset over 15 spacings
[PASS] max_dev_not_cleared_at_era_start (cases:rates): rc=1
  named rejection: [M1 max_dev, listener change] the new era's largest deviation reads 0
[PASS] max_dev_no_saturation (cases:rates): rc=1
  named rejection: [M1 max_dev, step +65536 @5] reads min(|step|, 65,535) after it
[PASS] max_dev_includes_gap_pdus (cases:rates): rc=1
  named rejection: [M1 max_dev, a lost PDU] the PDU after the gap is no deviation
[PASS] switch_through_idle_W1 (unit): rc=1
  named rejection: [U16] the integrator is kept through the switch (trim unchanged)
aaf_clock_meter mutants: 36/36 as required
make: Leaving directory '$VALIDATION_STORAGE/645-a531/round2c/functional/physical/tb/verilator/aaf_clock_meter'
