make: Entering directory '$VALIDATION_STORAGE/645-a531/round2c/functional/physical/tb/verilator/follow_ring'
mkdir -p obj_dir
make build CLK_HZ=25000000 FRAME_DIV=64 MDIR=$VALIDATION_STORAGE/645-a531/round2c/functional/physical/tb/verilator/follow_ring/obj_dir_fine
python3 settle_control.py --sim $VALIDATION_STORAGE/645-a531/round2c/functional/run-simulator-limited \
  --out $VALIDATION_STORAGE/645-a531/round2c/functional/physical/tb/verilator/follow_ring/obj_dir_control --jobs 4
python3 mutants.py --jobs 4
python3 dp_glue.py ../../../hdl/milan/milan_datapath.sv obj_dir/dp_glue.svh
make[1]: Entering directory '$VALIDATION_STORAGE/645-a531/round2c/functional/physical/tb/verilator/follow_ring'
mkdir -p $VALIDATION_STORAGE/645-a531/round2c/functional/physical/tb/verilator/follow_ring/obj_dir_fine
python3 dp_glue.py ../../../hdl/milan/milan_datapath.sv $VALIDATION_STORAGE/645-a531/round2c/functional/physical/tb/verilator/follow_ring/obj_dir_fine/dp_glue.svh
$VALIDATION_STORAGE/645-a531/round2c/functional/run-simulator-limited --cc --exe --build -j 2 --top-module follow_ring_wrap --public-flat-rw -GCLK_HZ_P=6250000 -GFRAME_DIV_P=64 -GTICK_CYC_P=3072 +incdir+../../../configs/generated/endstation_ax7101_1x1_tdm8 +incdir+obj_dir  -Wall -Wno-fatal -Werror-UNDRIVEN -Wno-DECLFILENAME -Wno-UNUSEDSIGNAL -Wno-WIDTHEXPAND -Wno-WIDTHTRUNC -Wno-UNUSEDPARAM -Wno-PINCONNECTEMPTY -Wno-EOFNEWLINE -CFLAGS "-std=c++17 -O2 -Wall -Wextra -DCLK_HZ_TB=6250000 -DFRAME_DIV_TB=64" -Mdir obj_dir ../../../hdl/ieee1722/avtp/avtp_subtype_pkg.sv ../../../hdl/common/cdc_pulse.sv ../../../hdl/common/cdc_handshake.sv ../../../hdl/ieee1722/crf/KL_aaf_clock_meter.sv ../../../hdl/ieee1722/crf/KL_crf_rx.sv ../../../hdl/ieee1722/crf/KL_mmcm_drp_servo.sv ../../../hdl/ieee1722/crf/KL_media_nco.sv ../../../hdl/ieee1722/crf/KL_media_grid_align.sv ../../../hdl/ieee1722/aaf/KL_chan_map_capture.sv ../../../hdl/ieee1722/aaf/KL_render_setpoint.sv follow_ring_wrap.sv sim_main.cpp -o Vfollow_ring
$VALIDATION_STORAGE/645-a531/round2c/functional/run-simulator-limited --cc --exe --build -j 2 --top-module follow_ring_wrap --public-flat-rw -GCLK_HZ_P=25000000 -GFRAME_DIV_P=64 -GTICK_CYC_P=3072 +incdir+../../../configs/generated/endstation_ax7101_1x1_tdm8 +incdir+$VALIDATION_STORAGE/645-a531/round2c/functional/physical/tb/verilator/follow_ring/obj_dir_fine  -Wall -Wno-fatal -Werror-UNDRIVEN -Wno-DECLFILENAME -Wno-UNUSEDSIGNAL -Wno-WIDTHEXPAND -Wno-WIDTHTRUNC -Wno-UNUSEDPARAM -Wno-PINCONNECTEMPTY -Wno-EOFNEWLINE -CFLAGS "-std=c++17 -O2 -Wall -Wextra -DCLK_HZ_TB=25000000 -DFRAME_DIV_TB=64" -Mdir $VALIDATION_STORAGE/645-a531/round2c/functional/physical/tb/verilator/follow_ring/obj_dir_fine ../../../hdl/ieee1722/avtp/avtp_subtype_pkg.sv ../../../hdl/common/cdc_pulse.sv ../../../hdl/common/cdc_handshake.sv ../../../hdl/ieee1722/crf/KL_aaf_clock_meter.sv ../../../hdl/ieee1722/crf/KL_crf_rx.sv ../../../hdl/ieee1722/crf/KL_mmcm_drp_servo.sv ../../../hdl/ieee1722/crf/KL_media_nco.sv ../../../hdl/ieee1722/crf/KL_media_grid_align.sv ../../../hdl/ieee1722/aaf/KL_chan_map_capture.sv ../../../hdl/ieee1722/aaf/KL_render_setpoint.sv follow_ring_wrap.sv sim_main.cpp -o Vfollow_ring
settle control 6250000 Hz: PASS
settle control 100000000 Hz: PASS
make[2]: Entering directory '$VALIDATION_STORAGE/645-a531/round2c/functional/physical/tb/verilator/follow_ring/obj_dir_fine'
make[1]: Entering directory '$VALIDATION_STORAGE/645-a531/round2c/functional/physical/tb/verilator/follow_ring/obj_dir'
make[2]: Nothing to be done for 'default'.
make[2]: Leaving directory '$VALIDATION_STORAGE/645-a531/round2c/functional/physical/tb/verilator/follow_ring/obj_dir_fine'
- V e r i l a t i o n   R e p o r t: Verilator 5.050 2026-07-01 rev v5.050
- Verilator: Built from 0.000 MB sources in 0 modules, into 0.000 MB in 0 C++ files needing 0.000 MB
- Verilator: Walltime 0.013 s (elab=0.000, cvt=0.000, bld=0.011); cpu 0.001 s on 2 threads; allocated 16.492 MB
make[1]: Nothing to be done for 'default'.
make[1]: Leaving directory '$VALIDATION_STORAGE/645-a531/round2c/functional/physical/tb/verilator/follow_ring/obj_dir'
- V e r i l a t i o n   R e p o r t: Verilator 5.050 2026-07-01 rev v5.050
- Verilator: Built from 0.000 MB sources in 0 modules, into 0.000 MB in 0 C++ files needing 0.000 MB
- Verilator: Walltime 0.011 s (elab=0.000, cvt=0.000, bld=0.010); cpu 0.001 s on 2 threads; allocated 16.492 MB
make[1]: Leaving directory '$VALIDATION_STORAGE/645-a531/round2c/functional/physical/tb/verilator/follow_ring'
$VALIDATION_STORAGE/645-a531/round2c/functional/physical/tb/verilator/follow_ring/obj_dir/Vfollow_ring --case b8 --dwell-s 1.0 --set-phase 0.0 --hold-s 16 --switch-hold-s 15
$VALIDATION_STORAGE/645-a531/round2c/functional/physical/tb/verilator/follow_ring/obj_dir/Vfollow_ring --case pullin --latency-us 210.42 --after-s 1.5
python3 small_pulls.py --exe $VALIDATION_STORAGE/645-a531/round2c/functional/physical/tb/verilator/follow_ring/obj_dir_fine/Vfollow_ring \
  --out $VALIDATION_STORAGE/645-a531/round2c/functional/physical/tb/verilator/follow_ring/obj_dir_fine/results --jobs 4
settle control 25000000 Hz: PASS
settle control 50000000 Hz: PASS
  info: before the hold, last 0.5 s [   4.100,    4.600) s: ring slips 0+0, margin +0.783..+0.791 ticks; render n 3998 fill 14..14 (off-law 0), delay 8.686..8.694 (out of band 0), end-to-pop clearance 0.306 ticks
  info: the pull, first 0.2 s      [   4.600,    4.800) s: ring slips 0+0, margin +0.783..+1.321 ticks; render n 1600 fill 14..15 (off-law 1075), delay 8.694..9.224 (out of band 1052), end-to-pop clearance 0.001 ticks NOT GRADABLE
  info: after the settle           [   5.454,    6.100) s: ring slips 0+0, margin +5.284..+5.299 ticks; render n 5165 fill 14..14 (off-law 0), delay 8.187..8.210 (out of band 0), end-to-pop clearance 0.187 ticks
  info: [PULLIN]: settle recentre fired (1 pulse(s), render recentre executed 1); slips before it 0, after it 0; after it the loopback margin +5.284..+5.299 ticks, render fill 14..14 delay 8.187..8.210, on the law
MARGINS: [PULLIN] empty 5.283840 full 5.775360 ticks
  info: [PULLIN]: settle recentre 0.8541 s after the start
ERROR-DISTRIBUTION: INTERNAL before hold window 4.100000000 4.600000000 samples 24000 axis_hz 6250000 histogram -1:24 0:23951 1:25
ERROR-DISTRIBUTION: INTERNAL after hold window 4.600000000 6.100052000 samples 72001 axis_hz 6250000 histogram -9:2760 -8:5909 -7:3774 -6:3390 -5:3435 -4:3760 -3:4509 -2:6260 -1:13953 0:16343 1:316 2:292 3:274 4:258 5:242 6:229 7:218 8:207 9:204 10:188 11:181 12:176 13:169 14:164 15:158 16:152 17:148 18:143 19:138 20:137 21:131 22:127 23:126 24:119 25:119 26:117 27:113 28:112 29:108 30:104 31:106 32:100 33:100 34:97 35:96 36:94 37:92 38:90 39:91 40:86 41:86 42:84 43:84 44:83 45:77 46:83 47:76 48:76 49:75 50:76 51:75 52:73 53:71 54:71 55:70 56:68 57:67 58:68 59:66 60:65 61:65 62:64 63:63 64:61 65:39
ERROR-DISTRIBUTION: INTERNAL after settle window 5.454237680 6.100052000 samples 30999 axis_hz 6250000 histogram -2:1745 -1:13255 0:15999
RESULT-647: latency 210.42 us hold 52.0 us: delay 8.686..8.694 -> 8.187..8.210 ticks (shift -0.492), fill 14..14 -> 14..14, clearance 0.306 -> 0.187 ticks, settle +0.854 s after the hold, recentres 1, loopback slips 0 before the settle and 0 after: ON THE LAW
RECOVERY: action 5.454116560 rearmed 5.496783440 duration 0.042666880 s quiet_ticks 2048
== follow_ring: checks: 18   failures: 0 ==
RESULT: PASS
[MUTANT] NO-ARM: caught by "[PULLIN] the render stage is on its law after the settle recentre"
[MUTANT] QUIET-ARM: caught by "[STEADY] INTERNAL without a hold has no pending settle"
[MUTANT] HIGH-ARM: caught by "[PULLIN] the render stage is on its law after the settle recentre"
[MUTANT] NO-RECOVERY: caught by "[PULLIN] exactly one settle recentre from the transient to the hold's end"
SMALL PULL cross-2044: rc 0
SMALL PULL above-old-arm: rc 0
SMALL PULL cross-2042: rc 0
SMALL PULL cross-2046: rc 0
[MUTANT] NO-SETTLE: caught by "[PULLIN] the render stage is on its law after the settle recentre"
[MUTANT] SINGLE-DROP: caught by "LRC: ten left drops five excess events on both pairs"
SMALL PULL one-quantum: rc 0
SMALL PULL negative-sub-arm: rc 0
SMALL PULL eight-quanta: rc 0
SMALL PULL no-hold: rc 0
[MUTANT] EARLY: caught by "[B8] the render stage is on its law after the settle recentre"
[MUTANT] RENDER-ONLY: caught by "[B8] the loopback ring is centred after the settle recentre (margin in (5, 6] ticks)"
  info: INTERNAL: 2 slips in 5.098 s (beat 3.519 s); margin at the set +0.008..+1.006 ticks
  info: t=5.098000 s  CLOCK_SOURCE <- 2
  info: INTERNAL-to-AAF: LOCKED 6.657 s after the set; trim -6.000 ppm at the end
  info: slip (dup) at 3.5204 s after the set, -3.1367 s from LOCKED
  info: render recentre at 0.0428 s after the set, -6.6143 s from LOCKED
  info: render recentre at 10.7532 s after the set, +4.0962 s from LOCKED
  info: INTERNAL, last second      [   4.098,    5.098) s: ring slips 1+0, margin +0.008..+1.006 ticks; render n 8000 fill 12..13 (off-law 8000), delay 6.912..7.204 (out of band 8000), end-to-pop clearance 0.004 ticks NOT GRADABLE
  info: set to LOCKED              [   5.098,   11.755) s: ring slips 1+0, margin +0.008..+1.014 ticks; render n 53254 fill 12..14 (off-law 27502), delay 6.897..8.909 (out of band 27789), end-to-pop clearance 0.003 ticks NOT GRADABLE
  info: LOCKED to the settle       [  11.755,   15.851) s: ring slips 0+0, margin +0.545..+5.553 ticks; render n 32767 fill 13..13 (off-law 32767), delay 7.450..7.488 (out of band 32767), end-to-pop clearance 0.450 ticks
  info: settle to the hold's end   [  15.851,   21.098) s: ring slips 0+0, margin +5.545..+5.560 ticks; render n 41972 fill 14..14 (off-law 0), delay 8.456..8.463 (out of band 0), end-to-pop clearance 0.456 ticks
  info: [B8]: settle recentre fired (1 pulse(s), render recentre executed 1); slips before it 1, after it 0; after it the loopback margin +5.545..+5.560 ticks, render fill 14..14 delay 8.456..8.463, on the law
MARGINS: [B8] empty 5.544960 full 5.521920 ticks
  info: [B8]: settle recentre 10.7531 s after the start, 4.0960 s after LOCKED
ERROR-DISTRIBUTION: INTERNAL before switch window 4.598000000 5.098000000 samples 24000 axis_hz 6250000 histogram -1:28 0:23942 1:30
ERROR-DISTRIBUTION: AAF after settle window 15.851245520 21.098000000 samples 251842 axis_hz 6250000 histogram -1:3940 0:243369 1:4533
RESULT-645: phase 0.0000 jitter 0.0 us tail 0.0 us p 0e+00: slips set-to-settle 1 (declared bound 3), after the settle 0, margin at LOCKED +0.561..+0.576, after the settle +5.545..+5.560 ticks, LOCKED 6.66 s, settle +4.096 s after LOCKED, render after the settle fill 14..14 delay 8.456..8.463 (on the law)
  info: t=21.098000 s  CLOCK_SOURCE <- 1
  info: [SW] AAF to CRF:: LOCKED 2.945 s after; ring slips 0; margin +5.553 before the switch, +5.560 before its settle recentre
  info: [SW] AAF to CRF:           [  21.098,   36.098) s: ring slips 0+0, margin +5.545..+5.560 ticks; render n 119997 fill 14..14 (off-law 0), delay 8.456..8.471 (out of band 0), end-to-pop clearance 0.456 ticks
  info: [SW] AAF to CRF:: settle recentre fired (1 pulse(s), render recentre executed 1); slips before it 0, after it 0; after it the loopback margin +5.545..+5.560 ticks, render fill 14..14 delay 8.456..8.471, on the law
MARGINS: [SW] AAF to CRF: empty 5.544960 full 5.514240 ticks
  info: [SW] AAF to CRF:: settle recentre 7.0413 s after the start, 4.0960 s after LOCKED
ERROR-DISTRIBUTION: [SW] AAF to CRF: window 28.139381040 36.098000000 samples 382010 axis_hz 6250000 histogram -1:4805 0:372056 1:5149
RESULT-645-SW: [SW] AAF to CRF: phase 0.0000 jitter 0.0 us tail 0.0 us p 0e+00: LOCKED 2.95 s, slips 0, drift +0.008 ticks, settle +4.096 s after LOCKED, margin after +5.545..+5.560, render on the law
  info: t=36.098000 s  CLOCK_SOURCE <- 2
  info: [SW] CRF to AAF:: LOCKED 5.865 s after; ring slips 0; margin +5.560 before the switch, +5.576 before its settle recentre
  info: [SW] CRF to AAF:           [  36.098,   51.098) s: ring slips 0+0, margin +5.553..+5.576 ticks; render n 119997 fill 14..14 (off-law 0), delay 8.456..8.486 (out of band 0), end-to-pop clearance 0.456 ticks
  info: [SW] CRF to AAF:: settle recentre fired (1 pulse(s), render recentre executed 1); slips before it 0, after it 0; after it the loopback margin +5.560..+5.576 ticks, render fill 14..14 delay 8.471..8.479, on the law
MARGINS: [SW] CRF to AAF: empty 5.560320 full 5.506560 ticks
  info: [SW] CRF to AAF:: settle recentre 9.9615 s after the start, 4.0960 s after LOCKED
ERROR-DISTRIBUTION: [SW] CRF to AAF: window 46.059578480 51.098000000 samples 241842 axis_hz 6250000 histogram -1:3365 0:235579 1:2898
RESULT-645-SW: [SW] CRF to AAF: phase 0.0000 jitter 0.0 us tail 0.0 us p 0e+00: LOCKED 5.87 s, slips 0, drift +0.015 ticks, settle +4.096 s after LOCKED, margin after +5.560..+5.576, render on the law
== follow_ring: checks: 48   failures: 0 ==
RESULT: PASS
[MUTANT] OVERSHOOT: caught by "[B8] no loopback slip after the settle recentre"
SMALL PULL second-inside: rc 0
[MUTANT] W1: caught by "[SW] AAF to CRF: the switch moved the loopback margin less than 0.1 tick before its settle"
follow_ring mutants: 10/10 caught
SMALL PULL second-outside: rc 0
small pulls: 10/10 passed
make: Leaving directory '$VALIDATION_STORAGE/645-a531/round2c/functional/physical/tb/verilator/follow_ring'
