[==========] Running 4 tests from 1 test suite.
[----------] Global test environment set-up.
[----------] 4 tests from Srp
[ RUN      ] Srp.ProbeJoiningSharedBindingCarriesApplicantWhenOriginalLeaves
$PACKET/scratch/scenarios/tree/sw/firmware/ctrl/test/srp_probe.cpp:36: Failure
Expected equality of these values:
  d.event
    Which is: 3
  5u
    Which is: 5
no stale Ready after the eligible user leaves
Google Test trace:
$PACKET/scratch/scenarios/tree/sw/firmware/ctrl/test/srp_probe.cpp:25: 0/0

  [FAIL] Srp.ProbeJoiningSharedBindingCarriesApplicantWhenOriginalLeaves: $PACKET/scratch/scenarios/tree/sw/firmware/ctrl/test/srp_probe.cpp:25: 0/0
$PACKET/scratch/scenarios/tree/sw/firmware/ctrl/test/srp_probe.cpp:36: Failure
Expected equality of these values:
  d.event
    Which is: 3
  5u
    Which is: 5
no stale Ready after the eligible user leaves
Google Test trace:
$PACKET/scratch/scenarios/tree/sw/firmware/ctrl/test/srp_probe.cpp:25: 0/0

  [FAIL] Srp.ProbeJoiningSharedBindingCarriesApplicantWhenOriginalLeaves: $PACKET/scratch/scenarios/tree/sw/firmware/ctrl/test/srp_probe.cpp:25: 0/0
$PACKET/scratch/scenarios/tree/sw/firmware/ctrl/test/srp_probe.cpp:36: Failure
Expected equality of these values:
  d.event
    Which is: 3
  5u
    Which is: 5
no stale Ready after the eligible user leaves
Google Test trace:
$PACKET/scratch/scenarios/tree/sw/firmware/ctrl/test/srp_probe.cpp:25: 0/0

  [FAIL] Srp.ProbeJoiningSharedBindingCarriesApplicantWhenOriginalLeaves: $PACKET/scratch/scenarios/tree/sw/firmware/ctrl/test/srp_probe.cpp:25: 0/0
$PACKET/scratch/scenarios/tree/sw/firmware/ctrl/test/srp_probe.cpp:38: Failure
Value of: left
  Actual: false
Expected: true
Listener Ready must be withdrawn when only an ineligible binding remains
Google Test trace:
$PACKET/scratch/scenarios/tree/sw/firmware/ctrl/test/srp_probe.cpp:25: 0/0

  [FAIL] Srp.ProbeJoiningSharedBindingCarriesApplicantWhenOriginalLeaves: $PACKET/scratch/scenarios/tree/sw/firmware/ctrl/test/srp_probe.cpp:25: 0/0
$PACKET/scratch/scenarios/tree/sw/firmware/ctrl/test/srp_probe.cpp:36: Failure
Expected equality of these values:
  d.event
    Which is: 3
  5u
    Which is: 5
no stale Ready after the eligible user leaves
Google Test trace:
$PACKET/scratch/scenarios/tree/sw/firmware/ctrl/test/srp_probe.cpp:25: 0/1

  [FAIL] Srp.ProbeJoiningSharedBindingCarriesApplicantWhenOriginalLeaves: $PACKET/scratch/scenarios/tree/sw/firmware/ctrl/test/srp_probe.cpp:25: 0/1
$PACKET/scratch/scenarios/tree/sw/firmware/ctrl/test/srp_probe.cpp:36: Failure
Expected equality of these values:
  d.event
    Which is: 3
  5u
    Which is: 5
no stale Ready after the eligible user leaves
Google Test trace:
$PACKET/scratch/scenarios/tree/sw/firmware/ctrl/test/srp_probe.cpp:25: 0/1

  [FAIL] Srp.ProbeJoiningSharedBindingCarriesApplicantWhenOriginalLeaves: $PACKET/scratch/scenarios/tree/sw/firmware/ctrl/test/srp_probe.cpp:25: 0/1
$PACKET/scratch/scenarios/tree/sw/firmware/ctrl/test/srp_probe.cpp:38: Failure
Value of: left
  Actual: false
Expected: true
Listener Ready must be withdrawn when only an ineligible binding remains
Google Test trace:
$PACKET/scratch/scenarios/tree/sw/firmware/ctrl/test/srp_probe.cpp:25: 0/1

  [FAIL] Srp.ProbeJoiningSharedBindingCarriesApplicantWhenOriginalLeaves: $PACKET/scratch/scenarios/tree/sw/firmware/ctrl/test/srp_probe.cpp:25: 0/1
[  FAILED  ] Srp.ProbeJoiningSharedBindingCarriesApplicantWhenOriginalLeaves (1 ms)
[ RUN      ] Srp.ProbeUnbindingTheLastDomainVidBindingKeepsSrClassVlan
[       OK ] Srp.ProbeUnbindingTheLastDomainVidBindingKeepsSrClassVlan (0 ms)
[ RUN      ] Srp.ProbeRebindToRegisteredStreamDeclaresReadyBesideAnotherReadyStream
[       OK ] Srp.ProbeRebindToRegisteredStreamDeclaresReadyBesideAnotherReadyStream (0 ms)
[ RUN      ] Srp.ProbeR533OverlappingRebindWithdrawsSharedReady
[       OK ] Srp.ProbeR533OverlappingRebindWithdrawsSharedReady (0 ms)
[----------] 4 tests from Srp (2 ms total)

[----------] Global test environment tear-down
[==========] 4 tests from 1 test suite ran. (2 ms total)
[  PASSED  ] 3 tests.
[  FAILED  ] 1 test, listed below:
[  FAILED  ] Srp.ProbeJoiningSharedBindingCarriesApplicantWhenOriginalLeaves

 1 FAILED TEST
== reviewer SRP probe: checks: 4   failures: 1 ==
RESULT: FAIL
  verdict: FAIL (its tallies report 1 failure(s) across 4 checks, exit 1)