make: Entering directory '$LANES/423-validation/gptp-processor'
python3 tb/check_phc_contract.py
make -C tb/verilator/ucpu
verilator --lint-only -Wall -Wno-DECLFILENAME -Wno-UNUSEDSIGNAL \
  -Wno-UNUSEDPARAM -Wno-WIDTHEXPAND -Wno-WIDTHTRUNC \
  --top-module KL_gptp_engine \
  hdl/ucpu/gptp_ucpu_pkg.sv hdl/ucpu/KL_gptp_ucpu.sv \
  hdl/wire/KL_gptp_rx_parser.sv hdl/wire/KL_gptp_tx_slot.sv \
  hdl/common/KL_gptp_timer.sv hdl/top/KL_gptp_engine.sv
python3 scripts/generate_diagrams.py --check
make[1]: Entering directory '$LANES/423-validation/gptp-processor/tb/verilator/ucpu'
verilator --cc --exe --build -j 0 --top-module KL_gptp_ucpu -Wall -Wno-fatal -Wno-DECLFILENAME -Wno-UNUSEDSIGNAL -Wno-WIDTHEXPAND -Wno-WIDTHTRUNC -Wno-UNUSEDPARAM -GUCODE_HEX_P='"gptp_ucode.hex"' -CFLAGS "-std=c++17 -O2 -I$LANES/423-validation/gptp-processor/tb/verilator/ucpu -Wall -Wextra" ../../../hdl/ucpu/gptp_ucpu_pkg.sv ../../../hdl/ucpu/KL_gptp_ucpu.sv sim_main.cpp -o Vucpu_sim
PHC interface contract: PASS
make[2]: Entering directory '$LANES/423-validation/gptp-processor/tb/verilator/ucpu/obj_dir'
make[2]: Nothing to be done for 'default'.
make[2]: Leaving directory '$LANES/423-validation/gptp-processor/tb/verilator/ucpu/obj_dir'
- V e r i l a t i o n   R e p o r t: Verilator 5.050 2026-07-01 rev v5.050
- Verilator: Built from 0.000 MB sources in 0 modules, into 0.000 MB in 0 C++ files needing 0.000 MB
- Verilator: Walltime 0.009 s (elab=0.000, cvt=0.000, bld=0.008); cpu 0.001 s on 8 threads; allocated 16.488 MB
./obj_dir/Vucpu_sim
768 checks: 768 PASS, 0 FAIL
make[1]: Leaving directory '$LANES/423-validation/gptp-processor/tb/verilator/ucpu'
make -C tb/verilator/parser
make[1]: Entering directory '$LANES/423-validation/gptp-processor/tb/verilator/parser'
verilator --cc --exe --build -j 0 --top-module KL_gptp_rx_parser -Wall -Wno-fatal -Wno-DECLFILENAME -Wno-UNUSEDSIGNAL -Wno-WIDTHEXPAND -Wno-WIDTHTRUNC -Wno-UNUSEDPARAM -CFLAGS "-std=c++17 -O2 -I$LANES/423-validation/gptp-processor/tb/verilator/parser -Wall -Wextra" ../../../hdl/ucpu/gptp_ucpu_pkg.sv ../../../hdl/wire/KL_gptp_rx_parser.sv sim_main.cpp -o Vparser_sim
diagram check: PASS (9 pinned assets, 3 source-bound PNGs)
python3 scripts/generate_diagrams.py --selftest
- V e r i l a t i o n   R e p o r t: Verilator 5.050 2026-07-01 rev v5.050
- Verilator: Built from 0.403 MB sources in 7 modules, into 0.289 MB in 3 C++ files needing 0.000 MB
- Verilator: Walltime 0.058 s (elab=0.007, cvt=0.035, bld=0.000); cpu 0.058 s on 1 threads; allocated 23.523 MB
make -C bench/arty lint
make[1]: Entering directory '$LANES/423-validation/gptp-processor/bench/arty'
verilator --lint-only -Wall -Wno-DECLFILENAME -Wno-UNUSEDSIGNAL -Wno-UNUSEDPARAM -Wno-WIDTHEXPAND -Wno-WIDTHTRUNC -Wno-PINCONNECTEMPTY --top-module bench_arty_top ../../hdl/ucpu/gptp_ucpu_pkg.sv ../../hdl/ucpu/KL_gptp_ucpu.sv ../../hdl/wire/KL_gptp_rx_parser.sv ../../hdl/wire/KL_gptp_tx_slot.sv ../../hdl/common/KL_gptp_timer.sv ../../hdl/top/KL_gptp_engine.sv bench_afifo.sv bench_mii_rx.sv bench_mii_tx.sv bench_phc.sv bench_uart_report.sv bench_arty_top.sv
make[2]: Entering directory '$LANES/423-validation/gptp-processor/tb/verilator/parser/obj_dir'
make[2]: Nothing to be done for 'default'.
make[2]: Leaving directory '$LANES/423-validation/gptp-processor/tb/verilator/parser/obj_dir'
- V e r i l a t i o n   R e p o r t: Verilator 5.050 2026-07-01 rev v5.050
- Verilator: Built from 0.000 MB sources in 0 modules, into 0.000 MB in 0 C++ files needing 0.000 MB
- Verilator: Walltime 0.009 s (elab=0.000, cvt=0.000, bld=0.008); cpu 0.001 s on 8 threads; allocated 16.488 MB
./obj_dir/Vparser_sim
268 checks: 268 PASS, 0 FAIL
make[1]: Leaving directory '$LANES/423-validation/gptp-processor/tb/verilator/parser'
make -C tb/verilator/engine
make[1]: Entering directory '$LANES/423-validation/gptp-processor/tb/verilator/engine'
verilator --cc --exe --build -j 0 --top-module KL_gptp_engine -Wall -Wno-fatal -Wno-DECLFILENAME -Wno-UNUSEDSIGNAL -Wno-WIDTHEXPAND -Wno-WIDTHTRUNC -Wno-UNUSEDPARAM -GUCODE_HEX_P='"gptp_ucode.hex"' -GCLK_HZ_P=2000000 -CFLAGS "-std=c++17 -O2 -I$LANES/423-validation/gptp-processor/tb/verilator/engine -Wall -Wextra" ../../../hdl/ucpu/gptp_ucpu_pkg.sv ../../../hdl/ucpu/KL_gptp_ucpu.sv ../../../hdl/wire/KL_gptp_rx_parser.sv ../../../hdl/wire/KL_gptp_tx_slot.sv ../../../hdl/common/KL_gptp_timer.sv ../../../hdl/top/KL_gptp_engine.sv sim_main.cpp -o Vengine_sim
python3 mutants.py
diagram selftest: PASS (10 arms)
python3 scripts/check_docs.py
make[2]: Entering directory '$LANES/423-validation/gptp-processor/tb/verilator/engine/obj_dir'
make[2]: Nothing to be done for 'default'.
make[2]: Leaving directory '$LANES/423-validation/gptp-processor/tb/verilator/engine/obj_dir'
- V e r i l a t i o n   R e p o r t: Verilator 5.050 2026-07-01 rev v5.050
- Verilator: Built from 0.000 MB sources in 0 modules, into 0.000 MB in 0 C++ files needing 0.000 MB
- Verilator: Walltime 0.010 s (elab=0.000, cvt=0.000, bld=0.009); cpu 0.001 s on 8 threads; allocated 16.488 MB
./obj_dir/Vengine_sim
- V e r i l a t i o n   R e p o r t: Verilator 5.050 2026-07-01 rev v5.050
- Verilator: Built from 1.092 MB sources in 13 modules, into 0.404 MB in 3 C++ files needing 0.000 MB
- Verilator: Walltime 0.078 s (elab=0.010, cvt=0.046, bld=0.000); cpu 0.077 s on 1 threads; allocated 25.473 MB
make[1]: Leaving directory '$LANES/423-validation/gptp-processor/bench/arty'
docs check: PASS (11 current pages, 17 historical pages)
python3 scripts/check_docs.py --selftest
docs selftest: PASS (10 arms)
905 checks: 905 PASS, 0 FAIL
-- again, with the request counter seeded above 16 bits --
905 checks: 905 PASS, 0 FAIL
-- again, with the Sync counter seeded above 16 bits --
905 checks: 905 PASS, 0 FAIL
[PASS] the unmutated engine still passes the harness
[PASS] mutant caught: result face always ready - breaks "a result already owed to the micro-code cannot be replaced by a later one"
[PASS] mutant caught: result value taken without an accepted beat - breaks "the accepted result keeps its own timestamp until its dispatch"
[PASS] mutant caught: result tag taken without an accepted beat - breaks "the accepted result keeps its own tag and outcome until its dispatch"
[PASS] mutant caught: recorded t1 survives reset - breaks "a t1 measured before a reset cannot pair with a later Follow_Up"
[PASS] mutant caught: byte face advances without ready - breaks "a stalled byte, including the final one, waits for an accepted transfer"
[PASS] mutant caught: lost t1 fabricates a time and a companion - breaks "a lost result writes no time and completes no exchange"
[PASS] mutant caught: lost Sync cancels the requester exchange - breaks "a lost Sync result retires the Sync claim and nothing else"
[PASS] mutant caught: lost response cancels the requester exchange - breaks "a lost Pdelay_Resp result retires the response claim and nothing else"
[PASS] mutant caught: a later response re-arms the frozen pair - breaks "a complete pair keeps its own identity and operands until its t1"
[PASS] mutant caught: the tail runs before its own t1 - breaks "a delay is computed from this exchange's own t1, never a predecessor's"
[PASS] mutant caught: a new request leaves the old pair live - breaks "a superseded exchange cannot pair with the new request's t1"
[PASS] mutant caught: credit gate removed from the Pdelay_Req leg - breaks "a Pdelay_Req beat is postponed while the transmit path has no credit"
[PASS] mutant caught: credit gate removed from the Sync leg - breaks "a Sync beat is postponed while the transmit path has no credit"
[PASS] mutant caught: credit gate removed from the Announce leg - breaks "an Announce beat is postponed while the transmit path has no credit"

15 checks: 15 PASS, 0 FAIL
make[1]: Leaving directory '$LANES/423-validation/gptp-processor/tb/verilator/engine'
make -C tb/verilator/gaskets
make[1]: Entering directory '$LANES/423-validation/gptp-processor/tb/verilator/gaskets'
verilator --cc --exe --build -j 0 --top-module gasket_tb_top -Wall -Wno-fatal -Wno-DECLFILENAME -Wno-UNUSEDSIGNAL -Wno-WIDTHEXPAND -Wno-WIDTHTRUNC -Wno-UNUSEDPARAM -CFLAGS "-std=c++17 -O2 -Wall -Wextra -I$LANES/423-validation/gptp-processor/tb/verilator/gaskets" ../../../bench/arty/bench_afifo.sv ../../../bench/arty/bench_mii_tx.sv ../../../bench/arty/bench_mii_rx.sv gasket_tb_top.sv sim_main.cpp -o Vgasket_sim
python3 mutants.py
make[2]: Entering directory '$LANES/423-validation/gptp-processor/tb/verilator/gaskets/obj_dir'
make[2]: Nothing to be done for 'default'.
make[2]: Leaving directory '$LANES/423-validation/gptp-processor/tb/verilator/gaskets/obj_dir'
- V e r i l a t i o n   R e p o r t: Verilator 5.050 2026-07-01 rev v5.050
- Verilator: Built from 0.000 MB sources in 0 modules, into 0.000 MB in 0 C++ files needing 0.000 MB
- Verilator: Walltime 0.018 s (elab=0.000, cvt=0.000, bld=0.008); cpu 0.001 s on 8 threads; allocated 16.488 MB
./obj_dir/Vgasket_sim
81 checks: 81 PASS, 0 FAIL
[PASS] the unmutated bench RTL still passes the harness
[PASS] mutant caught: tx fifo level truncated - breaks "a FIFO holding exactly 64 words reports a level the gasket can see, instead of reading 0 and wedging S_IDLE"
[PASS] mutant caught: tx sfd toggle frozen - breaks "the egress timestamp point is marked once per frame at the SFD"
[PASS] mutant caught: rx sfd toggle frozen - breaks "the ingress timestamp point is marked once per frame at the SFD"
[PASS] mutant caught: rx end of frame never raised - breaks "a delivered frame is terminated, so the receiver can count its bytes"

5 checks: 5 PASS, 0 FAIL
make[1]: Leaving directory '$LANES/423-validation/gptp-processor/tb/verilator/gaskets'
make -C tb/tsngen
make[1]: Entering directory '$LANES/423-validation/gptp-processor/tb/tsngen'
verilator --cc --exe --build -j 0 --top-module KL_gptp_engine -Wall -Wno-fatal -Wno-DECLFILENAME -Wno-UNUSEDSIGNAL -Wno-WIDTHEXPAND -Wno-WIDTHTRUNC -Wno-UNUSEDPARAM -GUCODE_HEX_P='"gptp_ucode.hex"' -GCLK_HZ_P=2000000 -CFLAGS "-std=c++17 -O2 -Wall -Wextra -I$LANES/423-validation/gptp-processor/tb/tsngen" ../../hdl/ucpu/gptp_ucpu_pkg.sv ../../hdl/ucpu/KL_gptp_ucpu.sv ../../hdl/wire/KL_gptp_rx_parser.sv ../../hdl/wire/KL_gptp_tx_slot.sv ../../hdl/common/KL_gptp_timer.sv ../../hdl/top/KL_gptp_engine.sv tsngen_main.cpp -o Vtsngen
python3 mutants.py
make[2]: Entering directory '$LANES/423-validation/gptp-processor/tb/tsngen/obj_dir'
make[2]: Nothing to be done for 'default'.
make[2]: Leaving directory '$LANES/423-validation/gptp-processor/tb/tsngen/obj_dir'
- V e r i l a t i o n   R e p o r t: Verilator 5.050 2026-07-01 rev v5.050
- Verilator: Built from 0.000 MB sources in 0 modules, into 0.000 MB in 0 C++ files needing 0.000 MB
- Verilator: Walltime 0.018 s (elab=0.000, cvt=0.000, bld=0.009); cpu 0.001 s on 8 threads; allocated 16.488 MB
python3 run_tsngen.py
288 checks: 288 PASS, 0 FAIL
[PASS] the unmutated engine RTL still passes the harness
[PASS] mutant caught: received sequenceId zeroed - breaks "a Follow_Up is paired with its Sync by the sequenceId that arrived, not by a constant"
[PASS] mutant caught: announce grandmasterIdentity discarded - breaks "the grandmasterIdentity an Announce carries is the identity BMCA compares, so a better master is recognised as one"
[PASS] mutant caught: transmit end of frame one byte early - breaks "a transmitted frame carries every byte the slot holds"

4 checks: 4 PASS, 0 FAIL
make[1]: Leaving directory '$LANES/423-validation/gptp-processor/tb/tsngen'
make -C bench/arty test
make[1]: Entering directory '$LANES/423-validation/gptp-processor/bench/arty'
verilator --cc --exe --build -j 0 --top-module bench_mii_tx -Wall -Wno-fatal -Wno-DECLFILENAME -Wno-UNUSEDSIGNAL -Wno-UNUSEDPARAM -Wno-WIDTHEXPAND -Wno-WIDTHTRUNC bench_mii_tx.sv bench_mii_tx_tag_test.cpp \
  -o Vbench_mii_tx_tag_test
make[2]: Entering directory '$LANES/423-validation/gptp-processor/bench/arty/obj_dir'
make[2]: Nothing to be done for 'default'.
make[2]: Leaving directory '$LANES/423-validation/gptp-processor/bench/arty/obj_dir'
- V e r i l a t i o n   R e p o r t: Verilator 5.050 2026-07-01 rev v5.050
- Verilator: Built from 0.000 MB sources in 0 modules, into 0.000 MB in 0 C++ files needing 0.000 MB
- Verilator: Walltime 0.017 s (elab=0.000, cvt=0.000, bld=0.008); cpu 0.001 s on 8 threads; allocated 16.488 MB
./obj_dir/Vbench_mii_tx_tag_test
PASS: two MII done toggles carried tags {3,1234}, {a,beef}
make[1]: Leaving directory '$LANES/423-validation/gptp-processor/bench/arty'
make: Leaving directory '$LANES/423-validation/gptp-processor'
