2026-09-22T17:10:04.4261672Z Current runner version: '2.337.0'
2026-09-22T17:10:04.4289291Z ##[group]Runner Image Provisioner
2026-09-22T17:10:04.4290316Z Hosted Compute Agent
2026-09-22T17:10:04.4290921Z Version: 20260828.587
2026-09-22T17:10:04.4291557Z Commit: abac92662cab4cc7352de4f9f9d2e2419aad9c29
2026-09-22T17:10:04.4292391Z Build Date: 2026-08-28T16:44:25Z
2026-09-22T17:10:04.4293187Z Worker ID: {b925030a-ec68-42d8-95af-7fe84fb379f9}
2026-09-22T17:10:04.4293964Z Azure Region: westus
2026-09-22T17:10:04.4294558Z ##[endgroup]
2026-09-22T17:10:04.4296044Z ##[group]Operating System
2026-09-22T17:10:04.4297072Z Ubuntu
2026-09-22T17:10:04.4297655Z 24.04.5
2026-09-22T17:10:04.4298258Z LTS
2026-09-22T17:10:04.4298787Z ##[endgroup]
2026-09-22T17:10:04.4299338Z ##[group]Runner Image
2026-09-22T17:10:04.4299989Z Image: ubuntu-24.04
2026-09-22T17:10:04.4300596Z Version: 20260907.300.1
2026-09-22T17:10:04.4301948Z Included Software: https://github.com/actions/runner-images/blob/ubuntu24/20260907.300/images/ubuntu/Ubuntu2404-Readme.md
2026-09-22T17:10:04.4303579Z Image Release: https://github.com/actions/runner-images/releases/tag/ubuntu24%2F20260907.300
2026-09-22T17:10:04.4304673Z ##[endgroup]
2026-09-22T17:10:04.4305908Z ##[group]GITHUB_TOKEN Permissions
2026-09-22T17:10:04.4308171Z Contents: read
2026-09-22T17:10:04.4308777Z Metadata: read
2026-09-22T17:10:04.4309330Z Packages: read
2026-09-22T17:10:04.4309987Z ##[endgroup]
2026-09-22T17:10:04.4312209Z Secret source: Actions
2026-09-22T17:10:04.4313252Z Cache mode: write
2026-09-22T17:10:04.4313959Z Prepare workflow directory
2026-09-22T17:10:04.4791423Z Prepare all required actions
2026-09-22T17:10:04.4842289Z Getting action download info
2026-09-22T17:10:04.8821662Z Download action repository 'actions/checkout@v4' (SHA:11d5960a326750d5838078e36cf38b85af677262)
2026-09-22T17:10:05.0227785Z Download action repository 'actions/cache@v4' (SHA:0057852bfaa89a56745cba8c7296529d2fc39830)
2026-09-22T17:10:05.1977619Z Download action repository 'actions/upload-artifact@v4' (SHA:ea165f8d65b6e75b540449e92b4886f43607fa02)
2026-09-22T17:10:05.4769642Z Complete job name: Verilator shard 2/5
2026-09-22T17:10:05.5648946Z Node 20 is being deprecated. This workflow is running with Node 24 by default. If you need to temporarily use Node 20, you can set the ACTIONS_ALLOW_USE_UNSECURE_NODE_VERSION=true environment variable. For more information see: https://github.blog/changelog/2025-09-19-deprecation-of-node-20-on-github-actions-runners/
2026-09-22T17:10:05.5658179Z ##[group]Run actions/checkout@v4
2026-09-22T17:10:05.5658949Z with:
2026-09-22T17:10:05.5659418Z   repository: kebag-logic/milan-fpga
2026-09-22T17:10:05.5663195Z   token: ***
2026-09-22T17:10:05.5663638Z   ssh-strict: true
2026-09-22T17:10:05.5664092Z   ssh-user: git
2026-09-22T17:10:05.5664550Z   persist-credentials: true
2026-09-22T17:10:05.5665052Z   clean: true
2026-09-22T17:10:05.5665504Z   sparse-checkout-cone-mode: true
2026-09-22T17:10:05.5666037Z   fetch-depth: 1
2026-09-22T17:10:05.5666480Z   fetch-tags: false
2026-09-22T17:10:05.5667240Z   show-progress: true
2026-09-22T17:10:05.5667736Z   lfs: false
2026-09-22T17:10:05.5668206Z   submodules: false
2026-09-22T17:10:05.5668667Z   set-safe-directory: true
2026-09-22T17:10:05.5669186Z   allow-unsafe-pr-checkout: false
2026-09-22T17:10:05.5669994Z env:
2026-09-22T17:10:05.5670427Z   VERILATOR_VERSION: v5.050
2026-09-22T17:10:05.5670927Z   YOSYS_VERSION: v0.66
2026-09-22T17:10:05.5671471Z   TSN_GEN_REV: deca300c9eb4863fa13383b45ba6cb6fd0828671
2026-09-22T17:10:05.5672090Z ##[endgroup]
2026-09-22T17:10:05.6790687Z Syncing repository: kebag-logic/milan-fpga
2026-09-22T17:10:05.6793038Z ##[group]Getting Git version info
2026-09-22T17:10:05.6793898Z Working directory is '/home/runner/work/milan-fpga/milan-fpga'
2026-09-22T17:10:05.6795087Z [command]/usr/bin/git version
2026-09-22T17:10:05.6862354Z git version 2.55.0
2026-09-22T17:10:05.6887596Z ##[endgroup]
2026-09-22T17:10:05.6906312Z Temporarily overriding HOME='/home/runner/work/_temp/3137d95f-dc94-45bf-9264-fc40dde41911' before making global git config changes
2026-09-22T17:10:05.6910190Z Adding repository directory to the temporary git global config as a safe directory
2026-09-22T17:10:05.6913424Z [command]/usr/bin/git config --global --add safe.directory /home/runner/work/milan-fpga/milan-fpga
2026-09-22T17:10:05.6971505Z Deleting the contents of '/home/runner/work/milan-fpga/milan-fpga'
2026-09-22T17:10:05.6976894Z ##[group]Initializing the repository
2026-09-22T17:10:05.7066145Z [command]/usr/bin/git init /home/runner/work/milan-fpga/milan-fpga
2026-09-22T17:10:05.7125416Z hint: Using 'master' as the name for the initial branch. This default branch name
2026-09-22T17:10:05.7127667Z hint: will change to "main" in Git 3.0. To configure the initial branch name
2026-09-22T17:10:05.7129340Z hint: to use in all of your new repositories, which will suppress this warning,
2026-09-22T17:10:05.7130667Z hint: call:
2026-09-22T17:10:05.7131381Z hint:
2026-09-22T17:10:05.7132316Z hint: 	git config --global init.defaultBranch <name>
2026-09-22T17:10:05.7133356Z hint:
2026-09-22T17:10:05.7134399Z hint: Names commonly chosen instead of 'master' are 'main', 'trunk' and
2026-09-22T17:10:05.7136025Z hint: 'development'. The just-created branch can be renamed via this command:
2026-09-22T17:10:05.7137693Z hint:
2026-09-22T17:10:05.7138439Z hint: 	git branch -m <name>
2026-09-22T17:10:05.7139229Z hint:
2026-09-22T17:10:05.7140287Z hint: Disable this message with "git config set advice.defaultBranchName false"
2026-09-22T17:10:05.7142142Z Initialized empty Git repository in /home/runner/work/milan-fpga/milan-fpga/.git/
2026-09-22T17:10:05.7160731Z [command]/usr/bin/git remote add origin https://github.com/kebag-logic/milan-fpga
2026-09-22T17:10:05.7222525Z ##[endgroup]
2026-09-22T17:10:05.7223804Z ##[group]Disabling automatic garbage collection
2026-09-22T17:10:05.7226798Z [command]/usr/bin/git config --local gc.auto 0
2026-09-22T17:10:05.7263510Z ##[endgroup]
2026-09-22T17:10:05.7264717Z ##[group]Setting up auth
2026-09-22T17:10:05.7271863Z [command]/usr/bin/git config --local --name-only --get-regexp core\.sshCommand
2026-09-22T17:10:05.7319568Z [command]/usr/bin/git submodule foreach --recursive sh -c "git config --local --name-only --get-regexp 'core\.sshCommand' && git config --local --unset-all 'core.sshCommand' || :"
2026-09-22T17:10:05.7753440Z [command]/usr/bin/git config --local --name-only --get-regexp http\.https\:\/\/github\.com\/\.extraheader
2026-09-22T17:10:05.7793231Z [command]/usr/bin/git submodule foreach --recursive sh -c "git config --local --name-only --get-regexp 'http\.https\:\/\/github\.com\/\.extraheader' && git config --local --unset-all 'http.https://github.com/.extraheader' || :"
2026-09-22T17:10:05.8035335Z [command]/usr/bin/git config --local --name-only --get-regexp ^includeIf\.gitdir:
2026-09-22T17:10:05.8078019Z [command]/usr/bin/git submodule foreach --recursive git config --local --show-origin --name-only --get-regexp remote.origin.url
2026-09-22T17:10:05.8322894Z [command]/usr/bin/git config --local http.https://github.com/.extraheader AUTHORIZATION: basic ***
2026-09-22T17:10:05.8367317Z ##[endgroup]
2026-09-22T17:10:05.8377908Z ##[group]Fetching the repository
2026-09-22T17:10:05.8380237Z [command]/usr/bin/git -c protocol.version=2 fetch --no-tags --prune --no-recurse-submodules --depth=1 origin +c0b2b7cc067ece28e3124f94ccd9ee45c91b85e3:refs/remotes/pull/521/merge
2026-09-22T17:10:07.2089289Z From https://github.com/kebag-logic/milan-fpga
2026-09-22T17:10:07.2090341Z  * [new ref]         c0b2b7cc067ece28e3124f94ccd9ee45c91b85e3 -> pull/521/merge
2026-09-22T17:10:07.2094855Z ##[endgroup]
2026-09-22T17:10:07.2096242Z ##[group]Determining the checkout info
2026-09-22T17:10:07.2097839Z ##[endgroup]
2026-09-22T17:10:07.2103710Z [command]/usr/bin/git sparse-checkout disable
2026-09-22T17:10:07.2166395Z [command]/usr/bin/git config --local --unset-all extensions.worktreeConfig
2026-09-22T17:10:07.2215103Z ##[group]Checking out the ref
2026-09-22T17:10:07.2219353Z [command]/usr/bin/git checkout --progress --force refs/remotes/pull/521/merge
2026-09-22T17:10:07.3624207Z Note: switching to 'refs/remotes/pull/521/merge'.
2026-09-22T17:10:07.3634357Z 
2026-09-22T17:10:07.3634822Z You are in 'detached HEAD' state. You can look around, make experimental
2026-09-22T17:10:07.3636019Z changes and commit them, and you can discard any commits you make in this
2026-09-22T17:10:07.3637382Z state without impacting any branches by switching back to a branch.
2026-09-22T17:10:07.3638053Z 
2026-09-22T17:10:07.3638492Z If you want to create a new branch to retain commits you create, you may
2026-09-22T17:10:07.3639485Z do so (now or later) by using -c with the switch command. Example:
2026-09-22T17:10:07.3640053Z 
2026-09-22T17:10:07.3640324Z   git switch -c <new-branch-name>
2026-09-22T17:10:07.3640727Z 
2026-09-22T17:10:07.3640974Z Or undo this operation with:
2026-09-22T17:10:07.3641227Z 
2026-09-22T17:10:07.3641383Z   git switch -
2026-09-22T17:10:07.3641613Z 
2026-09-22T17:10:07.3641934Z Turn off this advice by setting config variable advice.detachedHead to false
2026-09-22T17:10:07.3642426Z 
2026-09-22T17:10:07.3642969Z HEAD is now at c0b2b7c Merge 3d90958f3a82ca2a9617112c107a22f332117e17 into 483a133ed08867ea0d300d2b4a027b5b48a4282f
2026-09-22T17:10:07.3649351Z ##[endgroup]
2026-09-22T17:10:07.3700094Z [command]/usr/bin/git log -1 --format=%H
2026-09-22T17:10:07.3733961Z c0b2b7cc067ece28e3124f94ccd9ee45c91b85e3
2026-09-22T17:10:07.3963725Z ##[group]Run git submodule update --init third_party/verilog-axis protocol-processor gptp-processor
2026-09-22T17:10:07.3964755Z [36;1mgit submodule update --init third_party/verilog-axis protocol-processor gptp-processor[0m
2026-09-22T17:10:07.4008136Z shell: /usr/bin/bash -e {0}
2026-09-22T17:10:07.4008559Z env:
2026-09-22T17:10:07.4008880Z   VERILATOR_VERSION: v5.050
2026-09-22T17:10:07.4009255Z   YOSYS_VERSION: v0.66
2026-09-22T17:10:07.4009661Z   TSN_GEN_REV: deca300c9eb4863fa13383b45ba6cb6fd0828671
2026-09-22T17:10:07.4010159Z ##[endgroup]
2026-09-22T17:10:07.4313977Z Submodule 'gptp-processor' (https://github.com/Mister-M-alt/FPGA-gPTP.git) registered for path 'gptp-processor'
2026-09-22T17:10:07.4317458Z Submodule 'protocol-processor' (https://github.com/Mister-M-alt/protocol-processor-control-plane-avb-milan.git) registered for path 'protocol-processor'
2026-09-22T17:10:07.4321797Z Submodule 'third_party/verilog-axis' (https://github.com/alexforencich/verilog-axis) registered for path 'third_party/verilog-axis'
2026-09-22T17:10:07.4347501Z Cloning into '/home/runner/work/milan-fpga/milan-fpga/gptp-processor'...
2026-09-22T17:10:08.3023691Z Cloning into '/home/runner/work/milan-fpga/milan-fpga/protocol-processor'...
2026-09-22T17:10:09.3595367Z Cloning into '/home/runner/work/milan-fpga/milan-fpga/third_party/verilog-axis'...
2026-09-22T17:10:10.1690029Z Submodule path 'gptp-processor': checked out 'c1b617435824929a790739ea8585c3fe1a328cc0'
2026-09-22T17:10:10.2253143Z Submodule path 'protocol-processor': checked out '424c688fa2205b934a7689a58f2aa766420f2326'
2026-09-22T17:10:10.2464674Z Submodule path 'third_party/verilog-axis': checked out '48ff7a7e2ef782cf778d47910cf85835c64b1bce'
2026-09-22T17:10:10.2528771Z ##[group]Run set -euo pipefail
2026-09-22T17:10:10.2529149Z [36;1mset -euo pipefail[0m
2026-09-22T17:10:10.2529419Z [36;1mhead="$(git rev-parse HEAD)"[0m
2026-09-22T17:10:10.2529797Z [36;1mif [ "$head" != "$GITHUB_SHA" ] || [ "$GITHUB_SHA" != "$TARGET_SHA" ]; then[0m
2026-09-22T17:10:10.2530381Z [36;1m  echo "checkout $head, GITHUB_SHA $GITHUB_SHA and gate target $TARGET_SHA must be one SHA" >&2[0m
2026-09-22T17:10:10.2530854Z [36;1m  exit 1[0m
2026-09-22T17:10:10.2531054Z [36;1mfi[0m
2026-09-22T17:10:10.2531293Z [36;1mmkdir -p "$RUNNER_TEMP/suite-logs"[0m
2026-09-22T17:10:10.2531693Z [36;1mprintf '%s\n' "$GITHUB_SHA" > "$RUNNER_TEMP/suite-logs/TARGET_SHA"[0m
2026-09-22T17:10:10.2532084Z [36;1mecho "target_sha=$GITHUB_SHA"[0m
2026-09-22T17:10:10.2569669Z shell: /usr/bin/bash -e {0}
2026-09-22T17:10:10.2569970Z env:
2026-09-22T17:10:10.2570210Z   VERILATOR_VERSION: v5.050
2026-09-22T17:10:10.2570481Z   YOSYS_VERSION: v0.66
2026-09-22T17:10:10.2571097Z   TSN_GEN_REV: deca300c9eb4863fa13383b45ba6cb6fd0828671
2026-09-22T17:10:10.2571508Z   TARGET_SHA: c0b2b7cc067ece28e3124f94ccd9ee45c91b85e3
2026-09-22T17:10:10.2571877Z ##[endgroup]
2026-09-22T17:10:10.2671063Z target_sha=c0b2b7cc067ece28e3124f94ccd9ee45c91b85e3
2026-09-22T17:10:10.2775634Z Node 20 is being deprecated. This workflow is running with Node 24 by default. If you need to temporarily use Node 20, you can set the ACTIONS_ALLOW_USE_UNSECURE_NODE_VERSION=true environment variable. For more information see: https://github.blog/changelog/2025-09-19-deprecation-of-node-20-on-github-actions-runners/
2026-09-22T17:10:10.2777542Z ##[group]Run actions/cache@v4
2026-09-22T17:10:10.2777803Z with:
2026-09-22T17:10:10.2778012Z   path: /opt/verilator
2026-09-22T17:10:10.2778255Z   key: verilator-v5.050-Linux
2026-09-22T17:10:10.2778518Z   enableCrossOsArchive: false
2026-09-22T17:10:10.2778793Z   fail-on-cache-miss: false
2026-09-22T17:10:10.2779074Z   lookup-only: false
2026-09-22T17:10:10.2779307Z   save-always: false
2026-09-22T17:10:10.2779514Z env:
2026-09-22T17:10:10.2779704Z   VERILATOR_VERSION: v5.050
2026-09-22T17:10:10.2779937Z   YOSYS_VERSION: v0.66
2026-09-22T17:10:10.2780201Z   TSN_GEN_REV: deca300c9eb4863fa13383b45ba6cb6fd0828671
2026-09-22T17:10:10.2780559Z ##[endgroup]
2026-09-22T17:10:10.3908645Z (node:2396) [DEP0040] DeprecationWarning: The `punycode` module is deprecated. Please use a userland alternative instead.
2026-09-22T17:10:10.3910002Z (Use `node --trace-deprecation ...` to show where the warning was created)
2026-09-22T17:10:10.6464207Z Cache hit for: verilator-v5.050-Linux
2026-09-22T17:10:10.6580257Z (node:2396) [DEP0169] DeprecationWarning: `url.parse()` behavior is not standardized and prone to errors that have security implications. Use the WHATWG URL API instead. CVEs are not issued for `url.parse()` vulnerabilities.
2026-09-22T17:10:11.9401910Z Received 0 of 92153557 (0.0%), 0.0 MBs/sec
2026-09-22T17:10:12.7422015Z Received 92153557 of 92153557 (100.0%), 48.8 MBs/sec
2026-09-22T17:10:12.7425193Z Cache Size: ~88 MB (92153557 B)
2026-09-22T17:10:12.7553697Z [command]/usr/bin/tar -xf /home/runner/work/_temp/c697f7d2-c94f-481f-833b-3bb45efa3b38/cache.tzst -P -C /home/runner/work/milan-fpga/milan-fpga --use-compress-program unzstd
2026-09-22T17:10:12.9334428Z Cache restored successfully
2026-09-22T17:10:12.9465644Z Cache restored from key: verilator-v5.050-Linux
2026-09-22T17:10:12.9633974Z ##[group]Run echo "/opt/verilator/bin" >> "$GITHUB_PATH"
2026-09-22T17:10:12.9634442Z [36;1mecho "/opt/verilator/bin" >> "$GITHUB_PATH"[0m
2026-09-22T17:10:12.9634820Z [36;1m/opt/verilator/bin/verilator --version[0m
2026-09-22T17:10:12.9635315Z [36;1m/opt/verilator/bin/verilator --version | grep -F "${VERILATOR_VERSION#v}"[0m
2026-09-22T17:10:12.9673325Z shell: /usr/bin/bash -e {0}
2026-09-22T17:10:12.9673645Z env:
2026-09-22T17:10:12.9673894Z   VERILATOR_VERSION: v5.050
2026-09-22T17:10:12.9674190Z   YOSYS_VERSION: v0.66
2026-09-22T17:10:12.9674534Z   TSN_GEN_REV: deca300c9eb4863fa13383b45ba6cb6fd0828671
2026-09-22T17:10:12.9674944Z ##[endgroup]
2026-09-22T17:10:13.1194140Z Verilator 5.050 2026-07-01 rev v5.050
2026-09-22T17:10:13.1791903Z Verilator 5.050 2026-07-01 rev v5.050
2026-09-22T17:10:13.1836227Z ##[group]Run set -euo pipefail
2026-09-22T17:10:13.1836915Z [36;1mset -euo pipefail[0m
2026-09-22T17:10:13.1837317Z [36;1mpython3 scripts/suite_shards.py --selftest[0m
2026-09-22T17:10:13.1837766Z [36;1mscripts/run_all_suites.sh --shard "$SHARD/$SHARDS" --list \[0m
2026-09-22T17:10:13.1838173Z [36;1m  > "$RUNNER_TEMP/owned-suites"[0m
2026-09-22T17:10:13.1838475Z [36;1mecho "Shard $SHARD owns:"[0m
2026-09-22T17:10:13.1838789Z [36;1msed 's/^/  /' "$RUNNER_TEMP/owned-suites"[0m
2026-09-22T17:10:13.1839120Z [36;1mcase "$SHARD" in[0m
2026-09-22T17:10:13.1839444Z [36;1m  1) grep -Fx tsn_fuzz "$RUNNER_TEMP/owned-suites" ;;[0m
2026-09-22T17:10:13.1839886Z [36;1m  3) grep -Fx chmap_capture "$RUNNER_TEMP/owned-suites" ;;[0m
2026-09-22T17:10:13.1840367Z [36;1m  4) test "$(cat "$RUNNER_TEMP/owned-suites")" = milan_dp ;;[0m
2026-09-22T17:10:13.1840923Z [36;1mesac[0m
2026-09-22T17:10:13.1882044Z shell: /usr/bin/bash -e {0}
2026-09-22T17:10:13.1882321Z env:
2026-09-22T17:10:13.1882577Z   VERILATOR_VERSION: v5.050
2026-09-22T17:10:13.1882843Z   YOSYS_VERSION: v0.66
2026-09-22T17:10:13.1883141Z   TSN_GEN_REV: deca300c9eb4863fa13383b45ba6cb6fd0828671
2026-09-22T17:10:13.1883475Z   SHARD: 2
2026-09-22T17:10:13.1883675Z   SHARDS: 5
2026-09-22T17:10:13.1883871Z ##[endgroup]
2026-09-22T17:10:13.2395055Z   ok    1 shard(s): complete=True disjoint=True deterministic=True
2026-09-22T17:10:13.2396068Z   ok    2 shard(s): complete=True disjoint=True deterministic=True
2026-09-22T17:10:13.2397239Z   ok    4 shard(s): complete=True disjoint=True deterministic=True
2026-09-22T17:10:13.2397945Z   ok    5 shard(s): complete=True disjoint=True deterministic=True
2026-09-22T17:10:13.2398597Z   ok    7 shard(s): complete=True disjoint=True deterministic=True
2026-09-22T17:10:13.2399299Z   ok   23 shard(s): complete=True disjoint=True deterministic=True
2026-09-22T17:10:13.2399996Z   ok    2 shard(s): dedicated alone=True hashed owners unchanged=True
2026-09-22T17:10:13.2400702Z   ok    4 shard(s): dedicated alone=True hashed owners unchanged=True
2026-09-22T17:10:13.2401401Z   ok    5 shard(s): dedicated alone=True hashed owners unchanged=True
2026-09-22T17:10:13.2402076Z   ok    7 shard(s): dedicated alone=True hashed owners unchanged=True
2026-09-22T17:10:13.2402745Z   ok   23 shard(s): dedicated alone=True hashed owners unchanged=True
2026-09-22T17:10:13.2403744Z   ok   a rule without the dedicated worker is caught (alone with none set aside=False, alone while sharing worker 0=False)
2026-09-22T17:10:13.2405071Z   ok   five-worker runtime landmarks: {'milan_dp': 4, 'pp_shadow': 1, 'mmcm_servo': 2, 'tsn_fuzz': 1, 'chmap_capture': 3}
2026-09-22T17:10:13.2406252Z   ok   scheduled/default partition: default=['future_suite', 'milan_dp'] physical=['milan_dp_gptp']
2026-09-22T17:10:13.2407324Z   ok   reject ''
2026-09-22T17:10:13.2407648Z   ok   reject '1'
2026-09-22T17:10:13.2408193Z   ok   reject '-1/4'
2026-09-22T17:10:13.2408534Z   ok   reject '01/4'
2026-09-22T17:10:13.2408860Z   ok   reject '4/4'
2026-09-22T17:10:13.2409400Z   ok   reject '5/4'
2026-09-22T17:10:13.2409722Z   ok   reject '0/0'
2026-09-22T17:10:13.2410237Z   ok   reject 'a/4'
2026-09-22T17:10:13.2410570Z selftest: PASS
2026-09-22T17:10:13.3016864Z Shard 2 owns:
2026-09-22T17:10:13.3032680Z   aaf
2026-09-22T17:10:13.3033400Z   aaf_audio_loop
2026-09-22T17:10:13.3033930Z   aes3
2026-09-22T17:10:13.3034414Z   chmap_render
2026-09-22T17:10:13.3034917Z   crf_tx
2026-09-22T17:10:13.3035396Z   mmcm_servo
2026-09-22T17:10:13.3035918Z   ptp_sync
2026-09-22T17:10:13.3036401Z   ptp_ts
2026-09-22T17:10:13.3037285Z   render_setpoint
2026-09-22T17:10:13.3037722Z   shaper_core
2026-09-22T17:10:13.3124583Z ##[group]Run scripts/run_all_suites.sh "$RUNNER_TEMP/suite-logs" \
2026-09-22T17:10:13.3125126Z [36;1mscripts/run_all_suites.sh "$RUNNER_TEMP/suite-logs" \[0m
2026-09-22T17:10:13.3125512Z [36;1m  --shard "2/5"[0m
2026-09-22T17:10:13.3164083Z shell: /usr/bin/bash -e {0}
2026-09-22T17:10:13.3164380Z env:
2026-09-22T17:10:13.3164622Z   VERILATOR_VERSION: v5.050
2026-09-22T17:10:13.3164902Z   YOSYS_VERSION: v0.66
2026-09-22T17:10:13.3165225Z   TSN_GEN_REV: deca300c9eb4863fa13383b45ba6cb6fd0828671
2026-09-22T17:10:13.3165623Z ##[endgroup]
2026-09-22T17:10:17.1044068Z shard: 2/5   selected suites: 10
2026-09-22T17:10:33.2309989Z PASS     aaf
2026-09-22T17:10:39.4638089Z PASS     aaf_audio_loop
2026-09-22T17:10:45.7318983Z PASS     aes3
2026-09-22T17:10:51.7287452Z PASS     chmap_render
2026-09-22T17:10:58.0102310Z PASS     crf_tx
2026-09-22T17:11:59.0983612Z PASS     mmcm_servo
2026-09-22T17:12:10.9061572Z PASS     ptp_sync
2026-09-22T17:12:16.9400326Z PASS     ptp_ts
2026-09-22T17:13:57.3228212Z PASS     render_setpoint
2026-09-22T17:14:03.7782931Z PASS     shaper_core
2026-09-22T17:14:03.7786195Z ----------------------------------------------------------------
2026-09-22T17:14:03.7787949Z suites: 10   passed: 10   failed: 0   timed out: 0
2026-09-22T17:14:03.8397895Z checks: 1522423   in-suite failures: 0
2026-09-22T17:14:03.8480522Z logs: /home/runner/work/_temp/suite-logs
2026-09-22T17:14:03.8571459Z Node 20 is being deprecated. This workflow is running with Node 24 by default. If you need to temporarily use Node 20, you can set the ACTIONS_ALLOW_USE_UNSECURE_NODE_VERSION=true environment variable. For more information see: https://github.blog/changelog/2025-09-19-deprecation-of-node-20-on-github-actions-runners/
2026-09-22T17:14:03.8572798Z ##[group]Run actions/upload-artifact@v4
2026-09-22T17:14:03.8573082Z with:
2026-09-22T17:14:03.8573289Z   name: suite-logs-2
2026-09-22T17:14:03.8573535Z   path: /home/runner/work/_temp/suite-logs
2026-09-22T17:14:03.8573827Z   if-no-files-found: error
2026-09-22T17:14:03.8574074Z   retention-days: 3
2026-09-22T17:14:03.8574288Z   compression-level: 6
2026-09-22T17:14:03.8574508Z   overwrite: false
2026-09-22T17:14:03.8574741Z   include-hidden-files: false
2026-09-22T17:14:03.8574979Z env:
2026-09-22T17:14:03.8575173Z   VERILATOR_VERSION: v5.050
2026-09-22T17:14:03.8575416Z   YOSYS_VERSION: v0.66
2026-09-22T17:14:03.8575716Z   TSN_GEN_REV: deca300c9eb4863fa13383b45ba6cb6fd0828671
2026-09-22T17:14:03.8576032Z ##[endgroup]
2026-09-22T17:14:04.0378779Z (node:5642) [DEP0040] DeprecationWarning: The `punycode` module is deprecated. Please use a userland alternative instead.
2026-09-22T17:14:04.0380154Z (Use `node --trace-deprecation ...` to show where the warning was created)
2026-09-22T17:14:04.0477379Z With the provided path, there will be 11 files uploaded
2026-09-22T17:14:04.0480209Z Artifact name is valid!
2026-09-22T17:14:04.0480653Z Root directory input is valid!
2026-09-22T17:14:04.4597017Z Beginning upload of artifact content to blob storage
2026-09-22T17:14:04.5000579Z (node:5642) [DEP0169] DeprecationWarning: `url.parse()` behavior is not standardized and prone to errors that have security implications. Use the WHATWG URL API instead. CVEs are not issued for `url.parse()` vulnerabilities.
2026-09-22T17:14:04.8446523Z Uploaded bytes 28165
2026-09-22T17:14:04.9239711Z Finished uploading artifact content to blob storage!
2026-09-22T17:14:04.9241424Z SHA256 digest of uploaded artifact zip is b8457e7bef897ccdf9b3510786a2ecf86be76a15fd7ee2cc492e1233e7770fa8
2026-09-22T17:14:04.9242882Z Finalizing artifact upload
2026-09-22T17:14:05.1729218Z Artifact suite-logs-2.zip successfully finalized. Artifact ID 10709171639
2026-09-22T17:14:05.1730984Z Artifact suite-logs-2 has been successfully uploaded! Final size is 28165 bytes. Artifact ID is 10709171639
2026-09-22T17:14:05.1739595Z Artifact download URL: https://github.com/kebag-logic/milan-fpga/actions/runs/35758843581/artifacts/10709171639
2026-09-22T17:14:05.1922193Z Node 20 is being deprecated. This workflow is running with Node 24 by default. If you need to temporarily use Node 20, you can set the ACTIONS_ALLOW_USE_UNSECURE_NODE_VERSION=true environment variable. For more information see: https://github.blog/changelog/2025-09-19-deprecation-of-node-20-on-github-actions-runners/
2026-09-22T17:14:05.1923565Z Post job cleanup.
2026-09-22T17:14:05.3111302Z Cache hit occurred on the primary key verilator-v5.050-Linux, not saving cache.
2026-09-22T17:14:05.3114198Z (node:5655) [DEP0040] DeprecationWarning: The `punycode` module is deprecated. Please use a userland alternative instead.
2026-09-22T17:14:05.3115800Z (Use `node --trace-deprecation ...` to show where the warning was created)
2026-09-22T17:14:05.3277942Z Node 20 is being deprecated. This workflow is running with Node 24 by default. If you need to temporarily use Node 20, you can set the ACTIONS_ALLOW_USE_UNSECURE_NODE_VERSION=true environment variable. For more information see: https://github.blog/changelog/2025-09-19-deprecation-of-node-20-on-github-actions-runners/
2026-09-22T17:14:05.3279266Z Post job cleanup.
2026-09-22T17:14:05.4331916Z [command]/usr/bin/git version
2026-09-22T17:14:05.4391442Z git version 2.55.0
2026-09-22T17:14:05.4443345Z Temporarily overriding HOME='/home/runner/work/_temp/5224e3f0-969d-40b9-b76f-a13db8a1ca72' before making global git config changes
2026-09-22T17:14:05.4446901Z Adding repository directory to the temporary git global config as a safe directory
2026-09-22T17:14:05.4451425Z [command]/usr/bin/git config --global --add safe.directory /home/runner/work/milan-fpga/milan-fpga
2026-09-22T17:14:05.4510131Z [command]/usr/bin/git config --local --name-only --get-regexp core\.sshCommand
2026-09-22T17:14:05.4573041Z [command]/usr/bin/git submodule foreach --recursive sh -c "git config --local --name-only --get-regexp 'core\.sshCommand' && git config --local --unset-all 'core.sshCommand' || :"
2026-09-22T17:14:05.4842409Z Entering 'gptp-processor'
2026-09-22T17:14:05.5019960Z Entering 'protocol-processor'
2026-09-22T17:14:05.5088531Z Entering 'third_party/verilog-axis'
2026-09-22T17:14:05.5163589Z [command]/usr/bin/git config --local --name-only --get-regexp http\.https\:\/\/github\.com\/\.extraheader
2026-09-22T17:14:05.5204865Z http.https://github.com/.extraheader
2026-09-22T17:14:05.5219791Z [command]/usr/bin/git config --local --unset-all http.https://github.com/.extraheader
2026-09-22T17:14:05.5265468Z [command]/usr/bin/git submodule foreach --recursive sh -c "git config --local --name-only --get-regexp 'http\.https\:\/\/github\.com\/\.extraheader' && git config --local --unset-all 'http.https://github.com/.extraheader' || :"
2026-09-22T17:14:05.5543205Z Entering 'gptp-processor'
2026-09-22T17:14:05.5591877Z Entering 'protocol-processor'
2026-09-22T17:14:05.5638594Z Entering 'third_party/verilog-axis'
2026-09-22T17:14:05.5705982Z [command]/usr/bin/git config --local --name-only --get-regexp ^includeIf\.gitdir:
2026-09-22T17:14:05.5752624Z [command]/usr/bin/git submodule foreach --recursive git config --local --show-origin --name-only --get-regexp remote.origin.url
2026-09-22T17:14:05.5999037Z Entering 'gptp-processor'
2026-09-22T17:14:05.6028810Z file:/home/runner/work/milan-fpga/milan-fpga/.git/modules/gptp-processor/config	remote.origin.url
2026-09-22T17:14:05.6049213Z Entering 'protocol-processor'
2026-09-22T17:14:05.6074826Z file:/home/runner/work/milan-fpga/milan-fpga/.git/modules/protocol-processor/config	remote.origin.url
2026-09-22T17:14:05.6100419Z Entering 'third_party/verilog-axis'
2026-09-22T17:14:05.6121654Z file:/home/runner/work/milan-fpga/milan-fpga/.git/modules/third_party/verilog-axis/config	remote.origin.url
2026-09-22T17:14:05.6161073Z [command]/usr/bin/git config --file /home/runner/work/milan-fpga/milan-fpga/.git/modules/gptp-processor/config --name-only --get-regexp ^includeIf\.gitdir:
2026-09-22T17:14:05.6206513Z [command]/usr/bin/git config --file /home/runner/work/milan-fpga/milan-fpga/.git/modules/protocol-processor/config --name-only --get-regexp ^includeIf\.gitdir:
2026-09-22T17:14:05.6248083Z [command]/usr/bin/git config --file /home/runner/work/milan-fpga/milan-fpga/.git/modules/third_party/verilog-axis/config --name-only --get-regexp ^includeIf\.gitdir:
2026-09-22T17:14:05.6435846Z Cleaning up orphan processes
2026-09-22T17:14:05.6737366Z ##[warning]Node.js 20 is deprecated. The following actions target Node.js 20 but are being forced to run on Node.js 24: actions/cache@v4, actions/checkout@v4, actions/upload-artifact@v4. For more information see: https://github.blog/changelog/2025-09-19-deprecation-of-node-20-on-github-actions-runners/
