2026-09-22T17:09:37.2457157Z Current runner version: '2.337.0'
2026-09-22T17:09:37.2483305Z ##[group]Runner Image Provisioner
2026-09-22T17:09:37.2484326Z Hosted Compute Agent
2026-09-22T17:09:37.2484940Z Version: 20260828.587
2026-09-22T17:09:37.2485650Z Commit: abac92662cab4cc7352de4f9f9d2e2419aad9c29
2026-09-22T17:09:37.2486452Z Build Date: 2026-08-28T16:44:25Z
2026-09-22T17:09:37.2487239Z Worker ID: {029a8999-e8b0-471b-8261-f2a97ad6696f}
2026-09-22T17:09:37.2488020Z Azure Region: westus
2026-09-22T17:09:37.2488626Z ##[endgroup]
2026-09-22T17:09:37.2490144Z ##[group]Operating System
2026-09-22T17:09:37.2490907Z Ubuntu
2026-09-22T17:09:37.2491496Z 24.04.5
2026-09-22T17:09:37.2492128Z LTS
2026-09-22T17:09:37.2492672Z ##[endgroup]
2026-09-22T17:09:37.2493228Z ##[group]Runner Image
2026-09-22T17:09:37.2493905Z Image: ubuntu-24.04
2026-09-22T17:09:37.2494534Z Version: 20260907.300.1
2026-09-22T17:09:37.2495887Z Included Software: https://github.com/actions/runner-images/blob/ubuntu24/20260907.300/images/ubuntu/Ubuntu2404-Readme.md
2026-09-22T17:09:37.2497457Z Image Release: https://github.com/actions/runner-images/releases/tag/ubuntu24%2F20260907.300
2026-09-22T17:09:37.2498528Z ##[endgroup]
2026-09-22T17:09:37.2499980Z ##[group]GITHUB_TOKEN Permissions
2026-09-22T17:09:37.2502043Z Contents: read
2026-09-22T17:09:37.2502657Z Metadata: read
2026-09-22T17:09:37.2503313Z Packages: read
2026-09-22T17:09:37.2503956Z ##[endgroup]
2026-09-22T17:09:37.2506079Z Secret source: Actions
2026-09-22T17:09:37.2507160Z Cache mode: write
2026-09-22T17:09:37.2507865Z Prepare workflow directory
2026-09-22T17:09:37.2905853Z Prepare all required actions
2026-09-22T17:09:37.2955418Z Getting action download info
2026-09-22T17:09:37.6616709Z Download action repository 'actions/checkout@v4' (SHA:11d5960a326750d5838078e36cf38b85af677262)
2026-09-22T17:09:37.8411246Z Complete job name: changes
2026-09-22T17:09:37.9178070Z Node 20 is being deprecated. This workflow is running with Node 24 by default. If you need to temporarily use Node 20, you can set the ACTIONS_ALLOW_USE_UNSECURE_NODE_VERSION=true environment variable. For more information see: https://github.blog/changelog/2025-09-19-deprecation-of-node-20-on-github-actions-runners/
2026-09-22T17:09:37.9187170Z ##[group]Run actions/checkout@v4
2026-09-22T17:09:37.9187945Z with:
2026-09-22T17:09:37.9188387Z   fetch-depth: 0
2026-09-22T17:09:37.9188869Z   repository: kebag-logic/milan-fpga
2026-09-22T17:09:37.9193381Z   token: ***
2026-09-22T17:09:37.9193829Z   ssh-strict: true
2026-09-22T17:09:37.9194286Z   ssh-user: git
2026-09-22T17:09:37.9194742Z   persist-credentials: true
2026-09-22T17:09:37.9195236Z   clean: true
2026-09-22T17:09:37.9195691Z   sparse-checkout-cone-mode: true
2026-09-22T17:09:37.9196221Z   fetch-tags: false
2026-09-22T17:09:37.9196673Z   show-progress: true
2026-09-22T17:09:37.9197136Z   lfs: false
2026-09-22T17:09:37.9197611Z   submodules: false
2026-09-22T17:09:37.9198084Z   set-safe-directory: true
2026-09-22T17:09:37.9198600Z   allow-unsafe-pr-checkout: false
2026-09-22T17:09:37.9199324Z env:
2026-09-22T17:09:37.9199888Z   VERILATOR_VERSION: v5.050
2026-09-22T17:09:37.9200392Z   YOSYS_VERSION: v0.66
2026-09-22T17:09:37.9200859Z ##[endgroup]
2026-09-22T17:09:38.0250326Z Syncing repository: kebag-logic/milan-fpga
2026-09-22T17:09:38.0252879Z ##[group]Getting Git version info
2026-09-22T17:09:38.0253659Z Working directory is '/home/runner/work/milan-fpga/milan-fpga'
2026-09-22T17:09:38.0254776Z [command]/usr/bin/git version
2026-09-22T17:09:38.0339104Z git version 2.55.0
2026-09-22T17:09:38.0360833Z ##[endgroup]
2026-09-22T17:09:38.0377928Z Temporarily overriding HOME='/home/runner/work/_temp/6bbe6233-9d46-4876-987d-a859260740e9' before making global git config changes
2026-09-22T17:09:38.0380530Z Adding repository directory to the temporary git global config as a safe directory
2026-09-22T17:09:38.0384645Z [command]/usr/bin/git config --global --add safe.directory /home/runner/work/milan-fpga/milan-fpga
2026-09-22T17:09:38.0442480Z Deleting the contents of '/home/runner/work/milan-fpga/milan-fpga'
2026-09-22T17:09:38.0447442Z ##[group]Initializing the repository
2026-09-22T17:09:38.0451858Z [command]/usr/bin/git init /home/runner/work/milan-fpga/milan-fpga
2026-09-22T17:09:38.0537690Z hint: Using 'master' as the name for the initial branch. This default branch name
2026-09-22T17:09:38.0539861Z hint: will change to "main" in Git 3.0. To configure the initial branch name
2026-09-22T17:09:38.0541868Z hint: to use in all of your new repositories, which will suppress this warning,
2026-09-22T17:09:38.0543224Z hint: call:
2026-09-22T17:09:38.0544087Z hint:
2026-09-22T17:09:38.0545086Z hint: 	git config --global init.defaultBranch <name>
2026-09-22T17:09:38.0546285Z hint:
2026-09-22T17:09:38.0547354Z hint: Names commonly chosen instead of 'master' are 'main', 'trunk' and
2026-09-22T17:09:38.0549048Z hint: 'development'. The just-created branch can be renamed via this command:
2026-09-22T17:09:38.0551113Z hint:
2026-09-22T17:09:38.0552009Z hint: 	git branch -m <name>
2026-09-22T17:09:38.0553232Z hint:
2026-09-22T17:09:38.0554343Z hint: Disable this message with "git config set advice.defaultBranchName false"
2026-09-22T17:09:38.0555960Z Initialized empty Git repository in /home/runner/work/milan-fpga/milan-fpga/.git/
2026-09-22T17:09:38.0558813Z [command]/usr/bin/git remote add origin https://github.com/kebag-logic/milan-fpga
2026-09-22T17:09:38.0603545Z ##[endgroup]
2026-09-22T17:09:38.0604744Z ##[group]Disabling automatic garbage collection
2026-09-22T17:09:38.0608872Z [command]/usr/bin/git config --local gc.auto 0
2026-09-22T17:09:38.0646025Z ##[endgroup]
2026-09-22T17:09:38.0647193Z ##[group]Setting up auth
2026-09-22T17:09:38.0652397Z [command]/usr/bin/git config --local --name-only --get-regexp core\.sshCommand
2026-09-22T17:09:38.0692475Z [command]/usr/bin/git submodule foreach --recursive sh -c "git config --local --name-only --get-regexp 'core\.sshCommand' && git config --local --unset-all 'core.sshCommand' || :"
2026-09-22T17:09:38.1055284Z [command]/usr/bin/git config --local --name-only --get-regexp http\.https\:\/\/github\.com\/\.extraheader
2026-09-22T17:09:38.1104592Z [command]/usr/bin/git submodule foreach --recursive sh -c "git config --local --name-only --get-regexp 'http\.https\:\/\/github\.com\/\.extraheader' && git config --local --unset-all 'http.https://github.com/.extraheader' || :"
2026-09-22T17:09:38.1367314Z [command]/usr/bin/git config --local --name-only --get-regexp ^includeIf\.gitdir:
2026-09-22T17:09:38.1407590Z [command]/usr/bin/git submodule foreach --recursive git config --local --show-origin --name-only --get-regexp remote.origin.url
2026-09-22T17:09:38.1658620Z [command]/usr/bin/git config --local http.https://github.com/.extraheader AUTHORIZATION: basic ***
2026-09-22T17:09:38.1702998Z ##[endgroup]
2026-09-22T17:09:38.1704192Z ##[group]Fetching the repository
2026-09-22T17:09:38.1714638Z [command]/usr/bin/git -c protocol.version=2 fetch --prune --no-recurse-submodules origin +refs/heads/*:refs/remotes/origin/* +refs/tags/*:refs/tags/* +c0b2b7cc067ece28e3124f94ccd9ee45c91b85e3:refs/remotes/pull/521/merge
2026-09-22T17:09:45.3294693Z From https://github.com/kebag-logic/milan-fpga
2026-09-22T17:09:45.3296879Z  * [new branch]        116-gptp-default-on-retire-software      -> origin/116-gptp-default-on-retire-software
2026-09-22T17:09:45.3298521Z  * [new branch]        117-alinx-board-bringup                  -> origin/117-alinx-board-bringup
2026-09-22T17:09:45.3300166Z  * [new branch]        120-sound-card-option                    -> origin/120-sound-card-option
2026-09-22T17:09:45.3302152Z  * [new branch]        129-boot-gate-whole-firmware             -> origin/129-boot-gate-whole-firmware
2026-09-22T17:09:45.3303637Z  * [new branch]        129-correct-baremetal-ptp-aem-contract   -> origin/129-correct-baremetal-ptp-aem-contract
2026-09-22T17:09:45.3305578Z  * [new branch]        130-prune-behavioural                    -> origin/130-prune-behavioural
2026-09-22T17:09:45.3306745Z  * [new branch]        145-rebased-on-170                       -> origin/145-rebased-on-170
2026-09-22T17:09:45.3309105Z  * [new branch]        154-no-ci-job-elaborates-the-soc-so-argv-to-rtl-parameter-chains-are-unproven -> origin/154-no-ci-job-elaborates-the-soc-so-argv-to-rtl-parameter-chains-are-unproven
2026-09-22T17:09:45.3311809Z  * [new branch]        159-restore-documentation-gates-and-workflow-hygiene -> origin/159-restore-documentation-gates-and-workflow-hygiene
2026-09-22T17:09:45.3314582Z  * [new branch]        159-restore-workflow-documentation-gates -> origin/159-restore-workflow-documentation-gates
2026-09-22T17:09:45.3316712Z  * [new branch]        160-dev-fails-its-own-docs_check-gate-13-findings-from-the-agentsmd-commit -> origin/160-dev-fails-its-own-docs_check-gate-13-findings-from-the-agentsmd-commit
2026-09-22T17:09:45.3318543Z  * [new branch]        162-boot-gate-instruments                -> origin/162-boot-gate-instruments
2026-09-22T17:09:45.3320949Z  * [new branch]        163-complete-workflow-hygiene-follow-on  -> origin/163-complete-workflow-hygiene-follow-on
2026-09-22T17:09:45.3324860Z  * [new branch]        167-shard-github-verilator-ci            -> origin/167-shard-github-verilator-ci
2026-09-22T17:09:45.3326708Z  * [new branch]        207-gptp-drop-counters-csr               -> origin/207-gptp-drop-counters-csr
2026-09-22T17:09:45.3328329Z  * [new branch]        211-phc-ns-consumer                      -> origin/211-phc-ns-consumer
2026-09-22T17:09:45.3330115Z  * [new branch]        219-pathtrace-cap-edge                   -> origin/219-pathtrace-cap-edge
2026-09-22T17:09:45.3333864Z  * [new branch]        246-synoocmilan_datapath_ooctcl-never-generates-ucodehex-it-reports-30925-lut-for-a-design-that-is-38848-and-exits-0 -> origin/246-synoocmilan_datapath_ooctcl-never-generates-ucodehex-it-reports-30925-lut-for-a-design-that-is-38848-and-exits-0
2026-09-22T17:09:45.3338025Z  * [new branch]        260-pps-output                           -> origin/260-pps-output
2026-09-22T17:09:45.3339989Z  * [new branch]        270-shorten-ci-feedback                  -> origin/270-shorten-ci-feedback
2026-09-22T17:09:45.3341814Z  * [new branch]        286-yosys-single-process-bench           -> origin/286-yosys-single-process-bench
2026-09-22T17:09:45.3345181Z  * [new branch]        287-task-pin-the-yosys-the-portability-gate-is-certified-with-and-make-its-cells=-record-real -> origin/287-task-pin-the-yosys-the-portability-gate-is-certified-with-and-make-its-cells=-record-real
2026-09-22T17:09:45.3351246Z  * [new branch]        292-task-act_cipy-refuses-every-pr-whose-base-moved-after-it-was-opened-it-compares-the-live-dev-tip-with-githubs-frozen-baserefoid -> origin/292-task-act_cipy-refuses-every-pr-whose-base-moved-after-it-was-opened-it-compares-the-live-dev-tip-with-githubs-frozen-baserefoid
2026-09-22T17:09:45.3361369Z  * [new branch]        295-task-pin-the-gate-steps-of-the-non-rtl-required-contexts-step-level-if-continue-on-error-||-true-on-docs-checks-ci_events-step-wire-accountabilitys-gate-step-docs-check-no-gits-single-step-and-elaborates-scope-step-pass-check -> origin/295-task-pin-the-gate-steps-of-the-non-rtl-required-contexts-step-level-if-continue-on-error-||-true-on-docs-checks-ci_events-step-wire-accountabilitys-gate-step-docs-check-no-gits-single-step-and-elaborates-scope-step-pass-check
2026-09-22T17:09:45.3368829Z  * [new branch]        296-documentation-audience-guides-wavedrom -> origin/296-documentation-audience-guides-wavedrom
2026-09-22T17:09:45.3371591Z  * [new branch]        297-test-aggregate-standalone-litex-simulations -> origin/297-test-aggregate-standalone-litex-simulations
2026-09-22T17:09:45.3374463Z  * [new branch]        300-tooling-replace-the-legacy-teroshdl-dependency-graph -> origin/300-tooling-replace-the-legacy-teroshdl-dependency-graph
2026-09-22T17:09:45.3376974Z  * [new branch]        303-rework-fpga-gptp-docs                -> origin/303-rework-fpga-gptp-docs
2026-09-22T17:09:45.3379792Z  * [new branch]        304-docs-archive-the-closed-throughput-campaign -> origin/304-docs-archive-the-closed-throughput-campaign
2026-09-22T17:09:45.3384317Z  * [new branch]        309-the-ooc-area-instrument-must-measure-the-shape-the-gate-proves-and-the-shape-include-must-resolve-one-way -> origin/309-the-ooc-area-instrument-must-measure-the-shape-the-gate-proves-and-the-shape-include-must-resolve-one-way
2026-09-22T17:09:45.3390528Z  * [new branch]        311-workflow-align-clean-review-verdict-syntax-with-integrity-audit -> origin/311-workflow-align-clean-review-verdict-syntax-with-integrity-audit
2026-09-22T17:09:45.3393566Z  * [new branch]        312-docs-compliance-matrix-and-hygiene   -> origin/312-docs-compliance-matrix-and-hygiene
2026-09-22T17:09:45.3396625Z  * [new branch]        314-milan_dp-readme-measured-count-table-is-stale-on-five-of-nine-rows -> origin/314-milan_dp-readme-measured-count-table-is-stale-on-five-of-nine-rows
2026-09-22T17:09:45.3400909Z  * [new branch]        315-bug-local-act-docs-jobs-race-on-the-shared-python-tool-cache-path -> origin/315-bug-local-act-docs-jobs-race-on-the-shared-python-tool-cache-path
2026-09-22T17:09:45.3405234Z  * [new branch]        316-bug-pr-310-merge-record-lacks-a-conforming-final-verdict-and-exact-head-lens-ledger -> origin/316-bug-pr-310-merge-record-lacks-a-conforming-final-verdict-and-exact-head-lens-ledger
2026-09-22T17:09:45.3407675Z  * [new branch]        317-make-consumer-filenames              -> origin/317-make-consumer-filenames
2026-09-22T17:09:45.3408944Z  * [new branch]        334-harden-act-ci-sigint-cleanup         -> origin/334-harden-act-ci-sigint-cleanup
2026-09-22T17:09:45.3410509Z  * [new branch]        337-act-action-cache-serialisation       -> origin/337-act-action-cache-serialisation
2026-09-22T17:09:45.3412097Z  * [new branch]        337-live-boundary-negative-control       -> origin/337-live-boundary-negative-control
2026-09-22T17:09:45.3414162Z  * [new branch]        340-repair-act-ci-trusted-runner         -> origin/340-repair-act-ci-trusted-runner
2026-09-22T17:09:45.3415450Z  * [new branch]        345-rule12-idiom-gates-wiring            -> origin/345-rule12-idiom-gates-wiring
2026-09-22T17:09:45.3416682Z  * [new branch]        350-yosys-result-cache                   -> origin/350-yosys-result-cache
2026-09-22T17:09:45.3417953Z  * [new branch]        351-check-merge-containment-git-minimum  -> origin/351-check-merge-containment-git-minimum
2026-09-22T17:09:45.3419255Z  * [new branch]        358-alinx-gptp-compliance                -> origin/358-alinx-gptp-compliance
2026-09-22T17:09:45.3420698Z  * [new branch]        358-gptp-latency-correction              -> origin/358-gptp-latency-correction
2026-09-22T17:09:45.3421834Z  * [new branch]        359-ax7101-boot-stall                    -> origin/359-ax7101-boot-stall
2026-09-22T17:09:45.3423642Z  * [new branch]        360-gptp-tx-timestamps-precede-mac-buffering-and-include-queueing-delay -> origin/360-gptp-tx-timestamps-precede-mac-buffering-and-include-queueing-delay
2026-09-22T17:09:45.3425417Z  * [new branch]        362-build-hash-seed                      -> origin/362-build-hash-seed
2026-09-22T17:09:45.3426483Z  * [new branch]        363-docs-clock-domains                   -> origin/363-docs-clock-domains
2026-09-22T17:09:45.3427657Z  * [new branch]        365-ax1x1-simulation-baseline            -> origin/365-ax1x1-simulation-baseline
2026-09-22T17:09:45.3429164Z  * [new branch]        366-flashpair-first-boot-restart         -> origin/366-flashpair-first-boot-restart
2026-09-22T17:09:45.3430799Z  * [new branch]        367-ax1x1-gptp-on-simulation             -> origin/367-ax1x1-gptp-on-simulation
2026-09-22T17:09:45.3432002Z  * [new branch]        372-bound-axis-assertions                -> origin/372-bound-axis-assertions
2026-09-22T17:09:45.3433112Z  * [new branch]        372-review-evidence                      -> origin/372-review-evidence
2026-09-22T17:09:45.3434316Z  * [new branch]        373-testing-submodule-command            -> origin/373-testing-submodule-command
2026-09-22T17:09:45.3435933Z  * [new branch]        374-link-guard-settle-comments           -> origin/374-link-guard-settle-comments
2026-09-22T17:09:45.3437142Z  * [new branch]        375-latency-scratch-wording              -> origin/375-latency-scratch-wording
2026-09-22T17:09:45.3438534Z  * [new branch]        376-act-selftest-zombie-drain            -> origin/376-act-selftest-zombie-drain
2026-09-22T17:09:45.3439907Z  * [new branch]        377-one-dut-acceptance-docs              -> origin/377-one-dut-acceptance-docs
2026-09-22T17:09:45.3440984Z  * [new branch]        378-em-dash-gate                         -> origin/378-em-dash-gate
2026-09-22T17:09:45.3442186Z  * [new branch]        386-tdm-render-setpoint                  -> origin/386-tdm-render-setpoint
2026-09-22T17:09:45.3443377Z  * [new branch]        389-truthful-clock-sources               -> origin/389-truthful-clock-sources
2026-09-22T17:09:45.3444494Z  * [new branch]        390-ring-one-grid                        -> origin/390-ring-one-grid
2026-09-22T17:09:45.3445609Z  * [new branch]        398-boot-policy-declarations             -> origin/398-boot-policy-declarations
2026-09-22T17:09:45.3446807Z  * [new branch]        399-clock-plan-declarations              -> origin/399-clock-plan-declarations
2026-09-22T17:09:45.3448053Z  * [new branch]        401-descriptor-name-declarations         -> origin/401-descriptor-name-declarations
2026-09-22T17:09:45.3449536Z  * [new branch]        402-build-sh-sources-generated-argv      -> origin/402-build-sh-sources-generated-argv
2026-09-22T17:09:45.3450803Z  * [new branch]        404-builder-doc-key-map                  -> origin/404-builder-doc-key-map
2026-09-22T17:09:45.3451925Z  * [new branch]        406-pin-rtl-job-step-lists               -> origin/406-pin-rtl-job-step-lists
2026-09-22T17:09:45.3452974Z  * [new branch]        407-ac5-probe                            -> origin/407-ac5-probe
2026-09-22T17:09:45.3454174Z  * [new branch]        407-carrier-script-pins                  -> origin/407-carrier-script-pins
2026-09-22T17:09:45.3455253Z  * [new branch]        408-409-465-boot-gate                    -> origin/408-409-465-boot-gate
2026-09-22T17:09:45.3456428Z  * [new branch]        410-origin-probe-call-value-eval         -> origin/410-origin-probe-call-value-eval
2026-09-22T17:09:45.3457823Z  * [new branch]        411-clarify-ptp-scratch-and-test-readback -> origin/411-clarify-ptp-scratch-and-test-readback
2026-09-22T17:09:45.3459080Z  * [new branch]        412-em-dash-residue                      -> origin/412-em-dash-residue
2026-09-22T17:09:45.3460468Z  * [new branch]        413-type7-html-heading-exemption         -> origin/413-type7-html-heading-exemption
2026-09-22T17:09:45.3462294Z  * [new branch]        418-investigate-commit-ack-clearing-a-newer-persistent-record-change -> origin/418-investigate-commit-ack-clearing-a-newer-persistent-record-change
2026-09-22T17:09:45.3463976Z  * [new branch]        419-design-evidence                      -> origin/419-design-evidence
2026-09-22T17:09:45.3465107Z  * [new branch]        419-snapshot-ownership-adr               -> origin/419-snapshot-ownership-adr
2026-09-22T17:09:45.3466266Z  * [new branch]        422-strict-gptp-tx-flags                 -> origin/422-strict-gptp-tx-flags
2026-09-22T17:09:45.3467395Z  * [new branch]        423-readiness-evidence                   -> origin/423-readiness-evidence
2026-09-22T17:09:45.3468569Z  * [new branch]        423-retained-redundant-replay            -> origin/423-retained-redundant-replay
2026-09-22T17:09:45.3469826Z  * [new branch]        423-review-evidence                      -> origin/423-review-evidence
2026-09-22T17:09:45.3471073Z  * [new branch]        424-integrate-nvm-completion-ownership   -> origin/424-integrate-nvm-completion-ownership
2026-09-22T17:09:45.3472408Z  * [new branch]        426-complete-review-histories            -> origin/426-complete-review-histories
2026-09-22T17:09:45.3473662Z  * [new branch]        437-container-paragraph-scopes           -> origin/437-container-paragraph-scopes
2026-09-22T17:09:45.3474815Z  * [new branch]        437-review-evidence                      -> origin/437-review-evidence
2026-09-22T17:09:45.3476020Z  * [new branch]        438-containment-selftest-cleanup         -> origin/438-containment-selftest-cleanup
2026-09-22T17:09:45.3477376Z  * [new branch]        440-markdown-closers                     -> origin/440-markdown-closers
2026-09-22T17:09:45.3478450Z  * [new branch]        440-review-evidence                      -> origin/440-review-evidence
2026-09-22T17:09:45.3479707Z  * [new branch]        444-milan-dp-shard-and-ci-trims          -> origin/444-milan-dp-shard-and-ci-trims
2026-09-22T17:09:45.3480948Z  * [new branch]        445-render-phase-observation             -> origin/445-render-phase-observation
2026-09-22T17:09:45.3482104Z  * [new branch]        447-tdm-master-render                    -> origin/447-tdm-master-render
2026-09-22T17:09:45.3483188Z  * [new branch]        452-bclk-iob-packable                    -> origin/452-bclk-iob-packable
2026-09-22T17:09:45.3484305Z  * [new branch]        452-tdm8-fsync-launch-edge               -> origin/452-tdm8-fsync-launch-edge
2026-09-22T17:09:45.3485507Z  * [new branch]        453-deploy-render-interface              -> origin/453-deploy-render-interface
2026-09-22T17:09:45.3486679Z  * [new branch]        462-463-descriptor-truth                 -> origin/462-463-descriptor-truth
2026-09-22T17:09:45.3487789Z  * [new branch]        464-aem-store-selftest                   -> origin/464-aem-store-selftest
2026-09-22T17:09:45.3488847Z  * [new branch]        464-review-evidence                      -> origin/464-review-evidence
2026-09-22T17:09:45.3490212Z  * [new branch]        466-deploy-shape-in-docs-check           -> origin/466-deploy-shape-in-docs-check
2026-09-22T17:09:45.3491381Z  * [new branch]        471-472-srp-status-words                 -> origin/471-472-srp-status-words
2026-09-22T17:09:45.3492628Z  * [new branch]        475-fail-unpacked-iob                    -> origin/475-fail-unpacked-iob
2026-09-22T17:09:45.3493734Z  * [new branch]        478-audio-unit-rate-bound                -> origin/478-audio-unit-rate-bound
2026-09-22T17:09:45.3494880Z  * [new branch]        478-review-evidence                      -> origin/478-review-evidence
2026-09-22T17:09:45.3496033Z  * [new branch]        484-snapshot-ownership-impl              -> origin/484-snapshot-ownership-impl
2026-09-22T17:09:45.3497152Z  * [new branch]        498-review-evidence                      -> origin/498-review-evidence
2026-09-22T17:09:45.3498256Z  * [new branch]        500-d3-materialization-adr               -> origin/500-d3-materialization-adr
2026-09-22T17:09:45.3499454Z  * [new branch]        500-design-evidence                      -> origin/500-design-evidence
2026-09-22T17:09:45.3500496Z  * [new branch]        503-review-evidence                      -> origin/503-review-evidence
2026-09-22T17:09:45.3501590Z  * [new branch]        504-hosted-rv32-compiler                 -> origin/504-hosted-rv32-compiler
2026-09-22T17:09:45.3502706Z  * [new branch]        504-readiness-evidence                   -> origin/504-readiness-evidence
2026-09-22T17:09:45.3503778Z  * [new branch]        504-review-evidence                      -> origin/504-review-evidence
2026-09-22T17:09:45.3504817Z  * [new branch]        505-review-evidence                      -> origin/505-review-evidence
2026-09-22T17:09:45.3505937Z  * [new branch]        517-bounded-simulation-pool              -> origin/517-bounded-simulation-pool
2026-09-22T17:09:45.3507140Z  * [new branch]        520-yosys-rom-cache-identity             -> origin/520-yosys-rom-cache-identity
2026-09-22T17:09:45.3508374Z  * [new branch]        69-aecp-notification-triggers            -> origin/69-aecp-notification-triggers
2026-09-22T17:09:45.3509664Z  * [new branch]        70-firmware-flash-writer                 -> origin/70-firmware-flash-writer
2026-09-22T17:09:45.3510817Z  * [new branch]        70-flat-names-allocation                 -> origin/70-flat-names-allocation
2026-09-22T17:09:45.3511858Z  * [new branch]        70-nvm-backend                           -> origin/70-nvm-backend
2026-09-22T17:09:45.3512863Z  * [new branch]        70-nvm-persistence                       -> origin/70-nvm-persistence
2026-09-22T17:09:45.3514431Z  * [new branch]        74-media-clock-select-crf-and-align-the-audio-grid -> origin/74-media-clock-select-crf-and-align-the-audio-grid
2026-09-22T17:09:45.3515848Z  * [new branch]        75-lwsrp-restart-bound                   -> origin/75-lwsrp-restart-bound
2026-09-22T17:09:45.3517042Z  * [new branch]        chore/cpp-core-guidelines-idiom          -> origin/chore/cpp-core-guidelines-idiom
2026-09-22T17:09:45.3518087Z  * [new branch]        dev                                      -> origin/dev
2026-09-22T17:09:45.3518982Z  * [new branch]        finish-259-116                           -> origin/finish-259-116
2026-09-22T17:09:45.3519990Z  * [new branch]        main                                     -> origin/main
2026-09-22T17:09:45.3521081Z  * [new branch]        pin-gptp-processor-to-donor-main         -> origin/pin-gptp-processor-to-donor-main
2026-09-22T17:09:45.3522393Z  * [new branch]        pp46-lstn-reg-state-whole-project        -> origin/pp46-lstn-reg-state-whole-project
2026-09-22T17:09:45.3523719Z  * [new branch]        pp51-sampling-rate-whole-project         -> origin/pp51-sampling-rate-whole-project
2026-09-22T17:09:45.3524990Z  * [new branch]        pp90-nvm-exports-whole-project           -> origin/pp90-nvm-exports-whole-project
2026-09-22T17:09:45.3526155Z  * [new branch]        repin-gptp-09af9fc                       -> origin/repin-gptp-09af9fc
2026-09-22T17:09:45.3527315Z  * [new branch]        repin-gptp-after-donor-rewrite           -> origin/repin-gptp-after-donor-rewrite
2026-09-22T17:09:45.3528448Z  * [new branch]        repin-gptp-bacf812                       -> origin/repin-gptp-bacf812
2026-09-22T17:09:45.3529905Z  * [new branch]        shape-include-ambiguity                  -> origin/shape-include-ambiguity
2026-09-22T17:09:45.3531086Z  * [new branch]        validation/478-candidate2                -> origin/validation/478-candidate2
2026-09-22T17:09:45.3532157Z  * [new ref]           c0b2b7cc067ece28e3124f94ccd9ee45c91b85e3 -> pull/521/merge
2026-09-22T17:09:45.3534164Z ##[endgroup]
2026-09-22T17:09:45.3534908Z ##[group]Determining the checkout info
2026-09-22T17:09:45.3535747Z ##[endgroup]
2026-09-22T17:09:45.3536237Z [command]/usr/bin/git sparse-checkout disable
2026-09-22T17:09:45.3537773Z [command]/usr/bin/git config --local --unset-all extensions.worktreeConfig
2026-09-22T17:09:45.3539530Z ##[group]Checking out the ref
2026-09-22T17:09:45.3540281Z [command]/usr/bin/git checkout --progress --force refs/remotes/pull/521/merge
2026-09-22T17:09:45.5183504Z Note: switching to 'refs/remotes/pull/521/merge'.
2026-09-22T17:09:45.5184946Z 
2026-09-22T17:09:45.5185760Z You are in 'detached HEAD' state. You can look around, make experimental
2026-09-22T17:09:45.5187835Z changes and commit them, and you can discard any commits you make in this
2026-09-22T17:09:45.5190082Z state without impacting any branches by switching back to a branch.
2026-09-22T17:09:45.5191257Z 
2026-09-22T17:09:45.5192078Z If you want to create a new branch to retain commits you create, you may
2026-09-22T17:09:45.5193938Z do so (now or later) by using -c with the switch command. Example:
2026-09-22T17:09:45.5195062Z 
2026-09-22T17:09:45.5195581Z   git switch -c <new-branch-name>
2026-09-22T17:09:45.5196396Z 
2026-09-22T17:09:45.5196927Z Or undo this operation with:
2026-09-22T17:09:45.5197681Z 
2026-09-22T17:09:45.5198116Z   git switch -
2026-09-22T17:09:45.5198722Z 
2026-09-22T17:09:45.5199990Z Turn off this advice by setting config variable advice.detachedHead to false
2026-09-22T17:09:45.5201404Z 
2026-09-22T17:09:45.5203006Z HEAD is now at c0b2b7cc Merge 3d90958f3a82ca2a9617112c107a22f332117e17 into 483a133ed08867ea0d300d2b4a027b5b48a4282f
2026-09-22T17:09:45.5214425Z ##[endgroup]
2026-09-22T17:09:45.5271801Z [command]/usr/bin/git log -1 --format=%H
2026-09-22T17:09:45.5303075Z c0b2b7cc067ece28e3124f94ccd9ee45c91b85e3
2026-09-22T17:09:45.5575090Z ##[group]Run set -euo pipefail
2026-09-22T17:09:45.5576381Z [36;1mset -euo pipefail[0m
2026-09-22T17:09:45.5577800Z [36;1mpython3 scripts/ci_scope.py --selftest[0m
2026-09-22T17:09:45.5579120Z [36;1m[0m
2026-09-22T17:09:45.5580152Z [36;1mbase=""[0m
2026-09-22T17:09:45.5581171Z [36;1mif [ "$EVENT_NAME" = pull_request ]; then[0m
2026-09-22T17:09:45.5582500Z [36;1m  base="$PR_BASE_SHA"[0m
2026-09-22T17:09:45.5583529Z [36;1melse[0m
2026-09-22T17:09:45.5661553Z [36;1m  base="$PUSH_BEFORE_SHA"[0m
2026-09-22T17:09:45.5662901Z [36;1mfi[0m
2026-09-22T17:09:45.5663761Z [36;1m[0m
2026-09-22T17:09:45.5664610Z [36;1mif [ -n "$base" ] \[0m
2026-09-22T17:09:45.5665905Z [36;1m   && [ "$base" != 0000000000000000000000000000000000000000 ] \[0m
2026-09-22T17:09:45.5667553Z [36;1m   && git cat-file -e "$base^{commit}" 2>/dev/null; then[0m
2026-09-22T17:09:45.5669323Z [36;1m  git diff --no-renames --name-only "$base" "$GITHUB_SHA" \[0m
2026-09-22T17:09:45.5671193Z [36;1m    > "$RUNNER_TEMP/changed-files"[0m
2026-09-22T17:09:45.5672464Z [36;1melse[0m
2026-09-22T17:09:45.5673736Z [36;1m  # An unknown base must never turn a real change into docs-only.[0m
2026-09-22T17:09:45.5675567Z [36;1m  git ls-files > "$RUNNER_TEMP/changed-files"[0m
2026-09-22T17:09:45.5676913Z [36;1mfi[0m
2026-09-22T17:09:45.5677725Z [36;1m[0m
2026-09-22T17:09:45.5678554Z [36;1mecho "Changed files:"[0m
2026-09-22T17:09:45.5679845Z [36;1msed 's/^/  /' "$RUNNER_TEMP/changed-files"[0m
2026-09-22T17:09:45.5681626Z [36;1mrtl="$(python3 scripts/ci_scope.py < "$RUNNER_TEMP/changed-files")"[0m
2026-09-22T17:09:45.5683387Z [36;1mecho "rtl=$rtl" >> "$GITHUB_OUTPUT"[0m
2026-09-22T17:09:45.5684694Z [36;1mecho "RTL/tooling relevant: $rtl"[0m
2026-09-22T17:09:45.5733450Z shell: /usr/bin/bash -e {0}
2026-09-22T17:09:45.5734512Z env:
2026-09-22T17:09:45.5735356Z   VERILATOR_VERSION: v5.050
2026-09-22T17:09:45.5736405Z   YOSYS_VERSION: v0.66
2026-09-22T17:09:45.5737366Z   EVENT_NAME: pull_request
2026-09-22T17:09:45.5738571Z   PR_BASE_SHA: 483a133ed08867ea0d300d2b4a027b5b48a4282f
2026-09-22T17:09:45.5740132Z   PUSH_BEFORE_SHA: 
2026-09-22T17:09:45.5741013Z ##[endgroup]
2026-09-22T17:09:48.2388837Z   ok   ['docs/testing/CI_WORKFLOWS.md']: rtl=False
2026-09-22T17:09:48.2389565Z   ok   ['README.md', 'AGENTS.md']: rtl=False
2026-09-22T17:09:48.2390039Z   ok   ['LICENSES/CERN-OHL-W-2.0.txt']: rtl=False
2026-09-22T17:09:48.2390716Z   ok   ['docs/diagrams/x.drawio', 'docs/diagrams/x.svg', 'docs/diagrams/x.png']: rtl=False
2026-09-22T17:09:48.2391409Z   ok   ['hdl/ieee1722/avtp/doc/TEST_RESULTS.md']: rtl=True
2026-09-22T17:09:48.2391948Z   ok   ['hdl/ieee8021as/gptp_plane/doc/TEST_RESULTS.md']: rtl=True
2026-09-22T17:09:48.2392450Z   ok   ['docs/reference/REGISTER_MAP.md']: rtl=True
2026-09-22T17:09:48.2392942Z   ok   ['docs/testing/MILAN_V12_AUDIT_2026-08-16.md']: rtl=True
2026-09-22T17:09:48.2393489Z   ok   ['docs/reference/TRACE_EVENTS.md']: rtl=True
2026-09-22T17:09:48.2394112Z   ok   ['docs/traceability/gen_module_matrix.py']: rtl=True
2026-09-22T17:09:48.2394703Z   ok   ['docs/diagrams/PNG_MANIFEST.json']: rtl=True
2026-09-22T17:09:48.2395240Z   ok   ['docs/traceability/untested.budget']: rtl=True
2026-09-22T17:09:48.2395718Z   ok   ['docs/notes.txt']: rtl=True
2026-09-22T17:09:48.2396170Z   ok   ['tb/verilator/milan_dp/README.md']: rtl=True
2026-09-22T17:09:48.2396640Z   ok   ['hdl/ieee1722/aaf/doc/x.svg']: rtl=True
2026-09-22T17:09:48.2397079Z   ok   ['cdc_census.drawio']: rtl=True
2026-09-22T17:09:48.2397471Z   ok   ['cdc_census.svg']: rtl=True
2026-09-22T17:09:48.2397996Z   ok   ['docs/x.md', 'hdl/ieee1722/avtp/doc/TEST_RESULTS.md']: rtl=True
2026-09-22T17:09:48.2398878Z   ok   ['docs/testing/MILAN_V12_AUDIT_2026-10-01.md', 'docs/testing/MILAN_V12_AUDIT_2026-08-16.md']: rtl=True
2026-09-22T17:09:48.2399996Z   ok   ['docs/design/KL_pp_shadow.md', 'hdl/milan/KL_pp_shadow.sv']: rtl=True
2026-09-22T17:09:48.2400588Z   ok   ['hdl/milan/KL_pp_shadow.sv']: rtl=True
2026-09-22T17:09:48.2402109Z   ok   ['.github/ISSUE_TEMPLATE/task.yml']: rtl=True
2026-09-22T17:09:48.2402610Z   ok   ['LICENSE']: rtl=True
2026-09-22T17:09:48.2403205Z   ok   ['notes.rst']: rtl=True
2026-09-22T17:09:48.2403641Z   ok   ['docs/x.md', 'hdl/ieee1722/aaf/doc/x.svg.in']: rtl=True
2026-09-22T17:09:48.2404148Z   ok   ['requirements.txt']: rtl=True
2026-09-22T17:09:48.2404590Z   ok   ['hdl/milan/milan_datapath.sv']: rtl=True
2026-09-22T17:09:48.2405044Z   ok   ['scripts/lint_rtl.py']: rtl=True
2026-09-22T17:09:48.2405523Z   ok   ['.github/workflows/rtl.yml']: rtl=True
2026-09-22T17:09:48.2406024Z   ok   ['docs/x.md', 'tb/verilator/cdc/Makefile']: rtl=True
2026-09-22T17:09:48.2406506Z   ok   []: rtl=True
2026-09-22T17:09:48.2406848Z   ok   ['gptp-processor']: rtl=True
2026-09-22T17:09:48.2407853Z   ok   ['protocol-processor']: rtl=True
2026-09-22T17:09:48.2408297Z   ok   ['external']: rtl=True
2026-09-22T17:09:48.2408729Z   ok   ['third_party/verilog-axis']: rtl=True
2026-09-22T17:09:48.2409201Z   ok   ['.gitmodules']: rtl=True
2026-09-22T17:09:48.2410329Z   ok   ['docs/x.md', 'gptp-processor']: rtl=True
2026-09-22T17:09:48.2410894Z   ok   submodule rule names protocol-processor
2026-09-22T17:09:48.2411421Z   ok   submodule rule names gptp-processor
2026-09-22T17:09:48.2411886Z   ok   submodule rule names external
2026-09-22T17:09:48.2412379Z   ok   submodule rule names third_party/verilog-axis
2026-09-22T17:09:48.2412838Z   ok   submodule rule names .gitmodules
2026-09-22T17:09:48.2413695Z   ok   gate-read page docs/reference/REGISTER_MAP.md (named at tests/steps/counters_contract_steps.py:38) is relevant
2026-09-22T17:09:48.2414839Z   ok   gate-read page docs/reference/TRACE_EVENTS.md (named at sw/trace/gen_trace_events.py:28) is relevant
2026-09-22T17:09:48.2416099Z   ok   gate-read page docs/testing/MILAN_V12_AUDIT_2026-08-16.md (named at tests/steps/milan_streaming_licence_steps.py:27) is relevant
2026-09-22T17:09:48.2417254Z   ok   a new reader spelt as a whole path literal names ['docs/reference/EGRESS_QUEUE_MAP.md']
2026-09-22T17:09:48.2418288Z   ok   a new reader spelt as a pathlib join of literals names ['docs/reference/EGRESS_QUEUE_MAP.md']
2026-09-22T17:09:48.2419308Z   ok   a new reader spelt as os.path.join of its pieces names ['docs/reference/EGRESS_QUEUE_MAP.md']
2026-09-22T17:09:48.2420594Z   ok   a new reader spelt as a docs directory constant joined later names ['docs/reference/EGRESS_QUEUE_MAP.md']
2026-09-22T17:09:48.2421725Z   ok   a new reader spelt as an f-string over a directory variable names ['docs/reference/EGRESS_QUEUE_MAP.md']
2026-09-22T17:09:48.2422831Z   ok   a new reader spelt as an f-string over a literal directory names ['docs/reference/EGRESS_QUEUE_MAP.md']
2026-09-22T17:09:48.2423863Z   ok   a new reader spelt as a relative literal names ['docs/reference/EGRESS_QUEUE_MAP.md']
2026-09-22T17:09:48.2424851Z   ok   a new reader spelt as a join wrapped over two lines names ['docs/reference/EGRESS_QUEUE_MAP.md']
2026-09-22T17:09:48.2425927Z   ok   a new reader spelt as a bare file name handed to a helper names ['docs/reference/EGRESS_QUEUE_MAP.md']
2026-09-22T17:09:48.2426900Z   ok   a new reader spelt as a top-level page as a whole literal names ['QUICKSTART.md']
2026-09-22T17:09:48.2427973Z   ok   a new reader spelt as a recipe reading it through a directory variable names ['docs/reference/EGRESS_QUEUE_MAP.md']
2026-09-22T17:09:48.2429150Z   ok   a new reader spelt as a recipe reading its whole path names ['docs/reference/EGRESS_QUEUE_MAP.md']
2026-09-22T17:09:48.2430349Z   ok   a new reader spelt as a shell line reading it names ['docs/reference/EGRESS_QUEUE_MAP.md']
2026-09-22T17:09:48.2431163Z   ok   a new reader spelt as a comment naming it names nothing
2026-09-22T17:09:48.2431781Z   ok   a new reader spelt as a message naming it names nothing
2026-09-22T17:09:48.2432438Z   ok   a new reader spelt as a reader docs-check runs too names nothing
2026-09-22T17:09:48.2433098Z   ok   mutation: gptp-processor filed as docs-only is rejected
2026-09-22T17:09:48.2434119Z   ok   mutation: protocol-processor filed as docs-only is rejected
2026-09-22T17:09:48.2434775Z   ok   mutation: external filed as docs-only is rejected
2026-09-22T17:09:48.2435572Z   ok   mutation: third_party/verilog-axis filed as docs-only is rejected
2026-09-22T17:09:48.2436132Z   ok   mutation: .gitmodules filed as docs-only is rejected
2026-09-22T17:09:48.2436547Z   ok   mutation: .github/ISSUE_TEMPLATE/ filed as docs-only is rejected
2026-09-22T17:09:48.2436938Z   ok   mutation: LICENSE filed as docs-only is rejected
2026-09-22T17:09:48.2437320Z   ok   mutation: .rst filed as docs-only is rejected
2026-09-22T17:09:48.2437646Z   ok   mutation: docs/ filed as docs-only is rejected
2026-09-22T17:09:48.2438022Z   ok   mutation: hdl/ieee1722/avtp/doc/ filed as docs-only is rejected
2026-09-22T17:09:48.2438598Z   ok   mutation: hdl/ieee8021as/gptp_plane/doc/ filed as docs-only is rejected
2026-09-22T17:09:48.2439005Z   ok   mutation: tb/ filed as docs-only is rejected
2026-09-22T17:09:48.2439333Z   ok   mutation: .py filed as docs-only is rejected
2026-09-22T17:09:48.2440297Z   ok   mutation: .json filed as docs-only is rejected
2026-09-22T17:09:48.2440812Z   ok   mutation: .svg filed as docs-only is rejected
2026-09-22T17:09:48.2441356Z   ok   mutation: gate-read docs/reference/REGISTER_MAP.md filed as docs-only is rejected
2026-09-22T17:09:48.2441944Z   ok   mutation: the scan still names docs/reference/REGISTER_MAP.md once the table drops it
2026-09-22T17:09:48.2442504Z   ok   mutation: gate-read docs/reference/TRACE_EVENTS.md filed as docs-only is rejected
2026-09-22T17:09:48.2443059Z   ok   mutation: the scan still names docs/reference/TRACE_EVENTS.md once the table drops it
2026-09-22T17:09:48.2443626Z   ok   mutation: gate-read docs/testing/MILAN_V12_AUDIT_2026-08-16.md filed as docs-only is rejected
2026-09-22T17:09:48.2444233Z   ok   mutation: the scan still names docs/testing/MILAN_V12_AUDIT_2026-08-16.md once the table drops it
2026-09-22T17:09:48.2444687Z selftest: PASS
2026-09-22T17:09:48.2502447Z Changed files:
2026-09-22T17:09:48.2515741Z   .github/workflows/docs.yml
2026-09-22T17:09:48.2516186Z   .github/workflows/elaborate.yml
2026-09-22T17:09:48.2516630Z   docs/integration/BAREMETAL_FIRMWARE.md
2026-09-22T17:09:48.2517034Z   docs/testing/CI_WORKFLOWS.md
2026-09-22T17:09:48.2517305Z   scripts/check_baremetal_only.py
2026-09-22T17:09:48.2517578Z   scripts/ci_events.py
2026-09-22T17:09:48.2517813Z   scripts/ci_rv32_sdk.py
2026-09-22T17:09:48.2518092Z   scripts/ci_rv32_sdk_selftest.py
2026-09-22T17:09:48.2518404Z   sw/builder/test_builder.py
2026-09-22T17:09:48.2518736Z   sw/builder/test_firmware_compiler.py
2026-09-22T17:09:48.2948651Z RTL/tooling relevant: true
2026-09-22T17:09:48.3101686Z Node 20 is being deprecated. This workflow is running with Node 24 by default. If you need to temporarily use Node 20, you can set the ACTIONS_ALLOW_USE_UNSECURE_NODE_VERSION=true environment variable. For more information see: https://github.blog/changelog/2025-09-19-deprecation-of-node-20-on-github-actions-runners/
2026-09-22T17:09:48.3103241Z Post job cleanup.
2026-09-22T17:09:48.4022484Z [command]/usr/bin/git version
2026-09-22T17:09:48.4066172Z git version 2.55.0
2026-09-22T17:09:48.4103670Z Temporarily overriding HOME='/home/runner/work/_temp/c6086404-c88c-4894-bd0e-50f346d554ca' before making global git config changes
2026-09-22T17:09:48.4105120Z Adding repository directory to the temporary git global config as a safe directory
2026-09-22T17:09:48.4110055Z [command]/usr/bin/git config --global --add safe.directory /home/runner/work/milan-fpga/milan-fpga
2026-09-22T17:09:48.4160397Z [command]/usr/bin/git config --local --name-only --get-regexp core\.sshCommand
2026-09-22T17:09:48.4206881Z [command]/usr/bin/git submodule foreach --recursive sh -c "git config --local --name-only --get-regexp 'core\.sshCommand' && git config --local --unset-all 'core.sshCommand' || :"
2026-09-22T17:09:48.4490817Z [command]/usr/bin/git config --local --name-only --get-regexp http\.https\:\/\/github\.com\/\.extraheader
2026-09-22T17:09:48.4521472Z http.https://github.com/.extraheader
2026-09-22T17:09:48.4542392Z [command]/usr/bin/git config --local --unset-all http.https://github.com/.extraheader
2026-09-22T17:09:48.4626892Z [command]/usr/bin/git submodule foreach --recursive sh -c "git config --local --name-only --get-regexp 'http\.https\:\/\/github\.com\/\.extraheader' && git config --local --unset-all 'http.https://github.com/.extraheader' || :"
2026-09-22T17:09:48.5010715Z [command]/usr/bin/git config --local --name-only --get-regexp ^includeIf\.gitdir:
2026-09-22T17:09:48.5043164Z [command]/usr/bin/git submodule foreach --recursive git config --local --show-origin --name-only --get-regexp remote.origin.url
2026-09-22T17:09:48.5500902Z Evaluate and set job outputs
2026-09-22T17:09:48.5508130Z Set output 'rtl'
2026-09-22T17:09:48.5510129Z Cleaning up orphan processes
2026-09-22T17:09:48.5803177Z ##[warning]Node.js 20 is deprecated. The following actions target Node.js 20 but are being forced to run on Node.js 24: actions/checkout@v4. For more information see: https://github.blog/changelog/2025-09-19-deprecation-of-node-20-on-github-actions-runners/
