2026-09-22T17:10:03.1812089Z Current runner version: '2.337.0'
2026-09-22T17:10:03.1848362Z ##[group]Runner Image Provisioner
2026-09-22T17:10:03.1850149Z Hosted Compute Agent
2026-09-22T17:10:03.1851183Z Version: 20260828.587
2026-09-22T17:10:03.1852350Z Commit: abac92662cab4cc7352de4f9f9d2e2419aad9c29
2026-09-22T17:10:03.1853671Z Build Date: 2026-08-28T16:44:25Z
2026-09-22T17:10:03.1854854Z Worker ID: {1a04303b-f40c-41ba-8e64-a6bb4a6efd5b}
2026-09-22T17:10:03.1856428Z Azure Region: eastus
2026-09-22T17:10:03.1857488Z ##[endgroup]
2026-09-22T17:10:03.1860406Z ##[group]Operating System
2026-09-22T17:10:03.1861512Z Ubuntu
2026-09-22T17:10:03.1862539Z 24.04.5
2026-09-22T17:10:03.1863524Z LTS
2026-09-22T17:10:03.1864388Z ##[endgroup]
2026-09-22T17:10:03.1865492Z ##[group]Runner Image
2026-09-22T17:10:03.1866523Z Image: ubuntu-24.04
2026-09-22T17:10:03.1867636Z Version: 20260907.300.1
2026-09-22T17:10:03.1870117Z Included Software: https://github.com/actions/runner-images/blob/ubuntu24/20260907.300/images/ubuntu/Ubuntu2404-Readme.md
2026-09-22T17:10:03.1872978Z Image Release: https://github.com/actions/runner-images/releases/tag/ubuntu24%2F20260907.300
2026-09-22T17:10:03.1874769Z ##[endgroup]
2026-09-22T17:10:03.1876972Z ##[group]GITHUB_TOKEN Permissions
2026-09-22T17:10:03.1880161Z Contents: read
2026-09-22T17:10:03.1881244Z Metadata: read
2026-09-22T17:10:03.1882247Z Packages: read
2026-09-22T17:10:03.1883405Z ##[endgroup]
2026-09-22T17:10:03.1887058Z Secret source: Actions
2026-09-22T17:10:03.1889063Z Cache mode: write
2026-09-22T17:10:03.1890571Z Prepare workflow directory
2026-09-22T17:10:03.2485428Z Prepare all required actions
2026-09-22T17:10:03.2559532Z Getting action download info
2026-09-22T17:10:03.4466558Z Download action repository 'actions/checkout@v4' (SHA:11d5960a326750d5838078e36cf38b85af677262)
2026-09-22T17:10:03.5489197Z Download action repository 'actions/cache@v4' (SHA:0057852bfaa89a56745cba8c7296529d2fc39830)
2026-09-22T17:10:03.6505614Z Download action repository 'actions/upload-artifact@v4' (SHA:ea165f8d65b6e75b540449e92b4886f43607fa02)
2026-09-22T17:10:03.8568304Z Complete job name: Yosys shard 2/4
2026-09-22T17:10:03.9364357Z Node 20 is being deprecated. This workflow is running with Node 24 by default. If you need to temporarily use Node 20, you can set the ACTIONS_ALLOW_USE_UNSECURE_NODE_VERSION=true environment variable. For more information see: https://github.blog/changelog/2025-09-19-deprecation-of-node-20-on-github-actions-runners/
2026-09-22T17:10:03.9373542Z ##[group]Run actions/checkout@v4
2026-09-22T17:10:03.9374290Z with:
2026-09-22T17:10:03.9374743Z   repository: kebag-logic/milan-fpga
2026-09-22T17:10:03.9378443Z   token: ***
2026-09-22T17:10:03.9379148Z   ssh-strict: true
2026-09-22T17:10:03.9379585Z   ssh-user: git
2026-09-22T17:10:03.9380015Z   persist-credentials: true
2026-09-22T17:10:03.9380491Z   clean: true
2026-09-22T17:10:03.9380924Z   sparse-checkout-cone-mode: true
2026-09-22T17:10:03.9381431Z   fetch-depth: 1
2026-09-22T17:10:03.9381848Z   fetch-tags: false
2026-09-22T17:10:03.9382289Z   show-progress: true
2026-09-22T17:10:03.9382751Z   lfs: false
2026-09-22T17:10:03.9383184Z   submodules: false
2026-09-22T17:10:03.9383619Z   set-safe-directory: true
2026-09-22T17:10:03.9384114Z   allow-unsafe-pr-checkout: false
2026-09-22T17:10:03.9384884Z env:
2026-09-22T17:10:03.9385299Z   VERILATOR_VERSION: v5.050
2026-09-22T17:10:03.9385785Z   YOSYS_VERSION: v0.66
2026-09-22T17:10:03.9386315Z   TSN_GEN_REV: deca300c9eb4863fa13383b45ba6cb6fd0828671
2026-09-22T17:10:03.9386923Z ##[endgroup]
2026-09-22T17:10:04.0462606Z Syncing repository: kebag-logic/milan-fpga
2026-09-22T17:10:04.0464517Z ##[group]Getting Git version info
2026-09-22T17:10:04.0465278Z Working directory is '/home/runner/work/milan-fpga/milan-fpga'
2026-09-22T17:10:04.0466939Z [command]/usr/bin/git version
2026-09-22T17:10:04.0580386Z git version 2.55.0
2026-09-22T17:10:04.0604703Z ##[endgroup]
2026-09-22T17:10:04.0620659Z Temporarily overriding HOME='/home/runner/work/_temp/2f735874-fe90-4dee-a5e2-8c659a66208e' before making global git config changes
2026-09-22T17:10:04.0623784Z Adding repository directory to the temporary git global config as a safe directory
2026-09-22T17:10:04.0626882Z [command]/usr/bin/git config --global --add safe.directory /home/runner/work/milan-fpga/milan-fpga
2026-09-22T17:10:04.0683315Z Deleting the contents of '/home/runner/work/milan-fpga/milan-fpga'
2026-09-22T17:10:04.0688764Z ##[group]Initializing the repository
2026-09-22T17:10:04.0692734Z [command]/usr/bin/git init /home/runner/work/milan-fpga/milan-fpga
2026-09-22T17:10:04.0831621Z hint: Using 'master' as the name for the initial branch. This default branch name
2026-09-22T17:10:04.0833336Z hint: will change to "main" in Git 3.0. To configure the initial branch name
2026-09-22T17:10:04.0834932Z hint: to use in all of your new repositories, which will suppress this warning,
2026-09-22T17:10:04.0836131Z hint: call:
2026-09-22T17:10:04.0836754Z hint:
2026-09-22T17:10:04.0837552Z hint: 	git config --global init.defaultBranch <name>
2026-09-22T17:10:04.0838776Z hint:
2026-09-22T17:10:04.0839837Z hint: Names commonly chosen instead of 'master' are 'main', 'trunk' and
2026-09-22T17:10:04.0841423Z hint: 'development'. The just-created branch can be renamed via this command:
2026-09-22T17:10:04.0842639Z hint:
2026-09-22T17:10:04.0843312Z hint: 	git branch -m <name>
2026-09-22T17:10:04.0844071Z hint:
2026-09-22T17:10:04.0845097Z hint: Disable this message with "git config set advice.defaultBranchName false"
2026-09-22T17:10:04.0846849Z Initialized empty Git repository in /home/runner/work/milan-fpga/milan-fpga/.git/
2026-09-22T17:10:04.0850368Z [command]/usr/bin/git remote add origin https://github.com/kebag-logic/milan-fpga
2026-09-22T17:10:04.0905112Z ##[endgroup]
2026-09-22T17:10:04.0906352Z ##[group]Disabling automatic garbage collection
2026-09-22T17:10:04.0909054Z [command]/usr/bin/git config --local gc.auto 0
2026-09-22T17:10:04.0944027Z ##[endgroup]
2026-09-22T17:10:04.0945357Z ##[group]Setting up auth
2026-09-22T17:10:04.0951858Z [command]/usr/bin/git config --local --name-only --get-regexp core\.sshCommand
2026-09-22T17:10:04.0986105Z [command]/usr/bin/git submodule foreach --recursive sh -c "git config --local --name-only --get-regexp 'core\.sshCommand' && git config --local --unset-all 'core.sshCommand' || :"
2026-09-22T17:10:04.1387140Z [command]/usr/bin/git config --local --name-only --get-regexp http\.https\:\/\/github\.com\/\.extraheader
2026-09-22T17:10:04.1426387Z [command]/usr/bin/git submodule foreach --recursive sh -c "git config --local --name-only --get-regexp 'http\.https\:\/\/github\.com\/\.extraheader' && git config --local --unset-all 'http.https://github.com/.extraheader' || :"
2026-09-22T17:10:04.1674813Z [command]/usr/bin/git config --local --name-only --get-regexp ^includeIf\.gitdir:
2026-09-22T17:10:04.1796213Z [command]/usr/bin/git submodule foreach --recursive git config --local --show-origin --name-only --get-regexp remote.origin.url
2026-09-22T17:10:04.1985085Z [command]/usr/bin/git config --local http.https://github.com/.extraheader AUTHORIZATION: basic ***
2026-09-22T17:10:04.2032298Z ##[endgroup]
2026-09-22T17:10:04.2033157Z ##[group]Fetching the repository
2026-09-22T17:10:04.2048069Z [command]/usr/bin/git -c protocol.version=2 fetch --no-tags --prune --no-recurse-submodules --depth=1 origin +c0b2b7cc067ece28e3124f94ccd9ee45c91b85e3:refs/remotes/pull/521/merge
2026-09-22T17:10:04.6868421Z From https://github.com/kebag-logic/milan-fpga
2026-09-22T17:10:04.6870768Z  * [new ref]         c0b2b7cc067ece28e3124f94ccd9ee45c91b85e3 -> pull/521/merge
2026-09-22T17:10:04.6883001Z ##[endgroup]
2026-09-22T17:10:04.6884589Z ##[group]Determining the checkout info
2026-09-22T17:10:04.6885792Z ##[endgroup]
2026-09-22T17:10:04.6886376Z [command]/usr/bin/git sparse-checkout disable
2026-09-22T17:10:04.6946393Z [command]/usr/bin/git config --local --unset-all extensions.worktreeConfig
2026-09-22T17:10:04.6990797Z ##[group]Checking out the ref
2026-09-22T17:10:04.6995939Z [command]/usr/bin/git checkout --progress --force refs/remotes/pull/521/merge
2026-09-22T17:10:04.8397641Z Note: switching to 'refs/remotes/pull/521/merge'.
2026-09-22T17:10:04.8399011Z 
2026-09-22T17:10:04.8399781Z You are in 'detached HEAD' state. You can look around, make experimental
2026-09-22T17:10:04.8401255Z changes and commit them, and you can discard any commits you make in this
2026-09-22T17:10:04.8402686Z state without impacting any branches by switching back to a branch.
2026-09-22T17:10:04.8403470Z 
2026-09-22T17:10:04.8404174Z If you want to create a new branch to retain commits you create, you may
2026-09-22T17:10:04.8405544Z do so (now or later) by using -c with the switch command. Example:
2026-09-22T17:10:04.8406370Z 
2026-09-22T17:10:04.8406850Z   git switch -c <new-branch-name>
2026-09-22T17:10:04.8407447Z 
2026-09-22T17:10:04.8407936Z Or undo this operation with:
2026-09-22T17:10:04.8408486Z 
2026-09-22T17:10:04.8409113Z   git switch -
2026-09-22T17:10:04.8409604Z 
2026-09-22T17:10:04.8410363Z Turn off this advice by setting config variable advice.detachedHead to false
2026-09-22T17:10:04.8411997Z 
2026-09-22T17:10:04.8413243Z HEAD is now at c0b2b7c Merge 3d90958f3a82ca2a9617112c107a22f332117e17 into 483a133ed08867ea0d300d2b4a027b5b48a4282f
2026-09-22T17:10:04.8417338Z ##[endgroup]
2026-09-22T17:10:04.8461044Z [command]/usr/bin/git log -1 --format=%H
2026-09-22T17:10:04.8488310Z c0b2b7cc067ece28e3124f94ccd9ee45c91b85e3
2026-09-22T17:10:04.8752570Z ##[group]Run git submodule update --init third_party/verilog-axis protocol-processor gptp-processor
2026-09-22T17:10:04.8755585Z [36;1mgit submodule update --init third_party/verilog-axis protocol-processor gptp-processor[0m
2026-09-22T17:10:04.8798770Z shell: /usr/bin/bash -e {0}
2026-09-22T17:10:04.8799938Z env:
2026-09-22T17:10:04.8800883Z   VERILATOR_VERSION: v5.050
2026-09-22T17:10:04.8802011Z   YOSYS_VERSION: v0.66
2026-09-22T17:10:04.8803241Z   TSN_GEN_REV: deca300c9eb4863fa13383b45ba6cb6fd0828671
2026-09-22T17:10:04.8804666Z ##[endgroup]
2026-09-22T17:10:04.9108267Z Submodule 'gptp-processor' (https://github.com/Mister-M-alt/FPGA-gPTP.git) registered for path 'gptp-processor'
2026-09-22T17:10:04.9116479Z Submodule 'protocol-processor' (https://github.com/Mister-M-alt/protocol-processor-control-plane-avb-milan.git) registered for path 'protocol-processor'
2026-09-22T17:10:04.9121738Z Submodule 'third_party/verilog-axis' (https://github.com/alexforencich/verilog-axis) registered for path 'third_party/verilog-axis'
2026-09-22T17:10:04.9145738Z Cloning into '/home/runner/work/milan-fpga/milan-fpga/gptp-processor'...
2026-09-22T17:10:05.3046934Z Cloning into '/home/runner/work/milan-fpga/milan-fpga/protocol-processor'...
2026-09-22T17:10:05.8662127Z Cloning into '/home/runner/work/milan-fpga/milan-fpga/third_party/verilog-axis'...
2026-09-22T17:10:06.2149286Z Submodule path 'gptp-processor': checked out 'c1b617435824929a790739ea8585c3fe1a328cc0'
2026-09-22T17:10:06.2693325Z Submodule path 'protocol-processor': checked out '424c688fa2205b934a7689a58f2aa766420f2326'
2026-09-22T17:10:06.2899025Z Submodule path 'third_party/verilog-axis': checked out '48ff7a7e2ef782cf778d47910cf85835c64b1bce'
2026-09-22T17:10:06.2960311Z ##[group]Run set -euo pipefail
2026-09-22T17:10:06.2960716Z [36;1mset -euo pipefail[0m
2026-09-22T17:10:06.2961029Z [36;1mhead="$(git rev-parse HEAD)"[0m
2026-09-22T17:10:06.2961450Z [36;1mif [ "$head" != "$GITHUB_SHA" ] || [ "$GITHUB_SHA" != "$TARGET_SHA" ]; then[0m
2026-09-22T17:10:06.2962076Z [36;1m  echo "checkout $head, GITHUB_SHA $GITHUB_SHA and gate target $TARGET_SHA must be one SHA" >&2[0m
2026-09-22T17:10:06.2962597Z [36;1m  exit 1[0m
2026-09-22T17:10:06.2962840Z [36;1mfi[0m
2026-09-22T17:10:06.2963137Z [36;1mmkdir -p "$RUNNER_TEMP/yosys-results"[0m
2026-09-22T17:10:06.2963595Z [36;1mprintf '%s\n' "$GITHUB_SHA" > "$RUNNER_TEMP/yosys-results/TARGET_SHA"[0m
2026-09-22T17:10:06.2964040Z [36;1mecho "target_sha=$GITHUB_SHA"[0m
2026-09-22T17:10:06.3003034Z shell: /usr/bin/bash -e {0}
2026-09-22T17:10:06.3003341Z env:
2026-09-22T17:10:06.3003602Z   VERILATOR_VERSION: v5.050
2026-09-22T17:10:06.3003892Z   YOSYS_VERSION: v0.66
2026-09-22T17:10:06.3004469Z   TSN_GEN_REV: deca300c9eb4863fa13383b45ba6cb6fd0828671
2026-09-22T17:10:06.3004896Z   TARGET_SHA: c0b2b7cc067ece28e3124f94ccd9ee45c91b85e3
2026-09-22T17:10:06.3005265Z ##[endgroup]
2026-09-22T17:10:06.3095098Z target_sha=c0b2b7cc067ece28e3124f94ccd9ee45c91b85e3
2026-09-22T17:10:06.3196735Z Node 20 is being deprecated. This workflow is running with Node 24 by default. If you need to temporarily use Node 20, you can set the ACTIONS_ALLOW_USE_UNSECURE_NODE_VERSION=true environment variable. For more information see: https://github.blog/changelog/2025-09-19-deprecation-of-node-20-on-github-actions-runners/
2026-09-22T17:10:06.3198929Z ##[group]Run actions/cache@v4
2026-09-22T17:10:06.3199249Z with:
2026-09-22T17:10:06.3199504Z   path: /opt/yosys
2026-09-22T17:10:06.3199766Z   key: yosys-v0.66-Linux
2026-09-22T17:10:06.3200059Z   enableCrossOsArchive: false
2026-09-22T17:10:06.3200381Z   fail-on-cache-miss: false
2026-09-22T17:10:06.3200672Z   lookup-only: false
2026-09-22T17:10:06.3200982Z   save-always: false
2026-09-22T17:10:06.3201227Z env:
2026-09-22T17:10:06.3201459Z   VERILATOR_VERSION: v5.050
2026-09-22T17:10:06.3201734Z   YOSYS_VERSION: v0.66
2026-09-22T17:10:06.3202049Z   TSN_GEN_REV: deca300c9eb4863fa13383b45ba6cb6fd0828671
2026-09-22T17:10:06.3202427Z ##[endgroup]
2026-09-22T17:10:06.4269732Z (node:2393) [DEP0040] DeprecationWarning: The `punycode` module is deprecated. Please use a userland alternative instead.
2026-09-22T17:10:06.4270996Z (Use `node --trace-deprecation ...` to show where the warning was created)
2026-09-22T17:10:06.5128895Z Cache hit for: yosys-v0.66-Linux
2026-09-22T17:10:06.5232429Z (node:2393) [DEP0169] DeprecationWarning: `url.parse()` behavior is not standardized and prone to errors that have security implications. Use the WHATWG URL API instead. CVEs are not issued for `url.parse()` vulnerabilities.
2026-09-22T17:10:06.7141304Z Received 19685025 of 19685025 (100.0%), 113.8 MBs/sec
2026-09-22T17:10:06.7142012Z Cache Size: ~19 MB (19685025 B)
2026-09-22T17:10:06.7175157Z [command]/usr/bin/tar -xf /home/runner/work/_temp/471d9789-831c-49b5-bcce-f2853facbbae/cache.tzst -P -C /home/runner/work/milan-fpga/milan-fpga --use-compress-program unzstd
2026-09-22T17:10:06.8537075Z Cache restored successfully
2026-09-22T17:10:06.8627658Z Cache restored from key: yosys-v0.66-Linux
2026-09-22T17:10:06.8774334Z ##[group]Run set -euo pipefail
2026-09-22T17:10:06.8774662Z [36;1mset -euo pipefail[0m
2026-09-22T17:10:06.8774941Z [36;1msudo apt-get update -qq[0m
2026-09-22T17:10:06.8775318Z [36;1msudo apt-get install -y --no-install-recommends libjemalloc2[0m
2026-09-22T17:10:06.8775828Z [36;1msudo ln -sf /opt/yosys/bin/yosys /opt/yosys/bin/yosys-abc /usr/local/bin/[0m
2026-09-22T17:10:06.8776257Z [36;1mtest -x /opt/yosys/bin/yosys-abc[0m
2026-09-22T17:10:06.8776585Z [36;1mecho "bundled ABC: $(cat /opt/yosys/ABC_REV)"[0m
2026-09-22T17:10:06.8776903Z [36;1myosys -V[0m
2026-09-22T17:10:06.8777159Z [36;1myosys -V | grep -F "Yosys ${YOSYS_VERSION#v}"[0m
2026-09-22T17:10:06.8813758Z shell: /usr/bin/bash -e {0}
2026-09-22T17:10:06.8814007Z env:
2026-09-22T17:10:06.8814207Z   VERILATOR_VERSION: v5.050
2026-09-22T17:10:06.8814458Z   YOSYS_VERSION: v0.66
2026-09-22T17:10:06.8814726Z   TSN_GEN_REV: deca300c9eb4863fa13383b45ba6cb6fd0828671
2026-09-22T17:10:06.8815034Z ##[endgroup]
2026-09-22T17:10:12.5528192Z Reading package lists...
2026-09-22T17:10:12.7247799Z Building dependency tree...
2026-09-22T17:10:12.7255396Z Reading state information...
2026-09-22T17:10:12.8717337Z The following NEW packages will be installed:
2026-09-22T17:10:12.8721216Z   libjemalloc2
2026-09-22T17:10:12.8885031Z 0 upgraded, 1 newly installed, 0 to remove and 88 not upgraded.
2026-09-22T17:10:12.8885702Z Need to get 256 kB of archives.
2026-09-22T17:10:12.8886220Z After this operation, 859 kB of additional disk space will be used.
2026-09-22T17:10:12.8886665Z Get:1 file:/etc/apt/apt-mirrors.txt Mirrorlist [144 B]
2026-09-22T17:10:12.9194644Z Get:2 http://azure.archive.ubuntu.com/ubuntu noble/universe amd64 libjemalloc2 amd64 5.3.0-2build1 [256 kB]
2026-09-22T17:10:13.1997302Z Fetched 256 kB in 0s (3758 kB/s)
2026-09-22T17:10:13.2248063Z Selecting previously unselected package libjemalloc2:amd64.
2026-09-22T17:10:13.2573320Z (Reading database ... 
2026-09-22T17:10:13.2573803Z (Reading database ... 5%
2026-09-22T17:10:13.2574257Z (Reading database ... 10%
2026-09-22T17:10:13.2574656Z (Reading database ... 15%
2026-09-22T17:10:13.2575052Z (Reading database ... 20%
2026-09-22T17:10:13.2575446Z (Reading database ... 25%
2026-09-22T17:10:13.2575686Z (Reading database ... 30%
2026-09-22T17:10:13.2575906Z (Reading database ... 35%
2026-09-22T17:10:13.2576245Z (Reading database ... 40%
2026-09-22T17:10:13.2576482Z (Reading database ... 45%
2026-09-22T17:10:13.2576723Z (Reading database ... 50%
2026-09-22T17:10:13.2643817Z (Reading database ... 55%
2026-09-22T17:10:13.3842447Z (Reading database ... 60%
2026-09-22T17:10:13.5745642Z (Reading database ... 65%
2026-09-22T17:10:13.7497312Z (Reading database ... 70%
2026-09-22T17:10:13.9341891Z (Reading database ... 75%
2026-09-22T17:10:14.1006055Z (Reading database ... 80%
2026-09-22T17:10:14.2822050Z (Reading database ... 85%
2026-09-22T17:10:14.4341351Z (Reading database ... 90%
2026-09-22T17:10:14.5952579Z (Reading database ... 95%
2026-09-22T17:10:14.5953137Z (Reading database ... 100%
2026-09-22T17:10:14.5995633Z (Reading database ... 201818 files and directories currently installed.)
2026-09-22T17:10:14.5996596Z Preparing to unpack .../libjemalloc2_5.3.0-2build1_amd64.deb ...
2026-09-22T17:10:14.6040782Z Unpacking libjemalloc2:amd64 (5.3.0-2build1) ...
2026-09-22T17:10:14.6464812Z Setting up libjemalloc2:amd64 (5.3.0-2build1) ...
2026-09-22T17:10:14.6499040Z Processing triggers for libc-bin (2.39-0ubuntu8.8) ...
2026-09-22T17:10:15.3267889Z 
2026-09-22T17:10:15.3268814Z Running kernel seems to be up-to-date.
2026-09-22T17:10:15.3269278Z 
2026-09-22T17:10:15.3269431Z No services need to be restarted.
2026-09-22T17:10:15.3269695Z 
2026-09-22T17:10:15.3269870Z No containers need to be restarted.
2026-09-22T17:10:15.3270120Z 
2026-09-22T17:10:15.3270286Z No user sessions are running outdated binaries.
2026-09-22T17:10:15.3270572Z 
2026-09-22T17:10:15.3270837Z No VM guests are running outdated hypervisor (qemu) binaries on this host.
2026-09-22T17:10:16.2962093Z bundled ABC: 5d51a5e420f5de493d07bf61109a977248c86ffb
2026-09-22T17:10:16.2989459Z Yosys 0.66 (git sha1 86f2ddebc, g++ 13.3.0-6ubuntu2~24.04.1 -fPIC -O3)
2026-09-22T17:10:16.3031355Z Yosys 0.66 (git sha1 86f2ddebc, g++ 13.3.0-6ubuntu2~24.04.1 -fPIC -O3)
2026-09-22T17:10:16.3070024Z ##[group]Run set -euo pipefail
2026-09-22T17:10:16.3070366Z [36;1mset -euo pipefail[0m
2026-09-22T17:10:16.3070604Z [36;1mver=v0.0.12[0m
2026-09-22T17:10:16.3070976Z [36;1msha256=ff8c9eea5bc029b372fb4953427625cddb7cf7e58c1240623ac9f260818d5a00[0m
2026-09-22T17:10:16.3071560Z [36;1murl="https://github.com/zachjs/sv2v/releases/download/${ver}/sv2v-Linux.zip"[0m
2026-09-22T17:10:16.3072032Z [36;1mcurl -fsSL "$url" -o /tmp/sv2v.zip[0m
2026-09-22T17:10:16.3072405Z [36;1mecho "${sha256}  /tmp/sv2v.zip" | sha256sum -c -[0m
2026-09-22T17:10:16.3072841Z [36;1munzip -q -o /tmp/sv2v.zip -d /tmp/sv2v[0m
2026-09-22T17:10:16.3093068Z [36;1msudo install -m755 "$(find /tmp/sv2v -name sv2v -type f | head -1)" \[0m
2026-09-22T17:10:16.3093503Z [36;1m  /usr/local/bin/sv2v[0m
2026-09-22T17:10:16.3093765Z [36;1msv2v --version[0m
2026-09-22T17:10:16.3130915Z shell: /usr/bin/bash -e {0}
2026-09-22T17:10:16.3131183Z env:
2026-09-22T17:10:16.3131390Z   VERILATOR_VERSION: v5.050
2026-09-22T17:10:16.3131694Z   YOSYS_VERSION: v0.66
2026-09-22T17:10:16.3131966Z   TSN_GEN_REV: deca300c9eb4863fa13383b45ba6cb6fd0828671
2026-09-22T17:10:16.3132281Z ##[endgroup]
2026-09-22T17:10:16.4160949Z /tmp/sv2v.zip: OK
2026-09-22T17:10:16.5130968Z sv2v v0.0.12
2026-09-22T17:10:16.5332640Z Node 20 is being deprecated. This workflow is running with Node 24 by default. If you need to temporarily use Node 20, you can set the ACTIONS_ALLOW_USE_UNSECURE_NODE_VERSION=true environment variable. For more information see: https://github.blog/changelog/2025-09-19-deprecation-of-node-20-on-github-actions-runners/
2026-09-22T17:10:16.5335170Z ##[group]Run actions/cache@v4
2026-09-22T17:10:16.5335635Z with:
2026-09-22T17:10:16.5336082Z   path: /home/runner/work/_temp/yosys-result-cache
2026-09-22T17:10:16.5336891Z   key: yosys-results-v0.66-shard2-c0b2b7cc067ece28e3124f94ccd9ee45c91b85e3
2026-09-22T17:10:16.5337629Z   restore-keys: yosys-results-v0.66-shard2-
2026-09-22T17:10:16.5338143Z   enableCrossOsArchive: false
2026-09-22T17:10:16.5338822Z   fail-on-cache-miss: false
2026-09-22T17:10:16.5339215Z   lookup-only: false
2026-09-22T17:10:16.5339610Z   save-always: false
2026-09-22T17:10:16.5340010Z env:
2026-09-22T17:10:16.5340408Z   VERILATOR_VERSION: v5.050
2026-09-22T17:10:16.5341192Z   YOSYS_VERSION: v0.66
2026-09-22T17:10:16.5341894Z   TSN_GEN_REV: deca300c9eb4863fa13383b45ba6cb6fd0828671
2026-09-22T17:10:16.5342634Z ##[endgroup]
2026-09-22T17:10:16.6462527Z (node:2893) [DEP0040] DeprecationWarning: The `punycode` module is deprecated. Please use a userland alternative instead.
2026-09-22T17:10:16.6463431Z (Use `node --trace-deprecation ...` to show where the warning was created)
2026-09-22T17:10:16.7219855Z Cache hit for restore-key: yosys-results-v0.66-shard2-483a133ed08867ea0d300d2b4a027b5b48a4282f
2026-09-22T17:10:16.7333718Z (node:2893) [DEP0169] DeprecationWarning: `url.parse()` behavior is not standardized and prone to errors that have security implications. Use the WHATWG URL API instead. CVEs are not issued for `url.parse()` vulnerabilities.
2026-09-22T17:10:16.8099411Z Received 22168 of 22168 (100.0%), 1.1 MBs/sec
2026-09-22T17:10:16.8100192Z Cache Size: ~0 MB (22168 B)
2026-09-22T17:10:16.8135947Z [command]/usr/bin/tar -xf /home/runner/work/_temp/cf0d9561-4ce2-4c81-b987-51586a3445fb/cache.tzst -P -C /home/runner/work/milan-fpga/milan-fpga --use-compress-program unzstd
2026-09-22T17:10:16.8246944Z Cache restored successfully
2026-09-22T17:10:16.8326662Z Cache restored from key: yosys-results-v0.66-shard2-483a133ed08867ea0d300d2b4a027b5b48a4282f
2026-09-22T17:10:16.8422521Z ##[group]Run syn/yosys/run.sh --shard "2/4" \
2026-09-22T17:10:16.8422919Z [36;1msyn/yosys/run.sh --shard "2/4" \[0m
2026-09-22T17:10:16.8423264Z [36;1m  --results "$RUNNER_TEMP/yosys-results" \[0m
2026-09-22T17:10:16.8423638Z [36;1m  --cache "$RUNNER_TEMP/yosys-result-cache"[0m
2026-09-22T17:10:16.8459977Z shell: /usr/bin/bash -e {0}
2026-09-22T17:10:16.8460242Z env:
2026-09-22T17:10:16.8460469Z   VERILATOR_VERSION: v5.050
2026-09-22T17:10:16.8460735Z   YOSYS_VERSION: v0.66
2026-09-22T17:10:16.8461021Z   TSN_GEN_REV: deca300c9eb4863fa13383b45ba6cb6fd0828671
2026-09-22T17:10:16.8461344Z ##[endgroup]
2026-09-22T17:10:17.2475523Z == Yosys open-synthesis check (synth, via sv2v; shard 2/4) ==
2026-09-22T17:10:17.2476783Z    yosys allocator: /lib/x86_64-linux-gnu/libjemalloc.so.2
2026-09-22T17:10:17.3385230Z   [PASS] tcam                   cells=4911  (result cache)
2026-09-22T17:10:17.4193290Z   [PASS] cdc_pulse              cells=6  (result cache)
2026-09-22T17:10:17.5189845Z   [PASS] adp_tx_arbiter         cells=238  (result cache)
2026-09-22T17:10:17.7250254Z   [PASS] KL_gptp_txret          cells=3350  (result cache)
2026-09-22T17:10:18.3655742Z   [PASS] KL_gptp_shadow         cells=206752  (result cache)
2026-09-22T17:10:18.4861664Z   [PASS] KL_avtp_rx_monitor     cells=1843  (result cache)
2026-09-22T17:10:18.5774872Z   [PASS] KL_stream_table        cells=209  (result cache)
2026-09-22T17:10:18.6678883Z   [PASS] KL_pcm_route           cells=12  (result cache)
2026-09-22T17:10:18.7707917Z   [PASS] KL_aaf_capture_i2s     cells=1222  (result cache)
2026-09-22T17:10:18.9573312Z   [PASS] KL_aes3_rx             cells=2696  (result cache)
2026-09-22T17:10:19.1634015Z   [PASS] KL_aaf_packetizer      cells=18522  (result cache)
2026-09-22T17:10:19.3084210Z   [PASS] KL_crf_rx              cells=30104  (result cache)
2026-09-22T17:10:19.4102792Z   [PASS] KL_media_nco           cells=536  (result cache)
2026-09-22T17:10:19.5858452Z   [PASS] KL_maap                cells=2319  (result cache)
2026-09-22T17:10:19.7710345Z   [PASS] KL_i2s_playback        cells=81509  (result cache)
2026-09-22T17:10:19.8531401Z   [PASS] KL_i2s_feed_mux        cells=221  (result cache)
2026-09-22T17:10:19.9912599Z   [PASS] KL_tdm_capture_master  cells=1208  (result cache)
2026-09-22T17:10:20.1152840Z   [PASS] KL_chan_map_render     cells=11155  (result cache)
2026-09-22T17:10:20.3412878Z   [PASS] KL_aaf_rx_depacketizer cells=60849  (result cache)
2026-09-22T17:10:20.4440282Z   [PASS] KL_ptp_clock_validity  cells=206  (result cache)
2026-09-22T17:10:20.5780978Z   [PASS] ptp_csr_sync           cells=413  (result cache)
2026-09-22T17:10:20.6700838Z   [PASS] ethernet_events        cells=1161  (result cache)
2026-09-22T17:10:20.7715510Z   [PASS] KL_mac_rmon_events     cells=449  (result cache)
2026-09-22T17:10:21.0297080Z   [PASS] queues_wrap            cells=10315  (result cache)
2026-09-22T17:10:21.1981661Z   [PASS] axis_fifo              cells=133594  (result cache)
2026-09-22T17:10:21.3113905Z   [PASS] axis_demux             cells=96  (result cache)
2026-09-22T17:10:21.3133242Z --------------------------------------------------------------
2026-09-22T17:10:21.3134036Z tops: 26   pass: 26   fail: 0
2026-09-22T17:10:21.3139838Z RESULT: PASS
2026-09-22T17:10:21.3140176Z structural checks: skipped in this worker
2026-09-22T17:10:21.3224923Z Node 20 is being deprecated. This workflow is running with Node 24 by default. If you need to temporarily use Node 20, you can set the ACTIONS_ALLOW_USE_UNSECURE_NODE_VERSION=true environment variable. For more information see: https://github.blog/changelog/2025-09-19-deprecation-of-node-20-on-github-actions-runners/
2026-09-22T17:10:21.3226294Z ##[group]Run actions/upload-artifact@v4
2026-09-22T17:10:21.3226590Z with:
2026-09-22T17:10:21.3226795Z   name: yosys-results-2
2026-09-22T17:10:21.3227066Z   path: /home/runner/work/_temp/yosys-results
2026-09-22T17:10:21.3227376Z   if-no-files-found: error
2026-09-22T17:10:21.3227630Z   retention-days: 3
2026-09-22T17:10:21.3227854Z   compression-level: 6
2026-09-22T17:10:21.3228081Z   overwrite: false
2026-09-22T17:10:21.3228308Z   include-hidden-files: false
2026-09-22T17:10:21.3228851Z env:
2026-09-22T17:10:21.3229117Z   VERILATOR_VERSION: v5.050
2026-09-22T17:10:21.3229372Z   YOSYS_VERSION: v0.66
2026-09-22T17:10:21.3229690Z   TSN_GEN_REV: deca300c9eb4863fa13383b45ba6cb6fd0828671
2026-09-22T17:10:21.3230013Z ##[endgroup]
2026-09-22T17:10:21.4932393Z (node:3376) [DEP0040] DeprecationWarning: The `punycode` module is deprecated. Please use a userland alternative instead.
2026-09-22T17:10:21.4933735Z (Use `node --trace-deprecation ...` to show where the warning was created)
2026-09-22T17:10:21.5055531Z With the provided path, there will be 27 files uploaded
2026-09-22T17:10:21.5056428Z Artifact name is valid!
2026-09-22T17:10:21.5056889Z Root directory input is valid!
2026-09-22T17:10:21.7220937Z Beginning upload of artifact content to blob storage
2026-09-22T17:10:21.7711912Z (node:3376) [DEP0169] DeprecationWarning: `url.parse()` behavior is not standardized and prone to errors that have security implications. Use the WHATWG URL API instead. CVEs are not issued for `url.parse()` vulnerabilities.
2026-09-22T17:10:21.8046744Z Uploaded bytes 5764
2026-09-22T17:10:21.8217689Z Finished uploading artifact content to blob storage!
2026-09-22T17:10:21.8219347Z SHA256 digest of uploaded artifact zip is 69eff13a3bdd3313502aaaa98d2c2feec57a947f5c7f916c40e1dd1a46bcfa40
2026-09-22T17:10:21.8221197Z Finalizing artifact upload
2026-09-22T17:10:22.0239504Z Artifact yosys-results-2.zip successfully finalized. Artifact ID 10708959873
2026-09-22T17:10:22.0240886Z Artifact yosys-results-2 has been successfully uploaded! Final size is 5764 bytes. Artifact ID is 10708959873
2026-09-22T17:10:22.0247346Z Artifact download URL: https://github.com/kebag-logic/milan-fpga/actions/runs/35758843581/artifacts/10708959873
2026-09-22T17:10:22.0415875Z Node 20 is being deprecated. This workflow is running with Node 24 by default. If you need to temporarily use Node 20, you can set the ACTIONS_ALLOW_USE_UNSECURE_NODE_VERSION=true environment variable. For more information see: https://github.blog/changelog/2025-09-19-deprecation-of-node-20-on-github-actions-runners/
2026-09-22T17:10:22.0417338Z Post job cleanup.
2026-09-22T17:10:22.1574112Z (node:3388) [DEP0040] DeprecationWarning: The `punycode` module is deprecated. Please use a userland alternative instead.
2026-09-22T17:10:22.1587482Z (Use `node --trace-deprecation ...` to show where the warning was created)
2026-09-22T17:10:22.1749775Z [command]/usr/bin/tar --posix -cf cache.tzst --exclude cache.tzst -P -C /home/runner/work/milan-fpga/milan-fpga --files-from manifest.txt --use-compress-program zstdmt
2026-09-22T17:10:22.3039862Z (node:3388) [DEP0169] DeprecationWarning: `url.parse()` behavior is not standardized and prone to errors that have security implications. Use the WHATWG URL API instead. CVEs are not issued for `url.parse()` vulnerabilities.
2026-09-22T17:10:22.3334196Z Sent 22242 of 22242 (100.0%), 0.6 MBs/sec
2026-09-22T17:10:22.4109391Z Cache saved with key: yosys-results-v0.66-shard2-c0b2b7cc067ece28e3124f94ccd9ee45c91b85e3
2026-09-22T17:10:22.4243746Z Node 20 is being deprecated. This workflow is running with Node 24 by default. If you need to temporarily use Node 20, you can set the ACTIONS_ALLOW_USE_UNSECURE_NODE_VERSION=true environment variable. For more information see: https://github.blog/changelog/2025-09-19-deprecation-of-node-20-on-github-actions-runners/
2026-09-22T17:10:22.4245055Z Post job cleanup.
2026-09-22T17:10:22.5379247Z Cache hit occurred on the primary key yosys-v0.66-Linux, not saving cache.
2026-09-22T17:10:22.5381342Z (node:3408) [DEP0040] DeprecationWarning: The `punycode` module is deprecated. Please use a userland alternative instead.
2026-09-22T17:10:22.5382844Z (Use `node --trace-deprecation ...` to show where the warning was created)
2026-09-22T17:10:22.5529025Z Node 20 is being deprecated. This workflow is running with Node 24 by default. If you need to temporarily use Node 20, you can set the ACTIONS_ALLOW_USE_UNSECURE_NODE_VERSION=true environment variable. For more information see: https://github.blog/changelog/2025-09-19-deprecation-of-node-20-on-github-actions-runners/
2026-09-22T17:10:22.5530544Z Post job cleanup.
2026-09-22T17:10:22.6419008Z [command]/usr/bin/git version
2026-09-22T17:10:22.6467067Z git version 2.55.0
2026-09-22T17:10:22.6511620Z Temporarily overriding HOME='/home/runner/work/_temp/17da701e-495e-4ec1-914d-b87eb1093880' before making global git config changes
2026-09-22T17:10:22.6513309Z Adding repository directory to the temporary git global config as a safe directory
2026-09-22T17:10:22.6520394Z [command]/usr/bin/git config --global --add safe.directory /home/runner/work/milan-fpga/milan-fpga
2026-09-22T17:10:22.6565376Z [command]/usr/bin/git config --local --name-only --get-regexp core\.sshCommand
2026-09-22T17:10:22.6605829Z [command]/usr/bin/git submodule foreach --recursive sh -c "git config --local --name-only --get-regexp 'core\.sshCommand' && git config --local --unset-all 'core.sshCommand' || :"
2026-09-22T17:10:22.6927987Z Entering 'gptp-processor'
2026-09-22T17:10:22.6997011Z Entering 'protocol-processor'
2026-09-22T17:10:22.7054779Z Entering 'third_party/verilog-axis'
2026-09-22T17:10:22.7139766Z [command]/usr/bin/git config --local --name-only --get-regexp http\.https\:\/\/github\.com\/\.extraheader
2026-09-22T17:10:22.7165861Z http.https://github.com/.extraheader
2026-09-22T17:10:22.7198806Z [command]/usr/bin/git config --local --unset-all http.https://github.com/.extraheader
2026-09-22T17:10:22.7237777Z [command]/usr/bin/git submodule foreach --recursive sh -c "git config --local --name-only --get-regexp 'http\.https\:\/\/github\.com\/\.extraheader' && git config --local --unset-all 'http.https://github.com/.extraheader' || :"
2026-09-22T17:10:22.7491981Z Entering 'gptp-processor'
2026-09-22T17:10:22.7536086Z Entering 'protocol-processor'
2026-09-22T17:10:22.7584306Z Entering 'third_party/verilog-axis'
2026-09-22T17:10:22.7648145Z [command]/usr/bin/git config --local --name-only --get-regexp ^includeIf\.gitdir:
2026-09-22T17:10:22.7690536Z [command]/usr/bin/git submodule foreach --recursive git config --local --show-origin --name-only --get-regexp remote.origin.url
2026-09-22T17:10:22.7909527Z Entering 'gptp-processor'
2026-09-22T17:10:22.7932538Z file:/home/runner/work/milan-fpga/milan-fpga/.git/modules/gptp-processor/config	remote.origin.url
2026-09-22T17:10:22.7951500Z Entering 'protocol-processor'
2026-09-22T17:10:22.7971068Z file:/home/runner/work/milan-fpga/milan-fpga/.git/modules/protocol-processor/config	remote.origin.url
2026-09-22T17:10:22.7989208Z Entering 'third_party/verilog-axis'
2026-09-22T17:10:22.8009049Z file:/home/runner/work/milan-fpga/milan-fpga/.git/modules/third_party/verilog-axis/config	remote.origin.url
2026-09-22T17:10:22.8045686Z [command]/usr/bin/git config --file /home/runner/work/milan-fpga/milan-fpga/.git/modules/gptp-processor/config --name-only --get-regexp ^includeIf\.gitdir:
2026-09-22T17:10:22.8083282Z [command]/usr/bin/git config --file /home/runner/work/milan-fpga/milan-fpga/.git/modules/protocol-processor/config --name-only --get-regexp ^includeIf\.gitdir:
2026-09-22T17:10:22.8116577Z [command]/usr/bin/git config --file /home/runner/work/milan-fpga/milan-fpga/.git/modules/third_party/verilog-axis/config --name-only --get-regexp ^includeIf\.gitdir:
2026-09-22T17:10:22.8282312Z Cleaning up orphan processes
2026-09-22T17:10:22.8590969Z ##[warning]Node.js 20 is deprecated. The following actions target Node.js 20 but are being forced to run on Node.js 24: actions/cache@v4, actions/checkout@v4, actions/upload-artifact@v4. For more information see: https://github.blog/changelog/2025-09-19-deprecation-of-node-20-on-github-actions-runners/
