### python3 scripts/docs_check.py
docs_check: 0 finding(s) across 172 md files + 919 scrubbed text files, scrub self-test 23/23, routing arms 4/4 [git ls-files]
rc=0
### GIT_DIR=/dev/null python3 scripts/docs_check.py
docs_check: 0 finding(s) across 172 md files + 919 scrubbed text files, scrub self-test 22/22, routing arms 4/4, 1 skipped: inventory parity (needs a git working tree) [filesystem walk (no git)]
rc=0
### python3 scripts/check_doc_paths.py
doc path gate: OK (853 cited paths all resolve, 1 allowlisted; 0 line anchor(s) within their file)
rc=0
### python3 scripts/gen_toc.py --check
gen_toc: cannot read Markdown: the pinned Markdown renderer is not installed (html5lib); run: python3 -m pip install --require-hashes -r tools/markdown/requirements.txt
rc=2
### python3 scripts/gen_toc.py --verify-anchors
gen_toc: cannot read Markdown: the pinned Markdown renderer is not installed (html5lib); run: python3 -m pip install --require-hashes -r tools/markdown/requirements.txt
rc=2
### python3 scripts/check_py_idiom.py
  too many parameters: 7 <= 7
  global statement: 0 <= 0
  over-long line: 0 <= 0
rc=0
