internal-C01 KILLED test_release_tu_rise_boundary
internal-C02 KILLED test_release_tu_rise_boundary
internal-C03 KILLED test_release_tu_before_first_discontinuity,test_release_tu_rise_boundary
internal-C04 KILLED test_release_tu_history,test_release_tu_history_boundaries
internal-C05 KILLED test_release_tu_history
internal-C06 KILLED test_release_tu_history_boundaries
internal-C07 KILLED test_release_tu_history_boundaries
internal-C08 KILLED test_release_tu_history,test_release_tu_history_boundaries
internal-C09 KILLED test_release_tu_history_boundaries
internal-C10 KILLED test_release_resolution_evidence,test_release_tu_history_boundaries
internal-C11 KILLED test_release_tu_gm_minimum,test_release_tu_history
internal-C12 KILLED test_release_tu_gm_minimum,test_release_tu_history,test_release_tu_two_sided_boundaries
internal-C13 KILLED test_release_deciding_resolution,test_release_resolution_evidence,test_release_tu_two_sided_boundaries
internal-C14 KILLED test_release_deciding_resolution
internal-C15 KILLED test_release_deciding_resolution,test_release_resolution_evidence,test_release_tu_two_sided_boundaries
internal-C16 KILLED test_release_deciding_resolution,test_release_resolution_evidence
internal-C17 KILLED test_release_deciding_resolution,test_release_resolution_evidence,test_release_tu_two_sided_boundaries
internal-C18 KILLED test_release_deciding_resolution,test_release_resolution_evidence
internal-C19 KILLED test_release_resolution_evidence,test_release_tu_history_boundaries,test_release_tu_two_sided_boundaries
internal-C20 KILLED test_release_resolution_evidence,test_release_tu_two_sided_boundaries
internal-C21 KILLED test_release_resolution_evidence,test_release_tu_history,test_release_tu_two_sided_boundaries
internal-C22 KILLED test_release_mr_distinct_causes
internal-C23 KILLED test_release_mr_capture_span
internal-C24 KILLED test_release_mr_capture_span
internal-C25 KILLED test_release_mr_capture_span
internal-C26 KILLED test_release_mr_capture_span
internal-C27 KILLED test_release_media_reset_decrease,test_release_media_reset_intervals
internal-C28 KILLED test_release_media_reset_decrease,test_release_media_reset_intervals
internal-C29 KILLED test_release_media_reset_intervals
internal-C30 KILLED test_release_mr_eight_pdus,test_release_mr_stream_scope
internal-C31 KILLED test_release_media_reset_intervals,test_release_media_reset_window_edges,test_release_mr_distinct_causes,test_release_mr_eight_pdus
internal-C32 KILLED test_release_mr_eight_pdus
internal-C33 KILLED test_release_mr_missing_evidence
internal-C34 KILLED test_release_mr_record_boundaries
internal-C35 KILLED test_release_mr_record_boundaries
internal-C36 KILLED test_release_mr_missing_evidence
internal-C37 KILLED test_release_resolution_evidence,test_release_tu_chained_discontinuities
internal-C38 KILLED test_release_resolution_evidence
internal-C39 KILLED test_release_mr_plan_contract
internal-C40 KILLED test_release_mr_plan_contract
internal-C41 KILLED test_release_mr_plan_contract
internal-C42 KILLED test_release_tu_contract
internal-C43 KILLED test_release_tu_missing_gm_history
internal-T01 KILLED test_release_mr_plan_contract
internal-T02 KILLED test_release_mr_plan_contract
internal-T03 KILLED test_release_mr_plan_contract
internal-T04 KILLED test_release_mr_plan_contract
internal-T05 KILLED test_release_mr_plan_contract
internal-T06 KILLED test_release_mr_plan_contract
internal-T07 KILLED test_release_mr_plan_contract
internal-T08 KILLED test_release_mr_plan_contract
internal-T09 KILLED test_release_mr_plan_contract
internal-T10 KILLED test_release_mr_plan_contract
internal-T11 KILLED test_release_mr_plan_contract
internal-T12 KILLED test_release_assertion_text
internal-T13 KILLED test_release_assertion_text
internal-T14 KILLED test_release_assertion_text
internal-T15 KILLED test_release_assertion_text
internal-T16 KILLED test_release_assertion_text
internal-T17 KILLED test_release_assertion_text
internal-T18 KILLED test_release_assertion_text
internal-T19 KILLED test_release_assertion_text
internal-T20 KILLED test_release_mr_plan_contract
internal-T21 KILLED test_release_mr_plan_contract
internal-T22 KILLED test_release_assertion_text
internal-T23 KILLED test_release_assertion_text
internal-T24 KILLED test_release_mr_plan_contract
external-M01 KILLED test_release_tu_history_boundaries
external-M02 KILLED test_release_tu_history
external-M03 KILLED test_release_tu_history
external-M04 KILLED test_release_tu_history_boundaries
external-M05 KILLED test_release_tu_history,test_release_tu_history_boundaries
external-M06 KILLED test_release_tu_history,test_release_tu_history_boundaries,test_release_tu_two_sided_boundaries
external-M07 KILLED test_release_resolution_evidence,test_release_tu_history,test_release_tu_two_sided_boundaries
external-M08 KILLED test_release_tu_rise_boundary
external-M09 KILLED test_release_tu_rise_boundary
external-M10 KILLED test_release_tu_chained_discontinuities,test_release_tu_gm_minimum
external-M11 KILLED test_release_deciding_resolution,test_release_resolution_evidence,test_release_tu_two_sided_boundaries
external-M12 KILLED test_release_deciding_resolution,test_release_resolution_evidence,test_release_tu_two_sided_boundaries
external-M13 KILLED test_release_deciding_resolution,test_release_resolution_evidence
external-M14 KILLED test_release_deciding_resolution
external-M15 KILLED test_release_mr_distinct_causes
external-M16 KILLED test_release_mr_distinct_causes
external-M17 KILLED test_release_mr_gm_only
external-M18 KILLED test_release_mr_capture_span
external-M19 KILLED test_release_mr_capture_span
external-M20 KILLED test_release_mr_capture_span
external-M21 KILLED test_release_mr_capture_span
external-M22 KILLED test_release_mr_capture_span
external-M23 KILLED test_release_media_reset_decrease,test_release_media_reset_intervals
external-M24 KILLED test_release_media_reset_decrease,test_release_media_reset_intervals
external-M25 KILLED test_release_deciding_resolution,test_release_media_reset_decrease,test_release_media_reset_intervals,test_release_media_reset_no_cause,test_release_media_reset_window_edges,test_release_mr_allowed_causes,test_release_mr_capture_span,test_release_mr_distinct_causes,test_release_mr_eight_pdus,test_release_mr_gm_only,test_release_mr_missing_evidence,test_release_mr_no_cause,test_release_mr_record_boundaries,test_release_mr_resolution,test_release_mr_stream_scope
external-M26 KILLED test_release_tu_gm_minimum
external-M27 KILLED test_release_tu_history
external-M28 KILLED test_release_resolution_evidence,test_release_tu_history,test_release_tu_two_sided_boundaries
previous-R1-M01r SURVIVED 
previous-R1-M14r KILLED test_release_media_reset_decrease,test_release_media_reset_intervals
previous-R1-M26r KILLED test_release_tu_history_boundaries
previous-R1-M40r KILLED test_release_mr_distinct_causes,test_release_mr_gm_only,test_release_mr_no_cause,test_release_mr_resolution,test_release_mr_stream_scope
previous-R1-M41r KILLED test_release_mr_distinct_causes,test_release_mr_gm_only,test_release_mr_no_cause,test_release_mr_resolution,test_release_mr_stream_scope
previous-R1-M48r KILLED test_release_tu_gm_minimum,test_release_tu_history_boundaries
previous-R1-M48h KILLED test_release_tu_history_boundaries
internal-T25 KILLED test_release_assertion_text
SUMMARY killed=102 total=103
