{
  "pairs": {
    "cold": {
      "before": 1421.0935690160004,
      "after": 1370.9533814360002,
      "saved_seconds": 50.1401875800002,
      "saved_percent": 3.5282819283123263
    },
    "warm": {
      "before": 1230.268747909,
      "after": 1170.273021904999,
      "saved_seconds": 59.99572600400097,
      "saved_percent": 4.876635784333417
    }
  },
  "equivalence": {
    "head": "f36b40ddb5bf7fa5b12bba47d136e0b9d429403c",
    "cpus": [
      16,
      17,
      18,
      19,
      20,
      21,
      22,
      23
    ],
    "all_captures_identical": true,
    "all_replays_identical": true,
    "all_inputs_identical": true,
    "all_executables_identical": true,
    "all_headers_unchanged": true
  },
  "counts": {
    "sequential-cold": {
      "seconds": 1421.0935690160004,
      "checks": 10074,
      "failures": 0,
      "tallies": 16,
      "skipped": [],
      "peak_rss_kib": 2650512,
      "peak_ordinary": 1,
      "peak_exclusive": 1,
      "budget_seconds": 3600,
      "margin_seconds": 2178.9064309839996
    },
    "sequential-warm": {
      "seconds": 1230.268747909,
      "checks": 10074,
      "failures": 0,
      "tallies": 16,
      "skipped": [],
      "peak_rss_kib": 2605724,
      "peak_ordinary": 1,
      "peak_exclusive": 1,
      "budget_seconds": 3600,
      "margin_seconds": 2369.731252091
    },
    "pooled-cold": {
      "seconds": 1370.9533814360002,
      "checks": 10074,
      "failures": 0,
      "tallies": 16,
      "skipped": [],
      "peak_rss_kib": 2645188,
      "peak_ordinary": 2,
      "peak_exclusive": 1,
      "budget_seconds": 3600,
      "margin_seconds": 2229.046618564
    },
    "pooled-warm": {
      "seconds": 1170.273021904999,
      "checks": 10074,
      "failures": 0,
      "tallies": 16,
      "skipped": [],
      "peak_rss_kib": 2613576,
      "peak_ordinary": 2,
      "peak_exclusive": 1,
      "budget_seconds": 3600,
      "margin_seconds": 2429.726978095001
    }
  }
}
