2026-09-22T20:04:52.6021754Z Current runner version: '2.337.0'
2026-09-22T20:04:52.6048651Z ##[group]Runner Image Provisioner
2026-09-22T20:04:52.6049692Z Hosted Compute Agent
2026-09-22T20:04:52.6050481Z Version: 20260828.587
2026-09-22T20:04:52.6051245Z Commit: abac92662cab4cc7352de4f9f9d2e2419aad9c29
2026-09-22T20:04:52.6052132Z Build Date: 2026-08-28T16:44:25Z
2026-09-22T20:04:52.6053072Z Worker ID: {03f18451-a614-4cfd-b65a-ef6cbbe341ac}
2026-09-22T20:04:52.6053968Z Azure Region: northcentralus
2026-09-22T20:04:52.6054784Z ##[endgroup]
2026-09-22T20:04:52.6056376Z ##[group]Operating System
2026-09-22T20:04:52.6057195Z Ubuntu
2026-09-22T20:04:52.6057845Z 24.04.5
2026-09-22T20:04:52.6058545Z LTS
2026-09-22T20:04:52.6059252Z ##[endgroup]
2026-09-22T20:04:52.6059910Z ##[group]Runner Image
2026-09-22T20:04:52.6060612Z Image: ubuntu-24.04
2026-09-22T20:04:52.6061397Z Version: 20260907.300.1
2026-09-22T20:04:52.6063009Z Included Software: https://github.com/actions/runner-images/blob/ubuntu24/20260907.300/images/ubuntu/Ubuntu2404-Readme.md
2026-09-22T20:04:52.6065070Z Image Release: https://github.com/actions/runner-images/releases/tag/ubuntu24%2F20260907.300
2026-09-22T20:04:52.6066250Z ##[endgroup]
2026-09-22T20:04:52.6067829Z ##[group]GITHUB_TOKEN Permissions
2026-09-22T20:04:52.6070174Z Contents: read
2026-09-22T20:04:52.6070924Z Metadata: read
2026-09-22T20:04:52.6071613Z Packages: read
2026-09-22T20:04:52.6072319Z ##[endgroup]
2026-09-22T20:04:52.6074760Z Secret source: Actions
2026-09-22T20:04:52.6075985Z Cache mode: write
2026-09-22T20:04:52.6076781Z Prepare workflow directory
2026-09-22T20:04:52.6344590Z Prepare all required actions
2026-09-22T20:04:52.6386145Z Getting action download info
2026-09-22T20:04:52.8731357Z Download action repository 'actions/checkout@v4' (SHA:11d5960a326750d5838078e36cf38b85af677262)
2026-09-22T20:04:53.0270331Z Complete job name: wire-accountability
2026-09-22T20:04:53.0914900Z Node 20 is being deprecated. This workflow is running with Node 24 by default. If you need to temporarily use Node 20, you can set the ACTIONS_ALLOW_USE_UNSECURE_NODE_VERSION=true environment variable. For more information see: https://github.blog/changelog/2025-09-19-deprecation-of-node-20-on-github-actions-runners/
2026-09-22T20:04:53.0923095Z ##[group]Run actions/checkout@v4
2026-09-22T20:04:53.0924105Z with:
2026-09-22T20:04:53.0924671Z   repository: kebag-logic/milan-fpga
2026-09-22T20:04:53.0928254Z   token: ***
2026-09-22T20:04:53.0928618Z   ssh-strict: true
2026-09-22T20:04:53.0928972Z   ssh-user: git
2026-09-22T20:04:53.0929357Z   persist-credentials: true
2026-09-22T20:04:53.0929745Z   clean: true
2026-09-22T20:04:53.0930106Z   sparse-checkout-cone-mode: true
2026-09-22T20:04:53.0930522Z   fetch-depth: 1
2026-09-22T20:04:53.0930868Z   fetch-tags: false
2026-09-22T20:04:53.0931228Z   show-progress: true
2026-09-22T20:04:53.0931605Z   lfs: false
2026-09-22T20:04:53.0931978Z   submodules: false
2026-09-22T20:04:53.0932358Z   set-safe-directory: true
2026-09-22T20:04:53.0932975Z   allow-unsafe-pr-checkout: false
2026-09-22T20:04:53.0933713Z ##[endgroup]
2026-09-22T20:04:53.1740430Z Syncing repository: kebag-logic/milan-fpga
2026-09-22T20:04:53.1742353Z ##[group]Getting Git version info
2026-09-22T20:04:53.1743490Z Working directory is '/home/runner/work/milan-fpga/milan-fpga'
2026-09-22T20:04:53.1744828Z [command]/usr/bin/git version
2026-09-22T20:04:53.1780404Z git version 2.55.0
2026-09-22T20:04:53.1866587Z ##[endgroup]
2026-09-22T20:04:53.1872406Z Temporarily overriding HOME='/home/runner/work/_temp/2cbf3091-156a-4b47-b6d1-4d4096cc3f72' before making global git config changes
2026-09-22T20:04:53.1874430Z Adding repository directory to the temporary git global config as a safe directory
2026-09-22T20:04:53.1876025Z [command]/usr/bin/git config --global --add safe.directory /home/runner/work/milan-fpga/milan-fpga
2026-09-22T20:04:53.1878464Z Deleting the contents of '/home/runner/work/milan-fpga/milan-fpga'
2026-09-22T20:04:53.1879885Z ##[group]Initializing the repository
2026-09-22T20:04:53.1880855Z [command]/usr/bin/git init /home/runner/work/milan-fpga/milan-fpga
2026-09-22T20:04:53.1929256Z hint: Using 'master' as the name for the initial branch. This default branch name
2026-09-22T20:04:53.1930193Z hint: will change to "main" in Git 3.0. To configure the initial branch name
2026-09-22T20:04:53.1930943Z hint: to use in all of your new repositories, which will suppress this warning,
2026-09-22T20:04:53.1931654Z hint: call:
2026-09-22T20:04:53.1931985Z hint:
2026-09-22T20:04:53.1932408Z hint: 	git config --global init.defaultBranch <name>
2026-09-22T20:04:53.1933168Z hint:
2026-09-22T20:04:53.1933637Z hint: Names commonly chosen instead of 'master' are 'main', 'trunk' and
2026-09-22T20:04:53.1934366Z hint: 'development'. The just-created branch can be renamed via this command:
2026-09-22T20:04:53.1934946Z hint:
2026-09-22T20:04:53.1935279Z hint: 	git branch -m <name>
2026-09-22T20:04:53.1935684Z hint:
2026-09-22T20:04:53.1936187Z hint: Disable this message with "git config set advice.defaultBranchName false"
2026-09-22T20:04:53.1940722Z Initialized empty Git repository in /home/runner/work/milan-fpga/milan-fpga/.git/
2026-09-22T20:04:53.1948443Z [command]/usr/bin/git remote add origin https://github.com/kebag-logic/milan-fpga
2026-09-22T20:04:53.1985157Z ##[endgroup]
2026-09-22T20:04:53.1986069Z ##[group]Disabling automatic garbage collection
2026-09-22T20:04:53.1988566Z [command]/usr/bin/git config --local gc.auto 0
2026-09-22T20:04:53.2014218Z ##[endgroup]
2026-09-22T20:04:53.2015101Z ##[group]Setting up auth
2026-09-22T20:04:53.2019830Z [command]/usr/bin/git config --local --name-only --get-regexp core\.sshCommand
2026-09-22T20:04:53.2046893Z [command]/usr/bin/git submodule foreach --recursive sh -c "git config --local --name-only --get-regexp 'core\.sshCommand' && git config --local --unset-all 'core.sshCommand' || :"
2026-09-22T20:04:53.2339238Z [command]/usr/bin/git config --local --name-only --get-regexp http\.https\:\/\/github\.com\/\.extraheader
2026-09-22T20:04:53.2369952Z [command]/usr/bin/git submodule foreach --recursive sh -c "git config --local --name-only --get-regexp 'http\.https\:\/\/github\.com\/\.extraheader' && git config --local --unset-all 'http.https://github.com/.extraheader' || :"
2026-09-22T20:04:53.2566748Z [command]/usr/bin/git config --local --name-only --get-regexp ^includeIf\.gitdir:
2026-09-22T20:04:53.2598225Z [command]/usr/bin/git submodule foreach --recursive git config --local --show-origin --name-only --get-regexp remote.origin.url
2026-09-22T20:04:53.2785031Z [command]/usr/bin/git config --local http.https://github.com/.extraheader AUTHORIZATION: basic ***
2026-09-22T20:04:53.2816761Z ##[endgroup]
2026-09-22T20:04:53.2817851Z ##[group]Fetching the repository
2026-09-22T20:04:53.2825392Z [command]/usr/bin/git -c protocol.version=2 fetch --no-tags --prune --no-recurse-submodules --depth=1 origin +c9fccbee116ea39c1e7accfd76a3a41006037a92:refs/remotes/pull/519/merge
2026-09-22T20:04:54.6631973Z From https://github.com/kebag-logic/milan-fpga
2026-09-22T20:04:54.6632595Z  * [new ref]         c9fccbee116ea39c1e7accfd76a3a41006037a92 -> pull/519/merge
2026-09-22T20:04:54.6636137Z ##[endgroup]
2026-09-22T20:04:54.6636697Z ##[group]Determining the checkout info
2026-09-22T20:04:54.6637822Z ##[endgroup]
2026-09-22T20:04:54.6644558Z [command]/usr/bin/git sparse-checkout disable
2026-09-22T20:04:54.6693982Z [command]/usr/bin/git config --local --unset-all extensions.worktreeConfig
2026-09-22T20:04:54.6718897Z ##[group]Checking out the ref
2026-09-22T20:04:54.6722009Z [command]/usr/bin/git checkout --progress --force refs/remotes/pull/519/merge
2026-09-22T20:04:54.7855330Z Note: switching to 'refs/remotes/pull/519/merge'.
2026-09-22T20:04:54.7855816Z 
2026-09-22T20:04:54.7856111Z You are in 'detached HEAD' state. You can look around, make experimental
2026-09-22T20:04:54.7856815Z changes and commit them, and you can discard any commits you make in this
2026-09-22T20:04:54.7857528Z state without impacting any branches by switching back to a branch.
2026-09-22T20:04:54.7857918Z 
2026-09-22T20:04:54.7858210Z If you want to create a new branch to retain commits you create, you may
2026-09-22T20:04:54.7859090Z do so (now or later) by using -c with the switch command. Example:
2026-09-22T20:04:54.7859446Z 
2026-09-22T20:04:54.7859619Z   git switch -c <new-branch-name>
2026-09-22T20:04:54.7859871Z 
2026-09-22T20:04:54.7860032Z Or undo this operation with:
2026-09-22T20:04:54.7860278Z 
2026-09-22T20:04:54.7860411Z   git switch -
2026-09-22T20:04:54.7860615Z 
2026-09-22T20:04:54.7860918Z Turn off this advice by setting config variable advice.detachedHead to false
2026-09-22T20:04:54.7861321Z 
2026-09-22T20:04:54.7861812Z HEAD is now at c9fccbe Merge 4671e582cfa4bba4809b9e3a354ce5b6eb967f99 into 483a133ed08867ea0d300d2b4a027b5b48a4282f
2026-09-22T20:04:54.7866772Z ##[endgroup]
2026-09-22T20:04:54.7904983Z [command]/usr/bin/git log -1 --format=%H
2026-09-22T20:04:54.7927319Z c9fccbee116ea39c1e7accfd76a3a41006037a92
2026-09-22T20:04:54.8107248Z ##[group]Run git submodule update --init gptp-processor
2026-09-22T20:04:54.8107684Z [36;1mgit submodule update --init gptp-processor[0m
2026-09-22T20:04:54.8143794Z shell: /usr/bin/bash -e {0}
2026-09-22T20:04:54.8144080Z ##[endgroup]
2026-09-22T20:04:54.8387137Z Submodule 'gptp-processor' (https://github.com/Mister-M-alt/FPGA-gPTP.git) registered for path 'gptp-processor'
2026-09-22T20:04:54.8407729Z Cloning into '/home/runner/work/milan-fpga/milan-fpga/gptp-processor'...
2026-09-22T20:04:55.6759998Z Submodule path 'gptp-processor': checked out 'c1b617435824929a790739ea8585c3fe1a328cc0'
2026-09-22T20:04:55.6801021Z ##[group]Run python3 -m pip install --quiet pyyaml
2026-09-22T20:04:55.6801367Z [36;1mpython3 -m pip install --quiet pyyaml[0m
2026-09-22T20:04:55.6801701Z [36;1mpython3 scripts/check_wire_accountability.py --self-test[0m
2026-09-22T20:04:55.6835304Z shell: /usr/bin/bash -e {0}
2026-09-22T20:04:55.6835521Z ##[endgroup]
2026-09-22T20:04:56.5854921Z 
2026-09-22T20:04:56.5855127Z == endstation_arty_4x4 ==
2026-09-22T20:04:56.5855579Z   [ok]   endstation_arty_4x4: audio_interface 'tdm8' is backed = 5 pair slot(s) supplied
2026-09-22T20:04:56.5856221Z   [ok]   endstation_arty_4x4: talker 0 format 0x0205022001006000 declares 4ch, fabric emits 4ch
2026-09-22T20:04:56.5856676Z   [ok]   endstation_arty_4x4: talker 1 format 0x0205022001006000 declares 4ch, fabric emits 4ch
2026-09-22T20:04:56.5857101Z   [ok]   endstation_arty_4x4: talker 2 format 0x0205022001006000 declares 4ch, fabric emits 4ch
2026-09-22T20:04:56.5857569Z   [ok]   endstation_arty_4x4: talker 3 format 0x0205022001006000 declares 4ch, fabric emits 4ch
2026-09-22T20:04:56.5858500Z   [note] endstation_arty_4x4: source coverage 2 of 4 talkers - the front-end supplies 5 physical pair slot(s), each 4-channel talker consumes 2; talker(s) 2..3 frame SILENCE via KL_pair_zero_fill when bound (Milan v1.2 5.3.7.3). Physical backing for them is roadmap item 5.
2026-09-22T20:04:56.5859379Z   [ok]   endstation_arty_4x4: generated TALKER_WIRE_CHANS_C matches the framer = 4
2026-09-22T20:04:56.5859668Z 
2026-09-22T20:04:56.5859748Z == endstation_arty_8ch ==
2026-09-22T20:04:56.5916206Z   [ok]   endstation_arty_8ch: audio_interface 'tdm8' is backed = 5 pair slot(s) supplied
2026-09-22T20:04:56.5916964Z   [ok]   endstation_arty_8ch: talker 0 format 0x0205022002006000 declares 8ch, fabric emits 8ch
2026-09-22T20:04:56.5917653Z   [ok]   endstation_arty_8ch: talker 1 format 0x0205022002006000 declares 8ch, fabric emits 8ch
2026-09-22T20:04:56.5918441Z   [ok]   endstation_arty_8ch: talker 2 format 0x0205022002006000 declares 8ch, fabric emits 8ch
2026-09-22T20:04:56.5919128Z   [ok]   endstation_arty_8ch: talker 3 format 0x0205022002006000 declares 8ch, fabric emits 8ch
2026-09-22T20:04:56.5920450Z   [note] endstation_arty_8ch: source coverage 1 of 4 talkers - the front-end supplies 5 physical pair slot(s), each 8-channel talker consumes 4; talker(s) 1..3 frame SILENCE via KL_pair_zero_fill when bound (Milan v1.2 5.3.7.3). Physical backing for them is roadmap item 5.
2026-09-22T20:04:56.5921857Z   [ok]   endstation_arty_8ch: generated TALKER_WIRE_CHANS_C matches the framer = 8
2026-09-22T20:04:56.5922554Z 
2026-09-22T20:04:56.5922845Z == endstation_arty_current ==
2026-09-22T20:04:56.5923406Z   [ok]   endstation_arty_current: audio_interface 'i2s_philips' is backed = 1 pair slot(s) supplied
2026-09-22T20:04:56.5924193Z   [ok]   endstation_arty_current: talker 0 format 0x0205022000806000 declares 2ch, fabric emits 2ch
2026-09-22T20:04:56.5924937Z   [ok]   endstation_arty_current: all 1 advertised talker(s) have a physical source
2026-09-22T20:04:56.5925679Z   [ok]   endstation_arty_current: generated TALKER_WIRE_CHANS_C matches the framer = 2
2026-09-22T20:04:56.5926110Z 
2026-09-22T20:04:56.5926235Z == endstation_ax7101_1x1_tdm8 ==
2026-09-22T20:04:56.5926775Z   [ok]   endstation_ax7101_1x1_tdm8: audio_interface 'tdm8' is backed = 4 pair slot(s) supplied
2026-09-22T20:04:56.5927677Z   [ok]   endstation_ax7101_1x1_tdm8: talker 0 format 0x0205022002006000 declares 8ch, fabric emits 8ch
2026-09-22T20:04:56.5928468Z   [ok]   endstation_ax7101_1x1_tdm8: all 1 advertised talker(s) have a physical source
2026-09-22T20:04:56.5929179Z   [ok]   endstation_ax7101_1x1_tdm8: generated TALKER_WIRE_CHANS_C matches the framer = 8
2026-09-22T20:04:56.5929617Z 
2026-09-22T20:04:56.5929755Z == endstation_ax7101_8x8 ==
2026-09-22T20:04:56.5930207Z   [ok]   endstation_ax7101_8x8: audio_interface 'tdm32' is backed = 16 pair slot(s) supplied
2026-09-22T20:04:56.5930905Z   [ok]   endstation_ax7101_8x8: talker 0 format 0x0205022002006000 declares 8ch, fabric emits 8ch
2026-09-22T20:04:56.5931716Z   [ok]   endstation_ax7101_8x8: talker 1 format 0x0205022002006000 declares 8ch, fabric emits 8ch
2026-09-22T20:04:56.5932180Z   [ok]   endstation_ax7101_8x8: talker 2 format 0x0205022002006000 declares 8ch, fabric emits 8ch
2026-09-22T20:04:56.5932793Z   [ok]   endstation_ax7101_8x8: talker 3 format 0x0205022002006000 declares 8ch, fabric emits 8ch
2026-09-22T20:04:56.5933264Z   [ok]   endstation_ax7101_8x8: talker 4 format 0x0205022002006000 declares 8ch, fabric emits 8ch
2026-09-22T20:04:56.5933699Z   [ok]   endstation_ax7101_8x8: talker 5 format 0x0205022002006000 declares 8ch, fabric emits 8ch
2026-09-22T20:04:56.5934153Z   [ok]   endstation_ax7101_8x8: talker 6 format 0x0205022002006000 declares 8ch, fabric emits 8ch
2026-09-22T20:04:56.5934584Z   [ok]   endstation_ax7101_8x8: talker 7 format 0x0205022002006000 declares 8ch, fabric emits 8ch
2026-09-22T20:04:56.5935486Z   [note] endstation_ax7101_8x8: source coverage 4 of 8 talkers - the front-end supplies 16 physical pair slot(s), each 8-channel talker consumes 4; talker(s) 4..7 frame SILENCE via KL_pair_zero_fill when bound (Milan v1.2 5.3.7.3). Physical backing for them is roadmap item 5.
2026-09-22T20:04:56.5936312Z   [ok]   endstation_ax7101_8x8: generated TALKER_WIRE_CHANS_C matches the framer = 8
2026-09-22T20:04:56.5936549Z 
2026-09-22T20:04:56.5936643Z == the constant reaches the wire ==
2026-09-22T20:04:56.5936910Z   [ok]   milan_datapath declares TALKER_WIRE_CHANS_P (default 2)
2026-09-22T20:04:56.5937208Z   [ok]   milan_datapath passes it to KL_aaf_packetizer
2026-09-22T20:04:56.5937528Z   [ok]   KL_aaf_packetizer resets every talker's chans from the constant
2026-09-22T20:04:56.5937877Z   [ok]   milan_datapath guards the constant against the front-end supply
2026-09-22T20:04:56.5938227Z   [ok]   W5: fill covers N_STREAMS x WIRE_CHANS/2 pair slots (ZF_TOTAL_C)
2026-09-22T20:04:56.5938540Z   [ok]   W5: KL_pair_zero_fill instantiated over that span
2026-09-22T20:04:56.5938856Z   [ok]   W5: the fill grid is the AUDIO clock /512 (48.000 kHz exactly), CDC'd
2026-09-22T20:04:56.5939182Z   [ok]   W5: the packetizer bypass leg consumes the FILLED stream
2026-09-22T20:04:56.5939501Z   [ok]   W5: the 8.3b blend arm exists (KL_pair_blend, I2S = pair slot 0)
2026-09-22T20:04:56.5939706Z 
2026-09-22T20:04:56.5939809Z == self-test: the gate bites in both directions ==
2026-09-22T20:04:56.5940146Z   [ok]   arty_current (streams clean to the reference device): clean - as expected
2026-09-22T20:04:56.5940551Z   [ok]   ax7101_8x8 (W1 closed by the master, W3 closed by the fill): clean - as expected
2026-09-22T20:04:56.5941089Z   [ok]   ax7101_8x8 with the TDM master removed (the 07-27 fabric): findings - as expected
2026-09-22T20:04:56.5941473Z   [ok]   datapath with the silence fill deleted: findings - as expected
2026-09-22T20:04:56.5941776Z   self-test: PASS
2026-09-22T20:04:56.5941886Z 
2026-09-22T20:04:56.5942017Z ----------------------------------------------------------------------
2026-09-22T20:04:56.5942319Z checks: 77   findings: 0
2026-09-22T20:04:56.5942509Z RESULT: PASS
2026-09-22T20:04:56.6039450Z Node 20 is being deprecated. This workflow is running with Node 24 by default. If you need to temporarily use Node 20, you can set the ACTIONS_ALLOW_USE_UNSECURE_NODE_VERSION=true environment variable. For more information see: https://github.blog/changelog/2025-09-19-deprecation-of-node-20-on-github-actions-runners/
2026-09-22T20:04:56.6040607Z Post job cleanup.
2026-09-22T20:04:56.6703312Z [command]/usr/bin/git version
2026-09-22T20:04:56.6730325Z git version 2.55.0
2026-09-22T20:04:56.6759333Z Temporarily overriding HOME='/home/runner/work/_temp/4fb7a405-51c2-41c5-8036-b88525942c48' before making global git config changes
2026-09-22T20:04:56.6760344Z Adding repository directory to the temporary git global config as a safe directory
2026-09-22T20:04:56.6764159Z [command]/usr/bin/git config --global --add safe.directory /home/runner/work/milan-fpga/milan-fpga
2026-09-22T20:04:56.6793890Z [command]/usr/bin/git config --local --name-only --get-regexp core\.sshCommand
2026-09-22T20:04:56.6822066Z [command]/usr/bin/git submodule foreach --recursive sh -c "git config --local --name-only --get-regexp 'core\.sshCommand' && git config --local --unset-all 'core.sshCommand' || :"
2026-09-22T20:04:56.7007503Z Entering 'gptp-processor'
2026-09-22T20:04:56.7063666Z [command]/usr/bin/git config --local --name-only --get-regexp http\.https\:\/\/github\.com\/\.extraheader
2026-09-22T20:04:56.7090072Z http.https://github.com/.extraheader
2026-09-22T20:04:56.7098511Z [command]/usr/bin/git config --local --unset-all http.https://github.com/.extraheader
2026-09-22T20:04:56.7125776Z [command]/usr/bin/git submodule foreach --recursive sh -c "git config --local --name-only --get-regexp 'http\.https\:\/\/github\.com\/\.extraheader' && git config --local --unset-all 'http.https://github.com/.extraheader' || :"
2026-09-22T20:04:56.7319197Z Entering 'gptp-processor'
2026-09-22T20:04:56.7373683Z [command]/usr/bin/git config --local --name-only --get-regexp ^includeIf\.gitdir:
2026-09-22T20:04:56.7405789Z [command]/usr/bin/git submodule foreach --recursive git config --local --show-origin --name-only --get-regexp remote.origin.url
2026-09-22T20:04:56.7598131Z Entering 'gptp-processor'
2026-09-22T20:04:56.7615714Z file:/home/runner/work/milan-fpga/milan-fpga/.git/modules/gptp-processor/config	remote.origin.url
2026-09-22T20:04:56.7643162Z [command]/usr/bin/git config --file /home/runner/work/milan-fpga/milan-fpga/.git/modules/gptp-processor/config --name-only --get-regexp ^includeIf\.gitdir:
2026-09-22T20:04:56.7785852Z Cleaning up orphan processes
2026-09-22T20:04:56.8033558Z ##[warning]Node.js 20 is deprecated. The following actions target Node.js 20 but are being forced to run on Node.js 24: actions/checkout@v4. For more information see: https://github.blog/changelog/2025-09-19-deprecation-of-node-20-on-github-actions-runners/
