make: Entering directory '<PACKET>/scratch/probes/p02-wtsp-mfs-mif-swapped/tb/srp_stream_fsms'
<PINNED_SIM>/verilator --cc --exe --build -j 0 --top-module srp_walk_wrap --x-initial unique -Wall -Wno-fatal -Wno-DECLFILENAME -Wno-UNUSEDSIGNAL -Wno-WIDTHEXPAND -Wno-WIDTHTRUNC -Wno-UNUSEDPARAM -Wno-PINCONNECTEMPTY -CFLAGS "-std=c++17 -O2 -I<PACKET>/scratch/probes/p02-wtsp-mfs-mif-swapped/tb/srp_stream_fsms -Wall -Wextra" -GN_SOURCES_P=1 -GN_SINKS_P=1 \
  -CFLAGS "-DTB_SOURCES=1 -DTB_SINKS=1 -Wall -Wextra" --Mdir obj_walk_1x1 \
  ../../hdl/common/pp_pkg.sv ../../hdl/srp/srp_pkg.sv ../../hdl/srp/KL_srp_talker_fsm.sv ../../hdl/srp/KL_srp_listener_fsm.sv srp_walk_wrap.sv walk_main.cpp -o Vsrp_walk_sim
g++  -I.  -MMD -I<SIM_ROOT>/usr/share/verilator/include -I<SIM_ROOT>/usr/share/verilator/include/vltstd -DVERILATOR=1 -DVM_COVERAGE=0 -DVM_SC=0 -DVM_TIMING=0 -DVM_TRACE=0 -DVM_TRACE_FST=0 -DVM_TRACE_VCD=0 -DVM_TRACE_SAIF=0 -DVM_VPI=0 -faligned-new -fcf-protection=none -Wno-bool-operation -Wno-int-in-bool-context -Wno-shadow -Wno-sign-compare -Wno-subobject-linkage -Wno-tautological-compare -Wno-uninitialized -Wno-unused-but-set-parameter -Wno-unused-but-set-variable -Wno-unused-parameter -Wno-unused-variable    -std=c++17 -O2 -I<PACKET>/scratch/probes/p02-wtsp-mfs-mif-swapped/tb/srp_stream_fsms -Wall -Wextra -DTB_SOURCES=1 -DTB_SINKS=1 -Wall -Wextra   -Os  -c -o walk_main.o ../walk_main.cpp
g++ -Os  -I.  -MMD -I<SIM_ROOT>/usr/share/verilator/include -I<SIM_ROOT>/usr/share/verilator/include/vltstd -DVERILATOR=1 -DVM_COVERAGE=0 -DVM_SC=0 -DVM_TIMING=0 -DVM_TRACE=0 -DVM_TRACE_FST=0 -DVM_TRACE_VCD=0 -DVM_TRACE_SAIF=0 -DVM_VPI=0 -faligned-new -fcf-protection=none -Wno-bool-operation -Wno-int-in-bool-context -Wno-shadow -Wno-sign-compare -Wno-subobject-linkage -Wno-tautological-compare -Wno-uninitialized -Wno-unused-but-set-parameter -Wno-unused-but-set-variable -Wno-unused-parameter -Wno-unused-variable    -std=c++17 -O2 -I<PACKET>/scratch/probes/p02-wtsp-mfs-mif-swapped/tb/srp_stream_fsms -Wall -Wextra -DTB_SOURCES=1 -DTB_SINKS=1 -Wall -Wextra   -c -o verilated.o <SIM_ROOT>/usr/share/verilator/include/verilated.cpp
g++ -Os  -I.  -MMD -I<SIM_ROOT>/usr/share/verilator/include -I<SIM_ROOT>/usr/share/verilator/include/vltstd -DVERILATOR=1 -DVM_COVERAGE=0 -DVM_SC=0 -DVM_TIMING=0 -DVM_TRACE=0 -DVM_TRACE_FST=0 -DVM_TRACE_VCD=0 -DVM_TRACE_SAIF=0 -DVM_VPI=0 -faligned-new -fcf-protection=none -Wno-bool-operation -Wno-int-in-bool-context -Wno-shadow -Wno-sign-compare -Wno-subobject-linkage -Wno-tautological-compare -Wno-uninitialized -Wno-unused-but-set-parameter -Wno-unused-but-set-variable -Wno-unused-parameter -Wno-unused-variable    -std=c++17 -O2 -I<PACKET>/scratch/probes/p02-wtsp-mfs-mif-swapped/tb/srp_stream_fsms -Wall -Wextra -DTB_SOURCES=1 -DTB_SINKS=1 -Wall -Wextra   -c -o verilated_threads.o <SIM_ROOT>/usr/share/verilator/include/verilated_threads.cpp
python3 <SIM_ROOT>/usr/share/verilator/bin/verilator_includer -DVL_INCLUDE_OPT=include Vsrp_walk_wrap.cpp Vsrp_walk_wrap___024root__0.cpp Vsrp_walk_wrap__ConstPool__0__Slow.cpp Vsrp_walk_wrap___024root__Slow.cpp Vsrp_walk_wrap___024root__0__Slow.cpp Vsrp_walk_wrap__Syms__Slow.cpp > Vsrp_walk_wrap__ALL.cpp
g++ -Os  -I.  -MMD -I<SIM_ROOT>/usr/share/verilator/include -I<SIM_ROOT>/usr/share/verilator/include/vltstd -DVERILATOR=1 -DVM_COVERAGE=0 -DVM_SC=0 -DVM_TIMING=0 -DVM_TRACE=0 -DVM_TRACE_FST=0 -DVM_TRACE_VCD=0 -DVM_TRACE_SAIF=0 -DVM_VPI=0 -faligned-new -fcf-protection=none -Wno-bool-operation -Wno-int-in-bool-context -Wno-shadow -Wno-sign-compare -Wno-subobject-linkage -Wno-tautological-compare -Wno-uninitialized -Wno-unused-but-set-parameter -Wno-unused-but-set-variable -Wno-unused-parameter -Wno-unused-variable    -std=c++17 -O2 -I<PACKET>/scratch/probes/p02-wtsp-mfs-mif-swapped/tb/srp_stream_fsms -Wall -Wextra -DTB_SOURCES=1 -DTB_SINKS=1 -Wall -Wextra   -c -o Vsrp_walk_wrap__ALL.o Vsrp_walk_wrap__ALL.cpp
g++    walk_main.o verilated.o verilated_threads.o Vsrp_walk_wrap__ALL.a    -pthread -lpthread -latomic   -o Vsrp_walk_sim
rm Vsrp_walk_wrap__ALL.verilator_deplist.tmp
- V e r i l a t i o n   R e p o r t: Verilator 5.050 2026-07-01 rev v5.050
- Verilator: Built from 0.313 MB sources in 6 modules, into 0.225 MB in 6 C++ files needing 0.000 MB
- Verilator: Walltime 10.678 s (elab=0.015, cvt=0.050, bld=10.583); cpu 0.090 s on 16 threads; allocated 566.824 MB
./obj_walk_1x1/Vsrp_walk_sim +verilator+rand+reset+2 +verilator+seed+230
walk records: 1 sources, 1 sinks
FAIL: WK1: push 0 carries its source's declared record (type 1, stream_id 02aa..005a) [1/1]
FAIL: WK1: push 0 carries its source's declared record (type 1, stream_id 02aa..005a) [1/1]
FAIL: WK2: push 0 carries its source's declared record (type 1, stream_id 02aa..005a) [1/1]
FAIL: WK3: the close of source 0 sends one Leave of its declared record (pushes 1) [1/1]
FAIL: WK4: push 0 carries its source's declared record (type 1, stream_id 02aa..005a) [1/1]
FAIL: WK5: push 0 carries its source's declared record (type 1, stream_id 02aa..005a) [1/1]
FAIL: WK9: push 0 carries its source's declared record (type 1, stream_id 02aa..005a) [1/1]
FAIL: WK9: push 0 carries its source's declared record (type 1, stream_id 02aa..005a) [1/1]
35 checks: 27 PASS, 8 FAIL
make[1]: *** [Makefile:54: walk] Error 1
<PINNED_SIM>/verilator --cc --exe --build -j 0 --top-module srp_walk_wrap --x-initial unique -Wall -Wno-fatal -Wno-DECLFILENAME -Wno-UNUSEDSIGNAL -Wno-WIDTHEXPAND -Wno-WIDTHTRUNC -Wno-UNUSEDPARAM -Wno-PINCONNECTEMPTY -CFLAGS "-std=c++17 -O2 -I<PACKET>/scratch/probes/p02-wtsp-mfs-mif-swapped/tb/srp_stream_fsms -Wall -Wextra" -GN_SOURCES_P=2 -GN_SINKS_P=2 \
  -CFLAGS "-DTB_SOURCES=2 -DTB_SINKS=2 -Wall -Wextra" --Mdir obj_walk_2x2 \
  ../../hdl/common/pp_pkg.sv ../../hdl/srp/srp_pkg.sv ../../hdl/srp/KL_srp_talker_fsm.sv ../../hdl/srp/KL_srp_listener_fsm.sv srp_walk_wrap.sv walk_main.cpp -o Vsrp_walk_sim
g++  -I.  -MMD -I<SIM_ROOT>/usr/share/verilator/include -I<SIM_ROOT>/usr/share/verilator/include/vltstd -DVERILATOR=1 -DVM_COVERAGE=0 -DVM_SC=0 -DVM_TIMING=0 -DVM_TRACE=0 -DVM_TRACE_FST=0 -DVM_TRACE_VCD=0 -DVM_TRACE_SAIF=0 -DVM_VPI=0 -faligned-new -fcf-protection=none -Wno-bool-operation -Wno-int-in-bool-context -Wno-shadow -Wno-sign-compare -Wno-subobject-linkage -Wno-tautological-compare -Wno-uninitialized -Wno-unused-but-set-parameter -Wno-unused-but-set-variable -Wno-unused-parameter -Wno-unused-variable    -std=c++17 -O2 -I<PACKET>/scratch/probes/p02-wtsp-mfs-mif-swapped/tb/srp_stream_fsms -Wall -Wextra -DTB_SOURCES=2 -DTB_SINKS=2 -Wall -Wextra   -Os  -c -o walk_main.o ../walk_main.cpp
g++ -Os  -I.  -MMD -I<SIM_ROOT>/usr/share/verilator/include -I<SIM_ROOT>/usr/share/verilator/include/vltstd -DVERILATOR=1 -DVM_COVERAGE=0 -DVM_SC=0 -DVM_TIMING=0 -DVM_TRACE=0 -DVM_TRACE_FST=0 -DVM_TRACE_VCD=0 -DVM_TRACE_SAIF=0 -DVM_VPI=0 -faligned-new -fcf-protection=none -Wno-bool-operation -Wno-int-in-bool-context -Wno-shadow -Wno-sign-compare -Wno-subobject-linkage -Wno-tautological-compare -Wno-uninitialized -Wno-unused-but-set-parameter -Wno-unused-but-set-variable -Wno-unused-parameter -Wno-unused-variable    -std=c++17 -O2 -I<PACKET>/scratch/probes/p02-wtsp-mfs-mif-swapped/tb/srp_stream_fsms -Wall -Wextra -DTB_SOURCES=2 -DTB_SINKS=2 -Wall -Wextra   -c -o verilated.o <SIM_ROOT>/usr/share/verilator/include/verilated.cpp
g++ -Os  -I.  -MMD -I<SIM_ROOT>/usr/share/verilator/include -I<SIM_ROOT>/usr/share/verilator/include/vltstd -DVERILATOR=1 -DVM_COVERAGE=0 -DVM_SC=0 -DVM_TIMING=0 -DVM_TRACE=0 -DVM_TRACE_FST=0 -DVM_TRACE_VCD=0 -DVM_TRACE_SAIF=0 -DVM_VPI=0 -faligned-new -fcf-protection=none -Wno-bool-operation -Wno-int-in-bool-context -Wno-shadow -Wno-sign-compare -Wno-subobject-linkage -Wno-tautological-compare -Wno-uninitialized -Wno-unused-but-set-parameter -Wno-unused-but-set-variable -Wno-unused-parameter -Wno-unused-variable    -std=c++17 -O2 -I<PACKET>/scratch/probes/p02-wtsp-mfs-mif-swapped/tb/srp_stream_fsms -Wall -Wextra -DTB_SOURCES=2 -DTB_SINKS=2 -Wall -Wextra   -c -o verilated_threads.o <SIM_ROOT>/usr/share/verilator/include/verilated_threads.cpp
python3 <SIM_ROOT>/usr/share/verilator/bin/verilator_includer -DVL_INCLUDE_OPT=include Vsrp_walk_wrap.cpp Vsrp_walk_wrap___024root__0.cpp Vsrp_walk_wrap__ConstPool__0__Slow.cpp Vsrp_walk_wrap___024root__Slow.cpp Vsrp_walk_wrap___024root__0__Slow.cpp Vsrp_walk_wrap__Syms__Slow.cpp > Vsrp_walk_wrap__ALL.cpp
g++ -Os  -I.  -MMD -I<SIM_ROOT>/usr/share/verilator/include -I<SIM_ROOT>/usr/share/verilator/include/vltstd -DVERILATOR=1 -DVM_COVERAGE=0 -DVM_SC=0 -DVM_TIMING=0 -DVM_TRACE=0 -DVM_TRACE_FST=0 -DVM_TRACE_VCD=0 -DVM_TRACE_SAIF=0 -DVM_VPI=0 -faligned-new -fcf-protection=none -Wno-bool-operation -Wno-int-in-bool-context -Wno-shadow -Wno-sign-compare -Wno-subobject-linkage -Wno-tautological-compare -Wno-uninitialized -Wno-unused-but-set-parameter -Wno-unused-but-set-variable -Wno-unused-parameter -Wno-unused-variable    -std=c++17 -O2 -I<PACKET>/scratch/probes/p02-wtsp-mfs-mif-swapped/tb/srp_stream_fsms -Wall -Wextra -DTB_SOURCES=2 -DTB_SINKS=2 -Wall -Wextra   -c -o Vsrp_walk_wrap__ALL.o Vsrp_walk_wrap__ALL.cpp
g++    walk_main.o verilated.o verilated_threads.o Vsrp_walk_wrap__ALL.a    -pthread -lpthread -latomic   -o Vsrp_walk_sim
rm Vsrp_walk_wrap__ALL.verilator_deplist.tmp
- V e r i l a t i o n   R e p o r t: Verilator 5.050 2026-07-01 rev v5.050
- Verilator: Built from 0.313 MB sources in 6 modules, into 0.376 MB in 6 C++ files needing 0.000 MB
- Verilator: Walltime 15.948 s (elab=0.053, cvt=0.235, bld=15.587); cpu 0.120 s on 16 threads; allocated 695.762 MB
./obj_walk_2x2/Vsrp_walk_sim +verilator+rand+reset+2 +verilator+seed+230
walk records: 2 sources, 2 sinks
FAIL: WK1: push 0 carries its source's declared record (type 1, stream_id 02aa..005a) [2/2]
FAIL: WK1: push 1 carries its source's declared record (type 1, stream_id 02aa..015a) [2/2]
FAIL: WK1: push 0 carries its source's declared record (type 1, stream_id 02aa..005a) [2/2]
FAIL: WK1: push 1 carries its source's declared record (type 1, stream_id 02aa..015a) [2/2]
FAIL: WK2: push 0 carries its source's declared record (type 1, stream_id 02aa..005a) [2/2]
FAIL: WK2: push 1 carries its source's declared record (type 1, stream_id 02aa..015a) [2/2]
FAIL: WK3: the close of source 1 sends one Leave of its declared record (pushes 1) [2/2]
FAIL: WK4: push 0 carries its source's declared record (type 1, stream_id 02aa..005a) [2/2]
FAIL: WK4: push 1 carries its source's declared record (type 1, stream_id 02aa..015a) [2/2]
FAIL: WK5: push 0 carries its source's declared record (type 1, stream_id 02aa..015a) [2/2]
FAIL: WK9: push 0 carries its source's declared record (type 1, stream_id 02aa..005a) [2/2]
FAIL: WK9: push 1 carries its source's declared record (type 1, stream_id 02aa..015a) [2/2]
FAIL: WK9: push 0 carries its source's declared record (type 1, stream_id 02aa..005a) [2/2]
FAIL: WK9: push 1 carries its source's declared record (type 1, stream_id 02aa..015a) [2/2]
46 checks: 32 PASS, 14 FAIL
make[1]: *** [Makefile:54: walk] Error 1
<PINNED_SIM>/verilator --cc --exe --build -j 0 --top-module srp_walk_wrap --x-initial unique -Wall -Wno-fatal -Wno-DECLFILENAME -Wno-UNUSEDSIGNAL -Wno-WIDTHEXPAND -Wno-WIDTHTRUNC -Wno-UNUSEDPARAM -Wno-PINCONNECTEMPTY -CFLAGS "-std=c++17 -O2 -I<PACKET>/scratch/probes/p02-wtsp-mfs-mif-swapped/tb/srp_stream_fsms -Wall -Wextra" -GN_SOURCES_P=3 -GN_SINKS_P=5 \
  -CFLAGS "-DTB_SOURCES=3 -DTB_SINKS=5 -Wall -Wextra" --Mdir obj_walk_3x5 \
  ../../hdl/common/pp_pkg.sv ../../hdl/srp/srp_pkg.sv ../../hdl/srp/KL_srp_talker_fsm.sv ../../hdl/srp/KL_srp_listener_fsm.sv srp_walk_wrap.sv walk_main.cpp -o Vsrp_walk_sim
g++  -I.  -MMD -I<SIM_ROOT>/usr/share/verilator/include -I<SIM_ROOT>/usr/share/verilator/include/vltstd -DVERILATOR=1 -DVM_COVERAGE=0 -DVM_SC=0 -DVM_TIMING=0 -DVM_TRACE=0 -DVM_TRACE_FST=0 -DVM_TRACE_VCD=0 -DVM_TRACE_SAIF=0 -DVM_VPI=0 -faligned-new -fcf-protection=none -Wno-bool-operation -Wno-int-in-bool-context -Wno-shadow -Wno-sign-compare -Wno-subobject-linkage -Wno-tautological-compare -Wno-uninitialized -Wno-unused-but-set-parameter -Wno-unused-but-set-variable -Wno-unused-parameter -Wno-unused-variable    -std=c++17 -O2 -I<PACKET>/scratch/probes/p02-wtsp-mfs-mif-swapped/tb/srp_stream_fsms -Wall -Wextra -DTB_SOURCES=3 -DTB_SINKS=5 -Wall -Wextra   -Os  -c -o walk_main.o ../walk_main.cpp
g++ -Os  -I.  -MMD -I<SIM_ROOT>/usr/share/verilator/include -I<SIM_ROOT>/usr/share/verilator/include/vltstd -DVERILATOR=1 -DVM_COVERAGE=0 -DVM_SC=0 -DVM_TIMING=0 -DVM_TRACE=0 -DVM_TRACE_FST=0 -DVM_TRACE_VCD=0 -DVM_TRACE_SAIF=0 -DVM_VPI=0 -faligned-new -fcf-protection=none -Wno-bool-operation -Wno-int-in-bool-context -Wno-shadow -Wno-sign-compare -Wno-subobject-linkage -Wno-tautological-compare -Wno-uninitialized -Wno-unused-but-set-parameter -Wno-unused-but-set-variable -Wno-unused-parameter -Wno-unused-variable    -std=c++17 -O2 -I<PACKET>/scratch/probes/p02-wtsp-mfs-mif-swapped/tb/srp_stream_fsms -Wall -Wextra -DTB_SOURCES=3 -DTB_SINKS=5 -Wall -Wextra   -c -o verilated.o <SIM_ROOT>/usr/share/verilator/include/verilated.cpp
g++ -Os  -I.  -MMD -I<SIM_ROOT>/usr/share/verilator/include -I<SIM_ROOT>/usr/share/verilator/include/vltstd -DVERILATOR=1 -DVM_COVERAGE=0 -DVM_SC=0 -DVM_TIMING=0 -DVM_TRACE=0 -DVM_TRACE_FST=0 -DVM_TRACE_VCD=0 -DVM_TRACE_SAIF=0 -DVM_VPI=0 -faligned-new -fcf-protection=none -Wno-bool-operation -Wno-int-in-bool-context -Wno-shadow -Wno-sign-compare -Wno-subobject-linkage -Wno-tautological-compare -Wno-uninitialized -Wno-unused-but-set-parameter -Wno-unused-but-set-variable -Wno-unused-parameter -Wno-unused-variable    -std=c++17 -O2 -I<PACKET>/scratch/probes/p02-wtsp-mfs-mif-swapped/tb/srp_stream_fsms -Wall -Wextra -DTB_SOURCES=3 -DTB_SINKS=5 -Wall -Wextra   -c -o verilated_threads.o <SIM_ROOT>/usr/share/verilator/include/verilated_threads.cpp
python3 <SIM_ROOT>/usr/share/verilator/bin/verilator_includer -DVL_INCLUDE_OPT=include Vsrp_walk_wrap.cpp Vsrp_walk_wrap___024root__0.cpp Vsrp_walk_wrap__ConstPool__0__Slow.cpp Vsrp_walk_wrap___024root__Slow.cpp Vsrp_walk_wrap___024root__0__Slow.cpp Vsrp_walk_wrap__Syms__Slow.cpp > Vsrp_walk_wrap__ALL.cpp
g++ -Os  -I.  -MMD -I<SIM_ROOT>/usr/share/verilator/include -I<SIM_ROOT>/usr/share/verilator/include/vltstd -DVERILATOR=1 -DVM_COVERAGE=0 -DVM_SC=0 -DVM_TIMING=0 -DVM_TRACE=0 -DVM_TRACE_FST=0 -DVM_TRACE_VCD=0 -DVM_TRACE_SAIF=0 -DVM_VPI=0 -faligned-new -fcf-protection=none -Wno-bool-operation -Wno-int-in-bool-context -Wno-shadow -Wno-sign-compare -Wno-subobject-linkage -Wno-tautological-compare -Wno-uninitialized -Wno-unused-but-set-parameter -Wno-unused-but-set-variable -Wno-unused-parameter -Wno-unused-variable    -std=c++17 -O2 -I<PACKET>/scratch/probes/p02-wtsp-mfs-mif-swapped/tb/srp_stream_fsms -Wall -Wextra -DTB_SOURCES=3 -DTB_SINKS=5 -Wall -Wextra   -c -o Vsrp_walk_wrap__ALL.o Vsrp_walk_wrap__ALL.cpp
g++    walk_main.o verilated.o verilated_threads.o Vsrp_walk_wrap__ALL.a    -pthread -lpthread -latomic   -o Vsrp_walk_sim
rm Vsrp_walk_wrap__ALL.verilator_deplist.tmp
- V e r i l a t i o n   R e p o r t: Verilator 5.050 2026-07-01 rev v5.050
- Verilator: Built from 0.313 MB sources in 6 modules, into 0.648 MB in 6 C++ files needing 0.000 MB
- Verilator: Walltime 12.281 s (elab=0.019, cvt=0.167, bld=12.043); cpu 0.119 s on 16 threads; allocated 762.309 MB
./obj_walk_3x5/Vsrp_walk_sim +verilator+rand+reset+2 +verilator+seed+230
walk records: 3 sources, 5 sinks
FAIL: WK1: push 0 carries its source's declared record (type 1, stream_id 02aa..005a) [3/5]
FAIL: WK1: push 1 carries its source's declared record (type 1, stream_id 02aa..015a) [3/5]
FAIL: WK1: push 2 carries its source's declared record (type 1, stream_id 02aa..025a) [3/5]
FAIL: WK1: push 0 carries its source's declared record (type 1, stream_id 02aa..005a) [3/5]
FAIL: WK1: push 1 carries its source's declared record (type 1, stream_id 02aa..015a) [3/5]
FAIL: WK1: push 2 carries its source's declared record (type 1, stream_id 02aa..025a) [3/5]
FAIL: WK2: push 0 carries its source's declared record (type 1, stream_id 02aa..005a) [3/5]
FAIL: WK2: push 1 carries its source's declared record (type 1, stream_id 02aa..015a) [3/5]
FAIL: WK2: push 2 carries its source's declared record (type 1, stream_id 02aa..025a) [3/5]
FAIL: WK3: the close of source 1 sends one Leave of its declared record (pushes 1) [3/5]
FAIL: WK4: push 0 carries its source's declared record (type 1, stream_id 02aa..005a) [3/5]
FAIL: WK4: push 1 carries its source's declared record (type 1, stream_id 02aa..015a) [3/5]
FAIL: WK4: push 2 carries its source's declared record (type 1, stream_id 02aa..025a) [3/5]
FAIL: WK5: push 0 carries its source's declared record (type 1, stream_id 02aa..025a) [3/5]
FAIL: WK9: push 0 carries its source's declared record (type 1, stream_id 02aa..005a) [3/5]
FAIL: WK9: push 1 carries its source's declared record (type 1, stream_id 02aa..015a) [3/5]
FAIL: WK9: push 2 carries its source's declared record (type 1, stream_id 02aa..025a) [3/5]
FAIL: WK9: push 0 carries its source's declared record (type 1, stream_id 02aa..005a) [3/5]
FAIL: WK9: push 1 carries its source's declared record (type 1, stream_id 02aa..015a) [3/5]
FAIL: WK9: push 2 carries its source's declared record (type 1, stream_id 02aa..025a) [3/5]
67 checks: 47 PASS, 20 FAIL
make[1]: *** [Makefile:54: walk] Error 1
<PINNED_SIM>/verilator --cc --exe --build -j 0 --top-module srp_walk_wrap --x-initial unique -Wall -Wno-fatal -Wno-DECLFILENAME -Wno-UNUSEDSIGNAL -Wno-WIDTHEXPAND -Wno-WIDTHTRUNC -Wno-UNUSEDPARAM -Wno-PINCONNECTEMPTY -CFLAGS "-std=c++17 -O2 -I<PACKET>/scratch/probes/p02-wtsp-mfs-mif-swapped/tb/srp_stream_fsms -Wall -Wextra" -GN_SOURCES_P=9 -GN_SINKS_P=9 \
  -CFLAGS "-DTB_SOURCES=9 -DTB_SINKS=9 -Wall -Wextra" --Mdir obj_walk_9x9 \
  ../../hdl/common/pp_pkg.sv ../../hdl/srp/srp_pkg.sv ../../hdl/srp/KL_srp_talker_fsm.sv ../../hdl/srp/KL_srp_listener_fsm.sv srp_walk_wrap.sv walk_main.cpp -o Vsrp_walk_sim
g++  -I.  -MMD -I<SIM_ROOT>/usr/share/verilator/include -I<SIM_ROOT>/usr/share/verilator/include/vltstd -DVERILATOR=1 -DVM_COVERAGE=0 -DVM_SC=0 -DVM_TIMING=0 -DVM_TRACE=0 -DVM_TRACE_FST=0 -DVM_TRACE_VCD=0 -DVM_TRACE_SAIF=0 -DVM_VPI=0 -faligned-new -fcf-protection=none -Wno-bool-operation -Wno-int-in-bool-context -Wno-shadow -Wno-sign-compare -Wno-subobject-linkage -Wno-tautological-compare -Wno-uninitialized -Wno-unused-but-set-parameter -Wno-unused-but-set-variable -Wno-unused-parameter -Wno-unused-variable    -std=c++17 -O2 -I<PACKET>/scratch/probes/p02-wtsp-mfs-mif-swapped/tb/srp_stream_fsms -Wall -Wextra -DTB_SOURCES=9 -DTB_SINKS=9 -Wall -Wextra   -Os  -c -o walk_main.o ../walk_main.cpp
g++ -Os  -I.  -MMD -I<SIM_ROOT>/usr/share/verilator/include -I<SIM_ROOT>/usr/share/verilator/include/vltstd -DVERILATOR=1 -DVM_COVERAGE=0 -DVM_SC=0 -DVM_TIMING=0 -DVM_TRACE=0 -DVM_TRACE_FST=0 -DVM_TRACE_VCD=0 -DVM_TRACE_SAIF=0 -DVM_VPI=0 -faligned-new -fcf-protection=none -Wno-bool-operation -Wno-int-in-bool-context -Wno-shadow -Wno-sign-compare -Wno-subobject-linkage -Wno-tautological-compare -Wno-uninitialized -Wno-unused-but-set-parameter -Wno-unused-but-set-variable -Wno-unused-parameter -Wno-unused-variable    -std=c++17 -O2 -I<PACKET>/scratch/probes/p02-wtsp-mfs-mif-swapped/tb/srp_stream_fsms -Wall -Wextra -DTB_SOURCES=9 -DTB_SINKS=9 -Wall -Wextra   -c -o verilated.o <SIM_ROOT>/usr/share/verilator/include/verilated.cpp
g++ -Os  -I.  -MMD -I<SIM_ROOT>/usr/share/verilator/include -I<SIM_ROOT>/usr/share/verilator/include/vltstd -DVERILATOR=1 -DVM_COVERAGE=0 -DVM_SC=0 -DVM_TIMING=0 -DVM_TRACE=0 -DVM_TRACE_FST=0 -DVM_TRACE_VCD=0 -DVM_TRACE_SAIF=0 -DVM_VPI=0 -faligned-new -fcf-protection=none -Wno-bool-operation -Wno-int-in-bool-context -Wno-shadow -Wno-sign-compare -Wno-subobject-linkage -Wno-tautological-compare -Wno-uninitialized -Wno-unused-but-set-parameter -Wno-unused-but-set-variable -Wno-unused-parameter -Wno-unused-variable    -std=c++17 -O2 -I<PACKET>/scratch/probes/p02-wtsp-mfs-mif-swapped/tb/srp_stream_fsms -Wall -Wextra -DTB_SOURCES=9 -DTB_SINKS=9 -Wall -Wextra   -c -o verilated_threads.o <SIM_ROOT>/usr/share/verilator/include/verilated_threads.cpp
g++ -Os  -I.  -MMD -I<SIM_ROOT>/usr/share/verilator/include -I<SIM_ROOT>/usr/share/verilator/include/vltstd -DVERILATOR=1 -DVM_COVERAGE=0 -DVM_SC=0 -DVM_TIMING=0 -DVM_TRACE=0 -DVM_TRACE_FST=0 -DVM_TRACE_VCD=0 -DVM_TRACE_SAIF=0 -DVM_VPI=0 -faligned-new -fcf-protection=none -Wno-bool-operation -Wno-int-in-bool-context -Wno-shadow -Wno-sign-compare -Wno-subobject-linkage -Wno-tautological-compare -Wno-uninitialized -Wno-unused-but-set-parameter -Wno-unused-but-set-variable -Wno-unused-parameter -Wno-unused-variable    -std=c++17 -O2 -I<PACKET>/scratch/probes/p02-wtsp-mfs-mif-swapped/tb/srp_stream_fsms -Wall -Wextra -DTB_SOURCES=9 -DTB_SINKS=9 -Wall -Wextra   -x c++-header Vsrp_walk_wrap__pch.h -o Vsrp_walk_wrap__pch.h.fast.gch
g++   -I.  -MMD -I<SIM_ROOT>/usr/share/verilator/include -I<SIM_ROOT>/usr/share/verilator/include/vltstd -DVERILATOR=1 -DVM_COVERAGE=0 -DVM_SC=0 -DVM_TIMING=0 -DVM_TRACE=0 -DVM_TRACE_FST=0 -DVM_TRACE_VCD=0 -DVM_TRACE_SAIF=0 -DVM_VPI=0 -faligned-new -fcf-protection=none -Wno-bool-operation -Wno-int-in-bool-context -Wno-shadow -Wno-sign-compare -Wno-subobject-linkage -Wno-tautological-compare -Wno-uninitialized -Wno-unused-but-set-parameter -Wno-unused-but-set-variable -Wno-unused-parameter -Wno-unused-variable    -std=c++17 -O2 -I<PACKET>/scratch/probes/p02-wtsp-mfs-mif-swapped/tb/srp_stream_fsms -Wall -Wextra -DTB_SOURCES=9 -DTB_SINKS=9 -Wall -Wextra   -x c++-header Vsrp_walk_wrap__pch.h -o Vsrp_walk_wrap__pch.h.slow.gch
g++ -Os  -I.  -MMD -I<SIM_ROOT>/usr/share/verilator/include -I<SIM_ROOT>/usr/share/verilator/include/vltstd -DVERILATOR=1 -DVM_COVERAGE=0 -DVM_SC=0 -DVM_TIMING=0 -DVM_TRACE=0 -DVM_TRACE_FST=0 -DVM_TRACE_VCD=0 -DVM_TRACE_SAIF=0 -DVM_VPI=0 -faligned-new -fcf-protection=none -Wno-bool-operation -Wno-int-in-bool-context -Wno-shadow -Wno-sign-compare -Wno-subobject-linkage -Wno-tautological-compare -Wno-uninitialized -Wno-unused-but-set-parameter -Wno-unused-but-set-variable -Wno-unused-parameter -Wno-unused-variable    -std=c++17 -O2 -I<PACKET>/scratch/probes/p02-wtsp-mfs-mif-swapped/tb/srp_stream_fsms -Wall -Wextra -DTB_SOURCES=9 -DTB_SINKS=9 -Wall -Wextra   -include Vsrp_walk_wrap__pch.h.fast -c Vsrp_walk_wrap.cpp
g++ -Os  -I.  -MMD -I<SIM_ROOT>/usr/share/verilator/include -I<SIM_ROOT>/usr/share/verilator/include/vltstd -DVERILATOR=1 -DVM_COVERAGE=0 -DVM_SC=0 -DVM_TIMING=0 -DVM_TRACE=0 -DVM_TRACE_FST=0 -DVM_TRACE_VCD=0 -DVM_TRACE_SAIF=0 -DVM_VPI=0 -faligned-new -fcf-protection=none -Wno-bool-operation -Wno-int-in-bool-context -Wno-shadow -Wno-sign-compare -Wno-subobject-linkage -Wno-tautological-compare -Wno-uninitialized -Wno-unused-but-set-parameter -Wno-unused-but-set-variable -Wno-unused-parameter -Wno-unused-variable    -std=c++17 -O2 -I<PACKET>/scratch/probes/p02-wtsp-mfs-mif-swapped/tb/srp_stream_fsms -Wall -Wextra -DTB_SOURCES=9 -DTB_SINKS=9 -Wall -Wextra   -include Vsrp_walk_wrap__pch.h.fast -c Vsrp_walk_wrap___024root__0.cpp
g++ -Os  -I.  -MMD -I<SIM_ROOT>/usr/share/verilator/include -I<SIM_ROOT>/usr/share/verilator/include/vltstd -DVERILATOR=1 -DVM_COVERAGE=0 -DVM_SC=0 -DVM_TIMING=0 -DVM_TRACE=0 -DVM_TRACE_FST=0 -DVM_TRACE_VCD=0 -DVM_TRACE_SAIF=0 -DVM_VPI=0 -faligned-new -fcf-protection=none -Wno-bool-operation -Wno-int-in-bool-context -Wno-shadow -Wno-sign-compare -Wno-subobject-linkage -Wno-tautological-compare -Wno-uninitialized -Wno-unused-but-set-parameter -Wno-unused-but-set-variable -Wno-unused-parameter -Wno-unused-variable    -std=c++17 -O2 -I<PACKET>/scratch/probes/p02-wtsp-mfs-mif-swapped/tb/srp_stream_fsms -Wall -Wextra -DTB_SOURCES=9 -DTB_SINKS=9 -Wall -Wextra   -include Vsrp_walk_wrap__pch.h.fast -c Vsrp_walk_wrap___024root__1.cpp
g++   -I.  -MMD -I<SIM_ROOT>/usr/share/verilator/include -I<SIM_ROOT>/usr/share/verilator/include/vltstd -DVERILATOR=1 -DVM_COVERAGE=0 -DVM_SC=0 -DVM_TIMING=0 -DVM_TRACE=0 -DVM_TRACE_FST=0 -DVM_TRACE_VCD=0 -DVM_TRACE_SAIF=0 -DVM_VPI=0 -faligned-new -fcf-protection=none -Wno-bool-operation -Wno-int-in-bool-context -Wno-shadow -Wno-sign-compare -Wno-subobject-linkage -Wno-tautological-compare -Wno-uninitialized -Wno-unused-but-set-parameter -Wno-unused-but-set-variable -Wno-unused-parameter -Wno-unused-variable    -std=c++17 -O2 -I<PACKET>/scratch/probes/p02-wtsp-mfs-mif-swapped/tb/srp_stream_fsms -Wall -Wextra -DTB_SOURCES=9 -DTB_SINKS=9 -Wall -Wextra   -include Vsrp_walk_wrap__pch.h.slow -c Vsrp_walk_wrap__ConstPool__0__Slow.cpp
g++   -I.  -MMD -I<SIM_ROOT>/usr/share/verilator/include -I<SIM_ROOT>/usr/share/verilator/include/vltstd -DVERILATOR=1 -DVM_COVERAGE=0 -DVM_SC=0 -DVM_TIMING=0 -DVM_TRACE=0 -DVM_TRACE_FST=0 -DVM_TRACE_VCD=0 -DVM_TRACE_SAIF=0 -DVM_VPI=0 -faligned-new -fcf-protection=none -Wno-bool-operation -Wno-int-in-bool-context -Wno-shadow -Wno-sign-compare -Wno-subobject-linkage -Wno-tautological-compare -Wno-uninitialized -Wno-unused-but-set-parameter -Wno-unused-but-set-variable -Wno-unused-parameter -Wno-unused-variable    -std=c++17 -O2 -I<PACKET>/scratch/probes/p02-wtsp-mfs-mif-swapped/tb/srp_stream_fsms -Wall -Wextra -DTB_SOURCES=9 -DTB_SINKS=9 -Wall -Wextra   -include Vsrp_walk_wrap__pch.h.slow -c Vsrp_walk_wrap___024root__Slow.cpp
g++   -I.  -MMD -I<SIM_ROOT>/usr/share/verilator/include -I<SIM_ROOT>/usr/share/verilator/include/vltstd -DVERILATOR=1 -DVM_COVERAGE=0 -DVM_SC=0 -DVM_TIMING=0 -DVM_TRACE=0 -DVM_TRACE_FST=0 -DVM_TRACE_VCD=0 -DVM_TRACE_SAIF=0 -DVM_VPI=0 -faligned-new -fcf-protection=none -Wno-bool-operation -Wno-int-in-bool-context -Wno-shadow -Wno-sign-compare -Wno-subobject-linkage -Wno-tautological-compare -Wno-uninitialized -Wno-unused-but-set-parameter -Wno-unused-but-set-variable -Wno-unused-parameter -Wno-unused-variable    -std=c++17 -O2 -I<PACKET>/scratch/probes/p02-wtsp-mfs-mif-swapped/tb/srp_stream_fsms -Wall -Wextra -DTB_SOURCES=9 -DTB_SINKS=9 -Wall -Wextra   -include Vsrp_walk_wrap__pch.h.slow -c Vsrp_walk_wrap___024root__0__Slow.cpp
g++   -I.  -MMD -I<SIM_ROOT>/usr/share/verilator/include -I<SIM_ROOT>/usr/share/verilator/include/vltstd -DVERILATOR=1 -DVM_COVERAGE=0 -DVM_SC=0 -DVM_TIMING=0 -DVM_TRACE=0 -DVM_TRACE_FST=0 -DVM_TRACE_VCD=0 -DVM_TRACE_SAIF=0 -DVM_VPI=0 -faligned-new -fcf-protection=none -Wno-bool-operation -Wno-int-in-bool-context -Wno-shadow -Wno-sign-compare -Wno-subobject-linkage -Wno-tautological-compare -Wno-uninitialized -Wno-unused-but-set-parameter -Wno-unused-but-set-variable -Wno-unused-parameter -Wno-unused-variable    -std=c++17 -O2 -I<PACKET>/scratch/probes/p02-wtsp-mfs-mif-swapped/tb/srp_stream_fsms -Wall -Wextra -DTB_SOURCES=9 -DTB_SINKS=9 -Wall -Wextra   -include Vsrp_walk_wrap__pch.h.slow -c Vsrp_walk_wrap__Syms__Slow.cpp
g++    walk_main.o verilated.o verilated_threads.o Vsrp_walk_wrap__ALL.a    -pthread -lpthread -latomic   -o Vsrp_walk_sim
rm Vsrp_walk_wrap__ALL.verilator_deplist.tmp
- V e r i l a t i o n   R e p o r t: Verilator 5.050 2026-07-01 rev v5.050
- Verilator: Built from 0.313 MB sources in 6 modules, into 1.314 MB in 7 C++ files needing 0.001 MB
- Verilator: Walltime 10.979 s (elab=0.012, cvt=0.260, bld=10.621); cpu 0.346 s on 16 threads; allocated 512.285 MB
./obj_walk_9x9/Vsrp_walk_sim +verilator+rand+reset+2 +verilator+seed+230
walk records: 9 sources, 9 sinks
FAIL: WK1: push 0 carries its source's declared record (type 1, stream_id 02aa..005a) [9/9]
FAIL: WK1: push 1 carries its source's declared record (type 1, stream_id 02aa..015a) [9/9]
FAIL: WK1: push 2 carries its source's declared record (type 1, stream_id 02aa..025a) [9/9]
FAIL: WK1: push 3 carries its source's declared record (type 1, stream_id 02aa..035a) [9/9]
FAIL: WK1: push 4 carries its source's declared record (type 1, stream_id 02aa..045a) [9/9]
FAIL: WK1: push 5 carries its source's declared record (type 1, stream_id 02aa..055a) [9/9]
FAIL: WK1: push 6 carries its source's declared record (type 1, stream_id 02aa..065a) [9/9]
FAIL: WK1: push 7 carries its source's declared record (type 1, stream_id 02aa..075a) [9/9]
FAIL: WK1: push 8 carries its source's declared record (type 1, stream_id 02aa..085a) [9/9]
FAIL: WK1: push 0 carries its source's declared record (type 1, stream_id 02aa..005a) [9/9]
FAIL: WK1: push 1 carries its source's declared record (type 1, stream_id 02aa..015a) [9/9]
FAIL: WK1: push 2 carries its source's declared record (type 1, stream_id 02aa..025a) [9/9]
FAIL: WK1: push 3 carries its source's declared record (type 1, stream_id 02aa..035a) [9/9]
FAIL: WK1: push 4 carries its source's declared record (type 1, stream_id 02aa..045a) [9/9]
FAIL: WK1: push 5 carries its source's declared record (type 1, stream_id 02aa..055a) [9/9]
FAIL: WK1: push 6 carries its source's declared record (type 1, stream_id 02aa..065a) [9/9]
FAIL: WK1: push 7 carries its source's declared record (type 1, stream_id 02aa..075a) [9/9]
FAIL: WK1: push 8 carries its source's declared record (type 1, stream_id 02aa..085a) [9/9]
FAIL: WK2: push 0 carries its source's declared record (type 1, stream_id 02aa..005a) [9/9]
FAIL: WK2: push 1 carries its source's declared record (type 1, stream_id 02aa..015a) [9/9]
FAIL: WK2: push 2 carries its source's declared record (type 1, stream_id 02aa..025a) [9/9]
FAIL: WK2: push 3 carries its source's declared record (type 1, stream_id 02aa..035a) [9/9]
FAIL: WK2: push 4 carries its source's declared record (type 1, stream_id 02aa..045a) [9/9]
FAIL: WK2: push 5 carries its source's declared record (type 1, stream_id 02aa..055a) [9/9]
FAIL: WK2: push 6 carries its source's declared record (type 1, stream_id 02aa..065a) [9/9]
FAIL: WK2: push 7 carries its source's declared record (type 1, stream_id 02aa..075a) [9/9]
FAIL: WK2: push 8 carries its source's declared record (type 1, stream_id 02aa..085a) [9/9]
FAIL: WK3: the close of source 4 sends one Leave of its declared record (pushes 1) [9/9]
FAIL: WK4: push 0 carries its source's declared record (type 1, stream_id 02aa..005a) [9/9]
FAIL: WK4: push 1 carries its source's declared record (type 1, stream_id 02aa..015a) [9/9]
FAIL: WK4: push 2 carries its source's declared record (type 1, stream_id 02aa..025a) [9/9]
FAIL: WK4: push 3 carries its source's declared record (type 1, stream_id 02aa..035a) [9/9]
FAIL: WK4: push 4 carries its source's declared record (type 1, stream_id 02aa..045a) [9/9]
FAIL: WK4: push 5 carries its source's declared record (type 1, stream_id 02aa..055a) [9/9]
FAIL: WK4: push 6 carries its source's declared record (type 1, stream_id 02aa..065a) [9/9]
FAIL: WK4: push 7 carries its source's declared record (type 1, stream_id 02aa..075a) [9/9]
FAIL: WK4: push 8 carries its source's declared record (type 1, stream_id 02aa..085a) [9/9]
FAIL: WK5: push 0 carries its source's declared record (type 1, stream_id 02aa..085a) [9/9]
FAIL: WK9: push 0 carries its source's declared record (type 1, stream_id 02aa..005a) [9/9]
FAIL: WK9: push 1 carries its source's declared record (type 1, stream_id 02aa..015a) [9/9]
FAIL: WK9: push 2 carries its source's declared record (type 1, stream_id 02aa..025a) [9/9]
FAIL: WK9: push 3 carries its source's declared record (type 1, stream_id 02aa..035a) [9/9]
FAIL: WK9: push 4 carries its source's declared record (type 1, stream_id 02aa..045a) [9/9]
FAIL: WK9: push 5 carries its source's declared record (type 1, stream_id 02aa..055a) [9/9]
FAIL: WK9: push 6 carries its source's declared record (type 1, stream_id 02aa..065a) [9/9]
FAIL: WK9: push 7 carries its source's declared record (type 1, stream_id 02aa..075a) [9/9]
FAIL: WK9: push 8 carries its source's declared record (type 1, stream_id 02aa..085a) [9/9]
FAIL: WK9: push 0 carries its source's declared record (type 1, stream_id 02aa..005a) [9/9]
FAIL: WK9: push 1 carries its source's declared record (type 1, stream_id 02aa..015a) [9/9]
FAIL: WK9: push 2 carries its source's declared record (type 1, stream_id 02aa..025a) [9/9]
FAIL: WK9: push 3 carries its source's declared record (type 1, stream_id 02aa..035a) [9/9]
FAIL: WK9: push 4 carries its source's declared record (type 1, stream_id 02aa..045a) [9/9]
FAIL: WK9: push 5 carries its source's declared record (type 1, stream_id 02aa..055a) [9/9]
FAIL: WK9: push 6 carries its source's declared record (type 1, stream_id 02aa..065a) [9/9]
FAIL: WK9: push 7 carries its source's declared record (type 1, stream_id 02aa..075a) [9/9]
FAIL: WK9: push 8 carries its source's declared record (type 1, stream_id 02aa..085a) [9/9]
123 checks: 67 PASS, 56 FAIL
make[1]: *** [Makefile:54: walk] Error 1
make: *** [Makefile:40: all] Error 1
make: Leaving directory '<PACKET>/scratch/probes/p02-wtsp-mfs-mif-swapped/tb/srp_stream_fsms'
