	Command being timed: "make -C tb/verilator/mbx -j16 VERILATOR=$VALIDATION_TOOLS/pinned-verilator-5.050/verilator VBUILD_JOBS=8"
	User time (seconds): 214.80
	System time (seconds): 19.80
	Percent of CPU this job got: 738%
	Elapsed (wall clock) time (h:mm:ss or m:ss): 0:31.76
	Average shared text size (kbytes): 0
	Average unshared data size (kbytes): 0
	Average stack size (kbytes): 0
	Average total size (kbytes): 0
	Maximum resident set size (kbytes): 359772
	Average resident set size (kbytes): 0
	Major (requiring I/O) page faults: 1
	Minor (reclaiming a frame) page faults: 3684966
	Voluntary context switches: 4256
	Involuntary context switches: 55615
	Swaps: 0
	File system inputs: 0
	File system outputs: 1654816
	Socket messages sent: 0
	Socket messages received: 0
	Signals delivered: 0
	Page size (bytes): 4096
	Exit status: 0
