Copyright 1986-2022 Xilinx, Inc. All Rights Reserved. Copyright 2022-2026 Advanced Micro Devices, Inc. All Rights Reserved.
---------------------------------------------------------------------------------------------------------------------------------------------
| Tool Version : Vivado v.2026.1 (lin64) Build 6511674 Tue Jun 16 11:01:26 MDT 2026
| Date         : Sun Oct  4 15:17:17 2026
| Host         : archlinux running 64-bit unknown
| Command      : report_utilization -hierarchical -hierarchical_depth 2 -file synth_hierarchy.rpt
| Design       : alinx_ax7101
| Device       : xc7a100tfgg484-2
| Speed File   : -2
| Design State : Synthesized
---------------------------------------------------------------------------------------------------------------------------------------------

Utilization Design Information

Table of Contents
-----------------
1. Utilization by Hierarchy

1. Utilization by Hierarchy
---------------------------

+--------------------------------------------------------+--------------------------------------------------+------------+------------+---------+------+-------+--------+--------+------------+
|                        Instance                        |                      Module                      | Total LUTs | Logic LUTs | LUTRAMs | SRLs |  FFs  | RAMB36 | RAMB18 | DSP Blocks |
+--------------------------------------------------------+--------------------------------------------------+------------+------------+---------+------+-------+--------+--------+------------+
| alinx_ax7101                                           |                                            (top) |      12450 |      11676 |     630 |  144 | 13412 |     44 |     15 |          4 |
|   (alinx_ax7101)                                       |                                            (top) |       5520 |       5128 |     390 |    2 |  6621 |     44 |      9 |          0 |
|   VexiiRiscvLitex_ecbc1bb23459327ce164e08ee74fd01e     | VexiiRiscvLitex_ecbc1bb23459327ce164e08ee74fd01e |       6930 |       6548 |     240 |  142 |  6791 |      0 |      6 |          4 |
|     (VexiiRiscvLitex_ecbc1bb23459327ce164e08ee74fd01e) | VexiiRiscvLitex_ecbc1bb23459327ce164e08ee74fd01e |        790 |        790 |       0 |    0 |  1809 |      0 |      0 |          0 |
|     dma_bridge_down_arbiter_core                       |                                          Arbiter |         92 |         92 |       0 |    0 |     7 |      0 |      0 |          0 |
|     dma_bridge_read_bridge                             |                       Axi4ReadOnlyToTilelinkFull |        144 |        136 |       8 |    0 |   139 |      0 |      1 |          0 |
|     dma_bridge_write_bridge                            |                      Axi4WriteOnlyToTilelinkFull |        132 |        128 |       4 |    0 |   190 |      0 |      0 |          0 |
|     dma_filter_down_to_unified_mBus_cc                 |                                           FifoCc |        160 |         76 |      84 |    0 |   185 |      0 |      0 |          0 |
|     ioBus_to_peripheral_bus_cc                         |                                         FifoCc_1 |        293 |        205 |      88 |    0 |   185 |      0 |      0 |          0 |
|     mem_toAxi4_logic_bridge                            |                                       Axi4Bridge |        235 |        231 |       4 |    0 |   343 |      0 |      0 |          0 |
|     peripheral_bus_decoder_core                        |                                        Decoder_1 |         56 |         56 |       0 |    0 |     8 |      0 |      0 |          0 |
|     peripheral_clint_thread_core                       |                                    TilelinkClint |         75 |         75 |       0 |    0 |   208 |      0 |      0 |          0 |
|     peripheral_clint_time_cc_driver                    |                               StreamCCByToggle_1 |          3 |          3 |       0 |    0 |   136 |      0 |      0 |          0 |
|     peripheral_plic_intc_thread_logic                  |                                     TilelinkPlic |         26 |         26 |       0 |    0 |   145 |      0 |      0 |          0 |
|     peripheral_toAxiLite4_logic_bridge                 |                                   AxiLite4Bridge |        578 |        578 |       0 |    0 |   104 |      0 |      0 |          0 |
|     unified_mBus_arbiter_core                          |                                        Arbiter_1 |        112 |        112 |       0 |    0 |     8 |      0 |      0 |          0 |
|     unified_mBus_to_mem_toAxi4_up_widthAdapter         |                                     WidthAdapter |        136 |        132 |       4 |    0 |   346 |      0 |      0 |          0 |
|     vexiis_0_logic_core                                |                                       VexiiRiscv |       4049 |       3859 |      48 |  142 |  2931 |      0 |      5 |          4 |
+--------------------------------------------------------+--------------------------------------------------+------------+------------+---------+------+-------+--------+--------+------------+


