[==========] Running 12 tests from 2 test suites.
[----------] Global test environment set-up.
[----------] 11 tests from MaapHost
[ RUN      ] MaapHost.HMaapTimerCommitsAndIntervals
  H-MAAP timer 0: 30 accesses, 8300 ns from original deadline (model)
  H-MAAP timer 1: 30 accesses, 11300 ns from original deadline (model)
  H-MAAP timer 2: 56 accesses, 16600 ns from original deadline (model)
  H-MAAP timer 3: 30 accesses, 19900 ns from original deadline (model)
[       OK ] MaapHost.HMaapTimerCommitsAndIntervals (0 ms)
[ RUN      ] MaapHost.HMaapConflictLossAndRetry
  H-MAAP DEFEND: 40 accesses, 3900 ns from RX_HEAD (model)
[       OK ] MaapHost.HMaapConflictLossAndRetry (0 ms)
[ RUN      ] MaapHost.HMaapFilterTupleAndRate
[       OK ] MaapHost.HMaapFilterTupleAndRate (0 ms)
[ RUN      ] MaapHost.HMaapBacklogAndStallNeverRestartClock
[       OK ] MaapHost.HMaapBacklogAndStallNeverRestartClock (0 ms)
[ RUN      ] MaapHost.StaleTagsForeignInputsAndLinkEdges
[       OK ] MaapHost.StaleTagsForeignInputsAndLinkEdges (0 ms)
[ RUN      ] MaapHost.AttachRefusalsAndTimerWrap
[       OK ] MaapHost.AttachRefusalsAndTimerWrap (0 ms)
[ RUN      ] MaapHost.InterfaceIsolationAndRangeEnvelope
[       OK ] MaapHost.InterfaceIsolationAndRangeEnvelope (0 ms)
[ RUN      ] MaapHost.ExplicitAppComposition
[       OK ] MaapHost.ExplicitAppComposition (0 ms)
[ RUN      ] MaapHost.CallbackWorkAndEveryOutputCount
[       OK ] MaapHost.CallbackWorkAndEveryOutputCount (0 ms)
[ RUN      ] MaapHost.IgnoredInputCommitsStateWithinOriginalBudget
[       OK ] MaapHost.IgnoredInputCommitsStateWithinOriginalBudget (0 ms)
[ RUN      ] MaapHost.AcquiredRangeFeedsExistingCsrPath
[       OK ] MaapHost.AcquiredRangeFeedsExistingCsrPath (0 ms)
[----------] 11 tests from MaapHost (1 ms total)

[----------] 1 test from ReviewApp
[ RUN      ] ReviewApp.AcceptedMaapMustWakeIdleLoop
APP WAKE interfaces=1 filter=0x9 irq_enable=0x101 maap_rx_words=17 irq=0
<packet>/scripts/review_probes.cpp:20: Failure
Value of: mbx_model_irq(&model)
  Actual: false
Expected: true
accepted MAAP RX must wake the sleeping event loop

  [FAIL] ReviewApp.AcceptedMaapMustWakeIdleLoop: accepted MAAP RX must wake the sleeping event loop
[  FAILED  ] ReviewApp.AcceptedMaapMustWakeIdleLoop (0 ms)
[----------] 1 test from ReviewApp (0 ms total)

[----------] Global test environment tear-down
[==========] 12 tests from 2 test suites ran. (1 ms total)
[  PASSED  ] 11 tests.
[  FAILED  ] 1 test, listed below:
[  FAILED  ] ReviewApp.AcceptedMaapMustWakeIdleLoop

 1 FAILED TEST
== ctrl H-MAAP mailbox: checks: 12   failures: 1 ==
RESULT: FAIL
  verdict: FAIL (its tallies report 1 failure(s) across 12 checks, exit 1)