  info: INTERNAL: 2 slips in 4.268 s (beat 3.519 s); margin at the set +0.008..+1.175 ticks
  info: t=4.268000 s  CLOCK_SOURCE <- 2
  info: INTERNAL-to-AAF: LOCKED 6.657 s after the set; trim -5.812 ppm at the end
  info: slip (dup) at 3.5133 s after the set, -3.1438 s from LOCKED
  info: render recentre at 0.0427 s after the set, -6.6143 s from LOCKED
  info: render recentre at 10.7532 s after the set, +4.0962 s from LOCKED
  info: INTERNAL, last second      [   3.268,    4.268) s: ring slips 1+0, margin +0.008..+1.183 ticks; render n 8000 fill 12..13 (off-law 8000), delay 6.912..7.427 (out of band 8000), end-to-pop clearance 0.004 ticks NOT GRADABLE
  info: set to LOCKED              [   4.268,   10.925) s: ring slips 1+0, margin +0.015..+1.244 ticks; render n 53254 fill 12..14 (off-law 51926), delay 6.482..8.141 (out of band 52105), end-to-pop clearance 0.003 ticks NOT GRADABLE
  info: LOCKED to the settle       [  10.925,   15.021) s: ring slips 0+0, margin +0.545..+5.699 ticks; render n 32767 fill 12..12 (off-law 32767), delay 6.451..6.720 (out of band 32767), end-to-pop clearance 0.280 ticks
  info: settle to the hold's end   [  15.021,   44.268) s: ring slips 0+0, margin +5.545..+5.798 ticks; render n 233970 fill 14..14 (off-law 0), delay 8.448..8.701 (out of band 0), end-to-pop clearance 0.299 ticks
  info: [B8]: settle recentre fired (1 pulse(s), render recentre executed 1); slips before it 1, after it 0; after it the loopback margin +5.545..+5.798 ticks, render fill 14..14 delay 8.448..8.701, on the law
MARGINS: [B8] empty 5.544960 full 5.283840 ticks
  info: [B8]: settle recentre 10.7531 s after the start, 4.0960 s after LOCKED
ERROR-DISTRIBUTION: INTERNAL before switch window 3.768000000 4.268000000 samples 24000 axis_hz 6250000 histogram -1:25 0:23950 1:25
ERROR-DISTRIBUTION: AAF after settle window 15.021238320 44.268000000 samples 1403829 axis_hz 6250000 histogram -1:24264 0:1353892 1:25673
RESULT-645: phase 0.0000 jitter 5.0 us tail 0.0 us p 0e+00: slips set-to-settle 1 (declared bound 3), after the settle 0, margin at LOCKED +0.561..+0.814, after the settle +5.545..+5.798 ticks, LOCKED 6.66 s, settle +4.096 s after LOCKED, render after the settle fill 14..14 delay 8.448..8.701 (on the law)
  info: [B8] render law not graded: the run's arrivals are late by up to 5.0 us
  info: t=44.268000 s  CLOCK_SOURCE <- 1
  info: [SW] AAF to CRF:: LOCKED 3.009 s after; ring slips 0; margin +5.791 before the switch, +5.791 before its settle recentre
  info: [SW] AAF to CRF:           [  44.268,   64.268) s: ring slips 0+0, margin +5.537..+5.791 ticks; render n 159997 fill 14..14 (off-law 0), delay 8.448..8.701 (out of band 0), end-to-pop clearance 0.299 ticks
  info: [SW] AAF to CRF:: settle recentre fired (1 pulse(s), render recentre executed 1); slips before it 0, after it 0; after it the loopback margin +5.537..+5.791 ticks, render fill 14..14 delay 8.448..8.701, on the law
MARGINS: [SW] AAF to CRF: empty 5.537280 full 5.283840 ticks
  info: [SW] AAF to CRF:: settle recentre 7.1055 s after the start, 4.0960 s after LOCKED
ERROR-DISTRIBUTION: [SW] AAF to CRF: window 51.373638320 64.268000000 samples 618922 axis_hz 6250000 histogram -1:10076 0:599335 1:9511
RESULT-645-SW: [SW] AAF to CRF: phase 0.0000 jitter 5.0 us tail 0.0 us p 0e+00: LOCKED 3.01 s, slips 0, drift +0.000 ticks, settle +4.096 s after LOCKED, margin after +5.537..+5.791, render on the law
  info: [SW] AAF to CRF: render law not graded: the run's arrivals are late by up to 5.0 us
  info: t=64.268000 s  CLOCK_SOURCE <- 2
  info: [SW] CRF to AAF:: LOCKED 6.050 s after; ring slips 0; margin +5.791 before the switch, +5.821 before its settle recentre
  info: [SW] CRF to AAF:           [  64.268,   84.268) s: ring slips 0+0, margin +5.537..+5.821 ticks; render n 159997 fill 14..14 (off-law 0), delay 8.448..8.732 (out of band 0), end-to-pop clearance 0.268 ticks
  info: [SW] CRF to AAF:: settle recentre fired (1 pulse(s), render recentre executed 1); slips before it 0, after it 0; after it the loopback margin +5.568..+5.821 ticks, render fill 14..14 delay 8.479..8.732, on the law
MARGINS: [SW] CRF to AAF: empty 5.568000 full 5.253120 ticks
  info: [SW] CRF to AAF:: settle recentre 10.1458 s after the start, 4.0960 s after LOCKED
ERROR-DISTRIBUTION: [SW] CRF to AAF: window 74.413893520 84.268000000 samples 472992 axis_hz 6250000 histogram -1:7241 0:458338 1:7413
RESULT-645-SW: [SW] CRF to AAF: phase 0.0000 jitter 5.0 us tail 0.0 us p 0e+00: LOCKED 6.05 s, slips 0, drift +0.031 ticks, settle +4.096 s after LOCKED, margin after +5.568..+5.821, render on the law
  info: [SW] CRF to AAF: render law not graded: the run's arrivals are late by up to 5.0 us
== follow_ring: checks: 37   failures: 0 ==
RESULT: PASS
