2026-09-22T19:12:00.4568225Z Current runner version: '2.337.0'
2026-09-22T19:12:00.4596273Z ##[group]Runner Image Provisioner
2026-09-22T19:12:00.4597503Z Hosted Compute Agent
2026-09-22T19:12:00.4598261Z Version: 20260828.587
2026-09-22T19:12:00.4598957Z Commit: abac92662cab4cc7352de4f9f9d2e2419aad9c29
2026-09-22T19:12:00.4599780Z Build Date: 2026-08-28T16:44:25Z
2026-09-22T19:12:00.4600583Z Worker ID: {67116c1c-8a77-43de-89f4-43638d257af2}
2026-09-22T19:12:00.4601351Z Azure Region: eastus
2026-09-22T19:12:00.4602005Z ##[endgroup]
2026-09-22T19:12:00.4603566Z ##[group]Operating System
2026-09-22T19:12:00.4604229Z Ubuntu
2026-09-22T19:12:00.4604879Z 24.04.5
2026-09-22T19:12:00.4605465Z LTS
2026-09-22T19:12:00.4606096Z ##[endgroup]
2026-09-22T19:12:00.4606949Z ##[group]Runner Image
2026-09-22T19:12:00.4607579Z Image: ubuntu-24.04
2026-09-22T19:12:00.4608286Z Version: 20260920.314.1
2026-09-22T19:12:00.4609720Z Included Software: https://github.com/actions/runner-images/blob/ubuntu24/20260920.314/images/ubuntu/Ubuntu2404-Readme.md
2026-09-22T19:12:00.4611565Z Image Release: https://github.com/actions/runner-images/releases/tag/ubuntu24%2F20260920.314
2026-09-22T19:12:00.4612619Z ##[endgroup]
2026-09-22T19:12:00.4613962Z ##[group]GITHUB_TOKEN Permissions
2026-09-22T19:12:00.4616207Z Contents: read
2026-09-22T19:12:00.4617442Z Metadata: read
2026-09-22T19:12:00.4618090Z Packages: read
2026-09-22T19:12:00.4618885Z ##[endgroup]
2026-09-22T19:12:00.4621427Z Secret source: Actions
2026-09-22T19:12:00.4622558Z Cache mode: write
2026-09-22T19:12:00.4623310Z Prepare workflow directory
2026-09-22T19:12:00.5037651Z Prepare all required actions
2026-09-22T19:12:00.5089022Z Getting action download info
2026-09-22T19:12:00.7660619Z Download action repository 'actions/checkout@v4' (SHA:11d5960a326750d5838078e36cf38b85af677262)
2026-09-22T19:12:00.8579163Z Download action repository 'actions/download-artifact@v4' (SHA:d3f86a106a0bac45b974a628896c90dbdf5c8093)
2026-09-22T19:12:01.1203715Z Complete job name: verilator-suites
2026-09-22T19:12:01.2009740Z Node 20 is being deprecated. This workflow is running with Node 24 by default. If you need to temporarily use Node 20, you can set the ACTIONS_ALLOW_USE_UNSECURE_NODE_VERSION=true environment variable. For more information see: https://github.blog/changelog/2025-09-19-deprecation-of-node-20-on-github-actions-runners/
2026-09-22T19:12:01.2019298Z ##[group]Run actions/checkout@v4
2026-09-22T19:12:01.2020090Z with:
2026-09-22T19:12:01.2020577Z   repository: kebag-logic/milan-fpga
2026-09-22T19:12:01.2024638Z   token: ***
2026-09-22T19:12:01.2025093Z   ssh-strict: true
2026-09-22T19:12:01.2025552Z   ssh-user: git
2026-09-22T19:12:01.2026014Z   persist-credentials: true
2026-09-22T19:12:01.2026724Z   clean: true
2026-09-22T19:12:01.2027192Z   sparse-checkout-cone-mode: true
2026-09-22T19:12:01.2027742Z   fetch-depth: 1
2026-09-22T19:12:01.2028187Z   fetch-tags: false
2026-09-22T19:12:01.2028647Z   show-progress: true
2026-09-22T19:12:01.2029114Z   lfs: false
2026-09-22T19:12:01.2029600Z   submodules: false
2026-09-22T19:12:01.2030085Z   set-safe-directory: true
2026-09-22T19:12:01.2030613Z   allow-unsafe-pr-checkout: false
2026-09-22T19:12:01.2031417Z env:
2026-09-22T19:12:01.2031860Z   VERILATOR_VERSION: v5.050
2026-09-22T19:12:01.2032376Z   YOSYS_VERSION: v0.66
2026-09-22T19:12:01.2032942Z   TSN_GEN_REV: deca300c9eb4863fa13383b45ba6cb6fd0828671
2026-09-22T19:12:01.2033580Z ##[endgroup]
2026-09-22T19:12:01.3138750Z Syncing repository: kebag-logic/milan-fpga
2026-09-22T19:12:01.3141843Z ##[group]Getting Git version info
2026-09-22T19:12:01.3143328Z Working directory is '/home/runner/work/milan-fpga/milan-fpga'
2026-09-22T19:12:01.3145179Z [command]/usr/bin/git version
2026-09-22T19:12:01.3224609Z git version 2.55.0
2026-09-22T19:12:01.3249347Z ##[endgroup]
2026-09-22T19:12:01.3266391Z Temporarily overriding HOME='/home/runner/work/_temp/ba89d617-c303-4f63-ab20-e3c22ece4111' before making global git config changes
2026-09-22T19:12:01.3269134Z Adding repository directory to the temporary git global config as a safe directory
2026-09-22T19:12:01.3272687Z [command]/usr/bin/git config --global --add safe.directory /home/runner/work/milan-fpga/milan-fpga
2026-09-22T19:12:01.3327072Z Deleting the contents of '/home/runner/work/milan-fpga/milan-fpga'
2026-09-22T19:12:01.3331276Z ##[group]Initializing the repository
2026-09-22T19:12:01.3335691Z [command]/usr/bin/git init /home/runner/work/milan-fpga/milan-fpga
2026-09-22T19:12:01.3451874Z hint: Using 'master' as the name for the initial branch. This default branch name
2026-09-22T19:12:01.3454022Z hint: will change to "main" in Git 3.0. To configure the initial branch name
2026-09-22T19:12:01.3456036Z hint: to use in all of your new repositories, which will suppress this warning,
2026-09-22T19:12:01.3458045Z hint: call:
2026-09-22T19:12:01.3459240Z hint:
2026-09-22T19:12:01.3460570Z hint: 	git config --global init.defaultBranch <name>
2026-09-22T19:12:01.3462325Z hint:
2026-09-22T19:12:01.3463859Z hint: Names commonly chosen instead of 'master' are 'main', 'trunk' and
2026-09-22T19:12:01.3465773Z hint: 'development'. The just-created branch can be renamed via this command:
2026-09-22T19:12:01.3467588Z hint:
2026-09-22T19:12:01.3468589Z hint: 	git branch -m <name>
2026-09-22T19:12:01.3469638Z hint:
2026-09-22T19:12:01.3470852Z hint: Disable this message with "git config set advice.defaultBranchName false"
2026-09-22T19:12:01.3472874Z Initialized empty Git repository in /home/runner/work/milan-fpga/milan-fpga/.git/
2026-09-22T19:12:01.3476380Z [command]/usr/bin/git remote add origin https://github.com/kebag-logic/milan-fpga
2026-09-22T19:12:01.3549094Z ##[endgroup]
2026-09-22T19:12:01.3550674Z ##[group]Disabling automatic garbage collection
2026-09-22T19:12:01.3554111Z [command]/usr/bin/git config --local gc.auto 0
2026-09-22T19:12:01.3591547Z ##[endgroup]
2026-09-22T19:12:01.3592962Z ##[group]Setting up auth
2026-09-22T19:12:01.3600313Z [command]/usr/bin/git config --local --name-only --get-regexp core\.sshCommand
2026-09-22T19:12:01.3640389Z [command]/usr/bin/git submodule foreach --recursive sh -c "git config --local --name-only --get-regexp 'core\.sshCommand' && git config --local --unset-all 'core.sshCommand' || :"
2026-09-22T19:12:01.4057060Z [command]/usr/bin/git config --local --name-only --get-regexp http\.https\:\/\/github\.com\/\.extraheader
2026-09-22T19:12:01.4107655Z [command]/usr/bin/git submodule foreach --recursive sh -c "git config --local --name-only --get-regexp 'http\.https\:\/\/github\.com\/\.extraheader' && git config --local --unset-all 'http.https://github.com/.extraheader' || :"
2026-09-22T19:12:01.4365345Z [command]/usr/bin/git config --local --name-only --get-regexp ^includeIf\.gitdir:
2026-09-22T19:12:01.4405934Z [command]/usr/bin/git submodule foreach --recursive git config --local --show-origin --name-only --get-regexp remote.origin.url
2026-09-22T19:12:01.4659532Z [command]/usr/bin/git config --local http.https://github.com/.extraheader AUTHORIZATION: basic ***
2026-09-22T19:12:01.4713549Z ##[endgroup]
2026-09-22T19:12:01.4729461Z ##[group]Fetching the repository
2026-09-22T19:12:01.4731706Z [command]/usr/bin/git -c protocol.version=2 fetch --no-tags --prune --no-recurse-submodules --depth=1 origin +4d2246ba4bb7921e3f86b35a6add253fb4c15809:refs/remotes/pull/522/merge
2026-09-22T19:12:02.6150727Z From https://github.com/kebag-logic/milan-fpga
2026-09-22T19:12:02.6152469Z  * [new ref]         4d2246ba4bb7921e3f86b35a6add253fb4c15809 -> pull/522/merge
2026-09-22T19:12:02.6189113Z ##[endgroup]
2026-09-22T19:12:02.6191196Z ##[group]Determining the checkout info
2026-09-22T19:12:02.6193488Z ##[endgroup]
2026-09-22T19:12:02.6194546Z [command]/usr/bin/git sparse-checkout disable
2026-09-22T19:12:02.6240280Z [command]/usr/bin/git config --local --unset-all extensions.worktreeConfig
2026-09-22T19:12:02.6298703Z ##[group]Checking out the ref
2026-09-22T19:12:02.6302198Z [command]/usr/bin/git checkout --progress --force refs/remotes/pull/522/merge
2026-09-22T19:12:02.7721107Z Note: switching to 'refs/remotes/pull/522/merge'.
2026-09-22T19:12:02.7722045Z 
2026-09-22T19:12:02.7722922Z You are in 'detached HEAD' state. You can look around, make experimental
2026-09-22T19:12:02.7724249Z changes and commit them, and you can discard any commits you make in this
2026-09-22T19:12:02.7725594Z state without impacting any branches by switching back to a branch.
2026-09-22T19:12:02.7726359Z 
2026-09-22T19:12:02.7727302Z If you want to create a new branch to retain commits you create, you may
2026-09-22T19:12:02.7728677Z do so (now or later) by using -c with the switch command. Example:
2026-09-22T19:12:02.7729461Z 
2026-09-22T19:12:02.7729831Z   git switch -c <new-branch-name>
2026-09-22T19:12:02.7730393Z 
2026-09-22T19:12:02.7730754Z Or undo this operation with:
2026-09-22T19:12:02.7731263Z 
2026-09-22T19:12:02.7731577Z   git switch -
2026-09-22T19:12:02.7732008Z 
2026-09-22T19:12:02.7732700Z Turn off this advice by setting config variable advice.detachedHead to false
2026-09-22T19:12:02.7733722Z 
2026-09-22T19:12:02.7734889Z HEAD is now at 4d2246b Merge 28e350b99ac240a750326b762c6d029f0653362c into 483a133ed08867ea0d300d2b4a027b5b48a4282f
2026-09-22T19:12:02.7753052Z ##[endgroup]
2026-09-22T19:12:02.7803706Z [command]/usr/bin/git log -1 --format=%H
2026-09-22T19:12:02.7835057Z 4d2246ba4bb7921e3f86b35a6add253fb4c15809
2026-09-22T19:12:02.8198892Z Node 20 is being deprecated. This workflow is running with Node 24 by default. If you need to temporarily use Node 20, you can set the ACTIONS_ALLOW_USE_UNSECURE_NODE_VERSION=true environment variable. For more information see: https://github.blog/changelog/2025-09-19-deprecation-of-node-20-on-github-actions-runners/
2026-09-22T19:12:02.8204784Z ##[group]Run actions/download-artifact@v4
2026-09-22T19:12:02.8206062Z with:
2026-09-22T19:12:02.8207635Z   pattern: suite-logs-*
2026-09-22T19:12:02.8208925Z   path: /home/runner/work/_temp/all-suite-logs
2026-09-22T19:12:02.8210294Z   merge-multiple: false
2026-09-22T19:12:02.8211443Z   repository: kebag-logic/milan-fpga
2026-09-22T19:12:02.8212702Z   run-id: 35768811088
2026-09-22T19:12:02.8213737Z env:
2026-09-22T19:12:02.8292194Z   VERILATOR_VERSION: v5.050
2026-09-22T19:12:02.8294215Z   YOSYS_VERSION: v0.66
2026-09-22T19:12:02.8296055Z   TSN_GEN_REV: deca300c9eb4863fa13383b45ba6cb6fd0828671
2026-09-22T19:12:02.8298510Z ##[endgroup]
2026-09-22T19:12:03.0070524Z (node:2147) [DEP0040] DeprecationWarning: The `punycode` module is deprecated. Please use a userland alternative instead.
2026-09-22T19:12:03.0072177Z (Use `node --trace-deprecation ...` to show where the warning was created)
2026-09-22T19:12:03.1015381Z Found 9 artifact(s)
2026-09-22T19:12:03.1017447Z Filtering artifacts by pattern 'suite-logs-*'
2026-09-22T19:12:03.1040570Z Preparing to download the following artifacts:
2026-09-22T19:12:03.1042690Z - suite-logs-1 (ID: 10714240500, Size: 72391, Expected Digest: sha256:3c7e9c4a2c2129c49993a9bfa012924de2cd7d206c09476a802137358548bb99)
2026-09-22T19:12:03.1045042Z - suite-logs-0 (ID: 10713951354, Size: 38641, Expected Digest: sha256:05d608dacebd3e72615af5f3cfa5d97cc4862e638384e6afe40a203085457f09)
2026-09-22T19:12:03.1047438Z - suite-logs-4 (ID: 10713879642, Size: 170235, Expected Digest: sha256:11ec72c71b6f76689a0602d8c4d14ca245d2c7fc140ce629b260b1cf9ff4de3f)
2026-09-22T19:12:03.1051766Z - suite-logs-2 (ID: 10713730220, Size: 28150, Expected Digest: sha256:5553748001a8c934cfa6922789f795fedf9adb72d549a3573bb2b98fcf105bd1)
2026-09-22T19:12:03.1053855Z - suite-logs-3 (ID: 10713123394, Size: 42090, Expected Digest: sha256:79eb6eede91b122a21229a18f6126f6904fef5d8b446ad183c53fac2592cde06)
2026-09-22T19:12:03.2289823Z Redirecting to blob download url: https://productionresultssa19.blob.core.windows.net/actions-results/8bd9a423-2ee2-4b7b-97b3-662296125c75/workflow-job-run-56188fa8-310e-5554-9822-2613db98a183/artifacts/e76e606efc8a0e19d9993dd8c01945aab554007046b3d2e24b0a9ff263421122.zip
2026-09-22T19:12:03.2292188Z Starting download of artifact to: /home/runner/work/_temp/all-suite-logs/suite-logs-1
2026-09-22T19:12:03.2597543Z Redirecting to blob download url: https://productionresultssa19.blob.core.windows.net/actions-results/8bd9a423-2ee2-4b7b-97b3-662296125c75/workflow-job-run-4e369a38-e47e-53ad-821d-3caf68fdf810/artifacts/d367247197c1c9f39a1b8b79247ede82a5a807f1561618214c9507648806af78.zip
2026-09-22T19:12:03.2600950Z Starting download of artifact to: /home/runner/work/_temp/all-suite-logs/suite-logs-0
2026-09-22T19:12:03.2613685Z Redirecting to blob download url: https://productionresultssa19.blob.core.windows.net/actions-results/8bd9a423-2ee2-4b7b-97b3-662296125c75/workflow-job-run-29bd7a09-e883-53ac-955a-cfcb6ba898f4/artifacts/f2116aa2f94a9400a425b2130b426a9b9abb07be761c5043ed4fb94070ee083e.zip
2026-09-22T19:12:03.2616857Z Starting download of artifact to: /home/runner/work/_temp/all-suite-logs/suite-logs-3
2026-09-22T19:12:03.2645215Z Redirecting to blob download url: https://productionresultssa19.blob.core.windows.net/actions-results/8bd9a423-2ee2-4b7b-97b3-662296125c75/workflow-job-run-314f4772-b00f-58aa-9561-9c8163575399/artifacts/b14067820b53cdb5974a33c0bf92a254a57ed7a0b4e3d079678955824e7b9853.zip
2026-09-22T19:12:03.2647142Z Starting download of artifact to: /home/runner/work/_temp/all-suite-logs/suite-logs-4
2026-09-22T19:12:03.2668585Z Redirecting to blob download url: https://productionresultssa19.blob.core.windows.net/actions-results/8bd9a423-2ee2-4b7b-97b3-662296125c75/workflow-job-run-6a306a12-4b60-5c4c-a82a-ca8752aafc09/artifacts/9e7d18a52530991b2f55f22bc467c9bf2fb8912de3b9c3f0589f8fbbb6177d83.zip
2026-09-22T19:12:03.2670797Z Starting download of artifact to: /home/runner/work/_temp/all-suite-logs/suite-logs-2
2026-09-22T19:12:03.2724248Z (node:2147) [DEP0005] DeprecationWarning: Buffer() is deprecated due to security and usability issues. Please use the Buffer.alloc(), Buffer.allocUnsafe(), or Buffer.from() methods instead.
2026-09-22T19:12:03.3007900Z SHA256 digest of downloaded artifact is 3c7e9c4a2c2129c49993a9bfa012924de2cd7d206c09476a802137358548bb99
2026-09-22T19:12:03.3008889Z Artifact download completed successfully.
2026-09-22T19:12:03.3432921Z SHA256 digest of downloaded artifact is 5553748001a8c934cfa6922789f795fedf9adb72d549a3573bb2b98fcf105bd1
2026-09-22T19:12:03.3435011Z Artifact download completed successfully.
2026-09-22T19:12:03.3452977Z SHA256 digest of downloaded artifact is 05d608dacebd3e72615af5f3cfa5d97cc4862e638384e6afe40a203085457f09
2026-09-22T19:12:03.3454949Z Artifact download completed successfully.
2026-09-22T19:12:03.3458945Z SHA256 digest of downloaded artifact is 79eb6eede91b122a21229a18f6126f6904fef5d8b446ad183c53fac2592cde06
2026-09-22T19:12:03.3460171Z Artifact download completed successfully.
2026-09-22T19:12:03.3562816Z SHA256 digest of downloaded artifact is 11ec72c71b6f76689a0602d8c4d14ca245d2c7fc140ce629b260b1cf9ff4de3f
2026-09-22T19:12:03.3564543Z Artifact download completed successfully.
2026-09-22T19:12:03.3565258Z Total of 5 artifact(s) downloaded
2026-09-22T19:12:03.3568410Z Download artifact has finished successfully
2026-09-22T19:12:03.3749786Z ##[group]Run shopt -s nullglob
2026-09-22T19:12:03.3750322Z [36;1mshopt -s nullglob[0m
2026-09-22T19:12:03.3750773Z [36;1mroots=("$RUNNER_TEMP"/all-suite-logs/suite-logs-*)[0m
2026-09-22T19:12:03.3751399Z [36;1mpython3 scripts/ci_events.py --require-target-sha --expect 5 \[0m
2026-09-22T19:12:03.3751967Z [36;1m  --sha gate="$GATE_SHA" --sha run="$GITHUB_SHA" \[0m
2026-09-22T19:12:03.3752495Z [36;1m  --sha checkout="$(git rev-parse HEAD)" -- "${roots[@]}"[0m
2026-09-22T19:12:03.4007672Z shell: /usr/bin/bash -e {0}
2026-09-22T19:12:03.4008316Z env:
2026-09-22T19:12:03.4008772Z   VERILATOR_VERSION: v5.050
2026-09-22T19:12:03.4009310Z   YOSYS_VERSION: v0.66
2026-09-22T19:12:03.4009884Z   TSN_GEN_REV: deca300c9eb4863fa13383b45ba6cb6fd0828671
2026-09-22T19:12:03.4010601Z   GATE_SHA: 4d2246ba4bb7921e3f86b35a6add253fb4c15809
2026-09-22T19:12:03.4011222Z ##[endgroup]
2026-09-22T19:12:03.5182760Z   ok   suite-logs-0  4d2246ba4bb7921e3f86b35a6add253fb4c15809
2026-09-22T19:12:03.5183883Z   ok   suite-logs-1  4d2246ba4bb7921e3f86b35a6add253fb4c15809
2026-09-22T19:12:03.5184714Z   ok   suite-logs-2  4d2246ba4bb7921e3f86b35a6add253fb4c15809
2026-09-22T19:12:03.5186053Z   ok   suite-logs-3  4d2246ba4bb7921e3f86b35a6add253fb4c15809
2026-09-22T19:12:03.5187369Z   ok   suite-logs-4  4d2246ba4bb7921e3f86b35a6add253fb4c15809
2026-09-22T19:12:03.5188242Z target-sha: OK, 5 record(s) all 4d2246ba4bb7921e3f86b35a6add253fb4c15809
2026-09-22T19:12:03.5374727Z ##[group]Run shopt -s nullglob
2026-09-22T19:12:03.5375258Z [36;1mshopt -s nullglob[0m
2026-09-22T19:12:03.5375697Z [36;1mroots=("$RUNNER_TEMP"/all-suite-logs/suite-logs-*)[0m
2026-09-22T19:12:03.5376165Z [36;1mif [ "${#roots[@]}" -eq 0 ]; then[0m
2026-09-22T19:12:03.5376925Z [36;1m  mkdir -p "$RUNNER_TEMP/all-suite-logs/none"[0m
2026-09-22T19:12:03.5377420Z [36;1m  roots=("$RUNNER_TEMP/all-suite-logs/none")[0m
2026-09-22T19:12:03.5377812Z [36;1mfi[0m
2026-09-22T19:12:03.5378193Z [36;1mpython3 scripts/suite_tally.py "${roots[@]}" --quiet \[0m
2026-09-22T19:12:03.5378661Z [36;1m  --expect-suite-root tb/verilator[0m
2026-09-22T19:12:03.5444728Z shell: /usr/bin/bash -e {0}
2026-09-22T19:12:03.5445155Z env:
2026-09-22T19:12:03.5445483Z   VERILATOR_VERSION: v5.050
2026-09-22T19:12:03.5445866Z   YOSYS_VERSION: v0.66
2026-09-22T19:12:03.5446269Z   TSN_GEN_REV: deca300c9eb4863fa13383b45ba6cb6fd0828671
2026-09-22T19:12:03.5446988Z ##[endgroup]
2026-09-22T19:12:04.1397951Z checks: 2119107   in-suite failures: 0
2026-09-22T19:12:04.1537931Z ##[group]Run if [ "$SHARD_RESULT" != success ]; then
2026-09-22T19:12:04.1538460Z [36;1mif [ "$SHARD_RESULT" != success ]; then[0m
2026-09-22T19:12:04.1538896Z [36;1m  echo "one or more Verilator workers ended: $SHARD_RESULT" >&2[0m
2026-09-22T19:12:04.1539304Z [36;1m  exit 1[0m
2026-09-22T19:12:04.1539544Z [36;1mfi[0m
2026-09-22T19:12:04.1539881Z [36;1mecho "verilator-suites: every worker succeeded at $GITHUB_SHA"[0m
2026-09-22T19:12:04.1608954Z shell: /usr/bin/bash -e {0}
2026-09-22T19:12:04.1609289Z env:
2026-09-22T19:12:04.1609537Z   VERILATOR_VERSION: v5.050
2026-09-22T19:12:04.1609829Z   YOSYS_VERSION: v0.66
2026-09-22T19:12:04.1610144Z   TSN_GEN_REV: deca300c9eb4863fa13383b45ba6cb6fd0828671
2026-09-22T19:12:04.1610544Z   SHARD_RESULT: success
2026-09-22T19:12:04.1610813Z ##[endgroup]
2026-09-22T19:12:04.1709875Z verilator-suites: every worker succeeded at 4d2246ba4bb7921e3f86b35a6add253fb4c15809
2026-09-22T19:12:04.1866183Z Node 20 is being deprecated. This workflow is running with Node 24 by default. If you need to temporarily use Node 20, you can set the ACTIONS_ALLOW_USE_UNSECURE_NODE_VERSION=true environment variable. For more information see: https://github.blog/changelog/2025-09-19-deprecation-of-node-20-on-github-actions-runners/
2026-09-22T19:12:04.1867835Z Post job cleanup.
2026-09-22T19:12:04.2760833Z [command]/usr/bin/git version
2026-09-22T19:12:04.2806832Z git version 2.55.0
2026-09-22T19:12:04.2850046Z Temporarily overriding HOME='/home/runner/work/_temp/9c2a71f2-bd79-413e-b2e2-d49ce579a992' before making global git config changes
2026-09-22T19:12:04.2851579Z Adding repository directory to the temporary git global config as a safe directory
2026-09-22T19:12:04.2859714Z [command]/usr/bin/git config --global --add safe.directory /home/runner/work/milan-fpga/milan-fpga
2026-09-22T19:12:04.2908736Z [command]/usr/bin/git config --local --name-only --get-regexp core\.sshCommand
2026-09-22T19:12:04.2967305Z [command]/usr/bin/git submodule foreach --recursive sh -c "git config --local --name-only --get-regexp 'core\.sshCommand' && git config --local --unset-all 'core.sshCommand' || :"
2026-09-22T19:12:04.3232564Z [command]/usr/bin/git config --local --name-only --get-regexp http\.https\:\/\/github\.com\/\.extraheader
2026-09-22T19:12:04.3265360Z http.https://github.com/.extraheader
2026-09-22T19:12:04.3279401Z [command]/usr/bin/git config --local --unset-all http.https://github.com/.extraheader
2026-09-22T19:12:04.3324097Z [command]/usr/bin/git submodule foreach --recursive sh -c "git config --local --name-only --get-regexp 'http\.https\:\/\/github\.com\/\.extraheader' && git config --local --unset-all 'http.https://github.com/.extraheader' || :"
2026-09-22T19:12:04.3657670Z [command]/usr/bin/git config --local --name-only --get-regexp ^includeIf\.gitdir:
2026-09-22T19:12:04.3714910Z [command]/usr/bin/git submodule foreach --recursive git config --local --show-origin --name-only --get-regexp remote.origin.url
2026-09-22T19:12:04.4264799Z Cleaning up orphan processes
2026-09-22T19:12:04.4560365Z ##[warning]Node.js 20 is deprecated. The following actions target Node.js 20 but are being forced to run on Node.js 24: actions/checkout@v4, actions/download-artifact@v4. For more information see: https://github.blog/changelog/2025-09-19-deprecation-of-node-20-on-github-actions-runners/
