2026-09-22T18:41:53.7095619Z Current runner version: '2.337.0'
2026-09-22T18:41:53.7113644Z ##[group]Runner Image Provisioner
2026-09-22T18:41:53.7114368Z Hosted Compute Agent
2026-09-22T18:41:53.7114942Z Version: 20260828.587
2026-09-22T18:41:53.7115468Z Commit: abac92662cab4cc7352de4f9f9d2e2419aad9c29
2026-09-22T18:41:53.7116060Z Build Date: 2026-08-28T16:44:25Z
2026-09-22T18:41:53.7116871Z Worker ID: {adbbf0a4-b7b5-4471-b316-6993dd9dc218}
2026-09-22T18:41:53.7117475Z Azure Region: centralus
2026-09-22T18:41:53.7117984Z ##[endgroup]
2026-09-22T18:41:53.7119102Z ##[group]Operating System
2026-09-22T18:41:53.7119592Z Ubuntu
2026-09-22T18:41:53.7120046Z 24.04.5
2026-09-22T18:41:53.7120475Z LTS
2026-09-22T18:41:53.7120936Z ##[endgroup]
2026-09-22T18:41:53.7121414Z ##[group]Runner Image
2026-09-22T18:41:53.7121907Z Image: ubuntu-24.04
2026-09-22T18:41:53.7122409Z Version: 20260907.300.1
2026-09-22T18:41:53.7123465Z Included Software: https://github.com/actions/runner-images/blob/ubuntu24/20260907.300/images/ubuntu/Ubuntu2404-Readme.md
2026-09-22T18:41:53.7124714Z Image Release: https://github.com/actions/runner-images/releases/tag/ubuntu24%2F20260907.300
2026-09-22T18:41:53.7125502Z ##[endgroup]
2026-09-22T18:41:53.7126637Z ##[group]GITHUB_TOKEN Permissions
2026-09-22T18:41:53.7128291Z Contents: read
2026-09-22T18:41:53.7128811Z Metadata: read
2026-09-22T18:41:53.7129315Z Packages: read
2026-09-22T18:41:53.7129789Z ##[endgroup]
2026-09-22T18:41:53.7131388Z Secret source: Actions
2026-09-22T18:41:53.7132138Z Cache mode: write
2026-09-22T18:41:53.7132736Z Prepare workflow directory
2026-09-22T18:41:53.8476442Z Prepare all required actions
2026-09-22T18:41:53.8536383Z Getting action download info
2026-09-22T18:41:54.1400988Z Download action repository 'actions/checkout@v4' (SHA:11d5960a326750d5838078e36cf38b85af677262)
2026-09-22T18:41:54.2950659Z Download action repository 'actions/cache@v4' (SHA:0057852bfaa89a56745cba8c7296529d2fc39830)
2026-09-22T18:41:54.5417783Z Download action repository 'actions/upload-artifact@v4' (SHA:ea165f8d65b6e75b540449e92b4886f43607fa02)
2026-09-22T18:41:54.9088256Z Complete job name: Yosys shard 2/4
2026-09-22T18:41:54.9898929Z Node 20 is being deprecated. This workflow is running with Node 24 by default. If you need to temporarily use Node 20, you can set the ACTIONS_ALLOW_USE_UNSECURE_NODE_VERSION=true environment variable. For more information see: https://github.blog/changelog/2025-09-19-deprecation-of-node-20-on-github-actions-runners/
2026-09-22T18:41:54.9908320Z ##[group]Run actions/checkout@v4
2026-09-22T18:41:54.9909453Z with:
2026-09-22T18:41:54.9910306Z   repository: kebag-logic/milan-fpga
2026-09-22T18:41:54.9917876Z   token: ***
2026-09-22T18:41:54.9918649Z   ssh-strict: true
2026-09-22T18:41:54.9919475Z   ssh-user: git
2026-09-22T18:41:54.9920329Z   persist-credentials: true
2026-09-22T18:41:54.9921209Z   clean: true
2026-09-22T18:41:54.9922003Z   sparse-checkout-cone-mode: true
2026-09-22T18:41:54.9922914Z   fetch-depth: 1
2026-09-22T18:41:54.9923716Z   fetch-tags: false
2026-09-22T18:41:54.9924539Z   show-progress: true
2026-09-22T18:41:54.9925412Z   lfs: false
2026-09-22T18:41:54.9926420Z   submodules: false
2026-09-22T18:41:54.9927248Z   set-safe-directory: true
2026-09-22T18:41:54.9928163Z   allow-unsafe-pr-checkout: false
2026-09-22T18:41:54.9929318Z env:
2026-09-22T18:41:54.9930210Z   VERILATOR_VERSION: v5.050
2026-09-22T18:41:54.9931467Z   YOSYS_VERSION: v0.66
2026-09-22T18:41:54.9932878Z   TSN_GEN_REV: deca300c9eb4863fa13383b45ba6cb6fd0828671
2026-09-22T18:41:54.9934469Z ##[endgroup]
2026-09-22T18:41:55.0934355Z Syncing repository: kebag-logic/milan-fpga
2026-09-22T18:41:55.0938159Z ##[group]Getting Git version info
2026-09-22T18:41:55.0940055Z Working directory is '/home/runner/work/milan-fpga/milan-fpga'
2026-09-22T18:41:55.0943188Z [command]/usr/bin/git version
2026-09-22T18:41:55.1778569Z git version 2.55.0
2026-09-22T18:41:55.1808903Z ##[endgroup]
2026-09-22T18:41:55.1817580Z Temporarily overriding HOME='/home/runner/work/_temp/c31d234d-07a7-4f62-95e7-dacfb0256f52' before making global git config changes
2026-09-22T18:41:55.1821557Z Adding repository directory to the temporary git global config as a safe directory
2026-09-22T18:41:55.1824314Z [command]/usr/bin/git config --global --add safe.directory /home/runner/work/milan-fpga/milan-fpga
2026-09-22T18:41:55.1863482Z Deleting the contents of '/home/runner/work/milan-fpga/milan-fpga'
2026-09-22T18:41:55.1867378Z ##[group]Initializing the repository
2026-09-22T18:41:55.1870309Z [command]/usr/bin/git init /home/runner/work/milan-fpga/milan-fpga
2026-09-22T18:41:55.1972728Z hint: Using 'master' as the name for the initial branch. This default branch name
2026-09-22T18:41:55.1974592Z hint: will change to "main" in Git 3.0. To configure the initial branch name
2026-09-22T18:41:55.1976303Z hint: to use in all of your new repositories, which will suppress this warning,
2026-09-22T18:41:55.1977634Z hint: call:
2026-09-22T18:41:55.1978346Z hint:
2026-09-22T18:41:55.1979238Z hint: 	git config --global init.defaultBranch <name>
2026-09-22T18:41:55.1980368Z hint:
2026-09-22T18:41:55.1981444Z hint: Names commonly chosen instead of 'master' are 'main', 'trunk' and
2026-09-22T18:41:55.1983009Z hint: 'development'. The just-created branch can be renamed via this command:
2026-09-22T18:41:55.1984273Z hint:
2026-09-22T18:41:55.1985024Z hint: 	git branch -m <name>
2026-09-22T18:41:55.1985867Z hint:
2026-09-22T18:41:55.1987143Z hint: Disable this message with "git config set advice.defaultBranchName false"
2026-09-22T18:41:55.1989297Z Initialized empty Git repository in /home/runner/work/milan-fpga/milan-fpga/.git/
2026-09-22T18:41:55.1998001Z [command]/usr/bin/git remote add origin https://github.com/kebag-logic/milan-fpga
2026-09-22T18:41:55.2048461Z ##[endgroup]
2026-09-22T18:41:55.2050649Z ##[group]Disabling automatic garbage collection
2026-09-22T18:41:55.2052546Z [command]/usr/bin/git config --local gc.auto 0
2026-09-22T18:41:55.2076342Z ##[endgroup]
2026-09-22T18:41:55.2078164Z ##[group]Setting up auth
2026-09-22T18:41:55.2082301Z [command]/usr/bin/git config --local --name-only --get-regexp core\.sshCommand
2026-09-22T18:41:55.2109441Z [command]/usr/bin/git submodule foreach --recursive sh -c "git config --local --name-only --get-regexp 'core\.sshCommand' && git config --local --unset-all 'core.sshCommand' || :"
2026-09-22T18:41:55.2392565Z [command]/usr/bin/git config --local --name-only --get-regexp http\.https\:\/\/github\.com\/\.extraheader
2026-09-22T18:41:55.2415961Z [command]/usr/bin/git submodule foreach --recursive sh -c "git config --local --name-only --get-regexp 'http\.https\:\/\/github\.com\/\.extraheader' && git config --local --unset-all 'http.https://github.com/.extraheader' || :"
2026-09-22T18:41:55.2573095Z [command]/usr/bin/git config --local --name-only --get-regexp ^includeIf\.gitdir:
2026-09-22T18:41:55.2598258Z [command]/usr/bin/git submodule foreach --recursive git config --local --show-origin --name-only --get-regexp remote.origin.url
2026-09-22T18:41:55.2756296Z [command]/usr/bin/git config --local http.https://github.com/.extraheader AUTHORIZATION: basic ***
2026-09-22T18:41:55.2783774Z ##[endgroup]
2026-09-22T18:41:55.2787865Z ##[group]Fetching the repository
2026-09-22T18:41:55.2796903Z [command]/usr/bin/git -c protocol.version=2 fetch --no-tags --prune --no-recurse-submodules --depth=1 origin +4d2246ba4bb7921e3f86b35a6add253fb4c15809:refs/remotes/pull/522/merge
2026-09-22T18:41:56.2830664Z From https://github.com/kebag-logic/milan-fpga
2026-09-22T18:41:56.2831719Z  * [new ref]         4d2246ba4bb7921e3f86b35a6add253fb4c15809 -> pull/522/merge
2026-09-22T18:41:56.2834725Z ##[endgroup]
2026-09-22T18:41:56.2835813Z ##[group]Determining the checkout info
2026-09-22T18:41:56.2837285Z ##[endgroup]
2026-09-22T18:41:56.2843994Z [command]/usr/bin/git sparse-checkout disable
2026-09-22T18:41:56.2891184Z [command]/usr/bin/git config --local --unset-all extensions.worktreeConfig
2026-09-22T18:41:56.2924087Z ##[group]Checking out the ref
2026-09-22T18:41:56.2927120Z [command]/usr/bin/git checkout --progress --force refs/remotes/pull/522/merge
2026-09-22T18:41:56.4168468Z Note: switching to 'refs/remotes/pull/522/merge'.
2026-09-22T18:41:56.4169311Z 
2026-09-22T18:41:56.4170017Z You are in 'detached HEAD' state. You can look around, make experimental
2026-09-22T18:41:56.4171034Z changes and commit them, and you can discard any commits you make in this
2026-09-22T18:41:56.4172358Z state without impacting any branches by switching back to a branch.
2026-09-22T18:41:56.4172775Z 
2026-09-22T18:41:56.4173201Z If you want to create a new branch to retain commits you create, you may
2026-09-22T18:41:56.4174019Z do so (now or later) by using -c with the switch command. Example:
2026-09-22T18:41:56.4174592Z 
2026-09-22T18:41:56.4174911Z   git switch -c <new-branch-name>
2026-09-22T18:41:56.4175372Z 
2026-09-22T18:41:56.4175721Z Or undo this operation with:
2026-09-22T18:41:56.4176273Z 
2026-09-22T18:41:56.4176689Z   git switch -
2026-09-22T18:41:56.4177051Z 
2026-09-22T18:41:56.4177573Z Turn off this advice by setting config variable advice.detachedHead to false
2026-09-22T18:41:56.4178176Z 
2026-09-22T18:41:56.4178931Z HEAD is now at 4d2246b Merge 28e350b99ac240a750326b762c6d029f0653362c into 483a133ed08867ea0d300d2b4a027b5b48a4282f
2026-09-22T18:41:56.4181649Z ##[endgroup]
2026-09-22T18:41:56.4213122Z [command]/usr/bin/git log -1 --format=%H
2026-09-22T18:41:56.4233114Z 4d2246ba4bb7921e3f86b35a6add253fb4c15809
2026-09-22T18:41:56.4417840Z ##[group]Run git submodule update --init third_party/verilog-axis protocol-processor gptp-processor
2026-09-22T18:41:56.4418942Z [36;1mgit submodule update --init third_party/verilog-axis protocol-processor gptp-processor[0m
2026-09-22T18:41:56.4444650Z shell: /usr/bin/bash -e {0}
2026-09-22T18:41:56.4445180Z env:
2026-09-22T18:41:56.4445621Z   VERILATOR_VERSION: v5.050
2026-09-22T18:41:56.4446244Z   YOSYS_VERSION: v0.66
2026-09-22T18:41:56.4446764Z   TSN_GEN_REV: deca300c9eb4863fa13383b45ba6cb6fd0828671
2026-09-22T18:41:56.4447311Z ##[endgroup]
2026-09-22T18:41:56.4661418Z Submodule 'gptp-processor' (https://github.com/Mister-M-alt/FPGA-gPTP.git) registered for path 'gptp-processor'
2026-09-22T18:41:56.4663446Z Submodule 'protocol-processor' (https://github.com/Mister-M-alt/protocol-processor-control-plane-avb-milan.git) registered for path 'protocol-processor'
2026-09-22T18:41:56.4779798Z Submodule 'third_party/verilog-axis' (https://github.com/alexforencich/verilog-axis) registered for path 'third_party/verilog-axis'
2026-09-22T18:41:56.4798887Z Cloning into '/home/runner/work/milan-fpga/milan-fpga/gptp-processor'...
2026-09-22T18:41:57.3261458Z Cloning into '/home/runner/work/milan-fpga/milan-fpga/protocol-processor'...
2026-09-22T18:41:58.5192928Z Cloning into '/home/runner/work/milan-fpga/milan-fpga/third_party/verilog-axis'...
2026-09-22T18:41:59.1927447Z Submodule path 'gptp-processor': checked out 'c1b617435824929a790739ea8585c3fe1a328cc0'
2026-09-22T18:41:59.2415018Z Submodule path 'protocol-processor': checked out '424c688fa2205b934a7689a58f2aa766420f2326'
2026-09-22T18:41:59.2530969Z Submodule path 'third_party/verilog-axis': checked out '48ff7a7e2ef782cf778d47910cf85835c64b1bce'
2026-09-22T18:41:59.2575704Z ##[group]Run set -euo pipefail
2026-09-22T18:41:59.2576057Z [36;1mset -euo pipefail[0m
2026-09-22T18:41:59.2576621Z [36;1mhead="$(git rev-parse HEAD)"[0m
2026-09-22T18:41:59.2577030Z [36;1mif [ "$head" != "$GITHUB_SHA" ] || [ "$GITHUB_SHA" != "$TARGET_SHA" ]; then[0m
2026-09-22T18:41:59.2577558Z [36;1m  echo "checkout $head, GITHUB_SHA $GITHUB_SHA and gate target $TARGET_SHA must be one SHA" >&2[0m
2026-09-22T18:41:59.2578032Z [36;1m  exit 1[0m
2026-09-22T18:41:59.2578262Z [36;1mfi[0m
2026-09-22T18:41:59.2578577Z [36;1mmkdir -p "$RUNNER_TEMP/yosys-results"[0m
2026-09-22T18:41:59.2578996Z [36;1mprintf '%s\n' "$GITHUB_SHA" > "$RUNNER_TEMP/yosys-results/TARGET_SHA"[0m
2026-09-22T18:41:59.2579389Z [36;1mecho "target_sha=$GITHUB_SHA"[0m
2026-09-22T18:41:59.2599676Z shell: /usr/bin/bash -e {0}
2026-09-22T18:41:59.2600030Z env:
2026-09-22T18:41:59.2600317Z   VERILATOR_VERSION: v5.050
2026-09-22T18:41:59.2600608Z   YOSYS_VERSION: v0.66
2026-09-22T18:41:59.2601134Z   TSN_GEN_REV: deca300c9eb4863fa13383b45ba6cb6fd0828671
2026-09-22T18:41:59.2601506Z   TARGET_SHA: 4d2246ba4bb7921e3f86b35a6add253fb4c15809
2026-09-22T18:41:59.2601877Z ##[endgroup]
2026-09-22T18:41:59.2657966Z target_sha=4d2246ba4bb7921e3f86b35a6add253fb4c15809
2026-09-22T18:41:59.2734243Z Node 20 is being deprecated. This workflow is running with Node 24 by default. If you need to temporarily use Node 20, you can set the ACTIONS_ALLOW_USE_UNSECURE_NODE_VERSION=true environment variable. For more information see: https://github.blog/changelog/2025-09-19-deprecation-of-node-20-on-github-actions-runners/
2026-09-22T18:41:59.2735684Z ##[group]Run actions/cache@v4
2026-09-22T18:41:59.2736019Z with:
2026-09-22T18:41:59.2736467Z   path: /opt/yosys
2026-09-22T18:41:59.2736734Z   key: yosys-v0.66-Linux
2026-09-22T18:41:59.2737051Z   enableCrossOsArchive: false
2026-09-22T18:41:59.2737369Z   fail-on-cache-miss: false
2026-09-22T18:41:59.2737667Z   lookup-only: false
2026-09-22T18:41:59.2737983Z   save-always: false
2026-09-22T18:41:59.2738231Z env:
2026-09-22T18:41:59.2738494Z   VERILATOR_VERSION: v5.050
2026-09-22T18:41:59.2738789Z   YOSYS_VERSION: v0.66
2026-09-22T18:41:59.2739123Z   TSN_GEN_REV: deca300c9eb4863fa13383b45ba6cb6fd0828671
2026-09-22T18:41:59.2739512Z ##[endgroup]
2026-09-22T18:41:59.3623219Z (node:2097) [DEP0040] DeprecationWarning: The `punycode` module is deprecated. Please use a userland alternative instead.
2026-09-22T18:41:59.3623984Z (Use `node --trace-deprecation ...` to show where the warning was created)
2026-09-22T18:41:59.5502088Z Cache hit for: yosys-v0.66-Linux
2026-09-22T18:41:59.5586096Z (node:2097) [DEP0169] DeprecationWarning: `url.parse()` behavior is not standardized and prone to errors that have security implications. Use the WHATWG URL API instead. CVEs are not issued for `url.parse()` vulnerabilities.
2026-09-22T18:42:00.3029351Z Received 19685025 of 19685025 (100.0%), 29.7 MBs/sec
2026-09-22T18:42:00.3029900Z Cache Size: ~19 MB (19685025 B)
2026-09-22T18:42:00.3050148Z [command]/usr/bin/tar -xf /home/runner/work/_temp/19922418-5684-467e-81ab-4bd839ac801d/cache.tzst -P -C /home/runner/work/milan-fpga/milan-fpga --use-compress-program unzstd
2026-09-22T18:42:00.4735258Z Cache restored successfully
2026-09-22T18:42:00.4839741Z Cache restored from key: yosys-v0.66-Linux
2026-09-22T18:42:00.4981144Z ##[group]Run set -euo pipefail
2026-09-22T18:42:00.4981495Z [36;1mset -euo pipefail[0m
2026-09-22T18:42:00.4981859Z [36;1msudo apt-get update -qq[0m
2026-09-22T18:42:00.4982247Z [36;1msudo apt-get install -y --no-install-recommends libjemalloc2[0m
2026-09-22T18:42:00.4982713Z [36;1msudo ln -sf /opt/yosys/bin/yosys /opt/yosys/bin/yosys-abc /usr/local/bin/[0m
2026-09-22T18:42:00.4983152Z [36;1mtest -x /opt/yosys/bin/yosys-abc[0m
2026-09-22T18:42:00.4983534Z [36;1mecho "bundled ABC: $(cat /opt/yosys/ABC_REV)"[0m
2026-09-22T18:42:00.4983892Z [36;1myosys -V[0m
2026-09-22T18:42:00.4984187Z [36;1myosys -V | grep -F "Yosys ${YOSYS_VERSION#v}"[0m
2026-09-22T18:42:00.5004364Z shell: /usr/bin/bash -e {0}
2026-09-22T18:42:00.5004691Z env:
2026-09-22T18:42:00.5005034Z   VERILATOR_VERSION: v5.050
2026-09-22T18:42:00.5005328Z   YOSYS_VERSION: v0.66
2026-09-22T18:42:00.5005653Z   TSN_GEN_REV: deca300c9eb4863fa13383b45ba6cb6fd0828671
2026-09-22T18:42:00.5006040Z ##[endgroup]
2026-09-22T18:42:06.7391263Z Reading package lists...
2026-09-22T18:42:06.8615385Z Building dependency tree...
2026-09-22T18:42:06.8619760Z Reading state information...
2026-09-22T18:42:07.0125306Z The following NEW packages will be installed:
2026-09-22T18:42:07.0129904Z   libjemalloc2
2026-09-22T18:42:07.0269718Z 0 upgraded, 1 newly installed, 0 to remove and 88 not upgraded.
2026-09-22T18:42:07.0270347Z Need to get 256 kB of archives.
2026-09-22T18:42:07.0270824Z After this operation, 859 kB of additional disk space will be used.
2026-09-22T18:42:07.0271272Z Get:1 file:/etc/apt/apt-mirrors.txt Mirrorlist [144 B]
2026-09-22T18:42:07.0907773Z Get:2 http://azure.archive.ubuntu.com/ubuntu noble/universe amd64 libjemalloc2 amd64 5.3.0-2build1 [256 kB]
2026-09-22T18:42:07.3257242Z Fetched 256 kB in 0s (3520 kB/s)
2026-09-22T18:42:07.3570985Z Selecting previously unselected package libjemalloc2:amd64.
2026-09-22T18:42:07.3735451Z (Reading database ... 
2026-09-22T18:42:07.3736063Z (Reading database ... 5%
2026-09-22T18:42:07.3736760Z (Reading database ... 10%
2026-09-22T18:42:07.3737190Z (Reading database ... 15%
2026-09-22T18:42:07.3737632Z (Reading database ... 20%
2026-09-22T18:42:07.3737959Z (Reading database ... 25%
2026-09-22T18:42:07.3738322Z (Reading database ... 30%
2026-09-22T18:42:07.3738652Z (Reading database ... 35%
2026-09-22T18:42:07.3738971Z (Reading database ... 40%
2026-09-22T18:42:07.3739304Z (Reading database ... 45%
2026-09-22T18:42:07.3739603Z (Reading database ... 50%
2026-09-22T18:42:07.3816644Z (Reading database ... 55%
2026-09-22T18:42:07.5009288Z (Reading database ... 60%
2026-09-22T18:42:07.6663309Z (Reading database ... 65%
2026-09-22T18:42:07.8450697Z (Reading database ... 70%
2026-09-22T18:42:07.9608136Z (Reading database ... 75%
2026-09-22T18:42:08.1259006Z (Reading database ... 80%
2026-09-22T18:42:08.2652145Z (Reading database ... 85%
2026-09-22T18:42:08.4170212Z (Reading database ... 90%
2026-09-22T18:42:08.5237113Z (Reading database ... 95%
2026-09-22T18:42:08.5238018Z (Reading database ... 100%
2026-09-22T18:42:08.5238704Z (Reading database ... 201818 files and directories currently installed.)
2026-09-22T18:42:08.5278893Z Preparing to unpack .../libjemalloc2_5.3.0-2build1_amd64.deb ...
2026-09-22T18:42:08.5404976Z Unpacking libjemalloc2:amd64 (5.3.0-2build1) ...
2026-09-22T18:42:08.5862294Z Setting up libjemalloc2:amd64 (5.3.0-2build1) ...
2026-09-22T18:42:08.5972439Z Processing triggers for libc-bin (2.39-0ubuntu8.8) ...
2026-09-22T18:42:09.3282925Z 
2026-09-22T18:42:09.3283935Z Running kernel seems to be up-to-date.
2026-09-22T18:42:09.3284332Z 
2026-09-22T18:42:09.3284565Z No services need to be restarted.
2026-09-22T18:42:09.3284866Z 
2026-09-22T18:42:09.3285234Z No containers need to be restarted.
2026-09-22T18:42:09.3285644Z 
2026-09-22T18:42:09.3285819Z No user sessions are running outdated binaries.
2026-09-22T18:42:09.3286040Z 
2026-09-22T18:42:09.3286448Z No VM guests are running outdated hypervisor (qemu) binaries on this host.
2026-09-22T18:42:10.0301187Z bundled ABC: 5d51a5e420f5de493d07bf61109a977248c86ffb
2026-09-22T18:42:10.0322563Z Yosys 0.66 (git sha1 86f2ddebc, g++ 13.3.0-6ubuntu2~24.04.1 -fPIC -O3)
2026-09-22T18:42:10.0353965Z Yosys 0.66 (git sha1 86f2ddebc, g++ 13.3.0-6ubuntu2~24.04.1 -fPIC -O3)
2026-09-22T18:42:10.0385437Z ##[group]Run set -euo pipefail
2026-09-22T18:42:10.0385835Z [36;1mset -euo pipefail[0m
2026-09-22T18:42:10.0387012Z [36;1mver=v0.0.12[0m
2026-09-22T18:42:10.0387449Z [36;1msha256=ff8c9eea5bc029b372fb4953427625cddb7cf7e58c1240623ac9f260818d5a00[0m
2026-09-22T18:42:10.0388015Z [36;1murl="https://github.com/zachjs/sv2v/releases/download/${ver}/sv2v-Linux.zip"[0m
2026-09-22T18:42:10.0388477Z [36;1mcurl -fsSL "$url" -o /tmp/sv2v.zip[0m
2026-09-22T18:42:10.0388859Z [36;1mecho "${sha256}  /tmp/sv2v.zip" | sha256sum -c -[0m
2026-09-22T18:42:10.0389278Z [36;1munzip -q -o /tmp/sv2v.zip -d /tmp/sv2v[0m
2026-09-22T18:42:10.0389674Z [36;1msudo install -m755 "$(find /tmp/sv2v -name sv2v -type f | head -1)" \[0m
2026-09-22T18:42:10.0390043Z [36;1m  /usr/local/bin/sv2v[0m
2026-09-22T18:42:10.0390352Z [36;1msv2v --version[0m
2026-09-22T18:42:10.0410879Z shell: /usr/bin/bash -e {0}
2026-09-22T18:42:10.0411185Z env:
2026-09-22T18:42:10.0411463Z   VERILATOR_VERSION: v5.050
2026-09-22T18:42:10.0411959Z   YOSYS_VERSION: v0.66
2026-09-22T18:42:10.0412332Z   TSN_GEN_REV: deca300c9eb4863fa13383b45ba6cb6fd0828671
2026-09-22T18:42:10.0412718Z ##[endgroup]
2026-09-22T18:42:10.4536989Z /tmp/sv2v.zip: OK
2026-09-22T18:42:10.5736916Z sv2v v0.0.12
2026-09-22T18:42:10.5900605Z Node 20 is being deprecated. This workflow is running with Node 24 by default. If you need to temporarily use Node 20, you can set the ACTIONS_ALLOW_USE_UNSECURE_NODE_VERSION=true environment variable. For more information see: https://github.blog/changelog/2025-09-19-deprecation-of-node-20-on-github-actions-runners/
2026-09-22T18:42:10.5903388Z ##[group]Run actions/cache@v4
2026-09-22T18:42:10.5903996Z with:
2026-09-22T18:42:10.5904403Z   path: /home/runner/work/_temp/yosys-result-cache
2026-09-22T18:42:10.5905012Z   key: yosys-results-v0.66-shard2-4d2246ba4bb7921e3f86b35a6add253fb4c15809
2026-09-22T18:42:10.5905685Z   restore-keys: yosys-results-v0.66-shard2-
2026-09-22T18:42:10.5906273Z   enableCrossOsArchive: false
2026-09-22T18:42:10.5906676Z   fail-on-cache-miss: false
2026-09-22T18:42:10.5907028Z   lookup-only: false
2026-09-22T18:42:10.5907431Z   save-always: false
2026-09-22T18:42:10.5907785Z env:
2026-09-22T18:42:10.5908340Z   VERILATOR_VERSION: v5.050
2026-09-22T18:42:10.5908986Z   YOSYS_VERSION: v0.66
2026-09-22T18:42:10.5909617Z   TSN_GEN_REV: deca300c9eb4863fa13383b45ba6cb6fd0828671
2026-09-22T18:42:10.5910020Z ##[endgroup]
2026-09-22T18:42:10.6831115Z (node:2618) [DEP0040] DeprecationWarning: The `punycode` module is deprecated. Please use a userland alternative instead.
2026-09-22T18:42:10.6832868Z (Use `node --trace-deprecation ...` to show where the warning was created)
2026-09-22T18:42:10.8183388Z Cache hit for restore-key: yosys-results-v0.66-shard2-483a133ed08867ea0d300d2b4a027b5b48a4282f
2026-09-22T18:42:10.8259279Z (node:2618) [DEP0169] DeprecationWarning: `url.parse()` behavior is not standardized and prone to errors that have security implications. Use the WHATWG URL API instead. CVEs are not issued for `url.parse()` vulnerabilities.
2026-09-22T18:42:11.0739602Z Received 22168 of 22168 (100.0%), 0.3 MBs/sec
2026-09-22T18:42:11.0740019Z Cache Size: ~0 MB (22168 B)
2026-09-22T18:42:11.0758477Z [command]/usr/bin/tar -xf /home/runner/work/_temp/a7ab7bc4-984d-4ec6-aa97-c0e88d98b825/cache.tzst -P -C /home/runner/work/milan-fpga/milan-fpga --use-compress-program unzstd
2026-09-22T18:42:11.0819941Z Cache restored successfully
2026-09-22T18:42:11.0882017Z Cache restored from key: yosys-results-v0.66-shard2-483a133ed08867ea0d300d2b4a027b5b48a4282f
2026-09-22T18:42:11.0960132Z ##[group]Run syn/yosys/run.sh --shard "2/4" \
2026-09-22T18:42:11.0960775Z [36;1msyn/yosys/run.sh --shard "2/4" \[0m
2026-09-22T18:42:11.0961280Z [36;1m  --results "$RUNNER_TEMP/yosys-results" \[0m
2026-09-22T18:42:11.0961938Z [36;1m  --cache "$RUNNER_TEMP/yosys-result-cache"[0m
2026-09-22T18:42:11.0990926Z shell: /usr/bin/bash -e {0}
2026-09-22T18:42:11.0991410Z env:
2026-09-22T18:42:11.0991825Z   VERILATOR_VERSION: v5.050
2026-09-22T18:42:11.0992245Z   YOSYS_VERSION: v0.66
2026-09-22T18:42:11.0992749Z   TSN_GEN_REV: deca300c9eb4863fa13383b45ba6cb6fd0828671
2026-09-22T18:42:11.0993284Z ##[endgroup]
2026-09-22T18:42:11.8631855Z == Yosys open-synthesis check (synth, via sv2v; shard 2/4) ==
2026-09-22T18:42:11.8632829Z    yosys allocator: /lib/x86_64-linux-gnu/libjemalloc.so.2
2026-09-22T18:42:12.7028197Z   [PASS] tcam                   cells=4911
2026-09-22T18:42:12.8637072Z   [PASS] cdc_pulse              cells=6
2026-09-22T18:42:13.1381660Z   [PASS] adp_tx_arbiter         cells=238
2026-09-22T18:42:14.0858134Z   [PASS] KL_gptp_txret          cells=3350
2026-09-22T18:42:47.3577925Z   [PASS] KL_gptp_shadow         cells=206752
2026-09-22T18:42:47.9268574Z   [PASS] KL_avtp_rx_monitor     cells=1843
2026-09-22T18:42:48.1837220Z   [PASS] KL_stream_table        cells=209
2026-09-22T18:42:48.3713051Z   [PASS] KL_pcm_route           cells=12
2026-09-22T18:42:48.7810058Z   [PASS] KL_aaf_capture_i2s     cells=1222
2026-09-22T18:42:49.8243434Z   [PASS] KL_aes3_rx             cells=2696
2026-09-22T18:42:53.5351554Z   [PASS] KL_aaf_packetizer      cells=18522
2026-09-22T18:42:56.7199852Z   [PASS] KL_crf_rx              cells=30104
2026-09-22T18:42:57.1455515Z   [PASS] KL_media_nco           cells=536
2026-09-22T18:42:58.1740305Z   [PASS] KL_maap                cells=2319
2026-09-22T18:43:07.2031790Z   [PASS] KL_i2s_playback        cells=81509
2026-09-22T18:43:07.4361975Z   [PASS] KL_i2s_feed_mux        cells=221
2026-09-22T18:43:07.8867849Z   [PASS] KL_tdm_capture_master  cells=1208
2026-09-22T18:43:09.7481185Z   [PASS] KL_chan_map_render     cells=11155
2026-09-22T18:43:18.3412388Z   [PASS] KL_aaf_rx_depacketizer cells=60849
2026-09-22T18:43:18.5895303Z   [PASS] KL_ptp_clock_validity  cells=206
2026-09-22T18:43:18.8196585Z   [PASS] ptp_csr_sync           cells=413
2026-09-22T18:43:19.1193699Z   [PASS] ethernet_events        cells=1161
2026-09-22T18:43:19.3983010Z   [PASS] KL_mac_rmon_events     cells=449
2026-09-22T18:43:20.2540953Z   [PASS] queues_wrap            cells=10315
2026-09-22T18:43:32.5902774Z   [PASS] axis_fifo              cells=133594
2026-09-22T18:43:32.8417086Z   [PASS] axis_demux             cells=96
2026-09-22T18:43:32.8862800Z --------------------------------------------------------------
2026-09-22T18:43:32.8864529Z tops: 26   pass: 26   fail: 0
2026-09-22T18:43:32.8867603Z RESULT: PASS
2026-09-22T18:43:32.8868117Z structural checks: skipped in this worker
2026-09-22T18:43:32.8951912Z Node 20 is being deprecated. This workflow is running with Node 24 by default. If you need to temporarily use Node 20, you can set the ACTIONS_ALLOW_USE_UNSECURE_NODE_VERSION=true environment variable. For more information see: https://github.blog/changelog/2025-09-19-deprecation-of-node-20-on-github-actions-runners/
2026-09-22T18:43:32.8953033Z ##[group]Run actions/upload-artifact@v4
2026-09-22T18:43:32.8953342Z with:
2026-09-22T18:43:32.8953645Z   name: yosys-results-2
2026-09-22T18:43:32.8953950Z   path: /home/runner/work/_temp/yosys-results
2026-09-22T18:43:32.8954275Z   if-no-files-found: error
2026-09-22T18:43:32.8954593Z   retention-days: 3
2026-09-22T18:43:32.8954852Z   compression-level: 6
2026-09-22T18:43:32.8955174Z   overwrite: false
2026-09-22T18:43:32.8955438Z   include-hidden-files: false
2026-09-22T18:43:32.8955704Z env:
2026-09-22T18:43:32.8956005Z   VERILATOR_VERSION: v5.050
2026-09-22T18:43:32.8956432Z   YOSYS_VERSION: v0.66
2026-09-22T18:43:32.8956871Z   TSN_GEN_REV: deca300c9eb4863fa13383b45ba6cb6fd0828671
2026-09-22T18:43:32.8957208Z ##[endgroup]
2026-09-22T18:43:33.0278483Z (node:4330) [DEP0040] DeprecationWarning: The `punycode` module is deprecated. Please use a userland alternative instead.
2026-09-22T18:43:33.0279303Z (Use `node --trace-deprecation ...` to show where the warning was created)
2026-09-22T18:43:33.0358344Z With the provided path, there will be 27 files uploaded
2026-09-22T18:43:33.0362511Z Artifact name is valid!
2026-09-22T18:43:33.0363074Z Root directory input is valid!
2026-09-22T18:43:33.3227089Z Beginning upload of artifact content to blob storage
2026-09-22T18:43:33.3647419Z (node:4330) [DEP0169] DeprecationWarning: `url.parse()` behavior is not standardized and prone to errors that have security implications. Use the WHATWG URL API instead. CVEs are not issued for `url.parse()` vulnerabilities.
2026-09-22T18:43:33.5379002Z Uploaded bytes 5764
2026-09-22T18:43:33.5820592Z Finished uploading artifact content to blob storage!
2026-09-22T18:43:33.5821630Z SHA256 digest of uploaded artifact zip is 44e2d92be04c3db2789fd94c2622df3fc01185944c988c1867a476640d6e7f00
2026-09-22T18:43:33.5822853Z Finalizing artifact upload
2026-09-22T18:43:33.8372148Z Artifact yosys-results-2.zip successfully finalized. Artifact ID 10712799514
2026-09-22T18:43:33.8373127Z Artifact yosys-results-2 has been successfully uploaded! Final size is 5764 bytes. Artifact ID is 10712799514
2026-09-22T18:43:33.8378344Z Artifact download URL: https://github.com/kebag-logic/milan-fpga/actions/runs/35768811088/artifacts/10712799514
2026-09-22T18:43:33.8514946Z Node 20 is being deprecated. This workflow is running with Node 24 by default. If you need to temporarily use Node 20, you can set the ACTIONS_ALLOW_USE_UNSECURE_NODE_VERSION=true environment variable. For more information see: https://github.blog/changelog/2025-09-19-deprecation-of-node-20-on-github-actions-runners/
2026-09-22T18:43:33.8516051Z Post job cleanup.
2026-09-22T18:43:33.9507101Z (node:4342) [DEP0040] DeprecationWarning: The `punycode` module is deprecated. Please use a userland alternative instead.
2026-09-22T18:43:33.9508107Z (Use `node --trace-deprecation ...` to show where the warning was created)
2026-09-22T18:43:33.9647356Z [command]/usr/bin/tar --posix -cf cache.tzst --exclude cache.tzst -P -C /home/runner/work/milan-fpga/milan-fpga --files-from manifest.txt --use-compress-program zstdmt
2026-09-22T18:43:34.1312087Z (node:4342) [DEP0169] DeprecationWarning: `url.parse()` behavior is not standardized and prone to errors that have security implications. Use the WHATWG URL API instead. CVEs are not issued for `url.parse()` vulnerabilities.
2026-09-22T18:43:34.3011214Z Sent 27966 of 27966 (100.0%), 0.2 MBs/sec
2026-09-22T18:43:34.4115993Z Cache saved with key: yosys-results-v0.66-shard2-4d2246ba4bb7921e3f86b35a6add253fb4c15809
2026-09-22T18:43:34.4205916Z Node 20 is being deprecated. This workflow is running with Node 24 by default. If you need to temporarily use Node 20, you can set the ACTIONS_ALLOW_USE_UNSECURE_NODE_VERSION=true environment variable. For more information see: https://github.blog/changelog/2025-09-19-deprecation-of-node-20-on-github-actions-runners/
2026-09-22T18:43:34.4207201Z Post job cleanup.
2026-09-22T18:43:34.5147550Z Cache hit occurred on the primary key yosys-v0.66-Linux, not saving cache.
2026-09-22T18:43:34.5149116Z (node:4362) [DEP0040] DeprecationWarning: The `punycode` module is deprecated. Please use a userland alternative instead.
2026-09-22T18:43:34.5149929Z (Use `node --trace-deprecation ...` to show where the warning was created)
2026-09-22T18:43:34.5249424Z Node 20 is being deprecated. This workflow is running with Node 24 by default. If you need to temporarily use Node 20, you can set the ACTIONS_ALLOW_USE_UNSECURE_NODE_VERSION=true environment variable. For more information see: https://github.blog/changelog/2025-09-19-deprecation-of-node-20-on-github-actions-runners/
2026-09-22T18:43:34.5250516Z Post job cleanup.
2026-09-22T18:43:34.5965565Z [command]/usr/bin/git version
2026-09-22T18:43:34.5998309Z git version 2.55.0
2026-09-22T18:43:34.6027896Z Temporarily overriding HOME='/home/runner/work/_temp/aacb9a35-aa7b-407c-b835-5ef1dc66e99c' before making global git config changes
2026-09-22T18:43:34.6030655Z Adding repository directory to the temporary git global config as a safe directory
2026-09-22T18:43:34.6057341Z [command]/usr/bin/git config --global --add safe.directory /home/runner/work/milan-fpga/milan-fpga
2026-09-22T18:43:34.6127333Z [command]/usr/bin/git config --local --name-only --get-regexp core\.sshCommand
2026-09-22T18:43:34.6178324Z [command]/usr/bin/git submodule foreach --recursive sh -c "git config --local --name-only --get-regexp 'core\.sshCommand' && git config --local --unset-all 'core.sshCommand' || :"
2026-09-22T18:43:34.6286888Z Entering 'gptp-processor'
2026-09-22T18:43:34.6334626Z Entering 'protocol-processor'
2026-09-22T18:43:34.6369980Z Entering 'third_party/verilog-axis'
2026-09-22T18:43:34.6412896Z [command]/usr/bin/git config --local --name-only --get-regexp http\.https\:\/\/github\.com\/\.extraheader
2026-09-22T18:43:34.6435711Z http.https://github.com/.extraheader
2026-09-22T18:43:34.6445614Z [command]/usr/bin/git config --local --unset-all http.https://github.com/.extraheader
2026-09-22T18:43:34.6471897Z [command]/usr/bin/git submodule foreach --recursive sh -c "git config --local --name-only --get-regexp 'http\.https\:\/\/github\.com\/\.extraheader' && git config --local --unset-all 'http.https://github.com/.extraheader' || :"
2026-09-22T18:43:34.6726955Z Entering 'gptp-processor'
2026-09-22T18:43:34.6757201Z Entering 'protocol-processor'
2026-09-22T18:43:34.6800554Z Entering 'third_party/verilog-axis'
2026-09-22T18:43:34.6867327Z [command]/usr/bin/git config --local --name-only --get-regexp ^includeIf\.gitdir:
2026-09-22T18:43:34.6901109Z [command]/usr/bin/git submodule foreach --recursive git config --local --show-origin --name-only --get-regexp remote.origin.url
2026-09-22T18:43:34.7115352Z Entering 'gptp-processor'
2026-09-22T18:43:34.7133003Z file:/home/runner/work/milan-fpga/milan-fpga/.git/modules/gptp-processor/config	remote.origin.url
2026-09-22T18:43:34.7144114Z Entering 'protocol-processor'
2026-09-22T18:43:34.7159815Z file:/home/runner/work/milan-fpga/milan-fpga/.git/modules/protocol-processor/config	remote.origin.url
2026-09-22T18:43:34.7179149Z Entering 'third_party/verilog-axis'
2026-09-22T18:43:34.7194988Z file:/home/runner/work/milan-fpga/milan-fpga/.git/modules/third_party/verilog-axis/config	remote.origin.url
2026-09-22T18:43:34.7220919Z [command]/usr/bin/git config --file /home/runner/work/milan-fpga/milan-fpga/.git/modules/gptp-processor/config --name-only --get-regexp ^includeIf\.gitdir:
2026-09-22T18:43:34.7245041Z [command]/usr/bin/git config --file /home/runner/work/milan-fpga/milan-fpga/.git/modules/protocol-processor/config --name-only --get-regexp ^includeIf\.gitdir:
2026-09-22T18:43:34.7267331Z [command]/usr/bin/git config --file /home/runner/work/milan-fpga/milan-fpga/.git/modules/third_party/verilog-axis/config --name-only --get-regexp ^includeIf\.gitdir:
2026-09-22T18:43:34.7389028Z Cleaning up orphan processes
2026-09-22T18:43:34.7631957Z ##[warning]Node.js 20 is deprecated. The following actions target Node.js 20 but are being forced to run on Node.js 24: actions/cache@v4, actions/checkout@v4, actions/upload-artifact@v4. For more information see: https://github.blog/changelog/2025-09-19-deprecation-of-node-20-on-github-actions-runners/
