2026-09-22T18:48:11.1042344Z Current runner version: '2.337.0'
2026-09-22T18:48:11.1061936Z ##[group]Runner Image Provisioner
2026-09-22T18:48:11.1062485Z Hosted Compute Agent
2026-09-22T18:48:11.1062996Z Version: 20260828.587
2026-09-22T18:48:11.1063396Z Commit: abac92662cab4cc7352de4f9f9d2e2419aad9c29
2026-09-22T18:48:11.1063886Z Build Date: 2026-08-28T16:44:25Z
2026-09-22T18:48:11.1064315Z Worker ID: {acffb2c4-2994-46fc-9595-c6f4ea647ca5}
2026-09-22T18:48:11.1064747Z Azure Region: centralus
2026-09-22T18:48:11.1065188Z ##[endgroup]
2026-09-22T18:48:11.1066252Z ##[group]Operating System
2026-09-22T18:48:11.1066675Z Ubuntu
2026-09-22T18:48:11.1067013Z 24.04.5
2026-09-22T18:48:11.1067338Z LTS
2026-09-22T18:48:11.1067886Z ##[endgroup]
2026-09-22T18:48:11.1068330Z ##[group]Runner Image
2026-09-22T18:48:11.1068878Z Image: ubuntu-24.04
2026-09-22T18:48:11.1069367Z Version: 20260907.300.1
2026-09-22T18:48:11.1070600Z Included Software: https://github.com/actions/runner-images/blob/ubuntu24/20260907.300/images/ubuntu/Ubuntu2404-Readme.md
2026-09-22T18:48:11.1072236Z Image Release: https://github.com/actions/runner-images/releases/tag/ubuntu24%2F20260907.300
2026-09-22T18:48:11.1073181Z ##[endgroup]
2026-09-22T18:48:11.1074254Z ##[group]GITHUB_TOKEN Permissions
2026-09-22T18:48:11.1076258Z Contents: read
2026-09-22T18:48:11.1076926Z Metadata: read
2026-09-22T18:48:11.1077412Z Packages: read
2026-09-22T18:48:11.1077976Z ##[endgroup]
2026-09-22T18:48:11.1079594Z Secret source: Actions
2026-09-22T18:48:11.1080521Z Cache mode: write
2026-09-22T18:48:11.1081568Z Prepare workflow directory
2026-09-22T18:48:11.1330344Z Prepare all required actions
2026-09-22T18:48:11.1378587Z Complete job name: rtl-fast
2026-09-22T18:48:11.1900944Z ##[group]Run set -euo pipefail
2026-09-22T18:48:11.1901760Z [36;1mset -euo pipefail[0m
2026-09-22T18:48:11.1902137Z [36;1mbad=0[0m
2026-09-22T18:48:11.1902563Z [36;1mfor pair in \[0m
2026-09-22T18:48:11.1903000Z [36;1m  "changes:$CHANGES_RESULT" \[0m
2026-09-22T18:48:11.1903440Z [36;1m  "verilator-lint:$VERILATOR_LINT_RESULT" \[0m
2026-09-22T18:48:11.1903999Z [36;1m  "bdd-conformance:$BDD_CONFORMANCE_RESULT" \[0m
2026-09-22T18:48:11.1904507Z [36;1m  "yosys-elaboration:$YOSYS_ELABORATION_RESULT"; do[0m
2026-09-22T18:48:11.1904964Z [36;1m  name="${pair%%:*}"[0m
2026-09-22T18:48:11.1905489Z [36;1m  result="${pair#*:}"[0m
2026-09-22T18:48:11.1905911Z [36;1m  printf '%-24s %s\n' "$name" "$result"[0m
2026-09-22T18:48:11.1906322Z [36;1m  case "$result" in[0m
2026-09-22T18:48:11.1906776Z [36;1m    success|skipped) ;;[0m
2026-09-22T18:48:11.1907181Z [36;1m    *) bad=1 ;;[0m
2026-09-22T18:48:11.1907584Z [36;1m  esac[0m
2026-09-22T18:48:11.1907998Z [36;1mdone[0m
2026-09-22T18:48:11.1908357Z [36;1m[ "$bad" -eq 0 ][0m
2026-09-22T18:48:11.2665430Z shell: /usr/bin/bash -e {0}
2026-09-22T18:48:11.2666230Z env:
2026-09-22T18:48:11.2666619Z   VERILATOR_VERSION: v5.050
2026-09-22T18:48:11.2667068Z   YOSYS_VERSION: v0.66
2026-09-22T18:48:11.2667487Z   CHANGES_RESULT: success
2026-09-22T18:48:11.2667925Z   VERILATOR_LINT_RESULT: success
2026-09-22T18:48:11.2668419Z   BDD_CONFORMANCE_RESULT: success
2026-09-22T18:48:11.2668905Z   YOSYS_ELABORATION_RESULT: success
2026-09-22T18:48:11.2669385Z ##[endgroup]
2026-09-22T18:48:11.2867911Z changes                  success
2026-09-22T18:48:11.2868298Z verilator-lint           success
2026-09-22T18:48:11.2868617Z bdd-conformance          success
2026-09-22T18:48:11.2868921Z yosys-elaboration        success
2026-09-22T18:48:11.2971173Z Cleaning up orphan processes
