2026-09-22T15:38:54.3122978Z Current runner version: '2.337.0'
2026-09-22T15:38:54.3150227Z ##[group]Runner Image Provisioner
2026-09-22T15:38:54.3151626Z Hosted Compute Agent
2026-09-22T15:38:54.3152255Z Version: 20260828.587
2026-09-22T15:38:54.3152985Z Commit: abac92662cab4cc7352de4f9f9d2e2419aad9c29
2026-09-22T15:38:54.3153808Z Build Date: 2026-08-28T16:44:25Z
2026-09-22T15:38:54.3154512Z Worker ID: {b6c9c3c1-28a7-40aa-823e-a09f9837eab9}
2026-09-22T15:38:54.3155293Z Azure Region: eastus
2026-09-22T15:38:54.3155876Z ##[endgroup]
2026-09-22T15:38:54.3157495Z ##[group]Operating System
2026-09-22T15:38:54.3158381Z Ubuntu
2026-09-22T15:38:54.3158940Z 24.04.5
2026-09-22T15:38:54.3159484Z LTS
2026-09-22T15:38:54.3160018Z ##[endgroup]
2026-09-22T15:38:54.3161114Z ##[group]Runner Image
2026-09-22T15:38:54.3161864Z Image: ubuntu-24.04
2026-09-22T15:38:54.3162452Z Version: 20260907.300.1
2026-09-22T15:38:54.3163839Z Included Software: https://github.com/actions/runner-images/blob/ubuntu24/20260907.300/images/ubuntu/Ubuntu2404-Readme.md
2026-09-22T15:38:54.3165515Z Image Release: https://github.com/actions/runner-images/releases/tag/ubuntu24%2F20260907.300
2026-09-22T15:38:54.3166588Z ##[endgroup]
2026-09-22T15:38:54.3167793Z ##[group]GITHUB_TOKEN Permissions
2026-09-22T15:38:54.3169923Z Contents: read
2026-09-22T15:38:54.3170865Z Metadata: read
2026-09-22T15:38:54.3171610Z Packages: read
2026-09-22T15:38:54.3172191Z ##[endgroup]
2026-09-22T15:38:54.3174470Z Secret source: Actions
2026-09-22T15:38:54.3175499Z Cache mode: write
2026-09-22T15:38:54.3176252Z Prepare workflow directory
2026-09-22T15:38:54.3586799Z Prepare all required actions
2026-09-22T15:38:54.3638791Z Getting action download info
2026-09-22T15:38:54.6051543Z Download action repository 'actions/checkout@v4' (SHA:11d5960a326750d5838078e36cf38b85af677262)
2026-09-22T15:38:54.8464294Z Complete job name: changes
2026-09-22T15:38:54.9265790Z Node 20 is being deprecated. This workflow is running with Node 24 by default. If you need to temporarily use Node 20, you can set the ACTIONS_ALLOW_USE_UNSECURE_NODE_VERSION=true environment variable. For more information see: https://github.blog/changelog/2025-09-19-deprecation-of-node-20-on-github-actions-runners/
2026-09-22T15:38:54.9275344Z ##[group]Run actions/checkout@v4
2026-09-22T15:38:54.9276136Z with:
2026-09-22T15:38:54.9276594Z   fetch-depth: 0
2026-09-22T15:38:54.9277095Z   repository: kebag-logic/milan-fpga
2026-09-22T15:38:54.9281583Z   token: ***
2026-09-22T15:38:54.9282049Z   ssh-strict: true
2026-09-22T15:38:54.9282511Z   ssh-user: git
2026-09-22T15:38:54.9282988Z   persist-credentials: true
2026-09-22T15:38:54.9283503Z   clean: true
2026-09-22T15:38:54.9284069Z   sparse-checkout-cone-mode: true
2026-09-22T15:38:54.9284639Z   fetch-tags: false
2026-09-22T15:38:54.9285108Z   show-progress: true
2026-09-22T15:38:54.9285582Z   lfs: false
2026-09-22T15:38:54.9286065Z   submodules: false
2026-09-22T15:38:54.9286543Z   set-safe-directory: true
2026-09-22T15:38:54.9287077Z   allow-unsafe-pr-checkout: false
2026-09-22T15:38:54.9287901Z env:
2026-09-22T15:38:54.9288360Z   VERILATOR_VERSION: v5.050
2026-09-22T15:38:54.9288880Z   YOSYS_VERSION: v0.66
2026-09-22T15:38:54.9289351Z ##[endgroup]
2026-09-22T15:38:55.0339754Z Syncing repository: kebag-logic/milan-fpga
2026-09-22T15:38:55.0342697Z ##[group]Getting Git version info
2026-09-22T15:38:55.0343531Z Working directory is '/home/runner/work/milan-fpga/milan-fpga'
2026-09-22T15:38:55.0344632Z [command]/usr/bin/git version
2026-09-22T15:38:55.0461830Z git version 2.55.0
2026-09-22T15:38:55.0483901Z ##[endgroup]
2026-09-22T15:38:55.0509609Z Temporarily overriding HOME='/home/runner/work/_temp/a2b60c3c-b9a5-4c9d-afc4-23be61e01506' before making global git config changes
2026-09-22T15:38:55.0512267Z Adding repository directory to the temporary git global config as a safe directory
2026-09-22T15:38:55.0515400Z [command]/usr/bin/git config --global --add safe.directory /home/runner/work/milan-fpga/milan-fpga
2026-09-22T15:38:55.0576734Z Deleting the contents of '/home/runner/work/milan-fpga/milan-fpga'
2026-09-22T15:38:55.0582151Z ##[group]Initializing the repository
2026-09-22T15:38:55.0587677Z [command]/usr/bin/git init /home/runner/work/milan-fpga/milan-fpga
2026-09-22T15:38:55.0744095Z hint: Using 'master' as the name for the initial branch. This default branch name
2026-09-22T15:38:55.0745976Z hint: will change to "main" in Git 3.0. To configure the initial branch name
2026-09-22T15:38:55.0747684Z hint: to use in all of your new repositories, which will suppress this warning,
2026-09-22T15:38:55.0748958Z hint: call:
2026-09-22T15:38:55.0749586Z hint:
2026-09-22T15:38:55.0750710Z hint: 	git config --global init.defaultBranch <name>
2026-09-22T15:38:55.0751755Z hint:
2026-09-22T15:38:55.0752864Z hint: Names commonly chosen instead of 'master' are 'main', 'trunk' and
2026-09-22T15:38:55.0754456Z hint: 'development'. The just-created branch can be renamed via this command:
2026-09-22T15:38:55.0755658Z hint:
2026-09-22T15:38:55.0756348Z hint: 	git branch -m <name>
2026-09-22T15:38:55.0757162Z hint:
2026-09-22T15:38:55.0758280Z hint: Disable this message with "git config set advice.defaultBranchName false"
2026-09-22T15:38:55.0759956Z Initialized empty Git repository in /home/runner/work/milan-fpga/milan-fpga/.git/
2026-09-22T15:38:55.0762922Z [command]/usr/bin/git remote add origin https://github.com/kebag-logic/milan-fpga
2026-09-22T15:38:55.0820140Z ##[endgroup]
2026-09-22T15:38:55.0821909Z ##[group]Disabling automatic garbage collection
2026-09-22T15:38:55.0824990Z [command]/usr/bin/git config --local gc.auto 0
2026-09-22T15:38:55.0861683Z ##[endgroup]
2026-09-22T15:38:55.0863281Z ##[group]Setting up auth
2026-09-22T15:38:55.0870603Z [command]/usr/bin/git config --local --name-only --get-regexp core\.sshCommand
2026-09-22T15:38:55.0920111Z [command]/usr/bin/git submodule foreach --recursive sh -c "git config --local --name-only --get-regexp 'core\.sshCommand' && git config --local --unset-all 'core.sshCommand' || :"
2026-09-22T15:38:55.1335600Z [command]/usr/bin/git config --local --name-only --get-regexp http\.https\:\/\/github\.com\/\.extraheader
2026-09-22T15:38:55.1373872Z [command]/usr/bin/git submodule foreach --recursive sh -c "git config --local --name-only --get-regexp 'http\.https\:\/\/github\.com\/\.extraheader' && git config --local --unset-all 'http.https://github.com/.extraheader' || :"
2026-09-22T15:38:55.1614554Z [command]/usr/bin/git config --local --name-only --get-regexp ^includeIf\.gitdir:
2026-09-22T15:38:55.1653606Z [command]/usr/bin/git submodule foreach --recursive git config --local --show-origin --name-only --get-regexp remote.origin.url
2026-09-22T15:38:55.1889321Z [command]/usr/bin/git config --local http.https://github.com/.extraheader AUTHORIZATION: basic ***
2026-09-22T15:38:55.1930477Z ##[endgroup]
2026-09-22T15:38:55.1931417Z ##[group]Fetching the repository
2026-09-22T15:38:55.1942496Z [command]/usr/bin/git -c protocol.version=2 fetch --prune --no-recurse-submodules origin +refs/heads/*:refs/remotes/origin/* +refs/tags/*:refs/tags/* +3030c830e1071ae37fd6a2a59f9f04c226a477d3:refs/remotes/pull/519/merge
2026-09-22T15:39:01.2082617Z From https://github.com/kebag-logic/milan-fpga
2026-09-22T15:39:01.2084454Z  * [new branch]        116-gptp-default-on-retire-software      -> origin/116-gptp-default-on-retire-software
2026-09-22T15:39:01.2086244Z  * [new branch]        117-alinx-board-bringup                  -> origin/117-alinx-board-bringup
2026-09-22T15:39:01.2087540Z  * [new branch]        120-sound-card-option                    -> origin/120-sound-card-option
2026-09-22T15:39:01.2088419Z  * [new branch]        129-boot-gate-whole-firmware             -> origin/129-boot-gate-whole-firmware
2026-09-22T15:39:01.2089441Z  * [new branch]        129-correct-baremetal-ptp-aem-contract   -> origin/129-correct-baremetal-ptp-aem-contract
2026-09-22T15:39:01.2090969Z  * [new branch]        130-prune-behavioural                    -> origin/130-prune-behavioural
2026-09-22T15:39:01.2092663Z  * [new branch]        145-rebased-on-170                       -> origin/145-rebased-on-170
2026-09-22T15:39:01.2095132Z  * [new branch]        154-no-ci-job-elaborates-the-soc-so-argv-to-rtl-parameter-chains-are-unproven -> origin/154-no-ci-job-elaborates-the-soc-so-argv-to-rtl-parameter-chains-are-unproven
2026-09-22T15:39:01.2097317Z  * [new branch]        159-restore-documentation-gates-and-workflow-hygiene -> origin/159-restore-documentation-gates-and-workflow-hygiene
2026-09-22T15:39:01.2099081Z  * [new branch]        159-restore-workflow-documentation-gates -> origin/159-restore-workflow-documentation-gates
2026-09-22T15:39:01.2101674Z  * [new branch]        160-dev-fails-its-own-docs_check-gate-13-findings-from-the-agentsmd-commit -> origin/160-dev-fails-its-own-docs_check-gate-13-findings-from-the-agentsmd-commit
2026-09-22T15:39:01.2103524Z  * [new branch]        162-boot-gate-instruments                -> origin/162-boot-gate-instruments
2026-09-22T15:39:01.2105360Z  * [new branch]        163-complete-workflow-hygiene-follow-on  -> origin/163-complete-workflow-hygiene-follow-on
2026-09-22T15:39:01.2107151Z  * [new branch]        167-shard-github-verilator-ci            -> origin/167-shard-github-verilator-ci
2026-09-22T15:39:01.2108639Z  * [new branch]        207-gptp-drop-counters-csr               -> origin/207-gptp-drop-counters-csr
2026-09-22T15:39:01.2109989Z  * [new branch]        211-phc-ns-consumer                      -> origin/211-phc-ns-consumer
2026-09-22T15:39:01.2111628Z  * [new branch]        219-pathtrace-cap-edge                   -> origin/219-pathtrace-cap-edge
2026-09-22T15:39:01.2114359Z  * [new branch]        246-synoocmilan_datapath_ooctcl-never-generates-ucodehex-it-reports-30925-lut-for-a-design-that-is-38848-and-exits-0 -> origin/246-synoocmilan_datapath_ooctcl-never-generates-ucodehex-it-reports-30925-lut-for-a-design-that-is-38848-and-exits-0
2026-09-22T15:39:01.2116652Z  * [new branch]        260-pps-output                           -> origin/260-pps-output
2026-09-22T15:39:01.2117991Z  * [new branch]        270-shorten-ci-feedback                  -> origin/270-shorten-ci-feedback
2026-09-22T15:39:01.2119466Z  * [new branch]        286-yosys-single-process-bench           -> origin/286-yosys-single-process-bench
2026-09-22T15:39:01.2122248Z  * [new branch]        287-task-pin-the-yosys-the-portability-gate-is-certified-with-and-make-its-cells=-record-real -> origin/287-task-pin-the-yosys-the-portability-gate-is-certified-with-and-make-its-cells=-record-real
2026-09-22T15:39:01.2125249Z  * [new branch]        292-task-act_cipy-refuses-every-pr-whose-base-moved-after-it-was-opened-it-compares-the-live-dev-tip-with-githubs-frozen-baserefoid -> origin/292-task-act_cipy-refuses-every-pr-whose-base-moved-after-it-was-opened-it-compares-the-live-dev-tip-with-githubs-frozen-baserefoid
2026-09-22T15:39:01.2129038Z  * [new branch]        295-task-pin-the-gate-steps-of-the-non-rtl-required-contexts-step-level-if-continue-on-error-||-true-on-docs-checks-ci_events-step-wire-accountabilitys-gate-step-docs-check-no-gits-single-step-and-elaborates-scope-step-pass-check -> origin/295-task-pin-the-gate-steps-of-the-non-rtl-required-contexts-step-level-if-continue-on-error-||-true-on-docs-checks-ci_events-step-wire-accountabilitys-gate-step-docs-check-no-gits-single-step-and-elaborates-scope-step-pass-check
2026-09-22T15:39:01.2132201Z  * [new branch]        296-documentation-audience-guides-wavedrom -> origin/296-documentation-audience-guides-wavedrom
2026-09-22T15:39:01.2133192Z  * [new branch]        297-test-aggregate-standalone-litex-simulations -> origin/297-test-aggregate-standalone-litex-simulations
2026-09-22T15:39:01.2134294Z  * [new branch]        300-tooling-replace-the-legacy-teroshdl-dependency-graph -> origin/300-tooling-replace-the-legacy-teroshdl-dependency-graph
2026-09-22T15:39:01.2135277Z  * [new branch]        303-rework-fpga-gptp-docs                -> origin/303-rework-fpga-gptp-docs
2026-09-22T15:39:01.2136244Z  * [new branch]        304-docs-archive-the-closed-throughput-campaign -> origin/304-docs-archive-the-closed-throughput-campaign
2026-09-22T15:39:01.2137980Z  * [new branch]        309-the-ooc-area-instrument-must-measure-the-shape-the-gate-proves-and-the-shape-include-must-resolve-one-way -> origin/309-the-ooc-area-instrument-must-measure-the-shape-the-gate-proves-and-the-shape-include-must-resolve-one-way
2026-09-22T15:39:01.2140187Z  * [new branch]        311-workflow-align-clean-review-verdict-syntax-with-integrity-audit -> origin/311-workflow-align-clean-review-verdict-syntax-with-integrity-audit
2026-09-22T15:39:01.2141913Z  * [new branch]        312-docs-compliance-matrix-and-hygiene   -> origin/312-docs-compliance-matrix-and-hygiene
2026-09-22T15:39:01.2143099Z  * [new branch]        314-milan_dp-readme-measured-count-table-is-stale-on-five-of-nine-rows -> origin/314-milan_dp-readme-measured-count-table-is-stale-on-five-of-nine-rows
2026-09-22T15:39:01.2144566Z  * [new branch]        315-bug-local-act-docs-jobs-race-on-the-shared-python-tool-cache-path -> origin/315-bug-local-act-docs-jobs-race-on-the-shared-python-tool-cache-path
2026-09-22T15:39:01.2146207Z  * [new branch]        316-bug-pr-310-merge-record-lacks-a-conforming-final-verdict-and-exact-head-lens-ledger -> origin/316-bug-pr-310-merge-record-lacks-a-conforming-final-verdict-and-exact-head-lens-ledger
2026-09-22T15:39:01.2147494Z  * [new branch]        317-make-consumer-filenames              -> origin/317-make-consumer-filenames
2026-09-22T15:39:01.2148250Z  * [new branch]        334-harden-act-ci-sigint-cleanup         -> origin/334-harden-act-ci-sigint-cleanup
2026-09-22T15:39:01.2149060Z  * [new branch]        337-act-action-cache-serialisation       -> origin/337-act-action-cache-serialisation
2026-09-22T15:39:01.2149879Z  * [new branch]        337-live-boundary-negative-control       -> origin/337-live-boundary-negative-control
2026-09-22T15:39:01.2151317Z  * [new branch]        340-repair-act-ci-trusted-runner         -> origin/340-repair-act-ci-trusted-runner
2026-09-22T15:39:01.2152117Z  * [new branch]        345-rule12-idiom-gates-wiring            -> origin/345-rule12-idiom-gates-wiring
2026-09-22T15:39:01.2152845Z  * [new branch]        350-yosys-result-cache                   -> origin/350-yosys-result-cache
2026-09-22T15:39:01.2153616Z  * [new branch]        351-check-merge-containment-git-minimum  -> origin/351-check-merge-containment-git-minimum
2026-09-22T15:39:01.2154402Z  * [new branch]        358-alinx-gptp-compliance                -> origin/358-alinx-gptp-compliance
2026-09-22T15:39:01.2155123Z  * [new branch]        358-gptp-latency-correction              -> origin/358-gptp-latency-correction
2026-09-22T15:39:01.2155797Z  * [new branch]        359-ax7101-boot-stall                    -> origin/359-ax7101-boot-stall
2026-09-22T15:39:01.2156917Z  * [new branch]        360-gptp-tx-timestamps-precede-mac-buffering-and-include-queueing-delay -> origin/360-gptp-tx-timestamps-precede-mac-buffering-and-include-queueing-delay
2026-09-22T15:39:01.2158158Z  * [new branch]        362-build-hash-seed                      -> origin/362-build-hash-seed
2026-09-22T15:39:01.2159246Z  * [new branch]        363-docs-clock-domains                   -> origin/363-docs-clock-domains
2026-09-22T15:39:01.2160104Z  * [new branch]        365-ax1x1-simulation-baseline            -> origin/365-ax1x1-simulation-baseline
2026-09-22T15:39:01.2161228Z  * [new branch]        366-flashpair-first-boot-restart         -> origin/366-flashpair-first-boot-restart
2026-09-22T15:39:01.2162012Z  * [new branch]        367-ax1x1-gptp-on-simulation             -> origin/367-ax1x1-gptp-on-simulation
2026-09-22T15:39:01.2162788Z  * [new branch]        372-bound-axis-assertions                -> origin/372-bound-axis-assertions
2026-09-22T15:39:01.2163485Z  * [new branch]        372-review-evidence                      -> origin/372-review-evidence
2026-09-22T15:39:01.2164230Z  * [new branch]        373-testing-submodule-command            -> origin/373-testing-submodule-command
2026-09-22T15:39:01.2164977Z  * [new branch]        374-link-guard-settle-comments           -> origin/374-link-guard-settle-comments
2026-09-22T15:39:01.2165718Z  * [new branch]        375-latency-scratch-wording              -> origin/375-latency-scratch-wording
2026-09-22T15:39:01.2167044Z  * [new branch]        376-act-selftest-zombie-drain            -> origin/376-act-selftest-zombie-drain
2026-09-22T15:39:01.2168202Z  * [new branch]        377-one-dut-acceptance-docs              -> origin/377-one-dut-acceptance-docs
2026-09-22T15:39:01.2169258Z  * [new branch]        378-em-dash-gate                         -> origin/378-em-dash-gate
2026-09-22T15:39:01.2170472Z  * [new branch]        386-tdm-render-setpoint                  -> origin/386-tdm-render-setpoint
2026-09-22T15:39:01.2171406Z  * [new branch]        389-truthful-clock-sources               -> origin/389-truthful-clock-sources
2026-09-22T15:39:01.2172647Z  * [new branch]        390-ring-one-grid                        -> origin/390-ring-one-grid
2026-09-22T15:39:01.2173817Z  * [new branch]        398-boot-policy-declarations             -> origin/398-boot-policy-declarations
2026-09-22T15:39:01.2174940Z  * [new branch]        399-clock-plan-declarations              -> origin/399-clock-plan-declarations
2026-09-22T15:39:01.2175755Z  * [new branch]        401-descriptor-name-declarations         -> origin/401-descriptor-name-declarations
2026-09-22T15:39:01.2176575Z  * [new branch]        402-build-sh-sources-generated-argv      -> origin/402-build-sh-sources-generated-argv
2026-09-22T15:39:01.2177319Z  * [new branch]        404-builder-doc-key-map                  -> origin/404-builder-doc-key-map
2026-09-22T15:39:01.2178003Z  * [new branch]        406-pin-rtl-job-step-lists               -> origin/406-pin-rtl-job-step-lists
2026-09-22T15:39:01.2178651Z  * [new branch]        407-ac5-probe                            -> origin/407-ac5-probe
2026-09-22T15:39:01.2179539Z  * [new branch]        407-carrier-script-pins                  -> origin/407-carrier-script-pins
2026-09-22T15:39:01.2180454Z  * [new branch]        408-409-465-boot-gate                    -> origin/408-409-465-boot-gate
2026-09-22T15:39:01.2181278Z  * [new branch]        410-origin-probe-call-value-eval         -> origin/410-origin-probe-call-value-eval
2026-09-22T15:39:01.2182133Z  * [new branch]        411-clarify-ptp-scratch-and-test-readback -> origin/411-clarify-ptp-scratch-and-test-readback
2026-09-22T15:39:01.2183055Z  * [new branch]        412-em-dash-residue                      -> origin/412-em-dash-residue
2026-09-22T15:39:01.2183827Z  * [new branch]        413-type7-html-heading-exemption         -> origin/413-type7-html-heading-exemption
2026-09-22T15:39:01.2184942Z  * [new branch]        418-investigate-commit-ack-clearing-a-newer-persistent-record-change -> origin/418-investigate-commit-ack-clearing-a-newer-persistent-record-change
2026-09-22T15:39:01.2185967Z  * [new branch]        419-design-evidence                      -> origin/419-design-evidence
2026-09-22T15:39:01.2186649Z  * [new branch]        419-snapshot-ownership-adr               -> origin/419-snapshot-ownership-adr
2026-09-22T15:39:01.2187334Z  * [new branch]        422-strict-gptp-tx-flags                 -> origin/422-strict-gptp-tx-flags
2026-09-22T15:39:01.2187998Z  * [new branch]        423-readiness-evidence                   -> origin/423-readiness-evidence
2026-09-22T15:39:01.2188695Z  * [new branch]        423-retained-redundant-replay            -> origin/423-retained-redundant-replay
2026-09-22T15:39:01.2189372Z  * [new branch]        423-review-evidence                      -> origin/423-review-evidence
2026-09-22T15:39:01.2190113Z  * [new branch]        424-integrate-nvm-completion-ownership   -> origin/424-integrate-nvm-completion-ownership
2026-09-22T15:39:01.2191299Z  * [new branch]        426-complete-review-histories            -> origin/426-complete-review-histories
2026-09-22T15:39:01.2192072Z  * [new branch]        437-container-paragraph-scopes           -> origin/437-container-paragraph-scopes
2026-09-22T15:39:01.2192750Z  * [new branch]        437-review-evidence                      -> origin/437-review-evidence
2026-09-22T15:39:01.2193713Z  * [new branch]        438-containment-selftest-cleanup         -> origin/438-containment-selftest-cleanup
2026-09-22T15:39:01.2195191Z  * [new branch]        440-markdown-closers                     -> origin/440-markdown-closers
2026-09-22T15:39:01.2195853Z  * [new branch]        440-review-evidence                      -> origin/440-review-evidence
2026-09-22T15:39:01.2196553Z  * [new branch]        444-milan-dp-shard-and-ci-trims          -> origin/444-milan-dp-shard-and-ci-trims
2026-09-22T15:39:01.2197297Z  * [new branch]        445-render-phase-observation             -> origin/445-render-phase-observation
2026-09-22T15:39:01.2197989Z  * [new branch]        447-tdm-master-render                    -> origin/447-tdm-master-render
2026-09-22T15:39:01.2198650Z  * [new branch]        452-bclk-iob-packable                    -> origin/452-bclk-iob-packable
2026-09-22T15:39:01.2199314Z  * [new branch]        452-tdm8-fsync-launch-edge               -> origin/452-tdm8-fsync-launch-edge
2026-09-22T15:39:01.2200016Z  * [new branch]        453-deploy-render-interface              -> origin/453-deploy-render-interface
2026-09-22T15:39:01.2201027Z  * [new branch]        462-463-descriptor-truth                 -> origin/462-463-descriptor-truth
2026-09-22T15:39:01.2201686Z  * [new branch]        464-aem-store-selftest                   -> origin/464-aem-store-selftest
2026-09-22T15:39:01.2202313Z  * [new branch]        464-review-evidence                      -> origin/464-review-evidence
2026-09-22T15:39:01.2202997Z  * [new branch]        466-deploy-shape-in-docs-check           -> origin/466-deploy-shape-in-docs-check
2026-09-22T15:39:01.2203682Z  * [new branch]        471-472-srp-status-words                 -> origin/471-472-srp-status-words
2026-09-22T15:39:01.2204504Z  * [new branch]        475-fail-unpacked-iob                    -> origin/475-fail-unpacked-iob
2026-09-22T15:39:01.2205179Z  * [new branch]        478-audio-unit-rate-bound                -> origin/478-audio-unit-rate-bound
2026-09-22T15:39:01.2205827Z  * [new branch]        478-review-evidence                      -> origin/478-review-evidence
2026-09-22T15:39:01.2206734Z  * [new branch]        484-snapshot-ownership-impl              -> origin/484-snapshot-ownership-impl
2026-09-22T15:39:01.2207431Z  * [new branch]        498-review-evidence                      -> origin/498-review-evidence
2026-09-22T15:39:01.2208090Z  * [new branch]        500-d3-materialization-adr               -> origin/500-d3-materialization-adr
2026-09-22T15:39:01.2208919Z  * [new branch]        500-design-evidence                      -> origin/500-design-evidence
2026-09-22T15:39:01.2209678Z  * [new branch]        503-review-evidence                      -> origin/503-review-evidence
2026-09-22T15:39:01.2210722Z  * [new branch]        504-hosted-rv32-compiler                 -> origin/504-hosted-rv32-compiler
2026-09-22T15:39:01.2211424Z  * [new branch]        504-readiness-evidence                   -> origin/504-readiness-evidence
2026-09-22T15:39:01.2212050Z  * [new branch]        505-review-evidence                      -> origin/505-review-evidence
2026-09-22T15:39:01.2212746Z  * [new branch]        69-aecp-notification-triggers            -> origin/69-aecp-notification-triggers
2026-09-22T15:39:01.2213458Z  * [new branch]        70-firmware-flash-writer                 -> origin/70-firmware-flash-writer
2026-09-22T15:39:01.2214410Z  * [new branch]        70-flat-names-allocation                 -> origin/70-flat-names-allocation
2026-09-22T15:39:01.2215296Z  * [new branch]        70-nvm-backend                           -> origin/70-nvm-backend
2026-09-22T15:39:01.2215902Z  * [new branch]        70-nvm-persistence                       -> origin/70-nvm-persistence
2026-09-22T15:39:01.2216762Z  * [new branch]        74-media-clock-select-crf-and-align-the-audio-grid -> origin/74-media-clock-select-crf-and-align-the-audio-grid
2026-09-22T15:39:01.2217632Z  * [new branch]        75-lwsrp-restart-bound                   -> origin/75-lwsrp-restart-bound
2026-09-22T15:39:01.2218355Z  * [new branch]        chore/cpp-core-guidelines-idiom          -> origin/chore/cpp-core-guidelines-idiom
2026-09-22T15:39:01.2219199Z  * [new branch]        dev                                      -> origin/dev
2026-09-22T15:39:01.2219725Z  * [new branch]        finish-259-116                           -> origin/finish-259-116
2026-09-22T15:39:01.2220522Z  * [new branch]        main                                     -> origin/main
2026-09-22T15:39:01.2221360Z  * [new branch]        pin-gptp-processor-to-donor-main         -> origin/pin-gptp-processor-to-donor-main
2026-09-22T15:39:01.2222188Z  * [new branch]        pp46-lstn-reg-state-whole-project        -> origin/pp46-lstn-reg-state-whole-project
2026-09-22T15:39:01.2223159Z  * [new branch]        pp51-sampling-rate-whole-project         -> origin/pp51-sampling-rate-whole-project
2026-09-22T15:39:01.2224000Z  * [new branch]        pp90-nvm-exports-whole-project           -> origin/pp90-nvm-exports-whole-project
2026-09-22T15:39:01.2224699Z  * [new branch]        repin-gptp-09af9fc                       -> origin/repin-gptp-09af9fc
2026-09-22T15:39:01.2225404Z  * [new branch]        repin-gptp-after-donor-rewrite           -> origin/repin-gptp-after-donor-rewrite
2026-09-22T15:39:01.2226089Z  * [new branch]        repin-gptp-bacf812                       -> origin/repin-gptp-bacf812
2026-09-22T15:39:01.2226743Z  * [new branch]        shape-include-ambiguity                  -> origin/shape-include-ambiguity
2026-09-22T15:39:01.2227425Z  * [new branch]        validation/478-candidate2                -> origin/validation/478-candidate2
2026-09-22T15:39:01.2228049Z  * [new ref]           3030c830e1071ae37fd6a2a59f9f04c226a477d3 -> pull/519/merge
2026-09-22T15:39:01.2229684Z ##[endgroup]
2026-09-22T15:39:01.2230170Z ##[group]Determining the checkout info
2026-09-22T15:39:01.2231294Z ##[endgroup]
2026-09-22T15:39:01.2231631Z [command]/usr/bin/git sparse-checkout disable
2026-09-22T15:39:01.2232643Z [command]/usr/bin/git config --local --unset-all extensions.worktreeConfig
2026-09-22T15:39:01.2233671Z ##[group]Checking out the ref
2026-09-22T15:39:01.2234124Z [command]/usr/bin/git checkout --progress --force refs/remotes/pull/519/merge
2026-09-22T15:39:01.3851916Z Note: switching to 'refs/remotes/pull/519/merge'.
2026-09-22T15:39:01.3852560Z 
2026-09-22T15:39:01.3852918Z You are in 'detached HEAD' state. You can look around, make experimental
2026-09-22T15:39:01.3853673Z changes and commit them, and you can discard any commits you make in this
2026-09-22T15:39:01.3854410Z state without impacting any branches by switching back to a branch.
2026-09-22T15:39:01.3854835Z 
2026-09-22T15:39:01.3855119Z If you want to create a new branch to retain commits you create, you may
2026-09-22T15:39:01.3855801Z do so (now or later) by using -c with the switch command. Example:
2026-09-22T15:39:01.3856203Z 
2026-09-22T15:39:01.3856441Z   git switch -c <new-branch-name>
2026-09-22T15:39:01.3856725Z 
2026-09-22T15:39:01.3856904Z Or undo this operation with:
2026-09-22T15:39:01.3857168Z 
2026-09-22T15:39:01.3857335Z   git switch -
2026-09-22T15:39:01.3857539Z 
2026-09-22T15:39:01.3857881Z Turn off this advice by setting config variable advice.detachedHead to false
2026-09-22T15:39:01.3858355Z 
2026-09-22T15:39:01.3858865Z HEAD is now at 3030c830 Merge df53dfa116b34816db0193230ad9833e67bf46dd into 483a133ed08867ea0d300d2b4a027b5b48a4282f
2026-09-22T15:39:01.3877126Z ##[endgroup]
2026-09-22T15:39:01.3928652Z [command]/usr/bin/git log -1 --format=%H
2026-09-22T15:39:01.3958556Z 3030c830e1071ae37fd6a2a59f9f04c226a477d3
2026-09-22T15:39:01.4188743Z ##[group]Run set -euo pipefail
2026-09-22T15:39:01.4189307Z [36;1mset -euo pipefail[0m
2026-09-22T15:39:01.4189684Z [36;1mpython3 scripts/ci_scope.py --selftest[0m
2026-09-22T15:39:01.4190061Z [36;1m[0m
2026-09-22T15:39:01.4190711Z [36;1mbase=""[0m
2026-09-22T15:39:01.4191053Z [36;1mif [ "$EVENT_NAME" = pull_request ]; then[0m
2026-09-22T15:39:01.4191441Z [36;1m  base="$PR_BASE_SHA"[0m
2026-09-22T15:39:01.4265341Z [36;1melse[0m
2026-09-22T15:39:01.4266190Z [36;1m  base="$PUSH_BEFORE_SHA"[0m
2026-09-22T15:39:01.4266586Z [36;1mfi[0m
2026-09-22T15:39:01.4266896Z [36;1m[0m
2026-09-22T15:39:01.4267200Z [36;1mif [ -n "$base" ] \[0m
2026-09-22T15:39:01.4267640Z [36;1m   && [ "$base" != 0000000000000000000000000000000000000000 ] \[0m
2026-09-22T15:39:01.4268129Z [36;1m   && git cat-file -e "$base^{commit}" 2>/dev/null; then[0m
2026-09-22T15:39:01.4268624Z [36;1m  git diff --no-renames --name-only "$base" "$GITHUB_SHA" \[0m
2026-09-22T15:39:01.4269140Z [36;1m    > "$RUNNER_TEMP/changed-files"[0m
2026-09-22T15:39:01.4269490Z [36;1melse[0m
2026-09-22T15:39:01.4269865Z [36;1m  # An unknown base must never turn a real change into docs-only.[0m
2026-09-22T15:39:01.4270756Z [36;1m  git ls-files > "$RUNNER_TEMP/changed-files"[0m
2026-09-22T15:39:01.4271160Z [36;1mfi[0m
2026-09-22T15:39:01.4271414Z [36;1m[0m
2026-09-22T15:39:01.4271680Z [36;1mecho "Changed files:"[0m
2026-09-22T15:39:01.4272045Z [36;1msed 's/^/  /' "$RUNNER_TEMP/changed-files"[0m
2026-09-22T15:39:01.4272567Z [36;1mrtl="$(python3 scripts/ci_scope.py < "$RUNNER_TEMP/changed-files")"[0m
2026-09-22T15:39:01.4273051Z [36;1mecho "rtl=$rtl" >> "$GITHUB_OUTPUT"[0m
2026-09-22T15:39:01.4273424Z [36;1mecho "RTL/tooling relevant: $rtl"[0m
2026-09-22T15:39:01.4317256Z shell: /usr/bin/bash -e {0}
2026-09-22T15:39:01.4317623Z env:
2026-09-22T15:39:01.4317906Z   VERILATOR_VERSION: v5.050
2026-09-22T15:39:01.4318220Z   YOSYS_VERSION: v0.66
2026-09-22T15:39:01.4318518Z   EVENT_NAME: pull_request
2026-09-22T15:39:01.4318900Z   PR_BASE_SHA: 483a133ed08867ea0d300d2b4a027b5b48a4282f
2026-09-22T15:39:01.4319291Z   PUSH_BEFORE_SHA: 
2026-09-22T15:39:01.4319567Z ##[endgroup]
2026-09-22T15:39:04.3826091Z   ok   ['docs/testing/CI_WORKFLOWS.md']: rtl=False
2026-09-22T15:39:04.3827140Z   ok   ['README.md', 'AGENTS.md']: rtl=False
2026-09-22T15:39:04.3827854Z   ok   ['LICENSES/CERN-OHL-W-2.0.txt']: rtl=False
2026-09-22T15:39:04.3828779Z   ok   ['docs/diagrams/x.drawio', 'docs/diagrams/x.svg', 'docs/diagrams/x.png']: rtl=False
2026-09-22T15:39:04.3829814Z   ok   ['hdl/ieee1722/avtp/doc/TEST_RESULTS.md']: rtl=True
2026-09-22T15:39:04.3830970Z   ok   ['hdl/ieee8021as/gptp_plane/doc/TEST_RESULTS.md']: rtl=True
2026-09-22T15:39:04.3832039Z   ok   ['docs/reference/REGISTER_MAP.md']: rtl=True
2026-09-22T15:39:04.3833141Z   ok   ['docs/testing/MILAN_V12_AUDIT_2026-08-16.md']: rtl=True
2026-09-22T15:39:04.3834822Z   ok   ['docs/reference/TRACE_EVENTS.md']: rtl=True
2026-09-22T15:39:04.3837482Z   ok   ['docs/traceability/gen_module_matrix.py']: rtl=True
2026-09-22T15:39:04.3838459Z   ok   ['docs/diagrams/PNG_MANIFEST.json']: rtl=True
2026-09-22T15:39:04.3840020Z   ok   ['docs/traceability/untested.budget']: rtl=True
2026-09-22T15:39:04.3841045Z   ok   ['docs/notes.txt']: rtl=True
2026-09-22T15:39:04.3841694Z   ok   ['tb/verilator/milan_dp/README.md']: rtl=True
2026-09-22T15:39:04.3842415Z   ok   ['hdl/ieee1722/aaf/doc/x.svg']: rtl=True
2026-09-22T15:39:04.3843066Z   ok   ['cdc_census.drawio']: rtl=True
2026-09-22T15:39:04.3843669Z   ok   ['cdc_census.svg']: rtl=True
2026-09-22T15:39:04.3844405Z   ok   ['docs/x.md', 'hdl/ieee1722/avtp/doc/TEST_RESULTS.md']: rtl=True
2026-09-22T15:39:04.3845527Z   ok   ['docs/testing/MILAN_V12_AUDIT_2026-10-01.md', 'docs/testing/MILAN_V12_AUDIT_2026-08-16.md']: rtl=True
2026-09-22T15:39:04.3846706Z   ok   ['docs/design/KL_pp_shadow.md', 'hdl/milan/KL_pp_shadow.sv']: rtl=True
2026-09-22T15:39:04.3847549Z   ok   ['hdl/milan/KL_pp_shadow.sv']: rtl=True
2026-09-22T15:39:04.3848973Z   ok   ['.github/ISSUE_TEMPLATE/task.yml']: rtl=True
2026-09-22T15:39:04.3849711Z   ok   ['LICENSE']: rtl=True
2026-09-22T15:39:04.3850225Z   ok   ['notes.rst']: rtl=True
2026-09-22T15:39:04.3851067Z   ok   ['docs/x.md', 'hdl/ieee1722/aaf/doc/x.svg.in']: rtl=True
2026-09-22T15:39:04.3851495Z   ok   ['requirements.txt']: rtl=True
2026-09-22T15:39:04.3851865Z   ok   ['hdl/milan/milan_datapath.sv']: rtl=True
2026-09-22T15:39:04.3852236Z   ok   ['scripts/lint_rtl.py']: rtl=True
2026-09-22T15:39:04.3852600Z   ok   ['.github/workflows/rtl.yml']: rtl=True
2026-09-22T15:39:04.3853364Z   ok   ['docs/x.md', 'tb/verilator/cdc/Makefile']: rtl=True
2026-09-22T15:39:04.3853783Z   ok   []: rtl=True
2026-09-22T15:39:04.3854083Z   ok   ['gptp-processor']: rtl=True
2026-09-22T15:39:04.3854438Z   ok   ['protocol-processor']: rtl=True
2026-09-22T15:39:04.3854777Z   ok   ['external']: rtl=True
2026-09-22T15:39:04.3855109Z   ok   ['third_party/verilog-axis']: rtl=True
2026-09-22T15:39:04.3855470Z   ok   ['.gitmodules']: rtl=True
2026-09-22T15:39:04.3855824Z   ok   ['docs/x.md', 'gptp-processor']: rtl=True
2026-09-22T15:39:04.3856211Z   ok   submodule rule names protocol-processor
2026-09-22T15:39:04.3856603Z   ok   submodule rule names gptp-processor
2026-09-22T15:39:04.3856962Z   ok   submodule rule names external
2026-09-22T15:39:04.3857338Z   ok   submodule rule names third_party/verilog-axis
2026-09-22T15:39:04.3857720Z   ok   submodule rule names .gitmodules
2026-09-22T15:39:04.3858319Z   ok   gate-read page docs/reference/REGISTER_MAP.md (named at tests/steps/counters_contract_steps.py:38) is relevant
2026-09-22T15:39:04.3859139Z   ok   gate-read page docs/reference/TRACE_EVENTS.md (named at sw/trace/gen_trace_events.py:28) is relevant
2026-09-22T15:39:04.3859997Z   ok   gate-read page docs/testing/MILAN_V12_AUDIT_2026-08-16.md (named at tests/steps/milan_streaming_licence_steps.py:27) is relevant
2026-09-22T15:39:04.3861317Z   ok   a new reader spelt as a whole path literal names ['docs/reference/EGRESS_QUEUE_MAP.md']
2026-09-22T15:39:04.3862028Z   ok   a new reader spelt as a pathlib join of literals names ['docs/reference/EGRESS_QUEUE_MAP.md']
2026-09-22T15:39:04.3862713Z   ok   a new reader spelt as os.path.join of its pieces names ['docs/reference/EGRESS_QUEUE_MAP.md']
2026-09-22T15:39:04.3863455Z   ok   a new reader spelt as a docs directory constant joined later names ['docs/reference/EGRESS_QUEUE_MAP.md']
2026-09-22T15:39:04.3864244Z   ok   a new reader spelt as an f-string over a directory variable names ['docs/reference/EGRESS_QUEUE_MAP.md']
2026-09-22T15:39:04.3865010Z   ok   a new reader spelt as an f-string over a literal directory names ['docs/reference/EGRESS_QUEUE_MAP.md']
2026-09-22T15:39:04.3865701Z   ok   a new reader spelt as a relative literal names ['docs/reference/EGRESS_QUEUE_MAP.md']
2026-09-22T15:39:04.3866438Z   ok   a new reader spelt as a join wrapped over two lines names ['docs/reference/EGRESS_QUEUE_MAP.md']
2026-09-22T15:39:04.3867200Z   ok   a new reader spelt as a bare file name handed to a helper names ['docs/reference/EGRESS_QUEUE_MAP.md']
2026-09-22T15:39:04.3867867Z   ok   a new reader spelt as a top-level page as a whole literal names ['QUICKSTART.md']
2026-09-22T15:39:04.3868611Z   ok   a new reader spelt as a recipe reading it through a directory variable names ['docs/reference/EGRESS_QUEUE_MAP.md']
2026-09-22T15:39:04.3869408Z   ok   a new reader spelt as a recipe reading its whole path names ['docs/reference/EGRESS_QUEUE_MAP.md']
2026-09-22T15:39:04.3870095Z   ok   a new reader spelt as a shell line reading it names ['docs/reference/EGRESS_QUEUE_MAP.md']
2026-09-22T15:39:04.3871244Z   ok   a new reader spelt as a comment naming it names nothing
2026-09-22T15:39:04.3871926Z   ok   a new reader spelt as a message naming it names nothing
2026-09-22T15:39:04.3872409Z   ok   a new reader spelt as a reader docs-check runs too names nothing
2026-09-22T15:39:04.3872900Z   ok   mutation: gptp-processor filed as docs-only is rejected
2026-09-22T15:39:04.3873571Z   ok   mutation: protocol-processor filed as docs-only is rejected
2026-09-22T15:39:04.3874056Z   ok   mutation: external filed as docs-only is rejected
2026-09-22T15:39:04.3874558Z   ok   mutation: third_party/verilog-axis filed as docs-only is rejected
2026-09-22T15:39:04.3875087Z   ok   mutation: .gitmodules filed as docs-only is rejected
2026-09-22T15:39:04.3875616Z   ok   mutation: .github/ISSUE_TEMPLATE/ filed as docs-only is rejected
2026-09-22T15:39:04.3876118Z   ok   mutation: LICENSE filed as docs-only is rejected
2026-09-22T15:39:04.3876685Z   ok   mutation: .rst filed as docs-only is rejected
2026-09-22T15:39:04.3877127Z   ok   mutation: docs/ filed as docs-only is rejected
2026-09-22T15:39:04.3877628Z   ok   mutation: hdl/ieee1722/avtp/doc/ filed as docs-only is rejected
2026-09-22T15:39:04.3878220Z   ok   mutation: hdl/ieee8021as/gptp_plane/doc/ filed as docs-only is rejected
2026-09-22T15:39:04.3878738Z   ok   mutation: tb/ filed as docs-only is rejected
2026-09-22T15:39:04.3879164Z   ok   mutation: .py filed as docs-only is rejected
2026-09-22T15:39:04.3879655Z   ok   mutation: .json filed as docs-only is rejected
2026-09-22T15:39:04.3880086Z   ok   mutation: .svg filed as docs-only is rejected
2026-09-22T15:39:04.3880840Z   ok   mutation: gate-read docs/reference/REGISTER_MAP.md filed as docs-only is rejected
2026-09-22T15:39:04.3881586Z   ok   mutation: the scan still names docs/reference/REGISTER_MAP.md once the table drops it
2026-09-22T15:39:04.3882292Z   ok   mutation: gate-read docs/reference/TRACE_EVENTS.md filed as docs-only is rejected
2026-09-22T15:39:04.3883001Z   ok   mutation: the scan still names docs/reference/TRACE_EVENTS.md once the table drops it
2026-09-22T15:39:04.3883749Z   ok   mutation: gate-read docs/testing/MILAN_V12_AUDIT_2026-08-16.md filed as docs-only is rejected
2026-09-22T15:39:04.3884532Z   ok   mutation: the scan still names docs/testing/MILAN_V12_AUDIT_2026-08-16.md once the table drops it
2026-09-22T15:39:04.3885067Z selftest: PASS
2026-09-22T15:39:04.3937405Z Changed files:
2026-09-22T15:39:04.3949328Z   CONTRIBUTING.md
2026-09-22T15:39:04.3949824Z   scripts/check_merge_containment.py
2026-09-22T15:39:04.3950473Z   scripts/merge_containment_replay.py
2026-09-22T15:39:04.3951132Z   scripts/merge_containment_selftest.py
2026-09-22T15:39:04.3951805Z   scripts/merge_containment_selftest_mutations.py
2026-09-22T15:39:04.3952801Z   scripts/merge_containment_selftest_replay.py
2026-09-22T15:39:04.3953273Z   scripts/merge_containment_selftest_retention.py
2026-09-22T15:39:04.4376217Z RTL/tooling relevant: true
2026-09-22T15:39:04.4541096Z Node 20 is being deprecated. This workflow is running with Node 24 by default. If you need to temporarily use Node 20, you can set the ACTIONS_ALLOW_USE_UNSECURE_NODE_VERSION=true environment variable. For more information see: https://github.blog/changelog/2025-09-19-deprecation-of-node-20-on-github-actions-runners/
2026-09-22T15:39:04.4543377Z Post job cleanup.
2026-09-22T15:39:04.5430048Z [command]/usr/bin/git version
2026-09-22T15:39:04.5474234Z git version 2.55.0
2026-09-22T15:39:04.5525494Z Temporarily overriding HOME='/home/runner/work/_temp/60b36ab3-8370-4946-bba7-955295cdd8ca' before making global git config changes
2026-09-22T15:39:04.5528146Z Adding repository directory to the temporary git global config as a safe directory
2026-09-22T15:39:04.5532775Z [command]/usr/bin/git config --global --add safe.directory /home/runner/work/milan-fpga/milan-fpga
2026-09-22T15:39:04.5584226Z [command]/usr/bin/git config --local --name-only --get-regexp core\.sshCommand
2026-09-22T15:39:04.5627827Z [command]/usr/bin/git submodule foreach --recursive sh -c "git config --local --name-only --get-regexp 'core\.sshCommand' && git config --local --unset-all 'core.sshCommand' || :"
2026-09-22T15:39:04.5971657Z [command]/usr/bin/git config --local --name-only --get-regexp http\.https\:\/\/github\.com\/\.extraheader
2026-09-22T15:39:04.5973272Z http.https://github.com/.extraheader
2026-09-22T15:39:04.6032387Z [command]/usr/bin/git config --local --unset-all http.https://github.com/.extraheader
2026-09-22T15:39:04.6063126Z [command]/usr/bin/git submodule foreach --recursive sh -c "git config --local --name-only --get-regexp 'http\.https\:\/\/github\.com\/\.extraheader' && git config --local --unset-all 'http.https://github.com/.extraheader' || :"
2026-09-22T15:39:04.6286759Z [command]/usr/bin/git config --local --name-only --get-regexp ^includeIf\.gitdir:
2026-09-22T15:39:04.6334601Z [command]/usr/bin/git submodule foreach --recursive git config --local --show-origin --name-only --get-regexp remote.origin.url
2026-09-22T15:39:04.6789958Z Evaluate and set job outputs
2026-09-22T15:39:04.6796177Z Set output 'rtl'
2026-09-22T15:39:04.6798602Z Cleaning up orphan processes
2026-09-22T15:39:04.7324005Z ##[warning]Node.js 20 is deprecated. The following actions target Node.js 20 but are being forced to run on Node.js 24: actions/checkout@v4. For more information see: https://github.blog/changelog/2025-09-19-deprecation-of-node-20-on-github-actions-runners/
