Note: Google Test filter = Srp.InListenerWithdrawalRevokesLicenceImmediately
[==========] Running 1 test from 1 test suite.
[----------] Global test environment set-up.
[----------] 1 test from Srp
[ RUN      ] Srp.InListenerWithdrawalRevokesLicenceImmediately
$REPO/sw/firmware/ctrl/test/srp_mbx.cpp:501: Failure
Value of: adapter.ifs[i].active[0]
  Actual: true
Expected: false

  [FAIL] Srp.InListenerWithdrawalRevokesLicenceImmediately: Expected: false
$REPO/sw/firmware/ctrl/test/srp_mbx.cpp:501: Failure
Value of: adapter.ifs[i].active[0]
  Actual: true
Expected: false

  [FAIL] Srp.InListenerWithdrawalRevokesLicenceImmediately: Expected: false
$REPO/sw/firmware/ctrl/test/srp_mbx.cpp:503: Failure
Expected equality of these values:
  adapter.stops
    Which is: 0
  2u
    Which is: 2

  [FAIL] Srp.InListenerWithdrawalRevokesLicenceImmediately:     Which is: 2
[  FAILED  ] Srp.InListenerWithdrawalRevokesLicenceImmediately (1 ms)
[----------] 1 test from Srp (1 ms total)

[----------] Global test environment tear-down
[==========] 1 test from 1 test suite ran. (1 ms total)
[  PASSED  ] 0 tests.
[  FAILED  ] 1 test, listed below:
[  FAILED  ] Srp.InListenerWithdrawalRevokesLicenceImmediately

 1 FAILED TEST
== ctrl SRP mailbox: checks: 1   failures: 1 ==
RESULT: FAIL
  verdict: FAIL (its tallies report 1 failure(s) across 1 checks, exit 1)