Note: Google Test filter = Srp.WireMismatchesCannotAdmitBoundSinkAndLeaveExpiresIt
[==========] Running 1 test from 1 test suite.
[----------] Global test environment set-up.
[----------] 1 test from Srp
[ RUN      ] Srp.WireMismatchesCannotAdmitBoundSinkAndLeaveExpiresIt
$REPO/sw/firmware/ctrl/test/srp_mbx.cpp:319: Failure
Expected equality of these values:
  adapter.ifs[0].sinks[1].declared
    Which is: '\x2' (2)
  0u
    Which is: 0

  [FAIL] Srp.WireMismatchesCannotAdmitBoundSinkAndLeaveExpiresIt:     Which is: 0
[  FAILED  ] Srp.WireMismatchesCannotAdmitBoundSinkAndLeaveExpiresIt (1 ms)
[----------] 1 test from Srp (1 ms total)

[----------] Global test environment tear-down
[==========] 1 test from 1 test suite ran. (1 ms total)
[  PASSED  ] 0 tests.
[  FAILED  ] 1 test, listed below:
[  FAILED  ] Srp.WireMismatchesCannotAdmitBoundSinkAndLeaveExpiresIt

 1 FAILED TEST
== ctrl SRP mailbox: checks: 1   failures: 1 ==
RESULT: FAIL
  verdict: FAIL (its tallies report 1 failure(s) across 1 checks, exit 1)