Milan baremetal: CSR ID=4d494c4e VERSION=00020059, RV32I machine mode, no MMU/cache.
NOTE {"key":"overlap_grant","value":574,"cycle":574}
Milan NVM: the backend refused 4 window load(s) and the window then went live; the writer is disabled until the next reset.
Milan NVM: slot A VD_OK seq 1, slot B VD_BLANK seq 0; offered A seq 1 (VD_OK), 12680 B at 0x94495fc0; walk done=1 fail=1 blank=1 backed=0.
Milan baremetal: AEM 4 B copied QSPI +0x00400000 -> 0x943a6fc0, CRC 3e6a6713.
Milan baremetal: fabric entity enabled; UART diagnostics ready.
OBS {"tag":"boot","cycle":38937,"ms":38,"stat":3284142368,"capid":0,"backed":0,"dirty_pub":1,"stale":0,"pend":1,"unres":1,"verdict":0,"img_valid":0,"alarm":0,"mgr_dirty":0,"port_busy":0,"dev_busy":0,"restore_done":1,"restore_fail":1,"blank":1,"dyn_dirty":0,"dyn_fmt0":"0x0000000000000000","dyn_fmt0_v":0,"erases":0,"programs":0,"hb":0,"hb_max_gap_ms":0,"losses":0,"bad101":0,"mem_accepts":112,"mem_errs":3,"own":[263175,33489405,33489407,16711935,4294967295,4294967295,4294967295,7],"preloads":[]}
OBS {"tag":"live","cycle":38937,"ms":38,"stat":3284142368,"capid":0,"backed":0,"dirty_pub":1,"stale":0,"pend":1,"unres":1,"verdict":0,"img_valid":0,"alarm":0,"mgr_dirty":0,"port_busy":0,"dev_busy":0,"restore_done":1,"restore_fail":1,"blank":1,"dyn_dirty":0,"dyn_fmt0":"0x0000000000000000","dyn_fmt0_v":0,"erases":0,"programs":0,"hb":0,"hb_max_gap_ms":0,"losses":0,"bad101":0,"mem_accepts":112,"mem_errs":3,"own":[263175,33489405,33489407,16711935,4294967295,4294967295,4294967295,7],"preloads":[]}
Milan NVM: no window load was accepted in this boot; the writer stays retired until the next reset.
Milan NVM: slot A VD_OK seq 1, slot B VD_BLANK seq 0; offered A seq 1 (VD_OK), 12680 B at 0x94495fc0; walk done=1 fail=1 blank=1 backed=0.
OBS {"tag":"restarted","cycle":38940,"ms":38,"stat":3284142368,"capid":0,"backed":0,"dirty_pub":1,"stale":0,"pend":1,"unres":1,"verdict":0,"img_valid":0,"alarm":0,"mgr_dirty":0,"port_busy":0,"dev_busy":0,"restore_done":1,"restore_fail":1,"blank":1,"dyn_dirty":0,"dyn_fmt0":"0x0000000000000000","dyn_fmt0_v":0,"erases":0,"programs":0,"hb":0,"hb_max_gap_ms":0,"losses":0,"bad101":0,"mem_accepts":112,"mem_errs":3,"own":[263175,33489405,33489407,16711935,4294967295,4294967295,4294967295,7],"preloads":[]}
OBS {"tag":"end","cycle":6038965,"ms":6038,"stat":3284142368,"capid":0,"backed":0,"dirty_pub":1,"stale":0,"pend":1,"unres":1,"verdict":0,"img_valid":0,"alarm":0,"mgr_dirty":0,"port_busy":0,"dev_busy":0,"restore_done":1,"restore_fail":1,"blank":1,"dyn_dirty":0,"dyn_fmt0":"0x0000000000000000","dyn_fmt0_v":0,"erases":0,"programs":0,"hb":0,"hb_max_gap_ms":0,"losses":0,"bad101":0,"mem_accepts":112,"mem_errs":3,"own":[263175,33489405,33489407,16711935,4294967295,4294967295,4294967295,7],"preloads":[]}
OBS {"tag":"rewritten","cycle":6153504,"ms":6153,"stat":3271559456,"capid":0,"backed":0,"dirty_pub":1,"stale":0,"pend":0,"unres":0,"verdict":0,"img_valid":0,"alarm":0,"mgr_dirty":0,"port_busy":0,"dev_busy":0,"restore_done":1,"restore_fail":1,"blank":1,"dyn_dirty":0,"dyn_fmt0":"0x0000000000000000","dyn_fmt0_v":0,"erases":0,"programs":0,"hb":0,"hb_max_gap_ms":0,"losses":0,"bad101":0,"mem_accepts":25324,"mem_errs":3,"own":[0,0,0,0,0,0,0,0],"preloads":[]}
OBS {"tag":"end2","cycle":9153570,"ms":9153,"stat":3271559456,"capid":0,"backed":0,"dirty_pub":1,"stale":0,"pend":0,"unres":0,"verdict":0,"img_valid":0,"alarm":0,"mgr_dirty":0,"port_busy":0,"dev_busy":0,"restore_done":1,"restore_fail":1,"blank":1,"dyn_dirty":0,"dyn_fmt0":"0x0000000000000000","dyn_fmt0_v":0,"erases":0,"programs":0,"hb":0,"hb_max_gap_ms":0,"losses":0,"bad101":0,"mem_accepts":25324,"mem_errs":3,"own":[0,0,0,0,0,0,0,0],"preloads":[]}
EVT {"k":"op","src":"bfm","op":2,"rid":32,"req":85,"gnt":86,"end":199,"res":"err","bytes":28}
EVT {"k":"op","src":"bfm","op":2,"rid":32,"req":266,"gnt":267,"end":380,"res":"err","bytes":28}
EVT {"k":"op","src":"bfm","op":2,"rid":32,"req":447,"gnt":448,"end":561,"res":"err","bytes":28}
EVT {"k":"op","src":"bfm","op":1,"rid":33,"req":573,"gnt":574,"end":8708,"res":"done","bytes":28}
EVT {"k":"op","src":"port","op":0,"rid":32,"req":8709,"gnt":8710,"end":8720,"res":"done","bytes":0}
EVT {"k":"op","src":"port","op":0,"rid":33,"req":8724,"gnt":8725,"end":8735,"res":"done","bytes":0}
EVT {"k":"op","src":"port","op":0,"rid":34,"req":8739,"gnt":8740,"end":8750,"res":"done","bytes":0}
EVT {"k":"op","src":"port","op":0,"rid":35,"req":8754,"gnt":8755,"end":8765,"res":"done","bytes":0}
EVT {"k":"op","src":"port","op":0,"rid":36,"req":8769,"gnt":8770,"end":8780,"res":"done","bytes":0}
EVT {"k":"op","src":"port","op":0,"rid":37,"req":8784,"gnt":8785,"end":8795,"res":"done","bytes":0}
EVT {"k":"op","src":"port","op":0,"rid":38,"req":8799,"gnt":8800,"end":8810,"res":"done","bytes":0}
EVT {"k":"op","src":"port","op":0,"rid":39,"req":8814,"gnt":8815,"end":8825,"res":"done","bytes":0}
EVT {"k":"op","src":"port","op":0,"rid":40,"req":8829,"gnt":8830,"end":8840,"res":"done","bytes":0}
EVT {"k":"op","src":"bfm","op":2,"rid":0,"req":6038965,"gnt":6038966,"end":6039007,"res":"done","bytes":10}
EVT {"k":"op","src":"bfm","op":1,"rid":0,"req":6039008,"gnt":6039009,"end":6039061,"res":"done","bytes":10}
EVT {"k":"op","src":"bfm","op":2,"rid":1,"req":6039062,"gnt":6039063,"end":6039128,"res":"done","bytes":16}
EVT {"k":"op","src":"bfm","op":1,"rid":1,"req":6039129,"gnt":6039130,"end":6039212,"res":"done","bytes":16}
EVT {"k":"op","src":"bfm","op":2,"rid":2,"req":6039213,"gnt":6039214,"end":6039263,"res":"done","bytes":12}
EVT {"k":"op","src":"bfm","op":1,"rid":2,"req":6039264,"gnt":6039265,"end":6039327,"res":"done","bytes":12}
EVT {"k":"op","src":"bfm","op":2,"rid":10,"req":6039328,"gnt":6039329,"end":6039370,"res":"done","bytes":10}
EVT {"k":"op","src":"bfm","op":1,"rid":10,"req":6039371,"gnt":6039372,"end":6039424,"res":"done","bytes":10}
EVT {"k":"op","src":"bfm","op":2,"rid":18,"req":6039425,"gnt":6039426,"end":6039723,"res":"done","bytes":74}
EVT {"k":"op","src":"bfm","op":1,"rid":18,"req":6039724,"gnt":6039725,"end":6040097,"res":"done","bytes":74}
EVT {"k":"op","src":"bfm","op":2,"rid":32,"req":6040098,"gnt":6040099,"end":6040212,"res":"done","bytes":28}
EVT {"k":"op","src":"bfm","op":1,"rid":32,"req":6040213,"gnt":6040214,"end":6040356,"res":"done","bytes":28}
EVT {"k":"op","src":"bfm","op":2,"rid":34,"req":6040357,"gnt":6040358,"end":6040471,"res":"done","bytes":28}
EVT {"k":"op","src":"bfm","op":1,"rid":34,"req":6040472,"gnt":6040473,"end":6040615,"res":"done","bytes":28}
EVT {"k":"op","src":"bfm","op":2,"rid":35,"req":6040616,"gnt":6040617,"end":6040730,"res":"done","bytes":28}
EVT {"k":"op","src":"bfm","op":1,"rid":35,"req":6040731,"gnt":6040732,"end":6040874,"res":"done","bytes":28}
EVT {"k":"op","src":"bfm","op":2,"rid":36,"req":6040875,"gnt":6040876,"end":6040989,"res":"done","bytes":28}
EVT {"k":"op","src":"bfm","op":1,"rid":36,"req":6040990,"gnt":6040991,"end":6041133,"res":"done","bytes":28}
EVT {"k":"op","src":"bfm","op":2,"rid":37,"req":6041134,"gnt":6041135,"end":6041248,"res":"done","bytes":28}
EVT {"k":"op","src":"bfm","op":1,"rid":37,"req":6041249,"gnt":6041250,"end":6041392,"res":"done","bytes":28}
EVT {"k":"op","src":"bfm","op":2,"rid":38,"req":6041393,"gnt":6041394,"end":6041507,"res":"done","bytes":28}
EVT {"k":"op","src":"bfm","op":1,"rid":38,"req":6041508,"gnt":6041509,"end":6041651,"res":"done","bytes":28}
EVT {"k":"op","src":"bfm","op":2,"rid":39,"req":6041652,"gnt":6041653,"end":6041766,"res":"done","bytes":28}
EVT {"k":"op","src":"bfm","op":1,"rid":39,"req":6041767,"gnt":6041768,"end":6041910,"res":"done","bytes":28}
EVT {"k":"op","src":"bfm","op":2,"rid":40,"req":6041911,"gnt":6041912,"end":6042025,"res":"done","bytes":28}
EVT {"k":"op","src":"bfm","op":1,"rid":40,"req":6042026,"gnt":6042027,"end":6042169,"res":"done","bytes":28}
EVT {"k":"op","src":"bfm","op":2,"rid":48,"req":6042170,"gnt":6042171,"end":6042236,"res":"done","bytes":16}
EVT {"k":"op","src":"bfm","op":1,"rid":48,"req":6042237,"gnt":6042238,"end":6042320,"res":"done","bytes":16}
EVT {"k":"op","src":"bfm","op":2,"rid":49,"req":6042321,"gnt":6042322,"end":6042387,"res":"done","bytes":16}
EVT {"k":"op","src":"bfm","op":1,"rid":49,"req":6042388,"gnt":6042389,"end":6042471,"res":"done","bytes":16}
EVT {"k":"op","src":"bfm","op":2,"rid":50,"req":6042472,"gnt":6042473,"end":6042538,"res":"done","bytes":16}
EVT {"k":"op","src":"bfm","op":1,"rid":50,"req":6042539,"gnt":6042540,"end":6042622,"res":"done","bytes":16}
EVT {"k":"op","src":"bfm","op":2,"rid":51,"req":6042623,"gnt":6042624,"end":6042689,"res":"done","bytes":16}
EVT {"k":"op","src":"bfm","op":1,"rid":51,"req":6042690,"gnt":6042691,"end":6042773,"res":"done","bytes":16}
EVT {"k":"op","src":"bfm","op":2,"rid":52,"req":6042774,"gnt":6042775,"end":6042840,"res":"done","bytes":16}
EVT {"k":"op","src":"bfm","op":1,"rid":52,"req":6042841,"gnt":6042842,"end":6042924,"res":"done","bytes":16}
EVT {"k":"op","src":"bfm","op":2,"rid":53,"req":6042925,"gnt":6042926,"end":6042991,"res":"done","bytes":16}
EVT {"k":"op","src":"bfm","op":1,"rid":53,"req":6042992,"gnt":6042993,"end":6043075,"res":"done","bytes":16}
EVT {"k":"op","src":"bfm","op":2,"rid":54,"req":6043076,"gnt":6043077,"end":6043142,"res":"done","bytes":16}
EVT {"k":"op","src":"bfm","op":1,"rid":54,"req":6043143,"gnt":6043144,"end":6043226,"res":"done","bytes":16}
EVT {"k":"op","src":"bfm","op":2,"rid":55,"req":6043227,"gnt":6043228,"end":6043293,"res":"done","bytes":16}
EVT {"k":"op","src":"bfm","op":1,"rid":55,"req":6043294,"gnt":6043295,"end":6043377,"res":"done","bytes":16}
EVT {"k":"op","src":"bfm","op":2,"rid":56,"req":6043378,"gnt":6043379,"end":6043444,"res":"done","bytes":16}
EVT {"k":"op","src":"bfm","op":1,"rid":56,"req":6043445,"gnt":6043446,"end":6043528,"res":"done","bytes":16}
EVT {"k":"op","src":"bfm","op":2,"rid":64,"req":6043529,"gnt":6043530,"end":6043595,"res":"done","bytes":16}
EVT {"k":"op","src":"bfm","op":1,"rid":64,"req":6043596,"gnt":6043597,"end":6043679,"res":"done","bytes":16}
EVT {"k":"op","src":"bfm","op":2,"rid":65,"req":6043680,"gnt":6043681,"end":6043746,"res":"done","bytes":16}
EVT {"k":"op","src":"bfm","op":1,"rid":65,"req":6043747,"gnt":6043748,"end":6043830,"res":"done","bytes":16}
EVT {"k":"op","src":"bfm","op":2,"rid":66,"req":6043831,"gnt":6043832,"end":6043897,"res":"done","bytes":16}
EVT {"k":"op","src":"bfm","op":1,"rid":66,"req":6043898,"gnt":6043899,"end":6043981,"res":"done","bytes":16}
EVT {"k":"op","src":"bfm","op":2,"rid":67,"req":6043982,"gnt":6043983,"end":6044048,"res":"done","bytes":16}
EVT {"k":"op","src":"bfm","op":1,"rid":67,"req":6044049,"gnt":6044050,"end":6044132,"res":"done","bytes":16}
EVT {"k":"op","src":"bfm","op":2,"rid":68,"req":6044133,"gnt":6044134,"end":6044199,"res":"done","bytes":16}
EVT {"k":"op","src":"bfm","op":1,"rid":68,"req":6044200,"gnt":6044201,"end":6044283,"res":"done","bytes":16}
EVT {"k":"op","src":"bfm","op":2,"rid":69,"req":6044284,"gnt":6044285,"end":6044350,"res":"done","bytes":16}
EVT {"k":"op","src":"bfm","op":1,"rid":69,"req":6044351,"gnt":6044352,"end":6044434,"res":"done","bytes":16}
EVT {"k":"op","src":"bfm","op":2,"rid":70,"req":6044435,"gnt":6044436,"end":6044501,"res":"done","bytes":16}
EVT {"k":"op","src":"bfm","op":1,"rid":70,"req":6044502,"gnt":6044503,"end":6044585,"res":"done","bytes":16}
EVT {"k":"op","src":"bfm","op":2,"rid":71,"req":6044586,"gnt":6044587,"end":6044652,"res":"done","bytes":16}
EVT {"k":"op","src":"bfm","op":1,"rid":71,"req":6044653,"gnt":6044654,"end":6044736,"res":"done","bytes":16}
EVT {"k":"op","src":"bfm","op":2,"rid":72,"req":6044737,"gnt":6044738,"end":6044803,"res":"done","bytes":16}
EVT {"k":"op","src":"bfm","op":1,"rid":72,"req":6044804,"gnt":6044805,"end":6044887,"res":"done","bytes":16}
EVT {"k":"op","src":"bfm","op":2,"rid":80,"req":6044888,"gnt":6044889,"end":6044938,"res":"done","bytes":12}
EVT {"k":"op","src":"bfm","op":1,"rid":80,"req":6044939,"gnt":6044940,"end":6045002,"res":"done","bytes":12}
EVT {"k":"op","src":"bfm","op":2,"rid":81,"req":6045003,"gnt":6045004,"end":6045053,"res":"done","bytes":12}
EVT {"k":"op","src":"bfm","op":1,"rid":81,"req":6045054,"gnt":6045055,"end":6045117,"res":"done","bytes":12}
EVT {"k":"op","src":"bfm","op":2,"rid":82,"req":6045118,"gnt":6045119,"end":6045168,"res":"done","bytes":12}
EVT {"k":"op","src":"bfm","op":1,"rid":82,"req":6045169,"gnt":6045170,"end":6045232,"res":"done","bytes":12}
EVT {"k":"op","src":"bfm","op":2,"rid":83,"req":6045233,"gnt":6045234,"end":6045283,"res":"done","bytes":12}
EVT {"k":"op","src":"bfm","op":1,"rid":83,"req":6045284,"gnt":6045285,"end":6045347,"res":"done","bytes":12}
EVT {"k":"op","src":"bfm","op":2,"rid":84,"req":6045348,"gnt":6045349,"end":6045398,"res":"done","bytes":12}
EVT {"k":"op","src":"bfm","op":1,"rid":84,"req":6045399,"gnt":6045400,"end":6045462,"res":"done","bytes":12}
EVT {"k":"op","src":"bfm","op":2,"rid":85,"req":6045463,"gnt":6045464,"end":6045513,"res":"done","bytes":12}
EVT {"k":"op","src":"bfm","op":1,"rid":85,"req":6045514,"gnt":6045515,"end":6045577,"res":"done","bytes":12}
EVT {"k":"op","src":"bfm","op":2,"rid":86,"req":6045578,"gnt":6045579,"end":6045628,"res":"done","bytes":12}
EVT {"k":"op","src":"bfm","op":1,"rid":86,"req":6045629,"gnt":6045630,"end":6045692,"res":"done","bytes":12}
EVT {"k":"op","src":"bfm","op":2,"rid":87,"req":6045693,"gnt":6045694,"end":6045743,"res":"done","bytes":12}
EVT {"k":"op","src":"bfm","op":1,"rid":87,"req":6045744,"gnt":6045745,"end":6045807,"res":"done","bytes":12}
EVT {"k":"op","src":"bfm","op":2,"rid":88,"req":6045808,"gnt":6045809,"end":6045858,"res":"done","bytes":12}
EVT {"k":"op","src":"bfm","op":1,"rid":88,"req":6045859,"gnt":6045860,"end":6045922,"res":"done","bytes":12}
EVT {"k":"op","src":"bfm","op":2,"rid":96,"req":6045923,"gnt":6045924,"end":6045957,"res":"done","bytes":8}
EVT {"k":"op","src":"bfm","op":1,"rid":96,"req":6045958,"gnt":6045959,"end":6046001,"res":"done","bytes":8}
EVT {"k":"op","src":"bfm","op":2,"rid":97,"req":6046002,"gnt":6046003,"end":6046036,"res":"done","bytes":8}
EVT {"k":"op","src":"bfm","op":1,"rid":97,"req":6046037,"gnt":6046038,"end":6046080,"res":"done","bytes":8}
EVT {"k":"op","src":"bfm","op":2,"rid":98,"req":6046081,"gnt":6046082,"end":6046115,"res":"done","bytes":8}
EVT {"k":"op","src":"bfm","op":1,"rid":98,"req":6046116,"gnt":6046117,"end":6046159,"res":"done","bytes":8}
EVT {"k":"op","src":"bfm","op":2,"rid":99,"req":6046160,"gnt":6046161,"end":6046194,"res":"done","bytes":8}
EVT {"k":"op","src":"bfm","op":1,"rid":99,"req":6046195,"gnt":6046196,"end":6046238,"res":"done","bytes":8}
EVT {"k":"op","src":"bfm","op":2,"rid":100,"req":6046239,"gnt":6046240,"end":6046273,"res":"done","bytes":8}
EVT {"k":"op","src":"bfm","op":1,"rid":100,"req":6046274,"gnt":6046275,"end":6046317,"res":"done","bytes":8}
EVT {"k":"op","src":"bfm","op":2,"rid":101,"req":6046318,"gnt":6046319,"end":6046352,"res":"done","bytes":8}
EVT {"k":"op","src":"bfm","op":1,"rid":101,"req":6046353,"gnt":6046354,"end":6046396,"res":"done","bytes":8}
EVT {"k":"op","src":"bfm","op":2,"rid":102,"req":6046397,"gnt":6046398,"end":6046431,"res":"done","bytes":8}
EVT {"k":"op","src":"bfm","op":1,"rid":102,"req":6046432,"gnt":6046433,"end":6046475,"res":"done","bytes":8}
EVT {"k":"op","src":"bfm","op":2,"rid":103,"req":6046476,"gnt":6046477,"end":6046510,"res":"done","bytes":8}
EVT {"k":"op","src":"bfm","op":1,"rid":103,"req":6046511,"gnt":6046512,"end":6046554,"res":"done","bytes":8}
EVT {"k":"op","src":"bfm","op":2,"rid":112,"req":6046555,"gnt":6046556,"end":6048893,"res":"done","bytes":584}
EVT {"k":"op","src":"bfm","op":1,"rid":112,"req":6048894,"gnt":6048895,"end":6051817,"res":"done","bytes":584}
EVT {"k":"op","src":"bfm","op":2,"rid":113,"req":6051818,"gnt":6051819,"end":6054156,"res":"done","bytes":584}
EVT {"k":"op","src":"bfm","op":1,"rid":113,"req":6054157,"gnt":6054158,"end":6057080,"res":"done","bytes":584}
EVT {"k":"op","src":"bfm","op":2,"rid":114,"req":6057081,"gnt":6057082,"end":6059419,"res":"done","bytes":584}
EVT {"k":"op","src":"bfm","op":1,"rid":114,"req":6059420,"gnt":6059421,"end":6062343,"res":"done","bytes":584}
EVT {"k":"op","src":"bfm","op":2,"rid":115,"req":6062344,"gnt":6062345,"end":6064682,"res":"done","bytes":584}
EVT {"k":"op","src":"bfm","op":1,"rid":115,"req":6064683,"gnt":6064684,"end":6067606,"res":"done","bytes":584}
EVT {"k":"op","src":"bfm","op":2,"rid":116,"req":6067607,"gnt":6067608,"end":6069945,"res":"done","bytes":584}
EVT {"k":"op","src":"bfm","op":1,"rid":116,"req":6069946,"gnt":6069947,"end":6072869,"res":"done","bytes":584}
EVT {"k":"op","src":"bfm","op":2,"rid":117,"req":6072870,"gnt":6072871,"end":6075208,"res":"done","bytes":584}
EVT {"k":"op","src":"bfm","op":1,"rid":117,"req":6075209,"gnt":6075210,"end":6078132,"res":"done","bytes":584}
EVT {"k":"op","src":"bfm","op":2,"rid":118,"req":6078133,"gnt":6078134,"end":6080471,"res":"done","bytes":584}
EVT {"k":"op","src":"bfm","op":1,"rid":118,"req":6080472,"gnt":6080473,"end":6083395,"res":"done","bytes":584}
EVT {"k":"op","src":"bfm","op":2,"rid":119,"req":6083396,"gnt":6083397,"end":6085734,"res":"done","bytes":584}
EVT {"k":"op","src":"bfm","op":1,"rid":119,"req":6085735,"gnt":6085736,"end":6088658,"res":"done","bytes":584}
EVT {"k":"op","src":"bfm","op":2,"rid":128,"req":6088659,"gnt":6088660,"end":6088949,"res":"done","bytes":72}
EVT {"k":"op","src":"bfm","op":1,"rid":128,"req":6088950,"gnt":6088951,"end":6089313,"res":"done","bytes":72}
EVT {"k":"op","src":"bfm","op":2,"rid":129,"req":6089314,"gnt":6089315,"end":6089604,"res":"done","bytes":72}
EVT {"k":"op","src":"bfm","op":1,"rid":129,"req":6089605,"gnt":6089606,"end":6089968,"res":"done","bytes":72}
EVT {"k":"op","src":"bfm","op":2,"rid":130,"req":6089969,"gnt":6089970,"end":6090259,"res":"done","bytes":72}
EVT {"k":"op","src":"bfm","op":1,"rid":130,"req":6090260,"gnt":6090261,"end":6090623,"res":"done","bytes":72}
EVT {"k":"op","src":"bfm","op":2,"rid":131,"req":6090624,"gnt":6090625,"end":6090914,"res":"done","bytes":72}
EVT {"k":"op","src":"bfm","op":1,"rid":131,"req":6090915,"gnt":6090916,"end":6091278,"res":"done","bytes":72}
EVT {"k":"op","src":"bfm","op":2,"rid":132,"req":6091279,"gnt":6091280,"end":6091569,"res":"done","bytes":72}
EVT {"k":"op","src":"bfm","op":1,"rid":132,"req":6091570,"gnt":6091571,"end":6091933,"res":"done","bytes":72}
EVT {"k":"op","src":"bfm","op":2,"rid":133,"req":6091934,"gnt":6091935,"end":6092224,"res":"done","bytes":72}
EVT {"k":"op","src":"bfm","op":1,"rid":133,"req":6092225,"gnt":6092226,"end":6092588,"res":"done","bytes":72}
EVT {"k":"op","src":"bfm","op":2,"rid":134,"req":6092589,"gnt":6092590,"end":6092879,"res":"done","bytes":72}
EVT {"k":"op","src":"bfm","op":1,"rid":134,"req":6092880,"gnt":6092881,"end":6093243,"res":"done","bytes":72}
EVT {"k":"op","src":"bfm","op":2,"rid":135,"req":6093244,"gnt":6093245,"end":6093534,"res":"done","bytes":72}
EVT {"k":"op","src":"bfm","op":1,"rid":135,"req":6093535,"gnt":6093536,"end":6093898,"res":"done","bytes":72}
EVT {"k":"op","src":"bfm","op":2,"rid":136,"req":6093899,"gnt":6093900,"end":6094189,"res":"done","bytes":72}
EVT {"k":"op","src":"bfm","op":1,"rid":136,"req":6094190,"gnt":6094191,"end":6094553,"res":"done","bytes":72}
EVT {"k":"op","src":"bfm","op":2,"rid":137,"req":6094554,"gnt":6094555,"end":6094844,"res":"done","bytes":72}
EVT {"k":"op","src":"bfm","op":1,"rid":137,"req":6094845,"gnt":6094846,"end":6095208,"res":"done","bytes":72}
EVT {"k":"op","src":"bfm","op":2,"rid":138,"req":6095209,"gnt":6095210,"end":6095499,"res":"done","bytes":72}
EVT {"k":"op","src":"bfm","op":1,"rid":138,"req":6095500,"gnt":6095501,"end":6095863,"res":"done","bytes":72}
EVT {"k":"op","src":"bfm","op":2,"rid":139,"req":6095864,"gnt":6095865,"end":6096154,"res":"done","bytes":72}
EVT {"k":"op","src":"bfm","op":1,"rid":139,"req":6096155,"gnt":6096156,"end":6096518,"res":"done","bytes":72}
EVT {"k":"op","src":"bfm","op":2,"rid":140,"req":6096519,"gnt":6096520,"end":6096809,"res":"done","bytes":72}
EVT {"k":"op","src":"bfm","op":1,"rid":140,"req":6096810,"gnt":6096811,"end":6097173,"res":"done","bytes":72}
EVT {"k":"op","src":"bfm","op":2,"rid":141,"req":6097174,"gnt":6097175,"end":6097464,"res":"done","bytes":72}
EVT {"k":"op","src":"bfm","op":1,"rid":141,"req":6097465,"gnt":6097466,"end":6097828,"res":"done","bytes":72}
EVT {"k":"op","src":"bfm","op":2,"rid":142,"req":6097829,"gnt":6097830,"end":6098119,"res":"done","bytes":72}
EVT {"k":"op","src":"bfm","op":1,"rid":142,"req":6098120,"gnt":6098121,"end":6098483,"res":"done","bytes":72}
EVT {"k":"op","src":"bfm","op":2,"rid":143,"req":6098484,"gnt":6098485,"end":6098774,"res":"done","bytes":72}
EVT {"k":"op","src":"bfm","op":1,"rid":143,"req":6098775,"gnt":6098776,"end":6099138,"res":"done","bytes":72}
EVT {"k":"op","src":"bfm","op":2,"rid":144,"req":6099139,"gnt":6099140,"end":6099429,"res":"done","bytes":72}
EVT {"k":"op","src":"bfm","op":1,"rid":144,"req":6099430,"gnt":6099431,"end":6099793,"res":"done","bytes":72}
EVT {"k":"op","src":"bfm","op":2,"rid":145,"req":6099794,"gnt":6099795,"end":6100084,"res":"done","bytes":72}
EVT {"k":"op","src":"bfm","op":1,"rid":145,"req":6100085,"gnt":6100086,"end":6100448,"res":"done","bytes":72}
EVT {"k":"op","src":"bfm","op":2,"rid":146,"req":6100449,"gnt":6100450,"end":6100739,"res":"done","bytes":72}
EVT {"k":"op","src":"bfm","op":1,"rid":146,"req":6100740,"gnt":6100741,"end":6101103,"res":"done","bytes":72}
EVT {"k":"op","src":"bfm","op":2,"rid":147,"req":6101104,"gnt":6101105,"end":6101394,"res":"done","bytes":72}
EVT {"k":"op","src":"bfm","op":1,"rid":147,"req":6101395,"gnt":6101396,"end":6101758,"res":"done","bytes":72}
EVT {"k":"op","src":"bfm","op":2,"rid":148,"req":6101759,"gnt":6101760,"end":6102049,"res":"done","bytes":72}
EVT {"k":"op","src":"bfm","op":1,"rid":148,"req":6102050,"gnt":6102051,"end":6102413,"res":"done","bytes":72}
EVT {"k":"op","src":"bfm","op":2,"rid":149,"req":6102414,"gnt":6102415,"end":6102704,"res":"done","bytes":72}
EVT {"k":"op","src":"bfm","op":1,"rid":149,"req":6102705,"gnt":6102706,"end":6103068,"res":"done","bytes":72}
EVT {"k":"op","src":"bfm","op":2,"rid":150,"req":6103069,"gnt":6103070,"end":6103359,"res":"done","bytes":72}
EVT {"k":"op","src":"bfm","op":1,"rid":150,"req":6103360,"gnt":6103361,"end":6103723,"res":"done","bytes":72}
EVT {"k":"op","src":"bfm","op":2,"rid":151,"req":6103724,"gnt":6103725,"end":6104014,"res":"done","bytes":72}
EVT {"k":"op","src":"bfm","op":1,"rid":151,"req":6104015,"gnt":6104016,"end":6104378,"res":"done","bytes":72}
EVT {"k":"op","src":"bfm","op":2,"rid":152,"req":6104379,"gnt":6104380,"end":6104669,"res":"done","bytes":72}
EVT {"k":"op","src":"bfm","op":1,"rid":152,"req":6104670,"gnt":6104671,"end":6105033,"res":"done","bytes":72}
EVT {"k":"op","src":"bfm","op":2,"rid":153,"req":6105034,"gnt":6105035,"end":6105324,"res":"done","bytes":72}
EVT {"k":"op","src":"bfm","op":1,"rid":153,"req":6105325,"gnt":6105326,"end":6105688,"res":"done","bytes":72}
EVT {"k":"op","src":"bfm","op":2,"rid":154,"req":6105689,"gnt":6105690,"end":6105979,"res":"done","bytes":72}
EVT {"k":"op","src":"bfm","op":1,"rid":154,"req":6105980,"gnt":6105981,"end":6106343,"res":"done","bytes":72}
EVT {"k":"op","src":"bfm","op":2,"rid":155,"req":6106344,"gnt":6106345,"end":6106634,"res":"done","bytes":72}
EVT {"k":"op","src":"bfm","op":1,"rid":155,"req":6106635,"gnt":6106636,"end":6106998,"res":"done","bytes":72}
EVT {"k":"op","src":"bfm","op":2,"rid":156,"req":6106999,"gnt":6107000,"end":6107289,"res":"done","bytes":72}
EVT {"k":"op","src":"bfm","op":1,"rid":156,"req":6107290,"gnt":6107291,"end":6107653,"res":"done","bytes":72}
EVT {"k":"op","src":"bfm","op":2,"rid":157,"req":6107654,"gnt":6107655,"end":6107944,"res":"done","bytes":72}
EVT {"k":"op","src":"bfm","op":1,"rid":157,"req":6107945,"gnt":6107946,"end":6108308,"res":"done","bytes":72}
EVT {"k":"op","src":"bfm","op":2,"rid":158,"req":6108309,"gnt":6108310,"end":6108599,"res":"done","bytes":72}
EVT {"k":"op","src":"bfm","op":1,"rid":158,"req":6108600,"gnt":6108601,"end":6108963,"res":"done","bytes":72}
EVT {"k":"op","src":"bfm","op":2,"rid":159,"req":6108964,"gnt":6108965,"end":6109254,"res":"done","bytes":72}
EVT {"k":"op","src":"bfm","op":1,"rid":159,"req":6109255,"gnt":6109256,"end":6109618,"res":"done","bytes":72}
EVT {"k":"op","src":"bfm","op":2,"rid":160,"req":6109619,"gnt":6109620,"end":6109909,"res":"done","bytes":72}
EVT {"k":"op","src":"bfm","op":1,"rid":160,"req":6109910,"gnt":6109911,"end":6110273,"res":"done","bytes":72}
EVT {"k":"op","src":"bfm","op":2,"rid":161,"req":6110274,"gnt":6110275,"end":6110564,"res":"done","bytes":72}
EVT {"k":"op","src":"bfm","op":1,"rid":161,"req":6110565,"gnt":6110566,"end":6110928,"res":"done","bytes":72}
EVT {"k":"op","src":"bfm","op":2,"rid":162,"req":6110929,"gnt":6110930,"end":6111219,"res":"done","bytes":72}
EVT {"k":"op","src":"bfm","op":1,"rid":162,"req":6111220,"gnt":6111221,"end":6111583,"res":"done","bytes":72}
EVT {"k":"op","src":"bfm","op":2,"rid":163,"req":6111584,"gnt":6111585,"end":6111874,"res":"done","bytes":72}
EVT {"k":"op","src":"bfm","op":1,"rid":163,"req":6111875,"gnt":6111876,"end":6112238,"res":"done","bytes":72}
EVT {"k":"op","src":"bfm","op":2,"rid":164,"req":6112239,"gnt":6112240,"end":6112529,"res":"done","bytes":72}
EVT {"k":"op","src":"bfm","op":1,"rid":164,"req":6112530,"gnt":6112531,"end":6112893,"res":"done","bytes":72}
EVT {"k":"op","src":"bfm","op":2,"rid":165,"req":6112894,"gnt":6112895,"end":6113184,"res":"done","bytes":72}
EVT {"k":"op","src":"bfm","op":1,"rid":165,"req":6113185,"gnt":6113186,"end":6113548,"res":"done","bytes":72}
EVT {"k":"op","src":"bfm","op":2,"rid":166,"req":6113549,"gnt":6113550,"end":6113839,"res":"done","bytes":72}
EVT {"k":"op","src":"bfm","op":1,"rid":166,"req":6113840,"gnt":6113841,"end":6114203,"res":"done","bytes":72}
EVT {"k":"op","src":"bfm","op":2,"rid":167,"req":6114204,"gnt":6114205,"end":6114494,"res":"done","bytes":72}
EVT {"k":"op","src":"bfm","op":1,"rid":167,"req":6114495,"gnt":6114496,"end":6114858,"res":"done","bytes":72}
EVT {"k":"op","src":"bfm","op":2,"rid":168,"req":6114859,"gnt":6114860,"end":6115149,"res":"done","bytes":72}
EVT {"k":"op","src":"bfm","op":1,"rid":168,"req":6115150,"gnt":6115151,"end":6115513,"res":"done","bytes":72}
EVT {"k":"op","src":"bfm","op":2,"rid":169,"req":6115514,"gnt":6115515,"end":6115804,"res":"done","bytes":72}
EVT {"k":"op","src":"bfm","op":1,"rid":169,"req":6115805,"gnt":6115806,"end":6116168,"res":"done","bytes":72}
EVT {"k":"op","src":"bfm","op":2,"rid":170,"req":6116169,"gnt":6116170,"end":6116459,"res":"done","bytes":72}
EVT {"k":"op","src":"bfm","op":1,"rid":170,"req":6116460,"gnt":6116461,"end":6116823,"res":"done","bytes":72}
EVT {"k":"op","src":"bfm","op":2,"rid":171,"req":6116824,"gnt":6116825,"end":6117114,"res":"done","bytes":72}
EVT {"k":"op","src":"bfm","op":1,"rid":171,"req":6117115,"gnt":6117116,"end":6117478,"res":"done","bytes":72}
EVT {"k":"op","src":"bfm","op":2,"rid":172,"req":6117479,"gnt":6117480,"end":6117769,"res":"done","bytes":72}
EVT {"k":"op","src":"bfm","op":1,"rid":172,"req":6117770,"gnt":6117771,"end":6118133,"res":"done","bytes":72}
EVT {"k":"op","src":"bfm","op":2,"rid":173,"req":6118134,"gnt":6118135,"end":6118424,"res":"done","bytes":72}
EVT {"k":"op","src":"bfm","op":1,"rid":173,"req":6118425,"gnt":6118426,"end":6118788,"res":"done","bytes":72}
EVT {"k":"op","src":"bfm","op":2,"rid":174,"req":6118789,"gnt":6118790,"end":6119079,"res":"done","bytes":72}
EVT {"k":"op","src":"bfm","op":1,"rid":174,"req":6119080,"gnt":6119081,"end":6119443,"res":"done","bytes":72}
EVT {"k":"op","src":"bfm","op":2,"rid":175,"req":6119444,"gnt":6119445,"end":6119734,"res":"done","bytes":72}
EVT {"k":"op","src":"bfm","op":1,"rid":175,"req":6119735,"gnt":6119736,"end":6120098,"res":"done","bytes":72}
EVT {"k":"op","src":"bfm","op":2,"rid":176,"req":6120099,"gnt":6120100,"end":6120389,"res":"done","bytes":72}
EVT {"k":"op","src":"bfm","op":1,"rid":176,"req":6120390,"gnt":6120391,"end":6120753,"res":"done","bytes":72}
EVT {"k":"op","src":"bfm","op":2,"rid":177,"req":6120754,"gnt":6120755,"end":6121044,"res":"done","bytes":72}
EVT {"k":"op","src":"bfm","op":1,"rid":177,"req":6121045,"gnt":6121046,"end":6121408,"res":"done","bytes":72}
EVT {"k":"op","src":"bfm","op":2,"rid":178,"req":6121409,"gnt":6121410,"end":6121699,"res":"done","bytes":72}
EVT {"k":"op","src":"bfm","op":1,"rid":178,"req":6121700,"gnt":6121701,"end":6122063,"res":"done","bytes":72}
EVT {"k":"op","src":"bfm","op":2,"rid":179,"req":6122064,"gnt":6122065,"end":6122354,"res":"done","bytes":72}
EVT {"k":"op","src":"bfm","op":1,"rid":179,"req":6122355,"gnt":6122356,"end":6122718,"res":"done","bytes":72}
EVT {"k":"op","src":"bfm","op":2,"rid":180,"req":6122719,"gnt":6122720,"end":6123009,"res":"done","bytes":72}
EVT {"k":"op","src":"bfm","op":1,"rid":180,"req":6123010,"gnt":6123011,"end":6123373,"res":"done","bytes":72}
EVT {"k":"op","src":"bfm","op":2,"rid":181,"req":6123374,"gnt":6123375,"end":6123664,"res":"done","bytes":72}
EVT {"k":"op","src":"bfm","op":1,"rid":181,"req":6123665,"gnt":6123666,"end":6124028,"res":"done","bytes":72}
EVT {"k":"op","src":"bfm","op":2,"rid":182,"req":6124029,"gnt":6124030,"end":6124319,"res":"done","bytes":72}
EVT {"k":"op","src":"bfm","op":1,"rid":182,"req":6124320,"gnt":6124321,"end":6124683,"res":"done","bytes":72}
EVT {"k":"op","src":"bfm","op":2,"rid":183,"req":6124684,"gnt":6124685,"end":6124974,"res":"done","bytes":72}
EVT {"k":"op","src":"bfm","op":1,"rid":183,"req":6124975,"gnt":6124976,"end":6125338,"res":"done","bytes":72}
EVT {"k":"op","src":"bfm","op":2,"rid":184,"req":6125339,"gnt":6125340,"end":6125629,"res":"done","bytes":72}
EVT {"k":"op","src":"bfm","op":1,"rid":184,"req":6125630,"gnt":6125631,"end":6125993,"res":"done","bytes":72}
EVT {"k":"op","src":"bfm","op":2,"rid":185,"req":6125994,"gnt":6125995,"end":6126284,"res":"done","bytes":72}
EVT {"k":"op","src":"bfm","op":1,"rid":185,"req":6126285,"gnt":6126286,"end":6126648,"res":"done","bytes":72}
EVT {"k":"op","src":"bfm","op":2,"rid":186,"req":6126649,"gnt":6126650,"end":6126939,"res":"done","bytes":72}
EVT {"k":"op","src":"bfm","op":1,"rid":186,"req":6126940,"gnt":6126941,"end":6127303,"res":"done","bytes":72}
EVT {"k":"op","src":"bfm","op":2,"rid":187,"req":6127304,"gnt":6127305,"end":6127594,"res":"done","bytes":72}
EVT {"k":"op","src":"bfm","op":1,"rid":187,"req":6127595,"gnt":6127596,"end":6127958,"res":"done","bytes":72}
EVT {"k":"op","src":"bfm","op":2,"rid":188,"req":6127959,"gnt":6127960,"end":6128249,"res":"done","bytes":72}
EVT {"k":"op","src":"bfm","op":1,"rid":188,"req":6128250,"gnt":6128251,"end":6128613,"res":"done","bytes":72}
EVT {"k":"op","src":"bfm","op":2,"rid":189,"req":6128614,"gnt":6128615,"end":6128904,"res":"done","bytes":72}
EVT {"k":"op","src":"bfm","op":1,"rid":189,"req":6128905,"gnt":6128906,"end":6129268,"res":"done","bytes":72}
EVT {"k":"op","src":"bfm","op":2,"rid":190,"req":6129269,"gnt":6129270,"end":6129559,"res":"done","bytes":72}
EVT {"k":"op","src":"bfm","op":1,"rid":190,"req":6129560,"gnt":6129561,"end":6129923,"res":"done","bytes":72}
EVT {"k":"op","src":"bfm","op":2,"rid":191,"req":6129924,"gnt":6129925,"end":6130214,"res":"done","bytes":72}
EVT {"k":"op","src":"bfm","op":1,"rid":191,"req":6130215,"gnt":6130216,"end":6130578,"res":"done","bytes":72}
EVT {"k":"op","src":"bfm","op":2,"rid":192,"req":6130579,"gnt":6130580,"end":6130869,"res":"done","bytes":72}
EVT {"k":"op","src":"bfm","op":1,"rid":192,"req":6130870,"gnt":6130871,"end":6131233,"res":"done","bytes":72}
EVT {"k":"op","src":"bfm","op":2,"rid":193,"req":6131234,"gnt":6131235,"end":6131524,"res":"done","bytes":72}
EVT {"k":"op","src":"bfm","op":1,"rid":193,"req":6131525,"gnt":6131526,"end":6131888,"res":"done","bytes":72}
EVT {"k":"op","src":"bfm","op":2,"rid":194,"req":6131889,"gnt":6131890,"end":6132179,"res":"done","bytes":72}
EVT {"k":"op","src":"bfm","op":1,"rid":194,"req":6132180,"gnt":6132181,"end":6132543,"res":"done","bytes":72}
EVT {"k":"op","src":"bfm","op":2,"rid":195,"req":6132544,"gnt":6132545,"end":6132834,"res":"done","bytes":72}
EVT {"k":"op","src":"bfm","op":1,"rid":195,"req":6132835,"gnt":6132836,"end":6133198,"res":"done","bytes":72}
EVT {"k":"op","src":"bfm","op":2,"rid":196,"req":6133199,"gnt":6133200,"end":6133489,"res":"done","bytes":72}
EVT {"k":"op","src":"bfm","op":1,"rid":196,"req":6133490,"gnt":6133491,"end":6133853,"res":"done","bytes":72}
EVT {"k":"op","src":"bfm","op":2,"rid":197,"req":6133854,"gnt":6133855,"end":6134144,"res":"done","bytes":72}
EVT {"k":"op","src":"bfm","op":1,"rid":197,"req":6134145,"gnt":6134146,"end":6134508,"res":"done","bytes":72}
EVT {"k":"op","src":"bfm","op":2,"rid":198,"req":6134509,"gnt":6134510,"end":6134799,"res":"done","bytes":72}
EVT {"k":"op","src":"bfm","op":1,"rid":198,"req":6134800,"gnt":6134801,"end":6135163,"res":"done","bytes":72}
EVT {"k":"op","src":"bfm","op":2,"rid":199,"req":6135164,"gnt":6135165,"end":6135454,"res":"done","bytes":72}
EVT {"k":"op","src":"bfm","op":1,"rid":199,"req":6135455,"gnt":6135456,"end":6135818,"res":"done","bytes":72}
EVT {"k":"op","src":"bfm","op":2,"rid":200,"req":6135819,"gnt":6135820,"end":6136109,"res":"done","bytes":72}
EVT {"k":"op","src":"bfm","op":1,"rid":200,"req":6136110,"gnt":6136111,"end":6136473,"res":"done","bytes":72}
EVT {"k":"op","src":"bfm","op":2,"rid":201,"req":6136474,"gnt":6136475,"end":6136764,"res":"done","bytes":72}
EVT {"k":"op","src":"bfm","op":1,"rid":201,"req":6136765,"gnt":6136766,"end":6137128,"res":"done","bytes":72}
EVT {"k":"op","src":"bfm","op":2,"rid":202,"req":6137129,"gnt":6137130,"end":6137419,"res":"done","bytes":72}
EVT {"k":"op","src":"bfm","op":1,"rid":202,"req":6137420,"gnt":6137421,"end":6137783,"res":"done","bytes":72}
EVT {"k":"op","src":"bfm","op":2,"rid":203,"req":6137784,"gnt":6137785,"end":6138074,"res":"done","bytes":72}
EVT {"k":"op","src":"bfm","op":1,"rid":203,"req":6138075,"gnt":6138076,"end":6138438,"res":"done","bytes":72}
EVT {"k":"op","src":"bfm","op":2,"rid":204,"req":6138439,"gnt":6138440,"end":6138729,"res":"done","bytes":72}
EVT {"k":"op","src":"bfm","op":1,"rid":204,"req":6138730,"gnt":6138731,"end":6139093,"res":"done","bytes":72}
EVT {"k":"op","src":"bfm","op":2,"rid":205,"req":6139094,"gnt":6139095,"end":6139384,"res":"done","bytes":72}
EVT {"k":"op","src":"bfm","op":1,"rid":205,"req":6139385,"gnt":6139386,"end":6139748,"res":"done","bytes":72}
EVT {"k":"op","src":"bfm","op":2,"rid":206,"req":6139749,"gnt":6139750,"end":6140039,"res":"done","bytes":72}
EVT {"k":"op","src":"bfm","op":1,"rid":206,"req":6140040,"gnt":6140041,"end":6140403,"res":"done","bytes":72}
EVT {"k":"op","src":"bfm","op":2,"rid":207,"req":6140404,"gnt":6140405,"end":6140694,"res":"done","bytes":72}
EVT {"k":"op","src":"bfm","op":1,"rid":207,"req":6140695,"gnt":6140696,"end":6141058,"res":"done","bytes":72}
EVT {"k":"op","src":"bfm","op":2,"rid":208,"req":6141059,"gnt":6141060,"end":6141349,"res":"done","bytes":72}
EVT {"k":"op","src":"bfm","op":1,"rid":208,"req":6141350,"gnt":6141351,"end":6141713,"res":"done","bytes":72}
EVT {"k":"op","src":"bfm","op":2,"rid":209,"req":6141714,"gnt":6141715,"end":6142004,"res":"done","bytes":72}
EVT {"k":"op","src":"bfm","op":1,"rid":209,"req":6142005,"gnt":6142006,"end":6142368,"res":"done","bytes":72}
EVT {"k":"op","src":"bfm","op":2,"rid":210,"req":6142369,"gnt":6142370,"end":6142659,"res":"done","bytes":72}
EVT {"k":"op","src":"bfm","op":1,"rid":210,"req":6142660,"gnt":6142661,"end":6143023,"res":"done","bytes":72}
EVT {"k":"op","src":"bfm","op":2,"rid":211,"req":6143024,"gnt":6143025,"end":6143314,"res":"done","bytes":72}
EVT {"k":"op","src":"bfm","op":1,"rid":211,"req":6143315,"gnt":6143316,"end":6143678,"res":"done","bytes":72}
EVT {"k":"op","src":"bfm","op":2,"rid":212,"req":6143679,"gnt":6143680,"end":6143969,"res":"done","bytes":72}
EVT {"k":"op","src":"bfm","op":1,"rid":212,"req":6143970,"gnt":6143971,"end":6144333,"res":"done","bytes":72}
EVT {"k":"op","src":"bfm","op":2,"rid":213,"req":6144334,"gnt":6144335,"end":6144624,"res":"done","bytes":72}
EVT {"k":"op","src":"bfm","op":1,"rid":213,"req":6144625,"gnt":6144626,"end":6144988,"res":"done","bytes":72}
EVT {"k":"op","src":"bfm","op":2,"rid":214,"req":6144989,"gnt":6144990,"end":6145279,"res":"done","bytes":72}
EVT {"k":"op","src":"bfm","op":1,"rid":214,"req":6145280,"gnt":6145281,"end":6145643,"res":"done","bytes":72}
EVT {"k":"op","src":"bfm","op":2,"rid":215,"req":6145644,"gnt":6145645,"end":6145934,"res":"done","bytes":72}
EVT {"k":"op","src":"bfm","op":1,"rid":215,"req":6145935,"gnt":6145936,"end":6146298,"res":"done","bytes":72}
EVT {"k":"op","src":"bfm","op":2,"rid":216,"req":6146299,"gnt":6146300,"end":6146589,"res":"done","bytes":72}
EVT {"k":"op","src":"bfm","op":1,"rid":216,"req":6146590,"gnt":6146591,"end":6146953,"res":"done","bytes":72}
EVT {"k":"op","src":"bfm","op":2,"rid":217,"req":6146954,"gnt":6146955,"end":6147244,"res":"done","bytes":72}
EVT {"k":"op","src":"bfm","op":1,"rid":217,"req":6147245,"gnt":6147246,"end":6147608,"res":"done","bytes":72}
EVT {"k":"op","src":"bfm","op":2,"rid":218,"req":6147609,"gnt":6147610,"end":6147899,"res":"done","bytes":72}
EVT {"k":"op","src":"bfm","op":1,"rid":218,"req":6147900,"gnt":6147901,"end":6148263,"res":"done","bytes":72}
EVT {"k":"op","src":"bfm","op":2,"rid":219,"req":6148264,"gnt":6148265,"end":6148554,"res":"done","bytes":72}
EVT {"k":"op","src":"bfm","op":1,"rid":219,"req":6148555,"gnt":6148556,"end":6148918,"res":"done","bytes":72}
EVT {"k":"op","src":"bfm","op":2,"rid":220,"req":6148919,"gnt":6148920,"end":6149209,"res":"done","bytes":72}
EVT {"k":"op","src":"bfm","op":1,"rid":220,"req":6149210,"gnt":6149211,"end":6149573,"res":"done","bytes":72}
EVT {"k":"op","src":"bfm","op":2,"rid":221,"req":6149574,"gnt":6149575,"end":6149864,"res":"done","bytes":72}
EVT {"k":"op","src":"bfm","op":1,"rid":221,"req":6149865,"gnt":6149866,"end":6150228,"res":"done","bytes":72}
EVT {"k":"op","src":"bfm","op":2,"rid":222,"req":6150229,"gnt":6150230,"end":6150519,"res":"done","bytes":72}
EVT {"k":"op","src":"bfm","op":1,"rid":222,"req":6150520,"gnt":6150521,"end":6150883,"res":"done","bytes":72}
EVT {"k":"op","src":"bfm","op":2,"rid":223,"req":6150884,"gnt":6150885,"end":6151174,"res":"done","bytes":72}
EVT {"k":"op","src":"bfm","op":1,"rid":223,"req":6151175,"gnt":6151176,"end":6151538,"res":"done","bytes":72}
EVT {"k":"op","src":"bfm","op":2,"rid":224,"req":6151539,"gnt":6151540,"end":6151829,"res":"done","bytes":72}
EVT {"k":"op","src":"bfm","op":1,"rid":224,"req":6151830,"gnt":6151831,"end":6152193,"res":"done","bytes":72}
EVT {"k":"op","src":"bfm","op":2,"rid":225,"req":6152194,"gnt":6152195,"end":6152484,"res":"done","bytes":72}
EVT {"k":"op","src":"bfm","op":1,"rid":225,"req":6152485,"gnt":6152486,"end":6152848,"res":"done","bytes":72}
EVT {"k":"op","src":"bfm","op":2,"rid":226,"req":6152849,"gnt":6152850,"end":6153139,"res":"done","bytes":72}
EVT {"k":"op","src":"bfm","op":1,"rid":226,"req":6153140,"gnt":6153141,"end":6153503,"res":"done","bytes":72}
EVT {"k":"strobe","cyc":200,"v":64,"stray":0}
EVT {"k":"strobe","cyc":381,"v":64,"stray":0}
EVT {"k":"strobe","cyc":562,"v":64,"stray":0}
EVT {"k":"strobe","cyc":629,"v":64,"stray":0}
EVT {"k":"hook","name":"s_reload","n":1,"cyc":85,"v":64}
EVT {"k":"hook","name":"s_reload","n":2,"cyc":266,"v":64}
EVT {"k":"hook","name":"s_reload","n":3,"cyc":447,"v":64}
EVT {"k":"hook","name":"s_reload","n":4,"cyc":629,"v":64}
CASE_DONE W4_all_records_rewritten_after_refused_fill hooks_pending=0
