2026-09-22T15:35:00.9349387Z Current runner version: '2.337.0'
2026-09-22T15:35:00.9371878Z ##[group]Runner Image Provisioner
2026-09-22T15:35:00.9372751Z Hosted Compute Agent
2026-09-22T15:35:00.9373420Z Version: 20260828.587
2026-09-22T15:35:00.9374326Z Commit: abac92662cab4cc7352de4f9f9d2e2419aad9c29
2026-09-22T15:35:00.9375109Z Build Date: 2026-08-28T16:44:25Z
2026-09-22T15:35:00.9375884Z Worker ID: {c134de86-a5c7-48ae-82e4-ad9d9f69d90c}
2026-09-22T15:35:00.9376609Z Azure Region: westcentralus
2026-09-22T15:35:00.9377238Z ##[endgroup]
2026-09-22T15:35:00.9378690Z ##[group]Operating System
2026-09-22T15:35:00.9379371Z Ubuntu
2026-09-22T15:35:00.9380115Z 24.04.5
2026-09-22T15:35:00.9380622Z LTS
2026-09-22T15:35:00.9381162Z ##[endgroup]
2026-09-22T15:35:00.9381730Z ##[group]Runner Image
2026-09-22T15:35:00.9382355Z Image: ubuntu-24.04
2026-09-22T15:35:00.9382970Z Version: 20260920.314.1
2026-09-22T15:35:00.9384483Z Included Software: https://github.com/actions/runner-images/blob/ubuntu24/20260920.314/images/ubuntu/Ubuntu2404-Readme.md
2026-09-22T15:35:00.9386132Z Image Release: https://github.com/actions/runner-images/releases/tag/ubuntu24%2F20260920.314
2026-09-22T15:35:00.9387203Z ##[endgroup]
2026-09-22T15:35:00.9388445Z ##[group]GITHUB_TOKEN Permissions
2026-09-22T15:35:00.9390302Z Contents: read
2026-09-22T15:35:00.9391020Z Metadata: read
2026-09-22T15:35:00.9391626Z Packages: read
2026-09-22T15:35:00.9392168Z ##[endgroup]
2026-09-22T15:35:00.9394605Z Secret source: Actions
2026-09-22T15:35:00.9395528Z Cache mode: write
2026-09-22T15:35:00.9396322Z Prepare workflow directory
2026-09-22T15:35:00.9789295Z Prepare all required actions
2026-09-22T15:35:00.9836642Z Getting action download info
2026-09-22T15:35:01.3133006Z Download action repository 'actions/checkout@v4' (SHA:11d5960a326750d5838078e36cf38b85af677262)
2026-09-22T15:35:01.4005232Z Download action repository 'actions/cache@v4' (SHA:0057852bfaa89a56745cba8c7296529d2fc39830)
2026-09-22T15:35:01.6418650Z Download action repository 'actions/upload-artifact@v4' (SHA:ea165f8d65b6e75b540449e92b4886f43607fa02)
2026-09-22T15:35:01.8530331Z Complete job name: Verilator shard 3/5
2026-09-22T15:35:01.9330410Z Node 20 is being deprecated. This workflow is running with Node 24 by default. If you need to temporarily use Node 20, you can set the ACTIONS_ALLOW_USE_UNSECURE_NODE_VERSION=true environment variable. For more information see: https://github.blog/changelog/2025-09-19-deprecation-of-node-20-on-github-actions-runners/
2026-09-22T15:35:01.9339309Z ##[group]Run actions/checkout@v4
2026-09-22T15:35:01.9340052Z with:
2026-09-22T15:35:01.9340495Z   repository: kebag-logic/milan-fpga
2026-09-22T15:35:01.9344440Z   token: ***
2026-09-22T15:35:01.9344925Z   ssh-strict: true
2026-09-22T15:35:01.9345364Z   ssh-user: git
2026-09-22T15:35:01.9345808Z   persist-credentials: true
2026-09-22T15:35:01.9346299Z   clean: true
2026-09-22T15:35:01.9346730Z   sparse-checkout-cone-mode: true
2026-09-22T15:35:01.9347236Z   fetch-depth: 1
2026-09-22T15:35:01.9347658Z   fetch-tags: false
2026-09-22T15:35:01.9348108Z   show-progress: true
2026-09-22T15:35:01.9348538Z   lfs: false
2026-09-22T15:35:01.9348974Z   submodules: false
2026-09-22T15:35:01.9349408Z   set-safe-directory: true
2026-09-22T15:35:01.9349897Z   allow-unsafe-pr-checkout: false
2026-09-22T15:35:01.9350660Z env:
2026-09-22T15:35:01.9351074Z   VERILATOR_VERSION: v5.050
2026-09-22T15:35:01.9351559Z   YOSYS_VERSION: v0.66
2026-09-22T15:35:01.9352103Z   TSN_GEN_REV: deca300c9eb4863fa13383b45ba6cb6fd0828671
2026-09-22T15:35:01.9352739Z ##[endgroup]
2026-09-22T15:35:02.0396999Z Syncing repository: kebag-logic/milan-fpga
2026-09-22T15:35:02.0398998Z ##[group]Getting Git version info
2026-09-22T15:35:02.0399766Z Working directory is '/home/runner/work/milan-fpga/milan-fpga'
2026-09-22T15:35:02.0400891Z [command]/usr/bin/git version
2026-09-22T15:35:02.0503295Z git version 2.55.0
2026-09-22T15:35:02.0536249Z ##[endgroup]
2026-09-22T15:35:02.0556423Z Temporarily overriding HOME='/home/runner/work/_temp/6175dc0d-4353-4b8b-9f5b-ef1858221378' before making global git config changes
2026-09-22T15:35:02.0653284Z Adding repository directory to the temporary git global config as a safe directory
2026-09-22T15:35:02.0656400Z [command]/usr/bin/git config --global --add safe.directory /home/runner/work/milan-fpga/milan-fpga
2026-09-22T15:35:02.0660084Z Deleting the contents of '/home/runner/work/milan-fpga/milan-fpga'
2026-09-22T15:35:02.0662314Z ##[group]Initializing the repository
2026-09-22T15:35:02.0663689Z [command]/usr/bin/git init /home/runner/work/milan-fpga/milan-fpga
2026-09-22T15:35:02.0741186Z hint: Using 'master' as the name for the initial branch. This default branch name
2026-09-22T15:35:02.0742537Z hint: will change to "main" in Git 3.0. To configure the initial branch name
2026-09-22T15:35:02.0743541Z hint: to use in all of your new repositories, which will suppress this warning,
2026-09-22T15:35:02.0744712Z hint: call:
2026-09-22T15:35:02.0745332Z hint:
2026-09-22T15:35:02.0745888Z hint: 	git config --global init.defaultBranch <name>
2026-09-22T15:35:02.0746568Z hint:
2026-09-22T15:35:02.0747189Z hint: Names commonly chosen instead of 'master' are 'main', 'trunk' and
2026-09-22T15:35:02.0748178Z hint: 'development'. The just-created branch can be renamed via this command:
2026-09-22T15:35:02.0748937Z hint:
2026-09-22T15:35:02.0749379Z hint: 	git branch -m <name>
2026-09-22T15:35:02.0750152Z hint:
2026-09-22T15:35:02.0750838Z hint: Disable this message with "git config set advice.defaultBranchName false"
2026-09-22T15:35:02.0757046Z Initialized empty Git repository in /home/runner/work/milan-fpga/milan-fpga/.git/
2026-09-22T15:35:02.0768087Z [command]/usr/bin/git remote add origin https://github.com/kebag-logic/milan-fpga
2026-09-22T15:35:02.0818714Z ##[endgroup]
2026-09-22T15:35:02.0819961Z ##[group]Disabling automatic garbage collection
2026-09-22T15:35:02.0821452Z [command]/usr/bin/git config --local gc.auto 0
2026-09-22T15:35:02.0852772Z ##[endgroup]
2026-09-22T15:35:02.0853905Z ##[group]Setting up auth
2026-09-22T15:35:02.0860349Z [command]/usr/bin/git config --local --name-only --get-regexp core\.sshCommand
2026-09-22T15:35:02.0894467Z [command]/usr/bin/git submodule foreach --recursive sh -c "git config --local --name-only --get-regexp 'core\.sshCommand' && git config --local --unset-all 'core.sshCommand' || :"
2026-09-22T15:35:02.1260002Z [command]/usr/bin/git config --local --name-only --get-regexp http\.https\:\/\/github\.com\/\.extraheader
2026-09-22T15:35:02.1307469Z [command]/usr/bin/git submodule foreach --recursive sh -c "git config --local --name-only --get-regexp 'http\.https\:\/\/github\.com\/\.extraheader' && git config --local --unset-all 'http.https://github.com/.extraheader' || :"
2026-09-22T15:35:02.1550162Z [command]/usr/bin/git config --local --name-only --get-regexp ^includeIf\.gitdir:
2026-09-22T15:35:02.1586930Z [command]/usr/bin/git submodule foreach --recursive git config --local --show-origin --name-only --get-regexp remote.origin.url
2026-09-22T15:35:02.1822452Z [command]/usr/bin/git config --local http.https://github.com/.extraheader AUTHORIZATION: basic ***
2026-09-22T15:35:02.1863907Z ##[endgroup]
2026-09-22T15:35:02.1865712Z ##[group]Fetching the repository
2026-09-22T15:35:02.1876397Z [command]/usr/bin/git -c protocol.version=2 fetch --no-tags --prune --no-recurse-submodules --depth=1 origin +060b21a49839c84e0311e1ce9b77b36254646a04:refs/remotes/pull/518/merge
2026-09-22T15:35:04.1759086Z From https://github.com/kebag-logic/milan-fpga
2026-09-22T15:35:04.1761157Z  * [new ref]         060b21a49839c84e0311e1ce9b77b36254646a04 -> pull/518/merge
2026-09-22T15:35:04.1787344Z ##[endgroup]
2026-09-22T15:35:04.1788702Z ##[group]Determining the checkout info
2026-09-22T15:35:04.1790261Z ##[endgroup]
2026-09-22T15:35:04.1791235Z [command]/usr/bin/git sparse-checkout disable
2026-09-22T15:35:04.1830112Z [command]/usr/bin/git config --local --unset-all extensions.worktreeConfig
2026-09-22T15:35:04.1874443Z ##[group]Checking out the ref
2026-09-22T15:35:04.1879122Z [command]/usr/bin/git checkout --progress --force refs/remotes/pull/518/merge
2026-09-22T15:35:04.3255390Z Note: switching to 'refs/remotes/pull/518/merge'.
2026-09-22T15:35:04.3256649Z 
2026-09-22T15:35:04.3257398Z You are in 'detached HEAD' state. You can look around, make experimental
2026-09-22T15:35:04.3259170Z changes and commit them, and you can discard any commits you make in this
2026-09-22T15:35:04.3260591Z state without impacting any branches by switching back to a branch.
2026-09-22T15:35:04.3261387Z 
2026-09-22T15:35:04.3261968Z If you want to create a new branch to retain commits you create, you may
2026-09-22T15:35:04.3263344Z do so (now or later) by using -c with the switch command. Example:
2026-09-22T15:35:04.3264428Z 
2026-09-22T15:35:04.3264821Z   git switch -c <new-branch-name>
2026-09-22T15:35:04.3265437Z 
2026-09-22T15:35:04.3265917Z Or undo this operation with:
2026-09-22T15:35:04.3266793Z 
2026-09-22T15:35:04.3267308Z   git switch -
2026-09-22T15:35:04.3268006Z 
2026-09-22T15:35:04.3269099Z Turn off this advice by setting config variable advice.detachedHead to false
2026-09-22T15:35:04.3270816Z 
2026-09-22T15:35:04.3272210Z HEAD is now at 060b21a Merge 60c5225fe5f93209bf313c51b7a722f25f9aaa7d into 483a133ed08867ea0d300d2b4a027b5b48a4282f
2026-09-22T15:35:04.3276488Z ##[endgroup]
2026-09-22T15:35:04.3312488Z [command]/usr/bin/git log -1 --format=%H
2026-09-22T15:35:04.3339722Z 060b21a49839c84e0311e1ce9b77b36254646a04
2026-09-22T15:35:04.3627197Z ##[group]Run git submodule update --init third_party/verilog-axis protocol-processor gptp-processor
2026-09-22T15:35:04.3630288Z [36;1mgit submodule update --init third_party/verilog-axis protocol-processor gptp-processor[0m
2026-09-22T15:35:04.3894949Z shell: /usr/bin/bash -e {0}
2026-09-22T15:35:04.3896227Z env:
2026-09-22T15:35:04.3897263Z   VERILATOR_VERSION: v5.050
2026-09-22T15:35:04.3898506Z   YOSYS_VERSION: v0.66
2026-09-22T15:35:04.3899861Z   TSN_GEN_REV: deca300c9eb4863fa13383b45ba6cb6fd0828671
2026-09-22T15:35:04.3901413Z ##[endgroup]
2026-09-22T15:35:04.4226032Z Submodule 'gptp-processor' (https://github.com/Mister-M-alt/FPGA-gPTP.git) registered for path 'gptp-processor'
2026-09-22T15:35:04.4232366Z Submodule 'protocol-processor' (https://github.com/Mister-M-alt/protocol-processor-control-plane-avb-milan.git) registered for path 'protocol-processor'
2026-09-22T15:35:04.4237648Z Submodule 'third_party/verilog-axis' (https://github.com/alexforencich/verilog-axis) registered for path 'third_party/verilog-axis'
2026-09-22T15:35:04.4260709Z Cloning into '/home/runner/work/milan-fpga/milan-fpga/gptp-processor'...
2026-09-22T15:35:05.7121837Z Cloning into '/home/runner/work/milan-fpga/milan-fpga/protocol-processor'...
2026-09-22T15:35:07.2004657Z Cloning into '/home/runner/work/milan-fpga/milan-fpga/third_party/verilog-axis'...
2026-09-22T15:35:09.2298964Z Submodule path 'gptp-processor': checked out 'c1b617435824929a790739ea8585c3fe1a328cc0'
2026-09-22T15:35:09.2839009Z Submodule path 'protocol-processor': checked out '424c688fa2205b934a7689a58f2aa766420f2326'
2026-09-22T15:35:09.3030511Z Submodule path 'third_party/verilog-axis': checked out '48ff7a7e2ef782cf778d47910cf85835c64b1bce'
2026-09-22T15:35:09.3090473Z ##[group]Run set -euo pipefail
2026-09-22T15:35:09.3090851Z [36;1mset -euo pipefail[0m
2026-09-22T15:35:09.3091151Z [36;1mhead="$(git rev-parse HEAD)"[0m
2026-09-22T15:35:09.3091566Z [36;1mif [ "$head" != "$GITHUB_SHA" ] || [ "$GITHUB_SHA" != "$TARGET_SHA" ]; then[0m
2026-09-22T15:35:09.3092193Z [36;1m  echo "checkout $head, GITHUB_SHA $GITHUB_SHA and gate target $TARGET_SHA must be one SHA" >&2[0m
2026-09-22T15:35:09.3092689Z [36;1m  exit 1[0m
2026-09-22T15:35:09.3092922Z [36;1mfi[0m
2026-09-22T15:35:09.3093200Z [36;1mmkdir -p "$RUNNER_TEMP/suite-logs"[0m
2026-09-22T15:35:09.3093627Z [36;1mprintf '%s\n' "$GITHUB_SHA" > "$RUNNER_TEMP/suite-logs/TARGET_SHA"[0m
2026-09-22T15:35:09.3094296Z [36;1mecho "target_sha=$GITHUB_SHA"[0m
2026-09-22T15:35:09.3159226Z shell: /usr/bin/bash -e {0}
2026-09-22T15:35:09.3159523Z env:
2026-09-22T15:35:09.3159777Z   VERILATOR_VERSION: v5.050
2026-09-22T15:35:09.3160066Z   YOSYS_VERSION: v0.66
2026-09-22T15:35:09.3160643Z   TSN_GEN_REV: deca300c9eb4863fa13383b45ba6cb6fd0828671
2026-09-22T15:35:09.3161051Z   TARGET_SHA: 060b21a49839c84e0311e1ce9b77b36254646a04
2026-09-22T15:35:09.3161413Z ##[endgroup]
2026-09-22T15:35:09.3272683Z target_sha=060b21a49839c84e0311e1ce9b77b36254646a04
2026-09-22T15:35:09.3370351Z Node 20 is being deprecated. This workflow is running with Node 24 by default. If you need to temporarily use Node 20, you can set the ACTIONS_ALLOW_USE_UNSECURE_NODE_VERSION=true environment variable. For more information see: https://github.blog/changelog/2025-09-19-deprecation-of-node-20-on-github-actions-runners/
2026-09-22T15:35:09.3372199Z ##[group]Run actions/cache@v4
2026-09-22T15:35:09.3372493Z with:
2026-09-22T15:35:09.3372738Z   path: /opt/verilator
2026-09-22T15:35:09.3373011Z   key: verilator-v5.050-Linux
2026-09-22T15:35:09.3373307Z   enableCrossOsArchive: false
2026-09-22T15:35:09.3373616Z   fail-on-cache-miss: false
2026-09-22T15:35:09.3373926Z   lookup-only: false
2026-09-22T15:35:09.3374456Z   save-always: false
2026-09-22T15:35:09.3374705Z env:
2026-09-22T15:35:09.3374935Z   VERILATOR_VERSION: v5.050
2026-09-22T15:35:09.3375217Z   YOSYS_VERSION: v0.66
2026-09-22T15:35:09.3375523Z   TSN_GEN_REV: deca300c9eb4863fa13383b45ba6cb6fd0828671
2026-09-22T15:35:09.3375908Z ##[endgroup]
2026-09-22T15:35:09.4412928Z (node:2397) [DEP0040] DeprecationWarning: The `punycode` module is deprecated. Please use a userland alternative instead.
2026-09-22T15:35:09.4413823Z (Use `node --trace-deprecation ...` to show where the warning was created)
2026-09-22T15:35:09.6297367Z Cache hit for: verilator-v5.050-Linux
2026-09-22T15:35:09.6406832Z (node:2397) [DEP0169] DeprecationWarning: `url.parse()` behavior is not standardized and prone to errors that have security implications. Use the WHATWG URL API instead. CVEs are not issued for `url.parse()` vulnerabilities.
2026-09-22T15:35:10.8583560Z Received 29360128 of 92153557 (31.9%), 28.0 MBs/sec
2026-09-22T15:35:11.3103769Z Received 92153557 of 92153557 (100.0%), 60.5 MBs/sec
2026-09-22T15:35:11.3105821Z Cache Size: ~88 MB (92153557 B)
2026-09-22T15:35:11.3148089Z [command]/usr/bin/tar -xf /home/runner/work/_temp/6171032f-eede-4c01-90ac-96d794f5571f/cache.tzst -P -C /home/runner/work/milan-fpga/milan-fpga --use-compress-program unzstd
2026-09-22T15:35:11.5019715Z Cache restored successfully
2026-09-22T15:35:11.5144016Z Cache restored from key: verilator-v5.050-Linux
2026-09-22T15:35:11.5304677Z ##[group]Run echo "/opt/verilator/bin" >> "$GITHUB_PATH"
2026-09-22T15:35:11.5305144Z [36;1mecho "/opt/verilator/bin" >> "$GITHUB_PATH"[0m
2026-09-22T15:35:11.5305504Z [36;1m/opt/verilator/bin/verilator --version[0m
2026-09-22T15:35:11.5305961Z [36;1m/opt/verilator/bin/verilator --version | grep -F "${VERILATOR_VERSION#v}"[0m
2026-09-22T15:35:11.5367746Z shell: /usr/bin/bash -e {0}
2026-09-22T15:35:11.5368004Z env:
2026-09-22T15:35:11.5368202Z   VERILATOR_VERSION: v5.050
2026-09-22T15:35:11.5368452Z   YOSYS_VERSION: v0.66
2026-09-22T15:35:11.5368746Z   TSN_GEN_REV: deca300c9eb4863fa13383b45ba6cb6fd0828671
2026-09-22T15:35:11.5369059Z ##[endgroup]
2026-09-22T15:35:11.7826732Z Verilator 5.050 2026-07-01 rev v5.050
2026-09-22T15:35:11.8375099Z Verilator 5.050 2026-07-01 rev v5.050
2026-09-22T15:35:11.8413613Z ##[group]Run set -euo pipefail
2026-09-22T15:35:11.8413941Z [36;1mset -euo pipefail[0m
2026-09-22T15:35:11.8414634Z [36;1mpython3 scripts/suite_shards.py --selftest[0m
2026-09-22T15:35:11.8415060Z [36;1mscripts/run_all_suites.sh --shard "$SHARD/$SHARDS" --list \[0m
2026-09-22T15:35:11.8415459Z [36;1m  > "$RUNNER_TEMP/owned-suites"[0m
2026-09-22T15:35:11.8415744Z [36;1mecho "Shard $SHARD owns:"[0m
2026-09-22T15:35:11.8416046Z [36;1msed 's/^/  /' "$RUNNER_TEMP/owned-suites"[0m
2026-09-22T15:35:11.8416351Z [36;1mcase "$SHARD" in[0m
2026-09-22T15:35:11.8416654Z [36;1m  1) grep -Fx tsn_fuzz "$RUNNER_TEMP/owned-suites" ;;[0m
2026-09-22T15:35:11.8417063Z [36;1m  3) grep -Fx chmap_capture "$RUNNER_TEMP/owned-suites" ;;[0m
2026-09-22T15:35:11.8417688Z [36;1m  4) test "$(cat "$RUNNER_TEMP/owned-suites")" = milan_dp ;;[0m
2026-09-22T15:35:11.8418031Z [36;1mesac[0m
2026-09-22T15:35:11.8481789Z shell: /usr/bin/bash -e {0}
2026-09-22T15:35:11.8482039Z env:
2026-09-22T15:35:11.8482279Z   VERILATOR_VERSION: v5.050
2026-09-22T15:35:11.8482526Z   YOSYS_VERSION: v0.66
2026-09-22T15:35:11.8482801Z   TSN_GEN_REV: deca300c9eb4863fa13383b45ba6cb6fd0828671
2026-09-22T15:35:11.8483104Z   SHARD: 3
2026-09-22T15:35:11.8483295Z   SHARDS: 5
2026-09-22T15:35:11.8483478Z ##[endgroup]
2026-09-22T15:35:11.8933184Z   ok    1 shard(s): complete=True disjoint=True deterministic=True
2026-09-22T15:35:11.8934307Z   ok    2 shard(s): complete=True disjoint=True deterministic=True
2026-09-22T15:35:11.8935086Z   ok    4 shard(s): complete=True disjoint=True deterministic=True
2026-09-22T15:35:11.8935839Z   ok    5 shard(s): complete=True disjoint=True deterministic=True
2026-09-22T15:35:11.8936560Z   ok    7 shard(s): complete=True disjoint=True deterministic=True
2026-09-22T15:35:11.8937309Z   ok   23 shard(s): complete=True disjoint=True deterministic=True
2026-09-22T15:35:11.8938062Z   ok    2 shard(s): dedicated alone=True hashed owners unchanged=True
2026-09-22T15:35:11.8938833Z   ok    4 shard(s): dedicated alone=True hashed owners unchanged=True
2026-09-22T15:35:11.8939582Z   ok    5 shard(s): dedicated alone=True hashed owners unchanged=True
2026-09-22T15:35:11.8940338Z   ok    7 shard(s): dedicated alone=True hashed owners unchanged=True
2026-09-22T15:35:11.8941075Z   ok   23 shard(s): dedicated alone=True hashed owners unchanged=True
2026-09-22T15:35:11.8942105Z   ok   a rule without the dedicated worker is caught (alone with none set aside=False, alone while sharing worker 0=False)
2026-09-22T15:35:11.8943334Z   ok   five-worker runtime landmarks: {'milan_dp': 4, 'pp_shadow': 1, 'mmcm_servo': 2, 'tsn_fuzz': 1, 'chmap_capture': 3}
2026-09-22T15:35:11.8944791Z   ok   scheduled/default partition: default=['future_suite', 'milan_dp'] physical=['milan_dp_gptp']
2026-09-22T15:35:11.8945653Z   ok   reject ''
2026-09-22T15:35:11.8946014Z   ok   reject '1'
2026-09-22T15:35:11.8946369Z   ok   reject '-1/4'
2026-09-22T15:35:11.8946741Z   ok   reject '01/4'
2026-09-22T15:35:11.8947119Z   ok   reject '4/4'
2026-09-22T15:35:11.8947484Z   ok   reject '5/4'
2026-09-22T15:35:11.8947841Z   ok   reject '0/0'
2026-09-22T15:35:11.8948189Z   ok   reject 'a/4'
2026-09-22T15:35:11.8948541Z selftest: PASS
2026-09-22T15:35:11.9393760Z Shard 3 owns:
2026-09-22T15:35:11.9405584Z   adp_tx
2026-09-22T15:35:11.9405919Z   avtp_parser
2026-09-22T15:35:11.9406251Z   chmap_capture
2026-09-22T15:35:11.9406533Z   classifier
2026-09-22T15:35:11.9406721Z   csr
2026-09-22T15:35:11.9406898Z   link_guard
2026-09-22T15:35:11.9407082Z   media_grid_align
2026-09-22T15:35:11.9407292Z   nvm_backend
2026-09-22T15:35:11.9407490Z   tcam
2026-09-22T15:35:11.9407665Z   tdm
2026-09-22T15:35:11.9407843Z   tdm_render
2026-09-22T15:35:11.9408027Z   tkdiag
2026-09-22T15:35:11.9418329Z chmap_capture
2026-09-22T15:35:11.9500690Z Node 20 is being deprecated. This workflow is running with Node 24 by default. If you need to temporarily use Node 20, you can set the ACTIONS_ALLOW_USE_UNSECURE_NODE_VERSION=true environment variable. For more information see: https://github.blog/changelog/2025-09-19-deprecation-of-node-20-on-github-actions-runners/
2026-09-22T15:35:11.9502003Z ##[group]Run actions/cache@v4
2026-09-22T15:35:11.9502249Z with:
2026-09-22T15:35:11.9502445Z   path: /opt/yosys
2026-09-22T15:35:11.9502661Z   key: yosys-v0.66-Linux
2026-09-22T15:35:11.9502912Z   enableCrossOsArchive: false
2026-09-22T15:35:11.9503182Z   fail-on-cache-miss: false
2026-09-22T15:35:11.9503462Z   lookup-only: false
2026-09-22T15:35:11.9503680Z   save-always: false
2026-09-22T15:35:11.9503879Z env:
2026-09-22T15:35:11.9504333Z   VERILATOR_VERSION: v5.050
2026-09-22T15:35:11.9504586Z   YOSYS_VERSION: v0.66
2026-09-22T15:35:11.9504858Z   TSN_GEN_REV: deca300c9eb4863fa13383b45ba6cb6fd0828671
2026-09-22T15:35:11.9505196Z ##[endgroup]
2026-09-22T15:35:12.0548187Z (node:2432) [DEP0040] DeprecationWarning: The `punycode` module is deprecated. Please use a userland alternative instead.
2026-09-22T15:35:12.0549053Z (Use `node --trace-deprecation ...` to show where the warning was created)
2026-09-22T15:35:12.2446311Z Cache hit for: yosys-v0.66-Linux
2026-09-22T15:35:12.2550841Z (node:2432) [DEP0169] DeprecationWarning: `url.parse()` behavior is not standardized and prone to errors that have security implications. Use the WHATWG URL API instead. CVEs are not issued for `url.parse()` vulnerabilities.
2026-09-22T15:35:13.2251172Z Received 19685025 of 19685025 (100.0%), 24.2 MBs/sec
2026-09-22T15:35:13.2251883Z Cache Size: ~19 MB (19685025 B)
2026-09-22T15:35:13.2282102Z [command]/usr/bin/tar -xf /home/runner/work/_temp/0309d90d-746b-442c-9d43-13190bf12741/cache.tzst -P -C /home/runner/work/milan-fpga/milan-fpga --use-compress-program unzstd
2026-09-22T15:35:13.3355530Z Cache restored successfully
2026-09-22T15:35:13.3441763Z Cache restored from key: yosys-v0.66-Linux
2026-09-22T15:35:13.3559796Z ##[group]Run set -euo pipefail
2026-09-22T15:35:13.3560125Z [36;1mset -euo pipefail[0m
2026-09-22T15:35:13.3560379Z [36;1msudo apt-get update -qq[0m
2026-09-22T15:35:13.3560752Z [36;1msudo apt-get install -y --no-install-recommends libjemalloc2[0m
2026-09-22T15:35:13.3561269Z [36;1msudo ln -sf /opt/yosys/bin/yosys /opt/yosys/bin/yosys-abc /usr/local/bin/[0m
2026-09-22T15:35:13.3561708Z [36;1mtest -x /opt/yosys/bin/yosys-abc[0m
2026-09-22T15:35:13.3562054Z [36;1mecho "bundled ABC: $(cat /opt/yosys/ABC_REV)"[0m
2026-09-22T15:35:13.3562375Z [36;1myosys -V[0m
2026-09-22T15:35:13.3562645Z [36;1myosys -V | grep -F "Yosys ${YOSYS_VERSION#v}"[0m
2026-09-22T15:35:13.3623249Z shell: /usr/bin/bash -e {0}
2026-09-22T15:35:13.3623504Z env:
2026-09-22T15:35:13.3623706Z   VERILATOR_VERSION: v5.050
2026-09-22T15:35:13.3623951Z   YOSYS_VERSION: v0.66
2026-09-22T15:35:13.3624485Z   TSN_GEN_REV: deca300c9eb4863fa13383b45ba6cb6fd0828671
2026-09-22T15:35:13.3624810Z ##[endgroup]
2026-09-22T15:35:24.5483268Z Reading package lists...
2026-09-22T15:35:24.6949432Z Building dependency tree...
2026-09-22T15:35:24.6956587Z Reading state information...
2026-09-22T15:35:24.8542323Z The following NEW packages will be installed:
2026-09-22T15:35:24.8546301Z   libjemalloc2
2026-09-22T15:35:24.8707145Z 0 upgraded, 1 newly installed, 0 to remove and 15 not upgraded.
2026-09-22T15:35:24.8707822Z Need to get 256 kB of archives.
2026-09-22T15:35:24.8708432Z After this operation, 859 kB of additional disk space will be used.
2026-09-22T15:35:24.8709052Z Get:1 file:/etc/apt/apt-mirrors.txt Mirrorlist [144 B]
2026-09-22T15:35:24.9441771Z Get:2 http://azure.archive.ubuntu.com/ubuntu noble/universe amd64 libjemalloc2 amd64 5.3.0-2build1 [256 kB]
2026-09-22T15:35:25.2054781Z Fetched 256 kB in 0s (2923 kB/s)
2026-09-22T15:35:25.2663605Z Selecting previously unselected package libjemalloc2:amd64.
2026-09-22T15:35:25.4276545Z (Reading database ... 
2026-09-22T15:35:25.4277177Z (Reading database ... 5%
2026-09-22T15:35:25.4277618Z (Reading database ... 10%
2026-09-22T15:35:25.4277917Z (Reading database ... 15%
2026-09-22T15:35:25.4278202Z (Reading database ... 20%
2026-09-22T15:35:25.4278567Z (Reading database ... 25%
2026-09-22T15:35:25.4278866Z (Reading database ... 30%
2026-09-22T15:35:25.4279145Z (Reading database ... 35%
2026-09-22T15:35:25.4279418Z (Reading database ... 40%
2026-09-22T15:35:25.4279688Z (Reading database ... 45%
2026-09-22T15:35:25.4279964Z (Reading database ... 50%
2026-09-22T15:35:25.4418816Z (Reading database ... 55%
2026-09-22T15:35:26.1469383Z (Reading database ... 60%
2026-09-22T15:35:27.1190614Z (Reading database ... 65%
2026-09-22T15:35:27.6896879Z (Reading database ... 70%
2026-09-22T15:35:28.2233382Z (Reading database ... 75%
2026-09-22T15:35:28.9358973Z (Reading database ... 80%
2026-09-22T15:35:30.0269794Z (Reading database ... 85%
2026-09-22T15:35:31.4545497Z (Reading database ... 90%
2026-09-22T15:35:32.7343946Z (Reading database ... 95%
2026-09-22T15:35:32.7344856Z (Reading database ... 100%
2026-09-22T15:35:32.7346049Z (Reading database ... 202190 files and directories currently installed.)
2026-09-22T15:35:32.7386670Z Preparing to unpack .../libjemalloc2_5.3.0-2build1_amd64.deb ...
2026-09-22T15:35:32.7424507Z Unpacking libjemalloc2:amd64 (5.3.0-2build1) ...
2026-09-22T15:35:32.7810392Z Setting up libjemalloc2:amd64 (5.3.0-2build1) ...
2026-09-22T15:35:32.7833256Z Processing triggers for libc-bin (2.39-0ubuntu8.9) ...
2026-09-22T15:35:34.6115666Z 
2026-09-22T15:35:34.6116154Z Running kernel seems to be up-to-date.
2026-09-22T15:35:34.6116554Z 
2026-09-22T15:35:34.6116710Z No services need to be restarted.
2026-09-22T15:35:34.6116909Z 
2026-09-22T15:35:34.6144819Z No containers need to be restarted.
2026-09-22T15:35:34.6145146Z 
2026-09-22T15:35:34.6145288Z No user sessions are running outdated binaries.
2026-09-22T15:35:34.6145516Z 
2026-09-22T15:35:34.6145726Z No VM guests are running outdated hypervisor (qemu) binaries on this host.
2026-09-22T15:35:35.3512886Z bundled ABC: 5d51a5e420f5de493d07bf61109a977248c86ffb
2026-09-22T15:35:35.3539018Z Yosys 0.66 (git sha1 86f2ddebc, g++ 13.3.0-6ubuntu2~24.04.1 -fPIC -O3)
2026-09-22T15:35:35.3579430Z Yosys 0.66 (git sha1 86f2ddebc, g++ 13.3.0-6ubuntu2~24.04.1 -fPIC -O3)
2026-09-22T15:35:35.3616821Z ##[group]Run set -euo pipefail
2026-09-22T15:35:35.3617157Z [36;1mset -euo pipefail[0m
2026-09-22T15:35:35.3617407Z [36;1mver=v0.0.12[0m
2026-09-22T15:35:35.3617776Z [36;1msha256=ff8c9eea5bc029b372fb4953427625cddb7cf7e58c1240623ac9f260818d5a00[0m
2026-09-22T15:35:35.3618409Z [36;1murl="https://github.com/zachjs/sv2v/releases/download/${ver}/sv2v-Linux.zip"[0m
2026-09-22T15:35:35.3618902Z [36;1mcurl -fsSL "$url" -o /tmp/sv2v.zip[0m
2026-09-22T15:35:35.3619277Z [36;1mecho "${sha256}  /tmp/sv2v.zip" | sha256sum -c -[0m
2026-09-22T15:35:35.3619645Z [36;1munzip -q -o /tmp/sv2v.zip -d /tmp/sv2v[0m
2026-09-22T15:35:35.3620091Z [36;1msudo install -m755 "$(find /tmp/sv2v -name sv2v -type f | head -1)" \[0m
2026-09-22T15:35:35.3620502Z [36;1m  /usr/local/bin/sv2v[0m
2026-09-22T15:35:35.3620772Z [36;1msv2v --version[0m
2026-09-22T15:35:35.3680977Z shell: /usr/bin/bash -e {0}
2026-09-22T15:35:35.3681242Z env:
2026-09-22T15:35:35.3681444Z   VERILATOR_VERSION: v5.050
2026-09-22T15:35:35.3681739Z   YOSYS_VERSION: v0.66
2026-09-22T15:35:35.3682020Z   TSN_GEN_REV: deca300c9eb4863fa13383b45ba6cb6fd0828671
2026-09-22T15:35:35.3682346Z ##[endgroup]
2026-09-22T15:35:35.9912615Z /tmp/sv2v.zip: OK
2026-09-22T15:35:36.1067187Z sv2v v0.0.12
2026-09-22T15:35:36.1161236Z ##[group]Run scripts/run_all_suites.sh "$RUNNER_TEMP/suite-logs" \
2026-09-22T15:35:36.1161897Z [36;1mscripts/run_all_suites.sh "$RUNNER_TEMP/suite-logs" \[0m
2026-09-22T15:35:36.1162458Z [36;1m  --shard "3/5"[0m
2026-09-22T15:35:36.1234001Z shell: /usr/bin/bash -e {0}
2026-09-22T15:35:36.1235058Z env:
2026-09-22T15:35:36.1235372Z   VERILATOR_VERSION: v5.050
2026-09-22T15:35:36.1235824Z   YOSYS_VERSION: v0.66
2026-09-22T15:35:36.1236494Z   TSN_GEN_REV: deca300c9eb4863fa13383b45ba6cb6fd0828671
2026-09-22T15:35:36.1237147Z ##[endgroup]
2026-09-22T15:35:39.5463590Z shard: 3/5   selected suites: 12
2026-09-22T15:36:04.3357159Z PASS     adp_tx
2026-09-22T15:36:30.2383873Z PASS     avtp_parser
2026-09-22T15:37:49.6388225Z PASS     chmap_capture
2026-09-22T15:37:54.8902779Z PASS     classifier
2026-09-22T15:38:46.5014731Z PASS     csr
2026-09-22T15:38:53.1849543Z PASS     link_guard
2026-09-22T15:39:42.7261397Z PASS     media_grid_align
2026-09-22T15:40:15.9733794Z PASS     nvm_backend
2026-09-22T15:40:41.5515544Z PASS     tcam
2026-09-22T15:40:47.0772838Z PASS     tdm
2026-09-22T15:40:52.1725624Z PASS     tdm_render
2026-09-22T15:40:57.7114990Z PASS     tkdiag
2026-09-22T15:40:57.7115645Z ----------------------------------------------------------------
2026-09-22T15:40:57.7116330Z suites: 12   passed: 12   failed: 0   timed out: 0
2026-09-22T15:40:57.8007240Z checks: 13818   in-suite failures: 0
2026-09-22T15:40:57.8049379Z logs: /home/runner/work/_temp/suite-logs
2026-09-22T15:40:57.8120767Z Node 20 is being deprecated. This workflow is running with Node 24 by default. If you need to temporarily use Node 20, you can set the ACTIONS_ALLOW_USE_UNSECURE_NODE_VERSION=true environment variable. For more information see: https://github.blog/changelog/2025-09-19-deprecation-of-node-20-on-github-actions-runners/
2026-09-22T15:40:57.8122251Z ##[group]Run actions/upload-artifact@v4
2026-09-22T15:40:57.8122533Z with:
2026-09-22T15:40:57.8122728Z   name: suite-logs-3
2026-09-22T15:40:57.8122984Z   path: /home/runner/work/_temp/suite-logs
2026-09-22T15:40:57.8123280Z   if-no-files-found: error
2026-09-22T15:40:57.8123516Z   retention-days: 3
2026-09-22T15:40:57.8123737Z   compression-level: 6
2026-09-22T15:40:57.8123957Z   overwrite: false
2026-09-22T15:40:57.8124467Z   include-hidden-files: false
2026-09-22T15:40:57.8124713Z env:
2026-09-22T15:40:57.8124904Z   VERILATOR_VERSION: v5.050
2026-09-22T15:40:57.8125144Z   YOSYS_VERSION: v0.66
2026-09-22T15:40:57.8125441Z   TSN_GEN_REV: deca300c9eb4863fa13383b45ba6cb6fd0828671
2026-09-22T15:40:57.8125763Z ##[endgroup]
2026-09-22T15:40:57.9817404Z (node:7270) [DEP0040] DeprecationWarning: The `punycode` module is deprecated. Please use a userland alternative instead.
2026-09-22T15:40:57.9818628Z (Use `node --trace-deprecation ...` to show where the warning was created)
2026-09-22T15:40:57.9986500Z With the provided path, there will be 13 files uploaded
2026-09-22T15:40:57.9987447Z Artifact name is valid!
2026-09-22T15:40:57.9987931Z Root directory input is valid!
2026-09-22T15:40:58.3390277Z Beginning upload of artifact content to blob storage
2026-09-22T15:40:58.3787997Z (node:7270) [DEP0169] DeprecationWarning: `url.parse()` behavior is not standardized and prone to errors that have security implications. Use the WHATWG URL API instead. CVEs are not issued for `url.parse()` vulnerabilities.
2026-09-22T15:40:58.6532669Z Uploaded bytes 42052
2026-09-22T15:40:58.7089711Z Finished uploading artifact content to blob storage!
2026-09-22T15:40:58.7090752Z SHA256 digest of uploaded artifact zip is 02ef982eff394f2f64f89d1a85b684bdec4f8622834fee43d164866242cc7878
2026-09-22T15:40:58.7093286Z Finalizing artifact upload
2026-09-22T15:40:58.9632067Z Artifact suite-logs-3.zip successfully finalized. Artifact ID 10703918681
2026-09-22T15:40:58.9633582Z Artifact suite-logs-3 has been successfully uploaded! Final size is 42052 bytes. Artifact ID is 10703918681
2026-09-22T15:40:58.9640024Z Artifact download URL: https://github.com/kebag-logic/milan-fpga/actions/runs/35748320961/artifacts/10703918681
2026-09-22T15:40:58.9808734Z Node 20 is being deprecated. This workflow is running with Node 24 by default. If you need to temporarily use Node 20, you can set the ACTIONS_ALLOW_USE_UNSECURE_NODE_VERSION=true environment variable. For more information see: https://github.blog/changelog/2025-09-19-deprecation-of-node-20-on-github-actions-runners/
2026-09-22T15:40:58.9810007Z Post job cleanup.
2026-09-22T15:40:59.0906088Z Cache hit occurred on the primary key yosys-v0.66-Linux, not saving cache.
2026-09-22T15:40:59.0907676Z (node:7284) [DEP0040] DeprecationWarning: The `punycode` module is deprecated. Please use a userland alternative instead.
2026-09-22T15:40:59.0908962Z (Use `node --trace-deprecation ...` to show where the warning was created)
2026-09-22T15:40:59.1013950Z Node 20 is being deprecated. This workflow is running with Node 24 by default. If you need to temporarily use Node 20, you can set the ACTIONS_ALLOW_USE_UNSECURE_NODE_VERSION=true environment variable. For more information see: https://github.blog/changelog/2025-09-19-deprecation-of-node-20-on-github-actions-runners/
2026-09-22T15:40:59.1015539Z Post job cleanup.
2026-09-22T15:40:59.2159435Z Cache hit occurred on the primary key verilator-v5.050-Linux, not saving cache.
2026-09-22T15:40:59.2166800Z (node:7292) [DEP0040] DeprecationWarning: The `punycode` module is deprecated. Please use a userland alternative instead.
2026-09-22T15:40:59.2184845Z (Use `node --trace-deprecation ...` to show where the warning was created)
2026-09-22T15:40:59.2328823Z Node 20 is being deprecated. This workflow is running with Node 24 by default. If you need to temporarily use Node 20, you can set the ACTIONS_ALLOW_USE_UNSECURE_NODE_VERSION=true environment variable. For more information see: https://github.blog/changelog/2025-09-19-deprecation-of-node-20-on-github-actions-runners/
2026-09-22T15:40:59.2330096Z Post job cleanup.
2026-09-22T15:40:59.3166055Z [command]/usr/bin/git version
2026-09-22T15:40:59.3211492Z git version 2.55.0
2026-09-22T15:40:59.3253873Z Temporarily overriding HOME='/home/runner/work/_temp/373208ed-b91d-4499-9d7a-40ca11b5d7c1' before making global git config changes
2026-09-22T15:40:59.3255514Z Adding repository directory to the temporary git global config as a safe directory
2026-09-22T15:40:59.3260189Z [command]/usr/bin/git config --global --add safe.directory /home/runner/work/milan-fpga/milan-fpga
2026-09-22T15:40:59.3299054Z [command]/usr/bin/git config --local --name-only --get-regexp core\.sshCommand
2026-09-22T15:40:59.3333677Z [command]/usr/bin/git submodule foreach --recursive sh -c "git config --local --name-only --get-regexp 'core\.sshCommand' && git config --local --unset-all 'core.sshCommand' || :"
2026-09-22T15:40:59.3570669Z Entering 'gptp-processor'
2026-09-22T15:40:59.3979813Z Entering 'protocol-processor'
2026-09-22T15:40:59.4024431Z Entering 'third_party/verilog-axis'
2026-09-22T15:40:59.4085750Z [command]/usr/bin/git config --local --name-only --get-regexp http\.https\:\/\/github\.com\/\.extraheader
2026-09-22T15:40:59.4112445Z http.https://github.com/.extraheader
2026-09-22T15:40:59.4122529Z [command]/usr/bin/git config --local --unset-all http.https://github.com/.extraheader
2026-09-22T15:40:59.4159554Z [command]/usr/bin/git submodule foreach --recursive sh -c "git config --local --name-only --get-regexp 'http\.https\:\/\/github\.com\/\.extraheader' && git config --local --unset-all 'http.https://github.com/.extraheader' || :"
2026-09-22T15:40:59.4384861Z Entering 'gptp-processor'
2026-09-22T15:40:59.4420130Z Entering 'protocol-processor'
2026-09-22T15:40:59.4463428Z Entering 'third_party/verilog-axis'
2026-09-22T15:40:59.4522055Z [command]/usr/bin/git config --local --name-only --get-regexp ^includeIf\.gitdir:
2026-09-22T15:40:59.4567601Z [command]/usr/bin/git submodule foreach --recursive git config --local --show-origin --name-only --get-regexp remote.origin.url
2026-09-22T15:40:59.4799516Z Entering 'gptp-processor'
2026-09-22T15:40:59.5033541Z file:/home/runner/work/milan-fpga/milan-fpga/.git/modules/gptp-processor/config	remote.origin.url
2026-09-22T15:40:59.5054450Z Entering 'protocol-processor'
2026-09-22T15:40:59.5075087Z file:/home/runner/work/milan-fpga/milan-fpga/.git/modules/protocol-processor/config	remote.origin.url
2026-09-22T15:40:59.5094852Z Entering 'third_party/verilog-axis'
2026-09-22T15:40:59.5114378Z file:/home/runner/work/milan-fpga/milan-fpga/.git/modules/third_party/verilog-axis/config	remote.origin.url
2026-09-22T15:40:59.5152219Z [command]/usr/bin/git config --file /home/runner/work/milan-fpga/milan-fpga/.git/modules/gptp-processor/config --name-only --get-regexp ^includeIf\.gitdir:
2026-09-22T15:40:59.5194687Z [command]/usr/bin/git config --file /home/runner/work/milan-fpga/milan-fpga/.git/modules/protocol-processor/config --name-only --get-regexp ^includeIf\.gitdir:
2026-09-22T15:40:59.5233796Z [command]/usr/bin/git config --file /home/runner/work/milan-fpga/milan-fpga/.git/modules/third_party/verilog-axis/config --name-only --get-regexp ^includeIf\.gitdir:
2026-09-22T15:40:59.5421540Z Cleaning up orphan processes
2026-09-22T15:40:59.5720931Z ##[warning]Node.js 20 is deprecated. The following actions target Node.js 20 but are being forced to run on Node.js 24: actions/cache@v4, actions/checkout@v4, actions/upload-artifact@v4. For more information see: https://github.blog/changelog/2025-09-19-deprecation-of-node-20-on-github-actions-runners/
