2026-09-22T15:35:00.9195236Z Current runner version: '2.337.0'
2026-09-22T15:35:00.9217274Z ##[group]Runner Image Provisioner
2026-09-22T15:35:00.9218124Z Hosted Compute Agent
2026-09-22T15:35:00.9218628Z Version: 20260828.587
2026-09-22T15:35:00.9219155Z Commit: abac92662cab4cc7352de4f9f9d2e2419aad9c29
2026-09-22T15:35:00.9219791Z Build Date: 2026-08-28T16:44:25Z
2026-09-22T15:35:00.9220352Z Worker ID: {6f0a379b-c59c-4449-a4fe-d37b287553e1}
2026-09-22T15:35:00.9220936Z Azure Region: westus3
2026-09-22T15:35:00.9221472Z ##[endgroup]
2026-09-22T15:35:00.9222890Z ##[group]Operating System
2026-09-22T15:35:00.9223472Z Ubuntu
2026-09-22T15:35:00.9223933Z 24.04.5
2026-09-22T15:35:00.9224402Z LTS
2026-09-22T15:35:00.9224918Z ##[endgroup]
2026-09-22T15:35:00.9225390Z ##[group]Runner Image
2026-09-22T15:35:00.9225930Z Image: ubuntu-24.04
2026-09-22T15:35:00.9226417Z Version: 20260907.300.1
2026-09-22T15:35:00.9227542Z Included Software: https://github.com/actions/runner-images/blob/ubuntu24/20260907.300/images/ubuntu/Ubuntu2404-Readme.md
2026-09-22T15:35:00.9228797Z Image Release: https://github.com/actions/runner-images/releases/tag/ubuntu24%2F20260907.300
2026-09-22T15:35:00.9229603Z ##[endgroup]
2026-09-22T15:35:00.9230641Z ##[group]GITHUB_TOKEN Permissions
2026-09-22T15:35:00.9232405Z Contents: read
2026-09-22T15:35:00.9232925Z Metadata: read
2026-09-22T15:35:00.9233392Z Packages: read
2026-09-22T15:35:00.9233894Z ##[endgroup]
2026-09-22T15:35:00.9235680Z Secret source: Actions
2026-09-22T15:35:00.9236545Z Cache mode: write
2026-09-22T15:35:00.9237134Z Prepare workflow directory
2026-09-22T15:35:00.9586594Z Prepare all required actions
2026-09-22T15:35:00.9625107Z Getting action download info
2026-09-22T15:35:01.2755010Z Download action repository 'actions/checkout@v4' (SHA:11d5960a326750d5838078e36cf38b85af677262)
2026-09-22T15:35:01.3696050Z Download action repository 'actions/cache@v4' (SHA:0057852bfaa89a56745cba8c7296529d2fc39830)
2026-09-22T15:35:01.5379104Z Download action repository 'actions/upload-artifact@v4' (SHA:ea165f8d65b6e75b540449e92b4886f43607fa02)
2026-09-22T15:35:01.7588641Z Complete job name: Yosys shard 1/4
2026-09-22T15:35:01.8185558Z Node 20 is being deprecated. This workflow is running with Node 24 by default. If you need to temporarily use Node 20, you can set the ACTIONS_ALLOW_USE_UNSECURE_NODE_VERSION=true environment variable. For more information see: https://github.blog/changelog/2025-09-19-deprecation-of-node-20-on-github-actions-runners/
2026-09-22T15:35:01.8192656Z ##[group]Run actions/checkout@v4
2026-09-22T15:35:01.8193216Z with:
2026-09-22T15:35:01.8193571Z   repository: kebag-logic/milan-fpga
2026-09-22T15:35:01.8196622Z   token: ***
2026-09-22T15:35:01.8196963Z   ssh-strict: true
2026-09-22T15:35:01.8197305Z   ssh-user: git
2026-09-22T15:35:01.8197655Z   persist-credentials: true
2026-09-22T15:35:01.8198040Z   clean: true
2026-09-22T15:35:01.8198396Z   sparse-checkout-cone-mode: true
2026-09-22T15:35:01.8198795Z   fetch-depth: 1
2026-09-22T15:35:01.8199128Z   fetch-tags: false
2026-09-22T15:35:01.8199473Z   show-progress: true
2026-09-22T15:35:01.8199848Z   lfs: false
2026-09-22T15:35:01.8200201Z   submodules: false
2026-09-22T15:35:01.8200548Z   set-safe-directory: true
2026-09-22T15:35:01.8200941Z   allow-unsafe-pr-checkout: false
2026-09-22T15:35:01.8201460Z env:
2026-09-22T15:35:01.8201784Z   VERILATOR_VERSION: v5.050
2026-09-22T15:35:01.8202177Z   YOSYS_VERSION: v0.66
2026-09-22T15:35:01.8202891Z   TSN_GEN_REV: deca300c9eb4863fa13383b45ba6cb6fd0828671
2026-09-22T15:35:01.8203361Z ##[endgroup]
2026-09-22T15:35:01.9040464Z Syncing repository: kebag-logic/milan-fpga
2026-09-22T15:35:01.9042591Z ##[group]Getting Git version info
2026-09-22T15:35:01.9043478Z Working directory is '/home/runner/work/milan-fpga/milan-fpga'
2026-09-22T15:35:01.9044722Z [command]/usr/bin/git version
2026-09-22T15:35:01.9102193Z git version 2.55.0
2026-09-22T15:35:01.9123635Z ##[endgroup]
2026-09-22T15:35:01.9132677Z Temporarily overriding HOME='/home/runner/work/_temp/2058b5ec-f060-40a9-a488-fdbdf0c280c3' before making global git config changes
2026-09-22T15:35:01.9134064Z Adding repository directory to the temporary git global config as a safe directory
2026-09-22T15:35:01.9137695Z [command]/usr/bin/git config --global --add safe.directory /home/runner/work/milan-fpga/milan-fpga
2026-09-22T15:35:01.9183959Z Deleting the contents of '/home/runner/work/milan-fpga/milan-fpga'
2026-09-22T15:35:01.9203483Z ##[group]Initializing the repository
2026-09-22T15:35:01.9204356Z [command]/usr/bin/git init /home/runner/work/milan-fpga/milan-fpga
2026-09-22T15:35:01.9275182Z hint: Using 'master' as the name for the initial branch. This default branch name
2026-09-22T15:35:01.9275991Z hint: will change to "main" in Git 3.0. To configure the initial branch name
2026-09-22T15:35:01.9277128Z hint: to use in all of your new repositories, which will suppress this warning,
2026-09-22T15:35:01.9278026Z hint: call:
2026-09-22T15:35:01.9278523Z hint:
2026-09-22T15:35:01.9279170Z hint: 	git config --global init.defaultBranch <name>
2026-09-22T15:35:01.9279920Z hint:
2026-09-22T15:35:01.9280595Z hint: Names commonly chosen instead of 'master' are 'main', 'trunk' and
2026-09-22T15:35:01.9281524Z hint: 'development'. The just-created branch can be renamed via this command:
2026-09-22T15:35:01.9282551Z hint:
2026-09-22T15:35:01.9283070Z hint: 	git branch -m <name>
2026-09-22T15:35:01.9283549Z hint:
2026-09-22T15:35:01.9284037Z hint: Disable this message with "git config set advice.defaultBranchName false"
2026-09-22T15:35:01.9284870Z Initialized empty Git repository in /home/runner/work/milan-fpga/milan-fpga/.git/
2026-09-22T15:35:01.9289534Z [command]/usr/bin/git remote add origin https://github.com/kebag-logic/milan-fpga
2026-09-22T15:35:01.9327288Z ##[endgroup]
2026-09-22T15:35:01.9328213Z ##[group]Disabling automatic garbage collection
2026-09-22T15:35:01.9329885Z [command]/usr/bin/git config --local gc.auto 0
2026-09-22T15:35:01.9354890Z ##[endgroup]
2026-09-22T15:35:01.9355789Z ##[group]Setting up auth
2026-09-22T15:35:01.9359867Z [command]/usr/bin/git config --local --name-only --get-regexp core\.sshCommand
2026-09-22T15:35:01.9388024Z [command]/usr/bin/git submodule foreach --recursive sh -c "git config --local --name-only --get-regexp 'core\.sshCommand' && git config --local --unset-all 'core.sshCommand' || :"
2026-09-22T15:35:01.9726001Z [command]/usr/bin/git config --local --name-only --get-regexp http\.https\:\/\/github\.com\/\.extraheader
2026-09-22T15:35:01.9768245Z [command]/usr/bin/git submodule foreach --recursive sh -c "git config --local --name-only --get-regexp 'http\.https\:\/\/github\.com\/\.extraheader' && git config --local --unset-all 'http.https://github.com/.extraheader' || :"
2026-09-22T15:35:01.9994560Z [command]/usr/bin/git config --local --name-only --get-regexp ^includeIf\.gitdir:
2026-09-22T15:35:02.0019405Z [command]/usr/bin/git submodule foreach --recursive git config --local --show-origin --name-only --get-regexp remote.origin.url
2026-09-22T15:35:02.0225124Z [command]/usr/bin/git config --local http.https://github.com/.extraheader AUTHORIZATION: basic ***
2026-09-22T15:35:02.0260985Z ##[endgroup]
2026-09-22T15:35:02.0261747Z ##[group]Fetching the repository
2026-09-22T15:35:02.0268878Z [command]/usr/bin/git -c protocol.version=2 fetch --no-tags --prune --no-recurse-submodules --depth=1 origin +060b21a49839c84e0311e1ce9b77b36254646a04:refs/remotes/pull/518/merge
2026-09-22T15:35:04.1388868Z From https://github.com/kebag-logic/milan-fpga
2026-09-22T15:35:04.1389948Z  * [new ref]         060b21a49839c84e0311e1ce9b77b36254646a04 -> pull/518/merge
2026-09-22T15:35:04.1391948Z ##[endgroup]
2026-09-22T15:35:04.1392865Z ##[group]Determining the checkout info
2026-09-22T15:35:04.1394362Z ##[endgroup]
2026-09-22T15:35:04.1399632Z [command]/usr/bin/git sparse-checkout disable
2026-09-22T15:35:04.1641303Z [command]/usr/bin/git config --local --unset-all extensions.worktreeConfig
2026-09-22T15:35:04.1668292Z ##[group]Checking out the ref
2026-09-22T15:35:04.1670743Z [command]/usr/bin/git checkout --progress --force refs/remotes/pull/518/merge
2026-09-22T15:35:04.2816720Z Note: switching to 'refs/remotes/pull/518/merge'.
2026-09-22T15:35:04.2817367Z 
2026-09-22T15:35:04.2817724Z You are in 'detached HEAD' state. You can look around, make experimental
2026-09-22T15:35:04.2818519Z changes and commit them, and you can discard any commits you make in this
2026-09-22T15:35:04.2819304Z state without impacting any branches by switching back to a branch.
2026-09-22T15:35:04.2819778Z 
2026-09-22T15:35:04.2820104Z If you want to create a new branch to retain commits you create, you may
2026-09-22T15:35:04.2820835Z do so (now or later) by using -c with the switch command. Example:
2026-09-22T15:35:04.2821234Z 
2026-09-22T15:35:04.2821461Z   git switch -c <new-branch-name>
2026-09-22T15:35:04.2821748Z 
2026-09-22T15:35:04.2821944Z Or undo this operation with:
2026-09-22T15:35:04.2822204Z 
2026-09-22T15:35:04.2822516Z   git switch -
2026-09-22T15:35:04.2822760Z 
2026-09-22T15:35:04.2823150Z Turn off this advice by setting config variable advice.detachedHead to false
2026-09-22T15:35:04.2823671Z 
2026-09-22T15:35:04.2824195Z HEAD is now at 060b21a Merge 60c5225fe5f93209bf313c51b7a722f25f9aaa7d into 483a133ed08867ea0d300d2b4a027b5b48a4282f
2026-09-22T15:35:04.2827068Z ##[endgroup]
2026-09-22T15:35:04.2870069Z [command]/usr/bin/git log -1 --format=%H
2026-09-22T15:35:04.2893910Z 060b21a49839c84e0311e1ce9b77b36254646a04
2026-09-22T15:35:04.3082879Z ##[group]Run git submodule update --init third_party/verilog-axis protocol-processor gptp-processor
2026-09-22T15:35:04.3084033Z [36;1mgit submodule update --init third_party/verilog-axis protocol-processor gptp-processor[0m
2026-09-22T15:35:04.3120826Z shell: /usr/bin/bash -e {0}
2026-09-22T15:35:04.3121291Z env:
2026-09-22T15:35:04.3121664Z   VERILATOR_VERSION: v5.050
2026-09-22T15:35:04.3122086Z   YOSYS_VERSION: v0.66
2026-09-22T15:35:04.3122787Z   TSN_GEN_REV: deca300c9eb4863fa13383b45ba6cb6fd0828671
2026-09-22T15:35:04.3123386Z ##[endgroup]
2026-09-22T15:35:04.3527113Z Submodule 'gptp-processor' (https://github.com/Mister-M-alt/FPGA-gPTP.git) registered for path 'gptp-processor'
2026-09-22T15:35:04.3531385Z Submodule 'protocol-processor' (https://github.com/Mister-M-alt/protocol-processor-control-plane-avb-milan.git) registered for path 'protocol-processor'
2026-09-22T15:35:04.3534980Z Submodule 'third_party/verilog-axis' (https://github.com/alexforencich/verilog-axis) registered for path 'third_party/verilog-axis'
2026-09-22T15:35:04.3557205Z Cloning into '/home/runner/work/milan-fpga/milan-fpga/gptp-processor'...
2026-09-22T15:35:05.6391938Z Cloning into '/home/runner/work/milan-fpga/milan-fpga/protocol-processor'...
2026-09-22T15:35:07.1518598Z Cloning into '/home/runner/work/milan-fpga/milan-fpga/third_party/verilog-axis'...
2026-09-22T15:35:08.3049000Z Submodule path 'gptp-processor': checked out 'c1b617435824929a790739ea8585c3fe1a328cc0'
2026-09-22T15:35:08.3508823Z Submodule path 'protocol-processor': checked out '424c688fa2205b934a7689a58f2aa766420f2326'
2026-09-22T15:35:08.3665974Z Submodule path 'third_party/verilog-axis': checked out '48ff7a7e2ef782cf778d47910cf85835c64b1bce'
2026-09-22T15:35:08.3718280Z ##[group]Run set -euo pipefail
2026-09-22T15:35:08.3718583Z [36;1mset -euo pipefail[0m
2026-09-22T15:35:08.3718833Z [36;1mhead="$(git rev-parse HEAD)"[0m
2026-09-22T15:35:08.3719170Z [36;1mif [ "$head" != "$GITHUB_SHA" ] || [ "$GITHUB_SHA" != "$TARGET_SHA" ]; then[0m
2026-09-22T15:35:08.3719665Z [36;1m  echo "checkout $head, GITHUB_SHA $GITHUB_SHA and gate target $TARGET_SHA must be one SHA" >&2[0m
2026-09-22T15:35:08.3720058Z [36;1m  exit 1[0m
2026-09-22T15:35:08.3720261Z [36;1mfi[0m
2026-09-22T15:35:08.3720494Z [36;1mmkdir -p "$RUNNER_TEMP/yosys-results"[0m
2026-09-22T15:35:08.3720866Z [36;1mprintf '%s\n' "$GITHUB_SHA" > "$RUNNER_TEMP/yosys-results/TARGET_SHA"[0m
2026-09-22T15:35:08.3721236Z [36;1mecho "target_sha=$GITHUB_SHA"[0m
2026-09-22T15:35:08.3755636Z shell: /usr/bin/bash -e {0}
2026-09-22T15:35:08.3755883Z env:
2026-09-22T15:35:08.3756093Z   VERILATOR_VERSION: v5.050
2026-09-22T15:35:08.3756330Z   YOSYS_VERSION: v0.66
2026-09-22T15:35:08.3756824Z   TSN_GEN_REV: deca300c9eb4863fa13383b45ba6cb6fd0828671
2026-09-22T15:35:08.3757157Z   TARGET_SHA: 060b21a49839c84e0311e1ce9b77b36254646a04
2026-09-22T15:35:08.3757442Z ##[endgroup]
2026-09-22T15:35:08.3831616Z target_sha=060b21a49839c84e0311e1ce9b77b36254646a04
2026-09-22T15:35:08.3909253Z Node 20 is being deprecated. This workflow is running with Node 24 by default. If you need to temporarily use Node 20, you can set the ACTIONS_ALLOW_USE_UNSECURE_NODE_VERSION=true environment variable. For more information see: https://github.blog/changelog/2025-09-19-deprecation-of-node-20-on-github-actions-runners/
2026-09-22T15:35:08.3910651Z ##[group]Run actions/cache@v4
2026-09-22T15:35:08.3910897Z with:
2026-09-22T15:35:08.3911115Z   path: /opt/yosys
2026-09-22T15:35:08.3911332Z   key: yosys-v0.66-Linux
2026-09-22T15:35:08.3911575Z   enableCrossOsArchive: false
2026-09-22T15:35:08.3911839Z   fail-on-cache-miss: false
2026-09-22T15:35:08.3912105Z   lookup-only: false
2026-09-22T15:35:08.3912550Z   save-always: false
2026-09-22T15:35:08.3912760Z env:
2026-09-22T15:35:08.3912960Z   VERILATOR_VERSION: v5.050
2026-09-22T15:35:08.3913193Z   YOSYS_VERSION: v0.66
2026-09-22T15:35:08.3913452Z   TSN_GEN_REV: deca300c9eb4863fa13383b45ba6cb6fd0828671
2026-09-22T15:35:08.3913771Z ##[endgroup]
2026-09-22T15:35:08.4761011Z (node:2109) [DEP0040] DeprecationWarning: The `punycode` module is deprecated. Please use a userland alternative instead.
2026-09-22T15:35:08.4761739Z (Use `node --trace-deprecation ...` to show where the warning was created)
2026-09-22T15:35:08.6792449Z Cache hit for: yosys-v0.66-Linux
2026-09-22T15:35:08.6878279Z (node:2109) [DEP0169] DeprecationWarning: `url.parse()` behavior is not standardized and prone to errors that have security implications. Use the WHATWG URL API instead. CVEs are not issued for `url.parse()` vulnerabilities.
2026-09-22T15:35:09.8651630Z Received 19685025 of 19685025 (100.0%), 19.6 MBs/sec
2026-09-22T15:35:09.8672468Z Cache Size: ~19 MB (19685025 B)
2026-09-22T15:35:09.8673502Z [command]/usr/bin/tar -xf /home/runner/work/_temp/eae00bd0-f704-4f89-bfd9-38075e0e2da7/cache.tzst -P -C /home/runner/work/milan-fpga/milan-fpga --use-compress-program unzstd
2026-09-22T15:35:09.9560989Z Cache restored successfully
2026-09-22T15:35:09.9630783Z Cache restored from key: yosys-v0.66-Linux
2026-09-22T15:35:09.9755925Z ##[group]Run set -euo pipefail
2026-09-22T15:35:09.9756190Z [36;1mset -euo pipefail[0m
2026-09-22T15:35:09.9756408Z [36;1msudo apt-get update -qq[0m
2026-09-22T15:35:09.9756707Z [36;1msudo apt-get install -y --no-install-recommends libjemalloc2[0m
2026-09-22T15:35:09.9757102Z [36;1msudo ln -sf /opt/yosys/bin/yosys /opt/yosys/bin/yosys-abc /usr/local/bin/[0m
2026-09-22T15:35:09.9757434Z [36;1mtest -x /opt/yosys/bin/yosys-abc[0m
2026-09-22T15:35:09.9757706Z [36;1mecho "bundled ABC: $(cat /opt/yosys/ABC_REV)"[0m
2026-09-22T15:35:09.9757947Z [36;1myosys -V[0m
2026-09-22T15:35:09.9758158Z [36;1myosys -V | grep -F "Yosys ${YOSYS_VERSION#v}"[0m
2026-09-22T15:35:09.9790562Z shell: /usr/bin/bash -e {0}
2026-09-22T15:35:09.9790773Z env:
2026-09-22T15:35:09.9790942Z   VERILATOR_VERSION: v5.050
2026-09-22T15:35:09.9791143Z   YOSYS_VERSION: v0.66
2026-09-22T15:35:09.9791368Z   TSN_GEN_REV: deca300c9eb4863fa13383b45ba6cb6fd0828671
2026-09-22T15:35:09.9791624Z ##[endgroup]
2026-09-22T15:35:15.5367074Z Reading package lists...
2026-09-22T15:35:15.6908321Z Building dependency tree...
2026-09-22T15:35:15.6914588Z Reading state information...
2026-09-22T15:35:15.9627192Z The following NEW packages will be installed:
2026-09-22T15:35:15.9630044Z   libjemalloc2
2026-09-22T15:35:15.9773371Z 0 upgraded, 1 newly installed, 0 to remove and 87 not upgraded.
2026-09-22T15:35:15.9773850Z Need to get 256 kB of archives.
2026-09-22T15:35:15.9774134Z After this operation, 859 kB of additional disk space will be used.
2026-09-22T15:35:15.9774488Z Get:1 file:/etc/apt/apt-mirrors.txt Mirrorlist [144 B]
2026-09-22T15:35:16.0435475Z Get:2 http://azure.archive.ubuntu.com/ubuntu noble/universe amd64 libjemalloc2 amd64 5.3.0-2build1 [256 kB]
2026-09-22T15:35:16.2830423Z Fetched 256 kB in 0s (3321 kB/s)
2026-09-22T15:35:16.3034042Z Selecting previously unselected package libjemalloc2:amd64.
2026-09-22T15:35:16.3308812Z (Reading database ... 
2026-09-22T15:35:16.3309139Z (Reading database ... 5%
2026-09-22T15:35:16.3309477Z (Reading database ... 10%
2026-09-22T15:35:16.3309771Z (Reading database ... 15%
2026-09-22T15:35:16.3310049Z (Reading database ... 20%
2026-09-22T15:35:16.3310237Z (Reading database ... 25%
2026-09-22T15:35:16.3310438Z (Reading database ... 30%
2026-09-22T15:35:16.3310624Z (Reading database ... 35%
2026-09-22T15:35:16.3310800Z (Reading database ... 40%
2026-09-22T15:35:16.3310989Z (Reading database ... 45%
2026-09-22T15:35:16.3311254Z (Reading database ... 50%
2026-09-22T15:35:16.3359487Z (Reading database ... 55%
2026-09-22T15:35:16.4630147Z (Reading database ... 60%
2026-09-22T15:35:16.7518954Z (Reading database ... 65%
2026-09-22T15:35:17.0110396Z (Reading database ... 70%
2026-09-22T15:35:17.2109049Z (Reading database ... 75%
2026-09-22T15:35:17.4124310Z (Reading database ... 80%
2026-09-22T15:35:17.6018602Z (Reading database ... 85%
2026-09-22T15:35:17.9117744Z (Reading database ... 90%
2026-09-22T15:35:18.2129440Z (Reading database ... 95%
2026-09-22T15:35:18.2129859Z (Reading database ... 100%
2026-09-22T15:35:18.2130274Z (Reading database ... 201818 files and directories currently installed.)
2026-09-22T15:35:18.2172048Z Preparing to unpack .../libjemalloc2_5.3.0-2build1_amd64.deb ...
2026-09-22T15:35:18.2548518Z Unpacking libjemalloc2:amd64 (5.3.0-2build1) ...
2026-09-22T15:35:18.2907858Z Setting up libjemalloc2:amd64 (5.3.0-2build1) ...
2026-09-22T15:35:18.2935903Z Processing triggers for libc-bin (2.39-0ubuntu8.8) ...
2026-09-22T15:35:19.0789177Z 
2026-09-22T15:35:19.0789756Z Running kernel seems to be up-to-date.
2026-09-22T15:35:19.0790082Z 
2026-09-22T15:35:19.0790207Z No services need to be restarted.
2026-09-22T15:35:19.0790447Z 
2026-09-22T15:35:19.0790614Z No containers need to be restarted.
2026-09-22T15:35:19.0790843Z 
2026-09-22T15:35:19.0791002Z No user sessions are running outdated binaries.
2026-09-22T15:35:19.0791265Z 
2026-09-22T15:35:19.0791514Z No VM guests are running outdated hypervisor (qemu) binaries on this host.
2026-09-22T15:35:19.8924636Z bundled ABC: 5d51a5e420f5de493d07bf61109a977248c86ffb
2026-09-22T15:35:19.8949991Z Yosys 0.66 (git sha1 86f2ddebc, g++ 13.3.0-6ubuntu2~24.04.1 -fPIC -O3)
2026-09-22T15:35:19.8984833Z Yosys 0.66 (git sha1 86f2ddebc, g++ 13.3.0-6ubuntu2~24.04.1 -fPIC -O3)
2026-09-22T15:35:19.9016036Z ##[group]Run set -euo pipefail
2026-09-22T15:35:19.9016314Z [36;1mset -euo pipefail[0m
2026-09-22T15:35:19.9016522Z [36;1mver=v0.0.12[0m
2026-09-22T15:35:19.9016845Z [36;1msha256=ff8c9eea5bc029b372fb4953427625cddb7cf7e58c1240623ac9f260818d5a00[0m
2026-09-22T15:35:19.9036252Z [36;1murl="https://github.com/zachjs/sv2v/releases/download/${ver}/sv2v-Linux.zip"[0m
2026-09-22T15:35:19.9036804Z [36;1mcurl -fsSL "$url" -o /tmp/sv2v.zip[0m
2026-09-22T15:35:19.9037230Z [36;1mecho "${sha256}  /tmp/sv2v.zip" | sha256sum -c -[0m
2026-09-22T15:35:19.9037648Z [36;1munzip -q -o /tmp/sv2v.zip -d /tmp/sv2v[0m
2026-09-22T15:35:19.9038136Z [36;1msudo install -m755 "$(find /tmp/sv2v -name sv2v -type f | head -1)" \[0m
2026-09-22T15:35:19.9038598Z [36;1m  /usr/local/bin/sv2v[0m
2026-09-22T15:35:19.9038900Z [36;1msv2v --version[0m
2026-09-22T15:35:19.9075336Z shell: /usr/bin/bash -e {0}
2026-09-22T15:35:19.9075550Z env:
2026-09-22T15:35:19.9075737Z   VERILATOR_VERSION: v5.050
2026-09-22T15:35:19.9075994Z   YOSYS_VERSION: v0.66
2026-09-22T15:35:19.9076228Z   TSN_GEN_REV: deca300c9eb4863fa13383b45ba6cb6fd0828671
2026-09-22T15:35:19.9076485Z ##[endgroup]
2026-09-22T15:35:20.1995178Z /tmp/sv2v.zip: OK
2026-09-22T15:35:20.2699768Z sv2v v0.0.12
2026-09-22T15:35:20.2853409Z Node 20 is being deprecated. This workflow is running with Node 24 by default. If you need to temporarily use Node 20, you can set the ACTIONS_ALLOW_USE_UNSECURE_NODE_VERSION=true environment variable. For more information see: https://github.blog/changelog/2025-09-19-deprecation-of-node-20-on-github-actions-runners/
2026-09-22T15:35:20.2854570Z ##[group]Run actions/cache@v4
2026-09-22T15:35:20.2854774Z with:
2026-09-22T15:35:20.2854981Z   path: /home/runner/work/_temp/yosys-result-cache
2026-09-22T15:35:20.2855328Z   key: yosys-results-v0.66-shard1-060b21a49839c84e0311e1ce9b77b36254646a04
2026-09-22T15:35:20.2855667Z   restore-keys: yosys-results-v0.66-shard1-
2026-09-22T15:35:20.2855906Z   enableCrossOsArchive: false
2026-09-22T15:35:20.2856120Z   fail-on-cache-miss: false
2026-09-22T15:35:20.2856319Z   lookup-only: false
2026-09-22T15:35:20.2856508Z   save-always: false
2026-09-22T15:35:20.2856678Z env:
2026-09-22T15:35:20.2856848Z   VERILATOR_VERSION: v5.050
2026-09-22T15:35:20.2857077Z   YOSYS_VERSION: v0.66
2026-09-22T15:35:20.2857314Z   TSN_GEN_REV: deca300c9eb4863fa13383b45ba6cb6fd0828671
2026-09-22T15:35:20.2857559Z ##[endgroup]
2026-09-22T15:35:20.3734035Z (node:2631) [DEP0040] DeprecationWarning: The `punycode` module is deprecated. Please use a userland alternative instead.
2026-09-22T15:35:20.3734636Z (Use `node --trace-deprecation ...` to show where the warning was created)
2026-09-22T15:35:20.5733419Z Cache hit for restore-key: yosys-results-v0.66-shard1-483a133ed08867ea0d300d2b4a027b5b48a4282f
2026-09-22T15:35:20.5812141Z (node:2631) [DEP0169] DeprecationWarning: `url.parse()` behavior is not standardized and prone to errors that have security implications. Use the WHATWG URL API instead. CVEs are not issued for `url.parse()` vulnerabilities.
2026-09-22T15:35:20.8560967Z Received 10205 of 10205 (100.0%), 0.2 MBs/sec
2026-09-22T15:35:20.8561401Z Cache Size: ~0 MB (10205 B)
2026-09-22T15:35:20.8581450Z [command]/usr/bin/tar -xf /home/runner/work/_temp/0cf0024e-5aaf-4f5d-9bd6-5e2f389700ef/cache.tzst -P -C /home/runner/work/milan-fpga/milan-fpga --use-compress-program unzstd
2026-09-22T15:35:20.8631460Z Cache restored successfully
2026-09-22T15:35:20.8690789Z Cache restored from key: yosys-results-v0.66-shard1-483a133ed08867ea0d300d2b4a027b5b48a4282f
2026-09-22T15:35:20.8764171Z ##[group]Run syn/yosys/run.sh --shard "1/4" \
2026-09-22T15:35:20.8764481Z [36;1msyn/yosys/run.sh --shard "1/4" \[0m
2026-09-22T15:35:20.8764750Z [36;1m  --results "$RUNNER_TEMP/yosys-results" \[0m
2026-09-22T15:35:20.8765048Z [36;1m  --cache "$RUNNER_TEMP/yosys-result-cache"[0m
2026-09-22T15:35:20.8796971Z shell: /usr/bin/bash -e {0}
2026-09-22T15:35:20.8797194Z env:
2026-09-22T15:35:20.8797367Z   VERILATOR_VERSION: v5.050
2026-09-22T15:35:20.8797572Z   YOSYS_VERSION: v0.66
2026-09-22T15:35:20.8797818Z   TSN_GEN_REV: deca300c9eb4863fa13383b45ba6cb6fd0828671
2026-09-22T15:35:20.8798099Z ##[endgroup]
2026-09-22T15:35:21.2441695Z == Yosys open-synthesis check (synth, via sv2v; shard 1/4) ==
2026-09-22T15:35:24.1460533Z    yosys allocator: /lib/x86_64-linux-gnu/libjemalloc.so.2
2026-09-22T15:35:24.1460998Z   [PASS] KL_pp_shadow           cells=1141365  (result cache)
2026-09-22T15:35:24.1476487Z --------------------------------------------------------------
2026-09-22T15:35:24.1477010Z tops: 1   pass: 1   fail: 0
2026-09-22T15:35:24.1481290Z RESULT: PASS
2026-09-22T15:35:24.1481578Z structural checks: skipped in this worker
2026-09-22T15:35:24.1549399Z Node 20 is being deprecated. This workflow is running with Node 24 by default. If you need to temporarily use Node 20, you can set the ACTIONS_ALLOW_USE_UNSECURE_NODE_VERSION=true environment variable. For more information see: https://github.blog/changelog/2025-09-19-deprecation-of-node-20-on-github-actions-runners/
2026-09-22T15:35:24.1550384Z ##[group]Run actions/upload-artifact@v4
2026-09-22T15:35:24.1550616Z with:
2026-09-22T15:35:24.1550789Z   name: yosys-results-1
2026-09-22T15:35:24.1551018Z   path: /home/runner/work/_temp/yosys-results
2026-09-22T15:35:24.1551264Z   if-no-files-found: error
2026-09-22T15:35:24.1551463Z   retention-days: 3
2026-09-22T15:35:24.1551655Z   compression-level: 6
2026-09-22T15:35:24.1551843Z   overwrite: false
2026-09-22T15:35:24.1552185Z   include-hidden-files: false
2026-09-22T15:35:24.1552766Z env:
2026-09-22T15:35:24.1552933Z   VERILATOR_VERSION: v5.050
2026-09-22T15:35:24.1553145Z   YOSYS_VERSION: v0.66
2026-09-22T15:35:24.1553403Z   TSN_GEN_REV: deca300c9eb4863fa13383b45ba6cb6fd0828671
2026-09-22T15:35:24.1553659Z ##[endgroup]
2026-09-22T15:35:24.2892432Z (node:2715) [DEP0040] DeprecationWarning: The `punycode` module is deprecated. Please use a userland alternative instead.
2026-09-22T15:35:24.2893151Z (Use `node --trace-deprecation ...` to show where the warning was created)
2026-09-22T15:35:24.2953496Z With the provided path, there will be 2 files uploaded
2026-09-22T15:35:24.2954201Z Artifact name is valid!
2026-09-22T15:35:24.2954505Z Root directory input is valid!
2026-09-22T15:35:24.6447757Z Beginning upload of artifact content to blob storage
2026-09-22T15:35:24.6599103Z (node:2715) [DEP0169] DeprecationWarning: `url.parse()` behavior is not standardized and prone to errors that have security implications. Use the WHATWG URL API instead. CVEs are not issued for `url.parse()` vulnerabilities.
2026-09-22T15:35:24.8741061Z Uploaded bytes 389
2026-09-22T15:35:24.9365056Z Finished uploading artifact content to blob storage!
2026-09-22T15:35:24.9365859Z SHA256 digest of uploaded artifact zip is 291674b242712f5bb3edb6c50d79dcb485422c44ddb7a489bbe9f410d62af01c
2026-09-22T15:35:24.9366935Z Finalizing artifact upload
2026-09-22T15:35:25.2096238Z Artifact yosys-results-1.zip successfully finalized. Artifact ID 10704396633
2026-09-22T15:35:25.2097177Z Artifact yosys-results-1 has been successfully uploaded! Final size is 389 bytes. Artifact ID is 10704396633
2026-09-22T15:35:25.2102595Z Artifact download URL: https://github.com/kebag-logic/milan-fpga/actions/runs/35748320961/artifacts/10704396633
2026-09-22T15:35:25.2239270Z Node 20 is being deprecated. This workflow is running with Node 24 by default. If you need to temporarily use Node 20, you can set the ACTIONS_ALLOW_USE_UNSECURE_NODE_VERSION=true environment variable. For more information see: https://github.blog/changelog/2025-09-19-deprecation-of-node-20-on-github-actions-runners/
2026-09-22T15:35:25.2240223Z Post job cleanup.
2026-09-22T15:35:25.3150095Z (node:2727) [DEP0040] DeprecationWarning: The `punycode` module is deprecated. Please use a userland alternative instead.
2026-09-22T15:35:25.3150674Z (Use `node --trace-deprecation ...` to show where the warning was created)
2026-09-22T15:35:25.3270828Z [command]/usr/bin/tar --posix -cf cache.tzst --exclude cache.tzst -P -C /home/runner/work/milan-fpga/milan-fpga --files-from manifest.txt --use-compress-program zstdmt
2026-09-22T15:35:25.5657740Z (node:2727) [DEP0169] DeprecationWarning: `url.parse()` behavior is not standardized and prone to errors that have security implications. Use the WHATWG URL API instead. CVEs are not issued for `url.parse()` vulnerabilities.
2026-09-22T15:35:25.7900580Z Sent 10105 of 10105 (100.0%), 0.0 MBs/sec
2026-09-22T15:35:25.8937720Z Cache saved with key: yosys-results-v0.66-shard1-060b21a49839c84e0311e1ce9b77b36254646a04
2026-09-22T15:35:25.9040625Z Node 20 is being deprecated. This workflow is running with Node 24 by default. If you need to temporarily use Node 20, you can set the ACTIONS_ALLOW_USE_UNSECURE_NODE_VERSION=true environment variable. For more information see: https://github.blog/changelog/2025-09-19-deprecation-of-node-20-on-github-actions-runners/
2026-09-22T15:35:25.9041600Z Post job cleanup.
2026-09-22T15:35:25.9894475Z Cache hit occurred on the primary key yosys-v0.66-Linux, not saving cache.
2026-09-22T15:35:25.9895851Z (node:2747) [DEP0040] DeprecationWarning: The `punycode` module is deprecated. Please use a userland alternative instead.
2026-09-22T15:35:25.9896846Z (Use `node --trace-deprecation ...` to show where the warning was created)
2026-09-22T15:35:25.9998221Z Node 20 is being deprecated. This workflow is running with Node 24 by default. If you need to temporarily use Node 20, you can set the ACTIONS_ALLOW_USE_UNSECURE_NODE_VERSION=true environment variable. For more information see: https://github.blog/changelog/2025-09-19-deprecation-of-node-20-on-github-actions-runners/
2026-09-22T15:35:25.9999338Z Post job cleanup.
2026-09-22T15:35:26.0680120Z [command]/usr/bin/git version
2026-09-22T15:35:26.0718136Z git version 2.55.0
2026-09-22T15:35:26.0750421Z Temporarily overriding HOME='/home/runner/work/_temp/3bc75296-4221-4c65-9154-3112453832c6' before making global git config changes
2026-09-22T15:35:26.0751687Z Adding repository directory to the temporary git global config as a safe directory
2026-09-22T15:35:26.0755525Z [command]/usr/bin/git config --global --add safe.directory /home/runner/work/milan-fpga/milan-fpga
2026-09-22T15:35:26.0787376Z [command]/usr/bin/git config --local --name-only --get-regexp core\.sshCommand
2026-09-22T15:35:26.0816854Z [command]/usr/bin/git submodule foreach --recursive sh -c "git config --local --name-only --get-regexp 'core\.sshCommand' && git config --local --unset-all 'core.sshCommand' || :"
2026-09-22T15:35:26.1018533Z Entering 'gptp-processor'
2026-09-22T15:35:26.1072901Z Entering 'protocol-processor'
2026-09-22T15:35:26.1122945Z Entering 'third_party/verilog-axis'
2026-09-22T15:35:26.1173974Z [command]/usr/bin/git config --local --name-only --get-regexp http\.https\:\/\/github\.com\/\.extraheader
2026-09-22T15:35:26.1200449Z http.https://github.com/.extraheader
2026-09-22T15:35:26.1209536Z [command]/usr/bin/git config --local --unset-all http.https://github.com/.extraheader
2026-09-22T15:35:26.1240095Z [command]/usr/bin/git submodule foreach --recursive sh -c "git config --local --name-only --get-regexp 'http\.https\:\/\/github\.com\/\.extraheader' && git config --local --unset-all 'http.https://github.com/.extraheader' || :"
2026-09-22T15:35:26.1438438Z Entering 'gptp-processor'
2026-09-22T15:35:26.1474544Z Entering 'protocol-processor'
2026-09-22T15:35:26.1510990Z Entering 'third_party/verilog-axis'
2026-09-22T15:35:26.1564206Z [command]/usr/bin/git config --local --name-only --get-regexp ^includeIf\.gitdir:
2026-09-22T15:35:26.1596448Z [command]/usr/bin/git submodule foreach --recursive git config --local --show-origin --name-only --get-regexp remote.origin.url
2026-09-22T15:35:26.1778685Z Entering 'gptp-processor'
2026-09-22T15:35:26.1807875Z file:/home/runner/work/milan-fpga/milan-fpga/.git/modules/gptp-processor/config	remote.origin.url
2026-09-22T15:35:26.1823390Z Entering 'protocol-processor'
2026-09-22T15:35:26.1839259Z file:/home/runner/work/milan-fpga/milan-fpga/.git/modules/protocol-processor/config	remote.origin.url
2026-09-22T15:35:26.1855163Z Entering 'third_party/verilog-axis'
2026-09-22T15:35:26.1870871Z file:/home/runner/work/milan-fpga/milan-fpga/.git/modules/third_party/verilog-axis/config	remote.origin.url
2026-09-22T15:35:26.1899403Z [command]/usr/bin/git config --file /home/runner/work/milan-fpga/milan-fpga/.git/modules/gptp-processor/config --name-only --get-regexp ^includeIf\.gitdir:
2026-09-22T15:35:26.1929277Z [command]/usr/bin/git config --file /home/runner/work/milan-fpga/milan-fpga/.git/modules/protocol-processor/config --name-only --get-regexp ^includeIf\.gitdir:
2026-09-22T15:35:26.1956849Z [command]/usr/bin/git config --file /home/runner/work/milan-fpga/milan-fpga/.git/modules/third_party/verilog-axis/config --name-only --get-regexp ^includeIf\.gitdir:
2026-09-22T15:35:26.2100571Z Cleaning up orphan processes
2026-09-22T15:35:26.2352525Z ##[warning]Node.js 20 is deprecated. The following actions target Node.js 20 but are being forced to run on Node.js 24: actions/cache@v4, actions/checkout@v4, actions/upload-artifact@v4. For more information see: https://github.blog/changelog/2025-09-19-deprecation-of-node-20-on-github-actions-runners/
