wrote $PACKET/scratch/size/out/r6-endstation_ax7101_1x1_tdm8-if2/contract/KL_mbx_pkg.sv (2 interfaces)
wrote $PACKET/scratch/size/out/r6-endstation_ax7101_1x1_tdm8-if2/contract/KL_mbx.sv (2 interfaces)
wrote $PACKET/scratch/size/out/r6-endstation_ax7101_1x1_tdm8-if2/contract/mbx_contract.h (2 interfaces)
{
  "shape": "endstation_ax7101_1x1_tdm8",
  "interfaces": 2,
  "srp": true,
  "sections": {
    ".text": 34676,
    ".rodata": 2846,
    ".bss": 29424,
    ".stack": 8192,
    ".riscv.attributes": 28
  },
  "static_storage": {
    "image_allocation": 16,
    "image_app": 4360,
    "image_arena": 19840,
    "image_entity": 40,
    "image_licences": 4,
    "image_sources": 128,
    "image_srp": 5016
  },
  "artifacts": [
    {
      "name": "libc.a",
      "size": 5542,
      "sha256": "c40cd142e50f8070af9cad676858c2f20a1471a89e8aa95664f2a9bc75d8d3c3"
    },
    {
      "name": "libcompiler_rt.a",
      "size": 30036,
      "sha256": "ab04b95b607ad6085ecc86442ceec8f168425b2270869e3505e8ff1960c395e3"
    },
    {
      "name": "ctrl_app.elf",
      "size": 52936,
      "sha256": "b7f9eb99d67f1e211986d2ca730a1df488335726bafcca40e2925b573cd56a38"
    },
    {
      "name": "ctrl_app.map",
      "size": 84986,
      "sha256": "4e6fb16401c9f146cd2a44a1134a43f40184db069d74ae9abcb48f0aad65712e"
    }
  ],
  "ram_sections": 75138,
  "ram_span": 75152
}
