START build-service-8x8-queued-input 15:19:03
END build-service-8x8-queued-input 0 15:19:26
START service-8x8-queued-input 15:19:26
START build-service-8x8-queued-builtins 15:19:26
END build-service-8x8-queued-builtins 0 15:19:47
START service-8x8-queued-builtins 15:19:47
START build-service-8x8-device-wait 15:19:47
END build-service-8x8-device-wait 0 15:20:09
START service-8x8-device-wait 15:20:09
START build-service-8x8-uart-paced 15:20:09
END build-service-8x8-uart-paced 0 15:20:30
START service-8x8-uart-paced 15:20:30
START build-service-8x8-all 15:20:30
END build-service-8x8-all 0 15:20:51
START service-8x8-all 15:20:51
START build-service-8x8-queued-short 15:20:51
END build-service-8x8-queued-short 0 15:21:13
START service-8x8-queued-short 15:21:13
START build-service-1x1-queued-input 15:21:13
END build-service-1x1-queued-input 0 15:21:34
START service-1x1-queued-input 15:21:34
START build-service-1x1-queued-builtins 15:21:34
END build-service-1x1-queued-builtins 0 15:21:56
START service-1x1-queued-builtins 15:21:56
START build-service-1x1-device-wait 15:21:56
END build-service-1x1-device-wait 0 15:22:16
START service-1x1-device-wait 15:22:16
START build-service-1x1-uart-paced 15:22:16
END build-service-1x1-uart-paced 0 15:22:36
START service-1x1-uart-paced 15:22:36
START build-service-1x1-all 15:22:36
END build-service-1x1-all 0 15:22:57
START service-1x1-all 15:22:57
START build-service-1x1-queued-short 15:22:57
END build-service-1x1-queued-short 0 15:23:17
START service-1x1-queued-short 15:23:17
START build-service-remove-dispatch-queued-builtins 15:23:17
END build-service-remove-dispatch-queued-builtins 0 15:23:38
START service-remove-dispatch-queued-builtins 15:23:38
START build-service-remove-dispatch-queued-short 15:23:38
END build-service-remove-dispatch-queued-short 0 15:23:59
START service-remove-dispatch-queued-short 15:23:59
START build-service-late-sample-all 15:23:59
END build-service-late-sample-all 0 15:24:20
START service-late-sample-all 15:24:20
START build-service-no-publish-all 15:24:20
END build-service-no-publish-all 0 15:24:41
START service-no-publish-all 15:24:41
START build-capture-8x8-100-on 15:24:41
END build-capture-8x8-100-on 0 15:25:02
START capture-8x8-100-on 15:25:02
START build-capture-8x8-100-off 15:25:02
END build-capture-8x8-100-off 0 15:25:24
START capture-8x8-100-off 15:25:24
START build-capture-8x8-50-on 15:25:24
END build-capture-8x8-50-on 0 15:25:46
START capture-8x8-50-on 15:25:46
START build-capture-8x8-50-off 15:25:46
END build-capture-8x8-50-off 0 15:26:07
START capture-8x8-50-off 15:26:07
START build-capture-1x1-50-on 15:26:07
END build-capture-1x1-50-on 0 15:26:28
START capture-1x1-50-on 15:26:28
START build-capture-1x1-50-off 15:26:28
END build-capture-1x1-50-off 0 15:26:48
START capture-1x1-50-off 15:26:48
START build-capture-byte-only 15:26:48
END build-capture-byte-only 0 15:27:10
START build-capture-skip-copy 15:27:10
END build-capture-skip-copy 0 15:27:32
START capture-skip-copy 15:27:32
START build-capture-no-traffic 15:27:32
END build-capture-no-traffic 0 15:27:54
START capture-no-traffic 15:27:54
END capture-skip-copy 0 15:28:57
END capture-no-traffic 0 15:29:15
END service-1x1-all 0 15:32:31
START regrade-service-1x1-all 15:32:31
END regrade-service-1x1-all 0 15:32:32
END capture-1x1-50-off 0 15:33:18
END capture-1x1-50-on 0 15:33:18
END service-late-sample-all 0 15:34:11
START regrade-service-late-sample-all 15:34:11
END regrade-service-late-sample-all 0 15:34:11
END service-1x1-uart-paced 0 15:34:12
START regrade-service-1x1-uart-paced 15:34:12
END regrade-service-1x1-uart-paced 0 15:34:13
END service-no-publish-all 0 15:34:32
END service-1x1-queued-input 0 15:41:36
START regrade-service-1x1-queued-input 15:41:36
END regrade-service-1x1-queued-input 0 15:41:36
END service-1x1-queued-short 0 15:44:01
START regrade-service-1x1-queued-short 15:44:01
END regrade-service-1x1-queued-short 0 15:44:01
END service-remove-dispatch-queued-short 0 15:44:31
START regrade-service-remove-dispatch-queued-short 15:44:31
END regrade-service-remove-dispatch-queued-short 0 15:44:31
END service-1x1-device-wait 0 15:47:48
START regrade-service-1x1-device-wait 15:47:48
END regrade-service-1x1-device-wait 0 15:47:48
END capture-8x8-50-off 0 15:57:25
END capture-8x8-100-off 0 15:58:17
END service-8x8-queued-short 0 15:59:34
START regrade-service-8x8-queued-short 15:59:34
END regrade-service-8x8-queued-short 0 15:59:34
END capture-8x8-50-on 0 16:02:11
START capture-byte-only 16:02:11
END capture-8x8-100-on 0 16:04:24
END capture-byte-only 0 16:08:59
END service-8x8-all 0 16:12:27
START regrade-service-8x8-all 16:12:27
END regrade-service-8x8-all 0 16:12:27
END service-8x8-device-wait 0 16:16:23
START regrade-service-8x8-device-wait 16:16:23
END regrade-service-8x8-device-wait 0 16:16:23
END service-8x8-uart-paced 0 16:16:33
START regrade-service-8x8-uart-paced 16:16:33
END regrade-service-8x8-uart-paced 0 16:16:34
END service-1x1-queued-builtins 0 16:21:13
START regrade-service-1x1-queued-builtins 16:21:14
END regrade-service-1x1-queued-builtins 0 16:21:14
END service-remove-dispatch-queued-builtins 0 16:23:19
START regrade-service-remove-dispatch-queued-builtins 16:23:19
END regrade-service-remove-dispatch-queued-builtins 0 16:23:20
END service-8x8-queued-builtins 0 16:53:58
START regrade-service-8x8-queued-builtins 16:53:58
END regrade-service-8x8-queued-builtins 0 16:53:59
END service-8x8-queued-input 0 17:10:47
START regrade-service-8x8-queued-input 17:10:47
END regrade-service-8x8-queued-input 0 17:10:47
ALL NATIVE MEASUREMENTS COMPLETE: 25 arms at 1f039cfe86d5337f5c9b7248696dba1c4bdda67e
