FAIL: NW ONE: output must coincide with actual live RAM write enable
FAIL: NW READBACK: output must coincide with actual live RAM write enable
FAIL: NW EIGHT: accepted lane pulse count 1, want 8
FAIL: NW EIGHT: output must coincide with actual live RAM write enable
FAIL: NW READBACK: accepted lane pulse count 1, want 8
FAIL: NW READBACK: output must coincide with actual live RAM write enable
FAIL: NW UNCHANGED: accepted lane pulse count 1, want 0
FAIL: NW UNCHANGED: output must coincide with actual live RAM write enable
FAIL: NW READBACK: accepted lane pulse count 1, want 0
FAIL: NW READBACK: output must coincide with actual live RAM write enable
FAIL: NW LOCKED: accepted lane pulse count 1, want 0
FAIL: NW LOCKED: output must coincide with actual live RAM write enable
FAIL: NW RANGE: accepted lane pulse count 1, want 0
FAIL: NW RANGE: output must coincide with actual live RAM write enable
FAIL: NW RANGE: accepted lane pulse count 1, want 0
FAIL: NW RANGE: output must coincide with actual live RAM write enable
FAIL: NW RANGE: accepted lane pulse count 1, want 0
FAIL: NW RANGE: output must coincide with actual live RAM write enable
FAIL: NW RANGE: accepted lane pulse count 1, want 0
FAIL: NW RANGE: output must coincide with actual live RAM write enable
FAIL: NW RANGE: accepted lane pulse count 1, want 0
FAIL: NW RANGE: output must coincide with actual live RAM write enable
FAIL: NW SHORT: accepted lane pulse count 1, want 0
FAIL: NW SHORT: output must coincide with actual live RAM write enable
FAIL: NW STALL: accepted lane pulse count 1, want 0
FAIL: NW STALL: output must coincide with actual live RAM write enable
FAIL: NW RELEASE: accepted lane pulse count 1, want 8
FAIL: NW RELEASE: output must coincide with actual live RAM write enable
FAIL: NW ABORT: accepted lane pulse count 1, want 0
FAIL: NW ABORT: output must coincide with actual live RAM write enable
FAIL: NW RECOVERY: accepted lane pulse count 1, want 0
FAIL: NW RECOVERY: output must coincide with actual live RAM write enable
FAIL: NW IDLE: accepted lane pulse count 1, want 0
FAIL: NW IDLE: output must coincide with actual live RAM write enable
NW: 85 checks, 34 failures
[build default, SRP_DOM_DEF_VID_P 0x0002] 85 checks, 34 failures
