$ python3 -m pip freeze
argcomplete==3.7.2
attrs==26.1.0
autocommand==2.2.2
babel==2.18.0
behave==1.3.3
cffi==2.1.1
click==8.3.3
cmarkgfm==2025.10.22
colorama==0.4.6
crit==4.2.1
cryptography==50.0.1
cucumber-expressions==20.0.0
cucumber-tag-expressions==11.0.0
distro==1.9.0
filelock==3.31.2
ghp-import==2.1.0
git-filter-repo==2.47.0
html5lib==1.1
importlib_metadata==9.0.1
iniconfig==2.3.0
jaraco.collections==5.1.0
jaraco.context==6.1.3.dev0+g098f39c91.d20260403
jaraco.functools==4.1.0
jaraco.text==4.0.0
Jinja2==3.1.6
jsonschema==4.26.0
jsonschema-specifications==2025.9.1
Markdown==3.10.3
MarkupSafe==3.0.3
mergedeep==1.3.4
meson==1.12.0
mkdocs==1.6.1
mkdocs-get-deps==0.2.0
more-itertools==11.1.0
nftables==0.1
numpy==2.5.3
packaging==26.3
parse==1.22.1
parse_type==0.6.6
pathspec==1.1.1
pikaur==1.33.3
pipx==1.15.0
platformdirs==4.11.11
pluggy==1.6.0
protobuf==7.36.1
psutil==7.2.2
pyalpm==0.12.0
pycparser==3.0
pycriu==4.2.1
pycryptodome==3.23.0
pyelftools==0.33
Pygments==2.21.0
pyslang==11.0.0
pytest==9.1.1
pytz==2026.1
PyYAML==6.0.3
pyyaml_env_tag==1.1
referencing==0.37.0
rpds-py==2026.6.3
setuptools==84.0.0
six==1.17.0
svgwrite==1.4.3
TBB @ file:///build/onetbb/src/build/python/python_build
tqdm==4.70.1
typing_extensions==4.16.0
userpath==1.9.2
VapourSynth==79
watchdog==6.0.0
wavedrom==2.0.3.post3
webencodings==0.6.1
wheel==0.48.0
yamllint==1.38.0
zipp==3.21.0
