  % Total    % Received % Xferd  Average Speed  Time    Time    Time   Current
                                 Dload  Upload  Total   Spent   Left   Speed
  0      0   0      0   0      0      0      0                              0  0      0   0      0   0      0      0      0                              0  0      0   0      0   0      0      0      0                              0
  0      0   0      0   0      0      0      0                              0100 461.9k   0 461.9k   0      0 643.2k      0                              0100 461.9k   0 461.9k   0      0 643.1k      0                              0100 461.9k   0 461.9k   0      0 643.0k      0                              0
839e074f8da145e08f82deb358c0cfd74a48afdca4b4d50790299934d8809b1e  $REVIEWS/lwsrpnotes-r545-1-packet/scratch/cgreen-1.7.0.tar.gz
-- The C compiler identification is GNU 16.2.1
-- The CXX compiler identification is GNU 16.2.1
-- Detecting C compiler ABI info
-- Detecting C compiler ABI info - done
-- Check for working C compiler: /usr/bin/cc - skipped
-- Detecting C compile features
-- Detecting C compile features - done
-- Detecting CXX compiler ABI info
-- Detecting CXX compiler ABI info - done
-- Check for working CXX compiler: /usr/bin/c++ - skipped
-- Detecting CXX compile features
-- Detecting CXX compile features - done
-- Performing Test CMAKE_HAVE_LIBC_PTHREAD
-- Performing Test CMAKE_HAVE_LIBC_PTHREAD - Success
-- Found Threads: TRUE
-- Found LibXml2: /usr/lib/libxml2.so (found version "2.15.4")
-- Performing Test WITH_FPIC
-- Performing Test WITH_FPIC - Success
-- Performing Test WITH_FORTIFY_SOURCE
-- Performing Test WITH_FORTIFY_SOURCE - Success
fatal: not a git repository (or any parent up to mount point /)
Stopping at filesystem boundary (GIT_DISCOVERY_ACROSS_FILESYSTEM not set).
CMake Warning at src/CMakeLists.txt:15 (message):
  -- Unable to find git, or not a repo.  Setting git revision to 'unknown'.


-- Looking for sys/resource.h
-- Looking for sys/resource.h - found
-- Configuring done (1.2s)
-- Generating done (0.1s)
CMake Warning (unused-cli):
  Manually-specified variables were not used by the project:

    WITH_CXX


-- Build files have been written to: $REVIEWS/lwsrpnotes-r545-1-packet/scratch/cgreen-build
make: Entering directory '$REVIEWS/lwsrpnotes-r545-1-packet/scratch/cgreen-build'
[  0%] Building C object src/CMakeFiles/cgreen_shared.dir/assertions.c.o
[  0%] Building C object src/CMakeFiles/cgreen_shared.dir/breadcrumb.c.o
[  2%] Building C object src/CMakeFiles/cgreen_shared.dir/constraint.c.o
[  2%] Building C object src/CMakeFiles/cgreen_shared.dir/message_formatting.c.o
[  2%] Building C object src/CMakeFiles/cgreen_shared.dir/cgreen_value.c.o
[  2%] Building C object src/CMakeFiles/cgreen_shared.dir/parameters.c.o
[  7%] Building C object src/CMakeFiles/cgreen_shared.dir/mocks.c.o
[  7%] Building C object src/CMakeFiles/cgreen_shared.dir/cgreen_time.c.o
[  7%] Building C object src/CMakeFiles/cgreen_shared.dir/messaging.c.o
[  7%] Building C object src/CMakeFiles/cgreen_shared.dir/cdash_reporter.c.o
[  7%] Building C object src/CMakeFiles/cgreen_shared.dir/runner.c.o
[  7%] Building C object src/CMakeFiles/cgreen_shared.dir/cute_reporter.c.o
[  7%] Building C object src/CMakeFiles/cgreen_shared.dir/reporter.c.o
[  7%] Building C object src/CMakeFiles/cgreen_shared.dir/boxed_double.c.o
[  7%] Building C object src/CMakeFiles/cgreen_shared.dir/suite.c.o
[  8%] Building C object src/CMakeFiles/cgreen_shared.dir/string_comparison.c.o
[  9%] Building C object src/CMakeFiles/cgreen_shared.dir/text_reporter.c.o
[  9%] Building C object src/CMakeFiles/cgreen_shared.dir/utils.c.o
[ 10%] Building C object src/CMakeFiles/cgreen_shared.dir/vector.c.o
[ 10%] Building C object src/CMakeFiles/cgreen_shared.dir/xml_reporter.c.o
[ 11%] Building C object src/CMakeFiles/cgreen_shared.dir/libxml_reporter.c.o
[ 11%] Building C object src/CMakeFiles/cgreen_shared.dir/posix_cgreen_pipe.c.o
[ 12%] Building C object src/CMakeFiles/cgreen_shared.dir/posix_cgreen_time.c.o
[ 12%] Building C object src/CMakeFiles/cgreen_shared.dir/posix_runner_platform.c.o
[ 13%] Building CXX object src/CMakeFiles/cgreen_shared.dir/cpp_assertions.cpp.o
[ 14%] Building CXX object src/CMakeFiles/cgreen_shared.dir/cpp_constraint.cpp.o
[ 14%] Linking CXX shared library libcgreen.so
[ 14%] Built target cgreen_shared
[ 15%] Building C object tests/CMakeFiles/cgreen_c_tests.dir/assertion_tests.c.o
[ 16%] Building C object tests/CMakeFiles/breadcrumb_tests.dir/breadcrumb_tests.c.o
[ 16%] Building C object tests/CMakeFiles/test_cgreen_c.dir/all_c_tests.c.o
[ 16%] Building CXX object tests/CMakeFiles/cgreen_cpp_tests.dir/assertion_tests.cpp.o
[ 16%] Building C object tests/CMakeFiles/assertion_tests.dir/assertion_tests.c.o
[ 18%] Building C object tests/CMakeFiles/constraint_tests.dir/constraint_tests.c.o
[ 18%] Building C object tests/CMakeFiles/cute_reporter_tests.dir/cute_reporter_tests.c.o
[ 18%] Building C object tests/CMakeFiles/message_formatting_tests.dir/message_formatting_tests.c.o
[ 18%] Building C object tests/CMakeFiles/mocks_struct_tests.dir/mocks_struct_tests.c.o
[ 19%] Building C object tests/CMakeFiles/cgreen_value_tests.dir/cgreen_value_tests.c.o
[ 19%] Building C object tests/CMakeFiles/cdash_reporter_tests.dir/cdash_reporter_tests.c.o
[ 20%] Building CXX object tests/CMakeFiles/test_cgreen_cpp.dir/all_cpp_tests.cpp.o
[ 20%] Building C object tests/CMakeFiles/messaging_tests.dir/messaging_tests.c.o
[ 20%] Building C object tests/CMakeFiles/mocks_tests.dir/mocks_tests.c.o
[ 21%] Building C object tests/CMakeFiles/double_tests.dir/double_tests.c.o
[ 22%] Building C object tests/CMakeFiles/parameters_tests.dir/parameters_tests.c.o
[ 22%] Building C object tests/CMakeFiles/test_cgreen_c.dir/assertion_tests.c.o
[ 23%] Linking C shared library libmessaging_tests.so
[ 24%] Linking C shared library libmessage_formatting_tests.so
[ 24%] Linking C shared library libdouble_tests.so
[ 25%] Linking C shared library libbreadcrumb_tests.so
[ 25%] Linking C shared library libcgreen_value_tests.so
[ 26%] Linking C shared library libcdash_reporter_tests.so
[ 26%] Linking C shared library libcute_reporter_tests.so
[ 27%] Linking C shared library libmocks_struct_tests.so
[ 27%] Linking C shared library libconstraint_tests.so
[ 27%] Linking C shared library libparameters_tests.so
[ 27%] Building C object tests/CMakeFiles/cgreen_c_tests.dir/breadcrumb_tests.c.o
[ 28%] Linking C shared library libassertion_tests.so
[ 29%] Building C object tests/CMakeFiles/test_cgreen_c.dir/breadcrumb_tests.c.o
[ 30%] Building C object tests/CMakeFiles/cgreen_c_tests.dir/cdash_reporter_tests.c.o
[ 30%] Built target messaging_tests
[ 30%] Built target message_formatting_tests
[ 31%] Linking C shared library libmocks_tests.so
[ 31%] Building CXX object tests/CMakeFiles/test_cgreen_cpp.dir/assertion_tests.cpp.o
[ 31%] Built target double_tests
[ 31%] Building C object tests/CMakeFiles/cgreen_c_tests.dir/cgreen_value_tests.c.o
[ 31%] Built target cgreen_value_tests
[ 32%] Building C object tests/CMakeFiles/reflective_tests.dir/reflective_tests.c.o
[ 32%] Built target cute_reporter_tests
[ 33%] Building CXX object tests/CMakeFiles/test_cgreen_cpp.dir/breadcrumb_tests.cpp.o
[ 33%] Built target cdash_reporter_tests
[ 33%] Built target mocks_struct_tests
[ 33%] Built target breadcrumb_tests
[ 34%] Building CXX object tests/CMakeFiles/test_cgreen_cpp.dir/cdash_reporter_tests.cpp.o
[ 34%] Built target constraint_tests
[ 34%] Built target assertion_tests
[ 35%] Building C object tests/CMakeFiles/text_reporter_tests.dir/text_reporter_tests.c.o
[ 35%] Building C object tests/CMakeFiles/test_cgreen_c.dir/cdash_reporter_tests.c.o
[ 36%] Building C object tests/CMakeFiles/reflective_runner_no_teardown_tests.dir/reflective_runner_no_teardown_tests.c.o
[ 36%] Building CXX object tests/CMakeFiles/test_cgreen_cpp.dir/cgreen_value_tests.cpp.o
[ 37%] Building C object tests/CMakeFiles/unit_tests.dir/unit_tests.c.o
[ 37%] Built target parameters_tests
[ 38%] Building C object tests/CMakeFiles/vector_tests.dir/vector_tests.c.o
[ 39%] Building C object tests/CMakeFiles/cgreen_c_tests.dir/constraint_tests.c.o
[ 40%] Building C object tests/CMakeFiles/xml_reporter_tests.dir/xml_reporter_tests.c.o
[ 41%] Building C object tests/CMakeFiles/constraint_messages_tests.dir/constraint_messages_tests.c.o
[ 41%] Linking C shared library libreflective_tests.so
[ 41%] Built target mocks_tests
[ 41%] Building C object tests/CMakeFiles/libxml_reporter_tests.dir/libxml_reporter_tests.c.o
[ 42%] Building CXX object tests/CMakeFiles/cgreen_cpp_tests.dir/breadcrumb_tests.cpp.o
[ 42%] Linking C shared library libreflective_runner_no_teardown_tests.so
[ 42%] Linking C shared library libunit_tests.so
[ 43%] Building C object tests/CMakeFiles/custom_constraint_messages_tests.dir/custom_constraint_messages_tests.c.o
[ 43%] Linking C shared library libtext_reporter_tests.so
[ 44%] Building C object tests/CMakeFiles/test_cgreen_c.dir/cgreen_value_tests.c.o
[ 44%] Linking C shared library libvector_tests.so
[ 45%] Linking C shared library libxml_reporter_tests.so
[ 45%] Building C object tests/CMakeFiles/cgreen_c_tests.dir/cute_reporter_tests.c.o
[ 45%] Linking C shared library libcustom_constraint_messages_tests.so
[ 45%] Linking C shared library libconstraint_messages_tests.so
[ 45%] Built target reflective_tests
[ 45%] Building C object tests/CMakeFiles/test_cgreen_c.dir/constraint_tests.c.o
[ 46%] Building C object tests/CMakeFiles/test_cgreen_c.dir/cute_reporter_tests.c.o
[ 46%] Built target reflective_runner_no_teardown_tests
[ 47%] Linking C shared library liblibxml_reporter_tests.so
[ 47%] Built target unit_tests
[ 48%] Building CXX object tests/CMakeFiles/test_cgreen_cpp.dir/constraint_tests.cpp.o
[ 49%] Building CXX object tests/CMakeFiles/test_cgreen_cpp.dir/double_tests.cpp.o
[ 49%] Building CXX object tests/CMakeFiles/test_cgreen_cpp.dir/cute_reporter_tests.cpp.o
[ 49%] Built target vector_tests
[ 49%] Built target text_reporter_tests
[ 49%] Building CXX object tests/CMakeFiles/test_cgreen_cpp.dir/environment_variables_tests.cpp.o
[ 49%] Building C object tests/CMakeFiles/mock_messages_tests.dir/mock_messages_tests.c.o
[ 50%] Building C object tests/CMakeFiles/failure_messages_tests.dir/failure_messages_tests.c.o
[ 51%] Building C object tests/CMakeFiles/cgreen_c_tests.dir/double_tests.c.o
[ 52%] Building C object tests/CMakeFiles/ignore_messages_tests.dir/ignore_messages_tests.c.o
[ 52%] Building C object tests/CMakeFiles/assertion_messages_tests.dir/assertion_messages_tests.c.o
[ 52%] Built target xml_reporter_tests
[ 52%] Built target custom_constraint_messages_tests
[ 52%] Building C object tests/CMakeFiles/test_cgreen_c.dir/double_tests.c.o
[ 53%] Building C object tests/CMakeFiles/test_cgreen_c.dir/environment_variables_tests.c.o
[ 53%] Building CXX object tests/CMakeFiles/cgreen_cpp_tests.dir/cdash_reporter_tests.cpp.o
[ 53%] Built target constraint_messages_tests
[ 54%] Building C object tests/CMakeFiles/xml_output_tests.dir/xml_output_tests.c.o
[ 54%] Building C object tests/CMakeFiles/libxml_output_tests.dir/libxml_output_tests.c.o
[ 54%] Linking C shared library libfailure_messages_tests.so
[ 55%] Building CXX object tests/CMakeFiles/test_cgreen_cpp.dir/message_formatting_tests.cpp.o
[ 55%] Building C object tests/CMakeFiles/cgreen_c_tests.dir/environment_variables_tests.c.o
[ 55%] Building CXX object tests/CMakeFiles/test_cgreen_cpp.dir/messaging_tests.cpp.o
[ 56%] Linking C shared library libmock_messages_tests.so
[ 57%] Linking C shared library libignore_messages_tests.so
[ 57%] Built target libxml_reporter_tests
[ 58%] Linking C shared library libassertion_messages_tests.so
[ 59%] Building C object tests/CMakeFiles/test_cgreen_c.dir/message_formatting_tests.c.o
[ 60%] Building CXX object tests/CMakeFiles/test_cgreen_cpp.dir/mocks_tests.cpp.o
[ 61%] Building C object tests/CMakeFiles/cgreen_c_tests.dir/message_formatting_tests.c.o
[ 62%] Linking C shared library liblibxml_output_tests.so
[ 62%] Linking C shared library libxml_output_tests.so
[ 62%] Building CXX object tests/CMakeFiles/test_cgreen_cpp.dir/mocks_struct_tests.cpp.o
[ 62%] Building C object tests/CMakeFiles/test_cgreen_c.dir/messaging_tests.c.o
[ 62%] Built target failure_messages_tests
[ 63%] Building CXX object tests/CMakeFiles/test_cgreen_cpp.dir/multiple_suite_tests.cpp.o
[ 63%] Building C object tests/CMakeFiles/cgreen_c_tests.dir/messaging_tests.c.o
[ 64%] Building C object tests/CMakeFiles/cgreen_c_tests.dir/mocks_tests.c.o
[ 64%] Built target ignore_messages_tests
[ 64%] Building CXX object tests/CMakeFiles/test_cgreen_cpp.dir/parameters_tests.cpp.o
[ 65%] Building C object tests/api/CMakeFiles/cgreen_api.dir/core_api.c.o
[ 65%] Built target assertion_messages_tests
[ 65%] Built target mock_messages_tests
[ 66%] Building C object tests/CMakeFiles/test_cgreen_c.dir/mocks_tests.c.o
[ 66%] Building C object tools/CMakeFiles/cgreen-runner.dir/cgreen-runner.c.o
[ 66%] Building C object tests/CMakeFiles/test_cgreen_c.dir/mocks_struct_tests.c.o
[ 67%] Building C object tools/CMakeFiles/cgreen_runner_tests.dir/runner_unit_tests.c.o
[ 67%] Built target libxml_output_tests
[ 68%] Building CXX object tests/CMakeFiles/cgreen_cpp_tests.dir/cgreen_value_tests.cpp.o
[ 68%] Built target xml_output_tests
[ 69%] Building C object tests/CMakeFiles/test_cgreen_c.dir/multiple_suite_tests.c.o
[ 69%] Building C object tests/CMakeFiles/test_cgreen_c.dir/parameters_tests.c.o
[ 69%] Building C object tests/api/CMakeFiles/cgreen_api.dir/suites_without_context_api.c.o
[ 70%] Building CXX object tests/CMakeFiles/cgreen_cpp_tests.dir/constraint_tests.cpp.o
[ 70%] Building CXX object tests/CMakeFiles/cgreen_cpp_tests.dir/cute_reporter_tests.cpp.o
[ 71%] Building CXX object tests/CMakeFiles/cgreen_cpp_tests.dir/double_tests.cpp.o
[ 71%] Building C object tools/CMakeFiles/cgreen_runner_tests.dir/test_item.c.o
[ 72%] Building CXX object tests/CMakeFiles/test_cgreen_cpp.dir/reflective_runner_no_teardown_tests.cpp.o
[ 73%] Building C object tools/CMakeFiles/cgreen-runner.dir/gopt.c.o
[ 74%] Building C object tests/api/CMakeFiles/cgreen_api.dir/suites_with_context_api.c.o
[ 75%] Building C object tests/CMakeFiles/test_cgreen_c.dir/reflective_runner_no_teardown_tests.c.o
[ 75%] Building CXX object tests/CMakeFiles/test_cgreen_cpp.dir/reflective_tests.cpp.o
[ 76%] Building C object tests/CMakeFiles/cgreen_c_tests.dir/mocks_struct_tests.c.o
[ 76%] Building CXX object tests/CMakeFiles/cgreen_cpp_tests.dir/environment_variables_tests.cpp.o
[ 77%] Linking C shared library libcgreen_runner_tests.so
[ 77%] Linking C shared library libcgreen_api.so
[ 77%] Building C object tests/CMakeFiles/cgreen_c_tests.dir/multiple_suite_tests.c.o
[ 78%] Building CXX object tests/CMakeFiles/test_cgreen_cpp.dir/text_reporter_tests.cpp.o
[ 78%] Building C object tests/CMakeFiles/test_cgreen_c.dir/reflective_tests.c.o
[ 79%] Building CXX object tests/CMakeFiles/cgreen_cpp_tests.dir/message_formatting_tests.cpp.o
[ 79%] Building C object tools/CMakeFiles/cgreen-runner.dir/gopt-errors.c.o
[ 80%] Building C object tests/CMakeFiles/cgreen_c_tests.dir/parameters_tests.c.o
[ 81%] Building C object tools/CMakeFiles/cgreen-runner.dir/runner.c.o
[ 81%] Building CXX object tests/CMakeFiles/cgreen_cpp_tests.dir/messaging_tests.cpp.o
[ 83%] Building CXX object tests/CMakeFiles/cgreen_cpp_tests.dir/mocks_tests.cpp.o
[ 83%] Building C object tests/CMakeFiles/test_cgreen_c.dir/text_reporter_tests.c.o
[ 83%] Building C object tests/CMakeFiles/test_cgreen_c.dir/unit_tests.c.o
[ 83%] Building CXX object tests/CMakeFiles/cgreen_cpp_tests.dir/mocks_struct_tests.cpp.o
[ 83%] Built target cgreen_runner_tests
[ 84%] Building CXX object tests/CMakeFiles/cgreen_cpp_tests.dir/multiple_suite_tests.cpp.o
[ 84%] Built target cgreen_api
[ 85%] Building C object tests/CMakeFiles/test_cgreen_c.dir/vector_tests.c.o
[ 85%] Building C object tests/CMakeFiles/test_cgreen_c.dir/xml_reporter_tests.c.o
[ 86%] Building CXX object tests/CMakeFiles/test_cgreen_cpp.dir/unit_tests.cpp.o
[ 86%] Building CXX object tests/CMakeFiles/cgreen_cpp_tests.dir/parameters_tests.cpp.o
[ 87%] Building C object tests/CMakeFiles/test_cgreen_c.dir/libxml_reporter_tests.c.o
[ 87%] Building CXX object tests/CMakeFiles/test_cgreen_cpp.dir/vector_tests.cpp.o
In file included from $REVIEWS/lwsrpnotes-r545-1-packet/scratch/cgreen-source/tests/text_reporter_tests.cpp:11:
$REVIEWS/lwsrpnotes-r545-1-packet/scratch/cgreen-source/tests/text_reporter_tests.c: In function ‘void TextReporter__quiet_mode_reports_skips_in_the_summary()’:
$REVIEWS/lwsrpnotes-r545-1-packet/scratch/cgreen-source/tests/text_reporter_tests.c:193:35: warning: missing initializer for member ‘cgreen::text_reporter_options::quiet_mode’ [-Wmissing-field-initializers]
  193 |     TextReporterOptions quiet = {0};
      |                                   ^
$REVIEWS/lwsrpnotes-r545-1-packet/scratch/cgreen-source/tests/text_reporter_tests.c:193:35: warning: missing initializer for member ‘cgreen::text_reporter_options::inhibit_start_suite_message’ [-Wmissing-field-initializers]
$REVIEWS/lwsrpnotes-r545-1-packet/scratch/cgreen-source/tests/text_reporter_tests.c:193:35: warning: missing initializer for member ‘cgreen::text_reporter_options::inhibit_finish_suite_message’ [-Wmissing-field-initializers]
$REVIEWS/lwsrpnotes-r545-1-packet/scratch/cgreen-source/tests/text_reporter_tests.c: In function ‘void TextReporter__quiet_mode_marks_a_suspended_context_with_S()’:
$REVIEWS/lwsrpnotes-r545-1-packet/scratch/cgreen-source/tests/text_reporter_tests.c:216:35: warning: missing initializer for member ‘cgreen::text_reporter_options::quiet_mode’ [-Wmissing-field-initializers]
  216 |     TextReporterOptions quiet = {0};
      |                                   ^
$REVIEWS/lwsrpnotes-r545-1-packet/scratch/cgreen-source/tests/text_reporter_tests.c:216:35: warning: missing initializer for member ‘cgreen::text_reporter_options::inhibit_start_suite_message’ [-Wmissing-field-initializers]
$REVIEWS/lwsrpnotes-r545-1-packet/scratch/cgreen-source/tests/text_reporter_tests.c:216:35: warning: missing initializer for member ‘cgreen::text_reporter_options::inhibit_finish_suite_message’ [-Wmissing-field-initializers]
$REVIEWS/lwsrpnotes-r545-1-packet/scratch/cgreen-source/tests/text_reporter_tests.c: In function ‘void TextReporter__quiet_mode_shows_F_but_still_tallies_a_skip_in_a_mixed_context()’:
$REVIEWS/lwsrpnotes-r545-1-packet/scratch/cgreen-source/tests/text_reporter_tests.c:235:35: warning: missing initializer for member ‘cgreen::text_reporter_options::quiet_mode’ [-Wmissing-field-initializers]
  235 |     TextReporterOptions quiet = {0};
      |                                   ^
$REVIEWS/lwsrpnotes-r545-1-packet/scratch/cgreen-source/tests/text_reporter_tests.c:235:35: warning: missing initializer for member ‘cgreen::text_reporter_options::inhibit_start_suite_message’ [-Wmissing-field-initializers]
$REVIEWS/lwsrpnotes-r545-1-packet/scratch/cgreen-source/tests/text_reporter_tests.c:235:35: warning: missing initializer for member ‘cgreen::text_reporter_options::inhibit_finish_suite_message’ [-Wmissing-field-initializers]
[ 87%] Building C object tests/CMakeFiles/cgreen_c_tests.dir/reflective_runner_no_teardown_tests.c.o
[ 88%] Building C object tests/CMakeFiles/cgreen_c_tests.dir/reflective_tests.c.o
[ 88%] Building C object tests/CMakeFiles/cgreen_c_tests.dir/text_reporter_tests.c.o
[ 88%] Building C object tools/CMakeFiles/cgreen-runner.dir/discoverer.c.o
[ 89%] Building C object tests/CMakeFiles/cgreen_c_tests.dir/unit_tests.c.o
[ 90%] Building CXX object tests/CMakeFiles/test_cgreen_cpp.dir/xml_reporter_tests.cpp.o
[ 90%] Building C object tests/CMakeFiles/cgreen_c_tests.dir/vector_tests.c.o
[ 91%] Building C object tests/CMakeFiles/cgreen_c_tests.dir/xml_reporter_tests.c.o
[ 91%] Building C object tools/CMakeFiles/cgreen-runner.dir/io.c.o
[ 91%] Building CXX object tests/CMakeFiles/test_cgreen_cpp.dir/libxml_reporter_tests.cpp.o
[ 92%] Building C object tools/CMakeFiles/cgreen-runner.dir/test_item.c.o
[ 92%] Building C object tests/CMakeFiles/cgreen_c_tests.dir/libxml_reporter_tests.c.o
[ 92%] Building CXX object tests/CMakeFiles/cgreen_cpp_tests.dir/reflective_tests.cpp.o
[ 93%] Building CXX object tests/CMakeFiles/cgreen_cpp_tests.dir/reflective_runner_no_teardown_tests.cpp.o
[ 93%] Linking C executable test_cgreen_c
[ 94%] Building CXX object tests/CMakeFiles/cgreen_cpp_tests.dir/text_reporter_tests.cpp.o
[ 94%] Building CXX object tests/CMakeFiles/cgreen_cpp_tests.dir/unit_tests.cpp.o
[ 95%] Building CXX object tests/CMakeFiles/cgreen_cpp_tests.dir/vector_tests.cpp.o
[ 96%] Building CXX object tests/CMakeFiles/cgreen_cpp_tests.dir/libxml_reporter_tests.cpp.o
[ 96%] Building CXX object tests/CMakeFiles/cgreen_cpp_tests.dir/xml_reporter_tests.cpp.o
[ 97%] Linking C executable cgreen-runner
[ 98%] Building CXX object tests/CMakeFiles/test_cgreen_cpp.dir/cpp_assertion_tests.cpp.o
[ 99%] Building CXX object tests/CMakeFiles/cgreen_cpp_tests.dir/cpp_assertion_tests.cpp.o
In file included from $REVIEWS/lwsrpnotes-r545-1-packet/scratch/cgreen-source/tests/text_reporter_tests.cpp:11:
$REVIEWS/lwsrpnotes-r545-1-packet/scratch/cgreen-source/tests/text_reporter_tests.c: In function ‘void TextReporter__quiet_mode_reports_skips_in_the_summary()’:
$REVIEWS/lwsrpnotes-r545-1-packet/scratch/cgreen-source/tests/text_reporter_tests.c:193:35: warning: missing initializer for member ‘cgreen::text_reporter_options::quiet_mode’ [-Wmissing-field-initializers]
  193 |     TextReporterOptions quiet = {0};
      |                                   ^
$REVIEWS/lwsrpnotes-r545-1-packet/scratch/cgreen-source/tests/text_reporter_tests.c:193:35: warning: missing initializer for member ‘cgreen::text_reporter_options::inhibit_start_suite_message’ [-Wmissing-field-initializers]
$REVIEWS/lwsrpnotes-r545-1-packet/scratch/cgreen-source/tests/text_reporter_tests.c:193:35: warning: missing initializer for member ‘cgreen::text_reporter_options::inhibit_finish_suite_message’ [-Wmissing-field-initializers]
$REVIEWS/lwsrpnotes-r545-1-packet/scratch/cgreen-source/tests/text_reporter_tests.c: In function ‘void TextReporter__quiet_mode_marks_a_suspended_context_with_S()’:
$REVIEWS/lwsrpnotes-r545-1-packet/scratch/cgreen-source/tests/text_reporter_tests.c:216:35: warning: missing initializer for member ‘cgreen::text_reporter_options::quiet_mode’ [-Wmissing-field-initializers]
  216 |     TextReporterOptions quiet = {0};
      |                                   ^
$REVIEWS/lwsrpnotes-r545-1-packet/scratch/cgreen-source/tests/text_reporter_tests.c:216:35: warning: missing initializer for member ‘cgreen::text_reporter_options::inhibit_start_suite_message’ [-Wmissing-field-initializers]
$REVIEWS/lwsrpnotes-r545-1-packet/scratch/cgreen-source/tests/text_reporter_tests.c:216:35: warning: missing initializer for member ‘cgreen::text_reporter_options::inhibit_finish_suite_message’ [-Wmissing-field-initializers]
$REVIEWS/lwsrpnotes-r545-1-packet/scratch/cgreen-source/tests/text_reporter_tests.c: In function ‘void TextReporter__quiet_mode_shows_F_but_still_tallies_a_skip_in_a_mixed_context()’:
$REVIEWS/lwsrpnotes-r545-1-packet/scratch/cgreen-source/tests/text_reporter_tests.c:235:35: warning: missing initializer for member ‘cgreen::text_reporter_options::quiet_mode’ [-Wmissing-field-initializers]
  235 |     TextReporterOptions quiet = {0};
      |                                   ^
$REVIEWS/lwsrpnotes-r545-1-packet/scratch/cgreen-source/tests/text_reporter_tests.c:235:35: warning: missing initializer for member ‘cgreen::text_reporter_options::inhibit_start_suite_message’ [-Wmissing-field-initializers]
$REVIEWS/lwsrpnotes-r545-1-packet/scratch/cgreen-source/tests/text_reporter_tests.c:235:35: warning: missing initializer for member ‘cgreen::text_reporter_options::inhibit_finish_suite_message’ [-Wmissing-field-initializers]
[ 99%] Built target cgreen-runner
[100%] Linking C shared library libcgreen_c_tests.so
[100%] Built target test_cgreen_c
[100%] Built target cgreen_c_tests
[100%] Linking CXX executable test_cgreen_cpp
[100%] Linking CXX shared library libcgreen_cpp_tests.so
[100%] Built target cgreen_cpp_tests
[100%] Built target test_cgreen_cpp
make: Leaving directory '$REVIEWS/lwsrpnotes-r545-1-packet/scratch/cgreen-build'
make: Entering directory '$REVIEWS/lwsrpnotes-r545-1-packet/scratch/cgreen-build'
[ 14%] Built target cgreen_shared
[ 26%] Built target cgreen_c_tests
[ 38%] Built target test_cgreen_c
[ 50%] Built target cgreen_cpp_tests
[ 63%] Built target test_cgreen_cpp
[ 64%] Built target assertion_tests
[ 65%] Built target breadcrumb_tests
[ 66%] Built target cdash_reporter_tests
[ 67%] Built target cgreen_value_tests
[ 68%] Built target constraint_tests
[ 69%] Built target cute_reporter_tests
[ 70%] Built target double_tests
[ 71%] Built target message_formatting_tests
[ 72%] Built target messaging_tests
[ 73%] Built target mocks_tests
[ 74%] Built target mocks_struct_tests
[ 75%] Built target parameters_tests
[ 76%] Built target reflective_tests
[ 77%] Built target reflective_runner_no_teardown_tests
[ 78%] Built target text_reporter_tests
[ 79%] Built target unit_tests
[ 80%] Built target vector_tests
[ 82%] Built target xml_reporter_tests
[ 83%] Built target libxml_reporter_tests
[ 84%] Built target constraint_messages_tests
[ 85%] Built target custom_constraint_messages_tests
[ 86%] Built target mock_messages_tests
[ 87%] Built target failure_messages_tests
[ 88%] Built target assertion_messages_tests
[ 90%] Built target ignore_messages_tests
[ 91%] Built target xml_output_tests
[ 92%] Built target libxml_output_tests
[ 94%] Built target cgreen_api
[ 98%] Built target cgreen-runner
[100%] Built target cgreen_runner_tests
Install the project...
-- Install configuration: "Release"
-- Installing: $REVIEWS/lwsrpnotes-r545-1-packet/scratch/cgreen-prefix/share/bash-completion/completions/cgreen-runner
-- Installing: $REVIEWS/lwsrpnotes-r545-1-packet/scratch/cgreen-prefix/share/bash-completion/completions/cgreen-debug
-- Installing: $REVIEWS/lwsrpnotes-r545-1-packet/scratch/cgreen-prefix/lib/cmake/cgreen/cgreen-config.cmake
-- Installing: $REVIEWS/lwsrpnotes-r545-1-packet/scratch/cgreen-prefix/lib/cmake/cgreen/cgreen-config-version.cmake
-- Installing: $REVIEWS/lwsrpnotes-r545-1-packet/scratch/cgreen-prefix/lib/libcgreen.so.1.7.0
-- Installing: $REVIEWS/lwsrpnotes-r545-1-packet/scratch/cgreen-prefix/lib/libcgreen.so.1
-- Installing: $REVIEWS/lwsrpnotes-r545-1-packet/scratch/cgreen-prefix/lib/libcgreen.so
-- Installing: $REVIEWS/lwsrpnotes-r545-1-packet/scratch/cgreen-prefix/share/man
-- Installing: $REVIEWS/lwsrpnotes-r545-1-packet/scratch/cgreen-prefix/share/man/man1
-- Installing: $REVIEWS/lwsrpnotes-r545-1-packet/scratch/cgreen-prefix/share/man/man1/cgreen-runner.1
-- Installing: $REVIEWS/lwsrpnotes-r545-1-packet/scratch/cgreen-prefix/share/man/man1/cgreen-debug.1
-- Installing: $REVIEWS/lwsrpnotes-r545-1-packet/scratch/cgreen-prefix/share/man/man5
-- Installing: $REVIEWS/lwsrpnotes-r545-1-packet/scratch/cgreen-prefix/share/man/man5/cgreen.5
-- Installing: $REVIEWS/lwsrpnotes-r545-1-packet/scratch/cgreen-prefix/include/cgreen/assertions.h
-- Installing: $REVIEWS/lwsrpnotes-r545-1-packet/scratch/cgreen-prefix/include/cgreen/boxed_double.h
-- Installing: $REVIEWS/lwsrpnotes-r545-1-packet/scratch/cgreen-prefix/include/cgreen/breadcrumb.h
-- Installing: $REVIEWS/lwsrpnotes-r545-1-packet/scratch/cgreen-prefix/include/cgreen/cdash_reporter.h
-- Installing: $REVIEWS/lwsrpnotes-r545-1-packet/scratch/cgreen-prefix/include/cgreen/cgreen.h
-- Installing: $REVIEWS/lwsrpnotes-r545-1-packet/scratch/cgreen-prefix/include/cgreen/cgreen_value.h
-- Installing: $REVIEWS/lwsrpnotes-r545-1-packet/scratch/cgreen-prefix/include/cgreen/constraint.h
-- Installing: $REVIEWS/lwsrpnotes-r545-1-packet/scratch/cgreen-prefix/include/cgreen/constraint_syntax_helpers.h
-- Installing: $REVIEWS/lwsrpnotes-r545-1-packet/scratch/cgreen-prefix/include/cgreen/cpp_assertions.h
-- Installing: $REVIEWS/lwsrpnotes-r545-1-packet/scratch/cgreen-prefix/include/cgreen/cpp_constraint.h
-- Installing: $REVIEWS/lwsrpnotes-r545-1-packet/scratch/cgreen-prefix/include/cgreen/cute_reporter.h
-- Installing: $REVIEWS/lwsrpnotes-r545-1-packet/scratch/cgreen-prefix/include/cgreen/filename.h
-- Installing: $REVIEWS/lwsrpnotes-r545-1-packet/scratch/cgreen-prefix/include/cgreen/legacy.h
-- Installing: $REVIEWS/lwsrpnotes-r545-1-packet/scratch/cgreen-prefix/include/cgreen/mocks.h
-- Installing: $REVIEWS/lwsrpnotes-r545-1-packet/scratch/cgreen-prefix/include/cgreen/string_comparison.h
-- Installing: $REVIEWS/lwsrpnotes-r545-1-packet/scratch/cgreen-prefix/include/cgreen/reporter.h
-- Installing: $REVIEWS/lwsrpnotes-r545-1-packet/scratch/cgreen-prefix/include/cgreen/runner.h
-- Installing: $REVIEWS/lwsrpnotes-r545-1-packet/scratch/cgreen-prefix/include/cgreen/suite.h
-- Installing: $REVIEWS/lwsrpnotes-r545-1-packet/scratch/cgreen-prefix/include/cgreen/text_reporter.h
-- Installing: $REVIEWS/lwsrpnotes-r545-1-packet/scratch/cgreen-prefix/include/cgreen/unit.h
-- Installing: $REVIEWS/lwsrpnotes-r545-1-packet/scratch/cgreen-prefix/include/cgreen/vector.h
-- Installing: $REVIEWS/lwsrpnotes-r545-1-packet/scratch/cgreen-prefix/include/cgreen/xml_reporter.h
-- Installing: $REVIEWS/lwsrpnotes-r545-1-packet/scratch/cgreen-prefix/include/cgreen/internal/unit_implementation.h
-- Installing: $REVIEWS/lwsrpnotes-r545-1-packet/scratch/cgreen-prefix/include/cgreen/internal/mock_table.h
-- Installing: $REVIEWS/lwsrpnotes-r545-1-packet/scratch/cgreen-prefix/include/cgreen/internal/mocks_internal.h
-- Installing: $REVIEWS/lwsrpnotes-r545-1-packet/scratch/cgreen-prefix/include/cgreen/internal/suite_internal.h
-- Installing: $REVIEWS/lwsrpnotes-r545-1-packet/scratch/cgreen-prefix/include/cgreen/internal/assertions_internal.h
-- Installing: $REVIEWS/lwsrpnotes-r545-1-packet/scratch/cgreen-prefix/include/cgreen/internal/c_assertions.h
-- Installing: $REVIEWS/lwsrpnotes-r545-1-packet/scratch/cgreen-prefix/include/cgreen/internal/cpp_assertions.h
-- Installing: $REVIEWS/lwsrpnotes-r545-1-packet/scratch/cgreen-prefix/include/cgreen/internal/cgreen_pipe.h
-- Installing: $REVIEWS/lwsrpnotes-r545-1-packet/scratch/cgreen-prefix/include/cgreen/internal/cgreen_time.h
-- Installing: $REVIEWS/lwsrpnotes-r545-1-packet/scratch/cgreen-prefix/include/cgreen/internal/runner_platform.h
-- Installing: $REVIEWS/lwsrpnotes-r545-1-packet/scratch/cgreen-prefix/include/cgreen/internal/function_macro.h
-- Installing: $REVIEWS/lwsrpnotes-r545-1-packet/scratch/cgreen-prefix/include/cgreen/internal/stringify_token.h
-- Installing: $REVIEWS/lwsrpnotes-r545-1-packet/scratch/cgreen-prefix/include/cgreen/internal/constraint_syntax_helpers_internal.h
-- Installing: $REVIEWS/lwsrpnotes-r545-1-packet/scratch/cgreen-prefix/bin/cgreen-runner
-- Set non-toolchain portion of runtime path of "$REVIEWS/lwsrpnotes-r545-1-packet/scratch/cgreen-prefix/bin/cgreen-runner" to "$ORIGIN/../lib"
-- Installing: $REVIEWS/lwsrpnotes-r545-1-packet/scratch/cgreen-prefix/bin/cgreen-debug
make: Leaving directory '$REVIEWS/lwsrpnotes-r545-1-packet/scratch/cgreen-build'
