Physical gPTP (nightly and manual) | completed | skipped | 2026-09-27T19:27:59Z
Verilator shard 2/5 | in_progress | null | null
Verilator shard 3/5 | completed | success | 2026-09-27T19:38:17Z
Verilator shard 4/5 | in_progress | null | null
Verilator shard 0/5 | in_progress | null | null
Yosys shard 1/4 | completed | success | 2026-09-27T19:29:05Z
Yosys shard 3/4 | completed | success | 2026-09-27T19:28:24Z
Yosys shard 0/4 | completed | success | 2026-09-27T19:28:40Z
Verilator shard 1/5 | in_progress | null | null
Yosys shard 2/4 | completed | success | 2026-09-27T19:28:38Z
yosys-elaboration | in_progress | null | null
verilator-lint | completed | success | 2026-09-27T19:28:27Z
changes | completed | success | 2026-09-27T19:27:57Z
docs-check-no-git | completed | success | 2026-09-27T19:27:48Z
full-ci-gate | completed | success | 2026-09-27T19:27:59Z
bdd-conformance | completed | success | 2026-09-27T19:27:47Z
wire-accountability | completed | success | 2026-09-27T19:27:44Z
docs-check | in_progress | null | null
elaborate | in_progress | null | null
pending
sampled 2026-09-27T19:38:30Z
