Copyright 1986-2022 Xilinx, Inc. All Rights Reserved. Copyright 2022-2026 Advanced Micro Devices, Inc. All Rights Reserved.
---------------------------------------------------------------------------------------------------------------------------------------------
| Tool Version : Vivado v.2026.1 (lin64) Build 6511674 Tue Jun 16 11:01:26 MDT 2026
| Design       : KL_srp_top
| Device       : xc7a100tfgg484-2
| Speed File   : -2
| Design State : Synthesized
---------------------------------------------------------------------------------------------------------------------------------------------

Utilization Design Information

Table of Contents
-----------------
1. Utilization by Hierarchy

1. Utilization by Hierarchy
---------------------------

+----------------+---------------------+------------+------------+---------+------+------+--------+--------+------------+
|    Instance    |        Module       | Total LUTs | Logic LUTs | LUTRAMs | SRLs |  FFs | RAMB36 | RAMB18 | DSP Blocks |
+----------------+---------------------+------------+------------+---------+------+------+--------+--------+------------+
| KL_srp_top     |               (top) |       3948 |       3618 |     330 |    0 | 4118 |      0 |      1 |          2 |
|   (KL_srp_top) |               (top) |        239 |        175 |      64 |    0 |  605 |      0 |      0 |          0 |
|   u_admission  |    KL_srp_admission |        291 |        267 |      24 |    0 |  207 |      0 |      0 |          2 |
|   u_decoder    |      KL_srp_decoder |        731 |        731 |       0 |    0 |  633 |      0 |      1 |          0 |
|   u_domain     |       KL_srp_domain |         61 |         61 |       0 |    0 |  108 |      0 |      0 |          0 |
|   u_encoder    |      KL_srp_encoder |       1473 |       1291 |     182 |    0 | 1149 |      0 |      0 |          0 |
|   u_listener   | KL_srp_listener_fsm |        368 |        368 |       0 |    0 |  666 |      0 |      0 |          0 |
|   u_talker     |   KL_srp_talker_fsm |        637 |        589 |      48 |    0 |  623 |      0 |      0 |          0 |
|   u_vlan       |         KL_srp_vlan |        148 |        136 |      12 |    0 |  127 |      0 |      0 |          0 |
+----------------+---------------------+------------+------------+---------+------+------+--------+--------+------------+


