
control-srp_stream_fsms-.log
1215 checks: 1215 PASS, 0 FAIL

control-srp_top-congestion.log
13 checks: 13 PASS, 0 FAIL

control-srp_top-edge.log
LEAVEALL_EDGE fp=2 release=12 rx_minus_sLA=5 active=1
LEAVEALL_EDGE fp=2 release=13 rx_minus_sLA=4 active=1
LEAVEALL_EDGE fp=2 release=14 rx_minus_sLA=3 active=1
LEAVEALL_EDGE fp=2 release=15 rx_minus_sLA=2 active=1
LEAVEALL_EDGE fp=2 release=16 rx_minus_sLA=1 active=1
LEAVEALL_EDGE fp=2 release=17 rx_minus_sLA=0 active=0
LEAVEALL_EDGE fp=2 release=18 rx_minus_sLA=-1 active=0
LEAVEALL_EDGE fp=2 release=19 rx_minus_sLA=-2 active=0
LEAVEALL_EDGE fp=2 release=20 rx_minus_sLA=-3 active=0
LEAVEALL_EDGE fp=2 release=21 rx_minus_sLA=-4 active=0
LEAVEALL_EDGE fp=2 release=22 rx_minus_sLA=-5 active=0
LEAVEALL_EDGE fp=2 release=23 rx_minus_sLA=-6 active=0
LEAVEALL_EDGE fp=2 release=24 rx_minus_sLA=-7 active=0
LEAVEALL_EDGE fp=2 release=25 rx_minus_sLA=-8 active=0
LEAVEALL_EDGE fp=3 release=12 rx_minus_sLA=5 active=1
LEAVEALL_EDGE fp=3 release=13 rx_minus_sLA=4 active=1
LEAVEALL_EDGE fp=3 release=14 rx_minus_sLA=3 active=1
LEAVEALL_EDGE fp=3 release=15 rx_minus_sLA=2 active=1
LEAVEALL_EDGE fp=3 release=16 rx_minus_sLA=1 active=1
LEAVEALL_EDGE fp=3 release=17 rx_minus_sLA=0 active=0
LEAVEALL_EDGE fp=3 release=18 rx_minus_sLA=-1 active=0
LEAVEALL_EDGE fp=3 release=19 rx_minus_sLA=-2 active=0
LEAVEALL_EDGE fp=3 release=20 rx_minus_sLA=-3 active=0
LEAVEALL_EDGE fp=3 release=21 rx_minus_sLA=-4 active=0
LEAVEALL_EDGE fp=3 release=22 rx_minus_sLA=-5 active=0
LEAVEALL_EDGE fp=3 release=23 rx_minus_sLA=-6 active=0
LEAVEALL_EDGE fp=3 release=24 rx_minus_sLA=-7 active=0
LEAVEALL_EDGE fp=3 release=25 rx_minus_sLA=-8 active=0
86 checks: 86 PASS, 0 FAIL

control-srp_top-peer.log
LEAVEALL_PEER release=3 rx_minus_accept=3 actions=1
LEAVEALL_PEER release=4 rx_minus_accept=2 actions=1
LEAVEALL_PEER release=5 rx_minus_accept=1 actions=1
LEAVEALL_PEER release=6 rx_minus_accept=0 actions=0
LEAVEALL_PEER release=7 rx_minus_accept=-1 actions=0
LEAVEALL_PEER release=8 rx_minus_accept=-2 actions=0
LEAVEALL_EXPIRY peer_minus_expiry=-1 actions=1
LEAVEALL_EXPIRY peer_minus_expiry=0 actions=0
LEAVEALL_EXPIRY peer_minus_expiry=1 actions=0
67 checks: 67 PASS, 0 FAIL

control-srp_top-phases.log
LEAVEALL_PHASE fp=2 source=0 offset_ms=-50 active=0 actions=1
LEAVEALL_PHASE fp=2 source=0 offset_ms=-1 active=0 actions=1
LEAVEALL_PHASE fp=2 source=0 offset_ms=1 active=0 actions=1
LEAVEALL_PHASE fp=2 source=0 offset_ms=40 active=0 actions=1
LEAVEALL_PHASE fp=2 source=0 offset_ms=80 active=0 actions=1
LEAVEALL_PHASE fp=2 source=0 offset_ms=120 active=1 actions=1
LEAVEALL_PHASE fp=2 source=0 offset_ms=199 active=1 actions=1
LEAVEALL_PHASE fp=2 source=3 offset_ms=-50 active=0 actions=1
LEAVEALL_PHASE fp=2 source=3 offset_ms=-1 active=0 actions=1
LEAVEALL_PHASE fp=2 source=3 offset_ms=1 active=0 actions=1
LEAVEALL_PHASE fp=2 source=3 offset_ms=40 active=0 actions=1
LEAVEALL_PHASE fp=2 source=3 offset_ms=80 active=0 actions=1
LEAVEALL_PHASE fp=2 source=3 offset_ms=120 active=1 actions=1
LEAVEALL_PHASE fp=2 source=3 offset_ms=199 active=1 actions=1
LEAVEALL_PHASE fp=2 source=7 offset_ms=-50 active=0 actions=1
LEAVEALL_PHASE fp=2 source=7 offset_ms=-1 active=0 actions=1
LEAVEALL_PHASE fp=2 source=7 offset_ms=1 active=0 actions=1
LEAVEALL_PHASE fp=2 source=7 offset_ms=40 active=0 actions=1
LEAVEALL_PHASE fp=2 source=7 offset_ms=80 active=0 actions=1
LEAVEALL_PHASE fp=2 source=7 offset_ms=120 active=1 actions=1
LEAVEALL_PHASE fp=2 source=7 offset_ms=199 active=1 actions=1
LEAVEALL_PHASE fp=3 source=0 offset_ms=-50 active=0 actions=1
LEAVEALL_PHASE fp=3 source=0 offset_ms=-1 active=0 actions=1
LEAVEALL_PHASE fp=3 source=0 offset_ms=1 active=0 actions=1
LEAVEALL_PHASE fp=3 source=0 offset_ms=40 active=0 actions=1
LEAVEALL_PHASE fp=3 source=0 offset_ms=80 active=0 actions=1
LEAVEALL_PHASE fp=3 source=0 offset_ms=120 active=1 actions=1
LEAVEALL_PHASE fp=3 source=0 offset_ms=199 active=1 actions=1
LEAVEALL_PHASE fp=3 source=3 offset_ms=-50 active=0 actions=1
LEAVEALL_PHASE fp=3 source=3 offset_ms=-1 active=0 actions=1
LEAVEALL_PHASE fp=3 source=3 offset_ms=1 active=0 actions=1
LEAVEALL_PHASE fp=3 source=3 offset_ms=40 active=0 actions=1
LEAVEALL_PHASE fp=3 source=3 offset_ms=80 active=0 actions=1
LEAVEALL_PHASE fp=3 source=3 offset_ms=120 active=1 actions=1
LEAVEALL_PHASE fp=3 source=3 offset_ms=199 active=1 actions=1
LEAVEALL_PHASE fp=3 source=7 offset_ms=-50 active=0 actions=1
LEAVEALL_PHASE fp=3 source=7 offset_ms=-1 active=0 actions=1
LEAVEALL_PHASE fp=3 source=7 offset_ms=1 active=0 actions=1
LEAVEALL_PHASE fp=3 source=7 offset_ms=40 active=0 actions=1
LEAVEALL_PHASE fp=3 source=7 offset_ms=80 active=0 actions=1
LEAVEALL_PHASE fp=3 source=7 offset_ms=120 active=1 actions=1
LEAVEALL_PHASE fp=3 source=7 offset_ms=199 active=1 actions=1
217 checks: 217 PASS, 0 FAIL
