compiler: $PACKET/scratch/sdk/host/bin/riscv32-linux-gcc, riscv32-linux-gcc.br_real (Buildroot 2021.11-18033-g83947c7bb6) 14.3.0; libgcc.a sha256 d8ebca8cf6ad31cd50695f79e91e86a716d3b1761fbbefd5ee7b0627a2d0af58 (not linked)
PASS: arith: every helper against the host's arithmetic, 0 mismatches
PASS: leaves: the helpers define fw_rv32.HELPERS, leave nothing open and call no helper
PASS: leaves: refused mulsi3-star: mulsi3-star.o calls helpers: __mulsi3
PASS: leaves: refused udivsi3-out: udivsi3-out.o leaves symbols open: image_elsewhere
PASS: audit: the probe linked as the image is passes (RV32I audit: e_flags 0, rv32i2p1, 159 words all RV32I base instructions, nothing undefined)
PASS: audit: every RV32I base instruction form passes
PASS: audit: refused an RV32IM object with no M instruction: architecture attribute ['rv32i2p1_m2p0_zmmul1p0'], not RV32I alone
PASS: audit: refused a weak symbol left undefined: symbols left undefined: image_probe_hook
PASS: audit: refused mul a0, a0, a1 (M): .text: 1 words outside RV32I, the first 0x02b50533 at 0x4
PASS: audit: refused divu a0, a4, a2 (M): .text: 1 words outside RV32I, the first 0x02c75533 at 0x4
PASS: audit: refused c.nop, c.nop (C): .text: 1 words outside RV32I, the first 0x00010001 at 0x4
PASS: audit: refused fence.i (Zifencei): .text: 1 words outside RV32I, the first 0x0000100f at 0x4
PASS: audit: refused csrrs a0, cycle, zero (Zicsr): .text: 1 words outside RV32I, the first 0xc0002573 at 0x4
PASS: audit: refused amoadd.w a0, a1, (a0) (A): .text: 1 words outside RV32I, the first 0x00b5252f at 0x4
PASS: audit: refused flw fa0, 0(a0) (F): .text: 1 words outside RV32I, the first 0x00052507 at 0x4
PASS: audit: refused fadd.s fa0, fa0, fa1 (F): .text: 1 words outside RV32I, the first 0x00b57553 at 0x4
PASS: audit: refused wfi (privileged): .text: 1 words outside RV32I, the first 0x10500073 at 0x4
PASS: audit: refused slli a0, a0, 32 (a 6-bit shift): .text: 1 words outside RV32I, the first 0x02051513 at 0x4
PASS: audit: refused an all-zero word: .text: 1 words outside RV32I, the first 0x00000000 at 0x4
Traceback (most recent call last):
  File "$PACKET/scratch/plants/A02-audit-ignores-eflags/sw/firmware/ctrl/test/ctrl_image_selftest.py", line 431, in <module>
    sys.exit(main())
             ~~~~^^
  File "$PACKET/scratch/plants/A02-audit-ignores-eflags/sw/firmware/ctrl/test/ctrl_image_selftest.py", line 422, in main
    header_cases(cc, work / "audit") + measure_cases(cc, work / "measure"))
    ~~~~~~~~~~~~^^^^^^^^^^^^^^^^^^^^
  File "$PACKET/scratch/plants/A02-audit-ignores-eflags/sw/firmware/ctrl/test/ctrl_image_selftest.py", line 358, in header_cases
    assert any(needle in f for f in found), (name, found)
           ~~~^^^^^^^^^^^^^^^^^^^^^^^^^^^^
AssertionError: ('RVC', [])

rc=1
