src/core/mrp_mad.c:850:13:on_join_timer	8	static
src/core/mrp_mad.c:697:13:observe.isra	64	static
src/core/mrp_mad.c:857:13:on_la_timer	16	static
src/core/mrp_mad.c:467:30:get_or_create_attr	96	static
src/core/mrp_mad.c:418:9:mrp_app_n_ports	8	static
src/core/mrp_mad.c:423:10:mrp_attr_registered_ports	80	static
src/core/mrp_mad.c:886:17:mrp_app_create	80	static
src/core/mrp_mad.c:919:6:mrp_app_destroy	64	static
src/core/mrp_mad.c:965:5:mrp_mad_leave	96	static
src/core/mrp_mad.c:591:13:map_replay	64	static
src/core/mrp_mad.c:618:12:reg_event	144	static
src/core/mrp_mad.c:724:12:deliver_event_changed	80	static
src/core/mrp_mad.c:946:5:mrp_mad_join	64	static
src/core/mrp_mad.c:1069:13:rx_on_leaveall	32	static
src/core/mrp_mad.c:990:13:rx_on_attr	144	static
src/core/mrp_mad.c:864:13:on_pt_timer	64	static
src/core/mrp_mad.c:871:13:on_leave_timer	32	static
src/core/mrp_mad.c:1080:5:mrp_rx	48	static
src/core/mrp_mad.c:1097:6:mrp_set_rx_filter	8	static
src/core/mrp_mad.c:1103:10:mrp_reclaim	48	static
src/core/mrp_mad.c:1126:6:mrp_tick	8	static
src/core/mrp_mad.c:1133:6:mrp_port_role_change	96	static
src/core/mrp_mad.c:1143:6:mrp_set_periodic	8	static
src/core/mrp_mad.c:1160:6:mrp_set_observer	8	static
src/core/mrp_mad.c:1170:5:mrp_attr_visit	80	static
src/core/mrp_mad.c:1198:5:mrp_port_status	8	static
src/core/mrp_mad.c:1231:13:mrp_appl_state_name	8	static
src/core/mrp_mad.c:1239:13:mrp_reg_state_name	8	static
src/core/mrp_mad.c:1247:13:mrp_event_name	8	static
src/core/mrp_mad.c:1256:5:mrp_port_configure	16	static
src/core/mrp_mad.c:1410:5:mrp_transmit	304	static
