OK   table row: | 8x8 | 50 / 100, contract | ON | 2,429,290 to 2,430,246 | 24.29290 to 24.30246 | 2.0163x |
OK   table row: | 8x8 | 50 / 100, contract | OFF | 2,425,794 to 2,426,154 | 24.25794 to 24.26154 | 2.0197x |
OK   table row: | 1x1 | 50 / 100, contract | ON | 659,814 to 660,642 | 6.59814 to 6.60642 | 7.4170x |
OK   table row: | 1x1 | 50 / 100, contract | OFF | 658,554 to 658,857 | 6.58554 to 6.58857 | 7.4371x |
OK   table row: | 8x8 | 100 / 100, non-contract | ON | 1,899,012 to 1,900,433 | 18.99012 to 19.00433 | 2.5784x |
OK   table row: | 8x8 | 100 / 100, non-contract | OFF | 1,978,694 to 1,979,024 | 19.78694 to 19.79024 | 2.4760x |
OK   8x8 worst: **The worst 8x8 measurement is 24.30246 ms.**
OK   8x8 margin: This gives 2.0163x margin against the guaranteed floor.
OK   8x8 slack: It leaves 0.19754 ms below the assigned limit.
OK   U6 worst: The worst 8x8 copy is 24.30246 ms across both arms.
OK   U6 margin: Its margin against the guaranteed 49 ms floor is 2.0163x.
OK   1x1 worst: The 1x1 overall maximum is 6.60642 ms (7.4170x floor margin).
OK   U6 1x1: The 1x1 maximum is 6.60642 ms (7.4170x floor margin).
OK   U6 100: non-contract: 19.79024 ms maximum.
OK   8x8 ON-OFF: 8x8 ON exceeds OFF by 0.04092 ms.
OK   8x8 ON-OFF pct: That is 0.169% between their maxima.
OK   1x1 ON-OFF: The 1x1 difference is 0.01785 ms (0.271%).
OK   100 OFF-ON: At 100 MHz, ON is 0.78591 ms faster than OFF.
OK   capture count: contains all 96 captures
OK   receipt maxima 8x8@50 = 24.30246 <= 24.5
RESULT PASS
