INFO: [Common 17-3922] A valid Vivado Design Suite BASIC license has been detected. Your current license is active and will expire on 02-jul-2027.

****** Vivado v2026.1 (64-bit)
  **** SW Build 6511674 on Tue Jun 16 11:01:26 MDT 2026
  **** IP Build 6504888 on Tue Jun 09 09:05:25 MDT 2026
  **** SharedData Build 6501428 on Mon Jun 08 17:34:18 MDT 2026
  **** Start of session at: Wed Oct  7 23:16:26 2026
    ** Copyright 1986-2022 Xilinx, Inc. All Rights Reserved.
    ** Copyright 2022-2026 Advanced Micro Devices, Inc. All Rights Reserved.

Sourcing tcl script '<home>/.Xilinx/Vivado/Vivado_init.tcl'
source <clone>/sw/litex/gmii_rx_capture_check.tcl
# if {$argc != 1} { error "expected test_gmii_rx_capture.py --emit-dir directory" }
# set fixtures [file normalize [lindex $argv 0]]
# set here [file dirname [file normalize [info script]]]
# source [file join $here iob_pack_check.tcl]
## proc kl_iob_net_cells {pins dir} {
##     set net [get_nets -of_objects $pins]
##     if {[llength $net] == 0} {
##         return [list 0 {}]
##     }
##     set far [get_pins -leaf -of_objects $net -filter "DIRECTION == $dir"]
##     if {[llength $far] == 0} {
##         return [list 1 {}]
##     }
##     return [list 1 [get_cells -of_objects $far]]
## }
## proc kl_iob_far_groups {bufs dir} {
##     if {$dir eq "OUT"} {
##         set pins [get_pins -of_objects $bufs \
##             -filter {REF_PIN_NAME == I || REF_PIN_NAME == T}]
##         if {[llength $pins] == 0} {
##             return [list 0 {}]
##         }
##         # one followed pin at a time: an OBUFT whose T answers a grounded
##         # driver must not answer for an I whose net came back empty. Each
##         # pin's answer is kept WHOLE, as its own group, because a Vivado
##         # object list must never be taken apart and rebuilt: see the note on
##         # `{*}` above the file's first proc.
##         set groups {}
##         foreach pin $pins {
##             lassign [kl_iob_net_cells $pin OUT] reached cells
##             if {!$reached || [llength $cells] == 0} {
##                 return [list 0 {}]
##             }
##             lappend groups $cells
##         }
##         return [list 1 $groups]
##     }
##     set pins [get_pins -of_objects $bufs -filter {REF_PIN_NAME == O}]
##     if {[llength $pins] == 0} {
##         return [list 0 {}]
##     }
##     lassign [kl_iob_net_cells $pins IN] reached loads
##     if {!$reached || [llength $loads] == 0} {
##         return [list 0 {}]
##     }
##     set delays [filter $loads {REF_NAME == ZHOLD_DELAY || REF_NAME == IDELAYE2}]
##     set direct [filter $loads {REF_NAME != ZHOLD_DELAY && REF_NAME != IDELAYE2}]
##     if {[llength $delays] + [llength $direct] != [llength $loads]} {
##         # the two halves must account for every load, and they do not when
##         # the property itself answered nothing: an unknown or renamed one is
##         # empty for == and for != alike, so both halves come back empty and
##         # the loads that are really there would go ungraded.
##         return [list 0 {}]
##     }
##     if {[llength $delays] == 0} {
##         return [list 1 [list $direct]]
##     }
##     set taps [get_pins -of_objects $delays -filter \
##         {REF_PIN_NAME == DATAOUT || REF_PIN_NAME == DLYIFF || REF_PIN_NAME == DLYFABRIC}]
##     if {[llength $taps] == 0} {
##         return [list 0 {}]
##     }
##     lassign [kl_iob_net_cells $taps IN] reached behind
##     if {!$reached || [llength $behind] == 0} {
##         return [list 0 {}]
##     }
##     return [list 1 [list $direct $behind]]
## }
## proc kl_iob_port_verdict {port} {
##     set dir [get_property DIRECTION $port]
##     if {$dir ni {IN OUT}} {
##         return [list FAIL "direction $dir is not checked; only IN and OUT ports are"]
##     }
##     set site [expr {$dir eq "OUT" ? "OLOGIC" : "ILOGIC"}]
##     set nets [get_nets -of_objects $port]
##     if {[llength $nets] == 0} {
##         # nothing drives or reads the pin, so synthesis kept neither net nor
##         # buffer for it (eth0_rx_er): there is no launch or capture edge the
##         # constraint could protect. The query itself worked - a failed one
##         # would have raised - so this is a seen absence, not a silent one.
##         return [list INERT "$dir, the port has no net: nothing drives or reads the pin"]
##     }
##     set bufs {}
##     set pins [get_pins -leaf -of_objects $nets]
##     if {[llength $pins] > 0} {
##         set bufs [get_cells -of_objects $pins]
##     }
##     if {[llength $bufs] == 0} {
##         return [list FAIL "$dir, net [join $nets {, }] reaches no cell: this port could not be traversed"]
##     }
##     lassign [kl_iob_far_groups $bufs $dir] reached groups
##     if {!$reached} {
##         return [list FAIL "$dir, nothing answered behind [join $bufs {, }]: this port could not be traversed"]
##     }
##     set regs {}
##     set logic {}
##     set wrong {}
##     set fixed {}
##     foreach group $groups {
##         foreach cell $group {
##             set ref [get_property REF_NAME $cell]
##             if {$ref eq "GND" || $ref eq "VCC"} {
##                 lappend fixed "$cell ($ref)"
##                 continue
##             }
##             set loc [get_property LOC $cell]
##             set what "$cell ($ref @ [expr {$loc eq {} ? {unplaced} : $loc}])"
##             if {$dir eq "IN" && ![string is true -strict [get_property IS_SEQUENTIAL $cell]]} {
##                 lappend logic $what
##                 continue
##             }
##             lappend regs $what
##             if {![string match "${site}_*" $loc]} {
##                 lappend wrong $what
##             }
##         }
##     }
##     if {[llength $regs] == 0 && [llength $logic] == 0} {
##         # the second of the two structures INERT is returned for: every pin
##         # followed above answered a driver, and every one of them is a
##         # constant cell. An input cannot arrive here - each hop behind its
##         # pad buffer answered something or the traversal already failed - and
##         # an output with no driver at all is the ungradable case, not a pad
##         # with nothing to pack.
##         if {$dir eq "OUT" && [llength $fixed] > 0} {
##             return [list INERT "$dir, nothing to pack behind [join $bufs {, }]: driven by [join $fixed {, }]"]
##         }
##         return [list FAIL "$dir, no cell answered behind [join $bufs {, }]: this port could not be traversed"]
##     }
##     if {[llength $regs] == 0} {
##         return [list FAIL "$dir, no register reads the pad, only: [join $logic {, }]"]
##     }
##     if {[llength $wrong] > 0} {
##         return [list FAIL "$dir, not in an $site site: [join $wrong {, }]"]
##     }
##     set also [expr {[llength $logic] ? "; also read by [llength $logic] fabric cell(s)" : ""}]
##     return [list PASS "$dir, [join $regs {, }]$also"]
## }
## proc kl_iob_constraint_lines {report} {
##     set files [glob -nocomplain -directory [file dirname $report] *.xdc]
##     if {[llength $files] == 0} {
##         return -1
##     }
##     set lines 0
##     foreach path $files {
##         set fh [open $path r]
##         set text [read $fh]
##         close $fh
##         foreach line [split $text "\n"] {
##             if {[regexp -nocase {^[ \t]*set_property[ \t]+IOB[ \t]+TRUE} $line]} {
##                 incr lines
##             }
##         }
##     }
##     return $lines
## }
## proc kl_iob_pack_check {report} {
##     set rows {}
##     set failed {}
##     set graded {}
##     foreach port [get_ports] {
##         # the only -quiet read in this file, because an empty answer is the
##         # NORMAL one here: most ports carry no IOB property at all. The two
##         # counts crossed below are what keeps it honest.
##         if {[string toupper [get_property -quiet IOB $port]] ne "TRUE"} {
##             continue
##         }
##         lappend graded $port
##         # re-raised, NEVER swallowed: a Vivado ERROR is catchable
##         # (measured), so this catch is the one place a raise could be turned
##         # into an absence, and the re-raise going uncaught is what ends the
##         # batch run, on purpose. A named port is still a stopped build,
##         # which is why the rule above is structural.
##         if {[catch {kl_iob_port_verdict $port} answer]} {
##             # printed first: measured, Vivado does not echo the re-raised
##             # text when the cause is a Vivado ERROR, so without this line
##             # no log names the port.
##             puts "IOB-PACK ERROR: a query, or the code grading it, raised\
##                 while grading $port"
##             error "IOB-PACK ERROR: grading $port ended the run: $answer"
##         }
##         lassign $answer verdict detail
##         lappend rows [format "%-5s %s: %s" $verdict $port $detail]
##         if {$verdict eq "FAIL"} {
##             lappend failed $port
##         }
##     }
##     set rows [lsort $rows]
##     set fh [open $report w]
##     puts $fh "# issue #475: every port constrained IOB TRUE, after placement"
##     foreach row $rows {
##         puts $fh $row
##     }
##     close $fh
##     foreach row $rows {
##         puts "IOB-PACK $row"
##     }
##     if {[llength $failed] > 0} {
##         error "IOB-PACK FAIL: [llength $failed] port(s) constrained IOB TRUE are not in an IOB register after placement, or could not be traversed: [join [lsort $failed] {, }]. An unpacked register is CRITICAL WARNING Place 30-722 made fatal; the other rows are this check refusing to grade what it could not see. See $report."
##     }
##     # A run that selected no port would otherwise report a clean result while
##     # checking nothing. Cross the per-port property read above against the
##     # same question asked as one filter, and both against the constraints the
##     # build wrote: the three cannot disagree on a design that packed.
##     set constrained [get_ports -filter {IOB == TRUE || IOB == true}]
##     set lines [kl_iob_constraint_lines $report]
##     if {[llength $rows] != [llength $constrained]} {
##         set disputed {}
##         foreach port $constrained {
##             if {[lsearch -exact $graded $port] < 0} {
##                 lappend disputed $port
##             }
##         }
##         foreach port $graded {
##             if {[lsearch -exact $constrained $port] < 0} {
##                 lappend disputed $port
##             }
##         }
##         error "IOB-PACK ERROR: [llength $rows] port(s) answered IOB TRUE one at a time, but [llength $constrained] match the same filter; the two reads disagree on: [join [lsort $disputed] {, }]. The netlist did not read the same way twice, so this run graded nothing; see $report."
##     }
##     if {[llength $rows] == 0 && $lines != 0} {
##         set why "$lines set_property IOB TRUE line(s) sit in the constraints beside it"
##         if {$lines < 0} {
##             set why "no .xdc file sits beside it to say whether that is right"
##         }
##         error "IOB-PACK ERROR: no port answered IOB TRUE, so nothing was checked, and $why. A run that selects no port is not a pass; see $report."
##     }
##     puts "IOB-PACK OK: [llength $rows] port(s) constrained IOB TRUE checked, none unpacked ($report)"
## }
# set_param general.maxThreads 4
# foreach case_name {capture reset_before_d} {
#     set source_file [file join $fixtures ${case_name}.v]
#     if {![file isfile $source_file]} { error "missing fixture: $source_file" }
#     set result_dir [file join $fixtures $case_name]
#     file mkdir $result_dir
#     cd $result_dir
#     # The checker also reads the constraints beside its report.
#     file copy -force [file join $here gmii_rx_capture.xdc] capture.xdc
#     create_project -in_memory -part xc7a100t-fgg484-2
#     read_verilog $source_file
#     read_xdc capture.xdc
#     synth_design -top gmii_capture -part xc7a100t-fgg484-2 -control_set_opt_threshold 100
#     opt_design
#     place_design
#     set rejected [catch {kl_iob_pack_check capture_iob_pack.rpt} message]
#     set fh [open capture_iob_pack.rpt r]
#     set report [read $fh]
#     close $fh
#     set passes [regexp -all -line {^PASS  } $report]
#     set failures [regexp -all -line {^FAIL  } $report]
#     set inert [regexp -all -line {^INERT  } $report]
#     if {$case_name eq "capture"} {
#         if {$rejected || $passes != 9 || $failures != 0 || $inert != 0} {
#             error "good fixture did not pack all nine inputs: $message"
#         }
#     } else {
#         set blocked [regexp -all {IN, no register reads the pad, only:} $report]
#         if {!$rejected || $passes != 0 || $failures != 9 || $inert != 0 || $blocked != 9
#             || ![string match {IOB-PACK FAIL: 9 port(s)*} $message]} {
#             error "reset-before-D control was not refused on all nine inputs: $message"
#         }
#         puts "Expected refusal: $message"
#     }
#     close_project
# }
Command: synth_design -top gmii_capture -part xc7a100t-fgg484-2 -control_set_opt_threshold 100
INFO: [Vivado_Tcl 97-129] Option control_set_opt_threshold used for synth_design is: 100
Starting synth_design
Attempting to get a license for feature 'Vivado_Synthesis' and/or device 'xc7a100t'
INFO: [Common 17-349] Got license for feature 'Vivado_Synthesis' and/or device 'xc7a100t'
INFO: [Device 21-403] Loading part xc7a100tfgg484-2
INFO: [Designutils 20-5008] Incremental synthesis strategy default
INFO: [Synth 8-7079] Multithreading enabled for synth_design using a maximum of 4 processes.
INFO: [Synth 8-7078] Launching helper process for spawning children vivado processes
INFO: [Synth 8-7075] Helper process launched with PID 658914
---------------------------------------------------------------------------------
Starting RTL Elaboration : Time (s): cpu = 00:00:03 ; elapsed = 00:00:04 . Memory (MB): peak = 2373.848 ; gain = 516.367 ; free physical = 17556 ; free virtual = 44305
---------------------------------------------------------------------------------
INFO: [Synth 8-6157] synthesizing module 'gmii_capture' [<scratch>/vivado_old/capture.v:2]
INFO: [Synth 8-6155] done synthesizing module 'gmii_capture' (0#1) [<scratch>/vivado_old/capture.v:2]
WARNING: [Synth 8-6014] Unused sequential element dv_d_reg was removed.  [<scratch>/vivado_old/capture.v:21]
---------------------------------------------------------------------------------
Finished RTL Elaboration : Time (s): cpu = 00:00:04 ; elapsed = 00:00:05 . Memory (MB): peak = 2460.816 ; gain = 603.336 ; free physical = 18165 ; free virtual = 44950
---------------------------------------------------------------------------------
---------------------------------------------------------------------------------
Start Handling Custom Attributes
---------------------------------------------------------------------------------
---------------------------------------------------------------------------------
Finished Handling Custom Attributes : Time (s): cpu = 00:00:04 ; elapsed = 00:00:05 . Memory (MB): peak = 2478.629 ; gain = 621.148 ; free physical = 18125 ; free virtual = 44909
---------------------------------------------------------------------------------
---------------------------------------------------------------------------------
Finished RTL Optimization Phase 1 : Time (s): cpu = 00:00:04 ; elapsed = 00:00:05 . Memory (MB): peak = 2478.629 ; gain = 621.148 ; free physical = 18125 ; free virtual = 44909
---------------------------------------------------------------------------------
Netlist sorting complete. Time (s): cpu = 00:00:00 ; elapsed = 00:00:00 . Memory (MB): peak = 2478.629 ; gain = 0.000 ; free physical = 18125 ; free virtual = 44909
INFO: [Project 1-570] Preparing netlist for logic optimization

Processing XDC Constraints
Initializing timing engine
Parsing XDC File [<scratch>/vivado_old/capture/capture.xdc]
Finished Parsing XDC File [<scratch>/vivado_old/capture/capture.xdc]
INFO: [Project 1-236] Implementation specific constraints were found while reading constraint file [<scratch>/vivado_old/capture/capture.xdc]. These constraints will be ignored for synthesis but will be used in implementation. Impacted constraints are listed in the file [.Xil/gmii_capture_propImpl.xdc].
Resolution: To avoid this warning, move constraints listed in [.Xil/gmii_capture_propImpl.xdc] to another XDC file and exclude this new file from synthesis with the used_in_synthesis property (File Properties dialog in GUI) and re-run elaboration/synthesis.
Completed Processing XDC Constraints

Netlist sorting complete. Time (s): cpu = 00:00:00 ; elapsed = 00:00:00 . Memory (MB): peak = 2556.367 ; gain = 0.000 ; free physical = 18185 ; free virtual = 44948
INFO: [Project 1-111] Unisim Transformation Summary:
No Unisim elements were transformed.

Constraint Validation Runtime : Time (s): cpu = 00:00:00 ; elapsed = 00:00:00 . Memory (MB): peak = 2556.402 ; gain = 0.000 ; free physical = 18176 ; free virtual = 44940
---------------------------------------------------------------------------------
Finished Constraint Validation : Time (s): cpu = 00:00:10 ; elapsed = 00:00:11 . Memory (MB): peak = 2556.402 ; gain = 698.922 ; free physical = 18346 ; free virtual = 45129
---------------------------------------------------------------------------------
---------------------------------------------------------------------------------
Start Loading Part and Timing Information
---------------------------------------------------------------------------------
Loading part: xc7a100tfgg484-2
---------------------------------------------------------------------------------
Finished Loading Part and Timing Information : Time (s): cpu = 00:00:10 ; elapsed = 00:00:11 . Memory (MB): peak = 2564.371 ; gain = 706.891 ; free physical = 18348 ; free virtual = 45132
---------------------------------------------------------------------------------
---------------------------------------------------------------------------------
Start Applying 'set_property' XDC Constraints
---------------------------------------------------------------------------------
---------------------------------------------------------------------------------
Finished applying 'set_property' XDC Constraints : Time (s): cpu = 00:00:10 ; elapsed = 00:00:11 . Memory (MB): peak = 2564.371 ; gain = 706.891 ; free physical = 18341 ; free virtual = 45124
---------------------------------------------------------------------------------
---------------------------------------------------------------------------------
Finished RTL Optimization Phase 2 : Time (s): cpu = 00:00:10 ; elapsed = 00:00:11 . Memory (MB): peak = 2564.371 ; gain = 706.891 ; free physical = 18181 ; free virtual = 44966
---------------------------------------------------------------------------------
---------------------------------------------------------------------------------
Start RTL Component Statistics 
---------------------------------------------------------------------------------
Detailed RTL Component Info : 
+---Registers : 
	                8 Bit    Registers := 1     
	                1 Bit    Registers := 1     
---------------------------------------------------------------------------------
Finished RTL Component Statistics 
---------------------------------------------------------------------------------
---------------------------------------------------------------------------------
Start Part Resource Summary
---------------------------------------------------------------------------------
Part Resources:
DSPs: 240 (col length:80)
BRAMs: 270 (col length: RAMB18 80 RAMB36 40)
---------------------------------------------------------------------------------
Finished Part Resource Summary
---------------------------------------------------------------------------------
---------------------------------------------------------------------------------
Start Cross Boundary and Area Optimization
---------------------------------------------------------------------------------
---------------------------------------------------------------------------------
Finished Cross Boundary and Area Optimization : Time (s): cpu = 00:00:12 ; elapsed = 00:00:12 . Memory (MB): peak = 2564.371 ; gain = 706.891 ; free physical = 17855 ; free virtual = 44636
---------------------------------------------------------------------------------
---------------------------------------------------------------------------------
Start Applying XDC Timing Constraints
---------------------------------------------------------------------------------
---------------------------------------------------------------------------------
Finished Applying XDC Timing Constraints : Time (s): cpu = 00:00:16 ; elapsed = 00:00:17 . Memory (MB): peak = 2654.371 ; gain = 796.891 ; free physical = 17658 ; free virtual = 44446
---------------------------------------------------------------------------------
---------------------------------------------------------------------------------
Start Timing Optimization
---------------------------------------------------------------------------------
---------------------------------------------------------------------------------
Finished Timing Optimization : Time (s): cpu = 00:00:16 ; elapsed = 00:00:17 . Memory (MB): peak = 2654.371 ; gain = 796.891 ; free physical = 17651 ; free virtual = 44439
---------------------------------------------------------------------------------
---------------------------------------------------------------------------------
Start Technology Mapping
---------------------------------------------------------------------------------
---------------------------------------------------------------------------------
Finished Technology Mapping : Time (s): cpu = 00:00:16 ; elapsed = 00:00:17 . Memory (MB): peak = 2663.387 ; gain = 805.906 ; free physical = 17645 ; free virtual = 44433
---------------------------------------------------------------------------------
---------------------------------------------------------------------------------
Start IO Insertion
---------------------------------------------------------------------------------
---------------------------------------------------------------------------------
Start Flattening Before IO Insertion
---------------------------------------------------------------------------------
---------------------------------------------------------------------------------
Finished Flattening Before IO Insertion
---------------------------------------------------------------------------------
---------------------------------------------------------------------------------
Start Final Netlist Cleanup
---------------------------------------------------------------------------------
---------------------------------------------------------------------------------
Finished Final Netlist Cleanup
---------------------------------------------------------------------------------
---------------------------------------------------------------------------------
Finished IO Insertion : Time (s): cpu = 00:00:19 ; elapsed = 00:00:20 . Memory (MB): peak = 2869.199 ; gain = 1011.719 ; free physical = 18167 ; free virtual = 44960
---------------------------------------------------------------------------------
---------------------------------------------------------------------------------
Start Renaming Generated Instances
---------------------------------------------------------------------------------
---------------------------------------------------------------------------------
Finished Renaming Generated Instances : Time (s): cpu = 00:00:19 ; elapsed = 00:00:20 . Memory (MB): peak = 2869.199 ; gain = 1011.719 ; free physical = 18168 ; free virtual = 44962
---------------------------------------------------------------------------------
---------------------------------------------------------------------------------
Start Rebuilding User Hierarchy
---------------------------------------------------------------------------------
---------------------------------------------------------------------------------
Finished Rebuilding User Hierarchy : Time (s): cpu = 00:00:19 ; elapsed = 00:00:20 . Memory (MB): peak = 2869.199 ; gain = 1011.719 ; free physical = 18168 ; free virtual = 44962
---------------------------------------------------------------------------------
---------------------------------------------------------------------------------
Start Renaming Generated Ports
---------------------------------------------------------------------------------
---------------------------------------------------------------------------------
Finished Renaming Generated Ports : Time (s): cpu = 00:00:19 ; elapsed = 00:00:20 . Memory (MB): peak = 2869.199 ; gain = 1011.719 ; free physical = 18168 ; free virtual = 44962
---------------------------------------------------------------------------------
---------------------------------------------------------------------------------
Start Handling Custom Attributes
---------------------------------------------------------------------------------
---------------------------------------------------------------------------------
Finished Handling Custom Attributes : Time (s): cpu = 00:00:19 ; elapsed = 00:00:20 . Memory (MB): peak = 2869.199 ; gain = 1011.719 ; free physical = 18164 ; free virtual = 44958
---------------------------------------------------------------------------------
---------------------------------------------------------------------------------
Start Renaming Generated Nets
---------------------------------------------------------------------------------
---------------------------------------------------------------------------------
Finished Renaming Generated Nets : Time (s): cpu = 00:00:19 ; elapsed = 00:00:20 . Memory (MB): peak = 2869.199 ; gain = 1011.719 ; free physical = 18164 ; free virtual = 44958
---------------------------------------------------------------------------------
---------------------------------------------------------------------------------
Start Writing Synthesis Report
---------------------------------------------------------------------------------

Report BlackBoxes: 
+-+--------------+----------+
| |BlackBox name |Instances |
+-+--------------+----------+
+-+--------------+----------+

Report Cell Usage: 
+------+-----+------+
|      |Cell |Count |
+------+-----+------+
|1     |BUFG |     1|
|2     |LUT2 |     1|
|3     |FDRE |     9|
|4     |IBUF |    11|
|5     |OBUF |    10|
+------+-----+------+
---------------------------------------------------------------------------------
Finished Writing Synthesis Report : Time (s): cpu = 00:00:19 ; elapsed = 00:00:20 . Memory (MB): peak = 2869.199 ; gain = 1011.719 ; free physical = 18164 ; free virtual = 44958
---------------------------------------------------------------------------------
Synthesis finished with 0 errors, 0 critical warnings and 0 warnings.
Synthesis Optimization Runtime : Time (s): cpu = 00:00:18 ; elapsed = 00:00:19 . Memory (MB): peak = 2869.199 ; gain = 933.945 ; free physical = 18142 ; free virtual = 44936
Synthesis Optimization Complete : Time (s): cpu = 00:00:19 ; elapsed = 00:00:20 . Memory (MB): peak = 2869.207 ; gain = 1011.719 ; free physical = 18142 ; free virtual = 44936
INFO: [Project 1-571] Translating synthesized netlist
Netlist sorting complete. Time (s): cpu = 00:00:00 ; elapsed = 00:00:00 . Memory (MB): peak = 2869.207 ; gain = 0.000 ; free physical = 18138 ; free virtual = 44932
INFO: [Project 1-570] Preparing netlist for logic optimization
Parsing XDC File [<scratch>/vivado_old/capture/capture.xdc]
Finished Parsing XDC File [<scratch>/vivado_old/capture/capture.xdc]
INFO: [Opt 31-138] Pushed 0 inverter(s) to 0 load pin(s).
Netlist sorting complete. Time (s): cpu = 00:00:00 ; elapsed = 00:00:00 . Memory (MB): peak = 2869.207 ; gain = 0.000 ; free physical = 18211 ; free virtual = 45009
INFO: [Project 1-111] Unisim Transformation Summary:
No Unisim elements were transformed.

Synth Design complete | Checksum: c2c64384
INFO: [Common 17-83] Releasing license: Vivado_Synthesis
17 Infos, 1 Warnings, 0 Critical Warnings and 0 Errors encountered.
synth_design completed successfully
synth_design: Time (s): cpu = 00:00:25 ; elapsed = 00:00:24 . Memory (MB): peak = 2869.234 ; gain = 1184.105 ; free physical = 18286 ; free virtual = 45084
INFO: [Common 17-2834] synth_design peak Physical Memory [PSS] (MB): overall = 2370.779; main = 2370.779; forked = 406.755
INFO: [Common 17-2834] synth_design peak Virtual Memory [VSS] (MB): overall = 3588.727; main = 2869.203; forked = 1032.355
Command: opt_design
Attempting to get a license for feature 'Vivado_Implementation' and/or device 'xc7a100t'
INFO: [Common 17-349] Got license for feature 'Vivado_Implementation' and/or device 'xc7a100t'
Running DRC as a precondition to command opt_design

Starting DRC Task
INFO: [DRC 23-27] Running DRC with 4 threads
INFO: [Project 1-461] DRC finished with 0 Errors
INFO: [Project 1-462] Please refer to the DRC report (report_drc) for more information.

Time (s): cpu = 00:00:00.37 ; elapsed = 00:00:00.34 . Memory (MB): peak = 2869.234 ; gain = 0.000 ; free physical = 18293 ; free virtual = 45091

Starting Cache Timing Information Task
INFO: [Timing 38-35] Done setting XDC timing constraints.
Ending Cache Timing Information Task | Checksum: 2ff417e47

Time (s): cpu = 00:00:04 ; elapsed = 00:00:04 . Memory (MB): peak = 2869.234 ; gain = 0.000 ; free physical = 17878 ; free virtual = 44680

Starting Logic Optimization Task

Phase 1 Initialization

Phase 1.1 Core Generation And Design Setup
Phase 1.1 Core Generation And Design Setup | Checksum: 2ff417e47

Time (s): cpu = 00:00:00 ; elapsed = 00:00:00 . Memory (MB): peak = 2957.199 ; gain = 0.000 ; free physical = 18377 ; free virtual = 45182

Phase 1.2 Setup Constraints And Sort Netlist
Phase 1.2 Setup Constraints And Sort Netlist | Checksum: 2ff417e47

Time (s): cpu = 00:00:00 ; elapsed = 00:00:00 . Memory (MB): peak = 2957.199 ; gain = 0.000 ; free physical = 18378 ; free virtual = 45184
Phase 1 Initialization | Checksum: 2ff417e47

Time (s): cpu = 00:00:00 ; elapsed = 00:00:00 . Memory (MB): peak = 2957.199 ; gain = 0.000 ; free physical = 18378 ; free virtual = 45184

Phase 2 Timer Update And Timing Data Collection

Phase 2.1 Detect if minReqCache needed
Phase 2.1 Detect if minReqCache needed | Checksum: 2ff417e47

Time (s): cpu = 00:00:00 ; elapsed = 00:00:00 . Memory (MB): peak = 2957.199 ; gain = 0.000 ; free physical = 18378 ; free virtual = 45184

Phase 2.2 Timer Update
Phase 2.2 Timer Update | Checksum: 2ff417e47

Time (s): cpu = 00:00:00.01 ; elapsed = 00:00:00.01 . Memory (MB): peak = 2957.199 ; gain = 0.000 ; free physical = 18378 ; free virtual = 45184

Phase 2.3 Timing Data Collection
Phase 2.3 Timing Data Collection | Checksum: 2ff417e47

Time (s): cpu = 00:00:00.01 ; elapsed = 00:00:00.01 . Memory (MB): peak = 2957.199 ; gain = 0.000 ; free physical = 18378 ; free virtual = 45184
Phase 2 Timer Update And Timing Data Collection | Checksum: 2ff417e47

Time (s): cpu = 00:00:00.01 ; elapsed = 00:00:00.01 . Memory (MB): peak = 2957.199 ; gain = 0.000 ; free physical = 18378 ; free virtual = 45184

Phase 3 Retarget
INFO: [Opt 31-1851] Number of loadless carry chains removed were: 0
INFO: [Opt 31-1834] Total Chains To Be Transformed Were: 0 AND Number of Transformed insts Created are: 0
INFO: [Opt 31-138] Pushed 0 inverter(s) to 0 load pin(s).
INFO: [Opt 31-49] Retargeted 0 cell(s).
Phase 3 Retarget | Checksum: 1fa1273f9

Time (s): cpu = 00:00:00.02 ; elapsed = 00:00:00.03 . Memory (MB): peak = 2957.199 ; gain = 0.000 ; free physical = 18374 ; free virtual = 45180
Retarget | Checksum: 1fa1273f9
INFO: [Opt 31-389] Phase Retarget created 9 cells and removed 0 cells

Phase 4 Constant propagation
INFO: [Opt 31-138] Pushed 0 inverter(s) to 0 load pin(s).
Phase 4 Constant propagation | Checksum: 1fa1273f9

Time (s): cpu = 00:00:00.02 ; elapsed = 00:00:00.03 . Memory (MB): peak = 2957.199 ; gain = 0.000 ; free physical = 18374 ; free virtual = 45180
Constant propagation | Checksum: 1fa1273f9
INFO: [Opt 31-389] Phase Constant propagation created 0 cells and removed 0 cells

Phase 5 Sweep
INFO: [Constraints 18-11670] Building netlist checker database with flags, 0x8
Done building netlist checker database: Time (s): cpu = 00:00:00 ; elapsed = 00:00:00 . Memory (MB): peak = 2957.199 ; gain = 0.000 ; free physical = 18374 ; free virtual = 45180
Phase 5 Sweep | Checksum: 1fa1273f9

Time (s): cpu = 00:00:00.02 ; elapsed = 00:00:00.03 . Memory (MB): peak = 2957.199 ; gain = 0.000 ; free physical = 18370 ; free virtual = 45176
Sweep | Checksum: 1fa1273f9
INFO: [Opt 31-389] Phase Sweep created 0 cells and removed 0 cells

Phase 6 BUFG optimization
Phase 6 BUFG optimization | Checksum: 1fa1273f9

Time (s): cpu = 00:00:00.03 ; elapsed = 00:00:00.04 . Memory (MB): peak = 2989.215 ; gain = 32.016 ; free physical = 18370 ; free virtual = 45176
BUFG optimization | Checksum: 1fa1273f9
INFO: [Opt 31-662] Phase BUFG optimization created 0 cells of which 0 are BUFGs and removed 0 cells.

Phase 7 Shift Register Optimization
INFO: [Opt 31-1064] SRL Remap converted 0 SRLs to 0 registers and converted 0 registers of register chains to 0 SRLs
Phase 7 Shift Register Optimization | Checksum: 1fa1273f9

Time (s): cpu = 00:00:00.03 ; elapsed = 00:00:00.04 . Memory (MB): peak = 2989.215 ; gain = 32.016 ; free physical = 18370 ; free virtual = 45176
Shift Register Optimization | Checksum: 1fa1273f9
INFO: [Opt 31-389] Phase Shift Register Optimization created 0 cells and removed 0 cells

Phase 8 Post Processing Netlist
Phase 8 Post Processing Netlist | Checksum: 1fa1273f9

Time (s): cpu = 00:00:00.03 ; elapsed = 00:00:00.04 . Memory (MB): peak = 2989.215 ; gain = 32.016 ; free physical = 18370 ; free virtual = 45176
Post Processing Netlist | Checksum: 1fa1273f9
INFO: [Opt 31-389] Phase Post Processing Netlist created 0 cells and removed 0 cells

Phase 9 Finalization

Phase 9.1 Finalizing Design Cores and Updating Shapes
Phase 9.1 Finalizing Design Cores and Updating Shapes | Checksum: 1fa1273f9

Time (s): cpu = 00:00:00.03 ; elapsed = 00:00:00.04 . Memory (MB): peak = 2989.215 ; gain = 32.016 ; free physical = 18387 ; free virtual = 45193

Phase 9.2 Verifying Netlist Connectivity

Starting Connectivity Check Task

Time (s): cpu = 00:00:00 ; elapsed = 00:00:00.01 . Memory (MB): peak = 2989.215 ; gain = 0.000 ; free physical = 18388 ; free virtual = 45193
Phase 9.2 Verifying Netlist Connectivity | Checksum: 1fa1273f9

Time (s): cpu = 00:00:00.03 ; elapsed = 00:00:00.05 . Memory (MB): peak = 2989.215 ; gain = 32.016 ; free physical = 18388 ; free virtual = 45193
Phase 9 Finalization | Checksum: 1fa1273f9

Time (s): cpu = 00:00:00.03 ; elapsed = 00:00:00.05 . Memory (MB): peak = 2989.215 ; gain = 32.016 ; free physical = 18388 ; free virtual = 45193
Opt_design Change Summary
=========================


-------------------------------------------------------------------------------------------------------------------------
|  Phase                        |  #Cells created  |  #Cells Removed  |  #Constrained objects preventing optimizations  |
-------------------------------------------------------------------------------------------------------------------------
|  Retarget                     |               9  |               0  |                                              0  |
|  Constant propagation         |               0  |               0  |                                              0  |
|  Sweep                        |               0  |               0  |                                              0  |
|  BUFG optimization            |               0  |               0  |                                              0  |
|  Shift Register Optimization  |               0  |               0  |                                              0  |
|  Post Processing Netlist      |               0  |               0  |                                              0  |
-------------------------------------------------------------------------------------------------------------------------


Ending Logic Optimization Task | Checksum: 1fa1273f9

Time (s): cpu = 00:00:00.03 ; elapsed = 00:00:00.05 . Memory (MB): peak = 2989.215 ; gain = 32.016 ; free physical = 18388 ; free virtual = 45193

Starting Power Optimization Task
INFO: [Pwropt 34-132] Skipping clock gating for clocks with a period < 2.00 ns.
Ending Power Optimization Task | Checksum: 1fa1273f9

Time (s): cpu = 00:00:00 ; elapsed = 00:00:00.01 . Memory (MB): peak = 2989.215 ; gain = 0.000 ; free physical = 18373 ; free virtual = 45178

Starting Final Cleanup Task
Ending Final Cleanup Task | Checksum: 1fa1273f9

Time (s): cpu = 00:00:00 ; elapsed = 00:00:00 . Memory (MB): peak = 2989.215 ; gain = 0.000 ; free physical = 18373 ; free virtual = 45178
Netlist sorting complete. Time (s): cpu = 00:00:00 ; elapsed = 00:00:00 . Memory (MB): peak = 2989.215 ; gain = 0.000 ; free physical = 18373 ; free virtual = 45178
INFO: [Common 17-83] Releasing license: Vivado_Implementation
39 Infos, 1 Warnings, 0 Critical Warnings and 0 Errors encountered.
opt_design completed successfully
opt_design: Time (s): cpu = 00:00:07 ; elapsed = 00:00:07 . Memory (MB): peak = 2989.215 ; gain = 119.980 ; free physical = 18373 ; free virtual = 45178
Command: place_design
Attempting to get a license for feature 'Vivado_Implementation' and/or device 'xc7a100t'
INFO: [Common 17-349] Got license for feature 'Vivado_Implementation' and/or device 'xc7a100t'
INFO: [Common 17-83] Releasing license: Vivado_Implementation
INFO: [Timing 38-35] Done setting XDC timing constraints.
Running DRC as a precondition to command place_design
INFO: [DRC 23-27] Running DRC with 4 threads
INFO: [Vivado_Tcl 4-198] DRC finished with 0 Errors
INFO: [Vivado_Tcl 4-199] Please refer to the DRC report (report_drc) for more information.
INFO: [Place 30-611] Multithreading enabled for place_design using a maximum of 4 CPUs

Starting Placer Task

Phase 1 Placer Initialization

Phase 1.1 Placer Initialization Netlist Sorting
Netlist sorting complete. Time (s): cpu = 00:00:00 ; elapsed = 00:00:00 . Memory (MB): peak = 2989.215 ; gain = 0.000 ; free physical = 18313 ; free virtual = 45118
Phase 1.1 Placer Initialization Netlist Sorting | Checksum: 10a6c49d2

Time (s): cpu = 00:00:00 ; elapsed = 00:00:00.01 . Memory (MB): peak = 2989.215 ; gain = 0.000 ; free physical = 18313 ; free virtual = 45118
Netlist sorting complete. Time (s): cpu = 00:00:00 ; elapsed = 00:00:00 . Memory (MB): peak = 2989.215 ; gain = 0.000 ; free physical = 18313 ; free virtual = 45118

Phase 1.2 IO Placement/ Clock Placement/ Build Placer Device
Phase 1.2 IO Placement/ Clock Placement/ Build Placer Device | Checksum: 110f0320d

Time (s): cpu = 00:00:00.33 ; elapsed = 00:00:00.19 . Memory (MB): peak = 2989.215 ; gain = 0.000 ; free physical = 18068 ; free virtual = 44873

Phase 1.3 Build Placer Netlist Model
WARNING: [Place 30-2953] Timing driven mode will be turned off because no critical terminals were found.
Phase 1.3 Build Placer Netlist Model | Checksum: 14cfc0376

Time (s): cpu = 00:00:00.44 ; elapsed = 00:00:00.24 . Memory (MB): peak = 3013.227 ; gain = 24.012 ; free physical = 18062 ; free virtual = 44867

Phase 1.4 Constrain Clocks/Macros
Phase 1.4 Constrain Clocks/Macros | Checksum: 14cfc0376

Time (s): cpu = 00:00:00.45 ; elapsed = 00:00:00.24 . Memory (MB): peak = 3013.227 ; gain = 24.012 ; free physical = 18062 ; free virtual = 44867
Phase 1 Placer Initialization | Checksum: 14cfc0376

Time (s): cpu = 00:00:00.45 ; elapsed = 00:00:00.25 . Memory (MB): peak = 3013.227 ; gain = 24.012 ; free physical = 18062 ; free virtual = 44868

Phase 2 Global Placement

Phase 2.1 Floorplanning
Phase 2.1 Floorplanning | Checksum: 14cfc0376

Time (s): cpu = 00:00:00.45 ; elapsed = 00:00:00.25 . Memory (MB): peak = 3013.227 ; gain = 24.012 ; free physical = 18062 ; free virtual = 44868

Phase 2.2 Update Timing before SLR Path Opt
Phase 2.2 Update Timing before SLR Path Opt | Checksum: 14cfc0376

Time (s): cpu = 00:00:00.45 ; elapsed = 00:00:00.25 . Memory (MB): peak = 3013.227 ; gain = 24.012 ; free physical = 18058 ; free virtual = 44864

Phase 2.3 Post-Processing in Floorplanning
Phase 2.3 Post-Processing in Floorplanning | Checksum: 14cfc0376

Time (s): cpu = 00:00:00.45 ; elapsed = 00:00:00.25 . Memory (MB): peak = 3013.227 ; gain = 24.012 ; free physical = 18058 ; free virtual = 44864

Phase 2.4 Global Place Phase1
Phase 2.4 Global Place Phase1 | Checksum: 19cd7b169

Time (s): cpu = 00:00:00.66 ; elapsed = 00:00:00.35 . Memory (MB): peak = 3013.227 ; gain = 24.012 ; free physical = 18018 ; free virtual = 44824

Phase 2.5 Global Place Phase2
WARNING: [Place 46-29] Timing had been disabled during Placer and, therefore, physical synthesis in Placer will be skipped.
Phase 2.5 Global Place Phase2 | Checksum: 17863221b

Time (s): cpu = 00:00:00.76 ; elapsed = 00:00:00.4 . Memory (MB): peak = 3013.227 ; gain = 24.012 ; free physical = 18008 ; free virtual = 44817
Phase 2 Global Placement | Checksum: 17863221b

Time (s): cpu = 00:00:00.76 ; elapsed = 00:00:00.4 . Memory (MB): peak = 3013.227 ; gain = 24.012 ; free physical = 18008 ; free virtual = 44817

Phase 3 Detail Placement

Phase 3.1 Commit Multi Column Macros
Phase 3.1 Commit Multi Column Macros | Checksum: 17863221b

Time (s): cpu = 00:00:00.77 ; elapsed = 00:00:00.41 . Memory (MB): peak = 3013.227 ; gain = 24.012 ; free physical = 18008 ; free virtual = 44817

Phase 3.2 Commit Most Macros & LUTRAMs
Phase 3.2 Commit Most Macros & LUTRAMs | Checksum: 188639689

Time (s): cpu = 00:00:00.8 ; elapsed = 00:00:00.42 . Memory (MB): peak = 3013.227 ; gain = 24.012 ; free physical = 18287 ; free virtual = 45096

Phase 3.3 Area Swap Optimization
Phase 3.3 Area Swap Optimization | Checksum: 20d548163

Time (s): cpu = 00:00:00.81 ; elapsed = 00:00:00.42 . Memory (MB): peak = 3013.227 ; gain = 24.012 ; free physical = 18290 ; free virtual = 45100

Phase 3.4 Pipeline Register Optimization
Phase 3.4 Pipeline Register Optimization | Checksum: 20d548163

Time (s): cpu = 00:00:00.82 ; elapsed = 00:00:00.42 . Memory (MB): peak = 3013.227 ; gain = 24.012 ; free physical = 18290 ; free virtual = 45099

Phase 3.5 Small Shape Detail Placement
Phase 3.5 Small Shape Detail Placement | Checksum: 184cb8d5b

Time (s): cpu = 00:00:00.99 ; elapsed = 00:00:00.51 . Memory (MB): peak = 3014.230 ; gain = 25.016 ; free physical = 18268 ; free virtual = 45075

Phase 3.6 Re-assign LUT pins
Phase 3.6 Re-assign LUT pins | Checksum: 184cb8d5b

Time (s): cpu = 00:00:01 ; elapsed = 00:00:00.51 . Memory (MB): peak = 3014.230 ; gain = 25.016 ; free physical = 18268 ; free virtual = 45075

Phase 3.7 Pipeline Register Optimization
Phase 3.7 Pipeline Register Optimization | Checksum: 184cb8d5b

Time (s): cpu = 00:00:01 ; elapsed = 00:00:00.51 . Memory (MB): peak = 3014.230 ; gain = 25.016 ; free physical = 18268 ; free virtual = 45075
Phase 3 Detail Placement | Checksum: 184cb8d5b

Time (s): cpu = 00:00:01 ; elapsed = 00:00:00.51 . Memory (MB): peak = 3014.230 ; gain = 25.016 ; free physical = 18268 ; free virtual = 45075

Phase 4 Post Placement Optimization and Clean-Up

Phase 4.1 Post Commit Optimization
Phase 4.1 Post Commit Optimization | Checksum: 184cb8d5b

Time (s): cpu = 00:00:01 ; elapsed = 00:00:00.53 . Memory (MB): peak = 3014.230 ; gain = 25.016 ; free physical = 18264 ; free virtual = 45071

Phase 4.2 Post Placement Cleanup
Phase 4.2 Post Placement Cleanup | Checksum: 184cb8d5b

Time (s): cpu = 00:00:01 ; elapsed = 00:00:00.54 . Memory (MB): peak = 3014.230 ; gain = 25.016 ; free physical = 18264 ; free virtual = 45071

Phase 4.3 Placer Reporting

Phase 4.3.1 Print Estimated Congestion
INFO: [Place 30-612] Post-Placement Estimated Congestion 
 ____________________________________________________
|           | Global Congestion | Short Congestion  |
| Direction | Region Size       | Region Size       |
|___________|___________________|___________________|
|      North|                1x1|                1x1|
|___________|___________________|___________________|
|      South|                1x1|                1x1|
|___________|___________________|___________________|
|       East|                1x1|                1x1|
|___________|___________________|___________________|
|       West|                1x1|                1x1|
|___________|___________________|___________________|

Phase 4.3.1 Print Estimated Congestion | Checksum: 184cb8d5b

Time (s): cpu = 00:00:01 ; elapsed = 00:00:00.54 . Memory (MB): peak = 3014.230 ; gain = 25.016 ; free physical = 18264 ; free virtual = 45071
Phase 4.3 Placer Reporting | Checksum: 184cb8d5b

Time (s): cpu = 00:00:01 ; elapsed = 00:00:00.54 . Memory (MB): peak = 3014.230 ; gain = 25.016 ; free physical = 18263 ; free virtual = 45070

Phase 4.4 Final Placement Cleanup
Netlist sorting complete. Time (s): cpu = 00:00:00 ; elapsed = 00:00:00 . Memory (MB): peak = 3014.230 ; gain = 0.000 ; free physical = 18263 ; free virtual = 45070

Time (s): cpu = 00:00:01 ; elapsed = 00:00:00.54 . Memory (MB): peak = 3014.230 ; gain = 25.016 ; free physical = 18263 ; free virtual = 45070
Phase 4 Post Placement Optimization and Clean-Up | Checksum: 184cb8d5b

Time (s): cpu = 00:00:01 ; elapsed = 00:00:00.54 . Memory (MB): peak = 3014.230 ; gain = 25.016 ; free physical = 18263 ; free virtual = 45070
Ending Placer Task | Checksum: f8e7bb4c

Time (s): cpu = 00:00:01 ; elapsed = 00:00:00.54 . Memory (MB): peak = 3014.230 ; gain = 25.016 ; free physical = 18259 ; free virtual = 45066
47 Infos, 3 Warnings, 0 Critical Warnings and 0 Errors encountered.
place_design completed successfully
IOB-PACK PASS  pads_rx_data[0]: IN, source_payload_data_reg[0] (FDRE @ ILOGIC_X0Y120)
IOB-PACK PASS  pads_rx_data[1]: IN, source_payload_data_reg[1] (FDRE @ ILOGIC_X0Y137)
IOB-PACK PASS  pads_rx_data[2]: IN, source_payload_data_reg[2] (FDRE @ ILOGIC_X0Y138)
IOB-PACK PASS  pads_rx_data[3]: IN, source_payload_data_reg[3] (FDRE @ ILOGIC_X0Y130)
IOB-PACK PASS  pads_rx_data[4]: IN, source_payload_data_reg[4] (FDRE @ ILOGIC_X0Y129)
IOB-PACK PASS  pads_rx_data[5]: IN, source_payload_data_reg[5] (FDRE @ ILOGIC_X0Y114)
IOB-PACK PASS  pads_rx_data[6]: IN, source_payload_data_reg[6] (FDRE @ ILOGIC_X0Y113)
IOB-PACK PASS  pads_rx_data[7]: IN, source_payload_data_reg[7] (FDRE @ ILOGIC_X0Y115)
IOB-PACK PASS  pads_rx_dv: IN, source_valid_reg (FDRE @ ILOGIC_X0Y119); also read by 1 fabric cell(s)
IOB-PACK OK: 9 port(s) constrained IOB TRUE checked, none unpacked (capture_iob_pack.rpt)
Command: synth_design -top gmii_capture -part xc7a100t-fgg484-2 -control_set_opt_threshold 100
INFO: [Vivado_Tcl 97-129] Option control_set_opt_threshold used for synth_design is: 100
Starting synth_design
Attempting to get a license for feature 'Vivado_Synthesis' and/or device 'xc7a100t'
INFO: [Common 17-349] Got license for feature 'Vivado_Synthesis' and/or device 'xc7a100t'
INFO: [Designutils 20-5008] Incremental synthesis strategy default
INFO: [Synth 8-7079] Multithreading enabled for synth_design using a maximum of 4 processes.
---------------------------------------------------------------------------------
Starting RTL Elaboration : Time (s): cpu = 00:00:03 ; elapsed = 00:00:04 . Memory (MB): peak = 3014.266 ; gain = 0.000 ; free physical = 17868 ; free virtual = 44674
---------------------------------------------------------------------------------
INFO: [Synth 8-6157] synthesizing module 'gmii_capture' [<scratch>/vivado_old/reset_before_d.v:2]
INFO: [Synth 8-6157] synthesizing module 'LUT2' [<impl-tool-root>/Vivado/scripts/rt/data/unisim_comp.v:95257]
	Parameter INIT bound to: 4'b0010 
INFO: [Synth 8-6155] done synthesizing module 'LUT2' (0#1) [<impl-tool-root>/Vivado/scripts/rt/data/unisim_comp.v:95257]
INFO: [Synth 8-6155] done synthesizing module 'gmii_capture' (0#1) [<scratch>/vivado_old/reset_before_d.v:2]
WARNING: [Synth 8-6014] Unused sequential element dv_d_reg was removed.  [<scratch>/vivado_old/reset_before_d.v:23]
---------------------------------------------------------------------------------
Finished RTL Elaboration : Time (s): cpu = 00:00:05 ; elapsed = 00:00:05 . Memory (MB): peak = 3014.266 ; gain = 0.000 ; free physical = 17899 ; free virtual = 44708
---------------------------------------------------------------------------------
---------------------------------------------------------------------------------
Start Handling Custom Attributes
---------------------------------------------------------------------------------
---------------------------------------------------------------------------------
Finished Handling Custom Attributes : Time (s): cpu = 00:00:05 ; elapsed = 00:00:05 . Memory (MB): peak = 3014.266 ; gain = 0.000 ; free physical = 17891 ; free virtual = 44700
---------------------------------------------------------------------------------
---------------------------------------------------------------------------------
Finished RTL Optimization Phase 1 : Time (s): cpu = 00:00:05 ; elapsed = 00:00:05 . Memory (MB): peak = 3014.266 ; gain = 0.000 ; free physical = 17891 ; free virtual = 44700
---------------------------------------------------------------------------------
Netlist sorting complete. Time (s): cpu = 00:00:00 ; elapsed = 00:00:00 . Memory (MB): peak = 3014.266 ; gain = 0.000 ; free physical = 17891 ; free virtual = 44700
INFO: [Project 1-570] Preparing netlist for logic optimization

Processing XDC Constraints
Initializing timing engine
Parsing XDC File [<scratch>/vivado_old/reset_before_d/capture.xdc]
Finished Parsing XDC File [<scratch>/vivado_old/reset_before_d/capture.xdc]
INFO: [Project 1-236] Implementation specific constraints were found while reading constraint file [<scratch>/vivado_old/reset_before_d/capture.xdc]. These constraints will be ignored for synthesis but will be used in implementation. Impacted constraints are listed in the file [.Xil/gmii_capture_propImpl.xdc].
Resolution: To avoid this warning, move constraints listed in [.Xil/gmii_capture_propImpl.xdc] to another XDC file and exclude this new file from synthesis with the used_in_synthesis property (File Properties dialog in GUI) and re-run elaboration/synthesis.
Completed Processing XDC Constraints

Netlist sorting complete. Time (s): cpu = 00:00:00 ; elapsed = 00:00:00 . Memory (MB): peak = 3014.266 ; gain = 0.000 ; free physical = 17688 ; free virtual = 44497
INFO: [Project 1-111] Unisim Transformation Summary:
No Unisim elements were transformed.

Constraint Validation Runtime : Time (s): cpu = 00:00:00 ; elapsed = 00:00:00 . Memory (MB): peak = 3014.266 ; gain = 0.000 ; free physical = 18399 ; free virtual = 45208
---------------------------------------------------------------------------------
Finished Constraint Validation : Time (s): cpu = 00:00:10 ; elapsed = 00:00:10 . Memory (MB): peak = 3014.266 ; gain = 0.000 ; free physical = 17911 ; free virtual = 44723
---------------------------------------------------------------------------------
---------------------------------------------------------------------------------
Start Loading Part and Timing Information
---------------------------------------------------------------------------------
Loading part: xc7a100tfgg484-2
---------------------------------------------------------------------------------
Finished Loading Part and Timing Information : Time (s): cpu = 00:00:10 ; elapsed = 00:00:10 . Memory (MB): peak = 3014.266 ; gain = 0.000 ; free physical = 17907 ; free virtual = 44719
---------------------------------------------------------------------------------
---------------------------------------------------------------------------------
Start Applying 'set_property' XDC Constraints
---------------------------------------------------------------------------------
---------------------------------------------------------------------------------
Finished applying 'set_property' XDC Constraints : Time (s): cpu = 00:00:10 ; elapsed = 00:00:10 . Memory (MB): peak = 3014.266 ; gain = 0.000 ; free physical = 17902 ; free virtual = 44715
---------------------------------------------------------------------------------
---------------------------------------------------------------------------------
Finished RTL Optimization Phase 2 : Time (s): cpu = 00:00:10 ; elapsed = 00:00:11 . Memory (MB): peak = 3014.266 ; gain = 0.000 ; free physical = 17843 ; free virtual = 44656
---------------------------------------------------------------------------------
---------------------------------------------------------------------------------
Start RTL Component Statistics 
---------------------------------------------------------------------------------
Detailed RTL Component Info : 
+---Registers : 
	                8 Bit    Registers := 1     
	                1 Bit    Registers := 1     
---------------------------------------------------------------------------------
Finished RTL Component Statistics 
---------------------------------------------------------------------------------
---------------------------------------------------------------------------------
Start Part Resource Summary
---------------------------------------------------------------------------------
Part Resources:
DSPs: 240 (col length:80)
BRAMs: 270 (col length: RAMB18 80 RAMB36 40)
---------------------------------------------------------------------------------
Finished Part Resource Summary
---------------------------------------------------------------------------------
---------------------------------------------------------------------------------
Start Cross Boundary and Area Optimization
---------------------------------------------------------------------------------
---------------------------------------------------------------------------------
Finished Cross Boundary and Area Optimization : Time (s): cpu = 00:00:11 ; elapsed = 00:00:12 . Memory (MB): peak = 3014.266 ; gain = 0.000 ; free physical = 17940 ; free virtual = 44762
---------------------------------------------------------------------------------
---------------------------------------------------------------------------------
Start Applying XDC Timing Constraints
---------------------------------------------------------------------------------
---------------------------------------------------------------------------------
Finished Applying XDC Timing Constraints : Time (s): cpu = 00:00:15 ; elapsed = 00:00:16 . Memory (MB): peak = 3014.266 ; gain = 0.000 ; free physical = 17628 ; free virtual = 44450
---------------------------------------------------------------------------------
---------------------------------------------------------------------------------
Start Timing Optimization
---------------------------------------------------------------------------------
---------------------------------------------------------------------------------
Finished Timing Optimization : Time (s): cpu = 00:00:15 ; elapsed = 00:00:16 . Memory (MB): peak = 3014.266 ; gain = 0.000 ; free physical = 17628 ; free virtual = 44450
---------------------------------------------------------------------------------
---------------------------------------------------------------------------------
Start Technology Mapping
---------------------------------------------------------------------------------
---------------------------------------------------------------------------------
Finished Technology Mapping : Time (s): cpu = 00:00:15 ; elapsed = 00:00:16 . Memory (MB): peak = 3014.266 ; gain = 0.000 ; free physical = 17622 ; free virtual = 44444
---------------------------------------------------------------------------------
---------------------------------------------------------------------------------
Start IO Insertion
---------------------------------------------------------------------------------
---------------------------------------------------------------------------------
Start Flattening Before IO Insertion
---------------------------------------------------------------------------------
---------------------------------------------------------------------------------
Finished Flattening Before IO Insertion
---------------------------------------------------------------------------------
---------------------------------------------------------------------------------
Start Final Netlist Cleanup
---------------------------------------------------------------------------------
---------------------------------------------------------------------------------
Finished Final Netlist Cleanup
---------------------------------------------------------------------------------
---------------------------------------------------------------------------------
Finished IO Insertion : Time (s): cpu = 00:00:19 ; elapsed = 00:00:19 . Memory (MB): peak = 3014.266 ; gain = 0.000 ; free physical = 18169 ; free virtual = 44996
---------------------------------------------------------------------------------
---------------------------------------------------------------------------------
Start Renaming Generated Instances
---------------------------------------------------------------------------------
---------------------------------------------------------------------------------
Finished Renaming Generated Instances : Time (s): cpu = 00:00:19 ; elapsed = 00:00:19 . Memory (MB): peak = 3014.266 ; gain = 0.000 ; free physical = 18169 ; free virtual = 44996
---------------------------------------------------------------------------------
---------------------------------------------------------------------------------
Start Rebuilding User Hierarchy
---------------------------------------------------------------------------------
---------------------------------------------------------------------------------
Finished Rebuilding User Hierarchy : Time (s): cpu = 00:00:19 ; elapsed = 00:00:19 . Memory (MB): peak = 3014.266 ; gain = 0.000 ; free physical = 18191 ; free virtual = 45018
---------------------------------------------------------------------------------
---------------------------------------------------------------------------------
Start Renaming Generated Ports
---------------------------------------------------------------------------------
---------------------------------------------------------------------------------
Finished Renaming Generated Ports : Time (s): cpu = 00:00:19 ; elapsed = 00:00:19 . Memory (MB): peak = 3014.266 ; gain = 0.000 ; free physical = 18191 ; free virtual = 45018
---------------------------------------------------------------------------------
---------------------------------------------------------------------------------
Start Handling Custom Attributes
---------------------------------------------------------------------------------
---------------------------------------------------------------------------------
Finished Handling Custom Attributes : Time (s): cpu = 00:00:19 ; elapsed = 00:00:19 . Memory (MB): peak = 3014.266 ; gain = 0.000 ; free physical = 18190 ; free virtual = 45017
---------------------------------------------------------------------------------
---------------------------------------------------------------------------------
Start Renaming Generated Nets
---------------------------------------------------------------------------------
---------------------------------------------------------------------------------
Finished Renaming Generated Nets : Time (s): cpu = 00:00:19 ; elapsed = 00:00:19 . Memory (MB): peak = 3014.266 ; gain = 0.000 ; free physical = 18190 ; free virtual = 45017
---------------------------------------------------------------------------------
---------------------------------------------------------------------------------
Start Writing Synthesis Report
---------------------------------------------------------------------------------

Report BlackBoxes: 
+-+--------------+----------+
| |BlackBox name |Instances |
+-+--------------+----------+
+-+--------------+----------+

Report Cell Usage: 
+------+-----+------+
|      |Cell |Count |
+------+-----+------+
|1     |BUFG |     1|
|2     |LUT2 |    11|
|3     |FDRE |     9|
|4     |IBUF |    11|
|5     |OBUF |    10|
+------+-----+------+
---------------------------------------------------------------------------------
Finished Writing Synthesis Report : Time (s): cpu = 00:00:19 ; elapsed = 00:00:19 . Memory (MB): peak = 3014.266 ; gain = 0.000 ; free physical = 18190 ; free virtual = 45017
---------------------------------------------------------------------------------
Synthesis finished with 0 errors, 0 critical warnings and 0 warnings.
Synthesis Optimization Runtime : Time (s): cpu = 00:00:17 ; elapsed = 00:00:18 . Memory (MB): peak = 3014.266 ; gain = 0.000 ; free physical = 18202 ; free virtual = 45029
Synthesis Optimization Complete : Time (s): cpu = 00:00:19 ; elapsed = 00:00:19 . Memory (MB): peak = 3014.266 ; gain = 0.000 ; free physical = 18202 ; free virtual = 45029
INFO: [Project 1-571] Translating synthesized netlist
Netlist sorting complete. Time (s): cpu = 00:00:00 ; elapsed = 00:00:00 . Memory (MB): peak = 3014.266 ; gain = 0.000 ; free physical = 18212 ; free virtual = 45039
INFO: [Project 1-570] Preparing netlist for logic optimization
Parsing XDC File [<scratch>/vivado_old/reset_before_d/capture.xdc]
Finished Parsing XDC File [<scratch>/vivado_old/reset_before_d/capture.xdc]
INFO: [Opt 31-138] Pushed 0 inverter(s) to 0 load pin(s).
Netlist sorting complete. Time (s): cpu = 00:00:00 ; elapsed = 00:00:00 . Memory (MB): peak = 3014.266 ; gain = 0.000 ; free physical = 17920 ; free virtual = 44748
INFO: [Project 1-111] Unisim Transformation Summary:
No Unisim elements were transformed.

Synth Design complete | Checksum: 71522e3d
INFO: [Common 17-83] Releasing license: Vivado_Synthesis
16 Infos, 1 Warnings, 0 Critical Warnings and 0 Errors encountered.
synth_design completed successfully
synth_design: Time (s): cpu = 00:00:23 ; elapsed = 00:00:22 . Memory (MB): peak = 3014.266 ; gain = 0.035 ; free physical = 17900 ; free virtual = 44728
INFO: [Common 17-2834] synth_design peak Physical Memory [PSS] (MB): overall = 2636.941; main = 2482.502; forked = 406.782
INFO: [Common 17-2834] synth_design peak Virtual Memory [VSS] (MB): overall = 4046.590; main = 3014.234; forked = 1032.355
Command: opt_design
Attempting to get a license for feature 'Vivado_Implementation' and/or device 'xc7a100t'
INFO: [Common 17-349] Got license for feature 'Vivado_Implementation' and/or device 'xc7a100t'
Running DRC as a precondition to command opt_design

Starting DRC Task
INFO: [DRC 23-27] Running DRC with 4 threads
INFO: [Project 1-461] DRC finished with 0 Errors
INFO: [Project 1-462] Please refer to the DRC report (report_drc) for more information.

Time (s): cpu = 00:00:00.19 ; elapsed = 00:00:00.14 . Memory (MB): peak = 3014.266 ; gain = 0.000 ; free physical = 17894 ; free virtual = 44721

Starting Cache Timing Information Task
INFO: [Timing 38-35] Done setting XDC timing constraints.
Ending Cache Timing Information Task | Checksum: 26deb7198

Time (s): cpu = 00:00:04 ; elapsed = 00:00:04 . Memory (MB): peak = 3030.230 ; gain = 15.965 ; free physical = 17719 ; free virtual = 44569

Starting Logic Optimization Task

Phase 1 Initialization

Phase 1.1 Core Generation And Design Setup
Phase 1.1 Core Generation And Design Setup | Checksum: 26deb7198

Time (s): cpu = 00:00:00 ; elapsed = 00:00:00 . Memory (MB): peak = 3089.207 ; gain = 0.000 ; free physical = 18687 ; free virtual = 45542

Phase 1.2 Setup Constraints And Sort Netlist
Phase 1.2 Setup Constraints And Sort Netlist | Checksum: 26deb7198

Time (s): cpu = 00:00:00 ; elapsed = 00:00:00.01 . Memory (MB): peak = 3089.207 ; gain = 0.000 ; free physical = 18689 ; free virtual = 45544
Phase 1 Initialization | Checksum: 26deb7198

Time (s): cpu = 00:00:00 ; elapsed = 00:00:00.01 . Memory (MB): peak = 3089.207 ; gain = 0.000 ; free physical = 18689 ; free virtual = 45544

Phase 2 Timer Update And Timing Data Collection

Phase 2.1 Detect if minReqCache needed
Phase 2.1 Detect if minReqCache needed | Checksum: 26deb7198

Time (s): cpu = 00:00:00 ; elapsed = 00:00:00.01 . Memory (MB): peak = 3089.207 ; gain = 0.000 ; free physical = 18685 ; free virtual = 45540

Phase 2.2 Timer Update
Phase 2.2 Timer Update | Checksum: 26deb7198

Time (s): cpu = 00:00:00 ; elapsed = 00:00:00.01 . Memory (MB): peak = 3089.207 ; gain = 0.000 ; free physical = 18685 ; free virtual = 45539

Phase 2.3 Timing Data Collection
Phase 2.3 Timing Data Collection | Checksum: 26deb7198

Time (s): cpu = 00:00:00 ; elapsed = 00:00:00.02 . Memory (MB): peak = 3089.207 ; gain = 0.000 ; free physical = 18685 ; free virtual = 45539
Phase 2 Timer Update And Timing Data Collection | Checksum: 26deb7198

Time (s): cpu = 00:00:00 ; elapsed = 00:00:00.02 . Memory (MB): peak = 3089.207 ; gain = 0.000 ; free physical = 18685 ; free virtual = 45539

Phase 3 Retarget
INFO: [Opt 31-1851] Number of loadless carry chains removed were: 0
INFO: [Opt 31-1834] Total Chains To Be Transformed Were: 0 AND Number of Transformed insts Created are: 0
INFO: [Opt 31-138] Pushed 0 inverter(s) to 0 load pin(s).
INFO: [Opt 31-49] Retargeted 0 cell(s).
Phase 3 Retarget | Checksum: 26deb7198

Time (s): cpu = 00:00:00.01 ; elapsed = 00:00:00.03 . Memory (MB): peak = 3089.207 ; gain = 0.000 ; free physical = 18676 ; free virtual = 45531
Retarget | Checksum: 26deb7198
INFO: [Opt 31-389] Phase Retarget created 0 cells and removed 0 cells
INFO: [Opt 31-1021] In phase Retarget, 9 netlist objects are constrained preventing optimization. Please run opt_design with -debug_log to get more detail. 

Phase 4 Constant propagation
INFO: [Opt 31-138] Pushed 0 inverter(s) to 0 load pin(s).
Phase 4 Constant propagation | Checksum: 26deb7198

Time (s): cpu = 00:00:00.01 ; elapsed = 00:00:00.03 . Memory (MB): peak = 3089.207 ; gain = 0.000 ; free physical = 18676 ; free virtual = 45531
Constant propagation | Checksum: 26deb7198
INFO: [Opt 31-389] Phase Constant propagation created 0 cells and removed 0 cells

Phase 5 Sweep
INFO: [Constraints 18-11670] Building netlist checker database with flags, 0x8
Done building netlist checker database: Time (s): cpu = 00:00:00 ; elapsed = 00:00:00 . Memory (MB): peak = 3089.207 ; gain = 0.000 ; free physical = 18676 ; free virtual = 45531
Phase 5 Sweep | Checksum: 2b398d019

Time (s): cpu = 00:00:00.01 ; elapsed = 00:00:00.03 . Memory (MB): peak = 3089.207 ; gain = 0.000 ; free physical = 18676 ; free virtual = 45531
Sweep | Checksum: 2b398d019
INFO: [Opt 31-389] Phase Sweep created 1 cells and removed 0 cells
INFO: [Opt 31-1021] In phase Sweep, 9 netlist objects are constrained preventing optimization. Please run opt_design with -debug_log to get more detail. 

Phase 6 BUFG optimization
Phase 6 BUFG optimization | Checksum: 2b398d019

Time (s): cpu = 00:00:00.01 ; elapsed = 00:00:00.04 . Memory (MB): peak = 3097.211 ; gain = 8.004 ; free physical = 18676 ; free virtual = 45531
BUFG optimization | Checksum: 2b398d019
INFO: [Opt 31-662] Phase BUFG optimization created 0 cells of which 0 are BUFGs and removed 0 cells.

Phase 7 Shift Register Optimization
INFO: [Opt 31-1064] SRL Remap converted 0 SRLs to 0 registers and converted 0 registers of register chains to 0 SRLs
Phase 7 Shift Register Optimization | Checksum: 2b398d019

Time (s): cpu = 00:00:00.01 ; elapsed = 00:00:00.04 . Memory (MB): peak = 3097.211 ; gain = 8.004 ; free physical = 18676 ; free virtual = 45531
Shift Register Optimization | Checksum: 2b398d019
INFO: [Opt 31-389] Phase Shift Register Optimization created 0 cells and removed 0 cells

Phase 8 Post Processing Netlist
Phase 8 Post Processing Netlist | Checksum: 2b398d019

Time (s): cpu = 00:00:00.01 ; elapsed = 00:00:00.04 . Memory (MB): peak = 3097.211 ; gain = 8.004 ; free physical = 18676 ; free virtual = 45531
Post Processing Netlist | Checksum: 2b398d019
INFO: [Opt 31-389] Phase Post Processing Netlist created 0 cells and removed 0 cells

Phase 9 Finalization

Phase 9.1 Finalizing Design Cores and Updating Shapes
Phase 9.1 Finalizing Design Cores and Updating Shapes | Checksum: 262978156

Time (s): cpu = 00:00:00.02 ; elapsed = 00:00:00.05 . Memory (MB): peak = 3097.211 ; gain = 8.004 ; free physical = 18676 ; free virtual = 45531

Phase 9.2 Verifying Netlist Connectivity

Starting Connectivity Check Task

Time (s): cpu = 00:00:00 ; elapsed = 00:00:00 . Memory (MB): peak = 3097.211 ; gain = 0.000 ; free physical = 18676 ; free virtual = 45531
Phase 9.2 Verifying Netlist Connectivity | Checksum: 262978156

Time (s): cpu = 00:00:00.02 ; elapsed = 00:00:00.05 . Memory (MB): peak = 3097.211 ; gain = 8.004 ; free physical = 18676 ; free virtual = 45531
Phase 9 Finalization | Checksum: 262978156

Time (s): cpu = 00:00:00.02 ; elapsed = 00:00:00.05 . Memory (MB): peak = 3097.211 ; gain = 8.004 ; free physical = 18676 ; free virtual = 45531
Opt_design Change Summary
=========================


-------------------------------------------------------------------------------------------------------------------------
|  Phase                        |  #Cells created  |  #Cells Removed  |  #Constrained objects preventing optimizations  |
-------------------------------------------------------------------------------------------------------------------------
|  Retarget                     |               0  |               0  |                                              9  |
|  Constant propagation         |               0  |               0  |                                              0  |
|  Sweep                        |               1  |               0  |                                              9  |
|  BUFG optimization            |               0  |               0  |                                              0  |
|  Shift Register Optimization  |               0  |               0  |                                              0  |
|  Post Processing Netlist      |               0  |               0  |                                              0  |
-------------------------------------------------------------------------------------------------------------------------


Ending Logic Optimization Task | Checksum: 262978156

Time (s): cpu = 00:00:00.03 ; elapsed = 00:00:00.05 . Memory (MB): peak = 3097.211 ; gain = 8.004 ; free physical = 18676 ; free virtual = 45531

Starting Power Optimization Task
INFO: [Pwropt 34-132] Skipping clock gating for clocks with a period < 2.00 ns.
Ending Power Optimization Task | Checksum: 262978156

Time (s): cpu = 00:00:00 ; elapsed = 00:00:00 . Memory (MB): peak = 3097.211 ; gain = 0.000 ; free physical = 18658 ; free virtual = 45514

Starting Final Cleanup Task
Ending Final Cleanup Task | Checksum: 262978156

Time (s): cpu = 00:00:00 ; elapsed = 00:00:00 . Memory (MB): peak = 3097.211 ; gain = 0.000 ; free physical = 18654 ; free virtual = 45509
Netlist sorting complete. Time (s): cpu = 00:00:00 ; elapsed = 00:00:00 . Memory (MB): peak = 3097.211 ; gain = 0.000 ; free physical = 18654 ; free virtual = 45509
INFO: [Common 17-83] Releasing license: Vivado_Implementation
40 Infos, 1 Warnings, 0 Critical Warnings and 0 Errors encountered.
opt_design completed successfully
opt_design: Time (s): cpu = 00:00:06 ; elapsed = 00:00:06 . Memory (MB): peak = 3097.211 ; gain = 82.945 ; free physical = 18654 ; free virtual = 45509
Command: place_design
Attempting to get a license for feature 'Vivado_Implementation' and/or device 'xc7a100t'
INFO: [Common 17-349] Got license for feature 'Vivado_Implementation' and/or device 'xc7a100t'
INFO: [Common 17-83] Releasing license: Vivado_Implementation
INFO: [Timing 38-35] Done setting XDC timing constraints.
Running DRC as a precondition to command place_design
INFO: [DRC 23-27] Running DRC with 4 threads
INFO: [Vivado_Tcl 4-198] DRC finished with 0 Errors
INFO: [Vivado_Tcl 4-199] Please refer to the DRC report (report_drc) for more information.
INFO: [Place 30-611] Multithreading enabled for place_design using a maximum of 4 CPUs

Starting Placer Task

Phase 1 Placer Initialization

Phase 1.1 Placer Initialization Netlist Sorting
Netlist sorting complete. Time (s): cpu = 00:00:00 ; elapsed = 00:00:00 . Memory (MB): peak = 3097.211 ; gain = 0.000 ; free physical = 18621 ; free virtual = 45476
Phase 1.1 Placer Initialization Netlist Sorting | Checksum: 195b4d478

Time (s): cpu = 00:00:00.01 ; elapsed = 00:00:00 . Memory (MB): peak = 3097.211 ; gain = 0.000 ; free physical = 18621 ; free virtual = 45476
Netlist sorting complete. Time (s): cpu = 00:00:00 ; elapsed = 00:00:00 . Memory (MB): peak = 3097.211 ; gain = 0.000 ; free physical = 18621 ; free virtual = 45476

Phase 1.2 IO Placement/ Clock Placement/ Build Placer Device
CRITICAL WARNING: [Place 30-722] Terminal 'pads_rx_data[0]' has IOB constraint set to TRUE, but it is either not connected to a FLOP element or the connected FLOP element could not be brought into the I/O
CRITICAL WARNING: [Place 30-722] Terminal 'pads_rx_data[1]' has IOB constraint set to TRUE, but it is either not connected to a FLOP element or the connected FLOP element could not be brought into the I/O
CRITICAL WARNING: [Place 30-722] Terminal 'pads_rx_data[2]' has IOB constraint set to TRUE, but it is either not connected to a FLOP element or the connected FLOP element could not be brought into the I/O
CRITICAL WARNING: [Place 30-722] Terminal 'pads_rx_data[3]' has IOB constraint set to TRUE, but it is either not connected to a FLOP element or the connected FLOP element could not be brought into the I/O
CRITICAL WARNING: [Place 30-722] Terminal 'pads_rx_data[4]' has IOB constraint set to TRUE, but it is either not connected to a FLOP element or the connected FLOP element could not be brought into the I/O
CRITICAL WARNING: [Place 30-722] Terminal 'pads_rx_data[5]' has IOB constraint set to TRUE, but it is either not connected to a FLOP element or the connected FLOP element could not be brought into the I/O
CRITICAL WARNING: [Place 30-722] Terminal 'pads_rx_data[6]' has IOB constraint set to TRUE, but it is either not connected to a FLOP element or the connected FLOP element could not be brought into the I/O
CRITICAL WARNING: [Place 30-722] Terminal 'pads_rx_data[7]' has IOB constraint set to TRUE, but it is either not connected to a FLOP element or the connected FLOP element could not be brought into the I/O
CRITICAL WARNING: [Place 30-722] Terminal 'pads_rx_dv' has IOB constraint set to TRUE, but it is either not connected to a FLOP element or the connected FLOP element could not be brought into the I/O
Phase 1.2 IO Placement/ Clock Placement/ Build Placer Device | Checksum: 15f7f9806

Time (s): cpu = 00:00:00.3 ; elapsed = 00:00:00.17 . Memory (MB): peak = 3097.211 ; gain = 0.000 ; free physical = 18621 ; free virtual = 45477

Phase 1.3 Build Placer Netlist Model
WARNING: [Place 30-2953] Timing driven mode will be turned off because no critical terminals were found.
Phase 1.3 Build Placer Netlist Model | Checksum: 23840ba1c

Time (s): cpu = 00:00:00.41 ; elapsed = 00:00:00.22 . Memory (MB): peak = 3097.211 ; gain = 0.000 ; free physical = 18599 ; free virtual = 45454

Phase 1.4 Constrain Clocks/Macros
Phase 1.4 Constrain Clocks/Macros | Checksum: 23840ba1c

Time (s): cpu = 00:00:00.42 ; elapsed = 00:00:00.22 . Memory (MB): peak = 3097.211 ; gain = 0.000 ; free physical = 18595 ; free virtual = 45450
Phase 1 Placer Initialization | Checksum: 23840ba1c

Time (s): cpu = 00:00:00.42 ; elapsed = 00:00:00.23 . Memory (MB): peak = 3097.211 ; gain = 0.000 ; free physical = 18583 ; free virtual = 45438

Phase 2 Global Placement

Phase 2.1 Floorplanning
Phase 2.1 Floorplanning | Checksum: 23840ba1c

Time (s): cpu = 00:00:00.42 ; elapsed = 00:00:00.23 . Memory (MB): peak = 3097.211 ; gain = 0.000 ; free physical = 18575 ; free virtual = 45430

Phase 2.2 Update Timing before SLR Path Opt
Phase 2.2 Update Timing before SLR Path Opt | Checksum: 23840ba1c

Time (s): cpu = 00:00:00.42 ; elapsed = 00:00:00.23 . Memory (MB): peak = 3097.211 ; gain = 0.000 ; free physical = 18575 ; free virtual = 45430

Phase 2.3 Post-Processing in Floorplanning
Phase 2.3 Post-Processing in Floorplanning | Checksum: 23840ba1c

Time (s): cpu = 00:00:00.43 ; elapsed = 00:00:00.23 . Memory (MB): peak = 3097.211 ; gain = 0.000 ; free physical = 18575 ; free virtual = 45430

Phase 2.4 Global Place Phase1
Phase 2.4 Global Place Phase1 | Checksum: 25a641814

Time (s): cpu = 00:00:00.63 ; elapsed = 00:00:00.34 . Memory (MB): peak = 3097.211 ; gain = 0.000 ; free physical = 18523 ; free virtual = 45378

Phase 2.5 Global Place Phase2
WARNING: [Place 46-29] Timing had been disabled during Placer and, therefore, physical synthesis in Placer will be skipped.
Phase 2.5 Global Place Phase2 | Checksum: 16207936f

Time (s): cpu = 00:00:00.73 ; elapsed = 00:00:00.39 . Memory (MB): peak = 3097.211 ; gain = 0.000 ; free physical = 18522 ; free virtual = 45377
Phase 2 Global Placement | Checksum: 16207936f

Time (s): cpu = 00:00:00.73 ; elapsed = 00:00:00.39 . Memory (MB): peak = 3097.211 ; gain = 0.000 ; free physical = 18522 ; free virtual = 45377

Phase 3 Detail Placement

Phase 3.1 Commit Multi Column Macros
Phase 3.1 Commit Multi Column Macros | Checksum: 16207936f

Time (s): cpu = 00:00:00.74 ; elapsed = 00:00:00.39 . Memory (MB): peak = 3097.211 ; gain = 0.000 ; free physical = 18522 ; free virtual = 45377

Phase 3.2 Commit Most Macros & LUTRAMs
Phase 3.2 Commit Most Macros & LUTRAMs | Checksum: 1be5d9c06

Time (s): cpu = 00:00:00.77 ; elapsed = 00:00:00.4 . Memory (MB): peak = 3097.211 ; gain = 0.000 ; free physical = 18520 ; free virtual = 45375

Phase 3.3 Area Swap Optimization
Phase 3.3 Area Swap Optimization | Checksum: 20e556c11

Time (s): cpu = 00:00:00.78 ; elapsed = 00:00:00.41 . Memory (MB): peak = 3097.211 ; gain = 0.000 ; free physical = 18520 ; free virtual = 45375

Phase 3.4 Pipeline Register Optimization
Phase 3.4 Pipeline Register Optimization | Checksum: 20e556c11

Time (s): cpu = 00:00:00.78 ; elapsed = 00:00:00.41 . Memory (MB): peak = 3097.211 ; gain = 0.000 ; free physical = 18520 ; free virtual = 45375

Phase 3.5 Small Shape Detail Placement
Phase 3.5 Small Shape Detail Placement | Checksum: 1b07a4f38

Time (s): cpu = 00:00:00.96 ; elapsed = 00:00:00.5 . Memory (MB): peak = 3097.211 ; gain = 0.000 ; free physical = 18548 ; free virtual = 45403

Phase 3.6 Re-assign LUT pins
Phase 3.6 Re-assign LUT pins | Checksum: 1534f51b0

Time (s): cpu = 00:00:00.97 ; elapsed = 00:00:00.5 . Memory (MB): peak = 3097.211 ; gain = 0.000 ; free physical = 18547 ; free virtual = 45402

Phase 3.7 Pipeline Register Optimization
Phase 3.7 Pipeline Register Optimization | Checksum: 1534f51b0

Time (s): cpu = 00:00:00.97 ; elapsed = 00:00:00.51 . Memory (MB): peak = 3097.211 ; gain = 0.000 ; free physical = 18549 ; free virtual = 45404
Phase 3 Detail Placement | Checksum: 1534f51b0

Time (s): cpu = 00:00:00.97 ; elapsed = 00:00:00.51 . Memory (MB): peak = 3097.211 ; gain = 0.000 ; free physical = 18547 ; free virtual = 45402

Phase 4 Post Placement Optimization and Clean-Up

Phase 4.1 Post Commit Optimization
Phase 4.1 Post Commit Optimization | Checksum: 1534f51b0

Time (s): cpu = 00:00:01 ; elapsed = 00:00:00.53 . Memory (MB): peak = 3097.211 ; gain = 0.000 ; free physical = 18543 ; free virtual = 45398

Phase 4.2 Post Placement Cleanup
Phase 4.2 Post Placement Cleanup | Checksum: 1534f51b0

Time (s): cpu = 00:00:01 ; elapsed = 00:00:00.53 . Memory (MB): peak = 3097.211 ; gain = 0.000 ; free physical = 18542 ; free virtual = 45397

Phase 4.3 Placer Reporting

Phase 4.3.1 Print Estimated Congestion
INFO: [Place 30-612] Post-Placement Estimated Congestion 
 ____________________________________________________
|           | Global Congestion | Short Congestion  |
| Direction | Region Size       | Region Size       |
|___________|___________________|___________________|
|      North|                1x1|                1x1|
|___________|___________________|___________________|
|      South|                1x1|                1x1|
|___________|___________________|___________________|
|       East|                1x1|                1x1|
|___________|___________________|___________________|
|       West|                1x1|                1x1|
|___________|___________________|___________________|

Phase 4.3.1 Print Estimated Congestion | Checksum: 1534f51b0

Time (s): cpu = 00:00:01 ; elapsed = 00:00:00.53 . Memory (MB): peak = 3097.211 ; gain = 0.000 ; free physical = 18542 ; free virtual = 45397
Phase 4.3 Placer Reporting | Checksum: 1534f51b0

Time (s): cpu = 00:00:01 ; elapsed = 00:00:00.53 . Memory (MB): peak = 3097.211 ; gain = 0.000 ; free physical = 18542 ; free virtual = 45397

Phase 4.4 Final Placement Cleanup
Netlist sorting complete. Time (s): cpu = 00:00:00 ; elapsed = 00:00:00 . Memory (MB): peak = 3097.211 ; gain = 0.000 ; free physical = 18542 ; free virtual = 45397

Time (s): cpu = 00:00:01 ; elapsed = 00:00:00.53 . Memory (MB): peak = 3097.211 ; gain = 0.000 ; free physical = 18542 ; free virtual = 45397
Phase 4 Post Placement Optimization and Clean-Up | Checksum: 18170c12c

Time (s): cpu = 00:00:01 ; elapsed = 00:00:00.54 . Memory (MB): peak = 3097.211 ; gain = 0.000 ; free physical = 18542 ; free virtual = 45397
Ending Placer Task | Checksum: 17dea4cb2

Time (s): cpu = 00:00:01 ; elapsed = 00:00:00.54 . Memory (MB): peak = 3097.211 ; gain = 0.000 ; free physical = 18542 ; free virtual = 45397
48 Infos, 3 Warnings, 9 Critical Warnings and 0 Errors encountered.
place_design completed successfully
IOB-PACK FAIL  pads_rx_data[0]: IN, no register reads the pad, only: LUT2_1 (LUT2 @ SLICE_X0Y61)
IOB-PACK FAIL  pads_rx_data[1]: IN, no register reads the pad, only: LUT2_2 (LUT2 @ SLICE_X0Y61)
IOB-PACK FAIL  pads_rx_data[2]: IN, no register reads the pad, only: LUT2_3 (LUT2 @ SLICE_X0Y61)
IOB-PACK FAIL  pads_rx_data[3]: IN, no register reads the pad, only: LUT2_4 (LUT2 @ SLICE_X0Y61)
IOB-PACK FAIL  pads_rx_data[4]: IN, no register reads the pad, only: LUT2_5 (LUT2 @ SLICE_X0Y62)
IOB-PACK FAIL  pads_rx_data[5]: IN, no register reads the pad, only: LUT2_6 (LUT2 @ SLICE_X0Y62)
IOB-PACK FAIL  pads_rx_data[6]: IN, no register reads the pad, only: LUT2_7 (LUT2 @ SLICE_X0Y62)
IOB-PACK FAIL  pads_rx_data[7]: IN, no register reads the pad, only: LUT2_8 (LUT2 @ SLICE_X1Y62)
IOB-PACK FAIL  pads_rx_dv: IN, no register reads the pad, only: LUT2 (LUT2 @ SLICE_X0Y62)
Expected refusal: IOB-PACK FAIL: 9 port(s) constrained IOB TRUE are not in an IOB register after placement, or could not be traversed: pads_rx_data[0], pads_rx_data[1], pads_rx_data[2], pads_rx_data[3], pads_rx_data[4], pads_rx_data[5], pads_rx_data[6], pads_rx_data[7], pads_rx_dv. An unpacked register is CRITICAL WARNING Place 30-722 made fatal; the other rows are this check refusing to grade what it could not see. See capture_iob_pack.rpt.
# puts "GMII capture placement: 9 PASS / 9 expected FAIL"
GMII capture placement: 9 PASS / 9 expected FAIL
INFO: [Common 17-206] Exiting Vivado at Wed Oct  7 23:17:32 2026...
rc=0
