seed 22 cycles 1000000 resets 20 mismatching_cycles 0
  ctl_ready_o              active     699690 mismatch 0
  txop_done_o              active      20198 mismatch 0
  ev_valid_o               active       2496 mismatch 0
  ev_app_o                 active          0 mismatch 0
  ev_attr_type_o           active     999996 mismatch 0
  ev_event_o               active     858838 mismatch 0
  ev_fourpack_o            active     236667 mismatch 0
  ev_value_o               active     984647 mismatch 0
  user_valid_o             active     253712 mismatch 0
  user_join_o              active     126785 mismatch 0
  user_vid_o               active     253691 mismatch 0
  arm_valid_o              active        209 mismatch 0
  arm_cancel_o             active     670109 mismatch 0
  arm_slot_o               active          0 mismatch 0
  arm_owner_o              active     830684 mismatch 0
  arm_deadline_ms_o        active     830684 mismatch 0
  evt_tk_registered_o      active       3009 mismatch 0
  evt_tk_unregistered_o    active         58 mismatch 0
  evt_tk_fail_chg_o        active         32 mismatch 0
  evt_tk_latency_chg_o     active       3067 mismatch 0
  tk_reg_state_o           active      16828 mismatch 0
  lstn_decl_state_o        active      13892 mismatch 0
  acc_latency_o            active      17150 mismatch 0
  msrp_fail_code_o         active       8491 mismatch 0
  msrp_fail_bridge_o       active       8853 mismatch 0
  dbg_app_state_o          active     100327 mismatch 0
  dbg_reg_state_o          active      16828 mismatch 0
