pass: {"exit": 0, "mode": "pass", "next_suite": true, "owner_ran": true}
fail: {"exit": 1, "mode": "fail", "next_suite": true, "owner_ran": true}
masked: {"exit": 1, "mode": "masked", "next_suite": true, "owner_ran": true}
timeout: {"exit": 92, "mode": "timeout", "next_suite": true, "owner_ran": true}
owner-refusal: {"exit": 2, "owner_refusal": true, "suite_started": false}
normal-orphan: {"exit": 0, "handshake": {"child": 2747470, "cwd": "<packet>/scratch/mut-head/no-unprepared-message--head/suite-cancellation-86pcki50/normal-orphan input [523]", "identities": {"2747435": ["20409696", "S"], "2747470": ["20409700", "S"]}, "pid": 2747435}, "normal_cleanup": true}
relative-output: {"exit": 0, "relative_output": true}
Traceback (most recent call last):
  File "<packet>/scratch/mut-head/no-unprepared-message--head/scripts/test_suite_cancellation.py", line 395, in <module>
    sys.exit(main())
             ~~~~^^
  File "<packet>/scratch/mut-head/no-unprepared-message--head/scripts/test_suite_cancellation.py", line 377, in main
    cancellation(parent, phase, signum)
    ~~~~~~~~~~~~^^^^^^^^^^^^^^^^^^^^^^^
  File "<packet>/scratch/mut-head/no-unprepared-message--head/scripts/test_suite_cancellation.py", line 190, in cancellation
    cancel_report(output, root, signum, prepared=phase != "selection")
    ~~~~~~~~~~~~~^^^^^^^^^^^^^^^^^^^^^^^^^^^^^^^^^^^^^^^^^^^^^^^^^^^^^
  File "<packet>/scratch/mut-head/no-unprepared-message--head/scripts/test_suite_cancellation.py", line 125, in cancel_report
    assert partial == [] and unprepared, output
           ^^^^^^^^^^^^^^^^^^^^^^^^^^^^
AssertionError: CANCELLED: INT; no completed sweep result
CANCELLED: signal 2; no completed sweep result

