pass: {"exit": 0, "mode": "pass", "next_suite": true, "owner_ran": true}
fail: {"exit": 1, "mode": "fail", "next_suite": true, "owner_ran": true}
masked: {"exit": 1, "mode": "masked", "next_suite": true, "owner_ran": true}
timeout: {"exit": 92, "mode": "timeout", "next_suite": true, "owner_ran": true}
owner-refusal: {"exit": 2, "owner_refusal": true, "suite_started": false}
normal-orphan: {"exit": 0, "handshake": {"child": 2748474, "cwd": "<packet>/scratch/mut-head/report-by-out-exists--head/suite-cancellation-rd334znd/normal-orphan input [523]", "identities": {"2748468": ["20409927", "S"], "2748474": ["20409930", "S"]}, "pid": 2748468}, "normal_cleanup": true}
relative-output: {"exit": 0, "relative_output": true}
Traceback (most recent call last):
  File "<packet>/scratch/mut-head/report-by-out-exists--head/scripts/test_suite_cancellation.py", line 395, in <module>
    sys.exit(main())
             ~~~~^^
  File "<packet>/scratch/mut-head/report-by-out-exists--head/scripts/test_suite_cancellation.py", line 377, in main
    cancellation(parent, phase, signum)
    ~~~~~~~~~~~~^^^^^^^^^^^^^^^^^^^^^^^
  File "<packet>/scratch/mut-head/report-by-out-exists--head/scripts/test_suite_cancellation.py", line 190, in cancellation
    cancel_report(output, root, signum, prepared=phase != "selection")
    ~~~~~~~~~~~~~^^^^^^^^^^^^^^^^^^^^^^^^^^^^^^^^^^^^^^^^^^^^^^^^^^^^^
  File "<packet>/scratch/mut-head/report-by-out-exists--head/scripts/test_suite_cancellation.py", line 125, in cancel_report
    assert partial == [] and unprepared, output
           ^^^^^^^^^^^^^^^^^^^^^^^^^^^^
AssertionError: CANCELLED: INT; no completed sweep result
partial logs: <packet>/scratch/mut-head/report-by-out-exists--head/suite-cancellation-rd334znd/cancel-selection-SIGINT input [523]/logs
CANCELLED: signal 2; no completed sweep result

