Test project $PACKET/scratch/reversals-ON/build
    Start 1: unit
1/1 Test #1: unit .............................***Failed    0.06 sec
Running "main" (60 tests)...
  "mrp_pdu_suite": 1690 passes in 13ms.
  "timer_suite": 14 passes in 2ms.
  "msrp_values_suite": 23 passes in 2ms.
  "receive_suite": 83 passes in 4ms.
  "transmit_suite": 106 passes in 4ms.
  "integration_suite": 371 passes in 10ms.
$PACKET/scratch/reversals-ON/source/tests/unit/milan_test.c:217: Failure: milan_suite -> msrp_constructor_selects_the_build_profile 
	Expected [app->ops->milan_rapid_leave] to [equal] [LWSRP_MILAN != 0]
		actual value:			[0]
		expected value:			[1]

$PACKET/scratch/reversals-ON/source/tests/unit/milan_test.c:142: Failure: milan_suite -> msrp_constructor_selects_the_build_profile 
	Expected [leaves] to [equal] [1]
		actual value:			[0]
		expected value:			[1]

$PACKET/scratch/reversals-ON/source/tests/unit/milan_test.c:102: Failure: milan_suite -> msrp_constructor_selects_the_build_profile 
	Expected [state] to [equal] [expected]
		actual value:			[1]
		expected value:			[2]

$PACKET/scratch/reversals-ON/source/tests/unit/milan_test.c:217: Failure: milan_suite -> msrp_constructor_selects_the_build_profile 
	Expected [app->ops->milan_rapid_leave] to [equal] [LWSRP_MILAN != 0]
		actual value:			[0]
		expected value:			[1]

$PACKET/scratch/reversals-ON/source/tests/unit/milan_test.c:142: Failure: milan_suite -> msrp_constructor_selects_the_build_profile 
	Expected [leaves] to [equal] [1]
		actual value:			[0]
		expected value:			[1]

$PACKET/scratch/reversals-ON/source/tests/unit/milan_test.c:102: Failure: milan_suite -> msrp_constructor_selects_the_build_profile 
	Expected [state] to [equal] [expected]
		actual value:			[1]
		expected value:			[2]

$PACKET/scratch/reversals-ON/source/tests/unit/milan_test.c:217: Failure: milan_suite -> msrp_constructor_selects_the_build_profile 
	Expected [app->ops->milan_rapid_leave] to [equal] [LWSRP_MILAN != 0]
		actual value:			[0]
		expected value:			[1]

$PACKET/scratch/reversals-ON/source/tests/unit/milan_test.c:142: Failure: milan_suite -> msrp_constructor_selects_the_build_profile 
	Expected [leaves] to [equal] [1]
		actual value:			[0]
		expected value:			[1]

$PACKET/scratch/reversals-ON/source/tests/unit/milan_test.c:102: Failure: milan_suite -> msrp_constructor_selects_the_build_profile 
	Expected [state] to [equal] [expected]
		actual value:			[1]
		expected value:			[2]

  "milan_suite": 421 passes, 9 failures in 8ms.
  "boundaries_suite": 1167 passes in 13ms.
Completed "main": 3875 passes, 9 failures in 56ms.


0% tests passed, 1 tests failed out of 1

Total Test time (real) =   0.06 sec

The following tests FAILED:
	  1 - unit (Failed)
Errors while running CTest
