Test project $PACKET/scratch/reversals-ON/build
    Start 1: unit
1/1 Test #1: unit .............................***Failed    0.07 sec
Running "main" (60 tests)...
  "mrp_pdu_suite": 1690 passes in 18ms.
  "timer_suite": 14 passes in 1ms.
  "msrp_values_suite": 23 passes in 3ms.
  "receive_suite": 83 passes in 3ms.
  "transmit_suite": 106 passes in 4ms.
  "integration_suite": 371 passes in 12ms.
$PACKET/scratch/reversals-ON/source/tests/unit/milan_test.c:102: Failure: milan_suite -> redeclare_keeps_the_ieee_deadline 
	Expected [state] to [equal] [expected]
		actual value:			[2]
		expected value:			[1]

$PACKET/scratch/reversals-ON/source/tests/unit/milan_test.c:303: Failure: milan_suite -> redeclare_keeps_the_ieee_deadline 
	Expected [leaves] to [equal] [0]
		actual value:			[1]
		expected value:			[0]

$PACKET/scratch/reversals-ON/source/tests/unit/milan_test.c:102: Failure: milan_suite -> redeclare_keeps_the_ieee_deadline 
	Expected [state] to [equal] [expected]
		actual value:			[2]
		expected value:			[1]

$PACKET/scratch/reversals-ON/source/tests/unit/milan_test.c:169: Failure: milan_suite -> redeclare_keeps_the_ieee_deadline 
	Expected [leaves] to [equal] [0]
		actual value:			[1]
		expected value:			[0]

$PACKET/scratch/reversals-ON/source/tests/unit/milan_test.c:171: Failure: milan_suite -> redeclare_keeps_the_ieee_deadline 
	Expected [leaves] to [equal] [0]
		actual value:			[1]
		expected value:			[0]

$PACKET/scratch/reversals-ON/source/tests/unit/milan_test.c:102: Failure: milan_suite -> redeclare_keeps_the_ieee_deadline 
	Expected [state] to [equal] [expected]
		actual value:			[2]
		expected value:			[1]

  "milan_suite": 424 passes, 6 failures in 8ms.
  "boundaries_suite": 1167 passes in 14ms.
Completed "main": 3878 passes, 6 failures in 63ms.


0% tests passed, 1 tests failed out of 1

Total Test time (real) =   0.07 sec

The following tests FAILED:
	  1 - unit (Failed)
Errors while running CTest
