Test project $PACKET/scratch/reversals-ON/build
    Start 1: unit
1/1 Test #1: unit .............................***Failed    0.06 sec
Running "main" (60 tests)...
  "mrp_pdu_suite": 1690 passes in 12ms.
  "timer_suite": 14 passes in 2ms.
  "msrp_values_suite": 23 passes in 1ms.
$PACKET/scratch/reversals-ON/source/tests/unit/receive_test.c:139: Failure: receive_suite -> talker_join_replaces_the_other_type_on_the_same_port 
	Expected [registered_talkers] to [equal] [1]
		actual value:			[2]
		expected value:			[1]

$PACKET/scratch/reversals-ON/source/tests/unit/receive_test.c:140: Failure: receive_suite -> talker_join_replaces_the_other_type_on_the_same_port 
	Expected [registered_type] to [equal] [1]
		actual value:			[2]
		expected value:			[1]

  "receive_suite": 81 passes, 2 failures in 3ms.
  "transmit_suite": 106 passes in 4ms.
  "integration_suite": 371 passes in 9ms.
  "milan_suite": 430 passes in 8ms.
  "boundaries_suite": 1167 passes in 13ms.
Completed "main": 3882 passes, 2 failures in 52ms.


0% tests passed, 1 tests failed out of 1

Total Test time (real) =   0.06 sec

The following tests FAILED:
	  1 - unit (Failed)
Errors while running CTest
