2026-10-04T14:56:13+02:00 lock held
2026-10-04T14:56:13+02:00 start ship
2026-10-04T14:57:53+02:00 done ship rc=0 2
2026-10-04T14:57:53+02:00 start route-map-3
2026-10-04T14:58:39+02:00 done route-map-3 rc=0
2026-10-04T14:58:39+02:00 start l2-8k
2026-10-04T15:00:28+02:00 done l2-8k rc=0 2
2026-10-04T15:00:28+02:00 start l2-16k
2026-10-04T15:02:26+02:00 done l2-16k rc=0 2
2026-10-04T15:02:26+02:00 start l2-32k
2026-10-04T15:04:12+02:00 done l2-32k rc=0 2
2026-10-04T15:04:12+02:00 start cpu2
2026-10-04T15:06:22+02:00 done cpu2 rc=0 2
2026-10-04T15:06:22+02:00 start cpu4
2026-10-04T15:08:55+02:00 done cpu4 rc=0 2
2026-10-04T15:08:55+02:00 start rv64
2026-10-04T15:11:15+02:00 done rv64 rc=0 2
2026-10-04T15:11:15+02:00 start rv64-fpu
2026-10-04T15:13:10+02:00 done rv64-fpu rc=0 2
2026-10-04T15:13:10+02:00 start isa-m
2026-10-04T15:14:48+02:00 done isa-m rc=0 2
2026-10-04T15:14:48+02:00 start isa-mf
2026-10-04T15:17:18+02:00 done isa-mf rc=0 2
2026-10-04T15:17:18+02:00 start isa-mfd
2026-10-04T15:19:35+02:00 done isa-mfd rc=0 2
2026-10-04T15:19:35+02:00 start l1-fetch
2026-10-04T15:21:29+02:00 done l1-fetch rc=0 2
2026-10-04T15:21:30+02:00 start l1-caches
2026-10-04T15:23:36+02:00 done l1-caches rc=0 2
2026-10-04T15:23:36+02:00 start l1-w2
2026-10-04T15:26:21+02:00 done l1-w2 rc=0 2
2026-10-04T15:26:21+02:00 start l1-w4
2026-10-04T15:29:06+02:00 done l1-w4 rc=0 2
2026-10-04T15:29:06+02:00 start naxriscv
2026-10-04T15:32:48+02:00 done naxriscv rc=0 2
2026-10-04T15:32:48+02:00 start naxriscv-rv64
2026-10-04T15:36:11+02:00 done naxriscv-rv64 rc=0 2
2026-10-04T15:36:11+02:00 lock released
rc=0
