ok	syn/ooc/pp_placement_selftest.py:225	'cli("check", *arguments)'
OPTION-FIRST	syn/ooc/pp_placement_selftest.py:244	'("record", "--write")'
ok	syn/ooc/pp_placement_selftest.py:269	'cli("check", *arguments)'
ok	syn/ooc/pp_placement_selftest.py:278	'cli("check", *arguments)'
ok	syn/ooc/pp_placement_selftest.py:280	'cli("check", *arguments)'
ok	syn/ooc/pp_placement_selftest.py:380	'cli("check", *arguments)'
ok	syn/ooc/pp_placement_selftest.py:301	'cli("check", *arguments)'
ok	syn/ooc/pp_placement_selftest.py:323	'cli("check", folder, "--endpoint", "route-1x1",\n                                                       "--base'
ok	syn/ooc/pp_placement_selftest.py:325	'cli("record", *arguments, "--write")'
ok	syn/ooc/pp_placement_selftest.py:255	'cli("record", *arguments)'
ok	syn/ooc/pp_placement_selftest.py:310	'cli("check", *arguments)'
ok	syn/ooc/pp_placement_selftest.py:334	'cli("check", *arguments)'
ok	syn/ooc/pp_placement_selftest.py:344	'cli("check", *arguments)'
ok	syn/ooc/pp_resource_gate.py:627	'("check", *cli("check", folder, "--endpoint", endpoint, "--baseline", work / "baseline.json"))'
ok	syn/ooc/pp_resource_gate.py:715	'("check", "record", "check-baseline")'
ok	syn/ooc/pp_resource_gate.py:627	'cli("check", folder, "--endpoint", endpoint, "--baseline", work / "baseline.json")'
ok	syn/ooc/pp_resource_gate_selftest.py:651	'cli("check", link, "--endpoint", "route", "--baseline", baseline_file(tmp, entries, None))'
ok	syn/ooc/pp_resource_gate_selftest.py:656	'cli("record", fresh(tmp / "route", "route"), "--endpoint", "copy[1]", "--baseline", path, "--write")'
ok	syn/ooc/pp_resource_gate_selftest.py:690	'cli("record", fresh(tmp / "route", "route"), "--endpoint", "copy", "--baseline", path, "--write")'
ok	syn/ooc/pp_resource_gate_selftest.py:674	'cli("check", folder, "--endpoint", kind, "--baseline", baseline_file(tmp, entries, data))'
ok	syn/ooc/pp_resource_gate_selftest.py:684	'cli("check", plant_source(tmp), "--endpoint", "route", "--baseline", path)'
ok	syn/ooc/pp_resource_gate_selftest.py:641	'cli("check", plant_source(tmp), "--endpoint", "route", "--baseline", path)'
ok	syn/ooc/pp_resource_gate_selftest.py:833	'("record", "scopes")'
ok	syn/resmap/yosys_sweep.py:404	'plan["tops"][top].get("record", top)'
sites 24 option-first 1
