Note: Google Test filter = SrpFeedback.DiscoveredWithdrawalMeasuresTheFundedPath
[==========] Running 1 test from 1 test suite.
[----------] Global test environment set-up.
[----------] 1 test from SrpFeedback
[ RUN      ] SrpFeedback.DiscoveredWithdrawalMeasuresTheFundedPath
feedback: IF=2 initial=0 sinks=2 accesses=7 allowance=0
$REVIEWS/r533-11-665f4/sw/firmware/ctrl/test/srp_feedback.hpp:187: Failure
Expected: (cost) <= (2u*((8u)/16u)), actual: 7 vs 0
measured feedback per sink allowance

  [FAIL] SrpFeedback.DiscoveredWithdrawalMeasuresTheFundedPath: measured feedback per sink allowance
feedback: IF=2 initial=1 sinks=2 accesses=11 allowance=0
$REVIEWS/r533-11-665f4/sw/firmware/ctrl/test/srp_feedback.hpp:187: Failure
Expected: (cost) <= (2u*((8u)/16u)), actual: 11 vs 0
measured feedback per sink allowance

  [FAIL] SrpFeedback.DiscoveredWithdrawalMeasuresTheFundedPath: measured feedback per sink allowance
[  FAILED  ] SrpFeedback.DiscoveredWithdrawalMeasuresTheFundedPath (0 ms)
[----------] 1 test from SrpFeedback (0 ms total)

[----------] Global test environment tear-down
[==========] 1 test from 1 test suite ran. (0 ms total)
[  PASSED  ] 0 tests.
[  FAILED  ] 1 test, listed below:
[  FAILED  ] SrpFeedback.DiscoveredWithdrawalMeasuresTheFundedPath

 1 FAILED TEST
== ctrl ADP ACMP MAAP SRP composition: checks: 1   failures: 1 ==
RESULT: FAIL
  verdict: FAIL (its tallies report 1 failure(s) across 1 checks, exit 1)