Note: Google Test filter = SrpFeedback.EarlierSinkTransientRefusalKeepsDeliveryAwake
[==========] Running 1 test from 1 test suite.
[----------] Global test environment set-up.
[----------] 1 test from SrpFeedback
[ RUN      ] SrpFeedback.EarlierSinkTransientRefusalKeepsDeliveryAwake
$REVIEWS/r533-11-665f4/sw/firmware/ctrl/test/srp_feedback.hpp:163: Failure
Value of: app.loop.polls[4].fn(app.loop.polls[4].ctx)
  Actual: false
Expected: true
earlier refusal keeps delivery awake

  [FAIL] SrpFeedback.EarlierSinkTransientRefusalKeepsDeliveryAwake: earlier refusal keeps delivery awake
[  FAILED  ] SrpFeedback.EarlierSinkTransientRefusalKeepsDeliveryAwake (0 ms)
[----------] 1 test from SrpFeedback (0 ms total)

[----------] Global test environment tear-down
[==========] 1 test from 1 test suite ran. (0 ms total)
[  PASSED  ] 0 tests.
[  FAILED  ] 1 test, listed below:
[  FAILED  ] SrpFeedback.EarlierSinkTransientRefusalKeepsDeliveryAwake

 1 FAILED TEST
== ctrl ADP ACMP MAAP SRP composition: checks: 1   failures: 1 ==
RESULT: FAIL
  verdict: FAIL (its tallies report 1 failure(s) across 1 checks, exit 1)