INFO: [Common 17-3922] A valid Vivado Design Suite BASIC license has been detected. Your current license is active and will expire on 02-jul-2027.
#-----------------------------------------------------------
# Vivado v2026.1 (64-bit)
# SW Build 6511674 on Tue Jun 16 11:01:26 MDT 2026
# IP Build 6504888 on Tue Jun 09 09:05:25 MDT 2026
# SharedData Build 6501428 on Mon Jun 08 17:34:18 MDT 2026
# Start of session at: Mon Sep 28 21:57:28 2026
# Process ID         : 2798380
# Current directory  : $VALIDATION_STORAGE/607-a427/tmp/constraint-live-j2i_fxbq
# Command line       : vivado -mode batch -source $VALIDATION_STORAGE/607-a427/tmp/constraint-live-j2i_fxbq/plant.tcl
# Log file           : $VALIDATION_STORAGE/607-a427/tmp/constraint-live-j2i_fxbq/vivado.log
# Journal file       : $VALIDATION_STORAGE/607-a427/tmp/constraint-live-j2i_fxbq/vivado.jou
# Running On         : archlinux
# Platform           : unknown
# Operating System   : unknown
# Processor Detail   : AMD EPYC 9554P 64-Core Emb Processor
# CPU Frequency      : 3095.350 MHz
# CPU Physical cores : 128
# CPU Logical cores  : 128
# Host memory        : 57465 MB
# Swap memory        : 38654 MB
# Total Virtual      : 96120 MB
# Available Virtual  : 76889 MB
#-----------------------------------------------------------
Sourcing tcl script '$WORKSPACE_HOME/.Xilinx/Vivado/Vivado_init.tcl'
source $VALIDATION_STORAGE/607-a427/tmp/constraint-live-j2i_fxbq/plant.tcl
# set_param general.maxThreads 16
# open_checkpoint {$WORKSPACE_HOME/litex-milan/work/build_ax7101_eto_tdm8dev9e9954e9/gateware/alinx_ax7101_route.dcp}
Command: open_checkpoint $WORKSPACE_HOME/litex-milan/work/build_ax7101_eto_tdm8dev9e9954e9/gateware/alinx_ax7101_route.dcp

Starting open_checkpoint Task

Time (s): cpu = 00:00:00.03 ; elapsed = 00:00:00.03 . Memory (MB): peak = 1451.766 ; gain = 8.906 ; free physical = 6675 ; free virtual = 73703
INFO: [Device 21-403] Loading part xc7a100tfgg484-2
Netlist sorting complete. Time (s): cpu = 00:00:00.28 ; elapsed = 00:00:00.27 . Memory (MB): peak = 1984.742 ; gain = 0.000 ; free physical = 8707 ; free virtual = 76401
INFO: [Netlist 29-17] Analyzing 5506 Unisim elements for replacement
INFO: [Netlist 29-28] Unisim Transformation completed in 0 CPU seconds
INFO: [Project 1-479] Netlist was created with Vivado 2026.1
INFO: [Project 1-570] Preparing netlist for logic optimization
Read ShapeDB Complete: Time (s): cpu = 00:00:00.1 ; elapsed = 00:00:00.11 . Memory (MB): peak = 2139.898 ; gain = 0.000 ; free physical = 11269 ; free virtual = 79212
INFO: [Timing 38-478] Restoring timing data from binary archive.
INFO: [Timing 38-479] Binary timing data restore complete.
INFO: [Project 1-856] Restoring constraints from binary archive.
INFO: [Constraints 18-5170] The checkpoint was created with non-default parameter values which do not match the current Vivado settings.  Mismatching parameters are:
  general.maxThreads
INFO: [Project 1-853] Binary constraint restore complete.
INFO: [Designutils 20-5722] Start Reading Physical Databases.
Reading placement.
Read Netlist Cache: Time (s): cpu = 00:00:00.08 ; elapsed = 00:00:00.09 . Memory (MB): peak = 2880.609 ; gain = 8.984 ; free physical = 14243 ; free virtual = 82387
Reading placer database...
Read Device Cache: Time (s): cpu = 00:00:00.01 ; elapsed = 00:00:00.01 . Memory (MB): peak = 2882.609 ; gain = 2.000 ; free physical = 14239 ; free virtual = 82383
Read PlaceDB: Time (s): cpu = 00:00:00 ; elapsed = 00:00:00 . Memory (MB): peak = 2882.609 ; gain = 0.000 ; free physical = 14239 ; free virtual = 82383
Read placeStorage: Time (s): cpu = 00:00:01 ; elapsed = 00:00:01 . Memory (MB): peak = 2959.898 ; gain = 77.289 ; free physical = 14438 ; free virtual = 82582
Read PulsedLatchDB: Time (s): cpu = 00:00:00 ; elapsed = 00:00:00 . Memory (MB): peak = 2959.898 ; gain = 0.000 ; free physical = 14438 ; free virtual = 82582
Reading routing.
Read RouteStorage: Time (s): cpu = 00:00:02 ; elapsed = 00:00:00.5 . Memory (MB): peak = 2983.898 ; gain = 24.000 ; free physical = 14389 ; free virtual = 82533
Read Physdb Files: Time (s): cpu = 00:00:03 ; elapsed = 00:00:02 . Memory (MB): peak = 2983.898 ; gain = 112.273 ; free physical = 14394 ; free virtual = 82538
Restored from archive | CPU: 4.370000 secs | Memory: 85.993912 MB |
Finished XDEF File Restore: Time (s): cpu = 00:00:03 ; elapsed = 00:00:02 . Memory (MB): peak = 2983.898 ; gain = 112.273 ; free physical = 14394 ; free virtual = 82538
Netlist sorting complete. Time (s): cpu = 00:00:00.02 ; elapsed = 00:00:00.02 . Memory (MB): peak = 3012.953 ; gain = 0.000 ; free physical = 14380 ; free virtual = 82524
INFO: [Project 1-111] Unisim Transformation Summary:
  A total of 686 instances were transformed.
  IOBUF => IOBUF (IBUF, OBUFT): 33 instances
  IOBUFDS => IOBUFDS (IBUFDS, INV, OBUFTDS(x2)): 4 instances
  OBUFDS => OBUFDS_DUAL_BUF (INV, OBUFDS(x2)): 1 instance 
  OBUFTDS => OBUFTDS_DUAL_BUF (INV, OBUFTDS(x2)): 4 instances
  RAM16X1D => RAM32X1D (RAMD32(x2)): 2 instances
  RAM16X1S => RAM32X1S (RAMS32): 48 instances
  RAM32M => RAM32M (RAMD32(x6), RAMS32(x2)): 443 instances
  RAM32X1D => RAM32X1D (RAMD32(x2)): 26 instances
  RAM64M => RAM64M (RAMD64E(x4)): 59 instances
  RAM64X1D => RAM64X1D (RAMD64E(x2)): 2 instances
  RAM64X1S => RAM64X1S (RAMS64E): 64 instances

INFO: [Project 1-604] Checkpoint was created with Vivado v2026.1 (64-bit) build 6511674
open_checkpoint: Time (s): cpu = 00:00:28 ; elapsed = 00:00:20 . Memory (MB): peak = 3020.988 ; gain = 1582.098 ; free physical = 14397 ; free virtual = 82541
# read_xdc wrong.xdc
Parsing XDC File [$VALIDATION_STORAGE/607-a427/tmp/constraint-live-j2i_fxbq/wrong.xdc]
WARNING: [Vivado 12-627] No clocks matched 'wrong_clock_607'. [$VALIDATION_STORAGE/607-a427/tmp/constraint-live-j2i_fxbq/wrong.xdc:1]
INFO: [Vivado 12-626] No clocks found. Please use 'create_clock' or 'create_generated_clock' command to create clocks. [$VALIDATION_STORAGE/607-a427/tmp/constraint-live-j2i_fxbq/wrong.xdc:1]
CRITICAL WARNING: [Vivado 12-4739] set_max_delay:No valid object(s) found for '-from [get_clocks wrong_clock_607]'. [$VALIDATION_STORAGE/607-a427/tmp/constraint-live-j2i_fxbq/wrong.xdc:1]
Resolution: Check if the specified object(s) exists in the current design. If it does, ensure that the correct design hierarchy was specified for the object. If you are working with clocks, make sure create_clock was used to create the clock object before it is referenced.
WARNING: [Vivado 12-627] No clocks matched 'wrong_clock_607'. [$VALIDATION_STORAGE/607-a427/tmp/constraint-live-j2i_fxbq/wrong.xdc:2]
INFO: [Vivado 12-626] No clocks found. Please use 'create_clock' or 'create_generated_clock' command to create clocks. [$VALIDATION_STORAGE/607-a427/tmp/constraint-live-j2i_fxbq/wrong.xdc:2]
CRITICAL WARNING: [Vivado 12-4739] set_clock_groups:No valid object(s) found for '-group [get_clocks wrong_clock_607]'. [$VALIDATION_STORAGE/607-a427/tmp/constraint-live-j2i_fxbq/wrong.xdc:2]
Resolution: Check if the specified object(s) exists in the current design. If it does, ensure that the correct design hierarchy was specified for the object. If you are working with clocks, make sure create_clock was used to create the clock object before it is referenced.
CRITICAL WARNING: [Vivado 12-4739] set_clock_groups:No valid object(s) found for '-group '. [$VALIDATION_STORAGE/607-a427/tmp/constraint-live-j2i_fxbq/wrong.xdc:2]
Resolution: Check if the specified object(s) exists in the current design. If it does, ensure that the correct design hierarchy was specified for the object. If you are working with clocks, make sure create_clock was used to create the clock object before it is referenced.
CRITICAL WARNING: [Vivado 12-5201] set_clock_groups: cannot set the clock group when only one non-empty group remains. [$VALIDATION_STORAGE/607-a427/tmp/constraint-live-j2i_fxbq/wrong.xdc:2]
CRITICAL WARNING: [Designutils 20-1307] Command 'if' is not supported in the xdc constraint file. [$VALIDATION_STORAGE/607-a427/tmp/constraint-live-j2i_fxbq/wrong.xdc:3]
Finished Parsing XDC File [$VALIDATION_STORAGE/607-a427/tmp/constraint-live-j2i_fxbq/wrong.xdc]
# quit
INFO: [Common 17-206] Exiting Vivado at Mon Sep 28 21:57:51 2026...
