{
  "shape": "endstation_ax7101_1x1_tdm8",
  "interfaces": 1,
  "srp": true,
  "aecp": true,
  "sections": {
    ".text": 82932,
    ".rodata": 11950,
    ".data": 56,
    ".bss": 37252,
    ".stack": 8192,
    ".riscv.attributes": 28
  },
  "static_storage": {
    "image_acmp": 88,
    "image_aecp": 3120,
    "image_aecp_bridge": 120,
    "image_aecp_environment": 52,
    "image_allocation": 8,
    "image_app": 8472,
    "image_arena": 9920,
    "image_binding": 40,
    "image_descriptors": 672,
    "image_entity": 40,
    "image_env": 24,
    "image_events": 840,
    "image_latency": 8,
    "image_licences": 2,
    "image_map_pools": 56,
    "image_maps": 200,
    "image_map_scratch": 136,
    "image_model": 12,
    "image_names": 468,
    "image_sources": 64,
    "image_srp": 4824,
    "image_state": 84,
    "image_values": 4527
  },
  "artifacts": [
    {
      "name": "libc.a",
      "size": 5478,
      "sha256": "725a2bf9b5b0068e2257ffbc0d49ae06e8043ca2c7c314d99db38a9b048b791d"
    },
    {
      "name": "libcompiler_rt.a",
      "size": 29128,
      "sha256": "f6ce5233879cc22400f754030753413a82886d90cc956c47aa111244be3dd363"
    },
    {
      "name": "ctrl_app.elf",
      "size": 121520,
      "sha256": "77eaba6113af0a1093d73b688922154f5f3cc7639079f0339d27780b9cc126cc"
    },
    {
      "name": "ctrl_app.map",
      "size": 136588,
      "sha256": "b125463e0d675b7153c53e8adf904f6fdbe145f44142a48bb331c40092517c25"
    }
  ],
  "ram_sections": 140382,
  "ram_span": 140400
}
