{
  "shape": "endstation_ax7101_8x8",
  "interfaces": 1,
  "srp": true,
  "aecp": true,
  "sections": {
    ".text": 82980,
    ".rodata": 25158,
    ".data": 448,
    ".bss": 77428,
    ".stack": 8192,
    ".riscv.attributes": 28
  },
  "static_storage": {
    "image_acmp": 88,
    "image_aecp": 3120,
    "image_aecp_bridge": 120,
    "image_aecp_environment": 52,
    "image_allocation": 8,
    "image_app": 8472,
    "image_arena": 24032,
    "image_binding": 40,
    "image_descriptors": 1984,
    "image_entity": 40,
    "image_env": 24,
    "image_events": 2480,
    "image_latency": 36,
    "image_licences": 9,
    "image_map_pools": 448,
    "image_maps": 4608,
    "image_map_scratch": 576,
    "image_model": 12,
    "image_names": 1284,
    "image_sources": 288,
    "image_srp": 5240,
    "image_state": 84,
    "image_values": 11753
  },
  "artifacts": [
    {
      "name": "libc.a",
      "size": 5478,
      "sha256": "725a2bf9b5b0068e2257ffbc0d49ae06e8043ca2c7c314d99db38a9b048b791d"
    },
    {
      "name": "libcompiler_rt.a",
      "size": 29128,
      "sha256": "f6ce5233879cc22400f754030753413a82886d90cc956c47aa111244be3dd363"
    },
    {
      "name": "ctrl_app.elf",
      "size": 135168,
      "sha256": "71a7d72872f4dc78e9b0de4d17dd0af18dad3c456616c2779f9769546852146c"
    },
    {
      "name": "ctrl_app.map",
      "size": 132441,
      "sha256": "0b690c95080000072e0b9d864946e1fa98ad7c20ecac756126a180f3fd270f69"
    }
  ],
  "ram_sections": 194206,
  "ram_span": 194224
}
