R375_CAL fp=2 target=0 expiry=84 join=4242 action=85 wire_done=4720 (cycles from mark; 40 cycles = 1 tb ms)
FAIL: R1b: own registrar action coincides with the first join opportunity after expiry
R375_RESIDUAL fp=2 action_to_wire_done_cycles=478
R375_WINDOW fp=2 target=0 rx_minus_expiry=1 rx_minus_opportunity=-4157 expect_stop=1 active_after_hold=0 reg=0
FAIL: R1e: Lv at expiry+40/opportunity-4118 cycles follows IN/LV policy (pre=1)
R375_WINDOW fp=2 target=0 rx_minus_expiry=40 rx_minus_opportunity=-4118 expect_stop=1 active_after_hold=1 reg=2
FAIL: R1e: Lv at expiry+2079/opportunity-2079 cycles follows IN/LV policy (pre=1)
R375_WINDOW fp=2 target=0 rx_minus_expiry=2079 rx_minus_opportunity=-2079 expect_stop=1 active_after_hold=1 reg=2
FAIL: R1e: Lv at expiry+4156/opportunity-2 cycles follows IN/LV policy (pre=1)
R375_WINDOW fp=2 target=0 rx_minus_expiry=4156 rx_minus_opportunity=-2 expect_stop=1 active_after_hold=1 reg=2
FAIL: R1e: Lv at expiry+4158/opportunity+0 cycles follows IN/LV policy (pre=1)
R375_WINDOW fp=2 target=0 rx_minus_expiry=4158 rx_minus_opportunity=0 expect_stop=1 active_after_hold=1 reg=2
R375_WINDOW fp=2 target=0 rx_minus_expiry=4160 rx_minus_opportunity=2 expect_stop=0 active_after_hold=1 reg=2
R375_CAL fp=2 target=7 expiry=84 join=4242 action=85 wire_done=4720 (cycles from mark; 40 cycles = 1 tb ms)
FAIL: R1b: own registrar action coincides with the first join opportunity after expiry
R375_RESIDUAL fp=2 action_to_wire_done_cycles=478
R375_WINDOW fp=2 target=7 rx_minus_expiry=1 rx_minus_opportunity=-4157 expect_stop=1 active_after_hold=0 reg=0
FAIL: R1e: Lv at expiry+40/opportunity-4118 cycles follows IN/LV policy (pre=1)
R375_WINDOW fp=2 target=7 rx_minus_expiry=40 rx_minus_opportunity=-4118 expect_stop=1 active_after_hold=1 reg=2
FAIL: R1e: Lv at expiry+2079/opportunity-2079 cycles follows IN/LV policy (pre=1)
R375_WINDOW fp=2 target=7 rx_minus_expiry=2079 rx_minus_opportunity=-2079 expect_stop=1 active_after_hold=1 reg=2
FAIL: R1e: Lv at expiry+4156/opportunity-2 cycles follows IN/LV policy (pre=1)
R375_WINDOW fp=2 target=7 rx_minus_expiry=4156 rx_minus_opportunity=-2 expect_stop=1 active_after_hold=1 reg=2
FAIL: R1e: Lv at expiry+4158/opportunity+0 cycles follows IN/LV policy (pre=1)
R375_WINDOW fp=2 target=7 rx_minus_expiry=4158 rx_minus_opportunity=0 expect_stop=1 active_after_hold=1 reg=2
R375_WINDOW fp=2 target=7 rx_minus_expiry=4160 rx_minus_opportunity=2 expect_stop=0 active_after_hold=1 reg=2
R375_CAL fp=3 target=0 expiry=84 join=4242 action=85 wire_done=4720 (cycles from mark; 40 cycles = 1 tb ms)
FAIL: R1b: own registrar action coincides with the first join opportunity after expiry
R375_RESIDUAL fp=3 action_to_wire_done_cycles=478
R375_WINDOW fp=3 target=0 rx_minus_expiry=1 rx_minus_opportunity=-4157 expect_stop=1 active_after_hold=0 reg=0
FAIL: R1e: Lv at expiry+40/opportunity-4118 cycles follows IN/LV policy (pre=1)
R375_WINDOW fp=3 target=0 rx_minus_expiry=40 rx_minus_opportunity=-4118 expect_stop=1 active_after_hold=1 reg=2
FAIL: R1e: Lv at expiry+2079/opportunity-2079 cycles follows IN/LV policy (pre=1)
R375_WINDOW fp=3 target=0 rx_minus_expiry=2079 rx_minus_opportunity=-2079 expect_stop=1 active_after_hold=1 reg=2
FAIL: R1e: Lv at expiry+4156/opportunity-2 cycles follows IN/LV policy (pre=1)
R375_WINDOW fp=3 target=0 rx_minus_expiry=4156 rx_minus_opportunity=-2 expect_stop=1 active_after_hold=1 reg=2
FAIL: R1e: Lv at expiry+4158/opportunity+0 cycles follows IN/LV policy (pre=1)
R375_WINDOW fp=3 target=0 rx_minus_expiry=4158 rx_minus_opportunity=0 expect_stop=1 active_after_hold=1 reg=2
R375_WINDOW fp=3 target=0 rx_minus_expiry=4160 rx_minus_opportunity=2 expect_stop=0 active_after_hold=1 reg=2
R375_CAL fp=3 target=7 expiry=84 join=4242 action=85 wire_done=4720 (cycles from mark; 40 cycles = 1 tb ms)
FAIL: R1b: own registrar action coincides with the first join opportunity after expiry
R375_RESIDUAL fp=3 action_to_wire_done_cycles=478
R375_WINDOW fp=3 target=7 rx_minus_expiry=1 rx_minus_opportunity=-4157 expect_stop=1 active_after_hold=0 reg=0
FAIL: R1e: Lv at expiry+40/opportunity-4118 cycles follows IN/LV policy (pre=1)
R375_WINDOW fp=3 target=7 rx_minus_expiry=40 rx_minus_opportunity=-4118 expect_stop=1 active_after_hold=1 reg=2
FAIL: R1e: Lv at expiry+2079/opportunity-2079 cycles follows IN/LV policy (pre=1)
R375_WINDOW fp=3 target=7 rx_minus_expiry=2079 rx_minus_opportunity=-2079 expect_stop=1 active_after_hold=1 reg=2
FAIL: R1e: Lv at expiry+4156/opportunity-2 cycles follows IN/LV policy (pre=1)
R375_WINDOW fp=3 target=7 rx_minus_expiry=4156 rx_minus_opportunity=-2 expect_stop=1 active_after_hold=1 reg=2
FAIL: R1e: Lv at expiry+4158/opportunity+0 cycles follows IN/LV policy (pre=1)
R375_WINDOW fp=3 target=7 rx_minus_expiry=4158 rx_minus_opportunity=0 expect_stop=1 active_after_hold=1 reg=2
R375_WINDOW fp=3 target=7 rx_minus_expiry=4160 rx_minus_opportunity=2 expect_stop=0 active_after_hold=1 reg=2
64 checks: 44 PASS, 20 FAIL
