-- The C compiler identification is GNU 16.2.1
-- The CXX compiler identification is GNU 16.2.1
-- Detecting C compiler ABI info
-- Detecting C compiler ABI info - done
-- Check for working C compiler: /usr/bin/cc - skipped
-- Detecting C compile features
-- Detecting C compile features - done
-- Detecting CXX compiler ABI info
-- Detecting CXX compiler ABI info - done
-- Check for working CXX compiler: /usr/bin/c++ - skipped
-- Detecting CXX compile features
-- Detecting CXX compile features - done
-- Performing Test CMAKE_HAVE_LIBC_PTHREAD
-- Performing Test CMAKE_HAVE_LIBC_PTHREAD - Success
-- Found Threads: TRUE
-- Found LibXml2: /usr/lib/libxml2.so (found version "2.15.4")
-- Performing Test WITH_FPIC
-- Performing Test WITH_FPIC - Success
-- Performing Test WITH_FORTIFY_SOURCE
-- Performing Test WITH_FORTIFY_SOURCE - Success
-- Configuring done (0.9s)
-- Generating done (0.0s)
-- Build files have been written to: $REVIEW_PACKET/scratch/cgreen-build
