Running "main" (81 tests)...
  "mrp_pdu_suite": 1690 passes in 12ms.
  "timer_suite": 14 passes in 1ms.
  "msrp_values_suite": 23 passes in 2ms.
  "receive_suite": 83 passes in 3ms.
  "transmit_suite": 106 passes in 5ms.
  "integration_suite": 371 passes in 11ms.
  "milan_suite": 430 passes in 9ms.
$REVIEW_PACKET/scratch/source-ON/tests/unit/review_test.c:968: Failure: boundaries_suite -> failed_flush_reports_continuous_observer_transitions 
	Expected [seen.reg] to [equal] [MRP_REG_STATE_LV]
		actual value:			[0]
		expected value:			[1]

$REVIEW_PACKET/scratch/source-ON/tests/unit/review_test.c:969: Failure: boundaries_suite -> failed_flush_reports_continuous_observer_transitions 
	Expected [seen.retained] to [equal] [1]
		actual value:			[0]
		expected value:			[1]

$REVIEW_PACKET/scratch/source-ON/tests/unit/review_test.c:973: Failure: boundaries_suite -> failed_flush_reports_continuous_observer_transitions 
	Expected [seen.retained] to [equal] [1]
		actual value:			[0]
		expected value:			[1]

$REVIEW_PACKET/scratch/source-ON/tests/unit/review_test.c:945: Failure: boundaries_suite -> failed_flush_reports_continuous_observer_transitions 
	Expected [t->reg_from] to [equal] [seen->reg]
		actual value:			[1]
		expected value:			[0]

$REVIEW_PACKET/scratch/source-ON/tests/unit/review_test.c:968: Failure: boundaries_suite -> failed_flush_reports_continuous_observer_transitions 
	Expected [seen.reg] to [equal] [MRP_REG_STATE_LV]
		actual value:			[0]
		expected value:			[1]

$REVIEW_PACKET/scratch/source-ON/tests/unit/review_test.c:969: Failure: boundaries_suite -> failed_flush_reports_continuous_observer_transitions 
	Expected [seen.retained] to [equal] [1]
		actual value:			[0]
		expected value:			[1]

$REVIEW_PACKET/scratch/source-ON/tests/unit/review_test.c:973: Failure: boundaries_suite -> failed_flush_reports_continuous_observer_transitions 
	Expected [seen.retained] to [equal] [1]
		actual value:			[0]
		expected value:			[1]

$REVIEW_PACKET/scratch/source-ON/tests/unit/review_test.c:945: Failure: boundaries_suite -> failed_flush_reports_continuous_observer_transitions 
	Expected [t->reg_from] to [equal] [seen->reg]
		actual value:			[1]
		expected value:			[0]

$REVIEW_PACKET/scratch/source-ON/tests/unit/review_test.c:968: Failure: boundaries_suite -> failed_flush_reports_continuous_observer_transitions 
	Expected [seen.reg] to [equal] [MRP_REG_STATE_LV]
		actual value:			[0]
		expected value:			[1]

$REVIEW_PACKET/scratch/source-ON/tests/unit/review_test.c:969: Failure: boundaries_suite -> failed_flush_reports_continuous_observer_transitions 
	Expected [seen.retained] to [equal] [1]
		actual value:			[0]
		expected value:			[1]

$REVIEW_PACKET/scratch/source-ON/tests/unit/review_test.c:973: Failure: boundaries_suite -> failed_flush_reports_continuous_observer_transitions 
	Expected [seen.retained] to [equal] [1]
		actual value:			[0]
		expected value:			[1]

$REVIEW_PACKET/scratch/source-ON/tests/unit/review_test.c:945: Failure: boundaries_suite -> failed_flush_reports_continuous_observer_transitions 
	Expected [t->reg_from] to [equal] [seen->reg]
		actual value:			[1]
		expected value:			[0]

$REVIEW_PACKET/scratch/source-ON/tests/unit/review_test.c:968: Failure: boundaries_suite -> failed_flush_reports_continuous_observer_transitions 
	Expected [seen.reg] to [equal] [MRP_REG_STATE_LV]
		actual value:			[0]
		expected value:			[1]

$REVIEW_PACKET/scratch/source-ON/tests/unit/review_test.c:969: Failure: boundaries_suite -> failed_flush_reports_continuous_observer_transitions 
	Expected [seen.retained] to [equal] [1]
		actual value:			[0]
		expected value:			[1]

$REVIEW_PACKET/scratch/source-ON/tests/unit/review_test.c:973: Failure: boundaries_suite -> failed_flush_reports_continuous_observer_transitions 
	Expected [seen.retained] to [equal] [1]
		actual value:			[0]
		expected value:			[1]

$REVIEW_PACKET/scratch/source-ON/tests/unit/review_test.c:945: Failure: boundaries_suite -> failed_flush_reports_continuous_observer_transitions 
	Expected [t->reg_from] to [equal] [seen->reg]
		actual value:			[1]
		expected value:			[0]

$REVIEW_PACKET/scratch/source-ON/tests/unit/review_test.c:968: Failure: boundaries_suite -> failed_flush_reports_continuous_observer_transitions 
	Expected [seen.reg] to [equal] [MRP_REG_STATE_LV]
		actual value:			[0]
		expected value:			[1]

$REVIEW_PACKET/scratch/source-ON/tests/unit/review_test.c:969: Failure: boundaries_suite -> failed_flush_reports_continuous_observer_transitions 
	Expected [seen.retained] to [equal] [1]
		actual value:			[0]
		expected value:			[1]

$REVIEW_PACKET/scratch/source-ON/tests/unit/review_test.c:973: Failure: boundaries_suite -> failed_flush_reports_continuous_observer_transitions 
	Expected [seen.retained] to [equal] [1]
		actual value:			[0]
		expected value:			[1]

$REVIEW_PACKET/scratch/source-ON/tests/unit/review_test.c:945: Failure: boundaries_suite -> failed_flush_reports_continuous_observer_transitions 
	Expected [t->reg_from] to [equal] [seen->reg]
		actual value:			[1]
		expected value:			[0]

$REVIEW_PACKET/scratch/source-ON/tests/unit/review_test.c:968: Failure: boundaries_suite -> failed_flush_reports_continuous_observer_transitions 
	Expected [seen.reg] to [equal] [MRP_REG_STATE_LV]
		actual value:			[0]
		expected value:			[1]

$REVIEW_PACKET/scratch/source-ON/tests/unit/review_test.c:969: Failure: boundaries_suite -> failed_flush_reports_continuous_observer_transitions 
	Expected [seen.retained] to [equal] [1]
		actual value:			[0]
		expected value:			[1]

$REVIEW_PACKET/scratch/source-ON/tests/unit/review_test.c:973: Failure: boundaries_suite -> failed_flush_reports_continuous_observer_transitions 
	Expected [seen.retained] to [equal] [1]
		actual value:			[0]
		expected value:			[1]

$REVIEW_PACKET/scratch/source-ON/tests/unit/review_test.c:945: Failure: boundaries_suite -> failed_flush_reports_continuous_observer_transitions 
	Expected [t->reg_from] to [equal] [seen->reg]
		actual value:			[1]
		expected value:			[0]

  "boundaries_suite": 13549 passes, 24 failures in 72ms.
Completed "main": 16266 passes, 24 failures in 115ms.
