Running "main" (81 tests)...
  "mrp_pdu_suite": 1690 passes in 11ms.
  "timer_suite": 14 passes in 1ms.
  "msrp_values_suite": 23 passes in 2ms.
  "receive_suite": 83 passes in 4ms.
  "transmit_suite": 106 passes in 4ms.
  "integration_suite": 371 passes in 10ms.
  "milan_suite": 430 passes in 8ms.
$REVIEW_PACKET/scratch/source-ON/tests/unit/review_test.c:892: Failure: boundaries_suite -> pending_flush_precedes_received_registration 
	Expected [indication_count] to [equal] [2]
		actual value:			[0]
		expected value:			[2]

$REVIEW_PACKET/scratch/source-ON/tests/unit/review_test.c:893: Failure: boundaries_suite -> pending_flush_precedes_received_registration 
	Expected [indication_order[0]] to [equal] [10u + type]
		actual value:			[1]
		expected value:			[11]

$REVIEW_PACKET/scratch/source-ON/tests/unit/review_test.c:892: Failure: boundaries_suite -> pending_flush_precedes_received_registration 
	Expected [indication_count] to [equal] [2]
		actual value:			[0]
		expected value:			[2]

$REVIEW_PACKET/scratch/source-ON/tests/unit/review_test.c:893: Failure: boundaries_suite -> pending_flush_precedes_received_registration 
	Expected [indication_order[0]] to [equal] [10u + type]
		actual value:			[1]
		expected value:			[11]

$REVIEW_PACKET/scratch/source-ON/tests/unit/review_test.c:892: Failure: boundaries_suite -> pending_flush_precedes_received_registration 
	Expected [indication_count] to [equal] [2]
		actual value:			[0]
		expected value:			[2]

$REVIEW_PACKET/scratch/source-ON/tests/unit/review_test.c:893: Failure: boundaries_suite -> pending_flush_precedes_received_registration 
	Expected [indication_order[0]] to [equal] [10u + type]
		actual value:			[1]
		expected value:			[11]

$REVIEW_PACKET/scratch/source-ON/tests/unit/review_test.c:892: Failure: boundaries_suite -> pending_flush_precedes_received_registration 
	Expected [indication_count] to [equal] [2]
		actual value:			[1]
		expected value:			[2]

$REVIEW_PACKET/scratch/source-ON/tests/unit/review_test.c:893: Failure: boundaries_suite -> pending_flush_precedes_received_registration 
	Expected [indication_order[0]] to [equal] [10u + type]
		actual value:			[1]
		expected value:			[11]

$REVIEW_PACKET/scratch/source-ON/tests/unit/review_test.c:894: Failure: boundaries_suite -> pending_flush_precedes_received_registration 
	Expected [indication_values[0]] to [equal] [old]
		actual value:			[101]
		expected value:			[100]

$REVIEW_PACKET/scratch/source-ON/tests/unit/review_test.c:904: Failure: boundaries_suite -> pending_flush_precedes_received_registration 
	Expected [indication_count] to [equal] [2]
		actual value:			[3]
		expected value:			[2]

$REVIEW_PACKET/scratch/source-ON/tests/unit/review_test.c:906: Failure: boundaries_suite -> pending_flush_precedes_received_registration 
	Expected [joins] to [equal] [2]
		actual value:			[3]
		expected value:			[2]

$REVIEW_PACKET/scratch/source-ON/tests/unit/review_test.c:892: Failure: boundaries_suite -> pending_flush_precedes_received_registration 
	Expected [indication_count] to [equal] [2]
		actual value:			[1]
		expected value:			[2]

$REVIEW_PACKET/scratch/source-ON/tests/unit/review_test.c:893: Failure: boundaries_suite -> pending_flush_precedes_received_registration 
	Expected [indication_order[0]] to [equal] [10u + type]
		actual value:			[1]
		expected value:			[11]

$REVIEW_PACKET/scratch/source-ON/tests/unit/review_test.c:894: Failure: boundaries_suite -> pending_flush_precedes_received_registration 
	Expected [indication_values[0]] to [equal] [old]
		actual value:			[101]
		expected value:			[100]

$REVIEW_PACKET/scratch/source-ON/tests/unit/review_test.c:895: Failure: boundaries_suite -> pending_flush_precedes_received_registration 
	Expected [indication_order[1]] to [equal] [type]
		actual value:			[11]
		expected value:			[1]

$REVIEW_PACKET/scratch/source-ON/tests/unit/review_test.c:904: Failure: boundaries_suite -> pending_flush_precedes_received_registration 
	Expected [indication_count] to [equal] [2]
		actual value:			[3]
		expected value:			[2]

$REVIEW_PACKET/scratch/source-ON/tests/unit/review_test.c:906: Failure: boundaries_suite -> pending_flush_precedes_received_registration 
	Expected [joins] to [equal] [2]
		actual value:			[3]
		expected value:			[2]

$REVIEW_PACKET/scratch/source-ON/tests/unit/review_test.c:892: Failure: boundaries_suite -> pending_flush_precedes_received_registration 
	Expected [indication_count] to [equal] [2]
		actual value:			[1]
		expected value:			[2]

$REVIEW_PACKET/scratch/source-ON/tests/unit/review_test.c:893: Failure: boundaries_suite -> pending_flush_precedes_received_registration 
	Expected [indication_order[0]] to [equal] [10u + type]
		actual value:			[1]
		expected value:			[11]

$REVIEW_PACKET/scratch/source-ON/tests/unit/review_test.c:894: Failure: boundaries_suite -> pending_flush_precedes_received_registration 
	Expected [indication_values[0]] to [equal] [old]
		actual value:			[101]
		expected value:			[100]

$REVIEW_PACKET/scratch/source-ON/tests/unit/review_test.c:895: Failure: boundaries_suite -> pending_flush_precedes_received_registration 
	Expected [indication_order[1]] to [equal] [type]
		actual value:			[11]
		expected value:			[1]

$REVIEW_PACKET/scratch/source-ON/tests/unit/review_test.c:904: Failure: boundaries_suite -> pending_flush_precedes_received_registration 
	Expected [indication_count] to [equal] [2]
		actual value:			[3]
		expected value:			[2]

$REVIEW_PACKET/scratch/source-ON/tests/unit/review_test.c:906: Failure: boundaries_suite -> pending_flush_precedes_received_registration 
	Expected [joins] to [equal] [2]
		actual value:			[3]
		expected value:			[2]

$REVIEW_PACKET/scratch/source-ON/tests/unit/review_test.c:892: Failure: boundaries_suite -> pending_flush_precedes_received_registration 
	Expected [indication_count] to [equal] [2]
		actual value:			[0]
		expected value:			[2]

$REVIEW_PACKET/scratch/source-ON/tests/unit/review_test.c:893: Failure: boundaries_suite -> pending_flush_precedes_received_registration 
	Expected [indication_order[0]] to [equal] [10u + type]
		actual value:			[1]
		expected value:			[11]

$REVIEW_PACKET/scratch/source-ON/tests/unit/review_test.c:892: Failure: boundaries_suite -> pending_flush_precedes_received_registration 
	Expected [indication_count] to [equal] [2]
		actual value:			[0]
		expected value:			[2]

$REVIEW_PACKET/scratch/source-ON/tests/unit/review_test.c:893: Failure: boundaries_suite -> pending_flush_precedes_received_registration 
	Expected [indication_order[0]] to [equal] [10u + type]
		actual value:			[1]
		expected value:			[11]

$REVIEW_PACKET/scratch/source-ON/tests/unit/review_test.c:892: Failure: boundaries_suite -> pending_flush_precedes_received_registration 
	Expected [indication_count] to [equal] [2]
		actual value:			[0]
		expected value:			[2]

$REVIEW_PACKET/scratch/source-ON/tests/unit/review_test.c:893: Failure: boundaries_suite -> pending_flush_precedes_received_registration 
	Expected [indication_order[0]] to [equal] [10u + type]
		actual value:			[1]
		expected value:			[11]

$REVIEW_PACKET/scratch/source-ON/tests/unit/review_test.c:892: Failure: boundaries_suite -> pending_flush_precedes_received_registration 
	Expected [indication_count] to [equal] [2]
		actual value:			[1]
		expected value:			[2]

$REVIEW_PACKET/scratch/source-ON/tests/unit/review_test.c:893: Failure: boundaries_suite -> pending_flush_precedes_received_registration 
	Expected [indication_order[0]] to [equal] [10u + type]
		actual value:			[1]
		expected value:			[11]

$REVIEW_PACKET/scratch/source-ON/tests/unit/review_test.c:894: Failure: boundaries_suite -> pending_flush_precedes_received_registration 
	Expected [indication_values[0]] to [equal] [old]
		actual value:			[101]
		expected value:			[100]

$REVIEW_PACKET/scratch/source-ON/tests/unit/review_test.c:904: Failure: boundaries_suite -> pending_flush_precedes_received_registration 
	Expected [indication_count] to [equal] [2]
		actual value:			[3]
		expected value:			[2]

$REVIEW_PACKET/scratch/source-ON/tests/unit/review_test.c:906: Failure: boundaries_suite -> pending_flush_precedes_received_registration 
	Expected [joins] to [equal] [2]
		actual value:			[3]
		expected value:			[2]

$REVIEW_PACKET/scratch/source-ON/tests/unit/review_test.c:892: Failure: boundaries_suite -> pending_flush_precedes_received_registration 
	Expected [indication_count] to [equal] [2]
		actual value:			[1]
		expected value:			[2]

$REVIEW_PACKET/scratch/source-ON/tests/unit/review_test.c:893: Failure: boundaries_suite -> pending_flush_precedes_received_registration 
	Expected [indication_order[0]] to [equal] [10u + type]
		actual value:			[1]
		expected value:			[11]

$REVIEW_PACKET/scratch/source-ON/tests/unit/review_test.c:894: Failure: boundaries_suite -> pending_flush_precedes_received_registration 
	Expected [indication_values[0]] to [equal] [old]
		actual value:			[101]
		expected value:			[100]

$REVIEW_PACKET/scratch/source-ON/tests/unit/review_test.c:895: Failure: boundaries_suite -> pending_flush_precedes_received_registration 
	Expected [indication_order[1]] to [equal] [type]
		actual value:			[11]
		expected value:			[1]

$REVIEW_PACKET/scratch/source-ON/tests/unit/review_test.c:904: Failure: boundaries_suite -> pending_flush_precedes_received_registration 
	Expected [indication_count] to [equal] [2]
		actual value:			[3]
		expected value:			[2]

$REVIEW_PACKET/scratch/source-ON/tests/unit/review_test.c:906: Failure: boundaries_suite -> pending_flush_precedes_received_registration 
	Expected [joins] to [equal] [2]
		actual value:			[3]
		expected value:			[2]

$REVIEW_PACKET/scratch/source-ON/tests/unit/review_test.c:892: Failure: boundaries_suite -> pending_flush_precedes_received_registration 
	Expected [indication_count] to [equal] [2]
		actual value:			[1]
		expected value:			[2]

$REVIEW_PACKET/scratch/source-ON/tests/unit/review_test.c:893: Failure: boundaries_suite -> pending_flush_precedes_received_registration 
	Expected [indication_order[0]] to [equal] [10u + type]
		actual value:			[1]
		expected value:			[11]

$REVIEW_PACKET/scratch/source-ON/tests/unit/review_test.c:894: Failure: boundaries_suite -> pending_flush_precedes_received_registration 
	Expected [indication_values[0]] to [equal] [old]
		actual value:			[101]
		expected value:			[100]

$REVIEW_PACKET/scratch/source-ON/tests/unit/review_test.c:895: Failure: boundaries_suite -> pending_flush_precedes_received_registration 
	Expected [indication_order[1]] to [equal] [type]
		actual value:			[11]
		expected value:			[1]

$REVIEW_PACKET/scratch/source-ON/tests/unit/review_test.c:904: Failure: boundaries_suite -> pending_flush_precedes_received_registration 
	Expected [indication_count] to [equal] [2]
		actual value:			[3]
		expected value:			[2]

$REVIEW_PACKET/scratch/source-ON/tests/unit/review_test.c:906: Failure: boundaries_suite -> pending_flush_precedes_received_registration 
	Expected [joins] to [equal] [2]
		actual value:			[3]
		expected value:			[2]

$REVIEW_PACKET/scratch/source-ON/tests/unit/review_test.c:892: Failure: boundaries_suite -> pending_flush_precedes_received_registration 
	Expected [indication_count] to [equal] [2]
		actual value:			[0]
		expected value:			[2]

$REVIEW_PACKET/scratch/source-ON/tests/unit/review_test.c:893: Failure: boundaries_suite -> pending_flush_precedes_received_registration 
	Expected [indication_order[0]] to [equal] [10u + type]
		actual value:			[2]
		expected value:			[12]

$REVIEW_PACKET/scratch/source-ON/tests/unit/review_test.c:892: Failure: boundaries_suite -> pending_flush_precedes_received_registration 
	Expected [indication_count] to [equal] [2]
		actual value:			[0]
		expected value:			[2]

$REVIEW_PACKET/scratch/source-ON/tests/unit/review_test.c:893: Failure: boundaries_suite -> pending_flush_precedes_received_registration 
	Expected [indication_order[0]] to [equal] [10u + type]
		actual value:			[2]
		expected value:			[12]

$REVIEW_PACKET/scratch/source-ON/tests/unit/review_test.c:892: Failure: boundaries_suite -> pending_flush_precedes_received_registration 
	Expected [indication_count] to [equal] [2]
		actual value:			[0]
		expected value:			[2]

$REVIEW_PACKET/scratch/source-ON/tests/unit/review_test.c:893: Failure: boundaries_suite -> pending_flush_precedes_received_registration 
	Expected [indication_order[0]] to [equal] [10u + type]
		actual value:			[2]
		expected value:			[12]

$REVIEW_PACKET/scratch/source-ON/tests/unit/review_test.c:892: Failure: boundaries_suite -> pending_flush_precedes_received_registration 
	Expected [indication_count] to [equal] [2]
		actual value:			[1]
		expected value:			[2]

$REVIEW_PACKET/scratch/source-ON/tests/unit/review_test.c:893: Failure: boundaries_suite -> pending_flush_precedes_received_registration 
	Expected [indication_order[0]] to [equal] [10u + type]
		actual value:			[2]
		expected value:			[12]

$REVIEW_PACKET/scratch/source-ON/tests/unit/review_test.c:894: Failure: boundaries_suite -> pending_flush_precedes_received_registration 
	Expected [indication_values[0]] to [equal] [old]
		actual value:			[101]
		expected value:			[100]

$REVIEW_PACKET/scratch/source-ON/tests/unit/review_test.c:904: Failure: boundaries_suite -> pending_flush_precedes_received_registration 
	Expected [indication_count] to [equal] [2]
		actual value:			[3]
		expected value:			[2]

$REVIEW_PACKET/scratch/source-ON/tests/unit/review_test.c:906: Failure: boundaries_suite -> pending_flush_precedes_received_registration 
	Expected [joins] to [equal] [2]
		actual value:			[3]
		expected value:			[2]

$REVIEW_PACKET/scratch/source-ON/tests/unit/review_test.c:892: Failure: boundaries_suite -> pending_flush_precedes_received_registration 
	Expected [indication_count] to [equal] [2]
		actual value:			[1]
		expected value:			[2]

$REVIEW_PACKET/scratch/source-ON/tests/unit/review_test.c:893: Failure: boundaries_suite -> pending_flush_precedes_received_registration 
	Expected [indication_order[0]] to [equal] [10u + type]
		actual value:			[2]
		expected value:			[12]

$REVIEW_PACKET/scratch/source-ON/tests/unit/review_test.c:894: Failure: boundaries_suite -> pending_flush_precedes_received_registration 
	Expected [indication_values[0]] to [equal] [old]
		actual value:			[101]
		expected value:			[100]

$REVIEW_PACKET/scratch/source-ON/tests/unit/review_test.c:895: Failure: boundaries_suite -> pending_flush_precedes_received_registration 
	Expected [indication_order[1]] to [equal] [type]
		actual value:			[12]
		expected value:			[2]

$REVIEW_PACKET/scratch/source-ON/tests/unit/review_test.c:904: Failure: boundaries_suite -> pending_flush_precedes_received_registration 
	Expected [indication_count] to [equal] [2]
		actual value:			[3]
		expected value:			[2]

$REVIEW_PACKET/scratch/source-ON/tests/unit/review_test.c:906: Failure: boundaries_suite -> pending_flush_precedes_received_registration 
	Expected [joins] to [equal] [2]
		actual value:			[3]
		expected value:			[2]

$REVIEW_PACKET/scratch/source-ON/tests/unit/review_test.c:892: Failure: boundaries_suite -> pending_flush_precedes_received_registration 
	Expected [indication_count] to [equal] [2]
		actual value:			[1]
		expected value:			[2]

$REVIEW_PACKET/scratch/source-ON/tests/unit/review_test.c:893: Failure: boundaries_suite -> pending_flush_precedes_received_registration 
	Expected [indication_order[0]] to [equal] [10u + type]
		actual value:			[2]
		expected value:			[12]

$REVIEW_PACKET/scratch/source-ON/tests/unit/review_test.c:894: Failure: boundaries_suite -> pending_flush_precedes_received_registration 
	Expected [indication_values[0]] to [equal] [old]
		actual value:			[101]
		expected value:			[100]

$REVIEW_PACKET/scratch/source-ON/tests/unit/review_test.c:895: Failure: boundaries_suite -> pending_flush_precedes_received_registration 
	Expected [indication_order[1]] to [equal] [type]
		actual value:			[12]
		expected value:			[2]

$REVIEW_PACKET/scratch/source-ON/tests/unit/review_test.c:904: Failure: boundaries_suite -> pending_flush_precedes_received_registration 
	Expected [indication_count] to [equal] [2]
		actual value:			[3]
		expected value:			[2]

$REVIEW_PACKET/scratch/source-ON/tests/unit/review_test.c:906: Failure: boundaries_suite -> pending_flush_precedes_received_registration 
	Expected [joins] to [equal] [2]
		actual value:			[3]
		expected value:			[2]

$REVIEW_PACKET/scratch/source-ON/tests/unit/review_test.c:892: Failure: boundaries_suite -> pending_flush_precedes_received_registration 
	Expected [indication_count] to [equal] [2]
		actual value:			[0]
		expected value:			[2]

$REVIEW_PACKET/scratch/source-ON/tests/unit/review_test.c:893: Failure: boundaries_suite -> pending_flush_precedes_received_registration 
	Expected [indication_order[0]] to [equal] [10u + type]
		actual value:			[2]
		expected value:			[12]

$REVIEW_PACKET/scratch/source-ON/tests/unit/review_test.c:892: Failure: boundaries_suite -> pending_flush_precedes_received_registration 
	Expected [indication_count] to [equal] [2]
		actual value:			[0]
		expected value:			[2]

$REVIEW_PACKET/scratch/source-ON/tests/unit/review_test.c:893: Failure: boundaries_suite -> pending_flush_precedes_received_registration 
	Expected [indication_order[0]] to [equal] [10u + type]
		actual value:			[2]
		expected value:			[12]

$REVIEW_PACKET/scratch/source-ON/tests/unit/review_test.c:892: Failure: boundaries_suite -> pending_flush_precedes_received_registration 
	Expected [indication_count] to [equal] [2]
		actual value:			[0]
		expected value:			[2]

$REVIEW_PACKET/scratch/source-ON/tests/unit/review_test.c:893: Failure: boundaries_suite -> pending_flush_precedes_received_registration 
	Expected [indication_order[0]] to [equal] [10u + type]
		actual value:			[2]
		expected value:			[12]

$REVIEW_PACKET/scratch/source-ON/tests/unit/review_test.c:892: Failure: boundaries_suite -> pending_flush_precedes_received_registration 
	Expected [indication_count] to [equal] [2]
		actual value:			[1]
		expected value:			[2]

$REVIEW_PACKET/scratch/source-ON/tests/unit/review_test.c:893: Failure: boundaries_suite -> pending_flush_precedes_received_registration 
	Expected [indication_order[0]] to [equal] [10u + type]
		actual value:			[2]
		expected value:			[12]

$REVIEW_PACKET/scratch/source-ON/tests/unit/review_test.c:894: Failure: boundaries_suite -> pending_flush_precedes_received_registration 
	Expected [indication_values[0]] to [equal] [old]
		actual value:			[101]
		expected value:			[100]

$REVIEW_PACKET/scratch/source-ON/tests/unit/review_test.c:904: Failure: boundaries_suite -> pending_flush_precedes_received_registration 
	Expected [indication_count] to [equal] [2]
		actual value:			[3]
		expected value:			[2]

$REVIEW_PACKET/scratch/source-ON/tests/unit/review_test.c:906: Failure: boundaries_suite -> pending_flush_precedes_received_registration 
	Expected [joins] to [equal] [2]
		actual value:			[3]
		expected value:			[2]

$REVIEW_PACKET/scratch/source-ON/tests/unit/review_test.c:892: Failure: boundaries_suite -> pending_flush_precedes_received_registration 
	Expected [indication_count] to [equal] [2]
		actual value:			[1]
		expected value:			[2]

$REVIEW_PACKET/scratch/source-ON/tests/unit/review_test.c:893: Failure: boundaries_suite -> pending_flush_precedes_received_registration 
	Expected [indication_order[0]] to [equal] [10u + type]
		actual value:			[2]
		expected value:			[12]

$REVIEW_PACKET/scratch/source-ON/tests/unit/review_test.c:894: Failure: boundaries_suite -> pending_flush_precedes_received_registration 
	Expected [indication_values[0]] to [equal] [old]
		actual value:			[101]
		expected value:			[100]

$REVIEW_PACKET/scratch/source-ON/tests/unit/review_test.c:895: Failure: boundaries_suite -> pending_flush_precedes_received_registration 
	Expected [indication_order[1]] to [equal] [type]
		actual value:			[12]
		expected value:			[2]

$REVIEW_PACKET/scratch/source-ON/tests/unit/review_test.c:904: Failure: boundaries_suite -> pending_flush_precedes_received_registration 
	Expected [indication_count] to [equal] [2]
		actual value:			[3]
		expected value:			[2]

$REVIEW_PACKET/scratch/source-ON/tests/unit/review_test.c:906: Failure: boundaries_suite -> pending_flush_precedes_received_registration 
	Expected [joins] to [equal] [2]
		actual value:			[3]
		expected value:			[2]

$REVIEW_PACKET/scratch/source-ON/tests/unit/review_test.c:892: Failure: boundaries_suite -> pending_flush_precedes_received_registration 
	Expected [indication_count] to [equal] [2]
		actual value:			[1]
		expected value:			[2]

$REVIEW_PACKET/scratch/source-ON/tests/unit/review_test.c:893: Failure: boundaries_suite -> pending_flush_precedes_received_registration 
	Expected [indication_order[0]] to [equal] [10u + type]
		actual value:			[2]
		expected value:			[12]

$REVIEW_PACKET/scratch/source-ON/tests/unit/review_test.c:894: Failure: boundaries_suite -> pending_flush_precedes_received_registration 
	Expected [indication_values[0]] to [equal] [old]
		actual value:			[101]
		expected value:			[100]

$REVIEW_PACKET/scratch/source-ON/tests/unit/review_test.c:895: Failure: boundaries_suite -> pending_flush_precedes_received_registration 
	Expected [indication_order[1]] to [equal] [type]
		actual value:			[12]
		expected value:			[2]

$REVIEW_PACKET/scratch/source-ON/tests/unit/review_test.c:904: Failure: boundaries_suite -> pending_flush_precedes_received_registration 
	Expected [indication_count] to [equal] [2]
		actual value:			[3]
		expected value:			[2]

$REVIEW_PACKET/scratch/source-ON/tests/unit/review_test.c:906: Failure: boundaries_suite -> pending_flush_precedes_received_registration 
	Expected [joins] to [equal] [2]
		actual value:			[3]
		expected value:			[2]

$REVIEW_PACKET/scratch/source-ON/tests/unit/review_test.c:892: Failure: boundaries_suite -> pending_flush_precedes_received_registration 
	Expected [indication_count] to [equal] [2]
		actual value:			[0]
		expected value:			[2]

$REVIEW_PACKET/scratch/source-ON/tests/unit/review_test.c:893: Failure: boundaries_suite -> pending_flush_precedes_received_registration 
	Expected [indication_order[0]] to [equal] [10u + type]
		actual value:			[3]
		expected value:			[13]

$REVIEW_PACKET/scratch/source-ON/tests/unit/review_test.c:892: Failure: boundaries_suite -> pending_flush_precedes_received_registration 
	Expected [indication_count] to [equal] [2]
		actual value:			[0]
		expected value:			[2]

$REVIEW_PACKET/scratch/source-ON/tests/unit/review_test.c:893: Failure: boundaries_suite -> pending_flush_precedes_received_registration 
	Expected [indication_order[0]] to [equal] [10u + type]
		actual value:			[3]
		expected value:			[13]

$REVIEW_PACKET/scratch/source-ON/tests/unit/review_test.c:892: Failure: boundaries_suite -> pending_flush_precedes_received_registration 
	Expected [indication_count] to [equal] [2]
		actual value:			[0]
		expected value:			[2]

$REVIEW_PACKET/scratch/source-ON/tests/unit/review_test.c:893: Failure: boundaries_suite -> pending_flush_precedes_received_registration 
	Expected [indication_order[0]] to [equal] [10u + type]
		actual value:			[3]
		expected value:			[13]

$REVIEW_PACKET/scratch/source-ON/tests/unit/review_test.c:892: Failure: boundaries_suite -> pending_flush_precedes_received_registration 
	Expected [indication_count] to [equal] [2]
		actual value:			[1]
		expected value:			[2]

$REVIEW_PACKET/scratch/source-ON/tests/unit/review_test.c:893: Failure: boundaries_suite -> pending_flush_precedes_received_registration 
	Expected [indication_order[0]] to [equal] [10u + type]
		actual value:			[3]
		expected value:			[13]

$REVIEW_PACKET/scratch/source-ON/tests/unit/review_test.c:894: Failure: boundaries_suite -> pending_flush_precedes_received_registration 
	Expected [indication_values[0]] to [equal] [old]
		actual value:			[3]
		expected value:			[2]

$REVIEW_PACKET/scratch/source-ON/tests/unit/review_test.c:904: Failure: boundaries_suite -> pending_flush_precedes_received_registration 
	Expected [indication_count] to [equal] [2]
		actual value:			[3]
		expected value:			[2]

$REVIEW_PACKET/scratch/source-ON/tests/unit/review_test.c:906: Failure: boundaries_suite -> pending_flush_precedes_received_registration 
	Expected [joins] to [equal] [2]
		actual value:			[3]
		expected value:			[2]

$REVIEW_PACKET/scratch/source-ON/tests/unit/review_test.c:892: Failure: boundaries_suite -> pending_flush_precedes_received_registration 
	Expected [indication_count] to [equal] [2]
		actual value:			[1]
		expected value:			[2]

$REVIEW_PACKET/scratch/source-ON/tests/unit/review_test.c:893: Failure: boundaries_suite -> pending_flush_precedes_received_registration 
	Expected [indication_order[0]] to [equal] [10u + type]
		actual value:			[3]
		expected value:			[13]

$REVIEW_PACKET/scratch/source-ON/tests/unit/review_test.c:894: Failure: boundaries_suite -> pending_flush_precedes_received_registration 
	Expected [indication_values[0]] to [equal] [old]
		actual value:			[3]
		expected value:			[2]

$REVIEW_PACKET/scratch/source-ON/tests/unit/review_test.c:895: Failure: boundaries_suite -> pending_flush_precedes_received_registration 
	Expected [indication_order[1]] to [equal] [type]
		actual value:			[13]
		expected value:			[3]

$REVIEW_PACKET/scratch/source-ON/tests/unit/review_test.c:904: Failure: boundaries_suite -> pending_flush_precedes_received_registration 
	Expected [indication_count] to [equal] [2]
		actual value:			[3]
		expected value:			[2]

$REVIEW_PACKET/scratch/source-ON/tests/unit/review_test.c:906: Failure: boundaries_suite -> pending_flush_precedes_received_registration 
	Expected [joins] to [equal] [2]
		actual value:			[3]
		expected value:			[2]

$REVIEW_PACKET/scratch/source-ON/tests/unit/review_test.c:892: Failure: boundaries_suite -> pending_flush_precedes_received_registration 
	Expected [indication_count] to [equal] [2]
		actual value:			[1]
		expected value:			[2]

$REVIEW_PACKET/scratch/source-ON/tests/unit/review_test.c:893: Failure: boundaries_suite -> pending_flush_precedes_received_registration 
	Expected [indication_order[0]] to [equal] [10u + type]
		actual value:			[3]
		expected value:			[13]

$REVIEW_PACKET/scratch/source-ON/tests/unit/review_test.c:894: Failure: boundaries_suite -> pending_flush_precedes_received_registration 
	Expected [indication_values[0]] to [equal] [old]
		actual value:			[3]
		expected value:			[2]

$REVIEW_PACKET/scratch/source-ON/tests/unit/review_test.c:895: Failure: boundaries_suite -> pending_flush_precedes_received_registration 
	Expected [indication_order[1]] to [equal] [type]
		actual value:			[13]
		expected value:			[3]

$REVIEW_PACKET/scratch/source-ON/tests/unit/review_test.c:904: Failure: boundaries_suite -> pending_flush_precedes_received_registration 
	Expected [indication_count] to [equal] [2]
		actual value:			[3]
		expected value:			[2]

$REVIEW_PACKET/scratch/source-ON/tests/unit/review_test.c:906: Failure: boundaries_suite -> pending_flush_precedes_received_registration 
	Expected [joins] to [equal] [2]
		actual value:			[3]
		expected value:			[2]

$REVIEW_PACKET/scratch/source-ON/tests/unit/review_test.c:892: Failure: boundaries_suite -> pending_flush_precedes_received_registration 
	Expected [indication_count] to [equal] [2]
		actual value:			[0]
		expected value:			[2]

$REVIEW_PACKET/scratch/source-ON/tests/unit/review_test.c:893: Failure: boundaries_suite -> pending_flush_precedes_received_registration 
	Expected [indication_order[0]] to [equal] [10u + type]
		actual value:			[3]
		expected value:			[13]

$REVIEW_PACKET/scratch/source-ON/tests/unit/review_test.c:892: Failure: boundaries_suite -> pending_flush_precedes_received_registration 
	Expected [indication_count] to [equal] [2]
		actual value:			[0]
		expected value:			[2]

$REVIEW_PACKET/scratch/source-ON/tests/unit/review_test.c:893: Failure: boundaries_suite -> pending_flush_precedes_received_registration 
	Expected [indication_order[0]] to [equal] [10u + type]
		actual value:			[3]
		expected value:			[13]

$REVIEW_PACKET/scratch/source-ON/tests/unit/review_test.c:892: Failure: boundaries_suite -> pending_flush_precedes_received_registration 
	Expected [indication_count] to [equal] [2]
		actual value:			[0]
		expected value:			[2]

$REVIEW_PACKET/scratch/source-ON/tests/unit/review_test.c:893: Failure: boundaries_suite -> pending_flush_precedes_received_registration 
	Expected [indication_order[0]] to [equal] [10u + type]
		actual value:			[3]
		expected value:			[13]

$REVIEW_PACKET/scratch/source-ON/tests/unit/review_test.c:892: Failure: boundaries_suite -> pending_flush_precedes_received_registration 
	Expected [indication_count] to [equal] [2]
		actual value:			[1]
		expected value:			[2]

$REVIEW_PACKET/scratch/source-ON/tests/unit/review_test.c:893: Failure: boundaries_suite -> pending_flush_precedes_received_registration 
	Expected [indication_order[0]] to [equal] [10u + type]
		actual value:			[3]
		expected value:			[13]

$REVIEW_PACKET/scratch/source-ON/tests/unit/review_test.c:894: Failure: boundaries_suite -> pending_flush_precedes_received_registration 
	Expected [indication_values[0]] to [equal] [old]
		actual value:			[3]
		expected value:			[2]

$REVIEW_PACKET/scratch/source-ON/tests/unit/review_test.c:904: Failure: boundaries_suite -> pending_flush_precedes_received_registration 
	Expected [indication_count] to [equal] [2]
		actual value:			[3]
		expected value:			[2]

$REVIEW_PACKET/scratch/source-ON/tests/unit/review_test.c:906: Failure: boundaries_suite -> pending_flush_precedes_received_registration 
	Expected [joins] to [equal] [2]
		actual value:			[3]
		expected value:			[2]

$REVIEW_PACKET/scratch/source-ON/tests/unit/review_test.c:892: Failure: boundaries_suite -> pending_flush_precedes_received_registration 
	Expected [indication_count] to [equal] [2]
		actual value:			[1]
		expected value:			[2]

$REVIEW_PACKET/scratch/source-ON/tests/unit/review_test.c:893: Failure: boundaries_suite -> pending_flush_precedes_received_registration 
	Expected [indication_order[0]] to [equal] [10u + type]
		actual value:			[3]
		expected value:			[13]

$REVIEW_PACKET/scratch/source-ON/tests/unit/review_test.c:894: Failure: boundaries_suite -> pending_flush_precedes_received_registration 
	Expected [indication_values[0]] to [equal] [old]
		actual value:			[3]
		expected value:			[2]

$REVIEW_PACKET/scratch/source-ON/tests/unit/review_test.c:895: Failure: boundaries_suite -> pending_flush_precedes_received_registration 
	Expected [indication_order[1]] to [equal] [type]
		actual value:			[13]
		expected value:			[3]

$REVIEW_PACKET/scratch/source-ON/tests/unit/review_test.c:904: Failure: boundaries_suite -> pending_flush_precedes_received_registration 
	Expected [indication_count] to [equal] [2]
		actual value:			[3]
		expected value:			[2]

$REVIEW_PACKET/scratch/source-ON/tests/unit/review_test.c:906: Failure: boundaries_suite -> pending_flush_precedes_received_registration 
	Expected [joins] to [equal] [2]
		actual value:			[3]
		expected value:			[2]

$REVIEW_PACKET/scratch/source-ON/tests/unit/review_test.c:892: Failure: boundaries_suite -> pending_flush_precedes_received_registration 
	Expected [indication_count] to [equal] [2]
		actual value:			[1]
		expected value:			[2]

$REVIEW_PACKET/scratch/source-ON/tests/unit/review_test.c:893: Failure: boundaries_suite -> pending_flush_precedes_received_registration 
	Expected [indication_order[0]] to [equal] [10u + type]
		actual value:			[3]
		expected value:			[13]

$REVIEW_PACKET/scratch/source-ON/tests/unit/review_test.c:894: Failure: boundaries_suite -> pending_flush_precedes_received_registration 
	Expected [indication_values[0]] to [equal] [old]
		actual value:			[3]
		expected value:			[2]

$REVIEW_PACKET/scratch/source-ON/tests/unit/review_test.c:895: Failure: boundaries_suite -> pending_flush_precedes_received_registration 
	Expected [indication_order[1]] to [equal] [type]
		actual value:			[13]
		expected value:			[3]

$REVIEW_PACKET/scratch/source-ON/tests/unit/review_test.c:904: Failure: boundaries_suite -> pending_flush_precedes_received_registration 
	Expected [indication_count] to [equal] [2]
		actual value:			[3]
		expected value:			[2]

$REVIEW_PACKET/scratch/source-ON/tests/unit/review_test.c:906: Failure: boundaries_suite -> pending_flush_precedes_received_registration 
	Expected [joins] to [equal] [2]
		actual value:			[3]
		expected value:			[2]

  "boundaries_suite": 13447 passes, 138 failures in 70ms.
Completed "main": 16164 passes, 138 failures in 110ms.
