COMMAND: ["cmake", "-S", "$REVIEWS/665f4-r533-1-packet/scratch/cgreen-src", "-B", "$REVIEWS/665f4-r533-1-packet/scratch/cgreen-build", "-DCMAKE_BUILD_TYPE=Release", "-DCGREEN_WITH_UNIT_TESTS=OFF", "-DCGREEN_WITH_LIBXML2=OFF", "-DCMAKE_POLICY_VERSION_MINIMUM=3.5"]
-- The C compiler identification is GNU 16.2.1
-- The CXX compiler identification is GNU 16.2.1
-- Detecting C compiler ABI info
-- Detecting C compiler ABI info - done
-- Check for working C compiler: /usr/bin/cc - skipped
-- Detecting C compile features
-- Detecting C compile features - done
-- Detecting CXX compiler ABI info
-- Detecting CXX compiler ABI info - done
-- Check for working CXX compiler: /usr/bin/c++ - skipped
-- Detecting CXX compile features
-- Detecting CXX compile features - done
-- Performing Test CMAKE_HAVE_LIBC_PTHREAD
-- Performing Test CMAKE_HAVE_LIBC_PTHREAD - Success
-- Found Threads: TRUE
-- Performing Test WITH_FPIC
-- Performing Test WITH_FPIC - Success
-- Performing Test WITH_FORTIFY_SOURCE
-- Performing Test WITH_FORTIFY_SOURCE - Success
-- Configuring done (1.0s)
-- Generating done (0.0s)
-- Build files have been written to: $REVIEWS/665f4-r533-1-packet/scratch/cgreen-build
