COMMAND: ["python3", "$REVIEWS/665f4-r533-1-packet/scripts/upstream_gate.py", "$REVIEWS/r533-1-665f4"]
RUN ['cmake', '-S', '$REVIEWS/r533-1-665f4/third_party/lwSRP', '-B', '$REVIEWS/665f4-r533-1-packet/scratch/upstream', '-DCGREEN_LIB=$REVIEWS/665f4-r533-1-packet/scratch/cgreen-build/src/libcgreen.so', '-DCGREEN_INCLUDE=$REVIEWS/665f4-r533-1-packet/scratch/cgreen-src/include']
-- Configuring done (0.1s)
-- Generating done (0.0s)
-- Build files have been written to: $REVIEWS/665f4-r533-1-packet/scratch/upstream
RUN ['make', '-C', '$REVIEWS/665f4-r533-1-packet/scratch/upstream', '-j16']
make: Entering directory '$REVIEWS/665f4-r533-1-packet/scratch/upstream'
[ 58%] Built target shlan
[ 64%] Building C object CMakeFiles/unit_tests.dir/tests/unit/timer_test.c.o
[ 76%] Building C object CMakeFiles/unit_tests.dir/tests/unit/placeholder.c.o
[ 76%] Building C object CMakeFiles/unit_tests.dir/tests/unit/transmit_test.c.o
[ 88%] Building C object CMakeFiles/unit_tests.dir/tests/unit/receive_test.c.o
[ 88%] Building C object CMakeFiles/unit_tests.dir/tests/unit/msrp_values_test.c.o
[ 94%] Building C object CMakeFiles/unit_tests.dir/tests/unit/mrp_pdu_test.c.o
[100%] Linking C executable unit_tests
[100%] Built target unit_tests
make: Leaving directory '$REVIEWS/665f4-r533-1-packet/scratch/upstream'
RUN ['$REVIEWS/665f4-r533-1-packet/scratch/upstream/unit_tests']
Running "main" (24 tests)...
  "mrp_pdu_suite": 1690 passes in 11ms.
  "timer_suite": 14 passes in 2ms.
  "msrp_values_suite": 23 passes in 1ms.
  "receive_suite": 83 passes in 3ms.
  "transmit_suite": 104 passes in 3ms.
Completed "main": 1914 passes in 20ms.
USING RUNNER: behave.runner:Runner
Feature: Switch port management # third_party/lwSRP/tests/features/switch.feature:2

  Feature: Switch port management  # third_party/lwSRP/tests/features/switch.feature:2

  Scenario: Enable a port         # third_party/lwSRP/tests/features/switch.feature:7
    Given the switch is connected # third_party/lwSRP/tests/features/steps/switch_steps.py:6
    When port 0 is enabled        # third_party/lwSRP/tests/features/steps/switch_steps.py:17
    Then port 0 should be active  # third_party/lwSRP/tests/features/steps/switch_steps.py:27

  Scenario: Disable a port         # third_party/lwSRP/tests/features/switch.feature:11
    Given the switch is connected  # third_party/lwSRP/tests/features/steps/switch_steps.py:6
    Given port 0 is enabled        # third_party/lwSRP/tests/features/steps/switch_steps.py:12
    When port 0 is disabled        # third_party/lwSRP/tests/features/steps/switch_steps.py:22
    Then port 0 should be inactive # third_party/lwSRP/tests/features/steps/switch_steps.py:34

  Scenario: Reject an out-of-range port  # third_party/lwSRP/tests/features/switch.feature:16
    Given the switch is connected        # third_party/lwSRP/tests/features/steps/switch_steps.py:6
    When port 255 is enabled             # third_party/lwSRP/tests/features/steps/switch_steps.py:17
    Then the operation should fail       # third_party/lwSRP/tests/features/steps/switch_steps.py:40

1 feature passed, 0 failed, 0 skipped
3 scenarios passed, 0 failed, 0 skipped
10 steps passed, 0 failed, 0 skipped
Took 0min 0.000s
