Copyright 1986-2022 Xilinx, Inc. All Rights Reserved. Copyright 2022-2026 Advanced Micro Devices, Inc. All Rights Reserved.
---------------------------------------------------------------------------------------------------------------------------------------------
| Tool Version : Vivado v.2026.1 (lin64) Build 6511674 Tue Jun 16 11:01:26 MDT 2026
| Date         : Sat Oct  3 21:08:09 2026
| Host         : archlinux running 64-bit unknown
| Command      : report_utilization -hierarchical -hierarchical_depth 10 -hierarchical_min_primitive_count 0 -file baseline_hierarchy.rpt
| Design       : KL_pp_shadow
| Device       : xc7a100tfgg484-2
| Speed File   : -2
| Design State : Synthesized
---------------------------------------------------------------------------------------------------------------------------------------------

Utilization Design Information

Table of Contents
-----------------
1. Utilization by Hierarchy

1. Utilization by Hierarchy
---------------------------

+-----------------------------+-------------------------------------+------------+------------+---------+------+-------+--------+--------+------------+
|           Instance          |                Module               | Total LUTs | Logic LUTs | LUTRAMs | SRLs |  FFs  | RAMB36 | RAMB18 | DSP Blocks |
+-----------------------------+-------------------------------------+------------+------------+---------+------+-------+--------+--------+------------+
| KL_pp_shadow                |                               (top) |      30458 |      28556 |    1902 |    0 | 31793 |     26 |      5 |          8 |
|   (KL_pp_shadow)            |                               (top) |         10 |         10 |       0 |    0 |   327 |      0 |      0 |          0 |
|   ctl_fifo                  |                           axis_fifo |         79 |         79 |       0 |    0 |    33 |      1 |      1 |          0 |
|   u_nvm                     |                      KL_nvm_backend |       1116 |       1116 |       0 |    0 |  1034 |      0 |      0 |          4 |
|   u_pp                      |              protocol_processor_top |      29262 |      27360 |    1902 |    0 | 30399 |     25 |      4 |          4 |
|     (u_pp)                  |              protocol_processor_top |        609 |        609 |       0 |    0 |  4607 |      0 |      0 |          0 |
|     g_rx_pool[0].u_rx_slots |                      KL_pp_rx_slots |         42 |         42 |       0 |    0 |    38 |      1 |      0 |          0 |
|     g_rx_pool[1].u_rx_slots |                    KL_pp_rx_slots_0 |         30 |         30 |       0 |    0 |    22 |      1 |      0 |          0 |
|     g_rx_pool[2].u_rx_slots |                    KL_pp_rx_slots_1 |         52 |         52 |       0 |    0 |    62 |      1 |      0 |          0 |
|     g_rx_pool[4].u_rx_slots |                    KL_pp_rx_slots_2 |         31 |         31 |       0 |    0 |    22 |      1 |      0 |          0 |
|     g_rx_pool[5].u_rx_slots |                    KL_pp_rx_slots_3 |         96 |         96 |       0 |    0 |    62 |      1 |      0 |          0 |
|     u_adp                   |                       KL_adp_engine |        803 |        803 |       0 |    0 |   465 |      1 |      0 |          1 |
|     u_aecp                  |                      KL_aecp_engine |       6054 |       5834 |     220 |    0 |  4684 |      7 |      0 |          1 |
|       (u_aecp)              |                      KL_aecp_engine |       1386 |       1386 |       0 |    0 |  1096 |      1 |      0 |          0 |
|       u_d3                  |                  KL_aecp_nvm_writer |       1193 |       1193 |       0 |    0 |   530 |      0 |      0 |          0 |
|       u_dyn                 |                   KL_aecp_dyn_state |        511 |        511 |       0 |    0 |  1609 |      0 |      0 |          0 |
|       u_resp                |                    KL_aecp_resp_buf |        340 |        340 |       0 |    0 |   260 |      0 |      0 |          0 |
|       u_store               |                  KL_aecp_desc_store |       1035 |        947 |      88 |    0 |   694 |      3 |      0 |          1 |
|       u_ucpu                |                        KL_aecp_ucpu |       1610 |       1478 |     132 |    0 |   495 |      3 |      0 |          0 |
|     u_ca_builder            |               KL_aecp_ca_originator |        155 |        155 |       0 |    0 |   152 |      0 |      0 |          0 |
|     u_desc_mem_guard        |              KL_aecp_desc_mem_guard |          1 |          1 |       0 |    0 |     1 |      0 |      0 |          0 |
|     u_dispatch              |                      KL_pp_dispatch |        884 |        368 |     516 |    0 |   815 |      0 |      0 |          0 |
|       (u_dispatch)          |                      KL_pp_dispatch |         29 |         29 |       0 |    0 |    48 |      0 |      0 |          0 |
|       u_acmp_q              |                 KL_pp_dispatch_fifo |        292 |        156 |     136 |    0 |   204 |      0 |      0 |          0 |
|       u_adp_q               |               KL_pp_dispatch_fifo_4 |         69 |          9 |      60 |    0 |    88 |      0 |      0 |          0 |
|       u_aecp_q              |               KL_pp_dispatch_fifo_5 |        360 |        168 |     192 |    0 |   287 |      0 |      0 |          0 |
|       u_maap_q              | KL_pp_dispatch_fifo__parameterized0 |        134 |          6 |     128 |    0 |   188 |      0 |      0 |          0 |
|     u_event_router          |                  KL_pp_event_router |        391 |        391 |       0 |    0 |   129 |      0 |      0 |          0 |
|     u_listener              |                 KL_pp_acmp_listener |       1493 |       1493 |       0 |    0 |  1124 |      5 |      0 |          0 |
|     u_lsn_admit             |                KL_pp_acmp_lsn_admit |          1 |          1 |       0 |    0 |     1 |      0 |      0 |          0 |
|     u_maap                  |                          KL_pp_maap |        807 |        807 |       0 |    0 |   506 |      0 |      0 |          0 |
|     u_mrp_strip             |                        KL_mrp_strip |         71 |         71 |       0 |    0 |   107 |      1 |      0 |          0 |
|     u_normalizer            |                    KL_pp_normalizer |         77 |         77 |       0 |    0 |   353 |      0 |      0 |          0 |
|     u_notify                |                      KL_aecp_notify |       2396 |       1436 |     960 |    0 |  1753 |      0 |      0 |          0 |
|     u_nvm_arb               |                   KL_pp_nvm_mgr_arb |         15 |         15 |       0 |    0 |     4 |      0 |      0 |          0 |
|     u_nvm_port              |                      KL_pp_nvm_port |        520 |        520 |       0 |    0 |   160 |      0 |      0 |          0 |
|     u_nvm_shadow            |                  KL_acmp_nvm_shadow |        784 |        784 |       0 |    0 |  1013 |      2 |      1 |          0 |
|     u_originator            |                    KL_pp_originator |        761 |        741 |      20 |    0 |   881 |      0 |      0 |          0 |
|     u_prng                  |                          KL_pp_prng |        163 |        163 |       0 |    0 |   150 |      0 |      0 |          0 |
|     u_release_merge         |                 KL_pp_release_merge |          0 |          0 |       0 |    0 |     4 |      0 |      0 |          0 |
|     u_rx_validator          |                  KL_pp_rx_validator |        510 |        510 |       0 |    0 |   789 |      0 |      1 |          0 |
|     u_scoreboard            |                    KL_pp_scoreboard |        133 |        133 |       0 |    0 |   169 |      0 |      0 |          0 |
|     u_side_port             |                     KL_pp_side_port |         54 |         54 |       0 |    0 |     6 |      0 |      0 |          0 |
|     u_srp                   |                          KL_srp_top |       8710 |       8524 |     186 |    0 | 11191 |      0 |      1 |          2 |
|       (u_srp)               |                          KL_srp_top |       1007 |       1007 |       0 |    0 |  3387 |      0 |      0 |          0 |
|       u_admission           |                    KL_srp_admission |        847 |        847 |       0 |    0 |   977 |      0 |      0 |          2 |
|       u_decoder             |                      KL_srp_decoder |        856 |        856 |       0 |    0 |   630 |      0 |      1 |          0 |
|       u_domain              |                       KL_srp_domain |         59 |         59 |       0 |    0 |   108 |      0 |      0 |          0 |
|       u_encoder             |                      KL_srp_encoder |       1452 |       1278 |     174 |    0 |  1088 |      0 |      0 |          0 |
|       u_listener            |                 KL_srp_listener_fsm |       2083 |       2083 |       0 |    0 |  2615 |      0 |      0 |          0 |
|       u_talker              |                   KL_srp_talker_fsm |       2150 |       2150 |       0 |    0 |  2260 |      0 |      0 |          0 |
|       u_vlan                |                         KL_srp_vlan |        256 |        244 |      12 |    0 |   126 |      0 |      0 |          0 |
|     u_talker                |                      KL_acmp_talker |       1524 |       1524 |       0 |    0 |   569 |      1 |      1 |          0 |
|     u_timer                 |                 KL_pp_timer_service |       1634 |       1634 |       0 |    0 |   217 |      1 |      0 |          0 |
|     u_trace                 |                    KL_pp_trace_ring |         28 |         28 |       0 |    0 |    18 |      1 |      0 |          0 |
|     u_tx_arbiter            |                    KL_pp_tx_arbiter |        218 |        218 |       0 |    0 |   187 |      0 |      0 |          0 |
|     u_tx_slots              |                      KL_pp_tx_slots |        226 |        226 |       0 |    0 |   138 |      1 |      0 |          0 |
+-----------------------------+-------------------------------------+------------+------------+---------+------+-------+--------+--------+------------+


