  info: INTERNAL: 2 slips in 5.098 s (beat 3.519 s); margin at the set +0.008..+1.006 ticks
  info: t=5.098000 s  CLOCK_SOURCE <- 2
  info: INTERNAL-to-AAF: LOCKED 6.657 s after the set; trim -5.812 ppm at the end
  info: slip (dup) at 3.5204 s after the set, -3.1367 s from LOCKED
  info: render recentre at 0.0428 s after the set, -6.6143 s from LOCKED
  info: render recentre at 10.7532 s after the set, +4.0962 s from LOCKED
  info: INTERNAL, last second      [   4.098,    5.098) s: ring slips 1+0, margin +0.008..+1.006 ticks; render n 8000 fill 12..13 (off-law 8000), delay 6.912..7.204 (out of band 8000), end-to-pop clearance 0.004 ticks NOT GRADABLE
  info: set to LOCKED              [   5.098,   11.755) s: ring slips 1+0, margin +0.008..+1.014 ticks; render n 53254 fill 12..14 (off-law 27502), delay 6.897..8.909 (out of band 27789), end-to-pop clearance 0.003 ticks NOT GRADABLE
  info: LOCKED to the settle       [  11.755,   15.851) s: ring slips 0+0, margin +0.545..+5.553 ticks; render n 32767 fill 13..13 (off-law 32767), delay 7.450..7.488 (out of band 32767), end-to-pop clearance 0.450 ticks
  info: settle to the hold's end   [  15.851,   45.098) s: ring slips 0+0, margin +5.545..+5.560 ticks; render n 233970 fill 14..14 (off-law 0), delay 8.448..8.463 (out of band 0), end-to-pop clearance 0.448 ticks
  info: [B8]: settle recentre fired (1 pulse(s), render recentre executed 1); slips before it 1, after it 0; after it the loopback margin +5.545..+5.560 ticks, render fill 14..14 delay 8.448..8.463, on the law
MARGINS: [B8] empty 5.544960 full 5.521920 ticks
  info: [B8]: settle recentre 10.7531 s after the start, 4.0960 s after LOCKED
ERROR-DISTRIBUTION: INTERNAL before switch window 4.598000000 5.098000000 samples 24000 axis_hz 6250000 histogram -1:28 0:23942 1:30
ERROR-DISTRIBUTION: AAF after settle window 15.851245520 45.098000000 samples 1403829 axis_hz 6250000 histogram -1:23041 0:1356392 1:24396
RESULT-645: phase 0.0000 jitter 0.0 us tail 0.0 us p 0e+00: slips set-to-settle 1 (declared bound 3), after the settle 0, margin at LOCKED +0.561..+0.576, after the settle +5.545..+5.560 ticks, LOCKED 6.66 s, settle +4.096 s after LOCKED, render after the settle fill 14..14 delay 8.448..8.463 (on the law)
  info: t=45.098000 s  CLOCK_SOURCE <- 1
  info: [SW] AAF to CRF:: LOCKED 3.009 s after; ring slips 0; margin +5.553 before the switch, +5.553 before its settle recentre
  info: [SW] AAF to CRF:           [  45.098,   65.098) s: ring slips 0+0, margin +5.537..+5.553 ticks; render n 159997 fill 14..14 (off-law 0), delay 8.448..8.463 (out of band 0), end-to-pop clearance 0.448 ticks
  info: [SW] AAF to CRF:: settle recentre fired (1 pulse(s), render recentre executed 1); slips before it 0, after it 0; after it the loopback margin +5.537..+5.553 ticks, render fill 14..14 delay 8.448..8.463, on the law
MARGINS: [SW] AAF to CRF: empty 5.537280 full 5.521920 ticks
  info: [SW] AAF to CRF:: settle recentre 7.1055 s after the start, 4.0960 s after LOCKED
ERROR-DISTRIBUTION: [SW] AAF to CRF: window 52.203646160 65.098000000 samples 618922 axis_hz 6250000 histogram -1:13427 0:591487 1:14008
RESULT-645-SW: [SW] AAF to CRF: phase 0.0000 jitter 0.0 us tail 0.0 us p 0e+00: LOCKED 3.01 s, slips 0, drift +0.000 ticks, settle +4.096 s after LOCKED, margin after +5.537..+5.553, render on the law
  info: t=65.098000 s  CLOCK_SOURCE <- 2
  info: [SW] CRF to AAF:: LOCKED 6.050 s after; ring slips 0; margin +5.553 before the switch, +5.522 before its settle recentre
  info: [SW] CRF to AAF:           [  65.098,   85.098) s: ring slips 0+0, margin +5.507..+5.553 ticks; render n 159997 fill 14..14 (off-law 0), delay 8.417..8.456 (out of band 0), end-to-pop clearance 0.417 ticks
  info: [SW] CRF to AAF:: settle recentre fired (1 pulse(s), render recentre executed 1); slips before it 0, after it 0; after it the loopback margin +5.507..+5.522 ticks, render fill 14..14 delay 8.417..8.425, on the law
MARGINS: [SW] CRF to AAF: empty 5.506560 full 5.552640 ticks
  info: [SW] CRF to AAF:: settle recentre 10.1458 s after the start, 4.0960 s after LOCKED
ERROR-DISTRIBUTION: [SW] CRF to AAF: window 75.243900080 85.098000000 samples 472992 axis_hz 6250000 histogram -1:7651 0:456781 1:8560
RESULT-645-SW: [SW] CRF to AAF: phase 0.0000 jitter 0.0 us tail 0.0 us p 0e+00: LOCKED 6.05 s, slips 0, drift -0.031 ticks, settle +4.096 s after LOCKED, margin after +5.507..+5.522, render on the law
== follow_ring: checks: 40   failures: 0 ==
RESULT: PASS
