Test project $PACKET/scratch/reversals-OFF/build
    Start 1: unit
1/1 Test #1: unit .............................***Failed    0.07 sec
Running "main" (75 tests)...
  "mrp_pdu_suite": 1690 passes in 13ms.
  "timer_suite": 14 passes in 1ms.
  "msrp_values_suite": 23 passes in 1ms.
  "receive_suite": 83 passes in 4ms.
  "transmit_suite": 106 passes in 4ms.
  "integration_suite": 371 passes in 9ms.
  "milan_suite": 442 passes in 11ms.
$PACKET/scratch/reversals-OFF/source/tests/unit/review_test.c:474: Failure: boundaries_suite -> changed_values_after_received_leaveall_are_indicated_and_propagated 
	Expected [maps] to [equal] [2]
		actual value:			[1]
		expected value:			[2]

$PACKET/scratch/reversals-OFF/source/tests/unit/review_test.c:477: Failure: boundaries_suite -> changed_values_after_received_leaveall_are_indicated_and_propagated 
	Expected [stream_state(a, 1).value] to [equal] [next]
		actual value:			[100]
		expected value:			[200]

$PACKET/scratch/reversals-OFF/source/tests/unit/review_test.c:478: Failure: boundaries_suite -> changed_values_after_received_leaveall_are_indicated_and_propagated 
	Expected [stream_state(a, 2).value] to [equal] [next]
		actual value:			[100]
		expected value:			[200]

$PACKET/scratch/reversals-OFF/source/tests/unit/review_test.c:474: Failure: boundaries_suite -> changed_values_after_received_leaveall_are_indicated_and_propagated 
	Expected [maps] to [equal] [2]
		actual value:			[1]
		expected value:			[2]

$PACKET/scratch/reversals-OFF/source/tests/unit/review_test.c:477: Failure: boundaries_suite -> changed_values_after_received_leaveall_are_indicated_and_propagated 
	Expected [stream_state(a, 1).value] to [equal] [next]
		actual value:			[100]
		expected value:			[200]

$PACKET/scratch/reversals-OFF/source/tests/unit/review_test.c:478: Failure: boundaries_suite -> changed_values_after_received_leaveall_are_indicated_and_propagated 
	Expected [stream_state(a, 2).value] to [equal] [next]
		actual value:			[100]
		expected value:			[200]

$PACKET/scratch/reversals-OFF/source/tests/unit/review_test.c:474: Failure: boundaries_suite -> changed_values_after_received_leaveall_are_indicated_and_propagated 
	Expected [maps] to [equal] [2]
		actual value:			[1]
		expected value:			[2]

$PACKET/scratch/reversals-OFF/source/tests/unit/review_test.c:477: Failure: boundaries_suite -> changed_values_after_received_leaveall_are_indicated_and_propagated 
	Expected [stream_state(a, 1).value] to [equal] [next]
		actual value:			[2]
		expected value:			[1]

$PACKET/scratch/reversals-OFF/source/tests/unit/review_test.c:478: Failure: boundaries_suite -> changed_values_after_received_leaveall_are_indicated_and_propagated 
	Expected [stream_state(a, 2).value] to [equal] [next]
		actual value:			[2]
		expected value:			[1]

$PACKET/scratch/reversals-OFF/source/tests/unit/review_test.c:474: Failure: boundaries_suite -> changed_values_after_received_leaveall_are_indicated_and_propagated 
	Expected [maps] to [equal] [2]
		actual value:			[1]
		expected value:			[2]

$PACKET/scratch/reversals-OFF/source/tests/unit/review_test.c:477: Failure: boundaries_suite -> changed_values_after_received_leaveall_are_indicated_and_propagated 
	Expected [stream_state(a, 1).value] to [equal] [next]
		actual value:			[2]
		expected value:			[1]

$PACKET/scratch/reversals-OFF/source/tests/unit/review_test.c:478: Failure: boundaries_suite -> changed_values_after_received_leaveall_are_indicated_and_propagated 
	Expected [stream_state(a, 2).value] to [equal] [next]
		actual value:			[2]
		expected value:			[1]

$PACKET/scratch/reversals-OFF/source/tests/unit/review_test.c:24: Failure: boundaries_suite -> changed_values_after_received_leaveall_are_indicated_and_propagated 
	Expected [allocation_live()] to [equal] [0]
		actual value:			[12]
		expected value:			[0]

$PACKET/scratch/reversals-OFF/source/tests/unit/review_test.c:474: Failure: boundaries_suite -> changed_values_after_transmitted_leaveall_are_indicated_and_propagated 
	Expected [maps] to [equal] [2]
		actual value:			[1]
		expected value:			[2]

$PACKET/scratch/reversals-OFF/source/tests/unit/review_test.c:477: Failure: boundaries_suite -> changed_values_after_transmitted_leaveall_are_indicated_and_propagated 
	Expected [stream_state(a, 1).value] to [equal] [next]
		actual value:			[100]
		expected value:			[200]

$PACKET/scratch/reversals-OFF/source/tests/unit/review_test.c:478: Failure: boundaries_suite -> changed_values_after_transmitted_leaveall_are_indicated_and_propagated 
	Expected [stream_state(a, 2).value] to [equal] [next]
		actual value:			[100]
		expected value:			[200]

$PACKET/scratch/reversals-OFF/source/tests/unit/review_test.c:474: Failure: boundaries_suite -> changed_values_after_transmitted_leaveall_are_indicated_and_propagated 
	Expected [maps] to [equal] [2]
		actual value:			[1]
		expected value:			[2]

$PACKET/scratch/reversals-OFF/source/tests/unit/review_test.c:477: Failure: boundaries_suite -> changed_values_after_transmitted_leaveall_are_indicated_and_propagated 
	Expected [stream_state(a, 1).value] to [equal] [next]
		actual value:			[100]
		expected value:			[200]

$PACKET/scratch/reversals-OFF/source/tests/unit/review_test.c:478: Failure: boundaries_suite -> changed_values_after_transmitted_leaveall_are_indicated_and_propagated 
	Expected [stream_state(a, 2).value] to [equal] [next]
		actual value:			[100]
		expected value:			[200]

$PACKET/scratch/reversals-OFF/source/tests/unit/review_test.c:474: Failure: boundaries_suite -> changed_values_after_transmitted_leaveall_are_indicated_and_propagated 
	Expected [maps] to [equal] [2]
		actual value:			[1]
		expected value:			[2]

$PACKET/scratch/reversals-OFF/source/tests/unit/review_test.c:477: Failure: boundaries_suite -> changed_values_after_transmitted_leaveall_are_indicated_and_propagated 
	Expected [stream_state(a, 1).value] to [equal] [next]
		actual value:			[2]
		expected value:			[1]

$PACKET/scratch/reversals-OFF/source/tests/unit/review_test.c:478: Failure: boundaries_suite -> changed_values_after_transmitted_leaveall_are_indicated_and_propagated 
	Expected [stream_state(a, 2).value] to [equal] [next]
		actual value:			[2]
		expected value:			[1]

$PACKET/scratch/reversals-OFF/source/tests/unit/review_test.c:474: Failure: boundaries_suite -> changed_values_after_transmitted_leaveall_are_indicated_and_propagated 
	Expected [maps] to [equal] [2]
		actual value:			[1]
		expected value:			[2]

$PACKET/scratch/reversals-OFF/source/tests/unit/review_test.c:477: Failure: boundaries_suite -> changed_values_after_transmitted_leaveall_are_indicated_and_propagated 
	Expected [stream_state(a, 1).value] to [equal] [next]
		actual value:			[2]
		expected value:			[1]

$PACKET/scratch/reversals-OFF/source/tests/unit/review_test.c:478: Failure: boundaries_suite -> changed_values_after_transmitted_leaveall_are_indicated_and_propagated 
	Expected [stream_state(a, 2).value] to [equal] [next]
		actual value:			[2]
		expected value:			[1]

$PACKET/scratch/reversals-OFF/source/tests/unit/review_test.c:24: Failure: boundaries_suite -> changed_values_after_transmitted_leaveall_are_indicated_and_propagated 
	Expected [allocation_live()] to [equal] [0]
		actual value:			[12]
		expected value:			[0]

$PACKET/scratch/reversals-OFF/source/tests/unit/review_test.c:539: Failure: boundaries_suite -> changed_value_allocation_failure_preserves_retry 
	Expected [stream_state(a, 1).value] to [equal] [next]
		actual value:			[100]
		expected value:			[200]

$PACKET/scratch/reversals-OFF/source/tests/unit/review_test.c:540: Failure: boundaries_suite -> changed_value_allocation_failure_preserves_retry 
	Expected [stream_state(a, 2).value] to [equal] [next]
		actual value:			[100]
		expected value:			[200]

$PACKET/scratch/reversals-OFF/source/tests/unit/review_test.c:539: Failure: boundaries_suite -> changed_value_allocation_failure_preserves_retry 
	Expected [stream_state(a, 1).value] to [equal] [next]
		actual value:			[100]
		expected value:			[200]

$PACKET/scratch/reversals-OFF/source/tests/unit/review_test.c:540: Failure: boundaries_suite -> changed_value_allocation_failure_preserves_retry 
	Expected [stream_state(a, 2).value] to [equal] [next]
		actual value:			[100]
		expected value:			[200]

$PACKET/scratch/reversals-OFF/source/tests/unit/review_test.c:539: Failure: boundaries_suite -> changed_value_allocation_failure_preserves_retry 
	Expected [stream_state(a, 1).value] to [equal] [next]
		actual value:			[2]
		expected value:			[1]

$PACKET/scratch/reversals-OFF/source/tests/unit/review_test.c:540: Failure: boundaries_suite -> changed_value_allocation_failure_preserves_retry 
	Expected [stream_state(a, 2).value] to [equal] [next]
		actual value:			[2]
		expected value:			[1]

$PACKET/scratch/reversals-OFF/source/tests/unit/review_test.c:539: Failure: boundaries_suite -> changed_value_allocation_failure_preserves_retry 
	Expected [stream_state(a, 1).value] to [equal] [next]
		actual value:			[2]
		expected value:			[1]

$PACKET/scratch/reversals-OFF/source/tests/unit/review_test.c:540: Failure: boundaries_suite -> changed_value_allocation_failure_preserves_retry 
	Expected [stream_state(a, 2).value] to [equal] [next]
		actual value:			[2]
		expected value:			[1]

$PACKET/scratch/reversals-OFF/source/tests/unit/review_test.c:24: Failure: boundaries_suite -> changed_value_allocation_failure_preserves_retry 
	Expected [allocation_live()] to [equal] [0]
		actual value:			[12]
		expected value:			[0]

  "boundaries_suite": 1981 passes, 35 failures in 26ms.
Completed "main": 4710 passes, 35 failures in 69ms.


0% tests passed, 1 tests failed out of 1

Total Test time (real) =   0.07 sec

The following tests FAILED:
	  1 - unit (Failed)
Errors while running CTest
