Test project $PACKET/scratch/reversals-OFF/build
    Start 1: unit
1/1 Test #1: unit .............................***Failed    0.09 sec
Running "main" (75 tests)...
  "mrp_pdu_suite": 1690 passes in 20ms.
  "timer_suite": 14 passes in 2ms.
  "msrp_values_suite": 23 passes in 2ms.
  "receive_suite": 83 passes in 6ms.
  "transmit_suite": 106 passes in 5ms.
  "integration_suite": 371 passes in 13ms.
  "milan_suite": 442 passes in 10ms.
$PACKET/scratch/reversals-OFF/source/tests/unit/review_test.c:372: Failure: boundaries_suite -> received_leaveall_restarts_the_participant_deadline 
	Expected [la] to [equal] [MRP_LA_STATE_PASSIVE]
		actual value:			[0]
		expected value:			[1]

  "boundaries_suite": 2015 passes, 1 failure in 28ms.
Completed "main": 4744 passes, 1 failure in 90ms.


0% tests passed, 1 tests failed out of 1

Total Test time (real) =   0.09 sec

The following tests FAILED:
	  1 - unit (Failed)
Errors while running CTest
