Test project $PACKET/scratch/reversals-OFF/build
    Start 1: unit
1/1 Test #1: unit .............................***Failed    0.07 sec
Running "main" (75 tests)...
  "mrp_pdu_suite": 1690 passes in 11ms.
  "timer_suite": 14 passes in 1ms.
  "msrp_values_suite": 23 passes in 2ms.
  "receive_suite": 83 passes in 4ms.
  "transmit_suite": 106 passes in 5ms.
  "integration_suite": 371 passes in 10ms.
  "milan_suite": 442 passes in 8ms.
$PACKET/scratch/reversals-OFF/source/tests/unit/review_test.c:74: Failure: boundaries_suite -> unknown_generic_messages_reject_zero_attribute_length 
	Expected [mrpdu_parse(pdu, len, a->ops, attribute, leaveall, ((void *)0))] to [be less than] [0]
		actual value:			[0]
		expected to be less than:	[0]

$PACKET/scratch/reversals-OFF/source/tests/unit/review_test.c:75: Failure: boundaries_suite -> unknown_generic_messages_reject_zero_attribute_length 
	Expected [decoded + leavealls] to [equal] [0]
		actual value:			[1]
		expected value:			[0]

$PACKET/scratch/reversals-OFF/source/tests/unit/review_test.c:76: Failure: boundaries_suite -> unknown_generic_messages_reject_zero_attribute_length 
	Expected [mrp_rx(a, 0, pdu, len)] to [be less than] [0]
		actual value:			[0]
		expected to be less than:	[0]

$PACKET/scratch/reversals-OFF/source/tests/unit/review_test.c:77: Failure: boundaries_suite -> unknown_generic_messages_reject_zero_attribute_length 
	Expected [joins] to [equal] [before]
		actual value:			[1]
		expected value:			[0]

$PACKET/scratch/reversals-OFF/source/tests/unit/review_test.c:78: Failure: boundaries_suite -> unknown_generic_messages_reject_zero_attribute_length 
	Expected [mrp_attr_visit(a, 0, ((void *)0), ((void *)0))] to [equal] [0]
		actual value:			[1]
		expected value:			[0]

$PACKET/scratch/reversals-OFF/source/tests/unit/review_test.c:74: Failure: boundaries_suite -> unknown_generic_messages_reject_zero_attribute_length 
	Expected [mrpdu_parse(pdu, len, a->ops, attribute, leaveall, ((void *)0))] to [be less than] [0]
		actual value:			[0]
		expected to be less than:	[0]

$PACKET/scratch/reversals-OFF/source/tests/unit/review_test.c:75: Failure: boundaries_suite -> unknown_generic_messages_reject_zero_attribute_length 
	Expected [decoded + leavealls] to [equal] [0]
		actual value:			[2]
		expected value:			[0]

$PACKET/scratch/reversals-OFF/source/tests/unit/review_test.c:76: Failure: boundaries_suite -> unknown_generic_messages_reject_zero_attribute_length 
	Expected [mrp_rx(a, 0, pdu, len)] to [be less than] [0]
		actual value:			[0]
		expected to be less than:	[0]

$PACKET/scratch/reversals-OFF/source/tests/unit/review_test.c:77: Failure: boundaries_suite -> unknown_generic_messages_reject_zero_attribute_length 
	Expected [joins] to [equal] [before]
		actual value:			[2]
		expected value:			[1]

$PACKET/scratch/reversals-OFF/source/tests/unit/review_test.c:78: Failure: boundaries_suite -> unknown_generic_messages_reject_zero_attribute_length 
	Expected [mrp_attr_visit(a, 0, ((void *)0), ((void *)0))] to [equal] [0]
		actual value:			[1]
		expected value:			[0]

  "boundaries_suite": 2006 passes, 10 failures in 26ms.
Completed "main": 4735 passes, 10 failures in 67ms.


0% tests passed, 1 tests failed out of 1

Total Test time (real) =   0.07 sec

The following tests FAILED:
	  1 - unit (Failed)
Errors while running CTest
