
 /----------------------------------------------------------------------------\
 |  yosys -- Yosys Open SYnthesis Suite                                       |
 |  Copyright (C) 2012 - 2026  Claire Xenia Wolf <claire@yosyshq.com>         |
 |  Distributed under an ISC-like license, type "license" to see terms        |
 \----------------------------------------------------------------------------/
 Yosys 0.66 (git sha1 86f2ddebc-dirty, g++ 16.1.1 -march=x86-64 -mtune=generic -O2 -fno-plt -fexceptions -fstack-clash-protection -fcf-protection -fno-omit-frame-pointer -mno-omit-leaf-frame-pointer -ffile-prefix-map=/build/yosys/src=/usr/src/debug/yosys -fPIC -O3) [startdir/yosys at makepkg]

-- Executing script file `$SCRATCH/equiv-post/equiv.ys' --

1. Executing Verilog-2005 frontend: $SCRATCH/equiv-post/gold.v
Parsing Verilog input from `$SCRATCH/equiv-post/gold.v' to AST representation.
Warning: Encountered `translate_off' comment! Such legacy hot comments are supported by Yosys, but are not part of any formal language specification. Using a portable and standards-compliant construct such as `ifdef is recommended!
Generating RTLIL representation for module `\gold'.
Successfully finished Verilog frontend.

2. Executing Verilog-2005 frontend: $SCRATCH/equiv-post/gate.v
Parsing Verilog input from `$SCRATCH/equiv-post/gate.v' to AST representation.
Generating RTLIL representation for module `\gate'.
Successfully finished Verilog frontend.

3. Executing PROC pass (convert processes to netlists).

3.1. Executing PROC_CLEAN pass (remove empty switches from decision trees).
Found and cleaned up 1 empty switch in `\gate.$proc$$SCRATCH/equiv-post/gate.v:29$11'.
Cleaned up 1 empty switch.

3.2. Executing PROC_RMDEAD pass (remove dead branches from decision trees).
Removed a total of 0 dead cases.

3.3. Executing PROC_PRUNE pass (remove redundant assignments in processes).
Removed 0 redundant assignments.
Promoted 7 assignments to connections.

3.4. Executing PROC_INIT pass (extract init attributes).
Found init rule in `\gate.$proc$$SCRATCH/equiv-post/gate.v:17$14'.
  Set init value: \rx_reset = 1'1
Found init rule in `\gate.$proc$$SCRATCH/equiv-post/gate.v:16$13'.
  Set init value: \rx_data = 8'00000000
Found init rule in `\gate.$proc$$SCRATCH/equiv-post/gate.v:15$12'.
  Set init value: \rx_dv = 1'0
Found init rule in `\gold.$proc$$SCRATCH/equiv-post/gold.v:15$4'.
  Set init value: \dv_d = 1'0

3.5. Executing PROC_ARST pass (detect async resets in processes).

3.6. Executing PROC_ROM pass (convert switches to ROMs).
Converted 0 switches.
<suppressed ~1 debug messages>

3.7. Executing PROC_MUX pass (convert decision trees to multiplexers).
Creating decoders for process `\gate.$proc$$SCRATCH/equiv-post/gate.v:17$14'.
Creating decoders for process `\gate.$proc$$SCRATCH/equiv-post/gate.v:16$13'.
Creating decoders for process `\gate.$proc$$SCRATCH/equiv-post/gate.v:15$12'.
Creating decoders for process `\gate.$proc$$SCRATCH/equiv-post/gate.v:29$11'.
Creating decoders for process `\gold.$proc$$SCRATCH/equiv-post/gold.v:15$4'.
Creating decoders for process `\gold.$proc$$SCRATCH/equiv-post/gold.v:25$3'.
     1/3: $0\source_payload_data[7:0]
     2/3: $0\source_valid[0:0]
     3/3: $0\dv_d[0:0]

3.8. Executing PROC_DLATCH pass (convert process syncs to latches).

3.9. Executing PROC_DFF pass (convert process syncs to FFs).
Creating register for signal `\gate.\rx_dv' using process `\gate.$proc$$SCRATCH/equiv-post/gate.v:29$11'.
  created $dff cell `$procdff$21' with positive edge clock.
Creating register for signal `\gate.\rx_data' using process `\gate.$proc$$SCRATCH/equiv-post/gate.v:29$11'.
  created $dff cell `$procdff$22' with positive edge clock.
Creating register for signal `\gate.\rx_reset' using process `\gate.$proc$$SCRATCH/equiv-post/gate.v:29$11'.
  created $dff cell `$procdff$23' with positive edge clock.
Creating register for signal `\gold.\source_valid' using process `\gold.$proc$$SCRATCH/equiv-post/gold.v:25$3'.
  created $dff cell `$procdff$24' with positive edge clock.
Creating register for signal `\gold.\source_payload_data' using process `\gold.$proc$$SCRATCH/equiv-post/gold.v:25$3'.
  created $dff cell `$procdff$25' with positive edge clock.
Creating register for signal `\gold.\dv_d' using process `\gold.$proc$$SCRATCH/equiv-post/gold.v:25$3'.
  created $dff cell `$procdff$26' with positive edge clock.

3.10. Executing PROC_MEMWR pass (convert process memory writes to cells).

3.11. Executing PROC_CLEAN pass (remove empty switches from decision trees).
Removing empty process `gate.$proc$$SCRATCH/equiv-post/gate.v:17$14'.
Removing empty process `gate.$proc$$SCRATCH/equiv-post/gate.v:16$13'.
Removing empty process `gate.$proc$$SCRATCH/equiv-post/gate.v:15$12'.
Removing empty process `gate.$proc$$SCRATCH/equiv-post/gate.v:29$11'.
Removing empty process `gold.$proc$$SCRATCH/equiv-post/gold.v:15$4'.
Found and cleaned up 1 empty switch in `\gold.$proc$$SCRATCH/equiv-post/gold.v:25$3'.
Removing empty process `gold.$proc$$SCRATCH/equiv-post/gold.v:25$3'.
Cleaned up 1 empty switch.

3.12. Executing OPT_EXPR pass (perform const folding).
Optimizing module gate.
<suppressed ~1 debug messages>
Optimizing module gold.

4. Executing OPT_CLEAN pass (remove unused cells and wires).
Finding unused cells or wires in module \gate..
Finding unused cells or wires in module \gold..
Removed 0 unused cells and 18 unused wires.
<suppressed ~2 debug messages>

5. Executing MITER pass (creating miter circuit).
Creating miter cell "miter" with gold cell "gold" and gate cell "gate".

5.1. Executing FLATTEN pass (flatten design).
<suppressed ~2 debug messages>

5.2. Executing OPT_EXPR pass (perform const folding).
Optimizing module miter.

6. Executing HIERARCHY pass (managing design hierarchy).

6.1. Analyzing design hierarchy..
Top module:  \miter

6.2. Analyzing design hierarchy..
Top module:  \miter
Removing unused module `\gate'.
Removing unused module `\gold'.
Removed 2 unused modules.

7. Executing FLATTEN pass (flatten design).

8. Executing OPT_CLEAN pass (remove unused cells and wires).
Finding unused cells or wires in module \miter..

9. Executing SAT pass (solving SAT problems in the circuit).
Using SAT solver `minisat`.

Setting up time step 1:
Final constraint equation: { } = { }
Imported 23 cells to SAT database.
Import proof-constraint: \trigger = 1'0
Final proof equation: \trigger = 1'0

** Trying induction with length 1 **

Setting up time step 1:
Final constraint equation: { } = { }
Imported 23 cells to SAT database.
Import set-constraint from init attribute: \gate.rx_dv = 1'0
Import set-constraint from init attribute: \gate.rx_data = 8'00000000
Import set-constraint from init attribute: \gate.rx_reset = 1'1
Import set-constraint from init attribute: \gold.dv_d = 1'0
Final init constraint equation: { \gold.source_payload_data \gold.source_valid \gold.dv_d \gate.rx_reset \gate.rx_data \gate.rx_dv } = 20'00000000001000000000
Import proof-constraint: \trigger = 1'0
Final proof equation: \trigger = 1'0
Import show expression: \in_sys_clk
Import show expression: \in_pads_rx_dv
Import show expression: \in_pads_rx_data
Import show expression: \in_pads_rx_er
Import show expression: \in_rst
Import show expression: \in_source_ready
Import show expression: \trigger
Import show expression: \gate_source_valid
Import show expression: \gold_source_valid
Import show expression: \gate_source_last
Import show expression: \gold_source_last
Import show expression: \gate_source_payload_data
Import show expression: \gold_source_payload_data

[base case 1] Solving problem with 262 variables and 653 clauses..
Base case for induction length 1 proven.

Setting up time step 2:
Final constraint equation: { } = { }
Imported 23 cells to SAT database.
Import proof-constraint: \trigger = 1'0
Final proof equation: \trigger = 1'0
Import show expression: \in_sys_clk
Import show expression: \in_pads_rx_dv
Import show expression: \in_pads_rx_data
Import show expression: \in_pads_rx_er
Import show expression: \in_rst
Import show expression: \in_source_ready
Import show expression: \trigger
Import show expression: \gate_source_valid
Import show expression: \gold_source_valid
Import show expression: \gate_source_last
Import show expression: \gold_source_last
Import show expression: \gate_source_payload_data
Import show expression: \gold_source_payload_data

[induction step 1] Solving problem with 504 variables and 1231 clauses..
Induction step proven: SUCCESS!

                  /$$$$$$      /$$$$$$$$     /$$$$$$$    
                 /$$__  $$    | $$_____/    | $$__  $$   
                | $$  \ $$    | $$          | $$  \ $$   
                | $$  | $$    | $$$$$       | $$  | $$   
                | $$  | $$    | $$__/       | $$  | $$   
                | $$/$$ $$    | $$          | $$  | $$   
                |  $$$$$$/ /$$| $$$$$$$$ /$$| $$$$$$$//$$
                 \____ $$$|__/|________/|__/|_______/|__/
                       \__/                              

Warnings: 1 unique messages, 1 total
End of script. Logfile hash: 4070e09a3c, time: 0.02s, user: 0.01s, system: 0.01s, MEM: 26.32 MB peak
Yosys 0.66 (git sha1 86f2ddebc-dirty, g++ 16.1.1 -march=x86-64 -mtune=generic -O2 -fno-plt -fexceptions -fstack-clash-protection -fcf-protection -fno-omit-frame-pointer -mno-omit-leaf-frame-pointer -ffile-prefix-map=/build/yosys/src=/usr/src/debug/yosys -fPIC -O3) [startdir/yosys at makepkg]
Time spent: 48% 1x sat (0 sec), 19% 4x read_verilog (0 sec), ...
