verilator --cc --exe --build -j 0 --top-module KL_aecp_notify -GN_CTRL_P=2 -GN_STREAM_IN_P=1 -GN_STREAM_OUT_P=1 -Wall -Wno-fatal -Wno-DECLFILENAME -Wno-UNUSEDSIGNAL -Wno-WIDTHEXPAND -Wno-WIDTHTRUNC -Wno-UNUSEDPARAM -CFLAGS "-std=c++17 -O2 -I$SCRATCH/r2/probes/r452-work/register_not_reindexed/tb/aecp_notify -Wall -Wextra" ../../hdl/common/pp_pkg.sv ../../hdl/aecp/KL_aecp_notify.sv sim_main.cpp -o Vaecp_notify_sim
make[1]: Entering directory '$SCRATCH/r2/probes/r452-work/register_not_reindexed/tb/aecp_notify/obj_dir'
g++  -I.  -MMD -I$HOME/.local/share/containers/storage/overlay/9517af577e2019496be7a9f3df0cdeafba0a4f827989b59cb358abf6403fbbde/diff/usr/share/verilator/include -I$HOME/.local/share/containers/storage/overlay/9517af577e2019496be7a9f3df0cdeafba0a4f827989b59cb358abf6403fbbde/diff/usr/share/verilator/include/vltstd -DVERILATOR=1 -DVM_COVERAGE=0 -DVM_SC=0 -DVM_TIMING=0 -DVM_TRACE=0 -DVM_TRACE_FST=0 -DVM_TRACE_VCD=0 -DVM_TRACE_SAIF=0 -DVM_VPI=0 -faligned-new -fcf-protection=none -Wno-bool-operation -Wno-int-in-bool-context -Wno-shadow -Wno-sign-compare -Wno-subobject-linkage -Wno-tautological-compare -Wno-uninitialized -Wno-unused-but-set-parameter -Wno-unused-but-set-variable -Wno-unused-parameter -Wno-unused-variable    -std=c++17 -O2 -I$SCRATCH/r2/probes/r452-work/register_not_reindexed/tb/aecp_notify -Wall -Wextra   -Os  -c -o sim_main.o ../sim_main.cpp
g++ -Os  -I.  -MMD -I$HOME/.local/share/containers/storage/overlay/9517af577e2019496be7a9f3df0cdeafba0a4f827989b59cb358abf6403fbbde/diff/usr/share/verilator/include -I$HOME/.local/share/containers/storage/overlay/9517af577e2019496be7a9f3df0cdeafba0a4f827989b59cb358abf6403fbbde/diff/usr/share/verilator/include/vltstd -DVERILATOR=1 -DVM_COVERAGE=0 -DVM_SC=0 -DVM_TIMING=0 -DVM_TRACE=0 -DVM_TRACE_FST=0 -DVM_TRACE_VCD=0 -DVM_TRACE_SAIF=0 -DVM_VPI=0 -faligned-new -fcf-protection=none -Wno-bool-operation -Wno-int-in-bool-context -Wno-shadow -Wno-sign-compare -Wno-subobject-linkage -Wno-tautological-compare -Wno-uninitialized -Wno-unused-but-set-parameter -Wno-unused-but-set-variable -Wno-unused-parameter -Wno-unused-variable    -std=c++17 -O2 -I$SCRATCH/r2/probes/r452-work/register_not_reindexed/tb/aecp_notify -Wall -Wextra   -c -o verilated.o $HOME/.local/share/containers/storage/overlay/9517af577e2019496be7a9f3df0cdeafba0a4f827989b59cb358abf6403fbbde/diff/usr/share/verilator/include/verilated.cpp
g++ -Os  -I.  -MMD -I$HOME/.local/share/containers/storage/overlay/9517af577e2019496be7a9f3df0cdeafba0a4f827989b59cb358abf6403fbbde/diff/usr/share/verilator/include -I$HOME/.local/share/containers/storage/overlay/9517af577e2019496be7a9f3df0cdeafba0a4f827989b59cb358abf6403fbbde/diff/usr/share/verilator/include/vltstd -DVERILATOR=1 -DVM_COVERAGE=0 -DVM_SC=0 -DVM_TIMING=0 -DVM_TRACE=0 -DVM_TRACE_FST=0 -DVM_TRACE_VCD=0 -DVM_TRACE_SAIF=0 -DVM_VPI=0 -faligned-new -fcf-protection=none -Wno-bool-operation -Wno-int-in-bool-context -Wno-shadow -Wno-sign-compare -Wno-subobject-linkage -Wno-tautological-compare -Wno-uninitialized -Wno-unused-but-set-parameter -Wno-unused-but-set-variable -Wno-unused-parameter -Wno-unused-variable    -std=c++17 -O2 -I$SCRATCH/r2/probes/r452-work/register_not_reindexed/tb/aecp_notify -Wall -Wextra   -c -o verilated_threads.o $HOME/.local/share/containers/storage/overlay/9517af577e2019496be7a9f3df0cdeafba0a4f827989b59cb358abf6403fbbde/diff/usr/share/verilator/include/verilated_threads.cpp
python3 $HOME/.local/share/containers/storage/overlay/9517af577e2019496be7a9f3df0cdeafba0a4f827989b59cb358abf6403fbbde/diff/usr/share/verilator/bin/verilator_includer -DVL_INCLUDE_OPT=include VKL_aecp_notify.cpp VKL_aecp_notify___024root__0.cpp VKL_aecp_notify__ConstPool__0__Slow.cpp VKL_aecp_notify___024root__Slow.cpp VKL_aecp_notify___024root__0__Slow.cpp VKL_aecp_notify__Syms__Slow.cpp > VKL_aecp_notify__ALL.cpp
g++ -Os  -I.  -MMD -I$HOME/.local/share/containers/storage/overlay/9517af577e2019496be7a9f3df0cdeafba0a4f827989b59cb358abf6403fbbde/diff/usr/share/verilator/include -I$HOME/.local/share/containers/storage/overlay/9517af577e2019496be7a9f3df0cdeafba0a4f827989b59cb358abf6403fbbde/diff/usr/share/verilator/include/vltstd -DVERILATOR=1 -DVM_COVERAGE=0 -DVM_SC=0 -DVM_TIMING=0 -DVM_TRACE=0 -DVM_TRACE_FST=0 -DVM_TRACE_VCD=0 -DVM_TRACE_SAIF=0 -DVM_VPI=0 -faligned-new -fcf-protection=none -Wno-bool-operation -Wno-int-in-bool-context -Wno-shadow -Wno-sign-compare -Wno-subobject-linkage -Wno-tautological-compare -Wno-uninitialized -Wno-unused-but-set-parameter -Wno-unused-but-set-variable -Wno-unused-parameter -Wno-unused-variable    -std=c++17 -O2 -I$SCRATCH/r2/probes/r452-work/register_not_reindexed/tb/aecp_notify -Wall -Wextra   -c -o VKL_aecp_notify__ALL.o VKL_aecp_notify__ALL.cpp
g++    sim_main.o verilated.o verilated_threads.o VKL_aecp_notify__ALL.a    -pthread -lpthread -latomic   -o Vaecp_notify_sim
rm VKL_aecp_notify__ALL.verilator_deplist.tmp
make[1]: Leaving directory '$SCRATCH/r2/probes/r452-work/register_not_reindexed/tb/aecp_notify/obj_dir'
- V e r i l a t i o n   R e p o r t: Verilator 5.050 2026-07-01 rev v5.050
- Verilator: Built from 0.124 MB sources in 3 modules, into 0.377 MB in 6 C++ files needing 0.001 MB
- Verilator: Walltime 6.862 s (elab=0.017, cvt=0.068, bld=6.745); cpu 0.107 s on 16 threads; allocated 1145.645 MB
./obj_dir/Vaecp_notify_sim
FAIL: IX3: the registered identity matches in the command's cycle
FAIL: IX4: a command two cycles after its REGISTER keeps the row against a failed probe in the same cycle
FAIL: IX5: in the row write's own cycle, the reused row's previous controller C, which rows_r still holds, keeps the row against a failed probe in the same cycle (1 rows live)
FAIL: IX6: after that reset, E registered into the same row keeps it against a failed probe in its row write's own cycle (0 rows live)
FAIL: IX6b: after the rewrite, E's command keeps the row through the index
[build default] 26 checks, 5 failures
make: *** [Makefile:37: run] Error 1
