make: Entering directory '$VALIDATION_STORAGE/pp168-a567/recovery/temp/aecp-mutants-po6_oxx5/tb/pp_top'
python3 ../../hdl/acmp/rom/gen_ltn_rom.py -o ltn_rom.hex
python3 ../../hdl/aecp/ucode/gen_ucode.py -o ucode.hex
wrote ltn_rom.hex: 128 x 32 b, 112 F05.3 cells
ucode.hex: 2048 words, 89 programs
$VALIDATION_STORAGE/pp168-a567/recovery/bin/verilator --cc --exe --build -j 0 --top-module pp_top_wrap -Wall -Wno-fatal -Wno-DECLFILENAME -Wno-UNUSEDSIGNAL -Wno-WIDTHEXPAND -Wno-WIDTHTRUNC -Wno-UNUSEDPARAM -CFLAGS "-std=c++17 -O2 -I$VALIDATION_STORAGE/pp168-a567/recovery/temp/aecp-mutants-po6_oxx5/tb/pp_top -Wall -Wextra" ../../hdl/common/pp_pkg.sv ../../hdl/srp/srp_pkg.sv ../../hdl/acmp/pp_acmp_pkg.sv ../../hdl/adp/pp_adp_pkg.sv ../../hdl/common/KL_pp_prng.sv ../../hdl/common/KL_pp_timer_service.sv ../../hdl/packet_engine/KL_pp_rx_validator.sv ../../hdl/packet_engine/KL_pp_rx_slots.sv ../../hdl/packet_engine/KL_pp_normalizer.sv ../../hdl/packet_engine/KL_pp_dispatch.sv ../../hdl/packet_engine/KL_pp_tx_slots.sv ../../hdl/packet_engine/KL_pp_release_merge.sv ../../hdl/packet_engine/KL_pp_tx_arbiter.sv ../../hdl/packet_engine/KL_pp_scoreboard.sv ../../hdl/packet_engine/KL_pp_event_router.sv ../../hdl/packet_engine/KL_pp_originator.sv ../../hdl/packet_engine/KL_pp_trace_ring.sv ../../hdl/packet_engine/KL_pp_side_port.sv ../../hdl/packet_engine/KL_pp_nvm_port.sv ../../hdl/packet_engine/KL_pp_nvm_mgr_arb.sv ../../hdl/aecp/ucpu_pkg.sv ../../hdl/aecp/KL_aecp_ucpu.sv ../../hdl/aecp/KL_aecp_desc_mem_guard.sv ../../hdl/aecp/KL_aecp_desc_store.sv ../../hdl/aecp/KL_aecp_dyn_state.sv ../../hdl/aecp/KL_aecp_engine.sv ../../hdl/aecp/KL_aecp_resp_buf.sv ../../hdl/aecp/KL_aecp_nvm_writer.sv ../../hdl/aecp/KL_aecp_notify.sv ../../hdl/aecp/KL_aecp_ca_originator.sv ../../hdl/adp/KL_adp_engine.sv ../../hdl/acmp/KL_pp_acmp_listener.sv ../../hdl/acmp/KL_acmp_talker.sv ../../hdl/acmp/KL_pp_acmp_lsn_admit.sv ../../hdl/acmp/KL_acmp_nvm_shadow.sv ../../hdl/maap/KL_pp_maap.sv ../../hdl/srp/KL_srp_decoder.sv ../../hdl/srp/KL_srp_domain.sv ../../hdl/srp/KL_srp_vlan.sv ../../hdl/srp/KL_srp_admission.sv ../../hdl/srp/KL_srp_talker_fsm.sv ../../hdl/srp/KL_srp_listener_fsm.sv ../../hdl/srp/KL_srp_encoder.sv ../../hdl/srp/KL_srp_top.sv ../../hdl/top/KL_mrp_strip.sv ../../hdl/top/protocol_processor_top.sv pp_top_wrap.sv sim_main.cpp -o Vpp_top_sim
%Warning-PINCONNECTEMPTY: pp_top_wrap.sv:660:8: Instance pin connected by name with empty reference: 'aecp_cur_config_o'
  660 |       .aecp_cur_config_o     (),
      |        ^~~~~~~~~~~~~~~~~
                          ... For warning description see https://verilator.org/warn/PINCONNECTEMPTY?v=5.050
                          ... Use "/* verilator lint_off PINCONNECTEMPTY */" and lint_on around source to disable this message.
%Warning-PINCONNECTEMPTY: pp_top_wrap.sv:670:8: Instance pin connected by name with empty reference: 'aecp_dyn_dirty_o'
  670 |       .aecp_dyn_dirty_o      (),
      |        ^~~~~~~~~~~~~~~~
%Warning-PINMISSING: pp_top_wrap.sv:610:5: Instance has missing pin: 'srp_tk_decl_state_o'
  610 |   ) u_dut (
      |     ^~~~~
                     ../../hdl/top/protocol_processor_top.sv:650:42: ... Location of port declaration
  650 |     output logic [N_STREAM_OUT_P*2-1:0]  srp_tk_decl_state_o,      
      |                                          ^~~~~~~~~~~~~~~~~~~
                     ... For warning description see https://verilator.org/warn/PINMISSING?v=5.050
                     ... Use "/* verilator lint_off PINMISSING */" and lint_on around source to disable this message.
%Warning-PINMISSING: pp_top_wrap.sv:610:5: Instance has missing pin: 'srp_lstn_reg_state_o'
  610 |   ) u_dut (
      |     ^~~~~
                     ../../hdl/top/protocol_processor_top.sv:651:42: ... Location of port declaration
  651 |     output logic [N_STREAM_OUT_P*2-1:0]  srp_lstn_reg_state_o,     
      |                                          ^~~~~~~~~~~~~~~~~~~~
%Warning-PINMISSING: pp_top_wrap.sv:610:5: Instance has missing pin: 'srp_active_o'
  610 |   ) u_dut (
      |     ^~~~~
                     ../../hdl/top/protocol_processor_top.sv:656:42: ... Location of port declaration
  656 |     output logic [N_STREAM_OUT_P-1:0]    srp_active_o,
      |                                          ^~~~~~~~~~~~
%Warning-PINMISSING: pp_top_wrap.sv:610:5: Instance has missing pin: 'srp_sr_admitted_o'
  610 |   ) u_dut (
      |     ^~~~~
                     ../../hdl/top/protocol_processor_top.sv:662:42: ... Location of port declaration
  662 |     output logic [N_STREAM_OUT_P-1:0]    srp_sr_admitted_o,
      |                                          ^~~~~~~~~~~~~~~~~
%Warning-PINMISSING: pp_top_wrap.sv:610:5: Instance has missing pin: 'srp_granted_slope_bps_o'
  610 |   ) u_dut (
      |     ^~~~~
                     ../../hdl/top/protocol_processor_top.sv:663:42: ... Location of port declaration
  663 |     output logic [N_STREAM_OUT_P*32-1:0] srp_granted_slope_bps_o,  
      |                                          ^~~~~~~~~~~~~~~~~~~~~~~
%Warning-PINMISSING: pp_top_wrap.sv:610:5: Instance has missing pin: 'srp_src_fail_code_o'
  610 |   ) u_dut (
      |     ^~~~~
                     ../../hdl/top/protocol_processor_top.sv:664:42: ... Location of port declaration
  664 |     output logic [N_STREAM_OUT_P*8-1:0]  srp_src_fail_code_o,      
      |                                          ^~~~~~~~~~~~~~~~~~~
%Warning-PINMISSING: pp_top_wrap.sv:610:5: Instance has missing pin: 'srp_src_fail_bridge_o'
  610 |   ) u_dut (
      |     ^~~~~
                     ../../hdl/top/protocol_processor_top.sv:665:42: ... Location of port declaration
  665 |     output logic [N_STREAM_OUT_P*64-1:0] srp_src_fail_bridge_o,    
      |                                          ^~~~~~~~~~~~~~~~~~~~~
%Warning-PINMISSING: pp_top_wrap.sv:610:5: Instance has missing pin: 'srp_sum_slope_bps_o'
  610 |   ) u_dut (
      |     ^~~~~
                     ../../hdl/top/protocol_processor_top.sv:666:42: ... Location of port declaration
  666 |     output logic [31:0]                  srp_sum_slope_bps_o,      
      |                                          ^~~~~~~~~~~~~~~~~~~
%Warning-PINMISSING: pp_top_wrap.sv:610:5: Instance has missing pin: 'srp_over_limit_o'
  610 |   ) u_dut (
      |     ^~~~~
                     ../../hdl/top/protocol_processor_top.sv:667:42: ... Location of port declaration
  667 |     output logic                         srp_over_limit_o,         
      |                                          ^~~~~~~~~~~~~~~~
%Warning-PINMISSING: pp_top_wrap.sv:610:5: Instance has missing pin: 'srp_tk_reg_state_o'
  610 |   ) u_dut (
      |     ^~~~~
                     ../../hdl/top/protocol_processor_top.sv:668:42: ... Location of port declaration
  668 |     output logic [N_STREAM_IN_P*2-1:0]   srp_tk_reg_state_o,       
      |                                          ^~~~~~~~~~~~~~~~~~
%Warning-PINMISSING: pp_top_wrap.sv:610:5: Instance has missing pin: 'srp_lstn_decl_state_o'
  610 |   ) u_dut (
      |     ^~~~~
                     ../../hdl/top/protocol_processor_top.sv:669:42: ... Location of port declaration
  669 |     output logic [N_STREAM_IN_P*2-1:0]   srp_lstn_decl_state_o,    
      |                                          ^~~~~~~~~~~~~~~~~~~~~
%Warning-PINMISSING: pp_top_wrap.sv:610:5: Instance has missing pin: 'srp_snk_fail_code_o'
  610 |   ) u_dut (
      |     ^~~~~
                     ../../hdl/top/protocol_processor_top.sv:671:42: ... Location of port declaration
  671 |     output logic [N_STREAM_IN_P*8-1:0]   srp_snk_fail_code_o,      
      |                                          ^~~~~~~~~~~~~~~~~~~
%Warning-PINMISSING: pp_top_wrap.sv:610:5: Instance has missing pin: 'adp_next_avail_index_o'
  610 |   ) u_dut (
      |     ^~~~~
                     ../../hdl/top/protocol_processor_top.sv:700:42: ... Location of port declaration
  700 |     output logic [31:0]                  adp_next_avail_index_o,   
      |                                          ^~~~~~~~~~~~~~~~~~~~~~
make[1]: Entering directory '$VALIDATION_STORAGE/pp168-a567/recovery/temp/aecp-mutants-po6_oxx5/tb/pp_top/obj_dir'
g++  -I.  -MMD -I$WORKSPACE_HOME/.local/share/containers/storage/overlay/9517af577e2019496be7a9f3df0cdeafba0a4f827989b59cb358abf6403fbbde/diff/usr/share/verilator/include -I$WORKSPACE_HOME/.local/share/containers/storage/overlay/9517af577e2019496be7a9f3df0cdeafba0a4f827989b59cb358abf6403fbbde/diff/usr/share/verilator/include/vltstd -DVERILATOR=1 -DVM_COVERAGE=0 -DVM_SC=0 -DVM_TIMING=0 -DVM_TRACE=0 -DVM_TRACE_FST=0 -DVM_TRACE_VCD=0 -DVM_TRACE_SAIF=0 -DVM_VPI=0 -faligned-new -fcf-protection=none -Wno-bool-operation -Wno-int-in-bool-context -Wno-shadow -Wno-sign-compare -Wno-subobject-linkage -Wno-tautological-compare -Wno-uninitialized -Wno-unused-but-set-parameter -Wno-unused-but-set-variable -Wno-unused-parameter -Wno-unused-variable    -std=c++17 -O2 -I$VALIDATION_STORAGE/pp168-a567/recovery/temp/aecp-mutants-po6_oxx5/tb/pp_top -Wall -Wextra   -Os  -c -o sim_main.o ../sim_main.cpp
g++ -Os  -I.  -MMD -I$WORKSPACE_HOME/.local/share/containers/storage/overlay/9517af577e2019496be7a9f3df0cdeafba0a4f827989b59cb358abf6403fbbde/diff/usr/share/verilator/include -I$WORKSPACE_HOME/.local/share/containers/storage/overlay/9517af577e2019496be7a9f3df0cdeafba0a4f827989b59cb358abf6403fbbde/diff/usr/share/verilator/include/vltstd -DVERILATOR=1 -DVM_COVERAGE=0 -DVM_SC=0 -DVM_TIMING=0 -DVM_TRACE=0 -DVM_TRACE_FST=0 -DVM_TRACE_VCD=0 -DVM_TRACE_SAIF=0 -DVM_VPI=0 -faligned-new -fcf-protection=none -Wno-bool-operation -Wno-int-in-bool-context -Wno-shadow -Wno-sign-compare -Wno-subobject-linkage -Wno-tautological-compare -Wno-uninitialized -Wno-unused-but-set-parameter -Wno-unused-but-set-variable -Wno-unused-parameter -Wno-unused-variable    -std=c++17 -O2 -I$VALIDATION_STORAGE/pp168-a567/recovery/temp/aecp-mutants-po6_oxx5/tb/pp_top -Wall -Wextra   -c -o verilated.o $WORKSPACE_HOME/.local/share/containers/storage/overlay/9517af577e2019496be7a9f3df0cdeafba0a4f827989b59cb358abf6403fbbde/diff/usr/share/verilator/include/verilated.cpp
g++ -Os  -I.  -MMD -I$WORKSPACE_HOME/.local/share/containers/storage/overlay/9517af577e2019496be7a9f3df0cdeafba0a4f827989b59cb358abf6403fbbde/diff/usr/share/verilator/include -I$WORKSPACE_HOME/.local/share/containers/storage/overlay/9517af577e2019496be7a9f3df0cdeafba0a4f827989b59cb358abf6403fbbde/diff/usr/share/verilator/include/vltstd -DVERILATOR=1 -DVM_COVERAGE=0 -DVM_SC=0 -DVM_TIMING=0 -DVM_TRACE=0 -DVM_TRACE_FST=0 -DVM_TRACE_VCD=0 -DVM_TRACE_SAIF=0 -DVM_VPI=0 -faligned-new -fcf-protection=none -Wno-bool-operation -Wno-int-in-bool-context -Wno-shadow -Wno-sign-compare -Wno-subobject-linkage -Wno-tautological-compare -Wno-uninitialized -Wno-unused-but-set-parameter -Wno-unused-but-set-variable -Wno-unused-parameter -Wno-unused-variable    -std=c++17 -O2 -I$VALIDATION_STORAGE/pp168-a567/recovery/temp/aecp-mutants-po6_oxx5/tb/pp_top -Wall -Wextra   -c -o verilated_dpi.o $WORKSPACE_HOME/.local/share/containers/storage/overlay/9517af577e2019496be7a9f3df0cdeafba0a4f827989b59cb358abf6403fbbde/diff/usr/share/verilator/include/verilated_dpi.cpp
g++ -Os  -I.  -MMD -I$WORKSPACE_HOME/.local/share/containers/storage/overlay/9517af577e2019496be7a9f3df0cdeafba0a4f827989b59cb358abf6403fbbde/diff/usr/share/verilator/include -I$WORKSPACE_HOME/.local/share/containers/storage/overlay/9517af577e2019496be7a9f3df0cdeafba0a4f827989b59cb358abf6403fbbde/diff/usr/share/verilator/include/vltstd -DVERILATOR=1 -DVM_COVERAGE=0 -DVM_SC=0 -DVM_TIMING=0 -DVM_TRACE=0 -DVM_TRACE_FST=0 -DVM_TRACE_VCD=0 -DVM_TRACE_SAIF=0 -DVM_VPI=0 -faligned-new -fcf-protection=none -Wno-bool-operation -Wno-int-in-bool-context -Wno-shadow -Wno-sign-compare -Wno-subobject-linkage -Wno-tautological-compare -Wno-uninitialized -Wno-unused-but-set-parameter -Wno-unused-but-set-variable -Wno-unused-parameter -Wno-unused-variable    -std=c++17 -O2 -I$VALIDATION_STORAGE/pp168-a567/recovery/temp/aecp-mutants-po6_oxx5/tb/pp_top -Wall -Wextra   -c -o verilated_threads.o $WORKSPACE_HOME/.local/share/containers/storage/overlay/9517af577e2019496be7a9f3df0cdeafba0a4f827989b59cb358abf6403fbbde/diff/usr/share/verilator/include/verilated_threads.cpp
g++ -Os  -I.  -MMD -I$WORKSPACE_HOME/.local/share/containers/storage/overlay/9517af577e2019496be7a9f3df0cdeafba0a4f827989b59cb358abf6403fbbde/diff/usr/share/verilator/include -I$WORKSPACE_HOME/.local/share/containers/storage/overlay/9517af577e2019496be7a9f3df0cdeafba0a4f827989b59cb358abf6403fbbde/diff/usr/share/verilator/include/vltstd -DVERILATOR=1 -DVM_COVERAGE=0 -DVM_SC=0 -DVM_TIMING=0 -DVM_TRACE=0 -DVM_TRACE_FST=0 -DVM_TRACE_VCD=0 -DVM_TRACE_SAIF=0 -DVM_VPI=0 -faligned-new -fcf-protection=none -Wno-bool-operation -Wno-int-in-bool-context -Wno-shadow -Wno-sign-compare -Wno-subobject-linkage -Wno-tautological-compare -Wno-uninitialized -Wno-unused-but-set-parameter -Wno-unused-but-set-variable -Wno-unused-parameter -Wno-unused-variable    -std=c++17 -O2 -I$VALIDATION_STORAGE/pp168-a567/recovery/temp/aecp-mutants-po6_oxx5/tb/pp_top -Wall -Wextra   -x c++-header Vpp_top_wrap__pch.h -o Vpp_top_wrap__pch.h.fast.gch
g++   -I.  -MMD -I$WORKSPACE_HOME/.local/share/containers/storage/overlay/9517af577e2019496be7a9f3df0cdeafba0a4f827989b59cb358abf6403fbbde/diff/usr/share/verilator/include -I$WORKSPACE_HOME/.local/share/containers/storage/overlay/9517af577e2019496be7a9f3df0cdeafba0a4f827989b59cb358abf6403fbbde/diff/usr/share/verilator/include/vltstd -DVERILATOR=1 -DVM_COVERAGE=0 -DVM_SC=0 -DVM_TIMING=0 -DVM_TRACE=0 -DVM_TRACE_FST=0 -DVM_TRACE_VCD=0 -DVM_TRACE_SAIF=0 -DVM_VPI=0 -faligned-new -fcf-protection=none -Wno-bool-operation -Wno-int-in-bool-context -Wno-shadow -Wno-sign-compare -Wno-subobject-linkage -Wno-tautological-compare -Wno-uninitialized -Wno-unused-but-set-parameter -Wno-unused-but-set-variable -Wno-unused-parameter -Wno-unused-variable    -std=c++17 -O2 -I$VALIDATION_STORAGE/pp168-a567/recovery/temp/aecp-mutants-po6_oxx5/tb/pp_top -Wall -Wextra   -x c++-header Vpp_top_wrap__pch.h -o Vpp_top_wrap__pch.h.slow.gch
g++ -Os  -I.  -MMD -I$WORKSPACE_HOME/.local/share/containers/storage/overlay/9517af577e2019496be7a9f3df0cdeafba0a4f827989b59cb358abf6403fbbde/diff/usr/share/verilator/include -I$WORKSPACE_HOME/.local/share/containers/storage/overlay/9517af577e2019496be7a9f3df0cdeafba0a4f827989b59cb358abf6403fbbde/diff/usr/share/verilator/include/vltstd -DVERILATOR=1 -DVM_COVERAGE=0 -DVM_SC=0 -DVM_TIMING=0 -DVM_TRACE=0 -DVM_TRACE_FST=0 -DVM_TRACE_VCD=0 -DVM_TRACE_SAIF=0 -DVM_VPI=0 -faligned-new -fcf-protection=none -Wno-bool-operation -Wno-int-in-bool-context -Wno-shadow -Wno-sign-compare -Wno-subobject-linkage -Wno-tautological-compare -Wno-uninitialized -Wno-unused-but-set-parameter -Wno-unused-but-set-variable -Wno-unused-parameter -Wno-unused-variable    -std=c++17 -O2 -I$VALIDATION_STORAGE/pp168-a567/recovery/temp/aecp-mutants-po6_oxx5/tb/pp_top -Wall -Wextra   -include Vpp_top_wrap__pch.h.fast -c Vpp_top_wrap.cpp
g++ -Os  -I.  -MMD -I$WORKSPACE_HOME/.local/share/containers/storage/overlay/9517af577e2019496be7a9f3df0cdeafba0a4f827989b59cb358abf6403fbbde/diff/usr/share/verilator/include -I$WORKSPACE_HOME/.local/share/containers/storage/overlay/9517af577e2019496be7a9f3df0cdeafba0a4f827989b59cb358abf6403fbbde/diff/usr/share/verilator/include/vltstd -DVERILATOR=1 -DVM_COVERAGE=0 -DVM_SC=0 -DVM_TIMING=0 -DVM_TRACE=0 -DVM_TRACE_FST=0 -DVM_TRACE_VCD=0 -DVM_TRACE_SAIF=0 -DVM_VPI=0 -faligned-new -fcf-protection=none -Wno-bool-operation -Wno-int-in-bool-context -Wno-shadow -Wno-sign-compare -Wno-subobject-linkage -Wno-tautological-compare -Wno-uninitialized -Wno-unused-but-set-parameter -Wno-unused-but-set-variable -Wno-unused-parameter -Wno-unused-variable    -std=c++17 -O2 -I$VALIDATION_STORAGE/pp168-a567/recovery/temp/aecp-mutants-po6_oxx5/tb/pp_top -Wall -Wextra   -include Vpp_top_wrap__pch.h.fast -c Vpp_top_wrap___024root__0.cpp
g++ -Os  -I.  -MMD -I$WORKSPACE_HOME/.local/share/containers/storage/overlay/9517af577e2019496be7a9f3df0cdeafba0a4f827989b59cb358abf6403fbbde/diff/usr/share/verilator/include -I$WORKSPACE_HOME/.local/share/containers/storage/overlay/9517af577e2019496be7a9f3df0cdeafba0a4f827989b59cb358abf6403fbbde/diff/usr/share/verilator/include/vltstd -DVERILATOR=1 -DVM_COVERAGE=0 -DVM_SC=0 -DVM_TIMING=0 -DVM_TRACE=0 -DVM_TRACE_FST=0 -DVM_TRACE_VCD=0 -DVM_TRACE_SAIF=0 -DVM_VPI=0 -faligned-new -fcf-protection=none -Wno-bool-operation -Wno-int-in-bool-context -Wno-shadow -Wno-sign-compare -Wno-subobject-linkage -Wno-tautological-compare -Wno-uninitialized -Wno-unused-but-set-parameter -Wno-unused-but-set-variable -Wno-unused-parameter -Wno-unused-variable    -std=c++17 -O2 -I$VALIDATION_STORAGE/pp168-a567/recovery/temp/aecp-mutants-po6_oxx5/tb/pp_top -Wall -Wextra   -include Vpp_top_wrap__pch.h.fast -c Vpp_top_wrap___024root__1.cpp
g++ -Os  -I.  -MMD -I$WORKSPACE_HOME/.local/share/containers/storage/overlay/9517af577e2019496be7a9f3df0cdeafba0a4f827989b59cb358abf6403fbbde/diff/usr/share/verilator/include -I$WORKSPACE_HOME/.local/share/containers/storage/overlay/9517af577e2019496be7a9f3df0cdeafba0a4f827989b59cb358abf6403fbbde/diff/usr/share/verilator/include/vltstd -DVERILATOR=1 -DVM_COVERAGE=0 -DVM_SC=0 -DVM_TIMING=0 -DVM_TRACE=0 -DVM_TRACE_FST=0 -DVM_TRACE_VCD=0 -DVM_TRACE_SAIF=0 -DVM_VPI=0 -faligned-new -fcf-protection=none -Wno-bool-operation -Wno-int-in-bool-context -Wno-shadow -Wno-sign-compare -Wno-subobject-linkage -Wno-tautological-compare -Wno-uninitialized -Wno-unused-but-set-parameter -Wno-unused-but-set-variable -Wno-unused-parameter -Wno-unused-variable    -std=c++17 -O2 -I$VALIDATION_STORAGE/pp168-a567/recovery/temp/aecp-mutants-po6_oxx5/tb/pp_top -Wall -Wextra   -include Vpp_top_wrap__pch.h.fast -c Vpp_top_wrap___024root__2.cpp
g++ -Os  -I.  -MMD -I$WORKSPACE_HOME/.local/share/containers/storage/overlay/9517af577e2019496be7a9f3df0cdeafba0a4f827989b59cb358abf6403fbbde/diff/usr/share/verilator/include -I$WORKSPACE_HOME/.local/share/containers/storage/overlay/9517af577e2019496be7a9f3df0cdeafba0a4f827989b59cb358abf6403fbbde/diff/usr/share/verilator/include/vltstd -DVERILATOR=1 -DVM_COVERAGE=0 -DVM_SC=0 -DVM_TIMING=0 -DVM_TRACE=0 -DVM_TRACE_FST=0 -DVM_TRACE_VCD=0 -DVM_TRACE_SAIF=0 -DVM_VPI=0 -faligned-new -fcf-protection=none -Wno-bool-operation -Wno-int-in-bool-context -Wno-shadow -Wno-sign-compare -Wno-subobject-linkage -Wno-tautological-compare -Wno-uninitialized -Wno-unused-but-set-parameter -Wno-unused-but-set-variable -Wno-unused-parameter -Wno-unused-variable    -std=c++17 -O2 -I$VALIDATION_STORAGE/pp168-a567/recovery/temp/aecp-mutants-po6_oxx5/tb/pp_top -Wall -Wextra   -include Vpp_top_wrap__pch.h.fast -c Vpp_top_wrap___024root__3.cpp
g++ -Os  -I.  -MMD -I$WORKSPACE_HOME/.local/share/containers/storage/overlay/9517af577e2019496be7a9f3df0cdeafba0a4f827989b59cb358abf6403fbbde/diff/usr/share/verilator/include -I$WORKSPACE_HOME/.local/share/containers/storage/overlay/9517af577e2019496be7a9f3df0cdeafba0a4f827989b59cb358abf6403fbbde/diff/usr/share/verilator/include/vltstd -DVERILATOR=1 -DVM_COVERAGE=0 -DVM_SC=0 -DVM_TIMING=0 -DVM_TRACE=0 -DVM_TRACE_FST=0 -DVM_TRACE_VCD=0 -DVM_TRACE_SAIF=0 -DVM_VPI=0 -faligned-new -fcf-protection=none -Wno-bool-operation -Wno-int-in-bool-context -Wno-shadow -Wno-sign-compare -Wno-subobject-linkage -Wno-tautological-compare -Wno-uninitialized -Wno-unused-but-set-parameter -Wno-unused-but-set-variable -Wno-unused-parameter -Wno-unused-variable    -std=c++17 -O2 -I$VALIDATION_STORAGE/pp168-a567/recovery/temp/aecp-mutants-po6_oxx5/tb/pp_top -Wall -Wextra   -include Vpp_top_wrap__pch.h.fast -c Vpp_top_wrap___024root__4.cpp
g++ -Os  -I.  -MMD -I$WORKSPACE_HOME/.local/share/containers/storage/overlay/9517af577e2019496be7a9f3df0cdeafba0a4f827989b59cb358abf6403fbbde/diff/usr/share/verilator/include -I$WORKSPACE_HOME/.local/share/containers/storage/overlay/9517af577e2019496be7a9f3df0cdeafba0a4f827989b59cb358abf6403fbbde/diff/usr/share/verilator/include/vltstd -DVERILATOR=1 -DVM_COVERAGE=0 -DVM_SC=0 -DVM_TIMING=0 -DVM_TRACE=0 -DVM_TRACE_FST=0 -DVM_TRACE_VCD=0 -DVM_TRACE_SAIF=0 -DVM_VPI=0 -faligned-new -fcf-protection=none -Wno-bool-operation -Wno-int-in-bool-context -Wno-shadow -Wno-sign-compare -Wno-subobject-linkage -Wno-tautological-compare -Wno-uninitialized -Wno-unused-but-set-parameter -Wno-unused-but-set-variable -Wno-unused-parameter -Wno-unused-variable    -std=c++17 -O2 -I$VALIDATION_STORAGE/pp168-a567/recovery/temp/aecp-mutants-po6_oxx5/tb/pp_top -Wall -Wextra   -include Vpp_top_wrap__pch.h.fast -c Vpp_top_wrap___024root__5.cpp
g++ -Os  -I.  -MMD -I$WORKSPACE_HOME/.local/share/containers/storage/overlay/9517af577e2019496be7a9f3df0cdeafba0a4f827989b59cb358abf6403fbbde/diff/usr/share/verilator/include -I$WORKSPACE_HOME/.local/share/containers/storage/overlay/9517af577e2019496be7a9f3df0cdeafba0a4f827989b59cb358abf6403fbbde/diff/usr/share/verilator/include/vltstd -DVERILATOR=1 -DVM_COVERAGE=0 -DVM_SC=0 -DVM_TIMING=0 -DVM_TRACE=0 -DVM_TRACE_FST=0 -DVM_TRACE_VCD=0 -DVM_TRACE_SAIF=0 -DVM_VPI=0 -faligned-new -fcf-protection=none -Wno-bool-operation -Wno-int-in-bool-context -Wno-shadow -Wno-sign-compare -Wno-subobject-linkage -Wno-tautological-compare -Wno-uninitialized -Wno-unused-but-set-parameter -Wno-unused-but-set-variable -Wno-unused-parameter -Wno-unused-variable    -std=c++17 -O2 -I$VALIDATION_STORAGE/pp168-a567/recovery/temp/aecp-mutants-po6_oxx5/tb/pp_top -Wall -Wextra   -include Vpp_top_wrap__pch.h.fast -c Vpp_top_wrap__Dpi.cpp
g++   -I.  -MMD -I$WORKSPACE_HOME/.local/share/containers/storage/overlay/9517af577e2019496be7a9f3df0cdeafba0a4f827989b59cb358abf6403fbbde/diff/usr/share/verilator/include -I$WORKSPACE_HOME/.local/share/containers/storage/overlay/9517af577e2019496be7a9f3df0cdeafba0a4f827989b59cb358abf6403fbbde/diff/usr/share/verilator/include/vltstd -DVERILATOR=1 -DVM_COVERAGE=0 -DVM_SC=0 -DVM_TIMING=0 -DVM_TRACE=0 -DVM_TRACE_FST=0 -DVM_TRACE_VCD=0 -DVM_TRACE_SAIF=0 -DVM_VPI=0 -faligned-new -fcf-protection=none -Wno-bool-operation -Wno-int-in-bool-context -Wno-shadow -Wno-sign-compare -Wno-subobject-linkage -Wno-tautological-compare -Wno-uninitialized -Wno-unused-but-set-parameter -Wno-unused-but-set-variable -Wno-unused-parameter -Wno-unused-variable    -std=c++17 -O2 -I$VALIDATION_STORAGE/pp168-a567/recovery/temp/aecp-mutants-po6_oxx5/tb/pp_top -Wall -Wextra   -include Vpp_top_wrap__pch.h.slow -c Vpp_top_wrap__ConstPool__0__Slow.cpp
g++   -I.  -MMD -I$WORKSPACE_HOME/.local/share/containers/storage/overlay/9517af577e2019496be7a9f3df0cdeafba0a4f827989b59cb358abf6403fbbde/diff/usr/share/verilator/include -I$WORKSPACE_HOME/.local/share/containers/storage/overlay/9517af577e2019496be7a9f3df0cdeafba0a4f827989b59cb358abf6403fbbde/diff/usr/share/verilator/include/vltstd -DVERILATOR=1 -DVM_COVERAGE=0 -DVM_SC=0 -DVM_TIMING=0 -DVM_TRACE=0 -DVM_TRACE_FST=0 -DVM_TRACE_VCD=0 -DVM_TRACE_SAIF=0 -DVM_VPI=0 -faligned-new -fcf-protection=none -Wno-bool-operation -Wno-int-in-bool-context -Wno-shadow -Wno-sign-compare -Wno-subobject-linkage -Wno-tautological-compare -Wno-uninitialized -Wno-unused-but-set-parameter -Wno-unused-but-set-variable -Wno-unused-parameter -Wno-unused-variable    -std=c++17 -O2 -I$VALIDATION_STORAGE/pp168-a567/recovery/temp/aecp-mutants-po6_oxx5/tb/pp_top -Wall -Wextra   -include Vpp_top_wrap__pch.h.slow -c Vpp_top_wrap___024root__Slow.cpp
g++   -I.  -MMD -I$WORKSPACE_HOME/.local/share/containers/storage/overlay/9517af577e2019496be7a9f3df0cdeafba0a4f827989b59cb358abf6403fbbde/diff/usr/share/verilator/include -I$WORKSPACE_HOME/.local/share/containers/storage/overlay/9517af577e2019496be7a9f3df0cdeafba0a4f827989b59cb358abf6403fbbde/diff/usr/share/verilator/include/vltstd -DVERILATOR=1 -DVM_COVERAGE=0 -DVM_SC=0 -DVM_TIMING=0 -DVM_TRACE=0 -DVM_TRACE_FST=0 -DVM_TRACE_VCD=0 -DVM_TRACE_SAIF=0 -DVM_VPI=0 -faligned-new -fcf-protection=none -Wno-bool-operation -Wno-int-in-bool-context -Wno-shadow -Wno-sign-compare -Wno-subobject-linkage -Wno-tautological-compare -Wno-uninitialized -Wno-unused-but-set-parameter -Wno-unused-but-set-variable -Wno-unused-parameter -Wno-unused-variable    -std=c++17 -O2 -I$VALIDATION_STORAGE/pp168-a567/recovery/temp/aecp-mutants-po6_oxx5/tb/pp_top -Wall -Wextra   -include Vpp_top_wrap__pch.h.slow -c Vpp_top_wrap___024root__0__Slow.cpp
g++   -I.  -MMD -I$WORKSPACE_HOME/.local/share/containers/storage/overlay/9517af577e2019496be7a9f3df0cdeafba0a4f827989b59cb358abf6403fbbde/diff/usr/share/verilator/include -I$WORKSPACE_HOME/.local/share/containers/storage/overlay/9517af577e2019496be7a9f3df0cdeafba0a4f827989b59cb358abf6403fbbde/diff/usr/share/verilator/include/vltstd -DVERILATOR=1 -DVM_COVERAGE=0 -DVM_SC=0 -DVM_TIMING=0 -DVM_TRACE=0 -DVM_TRACE_FST=0 -DVM_TRACE_VCD=0 -DVM_TRACE_SAIF=0 -DVM_VPI=0 -faligned-new -fcf-protection=none -Wno-bool-operation -Wno-int-in-bool-context -Wno-shadow -Wno-sign-compare -Wno-subobject-linkage -Wno-tautological-compare -Wno-uninitialized -Wno-unused-but-set-parameter -Wno-unused-but-set-variable -Wno-unused-parameter -Wno-unused-variable    -std=c++17 -O2 -I$VALIDATION_STORAGE/pp168-a567/recovery/temp/aecp-mutants-po6_oxx5/tb/pp_top -Wall -Wextra   -include Vpp_top_wrap__pch.h.slow -c Vpp_top_wrap___024root__1__Slow.cpp
g++   -I.  -MMD -I$WORKSPACE_HOME/.local/share/containers/storage/overlay/9517af577e2019496be7a9f3df0cdeafba0a4f827989b59cb358abf6403fbbde/diff/usr/share/verilator/include -I$WORKSPACE_HOME/.local/share/containers/storage/overlay/9517af577e2019496be7a9f3df0cdeafba0a4f827989b59cb358abf6403fbbde/diff/usr/share/verilator/include/vltstd -DVERILATOR=1 -DVM_COVERAGE=0 -DVM_SC=0 -DVM_TIMING=0 -DVM_TRACE=0 -DVM_TRACE_FST=0 -DVM_TRACE_VCD=0 -DVM_TRACE_SAIF=0 -DVM_VPI=0 -faligned-new -fcf-protection=none -Wno-bool-operation -Wno-int-in-bool-context -Wno-shadow -Wno-sign-compare -Wno-subobject-linkage -Wno-tautological-compare -Wno-uninitialized -Wno-unused-but-set-parameter -Wno-unused-but-set-variable -Wno-unused-parameter -Wno-unused-variable    -std=c++17 -O2 -I$VALIDATION_STORAGE/pp168-a567/recovery/temp/aecp-mutants-po6_oxx5/tb/pp_top -Wall -Wextra   -include Vpp_top_wrap__pch.h.slow -c Vpp_top_wrap___024root__2__Slow.cpp
g++   -I.  -MMD -I$WORKSPACE_HOME/.local/share/containers/storage/overlay/9517af577e2019496be7a9f3df0cdeafba0a4f827989b59cb358abf6403fbbde/diff/usr/share/verilator/include -I$WORKSPACE_HOME/.local/share/containers/storage/overlay/9517af577e2019496be7a9f3df0cdeafba0a4f827989b59cb358abf6403fbbde/diff/usr/share/verilator/include/vltstd -DVERILATOR=1 -DVM_COVERAGE=0 -DVM_SC=0 -DVM_TIMING=0 -DVM_TRACE=0 -DVM_TRACE_FST=0 -DVM_TRACE_VCD=0 -DVM_TRACE_SAIF=0 -DVM_VPI=0 -faligned-new -fcf-protection=none -Wno-bool-operation -Wno-int-in-bool-context -Wno-shadow -Wno-sign-compare -Wno-subobject-linkage -Wno-tautological-compare -Wno-uninitialized -Wno-unused-but-set-parameter -Wno-unused-but-set-variable -Wno-unused-parameter -Wno-unused-variable    -std=c++17 -O2 -I$VALIDATION_STORAGE/pp168-a567/recovery/temp/aecp-mutants-po6_oxx5/tb/pp_top -Wall -Wextra   -include Vpp_top_wrap__pch.h.slow -c Vpp_top_wrap__Syms__Slow.cpp
g++    sim_main.o verilated.o verilated_dpi.o verilated_threads.o Vpp_top_wrap__ALL.a    -pthread -lpthread -latomic   -o Vpp_top_sim
rm Vpp_top_wrap__ALL.verilator_deplist.tmp
make[1]: Leaving directory '$VALIDATION_STORAGE/pp168-a567/recovery/temp/aecp-mutants-po6_oxx5/tb/pp_top/obj_dir'
- V e r i l a t i o n   R e p o r t: Verilator 5.050 2026-07-01 rev v5.050
- Verilator: Built from 17.315 MB sources in 49 modules, into 7.897 MB in 14 C++ files needing 0.004 MB
- Verilator: Walltime 19.975 s (elab=0.430, cvt=2.565, bld=16.512); cpu 2.685 s on 16 threads; allocated 918.785 MB
./obj_dir/Vpp_top_sim --hazards-only
FAIL: HZ1 SET_CONFIGURATION: admitted RO_SNAPSHOT key 0xfc00 (want CFG_BARRIER, key 0x0000)
FAIL: HZ1 LOCK_ENTITY (lock): admitted RO_SNAPSHOT key 0xfc00 (want LOCK_OP, key 0x0000)
FAIL: HZ1 LOCK_ENTITY (unlock): admitted RO_SNAPSHOT key 0xfc00 (want LOCK_OP, key 0x0000)
FAIL: HZ1 SET_STREAM_FORMAT STREAM_OUTPUT 1: admitted RO_SNAPSHOT key 0xfc00 (want STREAM_CFG, key 0x1801)
FAIL: HZ1 SET_STREAM_INFO STREAM_OUTPUT 1: admitted RO_SNAPSHOT key 0xfc00 (want STREAM_CFG, key 0x1801)
FAIL: HZ1 START_STREAMING STREAM_INPUT 1: admitted RO_SNAPSHOT key 0xfc00 (want STREAM_CFG, key 0x1401)
FAIL: HZ1 STOP_STREAMING STREAM_INPUT 1: admitted RO_SNAPSHOT key 0xfc00 (want STREAM_CFG, key 0x1401)
FAIL: HZ1 ADD_AUDIO_MAPPINGS STREAM_PORT_INPUT 0: admitted MAP_CFG key 0x0002 (want MAP_CFG, key 0x3800)
FAIL: HZ1 REMOVE_AUDIO_MAPPINGS STREAM_PORT_INPUT 0: admitted MAP_CFG key 0x0002 (want MAP_CFG, key 0x3800)
FAIL: HZ1 SET_SAMPLING_RATE AUDIO_UNIT 0: admitted RO_SNAPSHOT key 0xfc00 (want CLOCK_CFG, key 0x0800)
FAIL: HZ1 SET_CLOCK_SOURCE CLOCK_DOMAIN 0: admitted RO_SNAPSHOT key 0xfc00 (want CLOCK_CFG, key 0x9000)
FAIL: HZ1 SET_NAME CLOCK_DOMAIN 0: admitted RO_SNAPSHOT key 0xfc00 (want NAME_WR, key 0x9000)
FAIL: HZ1 REGISTER_UNSOLICITED_NOTIFICATION: admitted RO_SNAPSHOT key 0xfc00 (want REGISTRY_OP, key 0xfc01)
FAIL: HZ1 DEREGISTER_UNSOLICITED_NOTIFICATION: admitted RO_SNAPSHOT key 0xfc00 (want REGISTRY_OP, key 0xfc01)
FAIL: HZ1 SET_CONTROL CONTROL 0 (identify): admitted RO_SNAPSHOT key 0xfc00 (want IDENTIFY, key 0x6800)
FAIL: HZ1 GET_STREAM_FORMAT STREAM_OUTPUT 1: admitted RO_SNAPSHOT key 0xfc00 (want RO_SNAPSHOT, key 0x1801)
FAIL: HZ1 GET_STREAM_INFO STREAM_INPUT 1: admitted RO_SNAPSHOT key 0xfc00 (want RO_SNAPSHOT, key 0x1401)
FAIL: HZ1 GET_NAME CLOCK_DOMAIN 0: admitted RO_SNAPSHOT key 0xfc00 (want RO_SNAPSHOT, key 0x9000)
FAIL: HZ1 GET_SAMPLING_RATE AUDIO_UNIT 0: admitted RO_SNAPSHOT key 0xfc00 (want RO_SNAPSHOT, key 0x0800)
FAIL: HZ1 GET_CLOCK_SOURCE CLOCK_DOMAIN 0: admitted RO_SNAPSHOT key 0xfc00 (want RO_SNAPSHOT, key 0x9000)
FAIL: HZ1 GET_CONTROL CONTROL 0: admitted RO_SNAPSHOT key 0xfc00 (want RO_SNAPSHOT, key 0x6800)
FAIL: HZ1 GET_AVB_INFO AVB_INTERFACE 0: admitted RO_SNAPSHOT key 0xfc00 (want RO_SNAPSHOT, key 0x2400)
FAIL: HZ1 GET_COUNTERS STREAM_INPUT 1: admitted RO_SNAPSHOT key 0xfc00 (want RO_SNAPSHOT, key 0x1401)
FAIL: HZ1 GET_AUDIO_MAP STREAM_PORT_INPUT 0: admitted RO_SNAPSHOT key 0xfc00 (want RO_SNAPSHOT, key 0x3800)
FAIL: HZ1 GET_AS_PATH AVB_INTERFACE 0: admitted RO_SNAPSHOT key 0xfc00 (want RO_SNAPSHOT, key 0x2400)
FAIL: HZ1 ENTITY_AVAILABLE: admitted RO_SNAPSHOT key 0xfc00 (want RO_SNAPSHOT, key 0x0000)
FAIL: HZ1 GET_CONFIGURATION: admitted RO_SNAPSHOT key 0xfc00 (want RO_SNAPSHOT, key 0x0000)
FAIL: HZ1 ACQUIRE_ENTITY: admitted RO_SNAPSHOT key 0xfc00 (want RO_SNAPSHOT, key 0x0000)
FAIL: HZ1 GET_DYNAMIC_INFO: admitted RO_SNAPSHOT key 0xfc00 (want MAP_CFG, key 0xfc00)
FAIL: HZ1 ACMP GET_RX_STATE sink 1: admitted STREAM_CFG key 0x0001 (want RO_SNAPSHOT, key 0x1401)
FAIL: HZ1 ACMP UNBIND_RX sink 3: admitted STREAM_CFG key 0x0001 (want STREAM_CFG, key 0x1403)
FAIL: HZ1 ACMP GET_TX_STATE source 2: admitted STREAM_CFG key 0x0001 (want RO_SNAPSHOT, key 0x1802)
FAIL: HZ1 ACMP GET_TX_CONNECTION source 2: admitted STREAM_CFG key 0x0001 (want RO_SNAPSHOT, key 0x1802)
FAIL: HZ1 ACMP PROBE_TX source 2: admitted STREAM_CFG key 0x0001 (want STREAM_CFG, key 0x1802)
FAIL: HZ1 ACMP DISCONNECT_TX source 2: admitted STREAM_CFG key 0x0001 (want STREAM_CFG, key 0x1802)
FAIL: HZ2: premise: the held UNBIND_RX is STREAM_CFG on {STREAM_INPUT, 1}
FAIL: HZ2: SET_CONFIGURATION is refused and latches the drain while the ACMP key is held (pending -1)
FAIL: HZ2: the barrier is admitted after the ACMP key is released (23999 after 25208)
FAIL: HZ3: premise: the barrier's drain is pending while the ACMP key is held
FAIL: HZ3: the barrier is admitted first, the queued ACMP head after it (-1, -1)
FAIL: HZ4: LOCK_ENTITY is not admitted while an ACMP stream step holds its key (refused 0 clocks)
FAIL: HZ4: LOCK_ENTITY is admitted after the stream step's key frees
FAIL: HZ4: the unlock is admitted beside a held GET_RX_STATE, a read
FAIL: HZ5 START_STREAMING on the held sink's key: not admitted while the held ACMP command keeps its key (refused 0 clocks)
FAIL: HZ5 START_STREAMING on the held sink's key: admitted after the ACMP key frees
FAIL: HZ6 GET_STREAM_INFO on the held sink's key: not admitted while the held ACMP command keeps its key (refused 0 clocks)
FAIL: HZ6 GET_STREAM_INFO on the held sink's key: admitted after the ACMP key frees
FAIL: HZ9a SET_NAME on STREAM_INPUT 1 vs a held GET_RX_STATE of sink 1: not admitted while the held ACMP command keeps its key (refused 0 clocks)
FAIL: HZ9a SET_NAME on STREAM_INPUT 1 vs a held GET_RX_STATE of sink 1: admitted after the ACMP key frees
FAIL: HZ9d a GET_TX_STATE of source 1 vs a held SET_NAME on STREAM_OUTPUT 1: not admitted while the held AECP command keeps its key (refused 0 clocks)
FAIL: HZ9d a GET_TX_STATE of source 1 vs a held SET_NAME on STREAM_OUTPUT 1: admitted after the AECP key frees
FAIL: HZ9f a GET_RX_STATE of sink 1 vs a held SET_NAME on STREAM_INPUT 1: not admitted while the held AECP command keeps its key (refused 0 clocks)
FAIL: HZ9f a GET_RX_STATE of sink 1 vs a held SET_NAME on STREAM_INPUT 1: admitted after the AECP key frees
FAIL: HZ10a STOP_STREAMING on STREAM_INPUT 1 vs a held GET_RX_STATE of sink 1: not admitted while the held ACMP command keeps its key (refused 0 clocks)
FAIL: HZ10a STOP_STREAMING on STREAM_INPUT 1 vs a held GET_RX_STATE of sink 1: admitted after the ACMP key frees
FAIL: HZ10b a GET_TX_STATE of source 1 vs a held STOP_STREAMING on STREAM_OUTPUT 1: not admitted while the held AECP command keeps its key (refused 0 clocks)
FAIL: HZ10b a GET_TX_STATE of source 1 vs a held STOP_STREAMING on STREAM_OUTPUT 1: admitted after the AECP key frees
FAIL: HZ10c a DISCONNECT_TX of source 1 vs a held STOP_STREAMING on STREAM_OUTPUT 1: not admitted while the held AECP command keeps its key (refused 0 clocks)
FAIL: HZ10c a DISCONNECT_TX of source 1 vs a held STOP_STREAMING on STREAM_OUTPUT 1: admitted after the AECP key frees
FAIL: HZ10e a DISCONNECT_TX of source 1 vs a held GET_STREAM_INFO on STREAM_OUTPUT 1: not admitted while the held AECP command keeps its key (refused 0 clocks)
FAIL: HZ10e a DISCONNECT_TX of source 1 vs a held GET_STREAM_INFO on STREAM_OUTPUT 1: admitted after the AECP key frees
FAIL: HZ11a a GET_TX_STATE of source 1 vs a held SET_CONFIGURATION: not admitted while the held AECP command keeps its key (refused 0 clocks)
FAIL: HZ11a a GET_TX_STATE of source 1 vs a held SET_CONFIGURATION: admitted after the AECP key frees
FAIL: HZ11b a DISCONNECT_TX of source 1 vs a held LOCK_ENTITY: not admitted while the held AECP command keeps its key (refused 0 clocks)
FAIL: HZ11b a DISCONNECT_TX of source 1 vs a held LOCK_ENTITY: admitted after the AECP key frees
FAIL: HZ11e a GET_TX_STATE of source 1 vs a held ADD_AUDIO_MAPPINGS: admitted beside the held AECP command
FAIL: HZ12a SET_SAMPLING_RATE (CLOCK_CFG) naming STREAM_INPUT 1 vs a held GET_RX_STATE of sink 1: not admitted while the held ACMP command keeps its key (refused 0 clocks)
FAIL: HZ12a SET_SAMPLING_RATE (CLOCK_CFG) naming STREAM_INPUT 1 vs a held GET_RX_STATE of sink 1: admitted after the ACMP key frees
FAIL: HZ12a a GET_TX_STATE of source 1 vs a held SET_SAMPLING_RATE (CLOCK_CFG) naming STREAM_OUTPUT 1: not admitted while the held AECP command keeps its key (refused 0 clocks)
FAIL: HZ12a a GET_TX_STATE of source 1 vs a held SET_SAMPLING_RATE (CLOCK_CFG) naming STREAM_OUTPUT 1: admitted after the AECP key frees
FAIL: HZ12b SET_CONTROL (IDENTIFY) naming STREAM_INPUT 1 vs a held GET_RX_STATE of sink 1: not admitted while the held ACMP command keeps its key (refused 0 clocks)
FAIL: HZ12b SET_CONTROL (IDENTIFY) naming STREAM_INPUT 1 vs a held GET_RX_STATE of sink 1: admitted after the ACMP key frees
FAIL: HZ12b a GET_TX_STATE of source 1 vs a held SET_CONTROL (IDENTIFY) naming STREAM_OUTPUT 1: not admitted while the held AECP command keeps its key (refused 0 clocks)
FAIL: HZ12b a GET_TX_STATE of source 1 vs a held SET_CONTROL (IDENTIFY) naming STREAM_OUTPUT 1: admitted after the AECP key frees
FAIL: HZ12c ADD_AUDIO_MAPPINGS (MAP_CFG) naming STREAM_INPUT 0 vs a held GET_RX_STATE of sink 1: admitted beside the held ACMP command
FAIL: HZ8 GET_DYNAMIC_INFO naming no stream (MAP_CFG's cross-lock, the accepted over-serialization): not admitted while the held ACMP command keeps its key (refused 0 clocks)
FAIL: HZ8 GET_DYNAMIC_INFO naming no stream (MAP_CFG's cross-lock, the accepted over-serialization): admitted after the ACMP key frees
FAIL: HZ13a GET_DYNAMIC_INFO with a GET_STREAM_INFO record of STREAM_INPUT 1 vs a held UNBIND_RX of sink 1: not admitted while the held ACMP command keeps its key (refused 0 clocks)
FAIL: HZ13a GET_DYNAMIC_INFO with a GET_STREAM_INFO record of STREAM_INPUT 1 vs a held UNBIND_RX of sink 1: admitted after the ACMP key frees
FAIL: HZ13c an UNBIND_RX of sink 1 vs a held GET_DYNAMIC_INFO with a GET_STREAM_INFO record of STREAM_INPUT 1: not admitted while the held AECP command keeps its key (refused 0 clocks)
FAIL: HZ13c an UNBIND_RX of sink 1 vs a held GET_DYNAMIC_INFO with a GET_STREAM_INFO record of STREAM_INPUT 1: admitted after the AECP key frees
HZ: 189 checks, 81 failures
[build default, SRP_DOM_DEF_VID_P 0x0002, DESC_LINE_BYTES_P 576] 189 checks, 81 failures
make: *** [Makefile:143: hazards] Error 1
make: Leaving directory '$VALIDATION_STORAGE/pp168-a567/recovery/temp/aecp-mutants-po6_oxx5/tb/pp_top'
