r1b-main-5c71928a-route-1x1/baseline_utilization.rpt: OK
r1b-main-5c71928a-route-1x1/baseline_hierarchy.rpt: OK
r1b-main-5c71928a-route-1x1/baseline_pp_utilization.rpt: OK
r1b-main-5c71928a-route-1x1/baseline_scope_timing.tsv: OK
r1b-main-5c71928a-route-1x1/baseline_images.json: OK (original digest; path-redacted on publication)
r1b-main-5c71928a-route-1x1/alinx_ax7101_utilization_place.rpt: OK
r1b-main-5c71928a-route-1x1/alinx_ax7101_utilization_hierarchical_place.rpt: OK
r1b-main-5c71928a-route-1x1/alinx_ax7101_route_status.rpt: OK
r1b-main-5c71928a-route-1x1/alinx_ax7101_signoff_grade.txt: OK
r1b-main-5c71928a-route-1x1/alinx_ax7101_signoff_Slow_0C_negative.rpt: OK
r1b-main-5c71928a-route-1x1/alinx_ax7101_signoff_Slow_85C_negative.rpt: OK
r1b-main-5c71928a-route-1x1/alinx_ax7101_signoff_Fast_0C_negative.rpt: OK
r1b-main-5c71928a-route-1x1/alinx_ax7101_signoff_Fast_85C_negative.rpt: OK
r1b-main-5c71928a-route-1x1: 13 whole file(s) checked; baseline.log 3345c0ac81f8f149... in vivado/README.md
  util {'lut': 51434.0, 'lut_logic': 49158.0, 'lut_mem': 2276.0, 'ff': 59691.0, 'slice': 15847.0, 'ramb36': 79.0, 'ramb18': 27.0, 'dsp': 14.0, 'carry4': 3526.0}
  WNS/WHS 0.079 / 0.014; Synth 8-7186 lines 16 (header 16); Synth 8-4445 lines 0
  u_notify {'lut': 3270, 'lutram': 96, 'ff': 3299}  u_resp {'lut': 345, 'lutram': 0, 'ff': 260}  u_d3 {'lut': 1897, 'lutram': 44, 'ff': 581}
r1b-head-6e950fea-route-1x1/baseline_utilization.rpt: OK
r1b-head-6e950fea-route-1x1/baseline_hierarchy.rpt: OK
r1b-head-6e950fea-route-1x1/baseline_pp_utilization.rpt: OK
r1b-head-6e950fea-route-1x1/baseline_scope_timing.tsv: OK
r1b-head-6e950fea-route-1x1/baseline_images.json: OK (original digest; path-redacted on publication)
r1b-head-6e950fea-route-1x1/alinx_ax7101_utilization_place.rpt: OK
r1b-head-6e950fea-route-1x1/alinx_ax7101_utilization_hierarchical_place.rpt: OK
r1b-head-6e950fea-route-1x1/alinx_ax7101_route_status.rpt: OK
r1b-head-6e950fea-route-1x1/alinx_ax7101_signoff_grade.txt: OK
r1b-head-6e950fea-route-1x1/alinx_ax7101_signoff_Slow_0C_negative.rpt: OK
r1b-head-6e950fea-route-1x1/alinx_ax7101_signoff_Slow_85C_negative.rpt: OK
r1b-head-6e950fea-route-1x1/alinx_ax7101_signoff_Fast_0C_negative.rpt: OK
r1b-head-6e950fea-route-1x1/alinx_ax7101_signoff_Fast_85C_negative.rpt: OK
r1b-head-6e950fea-route-1x1: 13 whole file(s) checked; baseline.log 4d18c2905ff3e812... in vivado/README.md
  util {'lut': 50671.0, 'lut_logic': 47533.0, 'lut_mem': 3138.0, 'ff': 57660.0, 'slice': 15841.0, 'ramb36': 79.0, 'ramb18': 27.0, 'dsp': 14.0, 'carry4': 3376.0}
  WNS/WHS 0.274 / 0.023; Synth 8-7186 lines 0 (header 0); Synth 8-4445 lines 0
  u_notify {'lut': 2343, 'lutram': 960, 'ff': 1287}  u_resp {'lut': 345, 'lutram': 0, 'ff': 260}  u_d3 {'lut': 1931, 'lutram': 44, 'ff': 581}
r1-base-f4167536-route-1x1/baseline_utilization.rpt: OK
r1-base-f4167536-route-1x1/baseline_hierarchy.rpt: OK
r1-base-f4167536-route-1x1/baseline_pp_utilization.rpt: OK
r1-base-f4167536-route-1x1/baseline_scope_timing.tsv: OK
r1-base-f4167536-route-1x1/baseline_images.json: OK (original digest; path-redacted on publication)
r1-base-f4167536-route-1x1/alinx_ax7101_utilization_place.rpt: OK
r1-base-f4167536-route-1x1/alinx_ax7101_utilization_hierarchical_place.rpt: OK
r1-base-f4167536-route-1x1/alinx_ax7101_route_status.rpt: OK
r1-base-f4167536-route-1x1/alinx_ax7101_signoff_grade.txt: OK
r1-base-f4167536-route-1x1/alinx_ax7101_signoff_Slow_0C_negative.rpt: OK
r1-base-f4167536-route-1x1/alinx_ax7101_signoff_Slow_85C_negative.rpt: OK
r1-base-f4167536-route-1x1/alinx_ax7101_signoff_Fast_0C_negative.rpt: OK
r1-base-f4167536-route-1x1/alinx_ax7101_signoff_Fast_85C_negative.rpt: OK
r1-base-f4167536-route-1x1: 13 whole file(s) checked; baseline.log 91c14839314a6d5a... in vivado/README.md
  util {'lut': 50740.0, 'lut_logic': 48510.0, 'lut_mem': 2230.0, 'ff': 59631.0, 'slice': 15839.0, 'ramb36': 79.0, 'ramb18': 27.0, 'dsp': 14.0, 'carry4': 3520.0}
  WNS/WHS 0.116 / 0.012; Synth 8-7186 lines 16 (header 16); Synth 8-4445 lines 0
  u_notify {'lut': 3171, 'lutram': 96, 'ff': 3299}  u_resp {'lut': 333, 'lutram': 0, 'ff': 260}  u_d3 {'lut': 1316, 'lutram': 0, 'ff': 485}
r1-head-3ab2e4da-route-1x1/baseline_utilization.rpt: OK
r1-head-3ab2e4da-route-1x1/baseline_hierarchy.rpt: OK
r1-head-3ab2e4da-route-1x1/baseline_pp_utilization.rpt: OK
r1-head-3ab2e4da-route-1x1/baseline_scope_timing.tsv: OK
r1-head-3ab2e4da-route-1x1/baseline_images.json: OK (original digest; path-redacted on publication)
r1-head-3ab2e4da-route-1x1/alinx_ax7101_utilization_place.rpt: OK
r1-head-3ab2e4da-route-1x1/alinx_ax7101_utilization_hierarchical_place.rpt: OK
r1-head-3ab2e4da-route-1x1/alinx_ax7101_route_status.rpt: OK
r1-head-3ab2e4da-route-1x1/alinx_ax7101_signoff_grade.txt: OK
r1-head-3ab2e4da-route-1x1/alinx_ax7101_signoff_Slow_0C_negative.rpt: OK
r1-head-3ab2e4da-route-1x1/alinx_ax7101_signoff_Slow_85C_negative.rpt: OK
r1-head-3ab2e4da-route-1x1/alinx_ax7101_signoff_Fast_0C_negative.rpt: OK
r1-head-3ab2e4da-route-1x1/alinx_ax7101_signoff_Fast_85C_negative.rpt: OK
r1-head-3ab2e4da-route-1x1: 13 whole file(s) checked; baseline.log c951b7a679df3c23... in vivado/README.md
  util {'lut': 50090.0, 'lut_logic': 46993.0, 'lut_mem': 3097.0, 'ff': 57681.0, 'slice': 15824.0, 'ramb36': 79.0, 'ramb18': 27.0, 'dsp': 14.0, 'carry4': 3373.0}
  WNS/WHS 0.143 / 0.027; Synth 8-7186 lines 0 (header 0); Synth 8-4445 lines 0
  u_notify {'lut': 2327, 'lutram': 960, 'ff': 1276}  u_resp {'lut': 334, 'lutram': 0, 'ff': 260}  u_d3 {'lut': 1312, 'lutram': 0, 'ff': 485}
r1-base-f4167536-ooc-1x1/baseline_utilization.rpt: OK
r1-base-f4167536-ooc-1x1/baseline_hierarchy.rpt: OK
r1-base-f4167536-ooc-1x1/baseline_scope_timing.tsv: OK
r1-base-f4167536-ooc-1x1/baseline_parameters.json: OK (original digest; path-redacted on publication)
r1-base-f4167536-ooc-1x1/baseline_chparam.txt: OK
r1-base-f4167536-ooc-1x1/baseline_images.json: OK (original digest; path-redacted on publication)
r1-base-f4167536-ooc-1x1: 6 whole file(s) checked; baseline.log 46897cb6e929dce0... in vivado/README.md
  util {'lut': 24494.0, 'lut_logic': 23252.0, 'lut_mem': 1242.0, 'ff': 25471.0, 'slice': None, 'ramb36': 21.0, 'ramb18': 3.0, 'dsp': 8.0, 'carry4': 1638.0}
  WNS/WHS -0.496 / 0.159; Synth 8-7186 lines 16 (header 16); Synth 8-4445 lines 0
  u_notify {'lut': 3194, 'lutram': 96, 'ff': 3299}  u_resp {'lut': 346, 'lutram': 0, 'ff': 260}  u_d3 {'lut': 1069, 'lutram': 0, 'ff': 485}
r1-head-3ab2e4da-ooc-1x1/baseline_utilization.rpt: OK
r1-head-3ab2e4da-ooc-1x1/baseline_hierarchy.rpt: OK
r1-head-3ab2e4da-ooc-1x1/baseline_scope_timing.tsv: OK
r1-head-3ab2e4da-ooc-1x1/baseline_parameters.json: OK (original digest; path-redacted on publication)
r1-head-3ab2e4da-ooc-1x1/baseline_chparam.txt: OK
r1-head-3ab2e4da-ooc-1x1/baseline_images.json: OK (original digest; path-redacted on publication)
r1-head-3ab2e4da-ooc-1x1: 6 whole file(s) checked; baseline.log ab9e117f1d659197... in vivado/README.md
  util {'lut': 23600.0, 'lut_logic': 21494.0, 'lut_mem': 2106.0, 'ff': 23429.0, 'slice': None, 'ramb36': 21.0, 'ramb18': 3.0, 'dsp': 8.0, 'carry4': 1487.0}
  WNS/WHS -4.409 / 0.159; Synth 8-7186 lines 0 (header 0); Synth 8-4445 lines 0
  u_notify {'lut': 2261, 'lutram': 960, 'ff': 1253}  u_resp {'lut': 344, 'lutram': 0, 'ff': 260}  u_d3 {'lut': 1071, 'lutram': 0, 'ff': 485}
r1-base-f4167536-ooc-8x8/baseline_utilization.rpt: OK
r1-base-f4167536-ooc-8x8/baseline_hierarchy.rpt: OK
r1-base-f4167536-ooc-8x8/baseline_scope_timing.tsv: OK
r1-base-f4167536-ooc-8x8/baseline_parameters.json: OK (original digest; path-redacted on publication)
r1-base-f4167536-ooc-8x8/baseline_chparam.txt: OK
r1-base-f4167536-ooc-8x8/baseline_images.json: OK (original digest; path-redacted on publication)
r1-base-f4167536-ooc-8x8: 6 whole file(s) checked; baseline.log db02bbc29a04e090... in vivado/README.md
  util {'lut': 31383.0, 'lut_logic': 30345.0, 'lut_mem': 1038.0, 'ff': 33968.0, 'slice': None, 'ramb36': 26.0, 'ramb18': 5.0, 'dsp': 8.0, 'carry4': 2016.0}
  WNS/WHS -2.222 / 0.159; Synth 8-7186 lines 16 (header 16); Synth 8-4445 lines 0
  u_notify {'lut': 2846, 'lutram': 96, 'ff': 3799}  u_resp {'lut': 300, 'lutram': 0, 'ff': 260}  u_d3 {'lut': 1436, 'lutram': 0, 'ff': 530}
r1-head-3ab2e4da-ooc-8x8/baseline_utilization.rpt: OK
r1-head-3ab2e4da-ooc-8x8/baseline_hierarchy.rpt: OK
r1-head-3ab2e4da-ooc-8x8/baseline_scope_timing.tsv: OK
r1-head-3ab2e4da-ooc-8x8/baseline_parameters.json: OK (original digest; path-redacted on publication)
r1-head-3ab2e4da-ooc-8x8/baseline_chparam.txt: OK
r1-head-3ab2e4da-ooc-8x8/baseline_images.json: OK (original digest; path-redacted on publication)
r1-head-3ab2e4da-ooc-8x8: 6 whole file(s) checked; baseline.log 1908735e4c6b333e... in vivado/README.md
  util {'lut': 30458.0, 'lut_logic': 28556.0, 'lut_mem': 1902.0, 'ff': 31793.0, 'slice': None, 'ramb36': 26.0, 'ramb18': 5.0, 'dsp': 8.0, 'carry4': 1865.0}
  WNS/WHS -2.728 / 0.159; Synth 8-7186 lines 0 (header 0); Synth 8-4445 lines 0
  u_notify {'lut': 2396, 'lutram': 960, 'ff': 1753}  u_resp {'lut': 340, 'lutram': 0, 'ff': 260}  u_d3 {'lut': 1193, 'lutram': 0, 'ff': 530}

route at the round-1b merge: LUT -763 (logic -1625, memory +862), FF -2031, slice -6, CARRY4 -150, WNS 0.079 -> 0.274 (+0.195); u_notify LUT -927, FF -2012
round 1 route: LUT -650 (logic -1517, memory +867), FF -1950, slice -15, CARRY4 -147, WNS 0.116 -> 0.143 (+0.027); u_notify LUT -844, FF -2023
standalone 1x1: LUT -894 (logic -1758, memory +864), FF -2042, slice n/a, CARRY4 -151, WNS -0.496 -> -4.409 (-3.913); u_notify LUT -933, FF -2046
standalone 8x8: LUT -925 (logic -1789, memory +864), FF -2175, slice n/a, CARRY4 -151, WNS -2.222 -> -2.728 (-0.506); u_notify LUT -450, FF -2046

zero Synth 8-7186 at every head run: True; base/main counts [16, 16, 16, 16]
hash mismatches: 0
