mutant=break_refusals head=b3ae17233eb9dd5934255f4018da7d45a159b5ac
instrumented $VALIDATION_STORAGE/a461-70L2r5/own/scratch/trees/stop_break_refusals/sw/builder/test_builder.py
instrumented $VALIDATION_STORAGE/a461-70L2r5/own/scratch/trees/stop_break_refusals/sw/builder/test_builder.py
  [gate 1b] 5 product configs and 11 refusal arms pass
  [gate 1b] compiler argv[0]=$WORKSPACE_HOME/br-milan-rv32/host/bin/riscv32-linux-gcc version=riscv32-linux-gcc.br_real (Buildroot 2026.05) 14.3.0 driver=()
A461 PREMISE +1: nvm_boot() reaches byte(s) [1]
A461 PREMISE +2: nvm_boot() reaches byte(s) [2]
A461 PREMISE +3: nvm_boot() reaches byte(s) [3]
A461 BREAK REFUSED: a second assignment inside nvm_boot() :: a store lands on aem_loaded's storage other than milan_init()'s one store of load_aem_image()'s return (the image stores in place from nvm_boot(), milan_init(); resolved: milan_init() stores <call:load_aem_image>, nvm_boot() stores 0)
A461 BREAK REFUSED: a second assignment in the UART status handler :: a store lands on aem_loaded's storage other than milan_init()'s one store of load_aem_image()'s return (the image stores in place from milan_init(), milan_status_handler(); resolved: milan_init() stores <call:load_aem_image>, milan_status_handler() stores 1)
A461 BREAK REFUSED: &aem_loaded taken and written through inside nvm_boot() :: a store lands on aem_loaded's storage other than milan_init()'s one store of load_aem_image()'s return (the image stores in place from milan_init(); resolved: milan_init() stores <call:load_aem_image>, nvm_boot() stores 0); the linked image forms the full address of aem_loaded's storage (the full address formed in a register (%lo on an addi) at 0x00012b88 in nvm_boot() (R_RISCV_LO12_I)); the address of aem_loaded is taken (the compiler, with aem_loaded a register variable: address of global register variable 'aem_loaded' requested)
A461 BREAK REFUSED: aem_loaded given external linkage :: aem_loaded is not a local object of the linked image; the address of aem_loaded is taken (the compiler was not asked: the preprocessed unit declares `static int aem_loaded;` 0 time(s)); aem_loaded is not a file-scope static of the compiled unit
A461 BREAK REFUSED: aem_loaded declared in a second translation unit :: aem_loaded is named in a second translation unit (milan_verdict.c)
A461 BREAK REFUSED: a phase-2 line-splice write inside nvm_boot() :: a store lands on aem_loaded's storage other than milan_init()'s one store of load_aem_image()'s return (the image stores in place from nvm_boot(), milan_init(); resolved: milan_init() stores <call:load_aem_image>, nvm_boot() stores 1)
A461 BREAK REFUSED: a `##`-paste write inside nvm_boot() :: a store lands on aem_loaded's storage other than milan_init()'s one store of load_aem_image()'s return (the image stores in place from nvm_boot(), milan_init(); resolved: milan_init() stores <call:load_aem_image>, nvm_boot() stores 1)
A461 BREAK REFUSED: a macro-spelled write inside nvm_boot() :: a store lands on aem_loaded's storage other than milan_init()'s one store of load_aem_image()'s return (the image stores in place from nvm_boot(), milan_init(); resolved: milan_init() stores <call:load_aem_image>, nvm_boot() stores 1)
A461 BREAK REFUSED: a write compiled only at the product's code model (`#ifndef __PIE__`) inside nvm_boot() :: a store lands on aem_loaded's storage other than milan_init()'s one store of load_aem_image()'s return (the image stores in place from nvm_boot(), milan_init(); resolved: milan_init() stores <call:load_aem_image>)
A461 BREAK REFUSED: a macro-spelled address handed to sscanf() inside nvm_boot() :: the linked image forms the full address of aem_loaded's storage (the full address formed in a register (%lo on an addi) at 0x00012b88 in nvm_boot() (R_RISCV_LO12_I)); the address of aem_loaded is taken (the compiler, with aem_loaded a register variable: address of global register variable 'aem_loaded' requested)
A461 BREAK REFUSED: a GNU alias of aem_loaded handed to sscanf() inside nvm_boot() (alias_sscanf) :: the linked image forms the full address of aem_loaded's storage (the full address formed in a register (%lo on an addi) at 0x00012b88 in nvm_boot() (R_RISCV_LO12_I)); another symbol of the linked image is on aem_loaded's storage (milan_verdict_alias)
A461 BREAK REFUSED: a weakref of aem_loaded handed to sscanf() inside nvm_boot() (weakref_sscanf) :: the linked image forms the full address of aem_loaded's storage (the full address formed in a register (%lo on an addi) at 0x00012b88 in nvm_boot() (R_RISCV_LO12_I)); another symbol of the linked image is on aem_loaded's storage (milan_verdict_ref)
A461 BREAK REFUSED: the address of aem_loaded held in a data word and handed to sscanf() inside nvm_boot() :: the linked image forms the full address of aem_loaded's storage (the full address held in a data word at 0x000158c4 in .data (R_RISCV_32)); the address of aem_loaded is taken (the compiler, with aem_loaded a register variable: address of global register variable 'aem_loaded' requested)
A461 BREAK REFUSED: an AUIPC with no relocation, its PC-relative address handed to sscanf() inside nvm_boot() :: an AUIPC of the linked image carries no relocation (0x00012b84 in nvm_boot())
A461 BREAK REFUSED: a neighbour's address folded onto byte +1 of aem_loaded and handed to sscanf() inside nvm_boot() :: the linked image forms the full address of aem_loaded's storage (the full address formed in a register (%lo on an addi) at 0x00012b88 in nvm_boot() (R_RISCV_LO12_I))
A461 BREAK REFUSED: a neighbour's address folded onto byte +2 of aem_loaded and handed to sscanf() inside nvm_boot() :: the linked image forms the full address of aem_loaded's storage (the full address formed in a register (%lo on an addi) at 0x00012b88 in nvm_boot() (R_RISCV_LO12_I))
A461 BREAK REFUSED: a neighbour's address folded onto byte +3 of aem_loaded and handed to sscanf() inside nvm_boot() :: the linked image forms the full address of aem_loaded's storage (the full address formed in a register (%lo on an addi) at 0x00012b88 in nvm_boot() (R_RISCV_LO12_I))
R413 verdict controls: ran=True kept=['aem_loaded'] refused=17/17 interior_bytes=[1, 2, 3]
rc=0
