FAIL receipt timeout, same GM, +150 us: step pulses got 0000000000000000 exp 0000000000000001
FAIL receipt timeout, same GM, +150 us: addend matches the mirror got 00000000ffe66666 exp 00000000fff3332d
FAIL receipt timeout, same GM, +150 us: one step pulse got 0000000000000008 exp 0000000000000009
FAIL link-up +25 us: addend matches the mirror got 00000000ffe66666 exp 00000000ffef5c21
FAIL link-up +25 us: the step writes the bare estimate got 00000000ffe66666 exp 00000000ffef5c21
FAIL link-up -15 us: addend matches the mirror got 00000000fff5c297 exp 00000000fffeb852
FAIL link-up -25 us: addend matches the mirror got 00000000ffea3d73 exp 00000000fff3332e
FAIL link-up -25 us: the step writes the bare estimate got 00000000ffea3d73 exp 00000000fff3332e
FAIL link-up -20 us: addend matches the mirror got 00000000fffae152 exp 0000000000028f60
FAIL link-up +20 us + 1 ns: addend matches the mirror got 00000000ffeb8521 exp 00000000fff3332f
FAIL link-up +20 us + 1 ns: the step writes the bare estimate got 00000000ffeb8521 exp 00000000fff3332f
FAIL link-up -20 us - 1 ns: addend matches the mirror got 00000000ffeb8521 exp 00000000fff3332f
FAIL link-up -20 us - 1 ns: the step writes the bare estimate got 00000000ffeb8521 exp 00000000fff3332f
FAIL locked +110 us: step pulses  got 0000000000000000 exp 0000000000000001
FAIL locked +110 us: addend matches the mirror got 00000000ffe66666 exp 00000000fffd70af
FAIL locked -110 us: step pulses  got 0000000000000000 exp 0000000000000001
FAIL locked -110 us: addend matches the mirror got 000000000019999a exp 00000000fffd70af
FAIL locked +100 us + 1 ns: step pulses got 0000000000000000 exp 0000000000000001
FAIL locked +100 us + 1 ns: addend matches the mirror got 00000000ffe66666 exp 000000000000000d
FAIL locked -100 us - 1 ns: step pulses got 0000000000000000 exp 0000000000000001
FAIL locked -100 us - 1 ns: addend matches the mirror got 000000000019999a exp 000000000000000d
FAIL locked: one step pulse per probe over 100 us got 000000000000000c exp 0000000000000010
FAIL slew addend matches the PI mirror got 0000000000000000 exp 0000000000000001
FAIL closed loop pair 0: addend matches the mirror got 00000000000147be exp 00000000fffeb85f
FAIL integrator survives the step got 0000000000000000 exp 0000000000000001
FAIL closed loop pair 1: addend matches the mirror got 00000000001248f1 exp 00000000000fb992
FAIL closed loop pair 2: addend matches the mirror got 00000000001645df exp 000000000013b680
FAIL closed loop pair 3: addend matches the mirror got 0000000000160af4 exp 0000000000137b95
FAIL closed loop pair 4: addend matches the mirror got 000000000014e634 exp 00000000001256d5
FAIL closed loop pair 5: addend matches the mirror got 000000000013e041 exp 00000000001150e2
FAIL closed loop pair 6: addend matches the mirror got 00000000001322db exp 000000000010937c
FAIL closed loop pair 7: addend matches the mirror got 000000000012a741 exp 00000000001017e2
FAIL closed loop pair 8: addend matches the mirror got 000000000012572c exp 00000000000fc7cd
FAIL closed loop pair 9: addend matches the mirror got 0000000000122b65 exp 00000000000f9c06
FAIL closed loop pair 10: addend matches the mirror got 00000000001210da exp 00000000000f817b
FAIL closed loop pair 11: addend matches the mirror got 0000000000120131 exp 00000000000f71d2
FAIL closed loop pair 12: addend matches the mirror got 000000000011f7f4 exp 00000000000f6895
FAIL closed loop pair 13: addend matches the mirror got 000000000011f2d8 exp 00000000000f6379
FAIL closed loop pair 14: addend matches the mirror got 000000000011ef92 exp 00000000000f6033
FAIL closed loop pair 15: addend matches the mirror got 000000000011ed8a exp 00000000000f5e2b
FAIL closed loop pair 16: addend matches the mirror got 000000000011ed04 exp 00000000000f5da5
FAIL closed loop pair 17: addend matches the mirror got 000000000011ec4c exp 00000000000f5ced
FAIL closed loop pair 18: addend matches the mirror got 000000000011ebf9 exp 00000000000f5c9a
FAIL closed loop pair 19: addend matches the mirror got 000000000011ebb7 exp 00000000000f5c58
FAIL closed loop pair 20: addend matches the mirror got 000000000011eb96 exp 00000000000f5c37
FAIL closed loop pair 21: addend matches the mirror got 000000000011eba7 exp 00000000000f5c48
FAIL closed loop pair 22: addend matches the mirror got 000000000011ebb8 exp 00000000000f5c59
FAIL closed loop pair 23: addend matches the mirror got 000000000011eb85 exp 00000000000f5c26
FAIL failover, +150 us: step pulses got 0000000000000000 exp 0000000000000001
FAIL failover, +150 us: addend matches the mirror got 00000000ffe66666 exp 00000000000e633e
FAIL failover, +150 us: one step pulse got 000000000000000e exp 000000000000000f
FAIL link-up after asCapable returns, -25 us: addend matches the mirror got 00000000ffe66666 exp 000000000001966b
FAIL warm-reset link-up: first pair: addend matches the mirror got 00000000ffe66666 exp 00000000fffe83fb
FAIL warm-reset link-up: +25 us: addend matches the mirror got 00000000ffe66666 exp 00000000fff923b7
1241 checks: 1187 PASS, 54 FAIL
