Copyright 1986-2022 Xilinx, Inc. All Rights Reserved. Copyright 2022-2026 Advanced Micro Devices, Inc. All Rights Reserved.
---------------------------------------------------------------------------------------------------------------------------------------------
| Tool Version : Vivado v.2026.1 (lin64) Build 6511674 Tue Jun 16 11:01:26 MDT 2026
| Date         : Sun Oct  4 15:46:00 2026
| Host         : archlinux running 64-bit unknown
| Command      : report_utilization -hierarchical -hierarchical_depth 2 -file synth_hierarchy.rpt
| Design       : alinx_ax7101
| Device       : xc7a100tfgg484-2
| Speed File   : -2
| Design State : Synthesized
---------------------------------------------------------------------------------------------------------------------------------------------

Utilization Design Information

Table of Contents
-----------------
1. Utilization by Hierarchy

1. Utilization by Hierarchy
---------------------------

+--------------------------------------------------------+--------------------------------------------------+------------+------------+---------+------+-------+--------+--------+------------+
|                        Instance                        |                      Module                      | Total LUTs | Logic LUTs | LUTRAMs | SRLs |  FFs  | RAMB36 | RAMB18 | DSP Blocks |
+--------------------------------------------------------+--------------------------------------------------+------------+------------+---------+------+-------+--------+--------+------------+
| alinx_ax7101                                           |                                            (top) |      11981 |      11029 |     914 |   38 | 15291 |     54 |     21 |          0 |
|   (alinx_ax7101)                                       |                                            (top) |       5417 |       5025 |     390 |    2 |  6620 |     44 |      9 |          0 |
|   VexiiRiscvLitex_fd33900144b61413b9c0d4ceac117b2b     | VexiiRiscvLitex_fd33900144b61413b9c0d4ceac117b2b |       6564 |       6004 |     524 |   36 |  8671 |     10 |     12 |          0 |
|     (VexiiRiscvLitex_fd33900144b61413b9c0d4ceac117b2b) | VexiiRiscvLitex_fd33900144b61413b9c0d4ceac117b2b |       1375 |       1375 |       0 |    0 |  2938 |      0 |      0 |          0 |
|     dma_bridge_down_arbiter_core                       |                                          Arbiter |         92 |         92 |       0 |    0 |     7 |      0 |      0 |          0 |
|     dma_bridge_read_bridge                             |                       Axi4ReadOnlyToTilelinkFull |        131 |        123 |       8 |    0 |   131 |      0 |      1 |          0 |
|     dma_bridge_write_bridge                            |                      Axi4WriteOnlyToTilelinkFull |        135 |        131 |       4 |    0 |   190 |      0 |      0 |          0 |
|     dma_filter_down_to_splited_wc_cBus_cc              |                                           FifoCc |        162 |         78 |      84 |    0 |   185 |      0 |      0 |          0 |
|     ioBus_to_peripheral_bus_cc                         |                                         FifoCc_1 |        107 |         31 |      76 |    0 |   175 |      0 |      0 |          0 |
|     mem_toAxi4_logic_bridge                            |                                       Axi4Bridge |        235 |        231 |       4 |    0 |   340 |      0 |      0 |          0 |
|     peripheral_bus_arbiter_core                        |                                        Arbiter_2 |         91 |         91 |       0 |    0 |     7 |      0 |      0 |          0 |
|     peripheral_bus_decoder_core                        |                                        Decoder_1 |         63 |         63 |       0 |    0 |     8 |      0 |      0 |          0 |
|     peripheral_clint_thread_core                       |                                    TilelinkClint |         97 |         97 |       0 |    0 |   208 |      0 |      0 |          0 |
|     peripheral_clint_time_cc_driver                    |                               StreamCCByToggle_1 |          3 |          3 |       0 |    0 |   136 |      0 |      0 |          0 |
|     peripheral_plic_intc_thread_logic                  |                                     TilelinkPlic |        152 |        152 |       0 |    0 |   145 |      0 |      0 |          0 |
|     peripheral_toAxiLite4_logic_bridge                 |                                   AxiLite4Bridge |         42 |         42 |       0 |    0 |   105 |      0 |      0 |          0 |
|     splited_mBus_to_mem_toAxi4_up_widthAdapter         |                                     WidthAdapter |        134 |        130 |       4 |    0 |   344 |      0 |      0 |          0 |
|     splited_mBus_to_peripheral_bus_cc                  |                                         FifoCc_2 |        119 |         35 |      84 |    0 |   181 |      0 |      0 |          0 |
|     splited_wc_cBus_arbiter_core                       |                                        Arbiter_1 |        113 |        113 |       0 |    0 |     8 |      0 |      0 |          0 |
|     splited_wc_l2_cache_logic_cache                    |                                            Cache |       1710 |       1526 |     184 |    0 |  2003 |      8 |      6 |          0 |
|     vexiis_0_logic_core                                |                                       VexiiRiscv |       1758 |       1646 |      76 |   36 |  1513 |      2 |      5 |          0 |
+--------------------------------------------------------+--------------------------------------------------+------------+------------+---------+------+-------+--------+--------+------------+


