  [gate 1b] 5 product configs and 11 refusal arms pass
  [gate 1b] SKIP: the compiled CSR-address census: cc is not the RV32 target and no flag set here drives it as one, so the census-only mutations, the phase-2 splice compile proofs and the census of the shipping firmware itself did not run -- and neither did the RESOLVING half (#153), which reads the same compile: no resolved store census, no proof that the verdict test dominates the enable writes, and no proof that the CRC-equality edge dominates every non-zero verdict or that the CRC was taken over MILAN_AEM_DESC_BASE, so its mutations did not run either. THE THREE INSTRUMENTS THE TEXT RULES RETIRED BY #408 AND #409 REST ON ARE DOWN WITH THEM -- the -E comparison of the boot path this gate reads against the one the compiler compiles, the -H include-resolution measurement and the resolved store census -- so on this runner NOTHING refuses what those instruments carry: a token-joining splice or a ## paste OUTSIDE the six boot-path bodies, a file beside the firmware, a cast, store or asm the resolver would place in the window, and the COMPILER half of the retired conditional-reach ban -- an arm only one build compiles whose defect no text rule reads, such as `0 &&` in the choke point's verdict test, is graded here by the text rules alone, which do not refuse it -- and every mutation pinned on those instruments is SKIPPED, not counted. WHAT STILL GRADED is every text rule that survives: the splice and ## bans KEPT inside the six boot-path bodies, one #define per name (which is what refuses a read hidden in a second definition of the identity magic), the macro-body rule, the closed-grammar subset check S (the character allowlist, then the literal, digraph, trigraph, $, universal-character-name, __has_include, header-name, _Pragma and unterminated-comment refusals), read on the whole firmware before any reader, the directive readers as the two lexer corpora and the character-closure table recorded them (not re-measured), and the per-selection grading of each conditional (its text half); and the hosted builder jobs require this compiler
ACCEPTED pin_ok=False: [retired] entity enabled through a spliced call name in a UART command handler
ACCEPTED pin_ok=False: [retired] entity enabled through a pasted call name in an arm only the product compiles, in a UART command handler
ACCEPTED pin_ok=False: [retired] a struct-overlay store at the ADP_CTRL address in a dropped arm
ACCEPTED pin_ok=False: [retired] the verifier's QSPI-slot condition made false in the census stub tree
ACCEPTED pin_ok=False: [retired] an arm only the product compiles, short-circuiting the choke point's verdict test
ACCEPTED pin_ok=False: [retired] entity enabled by an inline-asm store to the CSR address
ACCEPTED pin_ok=False: [retired] entity enabled by a lui-based inline-asm store
ACCEPTED pin_ok=False: [retired] entity enabled through a widened pointer cast
ACCEPTED pin_ok=False: [retired] entity enabled through a reordered pointer cast
ACCEPTED pin_ok=False: [retired] entity enabled through a pointer held in a local
ACCEPTED pin_ok=False: [retired] entity enabled through a fifth pointer cast in an arm only the product compiles, in a UART command handler
ACCEPTED pin_ok=False: [retired] entity enabled by a lui-based inline-asm store in an arm only the product compiles, in a UART command handler
ACCEPTED pin_ok=False: [retired] entity enabled through a fifth pointer cast in an arm only the product compiles, behind a form feed, in a UART command handler
ACCEPTED pin_ok=False: [retired] entity enabled through a fifth pointer cast in an arm only the product compiles, behind a vertical tab, in a UART command handler
ACCEPTED pin_ok=False: [retired] entity enabled through a fifth pointer cast in an arm only the product compiles, behind a NUL, in a UART command handler
ACCEPTED pin_ok=False: [retired] entity enabled through a fifth pointer cast in an arm only the product compiles, behind lone CR line ends, in a UART command handler
ACCEPTED pin_ok=False: [retired] entity enabled through a fifth pointer cast in the product's arm of an #ifdef a split `%:` digraph spells, graded as the selection the readers find
ACCEPTED pin_ok=False: [retired] entity enabled by a lui-based inline-asm store in an arm only the product compiles, behind a form feed
ACCEPTED pin_ok=False: [retired] an arm only the product compiles, behind a form feed, short-circuiting the choke point's verdict test
ACCEPTED pin_ok=False: [retired] entity enabled through a cast in the product's arm, behind an #else a splice splits
ACCEPTED pin_ok=False: [retired] entity enabled through a cast in the second of two groups on CSR_UART_BASE
ACCEPTED pin_ok=False: [retired] a boot step erased by a function-like macro of its own name
ACCEPTED pin_ok=False: [retired] pinned include shadowed by a file beside the firmware
ACCEPTED pin_ok=False: [retired] the second pinned quoted include shadowed by a file beside the firmware
ACCEPTED pin_ok=False: [retired] pinned include shadowed by a LINK beside the firmware to a file outside this repository
REFUSED pin_ok=True: [selection] AEM guard selected by a build flag
    under the arm selection line 1455 `#ifdef MILAN_DEV_ALWAYS_ADVERTISE`: arm 1 of 2 taken, graded as a firmware of its own (whatever its headers select, the product builds one of the selections graded): firmware must configure, load AEM, then guard entity enable. NOTE, because this message has misdiag
REFUSED pin_ok=True: [selection] pre-AEM clear behind a build flag
    under the arm selection line 1366 `#ifdef MILAN_CLEAR_ENTITY_ON_BOOT`: MILAN_CLEAR_ENTITY_ON_BOOT not defined, no arm taken, graded as a firmware of its own (whatever its headers select, the product builds one of the selections graded): ADP_CTRL (CSR 0x600) bit 0 must be cleared before the AEM image
REFUSED pin_ok=True: [selection] a dropped arm inside a CSR write's argument
    under the arm selection line 1385 `#ifndef MILAN_CENSUS_SOC`: MILAN_CENSUS_SOC not defined, arm 1 of 1 taken, graded as a firmware of its own (whatever its headers select, the product builds one of the selections graded): ADP_CTRL (CSR 0x600) bit 0 may be set only inside the entity-advertise choke p
REFUSED pin_ok=True: [selection] CRC comparison itself put behind a build flag
    under the arm selection line 1421 `#ifndef MILAN_SKIP_CRC`: MILAN_SKIP_CRC defined, no arm taken; line 1404 `#if defined(SPIFLASH_BASE) && defined(MILAN_AEM_FLASH_OFFSET)`: arm 1 of 2 taken, graded as a firmware of its own (whatever its headers select, the product builds one of the selections graded
REFUSED pin_ok=True: [selection] ADP_CTRL's name moved to another register by an arm only the product compiles
    under the arm selection line 30 `#ifdef CSR_UART_BASE`: CSR_UART_BASE defined, arm 1 of 2 taken, graded as a firmware of its own (whatever its headers select, the product builds one of the selections graded): AEM-success guard must contain exactly one PP and one ADP enable
REFUSED pin_ok=True: [selection] a pasted call name in an arm the stub tree drops
    under the arm selection line 1386 `#ifndef MILAN_CENSUS_SOC`: MILAN_CENSUS_SOC not defined, arm 1 of 1 taken, graded as a firmware of its own (whatever its headers select, the product builds one of the selections graded): a `##` paste reaches the fabric configuration step through #define MILAN_J: th
REFUSED pin_ok=True: [selection] a spliced call name in an arm the stub tree drops
    under the arm selection line 1384 `#ifndef MILAN_CENSUS_SOC`: MILAN_CENSUS_SOC not defined, arm 1 of 1 taken, graded as a firmware of its own (whatever its headers select, the product builds one of the selections graded): a backslash-newline JOINS two tokens inside the fabric configuration step (lin
REFUSED pin_ok=True: [selection] a spliced call name in an arm only the product compiles
    under the arm selection line 1384 `#ifdef CSR_UART_BASE`: CSR_UART_BASE defined, arm 1 of 1 taken, graded as a firmware of its own (whatever its headers select, the product builds one of the selections graded): a backslash-newline JOINS two tokens inside the fabric configuration step (line 1385): tr
REFUSED pin_ok=True: [selection] a spliced call name onto a literal address in a dropped arm
    under the arm selection line 1384 `#ifndef MILAN_CENSUS_SOC`: MILAN_CENSUS_SOC not defined, arm 1 of 1 taken, graded as a firmware of its own (whatever its headers select, the product builds one of the selections graded): a backslash-newline JOINS two tokens inside the fabric configuration step (lin
REFUSED pin_ok=True: [selection] the pre-AEM clear dropped by a product-only #ifndef behind a form feed
    under the arm selection line 1366 `#ifndef CSR_UART_BASE`: CSR_UART_BASE defined, no arm taken, graded as a firmware of its own (whatever its headers select, the product builds one of the selections graded): ADP_CTRL (CSR 0x600) bit 0 must be cleared before the AEM image is verified
REFUSED pin_ok=True: [selection] the pre-AEM clear dropped by a product-only #ifndef behind a vertical tab
    under the arm selection line 1366 `#ifndef CSR_UART_BASE`: CSR_UART_BASE defined, no arm taken, graded as a firmware of its own (whatever its headers select, the product builds one of the selections graded): ADP_CTRL (CSR 0x600) bit 0 must be cleared before the AEM image is verified
REFUSED pin_ok=True: [selection] the pre-AEM clear dropped by a product-only #ifndef behind a NUL
    under the arm selection line 1366 `#ifndef CSR_UART_BASE`: CSR_UART_BASE defined, no arm taken, graded as a firmware of its own (whatever its headers select, the product builds one of the selections graded): ADP_CTRL (CSR 0x600) bit 0 must be cleared before the AEM image is verified
REFUSED pin_ok=True: [selection] the pre-AEM clear dropped by a product-only #ifndef behind lone CR line ends
    under the arm selection line 1366 `#ifndef CSR_UART_BASE`: CSR_UART_BASE defined, no arm taken, graded as a firmware of its own (whatever its headers select, the product builds one of the selections graded): ADP_CTRL (CSR 0x600) bit 0 must be cleared before the AEM image is verified
REFUSED pin_ok=True: [helper] entity enabled by a store inside the exempted address helper, refused by the helper's return-provenance rule and invisible to the census (shipping baseline)
    milan_reg() must return exactly MILAN_CSR_BASE plus the offset it is passed
REFUSED pin_ok=True: [helper] entity enabled by a store inside the exempted address helper, refused by the helper's return-provenance rule and invisible to the census (reflowed baseline)
    milan_reg() must return exactly MILAN_CSR_BASE plus the offset it is passed
PROBE DONE: 40 case(s), 0 firmware compiles
exit=0
