2026-10-09T21:11:57.1794300Z Current runner version: '2.337.0'
2026-10-09T21:11:57.1819559Z ##[group]Runner Image Provisioner
2026-10-09T21:11:57.1820395Z Hosted Compute Agent
2026-10-09T21:11:57.1821111Z Version: 20261002.596
2026-10-09T21:11:57.1821823Z Commit: c3d12f3313a95f25162a1503be624f3b0617f8c0
2026-10-09T21:11:57.1822607Z Build Date: 2026-10-02T22:28:27Z
2026-10-09T21:11:57.1823297Z Worker ID: {1c1ba4bd-792f-4354-ab28-a3853ccc9094}
2026-10-09T21:11:57.1824008Z Region: centralus
2026-10-09T21:11:57.1824677Z Cloud: Azure
2026-10-09T21:11:57.1825252Z ##[endgroup]
2026-10-09T21:11:57.1827027Z ##[group]Operating System
2026-10-09T21:11:57.1827717Z Ubuntu
2026-10-09T21:11:57.1828239Z 24.04.5
2026-10-09T21:11:57.1828810Z LTS
2026-10-09T21:11:57.1829325Z ##[endgroup]
2026-10-09T21:11:57.1829987Z ##[group]Runner Image
2026-10-09T21:11:57.1830598Z Image: ubuntu-24.04
2026-10-09T21:11:57.1831157Z Version: 20261004.327.1
2026-10-09T21:11:57.1832467Z Included Software: https://github.com/actions/runner-images/blob/ubuntu24/20261004.327/images/ubuntu/Ubuntu2404-Readme.md
2026-10-09T21:11:57.1834106Z Image Release: https://github.com/actions/runner-images/releases/tag/ubuntu24%2F20261004.327
2026-10-09T21:11:57.1835093Z ##[endgroup]
2026-10-09T21:11:57.1836445Z ##[group]GITHUB_TOKEN Permissions
2026-10-09T21:11:57.1838701Z Contents: read
2026-10-09T21:11:57.1839359Z Metadata: read
2026-10-09T21:11:57.1840020Z Packages: read
2026-10-09T21:11:57.1840633Z ##[endgroup]
2026-10-09T21:11:57.1842685Z Secret source: Actions
2026-10-09T21:11:57.1843807Z Cache mode: write
2026-10-09T21:11:57.1844537Z Prepare workflow directory
2026-10-09T21:11:57.2255277Z Prepare all required actions
2026-10-09T21:11:57.2303358Z Getting action download info
2026-10-09T21:11:57.5031887Z Download action repository 'actions/checkout@v4' (SHA:11d5960a326750d5838078e36cf38b85af677262)
2026-10-09T21:11:57.6061269Z Download action repository 'actions/cache@v4' (SHA:0057852bfaa89a56745cba8c7296529d2fc39830)
2026-10-09T21:11:57.7981296Z Complete job name: yosys-elaboration
2026-10-09T21:11:57.8826794Z ##[group]Run actions/checkout@v4
2026-10-09T21:11:57.8827721Z with:
2026-10-09T21:11:57.8828170Z   repository: kebag-logic/milan-fpga
2026-10-09T21:11:57.8832155Z   token: ***
2026-10-09T21:11:57.8832580Z   ssh-strict: true
2026-10-09T21:11:57.8833005Z   ssh-user: git
2026-10-09T21:11:57.8833442Z   persist-credentials: true
2026-10-09T21:11:57.8833916Z   clean: true
2026-10-09T21:11:57.8834355Z   sparse-checkout-cone-mode: true
2026-10-09T21:11:57.8834871Z   fetch-depth: 1
2026-10-09T21:11:57.8835296Z   fetch-tags: false
2026-10-09T21:11:57.8835728Z   show-progress: true
2026-10-09T21:11:57.8836160Z   lfs: false
2026-10-09T21:11:57.8836765Z   submodules: false
2026-10-09T21:11:57.8837203Z   set-safe-directory: true
2026-10-09T21:11:57.8837693Z   allow-unsafe-pr-checkout: false
2026-10-09T21:11:57.8838448Z env:
2026-10-09T21:11:57.8838856Z   VERILATOR_VERSION: v5.050
2026-10-09T21:11:57.8839329Z   YOSYS_VERSION: v0.66
2026-10-09T21:11:57.8839759Z ##[endgroup]
2026-10-09T21:11:57.9848660Z Syncing repository: kebag-logic/milan-fpga
2026-10-09T21:11:57.9851275Z ##[group]Getting Git version info
2026-10-09T21:11:57.9852602Z Working directory is '<home-path>/work/milan-fpga/milan-fpga'
2026-10-09T21:11:57.9854431Z [command]/usr/bin/git version
2026-10-09T21:11:57.9910268Z git version 2.55.0
2026-10-09T21:11:57.9932626Z ##[endgroup]
2026-10-09T21:11:57.9947978Z Temporarily overriding HOME='<home-path>/work/_temp/f7958a24-55f4-4b45-a233-d5d168ebd6d9' before making global git config changes
2026-10-09T21:11:57.9950460Z Adding repository directory to the temporary git global config as a safe directory
2026-10-09T21:11:57.9953272Z [command]/usr/bin/git config --global --add safe.directory <home-path>/work/milan-fpga/milan-fpga
2026-10-09T21:11:58.0007798Z Deleting the contents of '<home-path>/work/milan-fpga/milan-fpga'
2026-10-09T21:11:58.0011864Z ##[group]Initializing the repository
2026-10-09T21:11:58.0015838Z [command]/usr/bin/git init <home-path>/work/milan-fpga/milan-fpga
2026-10-09T21:11:58.0120714Z hint: Using 'master' as the name for the initial branch. This default branch name
2026-10-09T21:11:58.0122707Z hint: will change to "main" in Git 3.0. To configure the initial branch name
2026-10-09T21:11:58.0124618Z hint: to use in all of your new repositories, which will suppress this warning,
2026-10-09T21:11:58.0126121Z hint: call:
2026-10-09T21:11:58.0127516Z hint:
2026-10-09T21:11:58.0128629Z hint: 	git config --global init.defaultBranch <name>
2026-10-09T21:11:58.0129789Z hint:
2026-10-09T21:11:58.0130869Z hint: Names commonly chosen instead of 'master' are 'main', 'trunk' and
2026-10-09T21:11:58.0132552Z hint: 'development'. The just-created branch can be renamed via this command:
2026-10-09T21:11:58.0133964Z hint:
2026-10-09T21:11:58.0134719Z hint: 	git branch -m <name>
2026-10-09T21:11:58.0135529Z hint:
2026-10-09T21:11:58.0136914Z hint: Disable this message with "git config set advice.defaultBranchName false"
2026-10-09T21:11:58.0138900Z Initialized empty Git repository in <home-path>/work/milan-fpga/milan-fpga/.git/
2026-10-09T21:11:58.0142016Z [command]/usr/bin/git remote add origin https://github.com/kebag-logic/milan-fpga
2026-10-09T21:11:58.0187182Z ##[endgroup]
2026-10-09T21:11:58.0188516Z ##[group]Disabling automatic garbage collection
2026-10-09T21:11:58.0192077Z [command]/usr/bin/git config --local gc.auto 0
2026-10-09T21:11:58.0226026Z ##[endgroup]
2026-10-09T21:11:58.0227975Z ##[group]Setting up auth
2026-10-09T21:11:58.0233864Z [command]/usr/bin/git config --local --name-only --get-regexp core\.sshCommand
2026-10-09T21:11:58.0277358Z [command]/usr/bin/git submodule foreach --recursive sh -c "git config --local --name-only --get-regexp 'core\.sshCommand' && git config --local --unset-all 'core.sshCommand' || :"
2026-10-09T21:11:58.0679959Z [command]/usr/bin/git config --local --name-only --get-regexp http\.https\:\/\/github\.com\/\.extraheader
2026-10-09T21:11:58.0720343Z [command]/usr/bin/git submodule foreach --recursive sh -c "git config --local --name-only --get-regexp 'http\.https\:\/\/github\.com\/\.extraheader' && git config --local --unset-all 'http.https://github.com/.extraheader' || :"
2026-10-09T21:11:58.0950310Z [command]/usr/bin/git config --local --name-only --get-regexp ^includeIf\.gitdir:
2026-10-09T21:11:58.0988684Z [command]/usr/bin/git submodule foreach --recursive git config --local --show-origin --name-only --get-regexp remote.origin.url
2026-10-09T21:11:58.1214672Z [command]/usr/bin/git config --local http.https://github.com/.extraheader AUTHORIZATION: basic ***
2026-10-09T21:11:58.1256913Z ##[endgroup]
2026-10-09T21:11:58.1257983Z ##[group]Fetching the repository
2026-10-09T21:11:58.1271252Z [command]/usr/bin/git -c protocol.version=2 fetch --no-tags --prune --no-recurse-submodules --depth=1 origin +65b9f8d4f8bcecbacdad14724e8e0243a3e3553f:refs/remotes/pull/702/merge
2026-10-09T21:11:59.6213143Z From https://github.com/kebag-logic/milan-fpga
2026-10-09T21:11:59.6215136Z  * [new ref]         65b9f8d4f8bcecbacdad14724e8e0243a3e3553f -> pull/702/merge
2026-10-09T21:11:59.6219053Z ##[endgroup]
2026-10-09T21:11:59.6220664Z ##[group]Determining the checkout info
2026-10-09T21:11:59.6222600Z ##[endgroup]
2026-10-09T21:11:59.6228126Z [command]/usr/bin/git sparse-checkout disable
2026-10-09T21:11:59.6294088Z [command]/usr/bin/git config --local --unset-all extensions.worktreeConfig
2026-10-09T21:11:59.6328677Z ##[group]Checking out the ref
2026-10-09T21:11:59.6331655Z [command]/usr/bin/git checkout --progress --force refs/remotes/pull/702/merge
2026-10-09T21:11:59.8163139Z Note: switching to 'refs/remotes/pull/702/merge'.
2026-10-09T21:11:59.8164097Z 
2026-10-09T21:11:59.8164818Z You are in 'detached HEAD' state. You can look around, make experimental
2026-10-09T21:11:59.8166893Z changes and commit them, and you can discard any commits you make in this
2026-10-09T21:11:59.8169369Z state without impacting any branches by switching back to a branch.
2026-10-09T21:11:59.8170334Z 
2026-10-09T21:11:59.8171104Z If you want to create a new branch to retain commits you create, you may
2026-10-09T21:11:59.8173081Z do so (now or later) by using -c with the switch command. Example:
2026-10-09T21:11:59.8173989Z 
2026-10-09T21:11:59.8174355Z   git switch -c <new-branch-name>
2026-10-09T21:11:59.8175349Z 
2026-10-09T21:11:59.8175797Z Or undo this operation with:
2026-10-09T21:11:59.8176512Z 
2026-10-09T21:11:59.8176827Z   git switch -
2026-10-09T21:11:59.8177263Z 
2026-10-09T21:11:59.8177976Z Turn off this advice by setting config variable advice.detachedHead to false
2026-10-09T21:11:59.8179069Z 
2026-10-09T21:11:59.8180399Z HEAD is now at 65b9f8d Merge d10aee62100c7407a86e13e7d54b20ab9050a448 into 7c1b52bee26b497080ee22b1c1986109f80a5ee7
2026-10-09T21:11:59.8184079Z ##[endgroup]
2026-10-09T21:11:59.8224536Z [command]/usr/bin/git log -1 --format=%H
2026-10-09T21:11:59.8252785Z 65b9f8d4f8bcecbacdad14724e8e0243a3e3553f
2026-10-09T21:11:59.8594462Z ##[group]Run git submodule update --init third_party/verilog-axis protocol-processor gptp-processor
2026-10-09T21:11:59.8597641Z git submodule update --init third_party/verilog-axis protocol-processor gptp-processor
2026-10-09T21:11:59.8846869Z shell: /usr/bin/bash -e {0}
2026-10-09T21:11:59.8848087Z env:
2026-10-09T21:11:59.8849054Z   VERILATOR_VERSION: v5.050
2026-10-09T21:11:59.8850211Z   YOSYS_VERSION: v0.66
2026-10-09T21:11:59.8851283Z ##[endgroup]
2026-10-09T21:11:59.9184551Z Submodule 'gptp-processor' (https://github.com/Mister-M-alt/FPGA-gPTP.git) registered for path 'gptp-processor'
2026-10-09T21:11:59.9190235Z Submodule 'protocol-processor' (https://github.com/Mister-M-alt/protocol-processor-control-plane-avb-milan.git) registered for path 'protocol-processor'
2026-10-09T21:11:59.9194969Z Submodule 'third_party/verilog-axis' (https://github.com/alexforencich/verilog-axis) registered for path 'third_party/verilog-axis'
2026-10-09T21:11:59.9220554Z Cloning into '<home-path>/work/milan-fpga/milan-fpga/gptp-processor'...
2026-10-09T21:12:00.5696979Z Cloning into '<home-path>/work/milan-fpga/milan-fpga/protocol-processor'...
2026-10-09T21:12:02.1331972Z Cloning into '<home-path>/work/milan-fpga/milan-fpga/third_party/verilog-axis'...
2026-10-09T21:12:02.7165317Z Submodule path 'gptp-processor': checked out '5dce647ab5a01a6ecff9a982b22e3a4a1d946d3d'
2026-10-09T21:12:02.7909479Z Submodule path 'protocol-processor': checked out '2ad2f845dd583f8310075fa2380cb60a04fd091a'
2026-10-09T21:12:02.8115739Z Submodule path 'third_party/verilog-axis': checked out '48ff7a7e2ef782cf778d47910cf85835c64b1bce'
2026-10-09T21:12:02.8242034Z ##[group]Run actions/cache@v4
2026-10-09T21:12:02.8242376Z with:
2026-10-09T21:12:02.8242619Z   path: /opt/yosys
2026-10-09T21:12:02.8242881Z   key: yosys-v0.66-Linux
2026-10-09T21:12:02.8243180Z   enableCrossOsArchive: false
2026-10-09T21:12:02.8243480Z   fail-on-cache-miss: false
2026-10-09T21:12:02.8243766Z   lookup-only: false
2026-10-09T21:12:02.8244031Z   save-always: false
2026-10-09T21:12:02.8244287Z env:
2026-10-09T21:12:02.8244526Z   VERILATOR_VERSION: v5.050
2026-10-09T21:12:02.8244820Z   YOSYS_VERSION: v0.66
2026-10-09T21:12:02.8245094Z ##[endgroup]
2026-10-09T21:12:02.9301903Z (node:2455) [DEP0040] DeprecationWarning: The `punycode` module is deprecated. Please use a userland alternative instead.
2026-10-09T21:12:02.9302979Z (Use `node --trace-deprecation ...` to show where the warning was created)
2026-10-09T21:12:03.0745575Z Cache hit for: yosys-v0.66-Linux
2026-10-09T21:12:03.0846978Z (node:2455) [DEP0169] DeprecationWarning: `url.parse()` behavior is not standardized and prone to errors that have security implications. Use the WHATWG URL API instead. CVEs are not issued for `url.parse()` vulnerabilities.
2026-10-09T21:12:04.0944060Z Received 19685025 of 19685025 (100.0%), 21.9 MBs/sec
2026-10-09T21:12:04.0944730Z Cache Size: ~19 MB (19685025 B)
2026-10-09T21:12:04.0975295Z [command]/usr/bin/tar -xf <home-path>/work/_temp/d1aa57f5-39fa-4d02-847f-3cee37db497c/cache.tzst -P -C <home-path>/work/milan-fpga/milan-fpga --use-compress-program unzstd
2026-10-09T21:12:04.2102155Z Cache restored successfully
2026-10-09T21:12:04.2188302Z Cache restored from key: yosys-v0.66-Linux
2026-10-09T21:12:04.2338672Z ##[group]Run set -euo pipefail
2026-10-09T21:12:04.2339013Z set -euo pipefail
2026-10-09T21:12:04.2339408Z sudo ln -sf /opt/yosys/bin/yosys /opt/yosys/bin/yosys-abc /usr/local/bin/
2026-10-09T21:12:04.2339866Z test -x /opt/yosys/bin/yosys-abc
2026-10-09T21:12:04.2340237Z echo "bundled ABC: $(cat /opt/yosys/ABC_REV)"
2026-10-09T21:12:04.2340549Z yosys -V
2026-10-09T21:12:04.2340804Z yosys -V | grep -F "Yosys ${YOSYS_VERSION#v}"
2026-10-09T21:12:04.2406733Z shell: /usr/bin/bash -e {0}
2026-10-09T21:12:04.2407020Z env:
2026-10-09T21:12:04.2407246Z   VERILATOR_VERSION: v5.050
2026-10-09T21:12:04.2407500Z   YOSYS_VERSION: v0.66
2026-10-09T21:12:04.2407727Z ##[endgroup]
2026-10-09T21:12:04.2574472Z bundled ABC: 5d51a5e420f5de493d07bf61109a977248c86ffb
2026-10-09T21:12:04.2603399Z Yosys 0.66 (git sha1 86f2ddebc, g++ 13.3.0-6ubuntu2~24.04.1 -fPIC -O3)
2026-10-09T21:12:04.2644400Z Yosys 0.66 (git sha1 86f2ddebc, g++ 13.3.0-6ubuntu2~24.04.1 -fPIC -O3)
2026-10-09T21:12:04.2678835Z ##[group]Run set -euo pipefail
2026-10-09T21:12:04.2679179Z set -euo pipefail
2026-10-09T21:12:04.2679433Z ver=v0.0.12
2026-10-09T21:12:04.2679808Z sha256=ff8c9eea5bc029b372fb4953427625cddb7cf7e58c1240623ac9f260818d5a00
2026-10-09T21:12:04.2680422Z url="https://github.com/zachjs/sv2v/releases/download/${ver}/sv2v-Linux.zip"
2026-10-09T21:12:04.2680905Z curl -fsSL "$url" -o /tmp/sv2v.zip
2026-10-09T21:12:04.2681273Z echo "${sha256}  /tmp/sv2v.zip" | sha256sum -c -
2026-10-09T21:12:04.2681636Z unzip -q -o /tmp/sv2v.zip -d /tmp/sv2v
2026-10-09T21:12:04.2682052Z sudo install -m755 "$(find /tmp/sv2v -name sv2v -type f | head -1)" \
2026-10-09T21:12:04.2682453Z   /usr/local/bin/sv2v
2026-10-09T21:12:04.2682706Z sv2v --version
2026-10-09T21:12:04.2744223Z shell: /usr/bin/bash -e {0}
2026-10-09T21:12:04.2744504Z env:
2026-10-09T21:12:04.2744705Z   VERILATOR_VERSION: v5.050
2026-10-09T21:12:04.2744995Z   YOSYS_VERSION: v0.66
2026-10-09T21:12:04.2745231Z ##[endgroup]
2026-10-09T21:12:04.6241141Z /tmp/sv2v.zip: OK
2026-10-09T21:12:04.7070357Z sv2v v0.0.12
2026-10-09T21:12:04.7156922Z ##[group]Run syn/yosys/run.sh --mode elaborate --no-structural \
2026-10-09T21:12:04.7157497Z syn/yosys/run.sh --mode elaborate --no-structural \
2026-10-09T21:12:04.7157883Z   --top milan_datapath \
2026-10-09T21:12:04.7158160Z   --top KL_pp_shadow \
2026-10-09T21:12:04.7158426Z   --top KL_gptp_shadow
2026-10-09T21:12:04.7229804Z shell: /usr/bin/bash -e {0}
2026-10-09T21:12:04.7230437Z env:
2026-10-09T21:12:04.7230901Z   VERILATOR_VERSION: v5.050
2026-10-09T21:12:04.7231503Z   YOSYS_VERSION: v0.66
2026-10-09T21:12:04.7231938Z ##[endgroup]
2026-10-09T21:12:04.9911245Z == Yosys fast elaboration check (via sv2v) ==
2026-10-09T21:12:04.9911947Z    yosys allocator: system
2026-10-09T21:13:46.8315888Z   [PASS] milan_datapath         cells=75779
2026-10-09T21:14:49.3919819Z   [PASS] KL_pp_shadow           cells=61758
2026-10-09T21:14:50.6704956Z   [PASS] KL_gptp_shadow         cells=3567
2026-10-09T21:14:50.6706018Z --------------------------------------------------------------
2026-10-09T21:14:50.6707022Z tops: 3   pass: 3   fail: 0
2026-10-09T21:14:50.6712455Z RESULT: PASS
2026-10-09T21:14:50.6712899Z structural checks: skipped in this worker
2026-10-09T21:14:50.6812756Z ##[group]Run set -euo pipefail
2026-10-09T21:14:50.6813102Z set -euo pipefail
2026-10-09T21:14:50.6813364Z command -v tclsh >/dev/null || {
2026-10-09T21:14:50.6813654Z   sudo apt-get update -qq
2026-10-09T21:14:50.6813992Z   sudo apt-get install -y --no-install-recommends tcl
2026-10-09T21:14:50.6814336Z }
2026-10-09T21:14:50.6814565Z python3 syn/ooc/dp_srcs.py --selftest
2026-10-09T21:14:50.6814889Z python3 syn/ooc/ooc_tcl_selftest.py
2026-10-09T21:14:50.6815416Z python3 syn/ooc/pp_baseline.py --selftest
2026-10-09T21:14:50.6815764Z python3 syn/ooc/pp_baseline_mutants.py
2026-10-09T21:14:50.6816110Z python3 syn/ooc/pp_baseline_reports_selftest.py
2026-10-09T21:14:50.6835518Z python3 syn/ooc/pp_resource_gate.py --selftest
2026-10-09T21:14:50.6836003Z python3 syn/ooc/pp_resource_gate_mutants.py
2026-10-09T21:14:50.6836771Z python3 syn/ooc/pp_resource_gate.py check-baseline
2026-10-09T21:14:50.6837231Z python3 syn/ooc/dp_srcs.py --top milan_datapath > /dev/null
2026-10-09T21:14:50.6837724Z python3 syn/ooc/dp_srcs.py --top KL_pp_shadow > /dev/null
2026-10-09T21:14:50.6901164Z shell: /usr/bin/bash -e {0}
2026-10-09T21:14:50.6901428Z env:
2026-10-09T21:14:50.6901632Z   VERILATOR_VERSION: v5.050
2026-10-09T21:14:50.6901885Z   YOSYS_VERSION: v0.66
2026-10-09T21:14:50.6902114Z ##[endgroup]
2026-10-09T21:15:03.4436025Z dp_srcs self-test: 35 arm(s) passed
2026-10-09T21:23:20.3149893Z OOC .tcl refusal self-test: 58 arm(s) passed
2026-10-09T21:23:20.7849137Z baseline selftest: complete image and exact block PASS; 9 refusals PASS
2026-10-09T21:23:20.7849840Z baseline parameter selftest: 5 refusals PASS
2026-10-09T21:23:20.7851193Z /tmp/pp-baseline-export-ht8fbuqe/gateware/baseline_integrated.tcl
2026-10-09T21:23:20.7852039Z /tmp/pp-baseline-export-ht8fbuqe/gateware/baseline_integrated.tcl
2026-10-09T21:23:20.7852574Z /tmp/pp-baseline-export-ht8fbuqe/gateware/baseline_integrated.tcl
2026-10-09T21:23:20.7853044Z /tmp/pp-baseline-export-ht8fbuqe/gateware/baseline_integrated.tcl
2026-10-09T21:23:20.7853501Z /tmp/pp-baseline-export-ht8fbuqe/gateware/baseline_integrated.tcl
2026-10-09T21:23:20.7853953Z /tmp/pp-baseline-export-ht8fbuqe/gateware/baseline_integrated.tcl
2026-10-09T21:23:20.7854363Z /tmp/pp-baseline-export-ht8fbuqe/ooc/baseline_ooc.tcl
2026-10-09T21:23:20.7854730Z /tmp/pp-baseline-export-ht8fbuqe/ooc/baseline_ooc.tcl
2026-10-09T21:23:20.7855286Z /tmp/pp-baseline-export-ht8fbuqe/ooc/baseline_ooc.tcl
2026-10-09T21:23:20.7855708Z /tmp/pp-baseline-export-ht8fbuqe/gateware/baseline_integrated.tcl
2026-10-09T21:23:20.7856116Z baseline inventory refusal: missing generated ROM PASS
2026-10-09T21:23:20.7856964Z baseline inventory refusal: nonempty SRAM PASS
2026-10-09T21:23:20.7857545Z baseline inventory refusal: unlisted readmemh PASS
2026-10-09T21:23:20.7858100Z baseline inventory refusal: generated ROM short PASS
2026-10-09T21:23:20.7858462Z baseline inventory refusal: generated ROM long PASS
2026-10-09T21:23:20.7858813Z baseline inventory refusal: generated ROM narrow PASS
2026-10-09T21:23:20.7859159Z baseline inventory refusal: generated ROM wide PASS
2026-10-09T21:23:20.7859685Z baseline inventory refusal: PP_TROM_HEX_P short PASS
2026-10-09T21:23:20.7860042Z baseline inventory refusal: PP_TROM_HEX_P narrow PASS
2026-10-09T21:23:20.7860380Z baseline inventory refusal: PP_TROM_HEX_P wide PASS
2026-10-09T21:23:20.7860734Z baseline inventory refusal: PP_TROM_HEX_P duplicate PASS
2026-10-09T21:23:20.7861123Z baseline inventory refusal: PP_TROM_HEX_P missing PASS
2026-10-09T21:23:20.7861494Z baseline inventory refusal: pp_acmp_pkg.sv duplicate PASS
2026-10-09T21:23:20.7861877Z baseline inventory refusal: pp_acmp_pkg.sv missing PASS
2026-10-09T21:23:20.7862295Z baseline inventory refusal: pp_acmp_pkg.sv TROM_DEPTH_C duplicate PASS
2026-10-09T21:23:20.7862800Z baseline inventory refusal: pp_acmp_pkg.sv TROM_DEPTH_C missing PASS
2026-10-09T21:23:20.7863499Z baseline inventory refusal: pp_acmp_pkg.sv TROM_W_C duplicate PASS
2026-10-09T21:23:20.7864126Z baseline inventory refusal: pp_acmp_pkg.sv TROM_W_C missing PASS
2026-10-09T21:23:20.7864529Z baseline inventory refusal: PP_UCODE_HEX_P short PASS
2026-10-09T21:23:20.7864884Z baseline inventory refusal: PP_UCODE_HEX_P narrow PASS
2026-10-09T21:23:20.7865233Z baseline inventory refusal: PP_UCODE_HEX_P wide PASS
2026-10-09T21:23:20.7865599Z baseline inventory refusal: PP_UCODE_HEX_P duplicate PASS
2026-10-09T21:23:20.7865979Z baseline inventory refusal: PP_UCODE_HEX_P missing PASS
2026-10-09T21:23:20.7866871Z baseline inventory refusal: ucpu_pkg.sv duplicate PASS
2026-10-09T21:23:20.7867244Z baseline inventory refusal: ucpu_pkg.sv missing PASS
2026-10-09T21:23:20.7867628Z baseline inventory refusal: ucpu_pkg.sv UPC_W_C duplicate PASS
2026-10-09T21:23:20.7868051Z baseline inventory refusal: ucpu_pkg.sv UPC_W_C missing PASS
2026-10-09T21:23:20.7868473Z baseline inventory refusal: ucpu_pkg.sv UCODE_W_C duplicate PASS
2026-10-09T21:23:20.7869085Z baseline inventory refusal: ucpu_pkg.sv UCODE_W_C missing PASS
2026-10-09T21:23:20.7869497Z baseline inventory refusal: GPTP_UCODE_HEX_P short PASS
2026-10-09T21:23:20.7869887Z baseline inventory refusal: GPTP_UCODE_HEX_P narrow PASS
2026-10-09T21:23:20.7870256Z baseline inventory refusal: GPTP_UCODE_HEX_P wide PASS
2026-10-09T21:23:20.7870637Z baseline inventory refusal: GPTP_UCODE_HEX_P duplicate PASS
2026-10-09T21:23:20.7871027Z baseline inventory refusal: GPTP_UCODE_HEX_P missing PASS
2026-10-09T21:23:20.7871426Z baseline inventory refusal: gptp_ucpu_pkg.sv duplicate PASS
2026-10-09T21:23:20.7871810Z baseline inventory refusal: gptp_ucpu_pkg.sv missing PASS
2026-10-09T21:23:20.7872228Z baseline inventory refusal: gptp_ucpu_pkg.sv UPC_W_C duplicate PASS
2026-10-09T21:23:20.7872676Z baseline inventory refusal: gptp_ucpu_pkg.sv UPC_W_C missing PASS
2026-10-09T21:23:20.7873128Z baseline inventory refusal: gptp_ucpu_pkg.sv UCODE_W_C duplicate PASS
2026-10-09T21:23:20.7873594Z baseline inventory refusal: gptp_ucpu_pkg.sv UCODE_W_C missing PASS
2026-10-09T21:23:20.7874045Z baseline inventory selftest: 40 refusals and restored control PASS
2026-10-09T21:23:20.7874456Z /tmp/pp-baseline-export-ht8fbuqe/ooc/baseline_ooc.tcl
2026-10-09T21:23:20.7874923Z baseline endpoint selftest: valid pathname and 9 refusals PASS
2026-10-09T21:23:20.7875318Z /tmp/pp-baseline-export-ht8fbuqe/ooc/baseline_ooc.tcl
2026-10-09T21:23:20.7875674Z /tmp/pp-baseline-export-ht8fbuqe/ooc/baseline_ooc.tcl
2026-10-09T21:23:20.7876079Z baseline clock selftest: 10 ns default, bound 50 MHz, 2 refusals PASS
2026-10-09T21:23:20.7876907Z /tmp/pp-baseline-export-ht8fbuqe/gateware/baseline_integrated.tcl
2026-10-09T21:23:20.7877392Z /tmp/pp-baseline-export-ht8fbuqe/gateware/baseline_integrated.tcl
2026-10-09T21:23:20.7877837Z /tmp/pp-baseline-export-ht8fbuqe/gateware/baseline_integrated.tcl
2026-10-09T21:23:20.7878270Z /tmp/pp-baseline-export-ht8fbuqe/gateware/baseline_integrated.tcl
2026-10-09T21:23:20.7878715Z /tmp/pp-baseline-export-ht8fbuqe/gateware/baseline_integrated.tcl
2026-10-09T21:23:20.7879150Z /tmp/pp-baseline-export-ht8fbuqe/gateware/baseline_integrated.tcl
2026-10-09T21:23:20.7879586Z /tmp/pp-baseline-export-ht8fbuqe/gateware/baseline_integrated.tcl
2026-10-09T21:23:20.7880066Z /tmp/pp-baseline-export-ht8fbuqe/gateware/baseline_integrated.tcl
2026-10-09T21:23:20.7880656Z placement Tcl all-fabric: control and every role reversal at synthesis/route PASS
2026-10-09T21:23:20.7881188Z placement Tcl f0-f4: control and every role reversal at synthesis/route PASS
2026-10-09T21:23:20.7881711Z placement Tcl full-split: control and every role reversal at synthesis/route PASS
2026-10-09T21:23:20.7882322Z placement recipe: legacy parity, split preparation, selection marker, ROM and endpoint refusals PASS
2026-10-09T21:23:20.7883071Z baseline export selftest: 3 default and worker-capped scripts, attribution constraint, CLI containment refusal PASS
2026-10-09T21:23:29.3337244Z control: rc=0 PASS
2026-10-09T21:23:29.3338299Z absolute-file recipe import broken: rc=1 PASS
2026-10-09T21:23:29.3339041Z split dispatch ignored: rc=1 PASS
2026-10-09T21:23:29.3339702Z split pre-route census omitted: rc=1 PASS
2026-10-09T21:23:29.3340391Z split final census omitted: rc=1 PASS
2026-10-09T21:23:29.3341051Z split timing assumes wrapper: rc=1 PASS
2026-10-09T21:23:29.3341761Z split ROM error promotion omitted: rc=1 PASS
2026-10-09T21:23:29.3342242Z split retained AECP ROM skipped: rc=1 PASS
2026-10-09T21:23:29.3342702Z split selection marker omitted: rc=1 PASS
2026-10-09T21:23:29.3343367Z present removed-protocol ROM unchecked: rc=1 PASS
2026-10-09T21:23:29.3343900Z split synthesis command count unchecked: rc=1 PASS
2026-10-09T21:23:29.3344454Z split synthesis-only endpoint runs implementation: rc=1 PASS
2026-10-09T21:23:29.3344955Z synthesis worker cap ignored: rc=1 PASS
2026-10-09T21:23:29.3345384Z synthesis worker cap enabled by default: rc=1 PASS
2026-10-09T21:23:29.3345815Z ROM error promotion: rc=1 PASS
2026-10-09T21:23:29.3346359Z readmemh inventory equality: rc=1 PASS
2026-10-09T21:23:29.3346752Z empty SRAM requirement: rc=1 PASS
2026-10-09T21:23:29.3347106Z parameter ROM depth: rc=1 PASS
2026-10-09T21:23:29.3347440Z generated ROM depth: rc=1 PASS
2026-10-09T21:23:29.3347769Z generated ROM width: rc=1 PASS
2026-10-09T21:23:29.3348103Z parameter ROM width: rc=1 PASS
2026-10-09T21:23:29.3348443Z image and geometry ambiguity: rc=1 PASS
2026-10-09T21:23:29.3348825Z image binding uniqueness: rc=1 PASS
2026-10-09T21:23:29.3349197Z geometry package uniqueness: rc=1 PASS
2026-10-09T21:23:29.3349599Z geometry declaration uniqueness: rc=1 PASS
2026-10-09T21:23:29.3349992Z microcode address depth: rc=1 PASS
2026-10-09T21:23:29.3350351Z outside repository guard: rc=1 PASS
2026-10-09T21:23:29.3350700Z image depth: rc=1 PASS
2026-10-09T21:23:29.3350995Z image width: rc=1 PASS
2026-10-09T21:23:29.3351300Z hexadecimal image words: rc=1 PASS
2026-10-09T21:23:29.3351674Z attribution constraint loading: rc=1 PASS
2026-10-09T21:23:29.3352091Z attribution boundary preservation: rc=1 PASS
2026-10-09T21:23:29.3352504Z wrapper declaration equality: rc=1 PASS
2026-10-09T21:23:29.3352889Z empty parameter block: rc=1 PASS
2026-10-09T21:23:29.3353240Z duplicate parameter: rc=1 PASS
2026-10-09T21:23:29.3353593Z integrated output directory: rc=1 PASS
2026-10-09T21:23:29.3353980Z attribution integrated endpoint: rc=1 PASS
2026-10-09T21:23:29.3354378Z CLI integrated endpoint: rc=1 PASS
2026-10-09T21:23:29.3354645Z single synthesis command: rc=1 PASS
2026-10-09T21:23:29.3354930Z image pathname characters: rc=1 PASS
2026-10-09T21:23:29.3355231Z template marker uniqueness: rc=1 PASS
2026-10-09T21:23:29.3355533Z unfiltered hierarchy report: rc=1 PASS
2026-10-09T21:23:29.3355856Z integrated clock ignored: rc=1 PASS
2026-10-09T21:23:29.3356137Z integrated clock frequency check: rc=1 PASS
2026-10-09T21:23:29.3356582Z integrated clock period: rc=1 PASS
2026-10-09T21:23:29.3356858Z CLI integrated clock endpoint: rc=1 PASS
2026-10-09T21:23:29.3755120Z baseline reports selftest: ancestry, sharing, omission, multiplicity, blackboxes, residual PASS
2026-10-09T21:23:29.9026887Z resource gate route arm: unchanged control: exit 0 PASS
2026-10-09T21:23:29.9028017Z resource gate route arm: changed source, unchanged figures: exit 0 PASS
2026-10-09T21:23:29.9028917Z resource gate route arm: LUT growth at the tolerance: exit 0 PASS
2026-10-09T21:23:29.9029780Z resource gate route arm: LUT growth over the tolerance: exit 1 PASS
2026-10-09T21:23:29.9030682Z resource gate route arm: FF growth over the tolerance: exit 1 PASS
2026-10-09T21:23:29.9031459Z resource gate route arm: register rows disagree: exit 2 PASS
2026-10-09T21:23:29.9032287Z resource gate route arm: Slice growth over the tolerance: exit 1 PASS
2026-10-09T21:23:29.9033065Z resource gate route arm: one more RAMB36: exit 1 PASS
2026-10-09T21:23:29.9033738Z resource gate route arm: one more RAMB18: exit 1 PASS
2026-10-09T21:23:29.9034412Z resource gate route arm: one more DSP: exit 1 PASS
2026-10-09T21:23:29.9035413Z resource gate route arm: BRAM tiles over the ceiling: exit 1 PASS
2026-10-09T21:23:29.9036564Z resource gate route arm: BRAM tiles at the ceiling: exit 0 PASS
2026-10-09T21:23:29.9037359Z resource gate route arm: WNS below the floor: exit 1 PASS
2026-10-09T21:23:29.9038079Z resource gate route arm: WNS at the floor: exit 0 PASS
2026-10-09T21:23:29.9038868Z resource gate route arm: WNS fell more than the tolerance: exit 1 PASS
2026-10-09T21:23:29.9039777Z resource gate route arm: WNS fell by exactly the tolerance: exit 0 PASS
2026-10-09T21:23:29.9040674Z resource gate route arm: WNS fell within the tolerance: exit 0 PASS
2026-10-09T21:23:29.9041725Z resource gate route arm: WHS below the floor: exit 1 PASS
2026-10-09T21:23:29.9042451Z resource gate route arm: WHS at the floor: exit 0 PASS
2026-10-09T21:23:29.9043151Z resource gate route arm: WNS not a number: exit 2 PASS
2026-10-09T21:23:29.9043831Z resource gate route arm: WHS not a number: exit 2 PASS
2026-10-09T21:23:29.9044557Z resource gate route arm: WNS and WHS infinite: exit 2 PASS
2026-10-09T21:23:29.9045304Z resource gate route arm: WNS in other digits: exit 2 PASS
2026-10-09T21:23:29.9046057Z resource gate route arm: WNS too long to be finite: exit 2 PASS
2026-10-09T21:23:29.9047101Z resource gate route arm: WHS too long to be finite: exit 2 PASS
2026-10-09T21:23:29.9047841Z resource gate route arm: no timed endpoint: exit 2 PASS
2026-10-09T21:23:29.9048568Z resource gate route arm: no hold-timed endpoint: exit 2 PASS
2026-10-09T21:23:29.9049391Z resource gate route arm: timed endpoints in other digits: exit 2 PASS
2026-10-09T21:23:29.9050271Z resource gate route arm: timed endpoints past the bound: exit 2 PASS
2026-10-09T21:23:29.9051203Z resource gate route arm: timing summary without its endpoint columns: exit 2 PASS
2026-10-09T21:23:29.9052105Z resource gate route arm: WNS without a fraction: exit 2 PASS
2026-10-09T21:23:29.9052970Z resource gate route arm: LUT improvement within the tolerance: exit 0 PASS
2026-10-09T21:23:29.9053915Z resource gate route arm: LUT improvement beyond the tolerance: exit 0 PASS
2026-10-09T21:23:29.9054802Z resource gate route arm: WNS rise beyond the tolerance: exit 0 PASS
2026-10-09T21:23:29.9055618Z resource gate route arm: route status complete: exit 0 PASS
2026-10-09T21:23:29.9056650Z resource gate route arm: nets with routing errors: exit 1 PASS
2026-10-09T21:23:29.9057408Z resource gate route arm: unrouted nets: exit 1 PASS
2026-10-09T21:23:29.9058178Z resource gate route arm: routable nets not fully routed: exit 1 PASS
2026-10-09T21:23:29.9059050Z resource gate route arm: route status report missing: exit 2 PASS
2026-10-09T21:23:29.9059896Z resource gate route arm: second route status report: exit 2 PASS
2026-10-09T21:23:29.9060727Z resource gate route arm: route status without its error row: exit 2 PASS
2026-10-09T21:23:29.9061684Z resource gate route arm: route status with a second error row: exit 2 PASS
2026-10-09T21:23:29.9062645Z resource gate route arm: route status count unreadable: exit 2 PASS
2026-10-09T21:23:29.9063563Z resource gate route arm: route status count a superscript: exit 2 PASS
2026-10-09T21:23:29.9064505Z resource gate route arm: route status count in other digits: exit 2 PASS
2026-10-09T21:23:29.9065419Z resource gate route arm: route status count negative: exit 2 PASS
2026-10-09T21:23:29.9066574Z resource gate route arm: route status count past the bound: exit 2 PASS
2026-10-09T21:23:29.9067499Z resource gate route arm: route status not UTF-8: exit 2 PASS
2026-10-09T21:23:29.9068384Z resource gate route arm: route status without its routable row: exit 2 PASS
2026-10-09T21:23:29.9069390Z resource gate route arm: route status without its fully routed row: exit 2 PASS
2026-10-09T21:23:29.9070396Z resource gate route arm: route status without both net rows: exit 2 PASS
2026-10-09T21:23:29.9071354Z resource gate route arm: route status with a second routable row: exit 2 PASS
2026-10-09T21:23:29.9072270Z resource gate route arm: tool build changed: exit 2 PASS
2026-10-09T21:23:29.9073174Z resource gate route arm: device changed: exit 2 PASS
2026-10-09T21:23:29.9073859Z resource gate route arm: design changed: exit 2 PASS
2026-10-09T21:23:29.9074555Z resource gate route arm: design state changed: exit 2 PASS
2026-10-09T21:23:29.9075328Z resource gate route arm: project creation changed: exit 2 PASS
2026-10-09T21:23:29.9076086Z resource gate route arm: thread count changed: exit 2 PASS
2026-10-09T21:23:29.9077373Z resource gate route arm: synthesis directive changed: exit 2 PASS
2026-10-09T21:23:29.9078027Z resource gate route arm: optimization directive changed: exit 2 PASS
2026-10-09T21:23:29.9078815Z resource gate route arm: timing grade changed: exit 2 PASS
2026-10-09T21:23:29.9079382Z resource gate route arm: placement directive changed: exit 2 PASS
2026-10-09T21:23:29.9080038Z resource gate route arm: physical optimization directive changed: exit 2 PASS
2026-10-09T21:23:29.9080690Z resource gate route arm: routing directive changed: exit 2 PASS
2026-10-09T21:23:29.9081312Z resource gate route arm: identical inputs, different figures: exit 2 PASS
2026-10-09T21:23:29.9081963Z resource gate route arm: identical inputs, different WNS: exit 2 PASS
2026-10-09T21:23:29.9082531Z resource gate route arm: export date only: exit 2 PASS
2026-10-09T21:23:29.9083053Z resource gate route arm: generated logic changed: exit 1 PASS
2026-10-09T21:23:29.9083602Z resource gate route arm: include header changed: exit 1 PASS
2026-10-09T21:23:29.9084164Z resource gate route arm: sourced constraint changed: exit 1 PASS
2026-10-09T21:23:29.9084718Z resource gate route arm: memory image changed: exit 1 PASS
2026-10-09T21:23:29.9085301Z resource gate route arm: image manifest of the wrong shape: exit 2 PASS
2026-10-09T21:23:29.9085934Z resource gate route arm: image manifest nested too deep: exit 2 PASS
2026-10-09T21:23:29.9086766Z resource gate route arm: image manifest with a repeated key: exit 2 PASS
2026-10-09T21:23:29.9087423Z resource gate route arm: image manifest with a bracketed key: exit 2 PASS
2026-10-09T21:23:29.9088097Z resource gate route arm: image manifest with another named key: exit 0 PASS
2026-10-09T21:23:29.9088734Z resource gate route arm: duplicate conflicting row: exit 2 PASS
2026-10-09T21:23:29.9089333Z resource gate route arm: duplicate conflicting header: exit 2 PASS
2026-10-09T21:23:29.9089881Z resource gate route arm: malformed count: exit 2 PASS
2026-10-09T21:23:29.9090390Z resource gate route arm: count in other digits: exit 2 PASS
2026-10-09T21:23:29.9090900Z resource gate route arm: fractional count: exit 2 PASS
2026-10-09T21:23:29.9091419Z resource gate route arm: count past the bound: exit 2 PASS
2026-10-09T21:23:29.9091997Z resource gate route arm: BRAM tiles too long to be finite: exit 2 PASS
2026-10-09T21:23:29.9092564Z resource gate route arm: missing Slice row: exit 2 PASS
2026-10-09T21:23:29.9093080Z resource gate route arm: timing columns changed: exit 2 PASS
2026-10-09T21:23:29.9093621Z resource gate route arm: second timing summary: exit 2 PASS
2026-10-09T21:23:29.9094166Z resource gate route arm: timing value row missing: exit 2 PASS
2026-10-09T21:23:29.9094710Z resource gate route arm: missing timing report: exit 2 PASS
2026-10-09T21:23:29.9095147Z resource gate route arm: second generated top: exit 2 PASS
2026-10-09T21:23:29.9095542Z resource gate route arm: read source missing: exit 2 PASS
2026-10-09T21:23:29.9095964Z resource gate route arm: include directory missing: exit 2 PASS
2026-10-09T21:23:29.9096567Z resource gate route arm: cell census header changed: exit 2 PASS
2026-10-09T21:23:29.9097233Z resource gate route arm: hierarchy count in other digits: exit 2 PASS
2026-10-09T21:23:29.9097769Z resource gate route arm: hierarchy count in other digits in a middle cell: exit 2 PASS
2026-10-09T21:23:29.9098333Z resource gate route arm: hierarchy count in other digits in the last cell: exit 2 PASS
2026-10-09T21:23:29.9098835Z resource gate route arm: hierarchy count past the bound: exit 2 PASS
2026-10-09T21:23:29.9099284Z resource gate route arm: hierarchy row without counts: exit 2 PASS
2026-10-09T21:23:29.9099911Z resource gate route arm: wrapper source read from too near the root: exit 2 PASS
2026-10-09T21:23:29.9100531Z resource gate route arm: second recipe script: exit 2 PASS
2026-10-09T21:23:29.9100966Z resource gate ooc arm: standalone control: exit 0 PASS
2026-10-09T21:23:29.9101343Z resource gate ooc arm: standalone clock changed: exit 2 PASS
2026-10-09T21:23:29.9101710Z resource gate ooc arm: generic changed: exit 1 PASS
2026-10-09T21:23:29.9102086Z resource gate ooc arm: image path moved, same image: exit 2 PASS
2026-10-09T21:23:29.9102469Z resource gate ooc arm: standalone RAMB36: exit 1 PASS
2026-10-09T21:23:29.9102951Z resource gate ooc arm: standalone RAMB18: exit 1 PASS
2026-10-09T21:23:29.9103296Z resource gate ooc arm: standalone DSP: exit 1 PASS
2026-10-09T21:23:29.9103631Z resource gate ooc arm: standalone FF: exit 1 PASS
2026-10-09T21:23:29.9104008Z resource gate route arm: export built at another root: exit 2 PASS
2026-10-09T21:23:29.9104454Z resource gate command-line arm: check within tolerance: exit 0 PASS
2026-10-09T21:23:29.9104993Z resource gate command-line arm: check reads the kind from a standalone directory: exit 0 PASS
2026-10-09T21:23:29.9105518Z resource gate command-line arm: check of a regression: exit 1 PASS
2026-10-09T21:23:29.9105969Z resource gate command-line arm: check of an unrouted route: exit 1 PASS
2026-10-09T21:23:29.9106619Z resource gate command-line arm: check of an unreadable measurement: exit 2 PASS
2026-10-09T21:23:29.9107152Z resource gate command-line arm: check of a route without its status: exit 2 PASS
2026-10-09T21:23:29.9107769Z resource gate command-line arm: check of a route status count past the integer text limit: exit 2 PASS
2026-10-09T21:23:29.9108370Z resource gate command-line arm: check of a WNS too long to be finite: exit 2 PASS
2026-10-09T21:23:29.9108918Z resource gate command-line arm: check of a wrong-shape image manifest: exit 2 PASS
2026-10-09T21:23:29.9109470Z resource gate command-line arm: check against a baseline that is not JSON: exit 2 PASS
2026-10-09T21:23:29.9110009Z resource gate command-line arm: check against a missing baseline: exit 2 PASS
2026-10-09T21:23:29.9110546Z resource gate command-line arm: check against a baseline without endpoints: exit 2 PASS
2026-10-09T21:23:29.9111141Z resource gate command-line arm: check against a scope name with a generate index: exit 0 PASS
2026-10-09T21:23:29.9111778Z resource gate command-line arm: check of a bracketed key in the last image manifest entry: exit 2 PASS
2026-10-09T21:23:30.1989783Z resource gate command-line arm: check of a 128-character key of every name character in a note and an image manifest entry: exit 0 PASS
2026-10-09T21:23:30.1991159Z resource gate command-line arm: check of an endpoint the baseline does not hold: exit 2 PASS
2026-10-09T21:23:30.1991997Z resource gate command-line arm: check of an endpoint without a record: exit 2 PASS
2026-10-09T21:23:30.1992879Z resource gate command-line arm: check of a gated figure without a tolerance: exit 2 PASS
2026-10-09T21:23:30.1994138Z resource gate command-line arm: check of a ceiling naming no figure: exit 2 PASS
2026-10-09T21:23:30.1995395Z resource gate check-baseline arm: a consistent baseline: exit 0 PASS
2026-10-09T21:23:30.1996963Z resource gate check-baseline arm: a scope name with a generate index: exit 0 PASS
2026-10-09T21:23:30.1998326Z resource gate check-baseline arm: a missing record: exit 2 PASS
2026-10-09T21:23:30.1999551Z resource gate check-baseline arm: an incomplete record: exit 2 PASS
2026-10-09T21:23:30.2000703Z resource gate check-baseline arm: a missing tolerance: exit 2 PASS
2026-10-09T21:23:30.2001592Z resource gate check-baseline arm: a negative tolerance: exit 2 PASS
2026-10-09T21:23:30.2002434Z resource gate check-baseline arm: a missing floor: exit 2 PASS
2026-10-09T21:23:30.2003286Z resource gate check-baseline arm: a record below its floor: exit 2 PASS
2026-10-09T21:23:30.2004218Z resource gate check-baseline arm: a record over its ceiling: exit 2 PASS
2026-10-09T21:23:30.2005373Z resource gate check-baseline arm: a missing route ceiling: exit 2 PASS
2026-10-09T21:23:30.2006714Z resource gate check-baseline arm: a ceiling naming no figure: exit 2 PASS
2026-10-09T21:23:30.2007652Z resource gate check-baseline arm: a malformed policy: exit 2 PASS
2026-10-09T21:23:30.2008636Z resource gate check-baseline arm: a tolerance the budget does not hold: exit 2 PASS
2026-10-09T21:23:30.2009787Z resource gate check-baseline arm: a budget value the baseline does not hold: exit 2 PASS
2026-10-09T21:23:30.2010971Z resource gate check-baseline arm: a budget floor the baseline does not hold: exit 2 PASS
2026-10-09T21:23:30.2012458Z resource gate check-baseline arm: a budget ceiling the baseline does not hold: exit 2 PASS
2026-10-09T21:23:30.2013711Z resource gate check-baseline arm: a baseline policy figure the budget table lacks: exit 2 PASS
2026-10-09T21:23:30.2014845Z resource gate check-baseline arm: a budget cell in other digits: exit 2 PASS
2026-10-09T21:23:30.2015924Z resource gate check-baseline arm: a budget cell too long to be finite: exit 2 PASS
2026-10-09T21:23:30.2017220Z resource gate check-baseline arm: an endpoint the budget lacks: exit 2 PASS
2026-10-09T21:23:30.2018230Z resource gate check-baseline arm: a budget row the baseline lacks: exit 2 PASS
2026-10-09T21:23:30.2019176Z resource gate check-baseline arm: no budget table: exit 2 PASS
2026-10-09T21:23:30.2019992Z resource gate check-baseline arm: two budget tables: exit 2 PASS
2026-10-09T21:23:30.2020911Z resource gate check-baseline arm: a repeated budget row: exit 2 PASS
2026-10-09T21:23:30.2021862Z resource gate check-baseline arm: a budget cell that is no value: exit 2 PASS
2026-10-09T21:23:30.2022865Z resource gate check-baseline arm: a budget page that is not UTF-8: exit 2 PASS
2026-10-09T21:23:30.2023770Z resource gate check-baseline arm: no budget page: exit 2 PASS
2026-10-09T21:23:30.2024758Z resource gate malformed-baseline arm: a NaN floor: exit 2 through check and check-baseline PASS
2026-10-09T21:23:30.2026050Z resource gate malformed-baseline arm: an infinite tolerance: exit 2 through check and check-baseline PASS
2026-10-09T21:23:30.2027733Z resource gate malformed-baseline arm: a ceiling too large to be finite: exit 2 through check and check-baseline PASS
2026-10-09T21:23:30.2029366Z resource gate malformed-baseline arm: a timing figure recorded as a long whole number: exit 2 through check and check-baseline PASS
2026-10-09T21:23:30.2030995Z resource gate malformed-baseline arm: a scope count past the bound: exit 2 through check and check-baseline PASS
2026-10-09T21:23:30.2032576Z resource gate malformed-baseline arm: a whole number past the integer text limit: exit 2 through check and check-baseline PASS
2026-10-09T21:23:30.2034181Z resource gate malformed-baseline arm: a file nested too deep to read: exit 2 through check and check-baseline PASS
2026-10-09T21:23:30.2035575Z resource gate malformed-baseline arm: a repeated key: exit 2 through check and check-baseline PASS
2026-10-09T21:23:30.2037314Z resource gate malformed-baseline arm: an endpoint field named by a lone surrogate: exit 2 through check and check-baseline PASS
2026-10-09T21:23:30.2038922Z resource gate malformed-baseline arm: a scope named by a lone surrogate: exit 2 through check and check-baseline PASS
2026-10-09T21:23:30.2040414Z resource gate malformed-baseline arm: a key of 129 characters: exit 2 through check and check-baseline PASS
2026-10-09T21:23:30.2041938Z resource gate malformed-baseline arm: an endpoint name with a generate index: exit 2 through check and check-baseline PASS
2026-10-09T21:23:30.2043562Z resource gate malformed-baseline arm: a policy figure with a generate index: exit 2 through check and check-baseline PASS
2026-10-09T21:23:30.2045212Z resource gate malformed-baseline arm: a note of the file holding a bracketed key: exit 2 through check and check-baseline PASS
2026-10-09T21:23:30.2047138Z resource gate malformed-baseline arm: a note holding a bracketed key under scopes: exit 2 through check and check-baseline PASS
2026-10-09T21:23:30.2049074Z resource gate malformed-baseline arm: a bracketed key in a note list past its first item: exit 2 through check and check-baseline PASS
2026-10-09T21:23:30.2050971Z resource gate malformed-baseline arm: a note shaped as a record's scopes holding a bracketed key: exit 2 through check and check-baseline PASS
2026-10-09T21:23:30.2052677Z resource gate malformed-baseline arm: an unknown field in the file: exit 2 through check and check-baseline PASS
2026-10-09T21:23:30.2054001Z resource gate malformed-baseline arm: an unknown field in an endpoint: exit 2 through check and check-baseline PASS
2026-10-09T21:23:30.2055784Z resource gate malformed-baseline arm: an unknown field in a record: exit 2 through check and check-baseline PASS
2026-10-09T21:23:30.2057547Z resource gate malformed-baseline arm: a record kind that is a list: exit 2 through check and check-baseline PASS
2026-10-09T21:23:30.2059043Z resource gate malformed-baseline arm: an unknown record kind: exit 2 through check and check-baseline PASS
2026-10-09T21:23:30.2060509Z resource gate malformed-baseline arm: an identity that is text: exit 2 through check and check-baseline PASS
2026-10-09T21:23:30.2062022Z resource gate malformed-baseline arm: an identity without its device: exit 2 through check and check-baseline PASS
2026-10-09T21:23:30.2063540Z resource gate malformed-baseline arm: an identity with an extra key: exit 2 through check and check-baseline PASS
2026-10-09T21:23:30.2065068Z resource gate malformed-baseline arm: an identity field of another type: exit 2 through check and check-baseline PASS
2026-10-09T21:23:30.2066947Z resource gate malformed-baseline arm: a flow that is not text: exit 2 through check and check-baseline PASS
2026-10-09T21:23:30.2068494Z resource gate malformed-baseline arm: a standalone clock that is not text: exit 2 through check and check-baseline PASS
2026-10-09T21:23:30.2070104Z resource gate malformed-baseline arm: an input digest that is no digest: exit 2 through check and check-baseline PASS
2026-10-09T21:23:30.2071648Z resource gate malformed-baseline arm: an input digest that is a number: exit 2 through check and check-baseline PASS
2026-10-09T21:23:30.2073183Z resource gate malformed-baseline arm: an input digest in upper case: exit 2 through check and check-baseline PASS
2026-10-09T21:23:30.2074656Z resource gate malformed-baseline arm: figures that are a list: exit 2 through check and check-baseline PASS
2026-10-09T21:23:30.2076093Z resource gate malformed-baseline arm: figures without LUT: exit 2 through check and check-baseline PASS
2026-10-09T21:23:30.2077859Z resource gate malformed-baseline arm: figures with an extra figure: exit 2 through check and check-baseline PASS
2026-10-09T21:23:30.2079363Z resource gate malformed-baseline arm: a gated figure that is text: exit 2 through check and check-baseline PASS
2026-10-09T21:23:30.2080831Z resource gate malformed-baseline arm: a gated figure that is null: exit 2 through check and check-baseline PASS
2026-10-09T21:23:30.2082348Z resource gate malformed-baseline arm: a gated figure that is a bool: exit 2 through check and check-baseline PASS
2026-10-09T21:23:30.2084005Z resource gate malformed-baseline arm: a malformed endpoint after the first: exit 2 through check and check-baseline PASS
2026-10-09T21:23:30.2085514Z resource gate malformed-baseline arm: scopes that are a list: exit 2 through check and check-baseline PASS
2026-10-09T21:23:30.2087169Z resource gate malformed-baseline arm: a scope without its CARRY4 count: exit 2 through check and check-baseline PASS
2026-10-09T21:23:30.2088672Z resource gate malformed-baseline arm: a scope with an extra count: exit 2 through check and check-baseline PASS
2026-10-09T21:23:30.2090144Z resource gate malformed-baseline arm: a fractional scope count: exit 2 through check and check-baseline PASS
2026-10-09T21:23:30.2091495Z resource gate malformed-baseline arm: a negative scope count: exit 2 through check and check-baseline PASS
2026-10-09T21:23:30.2093119Z resource gate malformed-baseline arm: a scope count that is a bool: exit 2 through check and check-baseline PASS
2026-10-09T21:23:30.2094534Z resource gate malformed-baseline arm: a tolerance that is text: exit 2 through check and check-baseline PASS
2026-10-09T21:23:30.2095852Z resource gate malformed-baseline arm: a ceiling that is a bool: exit 2 through check and check-baseline PASS
2026-10-09T21:23:30.2097450Z resource gate malformed-baseline arm: a floor table that is a list: exit 2 through check and check-baseline PASS
2026-10-09T21:23:30.2098507Z resource gate CARRY4 attribution and record --write PASS
2026-10-09T21:23:30.2099508Z resource gate planted-exception arm: load through check: exit 2 PASS
2026-10-09T21:23:30.2100389Z resource gate planted-exception arm: census through check: exit 2 PASS
2026-10-09T21:23:30.2101294Z resource gate planted-exception arm: routing through check: exit 2 PASS
2026-10-09T21:23:30.2102229Z resource gate planted-exception arm: judge through check: exit 2 PASS
2026-10-09T21:23:32.0305397Z resource gate planted-exception arm: entry_problems through check: exit 2 PASS
2026-10-09T21:23:32.0306787Z resource gate planted-exception arm: load through check-baseline: exit 2 PASS
2026-10-09T21:23:32.0307921Z resource gate planted-exception arm: check_baseline through check-baseline: exit 2 PASS
2026-10-09T21:23:32.0309023Z resource gate command-line arm: a directory named in another script: exit 0 PASS
2026-10-09T21:23:32.0310175Z resource gate command-line arm: record --write of an endpoint name the baseline refuses: exit 2 PASS
2026-10-09T21:23:32.0311402Z resource gate fuzz: alinx_ax7101_route_status.rpt: bytes: 1 cases, check exits 0/1/2 = 0/0/1
2026-10-09T21:23:32.0312557Z resource gate fuzz: alinx_ax7101_route_status.rpt: digit: 1 cases, check exits 0/1/2 = 0/0/1
2026-10-09T21:23:32.0313738Z resource gate fuzz: alinx_ax7101_route_status.rpt: duplicate line: 2 cases, check exits 0/1/2 = 2/0/0
2026-10-09T21:23:32.0314923Z resource gate fuzz: alinx_ax7101_route_status.rpt: empty: 3 cases, check exits 0/1/2 = 0/0/3
2026-10-09T21:23:32.0316039Z resource gate fuzz: alinx_ax7101_route_status.rpt: huge: 2 cases, check exits 0/1/2 = 0/0/2
2026-10-09T21:23:32.0317413Z resource gate fuzz: alinx_ax7101_route_status.rpt: junk lines: 1 cases, check exits 0/1/2 = 0/0/1
2026-10-09T21:23:32.0318561Z resource gate fuzz: alinx_ax7101_route_status.rpt: missing: 3 cases, check exits 0/1/2 = 0/0/3
2026-10-09T21:23:32.0319672Z resource gate fuzz: alinx_ax7101_route_status.rpt: number: 1 cases, check exits 0/1/2 = 0/1/0
2026-10-09T21:23:32.0320824Z resource gate fuzz: alinx_ax7101_route_status.rpt: row removed: 6 cases, check exits 0/1/2 = 0/0/6
2026-10-09T21:23:32.0321997Z resource gate fuzz: alinx_ax7101_route_status.rpt: row twice: 2 cases, check exits 0/1/2 = 0/0/2
2026-10-09T21:23:32.0322995Z resource gate fuzz: alinx_ax7101_route_status.rpt: truncate: 1 cases, check exits 0/1/2 = 0/0/1
2026-10-09T21:23:32.0324170Z resource gate fuzz: alinx_ax7101_route_status.rpt: unicode: 2 cases, check exits 0/1/2 = 2/0/0
2026-10-09T21:23:32.0325177Z resource gate fuzz: baseline: add: 16 cases, check exits 0/1/2 = 4/0/12
2026-10-09T21:23:32.0326045Z resource gate fuzz: baseline: bad name: 11 cases, check exits 0/1/2 = 0/0/11
2026-10-09T21:23:32.0327215Z resource gate fuzz: baseline: bracket name: 10 cases, check exits 0/1/2 = 1/0/9
2026-10-09T21:23:32.0328124Z resource gate fuzz: baseline: bytes: 20 cases, check exits 0/1/2 = 0/0/20
2026-10-09T21:23:32.0328954Z resource gate fuzz: baseline: digit: 9 cases, check exits 0/1/2 = 0/0/9
2026-10-09T21:23:32.0329808Z resource gate fuzz: baseline: duplicate: 13 cases, check exits 0/1/2 = 0/0/13
2026-10-09T21:23:32.0330683Z resource gate fuzz: baseline: note: 6 cases, check exits 0/1/2 = 0/0/6
2026-10-09T21:23:32.0331538Z resource gate fuzz: baseline: overflow: 15 cases, check exits 0/1/2 = 0/0/15
2026-10-09T21:23:32.0332420Z resource gate fuzz: baseline: remove: 18 cases, check exits 0/1/2 = 2/0/16
2026-10-09T21:23:32.0333393Z resource gate fuzz: baseline: size: deep nesting: 5 cases, check exits 0/1/2 = 0/0/5
2026-10-09T21:23:32.0334745Z resource gate fuzz: baseline: size: long text: 2 cases, check exits 0/1/2 = 1/0/1
2026-10-09T21:23:32.0335795Z resource gate fuzz: baseline: size: many scopes: 5 cases, check exits 0/1/2 = 5/0/0
2026-10-09T21:23:32.0337093Z resource gate fuzz: baseline: truncate: 9 cases, check exits 0/1/2 = 0/0/9
2026-10-09T21:23:32.0337953Z resource gate fuzz: baseline: type: 9 cases, check exits 0/1/2 = 0/0/9
2026-10-09T21:23:32.0338827Z resource gate fuzz: baseline: unicode: 18 cases, check exits 0/1/2 = 11/0/7
2026-10-09T21:23:32.0339750Z resource gate fuzz: baseline: value: 17 cases, check exits 0/1/2 = 17/0/0
2026-10-09T21:23:32.0340985Z resource gate fuzz: baseline_cells.tsv: bytes: 9 cases, check exits 0/1/2 = 0/0/9
2026-10-09T21:23:32.0342043Z resource gate fuzz: baseline_cells.tsv: census header: 9 cases, check exits 0/1/2 = 0/0/9
2026-10-09T21:23:32.0343159Z resource gate fuzz: baseline_cells.tsv: duplicate line: 6 cases, check exits 0/1/2 = 6/0/0
2026-10-09T21:23:32.0344248Z resource gate fuzz: baseline_cells.tsv: empty: 5 cases, check exits 0/1/2 = 0/0/5
2026-10-09T21:23:32.0345315Z resource gate fuzz: baseline_cells.tsv: junk lines: 3 cases, check exits 0/1/2 = 0/0/3
2026-10-09T21:23:32.0346660Z resource gate fuzz: baseline_cells.tsv: missing: 7 cases, check exits 0/1/2 = 0/0/7
2026-10-09T21:23:32.0347739Z resource gate fuzz: baseline_cells.tsv: swap lines: 2 cases, check exits 0/1/2 = 1/0/1
2026-10-09T21:23:32.0348820Z resource gate fuzz: baseline_cells.tsv: truncate: 3 cases, check exits 0/1/2 = 3/0/0
2026-10-09T21:23:32.0349881Z resource gate fuzz: baseline_cells.tsv: unicode: 13 cases, check exits 0/1/2 = 12/0/1
2026-10-09T21:23:32.0350963Z resource gate fuzz: baseline_hierarchy.rpt: bytes: 8 cases, check exits 0/1/2 = 0/0/8
2026-10-09T21:23:32.0352075Z resource gate fuzz: baseline_hierarchy.rpt: delete line: 3 cases, check exits 0/1/2 = 1/0/2
2026-10-09T21:23:32.0353211Z resource gate fuzz: baseline_hierarchy.rpt: digit: 2 cases, check exits 0/1/2 = 0/0/2
2026-10-09T21:23:32.0354354Z resource gate fuzz: baseline_hierarchy.rpt: duplicate line: 2 cases, check exits 0/1/2 = 0/0/2
2026-10-09T21:23:32.0355524Z resource gate fuzz: baseline_hierarchy.rpt: empty: 7 cases, check exits 0/1/2 = 0/0/7
2026-10-09T21:23:32.0356897Z resource gate fuzz: baseline_hierarchy.rpt: garble: 2 cases, check exits 0/1/2 = 0/0/2
2026-10-09T21:23:32.0357983Z resource gate fuzz: baseline_hierarchy.rpt: huge: 3 cases, check exits 0/1/2 = 0/0/3
2026-10-09T21:23:32.0359079Z resource gate fuzz: baseline_hierarchy.rpt: junk lines: 2 cases, check exits 0/1/2 = 0/0/2
2026-10-09T21:23:32.0360185Z resource gate fuzz: baseline_hierarchy.rpt: missing: 10 cases, check exits 0/1/2 = 0/0/10
2026-10-09T21:23:32.0361306Z resource gate fuzz: baseline_hierarchy.rpt: number: 6 cases, check exits 0/1/2 = 6/0/0
2026-10-09T21:23:32.0362431Z resource gate fuzz: baseline_hierarchy.rpt: swap lines: 1 cases, check exits 0/1/2 = 0/0/1
2026-10-09T21:23:32.0363581Z resource gate fuzz: baseline_hierarchy.rpt: truncate: 2 cases, check exits 0/1/2 = 0/0/2
2026-10-09T21:23:32.0364715Z resource gate fuzz: baseline_hierarchy.rpt: unicode: 4 cases, check exits 0/1/2 = 3/0/1
2026-10-09T21:23:32.0365782Z resource gate fuzz: baseline_images.json: bytes: 4 cases, check exits 0/1/2 = 0/0/4
2026-10-09T21:23:32.0367116Z resource gate fuzz: baseline_images.json: delete line: 2 cases, check exits 0/1/2 = 0/0/2
2026-10-09T21:23:32.0368186Z resource gate fuzz: baseline_images.json: empty: 8 cases, check exits 0/1/2 = 0/0/8
2026-10-09T21:23:32.0369259Z resource gate fuzz: baseline_images.json: entry key: 10 cases, check exits 0/1/2 = 1/0/9
2026-10-09T21:23:32.0370353Z resource gate fuzz: baseline_images.json: junk lines: 1 cases, check exits 0/1/2 = 0/0/1
2026-10-09T21:23:32.0371409Z resource gate fuzz: baseline_images.json: missing: 12 cases, check exits 0/1/2 = 0/0/12
2026-10-09T21:23:32.0372459Z resource gate fuzz: baseline_images.json: swap lines: 1 cases, check exits 0/1/2 = 1/0/0
2026-10-09T21:23:32.0373522Z resource gate fuzz: baseline_images.json: truncate: 7 cases, check exits 0/1/2 = 0/0/7
2026-10-09T21:23:32.0374794Z resource gate fuzz: baseline_images.json: unicode: 8 cases, check exits 0/1/2 = 0/0/8
2026-10-09T21:23:32.0375913Z resource gate fuzz: baseline_timing.rpt: bytes: 4 cases, check exits 0/1/2 = 0/0/4
2026-10-09T21:23:32.0377280Z resource gate fuzz: baseline_timing.rpt: delete line: 3 cases, check exits 0/1/2 = 1/0/2
2026-10-09T21:23:32.0378400Z resource gate fuzz: baseline_timing.rpt: digit: 3 cases, check exits 0/1/2 = 0/0/3
2026-10-09T21:23:32.0379532Z resource gate fuzz: baseline_timing.rpt: duplicate line: 2 cases, check exits 0/1/2 = 1/0/1
2026-10-09T21:23:32.0380931Z resource gate fuzz: baseline_timing.rpt: empty: 7 cases, check exits 0/1/2 = 0/0/7
2026-10-09T21:23:32.0381952Z resource gate fuzz: baseline_timing.rpt: garble: 4 cases, check exits 0/1/2 = 0/0/4
2026-10-09T21:23:32.0382960Z resource gate fuzz: baseline_timing.rpt: huge: 1 cases, check exits 0/1/2 = 0/0/1
2026-10-09T21:23:32.0384003Z resource gate fuzz: baseline_timing.rpt: junk lines: 1 cases, check exits 0/1/2 = 0/0/1
2026-10-09T21:23:32.0385097Z resource gate fuzz: baseline_timing.rpt: missing: 3 cases, check exits 0/1/2 = 0/0/3
2026-10-09T21:23:32.0386146Z resource gate fuzz: baseline_timing.rpt: number: 7 cases, check exits 0/1/2 = 5/2/0
2026-10-09T21:23:32.0387518Z resource gate fuzz: baseline_timing.rpt: summary twice: 4 cases, check exits 0/1/2 = 0/0/4
2026-10-09T21:23:32.0388634Z resource gate fuzz: baseline_timing.rpt: swap lines: 1 cases, check exits 0/1/2 = 1/0/0
2026-10-09T21:23:32.0389714Z resource gate fuzz: baseline_timing.rpt: truncate: 4 cases, check exits 0/1/2 = 0/0/4
2026-10-09T21:23:32.0390779Z resource gate fuzz: baseline_timing.rpt: unicode: 2 cases, check exits 0/1/2 = 0/0/2
2026-10-09T21:23:32.0391840Z resource gate fuzz: baseline_utilization.rpt: bytes: 6 cases, check exits 0/1/2 = 0/0/6
2026-10-09T21:23:32.0392921Z resource gate fuzz: baseline_utilization.rpt: digit: 4 cases, check exits 0/1/2 = 0/0/4
2026-10-09T21:23:32.0394095Z resource gate fuzz: baseline_utilization.rpt: duplicate line: 1 cases, check exits 0/1/2 = 1/0/0
2026-10-09T21:23:32.0395270Z resource gate fuzz: baseline_utilization.rpt: empty: 5 cases, check exits 0/1/2 = 0/0/5
2026-10-09T21:23:32.0396669Z resource gate fuzz: baseline_utilization.rpt: garble: 8 cases, check exits 0/1/2 = 0/0/8
2026-10-09T21:23:32.0397857Z resource gate fuzz: baseline_utilization.rpt: header removed: 6 cases, check exits 0/1/2 = 0/0/6
2026-10-09T21:23:32.0399057Z resource gate fuzz: baseline_utilization.rpt: header twice: 6 cases, check exits 0/1/2 = 0/0/6
2026-10-09T21:23:32.0400193Z resource gate fuzz: baseline_utilization.rpt: huge: 6 cases, check exits 0/1/2 = 0/0/6
2026-10-09T21:23:32.0401341Z resource gate fuzz: baseline_utilization.rpt: junk lines: 1 cases, check exits 0/1/2 = 0/0/1
2026-10-09T21:23:32.0402506Z resource gate fuzz: baseline_utilization.rpt: missing: 7 cases, check exits 0/1/2 = 0/0/7
2026-10-09T21:23:32.0403638Z resource gate fuzz: baseline_utilization.rpt: number: 1 cases, check exits 0/1/2 = 0/1/0
2026-10-09T21:23:32.0404892Z resource gate fuzz: baseline_utilization.rpt: swap lines: 2 cases, check exits 0/1/2 = 0/0/2
2026-10-09T21:23:32.0406460Z resource gate fuzz: baseline_utilization.rpt: truncate: 6 cases, check exits 0/1/2 = 0/0/6
2026-10-09T21:23:32.0407821Z resource gate fuzz: baseline_utilization.rpt: unicode: 5 cases, check exits 0/1/2 = 2/0/3
2026-10-09T21:23:32.0408975Z resource gate fuzz: clock.xdc: bytes: 6 cases, check exits 0/1/2 = 0/0/6
2026-10-09T21:23:32.0410351Z resource gate fuzz: clock.xdc: delete line: 1 cases, check exits 0/1/2 = 0/0/1
2026-10-09T21:23:32.0411510Z resource gate fuzz: clock.xdc: duplicate line: 1 cases, check exits 0/1/2 = 0/0/1
2026-10-09T21:23:32.0448154Z usage: pp_resource_gate.py [-h] [--endpoint ENDPOINT]
2026-10-09T21:23:32.0449039Z                            [--placement {all-fabric,f0-f4,full-split}]
2026-10-09T21:23:32.0462843Z                            [--baseline BASELINE] [--budget BUDGET] [--write]
2026-10-09T21:23:32.0463453Z                            [--selftest] [--fuzz N] [--seed SEED]
2026-10-09T21:23:32.0464345Z                            [{check,record,check-baseline}] [directory]
2026-10-09T21:23:32.0465388Z pp_resource_gate.py: error: unrecognized arguments: /tmp/pp-placement-gate-fj2hig2x/all-fabric/gateware
2026-10-09T21:23:32.0469104Z resource gate fuzz: clock.xdc: empty: 2 cases, check exits 0/1/2 = 0/0/2
2026-10-09T21:23:32.0470104Z resource gate fuzz: clock.xdc: junk lines: 1 cases, check exits 0/1/2 = 0/0/1
2026-10-09T21:23:32.0471022Z resource gate fuzz: clock.xdc: missing: 4 cases, check exits 0/1/2 = 0/0/4
2026-10-09T21:23:32.0472212Z resource gate fuzz: clock.xdc: truncate: 2 cases, check exits 0/1/2 = 1/0/1
2026-10-09T21:23:32.0473094Z resource gate fuzz: clock.xdc: unicode: 3 cases, check exits 0/1/2 = 3/0/0
2026-10-09T21:23:32.0473869Z resource gate fuzz: control: 2 cases, check exits 0/1/2 = 2/0/0
2026-10-09T21:23:32.0474846Z resource gate fuzz: 500 cases at seed 234 on the self-test fixtures: 0 failures; case digest 07067ee87d28a829
2026-10-09T21:23:32.0475928Z resource gate selftest: 260 arms and 500 generated cases PASS
2026-10-09T21:23:32.0477137Z placement gate all-fabric unmarked control: expected exit 0, RESULT: PASS: PASS
2026-10-09T21:23:32.0478248Z placement gate wrapper replaced check: expected exit 2, wrapper (KL_pp_shadow): PASS
2026-10-09T21:23:32.1008018Z Traceback (most recent call last):
2026-10-09T21:23:32.1008945Z   File "<home-path>/work/milan-fpga/milan-fpga/syn/ooc/pp_resource_gate.py", line 785, in <module>
2026-10-09T21:23:32.1009942Z     sys.exit(main())
2026-10-09T21:23:32.1010321Z              ^^^^^^
2026-10-09T21:23:32.1011074Z   File "<home-path>/work/milan-fpga/milan-fpga/syn/ooc/pp_resource_gate.py", line 733, in main
2026-10-09T21:23:32.1012494Z     gate_selftest()
2026-10-09T21:23:32.1013365Z   File "<home-path>/work/milan-fpga/milan-fpga/syn/ooc/pp_placement_selftest.py", line 291, in gate_selftest
2026-10-09T21:23:32.1014394Z     all_fabric_selftest(root, baseline)
2026-10-09T21:23:32.1015439Z   File "<home-path>/work/milan-fpga/milan-fpga/syn/ooc/pp_placement_selftest.py", line 248, in all_fabric_selftest
2026-10-09T21:23:32.1017025Z     expect_case(label + " " + command[0], result, 2, f"{role} ({MODULES[ROLES.index(role)]})")
2026-10-09T21:23:32.1018201Z   File "<home-path>/work/milan-fpga/milan-fpga/syn/ooc/pp_placement_selftest.py", line 213, in expect_case
2026-10-09T21:23:32.1019272Z     raise AssertionError(f"{label}: wanted {status} / {reason}, got {result}")
2026-10-09T21:23:32.1020330Z AssertionError: wrapper replaced record: wanted 2 / wrapper (KL_pp_shadow), got (2, ['exited through argparse'])
2026-10-09T21:23:32.1187062Z ##[error]Process completed with exit code 1.
2026-10-09T21:23:32.1341237Z Post job cleanup.
2026-10-09T21:23:32.2182226Z [command]/usr/bin/git version
2026-10-09T21:23:32.2225386Z git version 2.55.0
2026-10-09T21:23:32.2268663Z Temporarily overriding HOME='<home-path>/work/_temp/888e8385-3798-459e-a33d-900388c0f400' before making global git config changes
2026-10-09T21:23:32.2270139Z Adding repository directory to the temporary git global config as a safe directory
2026-10-09T21:23:32.2275378Z [command]/usr/bin/git config --global --add safe.directory <home-path>/work/milan-fpga/milan-fpga
2026-10-09T21:23:32.2315142Z [command]/usr/bin/git config --local --name-only --get-regexp core\.sshCommand
2026-10-09T21:23:32.2352041Z [command]/usr/bin/git submodule foreach --recursive sh -c "git config --local --name-only --get-regexp 'core\.sshCommand' && git config --local --unset-all 'core.sshCommand' || :"
2026-10-09T21:23:32.2634334Z Entering 'gptp-processor'
2026-10-09T21:23:32.2703287Z Entering 'protocol-processor'
2026-10-09T21:23:32.2777131Z Entering 'third_party/verilog-axis'
2026-10-09T21:23:32.2847318Z [command]/usr/bin/git config --local --name-only --get-regexp http\.https\:\/\/github\.com\/\.extraheader
2026-10-09T21:23:32.2893906Z http.https://github.com/.extraheader
2026-10-09T21:23:32.2920383Z [command]/usr/bin/git config --local --unset-all http.https://github.com/.extraheader
2026-10-09T21:23:32.2963913Z [command]/usr/bin/git submodule foreach --recursive sh -c "git config --local --name-only --get-regexp 'http\.https\:\/\/github\.com\/\.extraheader' && git config --local --unset-all 'http.https://github.com/.extraheader' || :"
2026-10-09T21:23:32.3288867Z Entering 'gptp-processor'
2026-10-09T21:23:32.3334758Z Entering 'protocol-processor'
2026-10-09T21:23:32.3381149Z Entering 'third_party/verilog-axis'
2026-10-09T21:23:32.3448923Z [command]/usr/bin/git config --local --name-only --get-regexp ^includeIf\.gitdir:
2026-10-09T21:23:32.3486526Z [command]/usr/bin/git submodule foreach --recursive git config --local --show-origin --name-only --get-regexp remote.origin.url
2026-10-09T21:23:32.3704140Z Entering 'gptp-processor'
2026-10-09T21:23:32.3728949Z file:<home-path>/work/milan-fpga/milan-fpga/.git/modules/gptp-processor/config	remote.origin.url
2026-10-09T21:23:32.3747425Z Entering 'protocol-processor'
2026-10-09T21:23:32.3767036Z file:<home-path>/work/milan-fpga/milan-fpga/.git/modules/protocol-processor/config	remote.origin.url
2026-10-09T21:23:32.3786212Z Entering 'third_party/verilog-axis'
2026-10-09T21:23:32.3806381Z file:<home-path>/work/milan-fpga/milan-fpga/.git/modules/third_party/verilog-axis/config	remote.origin.url
2026-10-09T21:23:32.3851947Z [command]/usr/bin/git config --file <home-path>/work/milan-fpga/milan-fpga/.git/modules/gptp-processor/config --name-only --get-regexp ^includeIf\.gitdir:
2026-10-09T21:23:32.3881177Z [command]/usr/bin/git config --file <home-path>/work/milan-fpga/milan-fpga/.git/modules/protocol-processor/config --name-only --get-regexp ^includeIf\.gitdir:
2026-10-09T21:23:32.3918464Z [command]/usr/bin/git config --file <home-path>/work/milan-fpga/milan-fpga/.git/modules/third_party/verilog-axis/config --name-only --get-regexp ^includeIf\.gitdir:
2026-10-09T21:23:32.4096785Z Cleaning up orphan processes
2026-10-09T21:23:32.4388688Z ##[warning]Node.js 20 is deprecated. The following actions target Node.js 20 but are being forced to run on Node.js 24: actions/cache@v4, actions/checkout@v4. For more information see: https://github.blog/changelog/2025-09-19-deprecation-of-node-20-on-github-actions-runners/
