verilator +incdir+../../../configs/generated/endstation_arty_current --cc --exe --build -j 0 +incdir+../../../hdl/common/csr -Wall -Wno-fatal -Wno-DECLFILENAME -Wno-UNUSEDSIGNAL -Wno-UNUSEDPARAM -CFLAGS "-std=c++17 -O2 -Wall -Wextra" --top-module milan_csr ../../../hdl/common/csr/milan_csr.sv sim_main.cpp -o Vcsr_sim
%Warning-PROCASSINIT: ../../../configs/generated/endstation_arty_current/../../../hdl/common/csr/milan_csr.sv:2246:29: Procedural assignment to declaration with initial value: 'rst_epoch_r'
                                                                                                                     : ... note: In instance 'milan_csr'
                                                                                                                     : ... Location of variable initialization
 2246 |   logic [7:0] rst_epoch_r = 8'd0;
      |                             ^~~~
                      ../../../configs/generated/endstation_arty_current/../../../hdl/common/csr/milan_csr.sv:2745:34: ... Location of variable process write
                                                                                                                     : ... Perhaps should initialize instead using a reset in this process
 2745 |     if (aresetn && !rstn_seen_r) rst_epoch_r <= rst_epoch_r + 8'd1;
      |                                  ^~~~~~~~~~~
                      ... For warning description see https://verilator.org/warn/PROCASSINIT?v=5.050
                      ... Use "/* verilator lint_off PROCASSINIT */" and lint_on around source to disable this message.
%Warning-PROCASSINIT: ../../../configs/generated/endstation_arty_current/../../../hdl/common/csr/milan_csr.sv:2742:27: Procedural assignment to declaration with initial value: 'rstn_seen_r'
                                                                                                                     : ... note: In instance 'milan_csr'
                                                                                                                     : ... Location of variable initialization
 2742 |   logic     rstn_seen_r = 1'b0;
      |                           ^~~~
                      ../../../configs/generated/endstation_arty_current/../../../hdl/common/csr/milan_csr.sv:2744:5: ... Location of variable process write
                                                                                                                    : ... Perhaps should initialize instead using a reset in this process
 2744 |     rstn_seen_r <= aresetn;
      |     ^~~~~~~~~~~
make[1]: Entering directory '$REVIEWS/443-r321-1-packet/scratch/head/tb/verilator/csr/obj_dir'
g++  -I.  -MMD -I$VERILATOR_ROOT/include -I$VERILATOR_ROOT/include/vltstd -DVERILATOR=1 -DVM_COVERAGE=0 -DVM_SC=0 -DVM_TIMING=0 -DVM_TRACE=0 -DVM_TRACE_FST=0 -DVM_TRACE_VCD=0 -DVM_TRACE_SAIF=0 -DVM_VPI=0 -faligned-new -fcf-protection=none -Wno-bool-operation -Wno-int-in-bool-context -Wno-shadow -Wno-sign-compare -Wno-subobject-linkage -Wno-tautological-compare -Wno-uninitialized -Wno-unused-but-set-parameter -Wno-unused-but-set-variable -Wno-unused-parameter -Wno-unused-variable    -std=c++17 -O2 -Wall -Wextra   -Os  -c -o sim_main.o ../sim_main.cpp
g++ -Os  -I.  -MMD -I$VERILATOR_ROOT/include -I$VERILATOR_ROOT/include/vltstd -DVERILATOR=1 -DVM_COVERAGE=0 -DVM_SC=0 -DVM_TIMING=0 -DVM_TRACE=0 -DVM_TRACE_FST=0 -DVM_TRACE_VCD=0 -DVM_TRACE_SAIF=0 -DVM_VPI=0 -faligned-new -fcf-protection=none -Wno-bool-operation -Wno-int-in-bool-context -Wno-shadow -Wno-sign-compare -Wno-subobject-linkage -Wno-tautological-compare -Wno-uninitialized -Wno-unused-but-set-parameter -Wno-unused-but-set-variable -Wno-unused-parameter -Wno-unused-variable    -std=c++17 -O2 -Wall -Wextra   -c -o verilated.o $VERILATOR_ROOT/include/verilated.cpp
g++ -Os  -I.  -MMD -I$VERILATOR_ROOT/include -I$VERILATOR_ROOT/include/vltstd -DVERILATOR=1 -DVM_COVERAGE=0 -DVM_SC=0 -DVM_TIMING=0 -DVM_TRACE=0 -DVM_TRACE_FST=0 -DVM_TRACE_VCD=0 -DVM_TRACE_SAIF=0 -DVM_VPI=0 -faligned-new -fcf-protection=none -Wno-bool-operation -Wno-int-in-bool-context -Wno-shadow -Wno-sign-compare -Wno-subobject-linkage -Wno-tautological-compare -Wno-uninitialized -Wno-unused-but-set-parameter -Wno-unused-but-set-variable -Wno-unused-parameter -Wno-unused-variable    -std=c++17 -O2 -Wall -Wextra   -c -o verilated_threads.o $VERILATOR_ROOT/include/verilated_threads.cpp
g++ -Os  -I.  -MMD -I$VERILATOR_ROOT/include -I$VERILATOR_ROOT/include/vltstd -DVERILATOR=1 -DVM_COVERAGE=0 -DVM_SC=0 -DVM_TIMING=0 -DVM_TRACE=0 -DVM_TRACE_FST=0 -DVM_TRACE_VCD=0 -DVM_TRACE_SAIF=0 -DVM_VPI=0 -faligned-new -fcf-protection=none -Wno-bool-operation -Wno-int-in-bool-context -Wno-shadow -Wno-sign-compare -Wno-subobject-linkage -Wno-tautological-compare -Wno-uninitialized -Wno-unused-but-set-parameter -Wno-unused-but-set-variable -Wno-unused-parameter -Wno-unused-variable    -std=c++17 -O2 -Wall -Wextra   -x c++-header Vmilan_csr__pch.h -o Vmilan_csr__pch.h.fast.gch
g++   -I.  -MMD -I$VERILATOR_ROOT/include -I$VERILATOR_ROOT/include/vltstd -DVERILATOR=1 -DVM_COVERAGE=0 -DVM_SC=0 -DVM_TIMING=0 -DVM_TRACE=0 -DVM_TRACE_FST=0 -DVM_TRACE_VCD=0 -DVM_TRACE_SAIF=0 -DVM_VPI=0 -faligned-new -fcf-protection=none -Wno-bool-operation -Wno-int-in-bool-context -Wno-shadow -Wno-sign-compare -Wno-subobject-linkage -Wno-tautological-compare -Wno-uninitialized -Wno-unused-but-set-parameter -Wno-unused-but-set-variable -Wno-unused-parameter -Wno-unused-variable    -std=c++17 -O2 -Wall -Wextra   -x c++-header Vmilan_csr__pch.h -o Vmilan_csr__pch.h.slow.gch
g++   -I.  -MMD -I$VERILATOR_ROOT/include -I$VERILATOR_ROOT/include/vltstd -DVERILATOR=1 -DVM_COVERAGE=0 -DVM_SC=0 -DVM_TIMING=0 -DVM_TRACE=0 -DVM_TRACE_FST=0 -DVM_TRACE_VCD=0 -DVM_TRACE_SAIF=0 -DVM_VPI=0 -faligned-new -fcf-protection=none -Wno-bool-operation -Wno-int-in-bool-context -Wno-shadow -Wno-sign-compare -Wno-subobject-linkage -Wno-tautological-compare -Wno-uninitialized -Wno-unused-but-set-parameter -Wno-unused-but-set-variable -Wno-unused-parameter -Wno-unused-variable    -std=c++17 -O2 -Wall -Wextra   -include Vmilan_csr__pch.h.slow -c Vmilan_csr__ConstPool__0__Slow.cpp
g++   -I.  -MMD -I$VERILATOR_ROOT/include -I$VERILATOR_ROOT/include/vltstd -DVERILATOR=1 -DVM_COVERAGE=0 -DVM_SC=0 -DVM_TIMING=0 -DVM_TRACE=0 -DVM_TRACE_FST=0 -DVM_TRACE_VCD=0 -DVM_TRACE_SAIF=0 -DVM_VPI=0 -faligned-new -fcf-protection=none -Wno-bool-operation -Wno-int-in-bool-context -Wno-shadow -Wno-sign-compare -Wno-subobject-linkage -Wno-tautological-compare -Wno-uninitialized -Wno-unused-but-set-parameter -Wno-unused-but-set-variable -Wno-unused-parameter -Wno-unused-variable    -std=c++17 -O2 -Wall -Wextra   -include Vmilan_csr__pch.h.slow -c Vmilan_csr___024root__Slow.cpp
g++   -I.  -MMD -I$VERILATOR_ROOT/include -I$VERILATOR_ROOT/include/vltstd -DVERILATOR=1 -DVM_COVERAGE=0 -DVM_SC=0 -DVM_TIMING=0 -DVM_TRACE=0 -DVM_TRACE_FST=0 -DVM_TRACE_VCD=0 -DVM_TRACE_SAIF=0 -DVM_VPI=0 -faligned-new -fcf-protection=none -Wno-bool-operation -Wno-int-in-bool-context -Wno-shadow -Wno-sign-compare -Wno-subobject-linkage -Wno-tautological-compare -Wno-uninitialized -Wno-unused-but-set-parameter -Wno-unused-but-set-variable -Wno-unused-parameter -Wno-unused-variable    -std=c++17 -O2 -Wall -Wextra   -include Vmilan_csr__pch.h.slow -c Vmilan_csr___024root__0__Slow.cpp
g++   -I.  -MMD -I$VERILATOR_ROOT/include -I$VERILATOR_ROOT/include/vltstd -DVERILATOR=1 -DVM_COVERAGE=0 -DVM_SC=0 -DVM_TIMING=0 -DVM_TRACE=0 -DVM_TRACE_FST=0 -DVM_TRACE_VCD=0 -DVM_TRACE_SAIF=0 -DVM_VPI=0 -faligned-new -fcf-protection=none -Wno-bool-operation -Wno-int-in-bool-context -Wno-shadow -Wno-sign-compare -Wno-subobject-linkage -Wno-tautological-compare -Wno-uninitialized -Wno-unused-but-set-parameter -Wno-unused-but-set-variable -Wno-unused-parameter -Wno-unused-variable    -std=c++17 -O2 -Wall -Wextra   -include Vmilan_csr__pch.h.slow -c Vmilan_csr___024root__1__Slow.cpp
g++   -I.  -MMD -I$VERILATOR_ROOT/include -I$VERILATOR_ROOT/include/vltstd -DVERILATOR=1 -DVM_COVERAGE=0 -DVM_SC=0 -DVM_TIMING=0 -DVM_TRACE=0 -DVM_TRACE_FST=0 -DVM_TRACE_VCD=0 -DVM_TRACE_SAIF=0 -DVM_VPI=0 -faligned-new -fcf-protection=none -Wno-bool-operation -Wno-int-in-bool-context -Wno-shadow -Wno-sign-compare -Wno-subobject-linkage -Wno-tautological-compare -Wno-uninitialized -Wno-unused-but-set-parameter -Wno-unused-but-set-variable -Wno-unused-parameter -Wno-unused-variable    -std=c++17 -O2 -Wall -Wextra   -include Vmilan_csr__pch.h.slow -c Vmilan_csr__Syms__Slow.cpp
g++ -Os  -I.  -MMD -I$VERILATOR_ROOT/include -I$VERILATOR_ROOT/include/vltstd -DVERILATOR=1 -DVM_COVERAGE=0 -DVM_SC=0 -DVM_TIMING=0 -DVM_TRACE=0 -DVM_TRACE_FST=0 -DVM_TRACE_VCD=0 -DVM_TRACE_SAIF=0 -DVM_VPI=0 -faligned-new -fcf-protection=none -Wno-bool-operation -Wno-int-in-bool-context -Wno-shadow -Wno-sign-compare -Wno-subobject-linkage -Wno-tautological-compare -Wno-uninitialized -Wno-unused-but-set-parameter -Wno-unused-but-set-variable -Wno-unused-parameter -Wno-unused-variable    -std=c++17 -O2 -Wall -Wextra   -include Vmilan_csr__pch.h.fast -c Vmilan_csr.cpp
g++ -Os  -I.  -MMD -I$VERILATOR_ROOT/include -I$VERILATOR_ROOT/include/vltstd -DVERILATOR=1 -DVM_COVERAGE=0 -DVM_SC=0 -DVM_TIMING=0 -DVM_TRACE=0 -DVM_TRACE_FST=0 -DVM_TRACE_VCD=0 -DVM_TRACE_SAIF=0 -DVM_VPI=0 -faligned-new -fcf-protection=none -Wno-bool-operation -Wno-int-in-bool-context -Wno-shadow -Wno-sign-compare -Wno-subobject-linkage -Wno-tautological-compare -Wno-uninitialized -Wno-unused-but-set-parameter -Wno-unused-but-set-variable -Wno-unused-parameter -Wno-unused-variable    -std=c++17 -O2 -Wall -Wextra   -include Vmilan_csr__pch.h.fast -c Vmilan_csr___024root__0.cpp
g++ -Os  -I.  -MMD -I$VERILATOR_ROOT/include -I$VERILATOR_ROOT/include/vltstd -DVERILATOR=1 -DVM_COVERAGE=0 -DVM_SC=0 -DVM_TIMING=0 -DVM_TRACE=0 -DVM_TRACE_FST=0 -DVM_TRACE_VCD=0 -DVM_TRACE_SAIF=0 -DVM_VPI=0 -faligned-new -fcf-protection=none -Wno-bool-operation -Wno-int-in-bool-context -Wno-shadow -Wno-sign-compare -Wno-subobject-linkage -Wno-tautological-compare -Wno-uninitialized -Wno-unused-but-set-parameter -Wno-unused-but-set-variable -Wno-unused-parameter -Wno-unused-variable    -std=c++17 -O2 -Wall -Wextra   -include Vmilan_csr__pch.h.fast -c Vmilan_csr___024root__1.cpp
g++ -Os  -I.  -MMD -I$VERILATOR_ROOT/include -I$VERILATOR_ROOT/include/vltstd -DVERILATOR=1 -DVM_COVERAGE=0 -DVM_SC=0 -DVM_TIMING=0 -DVM_TRACE=0 -DVM_TRACE_FST=0 -DVM_TRACE_VCD=0 -DVM_TRACE_SAIF=0 -DVM_VPI=0 -faligned-new -fcf-protection=none -Wno-bool-operation -Wno-int-in-bool-context -Wno-shadow -Wno-sign-compare -Wno-subobject-linkage -Wno-tautological-compare -Wno-uninitialized -Wno-unused-but-set-parameter -Wno-unused-but-set-variable -Wno-unused-parameter -Wno-unused-variable    -std=c++17 -O2 -Wall -Wextra   -include Vmilan_csr__pch.h.fast -c Vmilan_csr___024root__2.cpp
g++ -Os  -I.  -MMD -I$VERILATOR_ROOT/include -I$VERILATOR_ROOT/include/vltstd -DVERILATOR=1 -DVM_COVERAGE=0 -DVM_SC=0 -DVM_TIMING=0 -DVM_TRACE=0 -DVM_TRACE_FST=0 -DVM_TRACE_VCD=0 -DVM_TRACE_SAIF=0 -DVM_VPI=0 -faligned-new -fcf-protection=none -Wno-bool-operation -Wno-int-in-bool-context -Wno-shadow -Wno-sign-compare -Wno-subobject-linkage -Wno-tautological-compare -Wno-uninitialized -Wno-unused-but-set-parameter -Wno-unused-but-set-variable -Wno-unused-parameter -Wno-unused-variable    -std=c++17 -O2 -Wall -Wextra   -include Vmilan_csr__pch.h.fast -c Vmilan_csr___024root__3.cpp
g++    sim_main.o verilated.o verilated_threads.o Vmilan_csr__ALL.a    -pthread -lpthread -latomic   -o Vcsr_sim
rm Vmilan_csr__ALL.verilator_deplist.tmp
make[1]: Leaving directory '$REVIEWS/443-r321-1-packet/scratch/head/tb/verilator/csr/obj_dir'
- V e r i l a t i o n   R e p o r t: Verilator 5.050 2026-07-01 rev v5.050
- Verilator: Built from 0.157 MB sources in 2 modules, into 4.386 MB in 10 C++ files needing 0.001 MB
- Verilator: Walltime 6.246 s (elab=0.009, cvt=0.704, bld=5.457); cpu 0.836 s on 16 threads; allocated 1124.965 MB
