$REVIEWS/ppC6-r421-3-packet/scripts/verilator-j8.sh --cc --exe --build -j 0 --top-module KL_pp_originator -Wall -Wno-fatal -Wno-DECLFILENAME -Wno-UNUSEDSIGNAL -Wno-WIDTHEXPAND -Wno-WIDTHTRUNC -Wno-UNUSEDPARAM -CFLAGS "-std=c++17 -O2 -I$REVIEWS/ppC6-r421-3-packet/scratch/pp-c6-mutant-5gd_xher/tb/originator -Wall -Wextra" ../../hdl/common/pp_pkg.sv ../../hdl/packet_engine/KL_pp_originator.sv sim_main.cpp -o Vorig_sim
make[1]: Entering directory '$REVIEWS/ppC6-r421-3-packet/scratch/pp-c6-mutant-5gd_xher/tb/originator/obj_dir'
g++  -I.  -MMD -I<PINNED_VERILATOR_PREFIX>/share/verilator/include -I<PINNED_VERILATOR_PREFIX>/share/verilator/include/vltstd -DVERILATOR=1 -DVM_COVERAGE=0 -DVM_SC=0 -DVM_TIMING=0 -DVM_TRACE=0 -DVM_TRACE_FST=0 -DVM_TRACE_VCD=0 -DVM_TRACE_SAIF=0 -DVM_VPI=0 -faligned-new -fcf-protection=none -Wno-bool-operation -Wno-int-in-bool-context -Wno-shadow -Wno-sign-compare -Wno-subobject-linkage -Wno-tautological-compare -Wno-uninitialized -Wno-unused-but-set-parameter -Wno-unused-but-set-variable -Wno-unused-parameter -Wno-unused-variable    -std=c++17 -O2 -I$REVIEWS/ppC6-r421-3-packet/scratch/pp-c6-mutant-5gd_xher/tb/originator -Wall -Wextra   -Os  -c -o sim_main.o ../sim_main.cpp
g++ -Os  -I.  -MMD -I<PINNED_VERILATOR_PREFIX>/share/verilator/include -I<PINNED_VERILATOR_PREFIX>/share/verilator/include/vltstd -DVERILATOR=1 -DVM_COVERAGE=0 -DVM_SC=0 -DVM_TIMING=0 -DVM_TRACE=0 -DVM_TRACE_FST=0 -DVM_TRACE_VCD=0 -DVM_TRACE_SAIF=0 -DVM_VPI=0 -faligned-new -fcf-protection=none -Wno-bool-operation -Wno-int-in-bool-context -Wno-shadow -Wno-sign-compare -Wno-subobject-linkage -Wno-tautological-compare -Wno-uninitialized -Wno-unused-but-set-parameter -Wno-unused-but-set-variable -Wno-unused-parameter -Wno-unused-variable    -std=c++17 -O2 -I$REVIEWS/ppC6-r421-3-packet/scratch/pp-c6-mutant-5gd_xher/tb/originator -Wall -Wextra   -c -o verilated.o <PINNED_VERILATOR_PREFIX>/share/verilator/include/verilated.cpp
g++ -Os  -I.  -MMD -I<PINNED_VERILATOR_PREFIX>/share/verilator/include -I<PINNED_VERILATOR_PREFIX>/share/verilator/include/vltstd -DVERILATOR=1 -DVM_COVERAGE=0 -DVM_SC=0 -DVM_TIMING=0 -DVM_TRACE=0 -DVM_TRACE_FST=0 -DVM_TRACE_VCD=0 -DVM_TRACE_SAIF=0 -DVM_VPI=0 -faligned-new -fcf-protection=none -Wno-bool-operation -Wno-int-in-bool-context -Wno-shadow -Wno-sign-compare -Wno-subobject-linkage -Wno-tautological-compare -Wno-uninitialized -Wno-unused-but-set-parameter -Wno-unused-but-set-variable -Wno-unused-parameter -Wno-unused-variable    -std=c++17 -O2 -I$REVIEWS/ppC6-r421-3-packet/scratch/pp-c6-mutant-5gd_xher/tb/originator -Wall -Wextra   -c -o verilated_threads.o <PINNED_VERILATOR_PREFIX>/share/verilator/include/verilated_threads.cpp
python3 <PINNED_VERILATOR_PREFIX>/share/verilator/bin/verilator_includer -DVL_INCLUDE_OPT=include VKL_pp_originator.cpp VKL_pp_originator___024root__0.cpp VKL_pp_originator___024root__Slow.cpp VKL_pp_originator___024root__0__Slow.cpp VKL_pp_originator__Syms__Slow.cpp > VKL_pp_originator__ALL.cpp
g++ -Os  -I.  -MMD -I<PINNED_VERILATOR_PREFIX>/share/verilator/include -I<PINNED_VERILATOR_PREFIX>/share/verilator/include/vltstd -DVERILATOR=1 -DVM_COVERAGE=0 -DVM_SC=0 -DVM_TIMING=0 -DVM_TRACE=0 -DVM_TRACE_FST=0 -DVM_TRACE_VCD=0 -DVM_TRACE_SAIF=0 -DVM_VPI=0 -faligned-new -fcf-protection=none -Wno-bool-operation -Wno-int-in-bool-context -Wno-shadow -Wno-sign-compare -Wno-subobject-linkage -Wno-tautological-compare -Wno-uninitialized -Wno-unused-but-set-parameter -Wno-unused-but-set-variable -Wno-unused-parameter -Wno-unused-variable    -std=c++17 -O2 -I$REVIEWS/ppC6-r421-3-packet/scratch/pp-c6-mutant-5gd_xher/tb/originator -Wall -Wextra   -c -o VKL_pp_originator__ALL.o VKL_pp_originator__ALL.cpp
g++    sim_main.o verilated.o verilated_threads.o VKL_pp_originator__ALL.a    -pthread -lpthread -latomic   -o Vorig_sim
rm VKL_pp_originator__ALL.verilator_deplist.tmp
make[1]: Leaving directory '$REVIEWS/ppC6-r421-3-packet/scratch/pp-c6-mutant-5gd_xher/tb/originator/obj_dir'
- V e r i l a t i o n   R e p o r t: Verilator 5.050 2026-07-01 rev v5.050
- Verilator: Built from 0.096 MB sources in 3 modules, into 0.194 MB in 5 C++ files needing 0.000 MB
- Verilator: Walltime 9.957 s (elab=0.003, cvt=0.019, bld=9.927); cpu 0.030 s on 1 threads; allocated 20.602 MB
./obj_dir/Vorig_sim
FAIL: D wrong seq not routed
FAIL: D wrong key not routed
FAIL: D both misses counted
  R event 42 (stray response) diverges from the model
  R event 43 (response) diverges from the model
  R event 44 (expiry) diverges from the model
  R event 45 (issue) diverges from the model
  R event 46 (issue) diverges from the model
  R event 47 (stray response) diverges from the model
  [i] R: seed 0x86A46301, 3762 events, peak 8 live exchanges; 659 routed, 363 retried, 102 failed, 90 cancelled, 396 strays
FAIL: R: a seeded session of 16 owners' overlapping exchanges, zero divergence from the independent inflight model (3941 of 3762 events)
FAIL: R c: the drained session leaks no entry, timer or held slot
FAIL: final: every hold released exactly once (879 vs 877)
FAIL: final: table empty
107 checks: 100 PASS, 7 FAIL
make: *** [Makefile:18: run] Error 1
