toolchain: {'cc': 'gcc (GCC) 16.2.1 20260810', 'cxx': 'g++ (GCC) 16.2.1 20260810', 'gcov': 'gcov (GCC) 16.2.1 20260810', 'gtest': '1.18.0', 'gmock': '1.18.0'}
[ok] arm model
    == mbx (host model): checks: 23   failures: 0 ==
    RESULT: PASS
    verdict: PASS (23 tests, 0 failures, exit 0)
[ok] arm port
    == ctrl port, driver and loop (host model): checks: 31   failures: 0 ==
    RESULT: PASS
    verdict: PASS (31 tests, 0 failures, exit 0)
[ok] arm adp
    C0 LINK_UP -> TMR_DELAY armed                 11 accesses (bound 11)
    C1 TMR_DELAY -> ENTITY_AVAILABLE, TMR_ADVERTISE  39 accesses (bound 39)
    C2 RCV_ADP_DISCOVER -> TMR_DELAY armed        31 accesses (bound 31)
    C3 TMR_ADVERTISE -> TMR_DELAY armed           11 accesses (bound 11)
    C4 GM_CHANGE -> TMR_DELAY armed               11 accesses (bound 11)
    C5 LINK_DOWN -> timer cancelled                9 accesses (bound 11)
    C6 SHUTDOWN -> ENTITY_DEPARTING committed     29 accesses (bound 29)
    backlog: 16 event records, 30 centiseconds, 28 receive records
    passes: events by 2, ENTITY_AVAILABLE in 2 (175 accesses), receive ring by 14 (457 accesses), idle at 15; worst pass 105 accesses
    F5 the costliest pass of the backlog         105 accesses (bound 407)
    E5 1 SHUTDOWNs, expiry taken before the room: room to ENTITY_AVAILABLE  63 accesses (bound 1628)
    E5 1 SHUTDOWNs, expiry taken after the room: room to ENTITY_AVAILABLE  69 accesses (bound 1628)
    E5 2 SHUTDOWNs, expiry taken before the room: room to ENTITY_AVAILABLE  93 accesses (bound 1628)
    E5 2 SHUTDOWNs, expiry taken after the room: room to ENTITY_AVAILABLE  99 accesses (bound 1628)
    E5 64 SHUTDOWNs, expiry taken before the room: room to ENTITY_AVAILABLE  93 accesses (bound 1628)
    E5 64 SHUTDOWNs, expiry taken after the room: room to ENTITY_AVAILABLE  99 accesses (bound 1628)
    == ctrl ADP slice (fake ports and host model): checks: 26   failures: 0 ==
    RESULT: PASS
    verdict: PASS (26 tests, 0 failures, exit 0)
[ok] arm unit
    == ctrl units on the HAL and port-layer mocks: checks: 24   failures: 0 ==
    RESULT: PASS
    verdict: PASS (24 tests, 0 failures, exit 0)
    == ctrl MMIO platform (host window): checks: 2   failures: 0 ==
    RESULT: PASS
    verdict: PASS (2 tests, 0 failures, exit 0)
[ok] arm walk
    walked 36 cells of the processor's ADV table (N 10, I 16, S 4, C 6); 9 draw-in-flight cells not applicable
    == ctrl ADP walk (processor stimulus, host model): checks: 41   failures: 0 ==
    RESULT: PASS
    verdict: PASS (41 tests, 0 failures, exit 0)
[ok] arm acmp
    C0 BIND_RX -> response, PROBE_TX, TMR_NO_RESP, talker admitted, interface 0   76 accesses (bound 76)
    C1 GET_RX_STATE -> response, interface 0                                   47 accesses (bound 47)
    C2 PROBE_TX_RESPONSE -> TMR_NO_TK armed, interface 0                       28 accesses (bound 28)
    C3 UNBIND_RX -> response, timer stopped, talker withdrawn, interface 0     49 accesses (bound 49)
    C4 talker command -> response, interface 0                                 47 accesses (bound 47)
    C4 talker command -> response, interface 0                                 47 accesses (bound 47)
    C4 talker command -> response, interface 0                                 47 accesses (bound 47)
    C4 talker command -> response, interface 0                                 47 accesses (bound 47)
    C2 PROBE_TX_RESPONSE (failed) -> TMR_RETRY armed, interface 0              28 accesses (bound 28)
    C5 TMR_NO_RESP -> duplicate PROBE_TX, TMR_NO_RESP, interface 0             35 accesses (bound 35)
    C6 TMR_NO_RESP -> TMR_RETRY armed, interface 0                             12 accesses (bound 13)
    C7 TMR_RETRY -> TMR_DELAY armed, interface 0                               13 accesses (bound 13)
    C8 TMR_DELAY -> PROBE_TX, TMR_NO_RESP, interface 0                         35 accesses (bound 35)
    C9 TMR_NO_TK -> TMR_DELAY armed, interface 0                               12 accesses (bound 13)
    C10 ENTITY_AVAILABLE from its RX_HEAD -> TMR_DELAY armed (H-DISC), interface 0   35 accesses (bound 35)
    C11 ENTITY_DEPARTING from its RX_HEAD -> timer stopped (H-DISC), interface 0   29 accesses (bound 30)
    C12 TMR_NO_ADP -> TK_NOT_DISCOVERED, timer re-armed (H-DISC), interface 0   12 accesses (bound 12)
    E2 0 owed ahead: room to response                                          25 accesses (bound 9108)
    E2 3 owed ahead: room to response                                         100 accesses (bound 9108)
    E2 7 owed ahead: room to response                                         200 accesses (bound 9108)
    backlog: 16 event records, 12 acmp records of 70 bytes; worst pass 193 accesses
    F3 the worst pass of the backlog                                          193 accesses (bound 1012)
    adp backlog: 26 records through the filter, the ENTITY_AVAILABLE served in pass 13
    F5 ENTITY_AVAILABLE behind a full adp ring, from its RX_HEAD (H-DISC)     333 accesses (bound 22264)
    three-way backlog: 15 event records, 12 acmp and 7 maap records; worst pass 231 accesses
    F6 the worst pass of the three-way backlog                                231 accesses (bound 1580)
    == ctrl ACMP core and adapter (fake ports and host model): checks: 84   failures: 0 ==
    RESULT: PASS
    verdict: PASS (84 tests, 0 failures, exit 0)
[ok] arm acmpwalk
    == ctrl ACMP walk (processor stimulus and models): checks: 127   failures: 0 ==
    RESULT: PASS
    verdict: PASS (127 tests, 0 failures, exit 0)
[ok] arm acmpnvm
    == ctrl ACMP bindings on the saved-state store (1x1 shape): checks: 7   failures: 0 ==
    RESULT: PASS
    verdict: PASS (7 tests, 0 failures, exit 0)
[ok] arm acmpif2
    C0 BIND_RX -> response, PROBE_TX, TMR_NO_RESP, talker admitted, interface 0   76 accesses (bound 76)
    C1 GET_RX_STATE -> response, interface 0                                   47 accesses (bound 47)
    C2 PROBE_TX_RESPONSE -> TMR_NO_TK armed, interface 0                       28 accesses (bound 28)
    C3 UNBIND_RX -> response, timer stopped, talker withdrawn, interface 0     49 accesses (bound 49)
    C4 talker command -> response, interface 0                                 47 accesses (bound 47)
    C4 talker command -> response, interface 0                                 47 accesses (bound 47)
    C4 talker command -> response, interface 0                                 47 accesses (bound 47)
    C4 talker command -> response, interface 0                                 47 accesses (bound 47)
    C2 PROBE_TX_RESPONSE (failed) -> TMR_RETRY armed, interface 0              28 accesses (bound 28)
    C0 BIND_RX -> response, PROBE_TX, TMR_NO_RESP, talker admitted, interface 1   76 accesses (bound 76)
    C1 GET_RX_STATE -> response, interface 1                                   47 accesses (bound 47)
    C2 PROBE_TX_RESPONSE -> TMR_NO_TK armed, interface 1                       28 accesses (bound 28)
    C3 UNBIND_RX -> response, timer stopped, talker withdrawn, interface 1     49 accesses (bound 49)
    C4 talker command -> response, interface 1                                 47 accesses (bound 47)
    C4 talker command -> response, interface 1                                 47 accesses (bound 47)
    C4 talker command -> response, interface 1                                 47 accesses (bound 47)
    C4 talker command -> response, interface 1                                 47 accesses (bound 47)
    C2 PROBE_TX_RESPONSE (failed) -> TMR_RETRY armed, interface 1              28 accesses (bound 28)
    C5 TMR_NO_RESP -> duplicate PROBE_TX, TMR_NO_RESP, interface 0             35 accesses (bound 35)
    C6 TMR_NO_RESP -> TMR_RETRY armed, interface 0                             12 accesses (bound 13)
    C7 TMR_RETRY -> TMR_DELAY armed, interface 0                               13 accesses (bound 13)
    C8 TMR_DELAY -> PROBE_TX, TMR_NO_RESP, interface 0                         35 accesses (bound 35)
    C9 TMR_NO_TK -> TMR_DELAY armed, interface 0                               12 accesses (bound 13)
    C5 TMR_NO_RESP -> duplicate PROBE_TX, TMR_NO_RESP, interface 1             35 accesses (bound 35)
    C6 TMR_NO_RESP -> TMR_RETRY armed, interface 1                             12 accesses (bound 13)
    C7 TMR_RETRY -> TMR_DELAY armed, interface 1                               13 accesses (bound 13)
    C8 TMR_DELAY -> PROBE_TX, TMR_NO_RESP, interface 1                         35 accesses (bound 35)
    C9 TMR_NO_TK -> TMR_DELAY armed, interface 1                               12 accesses (bound 13)
    C10 ENTITY_AVAILABLE from its RX_HEAD -> TMR_DELAY armed (H-DISC), interface 0   35 accesses (bound 35)
    C11 ENTITY_DEPARTING from its RX_HEAD -> timer stopped (H-DISC), interface 0   29 accesses (bound 30)
    C10 ENTITY_AVAILABLE from its RX_HEAD -> TMR_DELAY armed (H-DISC), interface 1   35 accesses (bound 35)
    C11 ENTITY_DEPARTING from its RX_HEAD -> timer stopped (H-DISC), interface 1   29 accesses (bound 30)
    C12 TMR_NO_ADP -> TK_NOT_DISCOVERED, timer re-armed (H-DISC), interface 0   12 accesses (bound 12)
    C12 TMR_NO_ADP -> TK_NOT_DISCOVERED, timer re-armed (H-DISC), interface 1   12 accesses (bound 12)
    E2 0 owed ahead: room to response                                          25 accesses (bound 9387)
    E2 3 owed ahead: room to response                                         100 accesses (bound 9387)
    E2 7 owed ahead: room to response                                         200 accesses (bound 9387)
    backlog: 16 event records, 12 acmp records of 70 bytes; worst pass 195 accesses
    F3 the worst pass of the backlog                                          195 accesses (bound 1043)
    adp backlog: 26 records through the filter, the ENTITY_AVAILABLE served in pass 13
    F5 ENTITY_AVAILABLE behind a full adp ring, from its RX_HEAD (H-DISC)     333 accesses (bound 22946)
    three-way backlog: 14 event records, 12 acmp and 7 maap records; worst pass 233 accesses
    F6 the worst pass of the three-way backlog                                233 accesses (bound 1659)
    == ctrl ACMP adapter on the two-interface contract (host model): checks: 22   failures: 0 ==
    RESULT: PASS
    verdict: PASS (22 tests, 0 failures, exit 0)
[ok] arm entity
    == ctrl ADP entity fields (endstation_arty_4x4): checks: 9   failures: 0 ==
    RESULT: PASS
    verdict: PASS (9 tests, 0 failures, exit 0)
    == ctrl ADP entity fields (endstation_arty_8ch): checks: 9   failures: 0 ==
    RESULT: PASS
    verdict: PASS (9 tests, 0 failures, exit 0)
    == ctrl ADP entity fields (endstation_arty_current): checks: 9   failures: 0 ==
    RESULT: PASS
    verdict: PASS (9 tests, 0 failures, exit 0)
    == ctrl ADP entity fields (endstation_ax7101_1x1_tdm8): checks: 9   failures: 0 ==
    RESULT: PASS
    verdict: PASS (9 tests, 0 failures, exit 0)
    == ctrl ADP entity fields (endstation_ax7101_8x8): checks: 9   failures: 0 ==
    RESULT: PASS
    verdict: PASS (9 tests, 0 failures, exit 0)
[ok] arm rv32
    riscv32-linux-gcc -march=rv32i -mabi=ilp32 -ffreestanding -fno-stack-protector: 15 objects
    size (text data bss dec): 34256 0 178 34434
    largest static frame: 256 bytes (not a call-chain bound)
    undefined: __lshrdi3, __mulsi3, __udivsi3, __umodsi3, memcpy, memset, vsnprintf
    == ctrl RV32I freestanding build: checks: 1   failures: 0 ==
    RESULT: PASS
[ok] arm maap
    == ctrl MAAP Annex B: checks: 37   failures: 0 ==
    RESULT: PASS
    verdict: PASS (37 tests, 0 failures, exit 0)
    H-MAAP timer 0: 30 accesses, 8300 ns from original deadline (model)
    H-MAAP timer 1: 30 accesses, 11300 ns from original deadline (model)
    H-MAAP timer 2: 56 accesses, 16600 ns from original deadline (model)
    H-MAAP timer 3: 30 accesses, 19900 ns from original deadline (model)
    H-MAAP DEFEND: 40 accesses, 3900 ns from RX_HEAD (model)
    H-MAAP wake interface 0: 4700 ns from RX_HEAD (model)
    == ctrl H-MAAP mailbox: checks: 12   failures: 0 ==
    RESULT: PASS
    verdict: PASS (12 tests, 0 failures, exit 0)
[ok] arm maap_debug
    == ctrl MAAP debug port contract: checks: 1   failures: 0 ==
    RESULT: PASS
    verdict: PASS (1 tests, 0 failures, exit 0)
[ok] arm maap_if2
    H-MAAP timer 0: 30 accesses, 12200 ns from original deadline (model)
    H-MAAP timer 1: 30 accesses, 15200 ns from original deadline (model)
    H-MAAP timer 2: 56 accesses, 20500 ns from original deadline (model)
    H-MAAP timer 3: 30 accesses, 23800 ns from original deadline (model)
    H-MAAP DEFEND: 40 accesses, 3900 ns from RX_HEAD (model)
    H-MAAP wake interface 0: 4700 ns from RX_HEAD (model)
    H-MAAP wake interface 1: 4700 ns from RX_HEAD (model)
    H-MAAP interface 1 stall: 5004400 ns from RX_HEAD (model)
    == ctrl H-MAAP mailbox: checks: 13   failures: 0 ==
    RESULT: PASS
    verdict: PASS (13 tests, 0 failures, exit 0)
[ok] arm reentry_debug
    == ADP debug re-entry: checks: 122   failures: 0 ==
    RESULT: PASS
    verdict: PASS (122 tests, 0 failures, exit 0)
[ok] arm reentry_release
    == ADP release re-entry: checks: 122   failures: 0 ==
    RESULT: PASS
    verdict: PASS (122 tests, 0 failures, exit 0)
[ok] mutant acmp-slots-one-short (acmp): 2 check(s) failed
    first: [FAIL] AcmpAdapterUnit.B7RefusalsOfTheAdapter: B7 the last slot range that fits is taken
[ok] mutant acmp-one-slot-for-all-interfaces (acmpif2): 20 check(s) failed
    first: [FAIL] AcmpMailbox.B3TheTimersRunOnTheInterfaceSlot: B3 TMR_NO_RESP is armed on interface 1's ACMP slot at NOW_MS + 200 (Table 5.26)
[ok] mutant acmp-expiry-to-interface-0 (acmpif2): 9 check(s) failed
    first: [FAIL] AcmpMailbox.B3TheTimersRunOnTheInterfaceSlot: B3 the duplicate leaves at 200 ms exactly, on interface 1 (5.5.3.5.16)
[ok] mutant acmp-gptp-of-interface-0 (acmpif2): 1 check(s) failed
    first: [FAIL] AcmpMailbox.B6TheGrandmasterIsTheInterfaces: B6 one from interface 1's grandmaster and domain is taken
[ok] mutant acmp-record-flag-defines-swapped (acmp): 4 check(s) failed
    first: [FAIL] AcmpCore.A24TheRecordIsTheProcessorsPayloadOneFlagAtATime: A24 bound and started: flags 0x03, then the parameters, byte for byte
[ok] mutant acmp-record-valid-bit-moved (acmp): 30 check(s) failed
    first: [FAIL] AcmpCore.A22DiscoveredStartsTheProbeFromPrbWAvail: A22 EVT_TK_DISCOVERED in PRB_W_AVAIL: TMR_DELAY 0 to 1 s, PRB_W_DELAY, ACTIVE (5.5.3.5.9)
[ok] mutant acmp-longer-record-applied (acmp): 3 check(s) failed
    first: [FAIL] AcmpCore.A24UnboundRecordsRefusalsAndRollback: A24 a payload of 21 bytes is refused, the longer ones too, before a byte is read
[ok] mutant acmp-nvm-d3-rollback-drops-bindings (acmpnvm, acmpnvm): 4 check(s) failed
    first: [FAIL] AcmpStore.N7AD3RollBackKeepsTheBindings: N7 and leaves the applied binding as the binding walk left it: bound, PRB_W_AVAIL, discovery running
[ok] mutant acmp-due-unsigned (acmp, acmp): 18 check(s) failed
    first: [FAIL] AcmpCore.A28EveryTimerExpiresAtItsDeadlineAcrossTheWrap: A28 TMR_NO_RESP: nothing at the wrap or 1 ms before its deadline
[ok] mutant acmp-earliest-unsigned (acmp): 1 check(s) failed
    first: [FAIL] AcmpCore.A28TheEarliestDeadlineIsChosenAcrossTheWrap: A28 the interface timer holds the earlier deadline, the numerically larger one before the wrap
[ok] mutant acmp-no-adp-due-unsigned (acmp): 1 check(s) failed
    first: [FAIL] AcmpCore.A28EveryTimerExpiresAtItsDeadlineAcrossTheWrap: A28 TMR_NO_ADP: nothing before its deadline
[ok] mutant acmp-no-resp-deadline-saturates (acmp): 5 check(s) failed
    first: [FAIL] AcmpCore.A28EveryTimerExpiresAtItsDeadlineAcrossTheWrap: A28 TMR_NO_RESP armed 100 ms before the wrap ends 100 ms after it
[ok] mutant acmp-retry-deadline-saturates (acmp): 2 check(s) failed
    first: [FAIL] AcmpCore.A28EveryTimerExpiresAtItsDeadlineAcrossTheWrap: A28 TMR_RETRY armed 999 ms before the wrap ends 3 s after it
[ok] mutant acmp-no-tk-deadline-saturates (acmp): 3 check(s) failed
    first: [FAIL] AcmpCore.A28EveryTimerExpiresAtItsDeadlineAcrossTheWrap: A28 TMR_NO_TK armed 4999 ms before the wrap ends 5 s after it
[ok] mutant acmp-delay-deadline-saturates (acmp): 2 check(s) failed
    first: [FAIL] AcmpCore.A28EveryTimerExpiresAtItsDeadlineAcrossTheWrap: A28 TMR_DELAY drawn at the last millisecond before the wrap ends after it
[ok] mutant acmp-no-adp-deadline-saturates (acmp): 4 check(s) failed
    first: [FAIL] AcmpCore.A28EveryTimerExpiresAtItsDeadlineAcrossTheWrap: A28 TMR_DELAY: nothing before its deadline
[ok] mutant acmp-admit-never-called (acmp, acmp, acmp): 60 check(s) failed
    first: [FAIL] AcmpCore.A23EveryPortIsGuarded: A23 the port kind 10 is guarded
[ok] mutant acmp-admit-on-every-entry (acmp, acmp): 42 check(s) failed
    first: [FAIL] AcmpCore.A7ResponsesOutsideProbingAreIgnored: A7 RCV_PROBE_TX_RESP is ignored outside PRB_W_RESP and PRB_W_RESP2 (Table 5.30 -), state 1
[ok] mutant acmp-admit-ignores-another-talker (acmp, acmp): 8 check(s) failed
    first: [FAIL] AcmpCore.A29TheAdmitPortFollowsEachSinksBoundTalker: A29 a re-bind to another talker admits it
[ok] mutant acmp-admit-on-interface-0 (acmp, acmpif2): 13 check(s) failed
    first: [FAIL] AcmpCore.A29TheAdmitPortFollowsEachSinksBoundTalker: A29 sink 2's talker on interface 1
[ok] mutant acmp-admit-port-unflagged (acmp): 1 check(s) failed
    first: [FAIL] AcmpCore.A23EveryPortIsGuarded: A23 the port kind 10 is guarded
[ok] mutant acmp-reset-forgets-the-admitted (acmp): 1 check(s) failed
    first: [FAIL] AcmpCore.A29RestoredBindingsAreAdmittedWhenTheTransportOpens: A29 a sink the store resets is withdrawn at the next open
[ok] mutant acmp-open-does-nothing (acmp, acmp): 20 check(s) failed
    first: [FAIL] AcmpCore.A23EveryEntryRefusesACallFromInsideAPort: A23 a call made from inside the send port is refused, counted and trapped, entry 9
[ok] mutant acmp-open-unguarded (acmp): 1 check(s) failed
    first: [FAIL] AcmpCore.A23EveryEntryRefusesACallFromInsideAPort: A23 a call made from inside the send port is refused, counted and trapped, entry 9
[ok] mutant app-acmp-never-opened (acmp, acmp): 16 check(s) failed
    first: [FAIL] AcmpMailbox.B5TheTapHandsAvailableToDiscoveryAndTheRestToAdp: B5 the open wrote the restored binding's talker into interface 0's bound-talker table
[ok] mutant acmp-mbx-admit-on-entry-0 (acmp): 2 check(s) failed
    first: [FAIL] AcmpMailbox.U5AcmpComesAfterAdpAndReadsNothingBeforeTheContract: U5 and writes the bound-talker entry of the binding restored between compose and open, only that one
[ok] mutant acmp-mbx-admit-always-bound (acmp, acmp): 6 check(s) failed
    first: [FAIL] AcmpMailbox.B8TheBoundTalkerTableFollowsEachBinding: B8 an UNBIND_RX clears the entry's BOUND_EN
[ok] mutant mbx-bound-unguarded (unit): 3 check(s) failed
    first: [FAIL] DriverUnit.D13BoundTalkerEntries: D13 an interface past the contract's is refused
[ok] mutant mbx-bound-entry-unguarded (unit): 2 check(s) failed
    first: [FAIL] DriverUnit.D13BoundTalkerEntries: D13 an entry past the table's is refused
[ok] mutant mbx-bound-withdraw-writes-nothing (unit, acmp): 4 check(s) failed
    first: [FAIL] DriverUnit.D13BoundTalkerEntries: D13 a withdrawn entry: BOUND_EN cleared, one write
[ok] mutant mbx-bound-enabled-before-the-identity (unit): 1 check(s) failed
    first: [FAIL] DriverUnit.D13BoundTalkerEntries: D13 BOUND_EN is cleared before the identity is written, and set after it
[ok] mutant mbx-bound-halves-swapped (unit, acmp): 17 check(s) failed
    first: [FAIL] DriverUnit.D13BoundTalkerEntries: D13 BOUND_EID_LO holds talker[31:0]
[ok] mutant mbx-bound-entry-stride-ignored (unit, acmp): 6 check(s) failed
    first: [FAIL] DriverUnit.D13BoundTalkerEntries: D13 BOUND_EN is cleared before the identity is written, and set after it
[ok] mutant model-bound-term-misses (model): 16 check(s) failed
    first: [FAIL] Suite/MbxModelGroup.PassesOnTheModel/AdpBoundTalkers: Q12 an ENTITY_AVAILABLE of a bound talker reaches the adp ring
[ok] mutant model-bound-enable-ignored (model): 4 check(s) failed
    first: [FAIL] Suite/MbxModelGroup.PassesOnTheModel/AdpFilter: F2 ENTITY_DISCOVER for another entity, and AVAILABLE or DEPARTING, are not passed
[ok] mutant model-bound-low-word-only (model): 4 check(s) failed
    first: [FAIL] Suite/MbxModelGroup.PassesOnTheModel/AdpBoundTalkers: Q12 an entity_id differing from the entry in [63:32] only: no RX record, no delivery
[ok] mutant model-bound-table-of-interface-0 (model): 1 check(s) failed
    first: [FAIL] Suite/MbxModelGroup.PassesOnTheModel/AdpBoundTalkers: Q13 on another interface, or an index with no interface, it reaches no ring and counts nothing
[ok] mutant model-bound-term-any-type (model): 1 check(s) failed
    first: [FAIL] Suite/MbxModelGroup.PassesOnTheModel/AdpBoundTalkers: Q12 no other message_type of a bound talker passes on its entity_id, ENTITY_DISCOVER included
[ok] mutant model-bound-entry-decoded-as-0 (model): 3 check(s) failed
    first: [FAIL] Suite/MbxModelGroup.PassesOnTheModel/ResetIdentityAndRegisterMasks: R1 each bound-talker entry keeps BOUND_EID's every bit and BOUND_EN's EN only, per interface and entry
[ok] mutant model-bound-en-reads-the-eid (model): 1 check(s) failed
    first: [FAIL] Suite/MbxModelGroup.PassesOnTheModel/ResetIdentityAndRegisterMasks: R1 each bound-talker entry keeps BOUND_EID's every bit and BOUND_EN's EN only, per interface and entry
[ok] mutant app-maap-slots-overlap-acmp (acmp): 3 check(s) failed
    first: [FAIL] AcmpMailbox.U6AdpAcmpAndMaapShareTheLoopOnDisjointSlotsWithEveryChannelOpen: U6 every interface's ADP, ACMP and MAAP slots are distinct and inside the timer bank
[ok] mutant app-maap-slots-overlap-adp (maap, acmp): 3 check(s) failed
    first: [FAIL] MaapHost.ExplicitAppComposition: protocol timer slots disjoint
[ok] mutant app-maap-attached-after-open (acmp, maap): 11 check(s) failed
    first: [FAIL] AcmpMailbox.F6WithMaapComposedEveryPassStaysWithinTheThreeWayBound: F6 events, acmp and maap records wait
[ok] mutant app-maap-before-acmp (acmp, acmp): 4 check(s) failed
    first: [FAIL] AcmpMailbox.U6AdpAcmpAndMaapShareTheLoopOnDisjointSlotsWithEveryChannelOpen: U6 ADP, then ACMP, then MAAP attach, each with its sink and its poll
[ok] mutant app-maap-started-in-compose (acmp): 4 check(s) failed
    first: [FAIL] AcmpMailbox.F6WithMaapComposedEveryPassStaysWithinTheThreeWayBound: F6 events, acmp and maap records wait
[ok] mutant app-maap-never-started (acmp, maap): 11 check(s) failed
    first: [FAIL] AcmpMailbox.F6WithMaapComposedEveryPassStaysWithinTheThreeWayBound: F6 events, acmp and maap records wait
[ok] mutant app-maap-channel-unbound (acmp, acmp): 8 check(s) failed
    first: [FAIL] AcmpMailbox.F6WithMaapComposedEveryPassStaysWithinTheThreeWayBound: F6 events, acmp and maap records wait
[ok] mutant app-maap-preferred-unchecked (acmp, maap): 6 check(s) failed
    first: [FAIL] AcmpMailbox.U7TheThreeWayCompositionRefusesWithNothingOpened: U7 a preferred range below the B.4 pool is refused
[ok] mutant app-maap-last-range-refused (acmp): 1 check(s) failed
    first: [FAIL] AcmpMailbox.U7TheThreeWayCompositionRefusesWithNothingOpened: U7 the pool's last range is not
[ok] mutant app-maap-range-past-the-pool (acmp): 2 check(s) failed
    first: [FAIL] AcmpMailbox.U7TheThreeWayCompositionRefusesWithNothingOpened: U7 one that runs past the pool's end is refused
[ok] mutant app-maap-refusal-ignored (acmp): 1 check(s) failed
    first: [FAIL] AcmpMailbox.U7TheThreeWayCompositionRefusesWithNothingOpened: U7 MAAP for an entity with no talker source is refused
[ok] mutant app-acmp-refusal-ignored (acmp, acmp): 8 check(s) failed
    first: [FAIL] AcmpMailbox.U5AcmpComesAfterAdpAndReadsNothingBeforeTheContract: U5 an ACMP configuration the module refuses fails the composition
[ok] mutant app-maap-entry-takes-no-port (acmp, maap): 3 check(s) failed
    first: [FAIL] AcmpMailbox.U7TheThreeWayCompositionRefusesWithNothingOpened: U7 the explicit MAAP entry refuses a missing stream-address port
[ok] mutant app-maap-entry-drops-preferred (maap): 7 check(s) failed
    first: [FAIL] MaapHost.ExplicitAppComposition: Expected: false
[ok] mutant app-three-way-pass-overrun (acmp): 1 check(s) failed
    first: [FAIL] AcmpMailbox.F6WithMaapComposedEveryPassStaysWithinTheThreeWayBound: F6 the worst pass of the three-way backlog
[ok] mutant app-maap-mac-per-interface (acmpif2): 1 check(s) failed
    first: [FAIL] AcmpMailbox.U6AdpAcmpAndMaapShareTheLoopOnDisjointSlotsWithEveryChannelOpen: U6 MAAP sends from its own unicast MAC, where a DEFEND is admitted, interface 1
[ok] mutant app-own-mac-per-interface (acmpif2): 1 check(s) failed
    first: [FAIL] AcmpMailbox.U6AdpAcmpAndMaapShareTheLoopOnDisjointSlotsWithEveryChannelOpen: U6 MAAP sends from its own unicast MAC, where a DEFEND is admitted, interface 1
[ok] mutant app-three-way-bound-drops-maap (acmp, acmpif2): 2 check(s) failed
    first: [FAIL] AcmpMailbox.F6WithMaapComposedEveryPassStaysWithinTheThreeWayBound: F6 the three-way bound is both modules' passes with each event record taken once
[ok] mutant app-three-way-bound-one-maap-poll (acmpif2): 1 check(s) failed
    first: [FAIL] AcmpMailbox.F6WithMaapComposedEveryPassStaysWithinTheThreeWayBound: F6 the three-way bound is both modules' passes with each event record taken once
[ok] mutant maap-down-start-keeps-owner (maap): 1 check(s) failed
    first: [FAIL] MaapCore.ReleaseLossAndRetry: starting down withdraws the prior owner
[ok] mutant maap-initial-send-absent (maap): 20 check(s) failed
    first: [FAIL] MaapCore.InitialAndThreeRetransmissions: initial PROBE is immediate
[ok] mutant maap-retransmit-count (maap): 27 check(s) failed
    first: [FAIL] MaapCore.InitialAndThreeRetransmissions: three retransmissions remain
[ok] mutant maap-probe-count-not-decremented (maap): 10079 check(s) failed
    first: [FAIL] MaapCore.InitialAndThreeRetransmissions: retransmission decrements once
[ok] mutant maap-wire-version (maap): 13 check(s) failed
    first: [FAIL] MaapCore.InitialAndThreeRetransmissions: B.2 complete PROBE bytes
[ok] mutant maap-wire-length (maap): 17 check(s) failed
    first: [FAIL] MaapCore.InitialAndThreeRetransmissions: B.2 complete PROBE bytes
[ok] mutant maap-wire-source (maap): 13 check(s) failed
    first: [FAIL] MaapCore.InitialAndThreeRetransmissions: B.2 complete PROBE bytes
[ok] mutant maap-wire-padding (maap): 13 check(s) failed
    first: [FAIL] MaapCore.InitialAndThreeRetransmissions: B.2 complete PROBE bytes
[ok] mutant maap-constant-probe_base (maap): 4 check(s) failed
    first: [FAIL] MaapCore.ConstantsStrictTimersAndSeed:     Which is: 500
[ok] mutant maap-constant-probe_variation (maap): 3 check(s) failed
    first: [FAIL] MaapCore.ConstantsStrictTimersAndSeed:     Which is: 100
[ok] mutant maap-constant-announce_base (maap): 3 check(s) failed
    first: [FAIL] MaapCore.ConstantsStrictTimersAndSeed:     Which is: 30000
[ok] mutant maap-constant-announce_variation (maap): 2 check(s) failed
    first: [FAIL] MaapCore.ConstantsStrictTimersAndSeed:     Which is: 2000
[ok] mutant maap-seed-clock-ignored (maap): 6 check(s) failed
    first: [FAIL] MaapCore.ConstantsStrictTimersAndSeed:     Which is: 511
[ok] mutant maap-zero-seed-sticks (maap): 1 check(s) failed
    first: [FAIL] MaapCore.ConstantsStrictTimersAndSeed: zero sum cannot lock generator
[ok] mutant maap-biased-random-bucket (maap): 2 check(s) failed
    first: [FAIL] MaapCore.UniformDrawRejectsIncompleteBucket: incomplete random bucket rejected
[ok] mutant maap-numeric-mac-priority (maap): 29 check(s) failed
    first: [FAIL] MaapCore.ReverseOctetPriority: least significant octet decides first
[ok] mutant maap-defend-multicast (maap): 8 check(s) failed
    first: [FAIL] MaapCore.DefendEchoAndIntersection: echo request and exact intersection
[ok] mutant maap-defend-echo-own-range (maap): 4 check(s) failed
    first: [FAIL] MaapCore.DefendEchoAndIntersection: echo request and exact intersection
[ok] mutant maap-intersection-too-long (maap): 4 check(s) failed
    first: [FAIL] MaapCore.DefendEchoAndIntersection: echo request and exact intersection
[ok] mutant maap-adjacent-overlaps (maap): 2 check(s) failed
    first: [FAIL] MaapCore.DisjointAdjacentZeroAndDefendRange: half open intervals and zero count do not conflict
[ok] mutant maap-zero-count-conflicts (maap): 1 check(s) failed
    first: [FAIL] MaapCore.DisjointAdjacentZeroAndDefendRange: half open intervals and zero count do not conflict
[ok] mutant maap-defend-checks-request (maap): 1 check(s) failed
    first: [FAIL] MaapCore.DisjointAdjacentZeroAndDefendRange: DEFEND tests conflict fields
[ok] mutant maap-malformed-ethertype (maap): 2 check(s) failed
    first: [FAIL] MaapCore.MalformedAndVersionCompatibility: malformed input is rejected
[ok] mutant maap-malformed-subtype (maap): 2 check(s) failed
    first: [FAIL] MaapCore.MalformedAndVersionCompatibility: malformed input is rejected
[ok] mutant maap-malformed-version (maap): 2 check(s) failed
    first: [FAIL] MaapCore.MalformedAndVersionCompatibility: malformed input is rejected
[ok] mutant maap-malformed-reserved-zero (maap): 2 check(s) failed
    first: [FAIL] MaapCore.MalformedAndVersionCompatibility: malformed input is rejected
[ok] mutant maap-malformed-reserved-high (maap): 2 check(s) failed
    first: [FAIL] MaapCore.MalformedAndVersionCompatibility: malformed input is rejected
[ok] mutant maap-malformed-cdl-short (maap): 2 check(s) failed
    first: [FAIL] MaapCore.MalformedAndVersionCompatibility: malformed input is rejected
[ok] mutant maap-malformed-cdl-truncated (maap): 2 check(s) failed
    first: [FAIL] MaapCore.MalformedAndVersionCompatibility: malformed input is rejected
[ok] mutant maap-malformed-cdl-current (maap): 2 check(s) failed
    first: [FAIL] MaapCore.MalformedAndVersionCompatibility: malformed input is rejected
[ok] mutant maap-malformed-source-zero (maap): 2 check(s) failed
    first: [FAIL] MaapCore.MalformedAndVersionCompatibility: malformed input is rejected
[ok] mutant maap-malformed-source-group (maap): 2 check(s) failed
    first: [FAIL] MaapCore.MalformedAndVersionCompatibility: malformed input is rejected
[ok] mutant maap-malformed-destination (maap): 2 check(s) failed
    first: [FAIL] MaapCore.MalformedAndVersionCompatibility: malformed input is rejected
[ok] mutant maap-malformed-own-probe (maap): 2 check(s) failed
    first: [FAIL] MaapCore.MalformedAndVersionCompatibility: malformed input is rejected
[ok] mutant maap-valid-minimum-refused (maap): 4 check(s) failed
    first: [FAIL] MaapCore.MalformedAndVersionCompatibility: B.2.3 recognized future and older messages
[ok] mutant maap-future-version-refused (maap): 3 check(s) failed
    first: [FAIL] MaapCore.MalformedAndVersionCompatibility: B.2.3 recognized future and older messages
[ok] mutant maap-range-end-off-by-one (maap): 2 check(s) failed
    first: [FAIL] MaapCore.InitAndPreferredRangeBounds: Expected: false
[ok] mutant maap-port-up-keeps-claim (maap): 9 check(s) failed
    first: [FAIL] MaapCore.ReleaseLossAndRetry: PortOperational invalidates acquired address
[ok] mutant maap-release-keeps-enable (maap): 2 check(s) failed
    first: [FAIL] MaapCore.ReleaseLossAndRetry: Expected: false
[ok] mutant maap-expiry-forgotten-on-stall (maap): 7 check(s) failed
    first: [FAIL] MaapCore.StalledOutputRetainsOrderAndOriginalExpiry: Expected: true
[ok] mutant maap-allocation-before-commit (maap): 1 check(s) failed
    first: [FAIL] MaapCore.StalledOutputRetainsOrderAndOriginalExpiry: allocation waits for committed ANNOUNCE
[ok] mutant maap-probe-announce-reordered (maap): 2 check(s) failed
    first: [FAIL] MaapCore.InitialAndThreeRetransmissions:     Which is: { '\x91' (145), '\xE0' (224), '\xF0' (240), '\0', '\xFF' (255), '\0', '\x2' (2), '\0', '\0', '\0', '\0', '\x80' (128), '"' (34, 0x22), '\xF0' (240), '\xFE' (254), '\x1' (1), '\b' (8), '\x10' (16), '\0', '\0', '\0', '\0', '\0', '\0', '\0', '\0', '\x91' (145), '\xE0' (224), '\xF0' (240), '\0', '\x1' (1), '\0', ... }
[ok] mutant maap-overflow-uncounted (maap): 1 check(s) failed
    first: [FAIL] MaapCore.QueueBoundAndWithdrawal: overload is counted as failure
[ok] mutant maap-poll-unbounded (maap): 2 check(s) failed
    first: [FAIL] MaapCore.QueueBoundAndWithdrawal: Expected: true
[ok] mutant maap-release-leaves-output (maap): 2 check(s) failed
    first: [FAIL] MaapCore.QueueBoundAndWithdrawal:     Which is: 0
[ok] mutant maap-reentry-not-counted (maap): 1 check(s) failed
    first: [FAIL] MaapCore.ReentrantPortsAreCountedAndIgnored: all input guards fire
[ok] mutant maap-debug-no-assert (maap_debug): 1 check(s) failed
    first: [FAIL] MaapDebug.SynchronousExpiryAsserts: debug reentry assertion
[ok] mutant maap-stream-index-missing (maap): 7 check(s) failed
    first: [FAIL] MaapCsr.EveryStreamAddressAndLossGate: stream destination base plus index
[ok] mutant maap-selection-not-restored (maap): 1 check(s) failed
    first: [FAIL] MaapCsr.EveryStreamAddressAndLossGate: selection restored
[ok] mutant maap-fabric-owner-kept (maap): 1 check(s) failed
    first: [FAIL] MaapCsr.EveryStreamAddressAndLossGate: fabric MAAP disabled without touching seed
[ok] mutant maap-loss-keeps-crf (maap): 24 check(s) failed
    first: [FAIL] MaapCsr.EveryStreamAddressAndLossGate:     Which is: 2
[ok] mutant maap-count-mismatch-accepted (maap): 2 check(s) failed
    first: [FAIL] MaapCsr.ShapesAndCountRefusal:     Which is: 1
[ok] mutant maap-crf-index-wrong (maap): 3 check(s) failed
    first: [FAIL] MaapCsr.EveryStreamAddressAndLossGate:     Which is: 4026532104
[ok] mutant maap-timer-tag-ignored (maap): 2 check(s) failed
    first: [FAIL] MaapHost.StaleTagsForeignInputsAndLinkEdges: old timer tag ignored
[ok] mutant maap-foreign-not-counted (maap): 1 check(s) failed
    first: [FAIL] MaapHost.StaleTagsForeignInputsAndLinkEdges:     Which is: 2
[ok] mutant maap-half-attach (maap): 2 check(s) failed
    first: [FAIL] MaapHost.AttachRefusalsAndTimerWrap: Expected: false
[ok] mutant maap-interface-zero (maap_if2): 5 check(s) failed
    first: [FAIL] MaapHost.InterfaceIsolationAndRangeEnvelope: record index selects state
[ok] mutant maap-no-range-filter (maap): 10 check(s) failed
    first: [FAIL] MaapHost.HMaapConflictLossAndRetry: Expected: true
[ok] mutant maap-filter-destination-ignored (maap): 8 check(s) failed
    first: [FAIL] MaapHost.HMaapFilterTupleAndRate: Expected: false
[ok] mutant maap-late-service (maap): 56 check(s) failed
    first: [FAIL] MaapHost.HMaapTimerCommitsAndIntervals: H-MAAP original timer deadline to TX_HEAD within 10 ms
[ok] mutant maap-stall-unqueued (maap): 18 check(s) failed
    first: [FAIL] MaapCore.StalledOutputRetainsOrderAndOriginalExpiry:     Which is: 1
[ok] mutant maap-app-channel-closed (maap): 11 check(s) failed
    first: [FAIL] MaapHost.HMaapConflictLossAndRetry: Expected: true
[ok] mutant maap-callback-work-overrun (maap): 18 check(s) failed
    first: [FAIL] MaapHost.CallbackWorkAndEveryOutputCount: callback work bound
[ok] mutant maap-ignored-input-late (maap): 13 check(s) failed
    first: [FAIL] MaapHost.HMaapConflictLossAndRetry: H-MAAP RX_HEAD to DEFEND TX_HEAD within 10 ms
[ok] mutant maap-table-b7-0 (maap): 3 check(s) failed
    first: [FAIL] AllStates/MaapCell.TableB7/0: Table B.7 output count
[ok] mutant maap-table-b7-1 (maap): 3 check(s) failed
    first: [FAIL] AllStates/MaapCell.TableB7/1: Table B.7 output count
[ok] mutant maap-table-b7-2 (maap): 3 check(s) failed
    first: [FAIL] AllStates/MaapCell.TableB7/2: Table B.7 output count
[ok] mutant maap-table-b7-3 (maap): 3 check(s) failed
    first: [FAIL] AllStates/MaapCell.TableB7/3: Table B.7 output count
[ok] mutant maap-table-b7-4 (maap): 3 check(s) failed
    first: [FAIL] AllStates/MaapCell.TableB7/4: Table B.7 output count
[ok] mutant maap-table-b7-5 (maap): 3 check(s) failed
    first: [FAIL] AllStates/MaapCell.TableB7/5: Table B.7 output count
[ok] mutant maap-table-b7-6 (maap): 5 check(s) failed
    first: [FAIL] MaapCore.MalformedAndVersionCompatibility: malformed input is rejected
[ok] mutant maap-table-b7-7 (maap): 6 check(s) failed
    first: [FAIL] MaapCore.MalformedAndVersionCompatibility: malformed input is rejected
[ok] mutant maap-table-b7-8 (maap): 9 check(s) failed
    first: [FAIL] MaapCore.MalformedAndVersionCompatibility: B.2.3 recognized future and older messages
[ok] mutant maap-table-b7-9 (maap): 2 check(s) failed
    first: [FAIL] AllStates/MaapCell.TableB7/9: Table B.7 output count
[ok] mutant maap-table-b7-10 (maap): 2 check(s) failed
    first: [FAIL] AllStates/MaapCell.TableB7/10: Table B.7 conflict decision
[ok] mutant maap-table-b7-11 (maap): 2 check(s) failed
    first: [FAIL] AllStates/MaapCell.TableB7/11: Table B.7 conflict decision
[ok] mutant maap-table-b7-12 (maap): 15 check(s) failed
    first: [FAIL] MaapCore.DefendEchoAndIntersection: echo request and exact intersection
[ok] mutant maap-table-b7-13 (maap): 13 check(s) failed
    first: [FAIL] MaapCore.DisjointAdjacentZeroAndDefendRange: DEFEND conflict wins over echoed request
[ok] mutant maap-table-b7-14 (maap): 10 check(s) failed
    first: [FAIL] MaapCore.RestartDrawsNewRange:     Which is: 1
[ok] mutant maap-table-b7-15 (maap): 2 check(s) failed
    first: [FAIL] AllStates/MaapCell.TableB7/15: Table B.7 output count
[ok] mutant maap-table-b7-16 (maap): 3 check(s) failed
    first: [FAIL] AllStates/MaapCell.TableB7/16: Table B.7 output count
[ok] mutant maap-table-b7-17 (maap): 3 check(s) failed
    first: [FAIL] AllStates/MaapCell.TableB7/17: Table B.7 output count
[ok] mutant maap-allocation-seam-disconnected (maap): 10030 check(s) failed
    first: [FAIL] MaapCore.InitialAndThreeRetransmissions: Expected: true
[ok] mutant maap-app-missing-rx-interrupt (maap): 4 check(s) failed
    first: [FAIL] MaapHost.AppWaitWakesForMaapWithinBudget: MAAP wake preserves ADP and event interrupts
[ok] mutant maap-begin-down-forgets-range (maap): 3 check(s) failed
    first: [FAIL] MaapCore.BeginBeforePortOperationalRetainsRange: Begin supplied range survives port down
[ok] mutant maap-restart-reuses-range (maap): 4 check(s) failed
    first: [FAIL] MaapCore.RestartDrawsNewRange: fixed seed Restart draws a new range
[ok] mutant maap-reverse-five-octets (maap): 1 check(s) failed
    first: [FAIL] MaapCore.PriorityAfterTiedOctets: every reversed octet decides, including first: 0
[ok] mutant maap-compare-mac-lsb-only (maap): 5 check(s) failed
    first: [FAIL] MaapCore.PriorityAfterTiedOctets: every reversed octet decides, including first: 0
[ok] mutant maap-csr-select-listener (maap): 7 check(s) failed
    first: [FAIL] MaapCsr.EveryStreamAddressAndLossGate: stream destination base plus index
[ok] mutant maap-csr-enable-before-programming (maap): 23 check(s) failed
    first: [FAIL] MaapCsr.AdmissionAfterEveryDestinationWrite: enables follow every destination word
[ok] mutant maap-poll-first-interface-only (maap_if2): 2 check(s) failed
    first: [FAIL] MaapHost.InterfaceOneStallDrainsWithinBudget: interface 1 poll drains deferred output
[ok] mutant maap-generic-initial-handles-conflict (maap): 12 check(s) failed
    first: [FAIL] AllStates/MaapCell.TableB7/0: Table B.7 conflict decision
[ok] mutant maap-generic-probe-state-defends (maap): 32 check(s) failed
    first: [FAIL] MaapCore.ReverseOctetPriority: least significant octet decides first
[ok] mutant maap-generic-probe-defend-uses-priority (maap): 4 check(s) failed
    first: [FAIL] AllStates/MaapCell.TableB7/10: Table B.7 conflict decision
[ok] mutant maap-generic-equal-mac-wins (maap): 1 check(s) failed
    first: [FAIL] MaapCore.ReverseOctetPriority: equal MAC is not lower
[ok] mutant r2-saved-range-never-consumed (maap): 1 check(s) failed
    first: [FAIL] MaapCore.LinkBounceDrawsAfterSuppliedRange: link bounce draws after consuming supplied range
mutants: 155 of 155 caught (slice 3 of 3 of 469)
test_ctrl_firmware: PASS
