
[MAP] the dynamic AUDIO_MAP command path and its projection
  [i]    3 descriptor burst(s) served from the 7512-byte generated image

[LAW] T30's INTERNAL law once the aligner reports settled, on fresh streams at 18 feed phases against the grid
  [i]    LAW: waited 4014 media ticks for the settled report (2048 running inside +/-32 cycles; the ceiling is 32768)
  [i]    T30 INTERNAL LAW +2018: over 137 steady PDU ends the first pop after the end is taken +7..+10 cycles from it and the pop nearest the boundary +7..+10 (walk 3); the least clearance is 6 cycles, at PDU 2 (offset +7), against the 8-cycle ambiguity window: margin -2
  [NOT GRADABLE] T30 INTERNAL LAW +2018: PDU 2's end has a pop taken +7 cycles from it, inside the 8-cycle ambiguity window; the law is neither passed nor failed here
  [FAIL] T30 INTERNAL LAW +2018: gradable, every PDU end clear of a pop by more than the ambiguity window
  [i]    T30 INTERNAL LAW +2018: 888 media ticks in the phase, 0 of them outside the settle band
  [i]    T30 INTERNAL LAW +2019: over 137 steady PDU ends the first pop after the end is taken +7..+9 cycles from it and the pop nearest the boundary +7..+9 (walk 2); the least clearance is 6 cycles, at PDU 2 (offset +7), against the 8-cycle ambiguity window: margin -2
  [NOT GRADABLE] T30 INTERNAL LAW +2019: PDU 2's end has a pop taken +7 cycles from it, inside the 8-cycle ambiguity window; the law is neither passed nor failed here
  [FAIL] T30 INTERNAL LAW +2019: gradable, every PDU end clear of a pop by more than the ambiguity window
  [i]    T30 INTERNAL LAW +2019: 889 media ticks in the phase, 0 of them outside the settle band
  [i]    T30 INTERNAL LAW +2020: over 137 steady PDU ends the first pop after the end is taken +5..+8 cycles from it and the pop nearest the boundary +5..+8 (walk 3); the least clearance is 4 cycles, at PDU 8 (offset +5), against the 8-cycle ambiguity window: margin -4
  [NOT GRADABLE] T30 INTERNAL LAW +2020: PDU 8's end has a pop taken +5 cycles from it, inside the 8-cycle ambiguity window; the law is neither passed nor failed here
  [FAIL] T30 INTERNAL LAW +2020: gradable, every PDU end clear of a pop by more than the ambiguity window
  [i]    T30 INTERNAL LAW +2020: 889 media ticks in the phase, 0 of them outside the settle band
  [i]    T30 INTERNAL LAW +2021: over 137 steady PDU ends the first pop after the end is taken +4..+6 cycles from it and the pop nearest the boundary +4..+6 (walk 2); the least clearance is 3 cycles, at PDU 2 (offset +4), against the 8-cycle ambiguity window: margin -5
  [NOT GRADABLE] T30 INTERNAL LAW +2021: PDU 2's end has a pop taken +4 cycles from it, inside the 8-cycle ambiguity window; the law is neither passed nor failed here
  [FAIL] T30 INTERNAL LAW +2021: gradable, every PDU end clear of a pop by more than the ambiguity window
  [i]    T30 INTERNAL LAW +2021: 889 media ticks in the phase, 0 of them outside the settle band
  [i]    T30 INTERNAL LAW +2022: over 137 steady PDU ends the first pop after the end is taken +3..+5 cycles from it and the pop nearest the boundary +3..+5 (walk 2); the least clearance is 2 cycles, at PDU 8 (offset +3), against the 8-cycle ambiguity window: margin -6
  [NOT GRADABLE] T30 INTERNAL LAW +2022: PDU 8's end has a pop taken +3 cycles from it, inside the 8-cycle ambiguity window; the law is neither passed nor failed here
  [FAIL] T30 INTERNAL LAW +2022: gradable, every PDU end clear of a pop by more than the ambiguity window
  [i]    T30 INTERNAL LAW +2022: 889 media ticks in the phase, 0 of them outside the settle band
  [i]    T30 INTERNAL LAW +2023: over 137 steady PDU ends the first pop after the end is taken +3..+5 cycles from it and the pop nearest the boundary +3..+5 (walk 2); the least clearance is 2 cycles, at PDU 2 (offset +3), against the 8-cycle ambiguity window: margin -6
  [NOT GRADABLE] T30 INTERNAL LAW +2023: PDU 2's end has a pop taken +3 cycles from it, inside the 8-cycle ambiguity window; the law is neither passed nor failed here
  [FAIL] T30 INTERNAL LAW +2023: gradable, every PDU end clear of a pop by more than the ambiguity window
  [i]    T30 INTERNAL LAW +2023: 889 media ticks in the phase, 0 of them outside the settle band
  [i]    T30 INTERNAL LAW +2024: over 137 steady PDU ends the first pop after the end is taken +1..+3 cycles from it and the pop nearest the boundary +1..+3 (walk 2); the least clearance is 0 cycles, at PDU 2 (offset +1), against the 8-cycle ambiguity window: margin -8
  [NOT GRADABLE] T30 INTERNAL LAW +2024: PDU 2's end has a pop taken +1 cycles from it, inside the 8-cycle ambiguity window; the law is neither passed nor failed here
  [FAIL] T30 INTERNAL LAW +2024: gradable, every PDU end clear of a pop by more than the ambiguity window
  [i]    T30 INTERNAL LAW +2024: 889 media ticks in the phase, 0 of them outside the settle band
  [i]    T30 INTERNAL LAW +2025: over 137 steady PDU ends the first pop after the end is taken +1..+2084 cycles from it and the pop nearest the boundary +0..+2 (walk 2); the least clearance is 0 cycles, at PDU 3 (offset +1), against the 8-cycle ambiguity window: margin -8
  [NOT GRADABLE] T30 INTERNAL LAW +2025: PDU 3's end has a pop taken +1 cycles from it, inside the 8-cycle ambiguity window; the law is neither passed nor failed here
  [FAIL] T30 INTERNAL LAW +2025: gradable, every PDU end clear of a pop by more than the ambiguity window
  [i]    T30 INTERNAL LAW +2025: 889 media ticks in the phase, 0 of them outside the settle band
  [i]    T30 INTERNAL LAW +2026: over 137 steady PDU ends the first pop after the end is taken +1..+2084 cycles from it and the pop nearest the boundary -1..+1 (walk 2); the least clearance is 0 cycles, at PDU 3 (offset +0), against the 8-cycle ambiguity window: margin -8
  [NOT GRADABLE] T30 INTERNAL LAW +2026: PDU 3's end has a pop taken +0 cycles from it, inside the 8-cycle ambiguity window; the law is neither passed nor failed here
  [FAIL] T30 INTERNAL LAW +2026: gradable, every PDU end clear of a pop by more than the ambiguity window
  [i]    T30 INTERNAL LAW +2026: 889 media ticks in the phase, 0 of them outside the settle band
  [i]    T30 INTERNAL LAW +2027: over 137 steady PDU ends the first pop after the end is taken +2082..+2084 cycles from it and the pop nearest the boundary -2..+0 (walk 2); the least clearance is 0 cycles, at PDU 30 (offset +0), against the 8-cycle ambiguity window: margin -8
  [NOT GRADABLE] T30 INTERNAL LAW +2027: PDU 30's end has a pop taken +0 cycles from it, inside the 8-cycle ambiguity window; the law is neither passed nor failed here
  [FAIL] T30 INTERNAL LAW +2027: gradable, every PDU end clear of a pop by more than the ambiguity window
  [i]    T30 INTERNAL LAW +2027: 889 media ticks in the phase, 0 of them outside the settle band
  [i]    T30 INTERNAL LAW +2028: over 137 steady PDU ends the first pop after the end is taken +2081..+2082 cycles from it and the pop nearest the boundary -3..-1 (walk 1); the least clearance is 1 cycles, at PDU 45 (offset -1), against the 8-cycle ambiguity window: margin -7
  [NOT GRADABLE] T30 INTERNAL LAW +2028: PDU 45's end has a pop taken -1 cycles from it, inside the 8-cycle ambiguity window; the law is neither passed nor failed here
  [FAIL] T30 INTERNAL LAW +2028: gradable, every PDU end clear of a pop by more than the ambiguity window
  [i]    T30 INTERNAL LAW +2028: 889 media ticks in the phase, 0 of them outside the settle band
  [i]    T30 INTERNAL LAW +2029: over 137 steady PDU ends the first pop after the end is taken +2080..+2081 cycles from it and the pop nearest the boundary -4..-2 (walk 1); the least clearance is 2 cycles, at PDU 45 (offset -2), against the 8-cycle ambiguity window: margin -6
  [NOT GRADABLE] T30 INTERNAL LAW +2029: PDU 45's end has a pop taken -2 cycles from it, inside the 8-cycle ambiguity window; the law is neither passed nor failed here
  [FAIL] T30 INTERNAL LAW +2029: gradable, every PDU end clear of a pop by more than the ambiguity window
  [i]    T30 INTERNAL LAW +2029: 889 media ticks in the phase, 0 of them outside the settle band
  [i]    T30 INTERNAL LAW +2030: over 137 steady PDU ends the first pop after the end is taken +2079..+2080 cycles from it and the pop nearest the boundary -5..-3 (walk 1); the least clearance is 3 cycles, at PDU 75 (offset -3), against the 8-cycle ambiguity window: margin -5
  [NOT GRADABLE] T30 INTERNAL LAW +2030: PDU 75's end has a pop taken -3 cycles from it, inside the 8-cycle ambiguity window; the law is neither passed nor failed here
  [FAIL] T30 INTERNAL LAW +2030: gradable, every PDU end clear of a pop by more than the ambiguity window
  [i]    T30 INTERNAL LAW +2030: 889 media ticks in the phase, 0 of them outside the settle band
  [i]    T30 INTERNAL LAW +2031: over 137 steady PDU ends the first pop after the end is taken +2077..+2079 cycles from it and the pop nearest the boundary -6..-4 (walk 2); the least clearance is 4 cycles, at PDU 120 (offset -4), against the 8-cycle ambiguity window: margin -4
  [NOT GRADABLE] T30 INTERNAL LAW +2031: PDU 120's end has a pop taken -4 cycles from it, inside the 8-cycle ambiguity window; the law is neither passed nor failed here
  [FAIL] T30 INTERNAL LAW +2031: gradable, every PDU end clear of a pop by more than the ambiguity window
  [i]    T30 INTERNAL LAW +2031: 889 media ticks in the phase, 0 of them outside the settle band
  [i]    T30 INTERNAL LAW +2032: over 137 steady PDU ends the first pop after the end is taken +2077..+2079 cycles from it and the pop nearest the boundary -6..-5 (walk 1); the least clearance is 5 cycles, at PDU 6 (offset -5), against the 8-cycle ambiguity window: margin -3
  [NOT GRADABLE] T30 INTERNAL LAW +2032: PDU 6's end has a pop taken -5 cycles from it, inside the 8-cycle ambiguity window; the law is neither passed nor failed here
  [FAIL] T30 INTERNAL LAW +2032: gradable, every PDU end clear of a pop by more than the ambiguity window
  [i]    T30 INTERNAL LAW +2032: 889 media ticks in the phase, 0 of them outside the settle band
  [i]    T30 INTERNAL LAW +2033: over 137 steady PDU ends the first pop after the end is taken +2076..+2077 cycles from it and the pop nearest the boundary -7..-6 (walk 1); the least clearance is 6 cycles, at PDU 15 (offset -6), against the 8-cycle ambiguity window: margin -2
  [NOT GRADABLE] T30 INTERNAL LAW +2033: PDU 15's end has a pop taken -6 cycles from it, inside the 8-cycle ambiguity window; the law is neither passed nor failed here
  [FAIL] T30 INTERNAL LAW +2033: gradable, every PDU end clear of a pop by more than the ambiguity window
  [i]    T30 INTERNAL LAW +2033: 889 media ticks in the phase, 0 of them outside the settle band
  [i]    T30 INTERNAL LAW +2034: over 137 steady PDU ends the first pop after the end is taken +2075..+2076 cycles from it and the pop nearest the boundary -9..-7 (walk 1); the least clearance is 7 cycles, at PDU 75 (offset -7), against the 8-cycle ambiguity window: margin -1
  [NOT GRADABLE] T30 INTERNAL LAW +2034: PDU 75's end has a pop taken -7 cycles from it, inside the 8-cycle ambiguity window; the law is neither passed nor failed here
  [FAIL] T30 INTERNAL LAW +2034: gradable, every PDU end clear of a pop by more than the ambiguity window
  [i]    T30 INTERNAL LAW +2034: 889 media ticks in the phase, 0 of them outside the settle band
  [i]    T30 INTERNAL LAW +2035: over 137 steady PDU ends the first pop after the end is taken +2073..+2075 cycles from it and the pop nearest the boundary -10..-9 (walk 1); the least clearance is 9 cycles, at PDU 5 (offset -9), against the 8-cycle ambiguity window: margin 1
  [i]    T30 INTERNAL LAW +2035: 124 PDUs, fill at the PDU end 14..14, first-event delay from it 18741..18743 cycles = 8.996..8.997 media ticks; the law is fill 14 and 8 < d/T <= 9 (+1 cycle of the pulse's register)
  [i]    T30 INTERNAL LAW +2035: 889 media ticks in the phase, 0 of them outside the settle band
== tdm8_render: checks: 55   failures: 17 ==
RESULT: FAIL
