{
 "kind": "ooc",
 "identity": {
  "tool": "Vivado v.2026.1 (lin64) Build 6511674",
  "device": "xc7a100tfgg484-2",
  "design": "KL_pp_shadow",
  "state": "Synthesized",
  "flow": [
   "create_project -force -name alinx_ax7101 -part xc7a100t-fgg484-2",
   "set_param general.maxThreads 2",
   "synth_design -directive AreaOptimized_high -top KL_pp_shadow -part xc7a100t-fgg484-2 -mode out_of_context"
  ],
  "standalone_clock_ns": [
   "20.000"
  ]
 },
 "inputs_sha256": "24ba6a244a83a0b764e6de5131a9c94752135f01ecab5afad83258c7b4767be1",
 "figures": {
  "LUT": 23160,
  "FF": 19787,
  "BRAM_TILE": 17.5,
  "RAMB36": 16,
  "RAMB18": 3,
  "DSP": 8,
  "WNS_ns": 3.337,
  "WHS_ns": 0.159,
  "CARRY4": 1494
 },
 "scopes": {
  "wrapper": {
   "LUT": 23160,
   "FF": 19787,
   "RAMB36": 16,
   "RAMB18": 3,
   "DSP": 8,
   "CARRY4": 1494
  },
  "ctl_fifo": {
   "LUT": 79,
   "FF": 33,
   "RAMB36": 1,
   "RAMB18": 1,
   "DSP": 0,
   "CARRY4": 3
  },
  "u_nvm": {
   "LUT": 601,
   "FF": 476,
   "RAMB36": 0,
   "RAMB18": 0,
   "DSP": 4,
   "CARRY4": 47
  },
  "u_pp": {
   "LUT": 22478,
   "FF": 18951,
   "RAMB36": 15,
   "RAMB18": 2,
   "DSP": 4,
   "CARRY4": 1436
  },
  "u_pp/g_rx_pool[0].u_rx_slots": {
   "LUT": 39,
   "FF": 38,
   "RAMB36": 1,
   "RAMB18": 0,
   "DSP": 0,
   "CARRY4": 7
  },
  "u_pp/g_rx_pool[1].u_rx_slots": {
   "LUT": 30,
   "FF": 22,
   "RAMB36": 1,
   "RAMB18": 0,
   "DSP": 0,
   "CARRY4": 3
  },
  "u_pp/g_rx_pool[2].u_rx_slots": {
   "LUT": 51,
   "FF": 62,
   "RAMB36": 1,
   "RAMB18": 0,
   "DSP": 0,
   "CARRY4": 2
  },
  "u_pp/g_rx_pool[4].u_rx_slots": {
   "LUT": 39,
   "FF": 22,
   "RAMB36": 1,
   "RAMB18": 0,
   "DSP": 0,
   "CARRY4": 3
  },
  "u_pp/g_rx_pool[5].u_rx_slots": {
   "LUT": 98,
   "FF": 62,
   "RAMB36": 1,
   "RAMB18": 0,
   "DSP": 0,
   "CARRY4": 4
  },
  "u_pp/u_adp": {
   "LUT": 522,
   "FF": 479,
   "RAMB36": 0,
   "RAMB18": 0,
   "DSP": 1,
   "CARRY4": 44
  },
  "u_pp/u_aecp": {
   "LUT": 6054,
   "FF": 3598,
   "RAMB36": 6,
   "RAMB18": 0,
   "DSP": 1,
   "CARRY4": 359
  },
  "u_pp/u_aecp/u_d3": {
   "LUT": 1759,
   "FF": 583,
   "RAMB36": 0,
   "RAMB18": 0,
   "DSP": 0,
   "CARRY4": 79
  },
  "u_pp/u_aecp/u_dyn": {
   "LUT": 143,
   "FF": 468,
   "RAMB36": 0,
   "RAMB18": 0,
   "DSP": 0,
   "CARRY4": 20
  },
  "u_pp/u_aecp/u_resp": {
   "LUT": 302,
   "FF": 260,
   "RAMB36": 0,
   "RAMB18": 0,
   "DSP": 0,
   "CARRY4": 16
  },
  "u_pp/u_aecp/u_store": {
   "LUT": 1007,
   "FF": 695,
   "RAMB36": 2,
   "RAMB18": 0,
   "DSP": 1,
   "CARRY4": 106
  },
  "u_pp/u_aecp/u_ucpu": {
   "LUT": 1558,
   "FF": 495,
   "RAMB36": 3,
   "RAMB18": 0,
   "DSP": 0,
   "CARRY4": 68
  },
  "u_pp/u_ca_builder": {
   "LUT": 172,
   "FF": 152,
   "RAMB36": 0,
   "RAMB18": 0,
   "DSP": 0,
   "CARRY4": 0
  },
  "u_pp/u_desc_mem_guard": {
   "LUT": 1,
   "FF": 1,
   "RAMB36": 0,
   "RAMB18": 0,
   "DSP": 0,
   "CARRY4": 0
  },
  "u_pp/u_dispatch": {
   "LUT": 892,
   "FF": 815,
   "RAMB36": 0,
   "RAMB18": 0,
   "DSP": 0,
   "CARRY4": 18
  },
  "u_pp/u_dispatch/u_acmp_q": {
   "LUT": 227,
   "FF": 204,
   "RAMB36": 0,
   "RAMB18": 0,
   "DSP": 0,
   "CARRY4": 0
  },
  "u_pp/u_dispatch/u_adp_q": {
   "LUT": 75,
   "FF": 88,
   "RAMB36": 0,
   "RAMB18": 0,
   "DSP": 0,
   "CARRY4": 0
  },
  "u_pp/u_dispatch/u_aecp_q": {
   "LUT": 426,
   "FF": 287,
   "RAMB36": 0,
   "RAMB18": 0,
   "DSP": 0,
   "CARRY4": 6
  },
  "u_pp/u_dispatch/u_maap_q": {
   "LUT": 136,
   "FF": 188,
   "RAMB36": 0,
   "RAMB18": 0,
   "DSP": 0,
   "CARRY4": 0
  },
  "u_pp/u_event_router": {
   "LUT": 231,
   "FF": 51,
   "RAMB36": 0,
   "RAMB18": 0,
   "DSP": 0,
   "CARRY4": 0
  },
  "u_pp/u_listener": {
   "LUT": 1558,
   "FF": 1055,
   "RAMB36": 0,
   "RAMB18": 0,
   "DSP": 0,
   "CARRY4": 34
  },
  "u_pp/u_lsn_admit": {
   "LUT": 1,
   "FF": 1,
   "RAMB36": 0,
   "RAMB18": 0,
   "DSP": 0,
   "CARRY4": 0
  },
  "u_pp/u_maap": {
   "LUT": 666,
   "FF": 499,
   "RAMB36": 0,
   "RAMB18": 0,
   "DSP": 0,
   "CARRY4": 88
  },
  "u_pp/u_mrp_strip": {
   "LUT": 77,
   "FF": 107,
   "RAMB36": 1,
   "RAMB18": 0,
   "DSP": 0,
   "CARRY4": 17
  },
  "u_pp/u_normalizer": {
   "LUT": 77,
   "FF": 353,
   "RAMB36": 0,
   "RAMB18": 0,
   "DSP": 0,
   "CARRY4": 6
  },
  "u_pp/u_notify": {
   "LUT": 2157,
   "FF": 1258,
   "RAMB36": 0,
   "RAMB18": 0,
   "DSP": 0,
   "CARRY4": 37
  },
  "u_pp/u_nvm_arb": {
   "LUT": 10,
   "FF": 4,
   "RAMB36": 0,
   "RAMB18": 0,
   "DSP": 0,
   "CARRY4": 0
  },
  "u_pp/u_nvm_port": {
   "LUT": 505,
   "FF": 160,
   "RAMB36": 0,
   "RAMB18": 0,
   "DSP": 0,
   "CARRY4": 73
  },
  "u_pp/u_nvm_shadow": {
   "LUT": 806,
   "FF": 1118,
   "RAMB36": 0,
   "RAMB18": 0,
   "DSP": 0,
   "CARRY4": 51
  },
  "u_pp/u_originator": {
   "LUT": 676,
   "FF": 885,
   "RAMB36": 0,
   "RAMB18": 0,
   "DSP": 0,
   "CARRY4": 60
  },
  "u_pp/u_prng": {
   "LUT": 157,
   "FF": 150,
   "RAMB36": 0,
   "RAMB18": 0,
   "DSP": 0,
   "CARRY4": 24
  },
  "u_pp/u_release_merge": {
   "LUT": 0,
   "FF": 4,
   "RAMB36": 0,
   "RAMB18": 0,
   "DSP": 0,
   "CARRY4": 0
  },
  "u_pp/u_rx_validator": {
   "LUT": 514,
   "FF": 789,
   "RAMB36": 0,
   "RAMB18": 1,
   "DSP": 0,
   "CARRY4": 37
  },
  "u_pp/u_scoreboard": {
   "LUT": 134,
   "FF": 169,
   "RAMB36": 0,
   "RAMB18": 0,
   "DSP": 0,
   "CARRY4": 16
  },
  "u_pp/u_side_port": {
   "LUT": 54,
   "FF": 6,
   "RAMB36": 0,
   "RAMB18": 0,
   "DSP": 0,
   "CARRY4": 0
  },
  "u_pp/u_srp": {
   "LUT": 3838,
   "FF": 3979,
   "RAMB36": 0,
   "RAMB18": 1,
   "DSP": 2,
   "CARRY4": 265
  },
  "u_pp/u_srp/u_admission": {
   "LUT": 342,
   "FF": 207,
   "RAMB36": 0,
   "RAMB18": 0,
   "DSP": 2,
   "CARRY4": 31
  },
  "u_pp/u_srp/u_decoder": {
   "LUT": 585,
   "FF": 630,
   "RAMB36": 0,
   "RAMB18": 1,
   "DSP": 0,
   "CARRY4": 51
  },
  "u_pp/u_srp/u_domain": {
   "LUT": 54,
   "FF": 108,
   "RAMB36": 0,
   "RAMB18": 0,
   "DSP": 0,
   "CARRY4": 0
  },
  "u_pp/u_srp/u_encoder": {
   "LUT": 1478,
   "FF": 1086,
   "RAMB36": 0,
   "RAMB18": 0,
   "DSP": 0,
   "CARRY4": 101
  },
  "u_pp/u_srp/u_listener": {
   "LUT": 435,
   "FF": 667,
   "RAMB36": 0,
   "RAMB18": 0,
   "DSP": 0,
   "CARRY4": 42
  },
  "u_pp/u_srp/u_talker": {
   "LUT": 395,
   "FF": 610,
   "RAMB36": 0,
   "RAMB18": 0,
   "DSP": 0,
   "CARRY4": 31
  },
  "u_pp/u_srp/u_vlan": {
   "LUT": 313,
   "FF": 126,
   "RAMB36": 0,
   "RAMB18": 0,
   "DSP": 0,
   "CARRY4": 9
  },
  "u_pp/u_talker": {
   "LUT": 834,
   "FF": 551,
   "RAMB36": 0,
   "RAMB18": 0,
   "DSP": 0,
   "CARRY4": 18
  },
  "u_pp/u_timer": {
   "LUT": 890,
   "FF": 179,
   "RAMB36": 1,
   "RAMB18": 0,
   "DSP": 0,
   "CARRY4": 237
  },
  "u_pp/u_trace": {
   "LUT": 40,
   "FF": 18,
   "RAMB36": 1,
   "RAMB18": 0,
   "DSP": 0,
   "CARRY4": 4
  },
  "u_pp/u_tx_arbiter": {
   "LUT": 234,
   "FF": 187,
   "RAMB36": 0,
   "RAMB18": 0,
   "DSP": 0,
   "CARRY4": 4
  },
  "u_pp/u_tx_slots": {
   "LUT": 351,
   "FF": 138,
   "RAMB36": 1,
   "RAMB18": 0,
   "DSP": 0,
   "CARRY4": 5
  }
 }
}
