wrote $REVIEWS/665int-r582-4-packet/scratch/focused/srp2/mutants/work/build/srp-srp_mbx-if2-endstation_ax7101_1x1_tdm8/contract/KL_mbx_pkg.sv (2 interfaces)
wrote $REVIEWS/665int-r582-4-packet/scratch/focused/srp2/mutants/work/build/srp-srp_mbx-if2-endstation_ax7101_1x1_tdm8/contract/KL_mbx.sv (2 interfaces)
wrote $REVIEWS/665int-r582-4-packet/scratch/focused/srp2/mutants/work/build/srp-srp_mbx-if2-endstation_ax7101_1x1_tdm8/contract/mbx_contract.h (2 interfaces)
[ok] pub-declared-dropped-at-adoption: PubTalkerDeclHoldsAcrossADomainAdoption / PUB every Talker MRPDU under the adopted VID left with TALKER_DECL published again
wrote $REVIEWS/665int-r582-4-packet/scratch/focused/srp2/mutants/work/build/srp-srp_mbx-if2-endstation_ax7101_1x1_tdm8/contract/KL_mbx_pkg.sv (2 interfaces)
wrote $REVIEWS/665int-r582-4-packet/scratch/focused/srp2/mutants/work/build/srp-srp_mbx-if2-endstation_ax7101_1x1_tdm8/contract/KL_mbx.sv (2 interfaces)
wrote $REVIEWS/665int-r582-4-packet/scratch/focused/srp2/mutants/work/build/srp-srp_mbx-if2-endstation_ax7101_1x1_tdm8/contract/mbx_contract.h (2 interfaces)
[ok] pub-declared-withdrawn-after-the-adoption: PubTalkerDeclHoldsAcrossADomainAdoption / PUB TALKER_DECL holds every declared source after the adoption
wrote $REVIEWS/665int-r582-4-packet/scratch/focused/srp2/mutants/work/build/srp-srp_mbx-if2-endstation_ax7101_1x1_tdm8/contract/KL_mbx_pkg.sv (2 interfaces)
wrote $REVIEWS/665int-r582-4-packet/scratch/focused/srp2/mutants/work/build/srp-srp_mbx-if2-endstation_ax7101_1x1_tdm8/contract/KL_mbx.sv (2 interfaces)
wrote $REVIEWS/665int-r582-4-packet/scratch/focused/srp2/mutants/work/build/srp-srp_mbx-if2-endstation_ax7101_1x1_tdm8/contract/mbx_contract.h (2 interfaces)
[ok] pub-declared-skipped-at-adoption: PubTalkerDeclHoldsAcrossADomainAdoption / PUB every Talker MRPDU under the adopted VID left with TALKER_DECL published again
wrote $REVIEWS/665int-r582-4-packet/scratch/focused/srp2/mutants/work/build/srp-srp_mbx-if2-endstation_ax7101_1x1_tdm8/contract/KL_mbx_pkg.sv (2 interfaces)
wrote $REVIEWS/665int-r582-4-packet/scratch/focused/srp2/mutants/work/build/srp-srp_mbx-if2-endstation_ax7101_1x1_tdm8/contract/KL_mbx.sv (2 interfaces)
wrote $REVIEWS/665int-r582-4-packet/scratch/focused/srp2/mutants/work/build/srp-srp_mbx-if2-endstation_ax7101_1x1_tdm8/contract/mbx_contract.h (2 interfaces)
[ok] pub-declared-before-the-joins: PubTalkerDeclIsNotPublishedByACreationThatFails / publishes no Talker declaration
wrote $REVIEWS/665int-r582-4-packet/scratch/focused/srp2/mutants/work/build/srp-srp_mbx-if2-endstation_ax7101_1x1_tdm8/contract/KL_mbx_pkg.sv (2 interfaces)
wrote $REVIEWS/665int-r582-4-packet/scratch/focused/srp2/mutants/work/build/srp-srp_mbx-if2-endstation_ax7101_1x1_tdm8/contract/KL_mbx.sv (2 interfaces)
wrote $REVIEWS/665int-r582-4-packet/scratch/focused/srp2/mutants/work/build/srp-srp_mbx-if2-endstation_ax7101_1x1_tdm8/contract/mbx_contract.h (2 interfaces)
[ok] pub-declared-as-each-source-joins: PubTalkerDeclIsNotPublishedByACreationThatFails / publishes no Talker declaration
focused srp2: PASS
