resource gate fuzz: alinx_ax7101_route_status.rpt: bytes: 192 cases, check exits 0/1/2 = 0/0/192
resource gate fuzz: alinx_ax7101_route_status.rpt: delete line: 52 cases, check exits 0/1/2 = 38/0/14
resource gate fuzz: alinx_ax7101_route_status.rpt: digit: 122 cases, check exits 0/1/2 = 0/0/122
resource gate fuzz: alinx_ax7101_route_status.rpt: duplicate line: 35 cases, check exits 0/1/2 = 28/0/7
resource gate fuzz: alinx_ax7101_route_status.rpt: empty: 173 cases, check exits 0/1/2 = 0/0/173
resource gate fuzz: alinx_ax7101_route_status.rpt: garble: 123 cases, check exits 0/1/2 = 0/0/123
resource gate fuzz: alinx_ax7101_route_status.rpt: huge: 123 cases, check exits 0/1/2 = 0/0/123
resource gate fuzz: alinx_ax7101_route_status.rpt: junk lines: 42 cases, check exits 0/1/2 = 1/0/41
resource gate fuzz: alinx_ax7101_route_status.rpt: missing: 173 cases, check exits 0/1/2 = 0/0/173
resource gate fuzz: alinx_ax7101_route_status.rpt: number: 122 cases, check exits 0/1/2 = 73/49/0
resource gate fuzz: alinx_ax7101_route_status.rpt: row removed: 180 cases, check exits 0/1/2 = 0/0/180
resource gate fuzz: alinx_ax7101_route_status.rpt: row twice: 169 cases, check exits 0/1/2 = 0/0/169
resource gate fuzz: alinx_ax7101_route_status.rpt: second report: 165 cases, check exits 0/1/2 = 0/0/165
resource gate fuzz: alinx_ax7101_route_status.rpt: swap lines: 36 cases, check exits 0/1/2 = 18/0/18
resource gate fuzz: alinx_ax7101_route_status.rpt: truncate: 178 cases, check exits 0/1/2 = 14/0/164
resource gate fuzz: alinx_ax7101_route_status.rpt: unicode: 179 cases, check exits 0/1/2 = 117/0/62
resource gate fuzz: baseline: add: 526 cases, check exits 0/1/2 = 17/0/509
resource gate fuzz: baseline: bad name: 548 cases, check exits 0/1/2 = 0/0/548
resource gate fuzz: baseline: bracket name: 576 cases, check exits 0/1/2 = 83/0/493
resource gate fuzz: baseline: bytes: 582 cases, check exits 0/1/2 = 0/0/582
resource gate fuzz: baseline: digit: 583 cases, check exits 0/1/2 = 0/0/583
resource gate fuzz: baseline: duplicate: 591 cases, check exits 0/1/2 = 0/0/591
resource gate fuzz: baseline: note: 574 cases, check exits 0/1/2 = 73/0/501
resource gate fuzz: baseline: overflow: 552 cases, check exits 0/1/2 = 0/0/552
resource gate fuzz: baseline: remove: 569 cases, check exits 0/1/2 = 69/0/500
resource gate fuzz: baseline: size: deep nesting: 192 cases, check exits 0/1/2 = 0/0/192
resource gate fuzz: baseline: size: long text: 196 cases, check exits 0/1/2 = 106/0/90
resource gate fuzz: baseline: size: many scopes: 173 cases, check exits 0/1/2 = 173/0/0
resource gate fuzz: baseline: truncate: 547 cases, check exits 0/1/2 = 0/0/547
resource gate fuzz: baseline: type: 580 cases, check exits 0/1/2 = 0/0/580
resource gate fuzz: baseline: unicode: 545 cases, check exits 0/1/2 = 283/0/262
resource gate fuzz: baseline: value: 580 cases, check exits 0/1/2 = 574/2/4
resource gate fuzz: baseline_cells.tsv: bytes: 255 cases, check exits 0/1/2 = 0/0/255
resource gate fuzz: baseline_cells.tsv: census header: 283 cases, check exits 0/1/2 = 0/0/283
resource gate fuzz: baseline_cells.tsv: delete line: 72 cases, check exits 0/1/2 = 72/0/0
resource gate fuzz: baseline_cells.tsv: duplicate line: 73 cases, check exits 0/1/2 = 73/0/0
resource gate fuzz: baseline_cells.tsv: empty: 281 cases, check exits 0/1/2 = 0/0/281
resource gate fuzz: baseline_cells.tsv: junk lines: 82 cases, check exits 0/1/2 = 5/0/77
resource gate fuzz: baseline_cells.tsv: missing: 280 cases, check exits 0/1/2 = 0/0/280
resource gate fuzz: baseline_cells.tsv: swap lines: 61 cases, check exits 0/1/2 = 61/0/0
resource gate fuzz: baseline_cells.tsv: truncate: 305 cases, check exits 0/1/2 = 305/0/0
resource gate fuzz: baseline_cells.tsv: unicode: 281 cases, check exits 0/1/2 = 246/0/35
resource gate fuzz: baseline_hierarchy.rpt: bytes: 224 cases, check exits 0/1/2 = 0/0/224
resource gate fuzz: baseline_hierarchy.rpt: delete line: 47 cases, check exits 0/1/2 = 45/0/2
resource gate fuzz: baseline_hierarchy.rpt: digit: 152 cases, check exits 0/1/2 = 0/0/152
resource gate fuzz: baseline_hierarchy.rpt: duplicate line: 61 cases, check exits 0/1/2 = 8/0/53
resource gate fuzz: baseline_hierarchy.rpt: empty: 231 cases, check exits 0/1/2 = 0/0/231
resource gate fuzz: baseline_hierarchy.rpt: garble: 162 cases, check exits 0/1/2 = 0/0/162
resource gate fuzz: baseline_hierarchy.rpt: huge: 162 cases, check exits 0/1/2 = 0/0/162
resource gate fuzz: baseline_hierarchy.rpt: junk lines: 43 cases, check exits 0/1/2 = 1/0/42
resource gate fuzz: baseline_hierarchy.rpt: missing: 223 cases, check exits 0/1/2 = 0/0/223
resource gate fuzz: baseline_hierarchy.rpt: number: 181 cases, check exits 0/1/2 = 181/0/0
resource gate fuzz: baseline_hierarchy.rpt: swap lines: 50 cases, check exits 0/1/2 = 32/0/18
resource gate fuzz: baseline_hierarchy.rpt: truncate: 222 cases, check exits 0/1/2 = 61/0/161
resource gate fuzz: baseline_hierarchy.rpt: unicode: 213 cases, check exits 0/1/2 = 171/0/42
resource gate fuzz: baseline_images.json: bytes: 313 cases, check exits 0/1/2 = 0/0/313
resource gate fuzz: baseline_images.json: delete line: 82 cases, check exits 0/1/2 = 30/0/52
resource gate fuzz: baseline_images.json: duplicate line: 65 cases, check exits 0/1/2 = 0/0/65
resource gate fuzz: baseline_images.json: empty: 306 cases, check exits 0/1/2 = 0/0/306
resource gate fuzz: baseline_images.json: entry key: 280 cases, check exits 0/1/2 = 34/0/246
resource gate fuzz: baseline_images.json: junk lines: 73 cases, check exits 0/1/2 = 0/0/73
resource gate fuzz: baseline_images.json: missing: 267 cases, check exits 0/1/2 = 0/0/267
resource gate fuzz: baseline_images.json: swap lines: 74 cases, check exits 0/1/2 = 5/0/69
resource gate fuzz: baseline_images.json: truncate: 278 cases, check exits 0/1/2 = 0/0/278
resource gate fuzz: baseline_images.json: unicode: 302 cases, check exits 0/1/2 = 39/0/263
resource gate fuzz: baseline_timing.rpt: bytes: 205 cases, check exits 0/1/2 = 0/0/205
resource gate fuzz: baseline_timing.rpt: delete line: 50 cases, check exits 0/1/2 = 50/0/0
resource gate fuzz: baseline_timing.rpt: digit: 157 cases, check exits 0/1/2 = 0/0/157
resource gate fuzz: baseline_timing.rpt: duplicate line: 58 cases, check exits 0/1/2 = 58/0/0
resource gate fuzz: baseline_timing.rpt: empty: 197 cases, check exits 0/1/2 = 0/0/197
resource gate fuzz: baseline_timing.rpt: garble: 167 cases, check exits 0/1/2 = 0/0/167
resource gate fuzz: baseline_timing.rpt: huge: 153 cases, check exits 0/1/2 = 0/0/153
resource gate fuzz: baseline_timing.rpt: junk lines: 47 cases, check exits 0/1/2 = 0/0/47
resource gate fuzz: baseline_timing.rpt: missing: 228 cases, check exits 0/1/2 = 0/0/228
resource gate fuzz: baseline_timing.rpt: number: 142 cases, check exits 0/1/2 = 106/36/0
resource gate fuzz: baseline_timing.rpt: summary twice: 189 cases, check exits 0/1/2 = 0/0/189
resource gate fuzz: baseline_timing.rpt: swap lines: 57 cases, check exits 0/1/2 = 57/0/0
resource gate fuzz: baseline_timing.rpt: truncate: 174 cases, check exits 0/1/2 = 174/0/0
resource gate fuzz: baseline_timing.rpt: unicode: 213 cases, check exits 0/1/2 = 183/0/30
resource gate fuzz: baseline_utilization.rpt: bytes: 191 cases, check exits 0/1/2 = 0/0/191
resource gate fuzz: baseline_utilization.rpt: delete line: 45 cases, check exits 0/1/2 = 43/0/2
resource gate fuzz: baseline_utilization.rpt: digit: 145 cases, check exits 0/1/2 = 0/0/145
resource gate fuzz: baseline_utilization.rpt: duplicate line: 52 cases, check exits 0/1/2 = 50/0/2
resource gate fuzz: baseline_utilization.rpt: empty: 183 cases, check exits 0/1/2 = 0/0/183
resource gate fuzz: baseline_utilization.rpt: garble: 132 cases, check exits 0/1/2 = 0/0/132
resource gate fuzz: baseline_utilization.rpt: header removed: 195 cases, check exits 0/1/2 = 0/0/195
resource gate fuzz: baseline_utilization.rpt: header twice: 181 cases, check exits 0/1/2 = 0/0/181
resource gate fuzz: baseline_utilization.rpt: huge: 147 cases, check exits 0/1/2 = 0/0/147
resource gate fuzz: baseline_utilization.rpt: junk lines: 47 cases, check exits 0/1/2 = 1/0/46
resource gate fuzz: baseline_utilization.rpt: missing: 176 cases, check exits 0/1/2 = 0/0/176
resource gate fuzz: baseline_utilization.rpt: number: 119 cases, check exits 0/1/2 = 5/84/30
resource gate fuzz: baseline_utilization.rpt: swap lines: 36 cases, check exits 0/1/2 = 33/0/3
resource gate fuzz: baseline_utilization.rpt: truncate: 191 cases, check exits 0/1/2 = 83/0/108
resource gate fuzz: baseline_utilization.rpt: unicode: 161 cases, check exits 0/1/2 = 144/0/17
resource gate fuzz: control: 1 cases, check exits 0/1/2 = 1/0/0
resource gate fuzz: 20000 cases at seed 4474 on $VALIDATION_STORAGE/234-a516/A/work/ax7101/gateware as route-1x1: 0 failures; case digest 0137ba98eeae4cca
