["git", "rev-parse", "HEAD", "HEAD^{tree}"]
04e1435a218908d2b12b4053e5dab2c2dcac2ebf
30980a43ee2b14afd59e25b16aafb18ea6e1df41

exit_code=0
["python3", "--version"]
Python 3.14.7

exit_code=0
["gcc", "--version"]
gcc (GCC) 16.2.1 20260810
Copyright (C) 2026 Free Software Foundation, Inc.
This is free software; see the source for copying conditions.  There is NO
warranty; not even for MERCHANTABILITY or FITNESS FOR A PARTICULAR PURPOSE.

exit_code=0
["gcov", "--version"]
gcov (GCC) 16.2.1 20260810
JSON format version: 2
Copyright (C) 2026 Free Software Foundation, Inc.
This is free software; see the source for copying conditions.  There is NO
warranty; not even for MERCHANTABILITY or FITNESS FOR A PARTICULAR PURPOSE.

exit_code=0
["pkg-config", "--modversion", "gtest", "gmock"]
1.18.0
1.18.0

exit_code=0
["<scoped-verilator>", "--version"]
Verilator 5.050 2026-07-01 rev v5.050

exit_code=0
The scoped RTL compiler was identified only; no RTL build was required for this validation-only delta.
