2026-09-22T20:48:49.2220176Z Current runner version: '2.337.0'
2026-09-22T20:48:49.2245573Z ##[group]Runner Image Provisioner
2026-09-22T20:48:49.2246768Z Hosted Compute Agent
2026-09-22T20:48:49.2247410Z Version: 20260828.587
2026-09-22T20:48:49.2248055Z Commit: abac92662cab4cc7352de4f9f9d2e2419aad9c29
2026-09-22T20:48:49.2248848Z Build Date: 2026-08-28T16:44:25Z
2026-09-22T20:48:49.2249585Z Worker ID: {42f2c1f3-0e9c-4674-99e8-02af886b242e}
2026-09-22T20:48:49.2250315Z Azure Region: westus2
2026-09-22T20:48:49.2250976Z ##[endgroup]
2026-09-22T20:48:49.2252444Z ##[group]Operating System
2026-09-22T20:48:49.2253158Z Ubuntu
2026-09-22T20:48:49.2253743Z 24.04.5
2026-09-22T20:48:49.2254293Z LTS
2026-09-22T20:48:49.2254883Z ##[endgroup]
2026-09-22T20:48:49.2255443Z ##[group]Runner Image
2026-09-22T20:48:49.2256116Z Image: ubuntu-24.04
2026-09-22T20:48:49.2257121Z Version: 20260907.300.1
2026-09-22T20:48:49.2258476Z Included Software: https://github.com/actions/runner-images/blob/ubuntu24/20260907.300/images/ubuntu/Ubuntu2404-Readme.md
2026-09-22T20:48:49.2260088Z Image Release: https://github.com/actions/runner-images/releases/tag/ubuntu24%2F20260907.300
2026-09-22T20:48:49.2261112Z ##[endgroup]
2026-09-22T20:48:49.2262380Z ##[group]GITHUB_TOKEN Permissions
2026-09-22T20:48:49.2264390Z Contents: read
2026-09-22T20:48:49.2265027Z Metadata: read
2026-09-22T20:48:49.2265596Z Packages: read
2026-09-22T20:48:49.2266255Z ##[endgroup]
2026-09-22T20:48:49.2268668Z Secret source: Actions
2026-09-22T20:48:49.2269736Z Cache mode: write
2026-09-22T20:48:49.2270437Z Prepare workflow directory
2026-09-22T20:48:49.2683713Z Prepare all required actions
2026-09-22T20:48:49.2757723Z Getting action download info
2026-09-22T20:48:49.6845711Z Download action repository 'actions/checkout@v4' (SHA:11d5960a326750d5838078e36cf38b85af677262)
2026-09-22T20:48:49.7898610Z Download action repository 'actions/cache@v4' (SHA:0057852bfaa89a56745cba8c7296529d2fc39830)
2026-09-22T20:48:49.8978498Z Download action repository 'actions/upload-artifact@v4' (SHA:ea165f8d65b6e75b540449e92b4886f43607fa02)
2026-09-22T20:48:50.1090354Z Complete job name: Yosys shard 3/4
2026-09-22T20:48:50.2035786Z Node 20 is being deprecated. This workflow is running with Node 24 by default. If you need to temporarily use Node 20, you can set the ACTIONS_ALLOW_USE_UNSECURE_NODE_VERSION=true environment variable. For more information see: https://github.blog/changelog/2025-09-19-deprecation-of-node-20-on-github-actions-runners/
2026-09-22T20:48:50.2044932Z ##[group]Run actions/checkout@v4
2026-09-22T20:48:50.2045728Z with:
2026-09-22T20:48:50.2046211Z   repository: kebag-logic/milan-fpga
2026-09-22T20:48:50.2050284Z   token: ***
2026-09-22T20:48:50.2050743Z   ssh-strict: true
2026-09-22T20:48:50.2051188Z   ssh-user: git
2026-09-22T20:48:50.2051640Z   persist-credentials: true
2026-09-22T20:48:50.2052137Z   clean: true
2026-09-22T20:48:50.2052593Z   sparse-checkout-cone-mode: true
2026-09-22T20:48:50.2053142Z   fetch-depth: 1
2026-09-22T20:48:50.2053640Z   fetch-tags: false
2026-09-22T20:48:50.2054112Z   show-progress: true
2026-09-22T20:48:50.2054613Z   lfs: false
2026-09-22T20:48:50.2055070Z   submodules: false
2026-09-22T20:48:50.2055537Z   set-safe-directory: true
2026-09-22T20:48:50.2056068Z   allow-unsafe-pr-checkout: false
2026-09-22T20:48:50.2057111Z env:
2026-09-22T20:48:50.2057567Z   VERILATOR_VERSION: v5.050
2026-09-22T20:48:50.2058075Z   YOSYS_VERSION: v0.66
2026-09-22T20:48:50.2058631Z   TSN_GEN_REV: deca300c9eb4863fa13383b45ba6cb6fd0828671
2026-09-22T20:48:50.2059256Z ##[endgroup]
2026-09-22T20:48:50.3231521Z Syncing repository: kebag-logic/milan-fpga
2026-09-22T20:48:50.3234778Z ##[group]Getting Git version info
2026-09-22T20:48:50.3236163Z Working directory is '/home/runner/work/milan-fpga/milan-fpga'
2026-09-22T20:48:50.3248176Z [command]/usr/bin/git version
2026-09-22T20:48:50.3355321Z git version 2.55.0
2026-09-22T20:48:50.3384104Z ##[endgroup]
2026-09-22T20:48:50.3437346Z Temporarily overriding HOME='/home/runner/work/_temp/c6745a64-4154-40bc-846a-45bfead0782b' before making global git config changes
2026-09-22T20:48:50.3458487Z Adding repository directory to the temporary git global config as a safe directory
2026-09-22T20:48:50.3468096Z [command]/usr/bin/git config --global --add safe.directory /home/runner/work/milan-fpga/milan-fpga
2026-09-22T20:48:50.3494350Z Deleting the contents of '/home/runner/work/milan-fpga/milan-fpga'
2026-09-22T20:48:50.3499889Z ##[group]Initializing the repository
2026-09-22T20:48:50.3505462Z [command]/usr/bin/git init /home/runner/work/milan-fpga/milan-fpga
2026-09-22T20:48:50.3636232Z hint: Using 'master' as the name for the initial branch. This default branch name
2026-09-22T20:48:50.3639047Z hint: will change to "main" in Git 3.0. To configure the initial branch name
2026-09-22T20:48:50.3641075Z hint: to use in all of your new repositories, which will suppress this warning,
2026-09-22T20:48:50.3643083Z hint: call:
2026-09-22T20:48:50.3645265Z hint:
2026-09-22T20:48:50.3646550Z hint: 	git config --global init.defaultBranch <name>
2026-09-22T20:48:50.3647904Z hint:
2026-09-22T20:48:50.3649109Z hint: Names commonly chosen instead of 'master' are 'main', 'trunk' and
2026-09-22T20:48:50.3650751Z hint: 'development'. The just-created branch can be renamed via this command:
2026-09-22T20:48:50.3652029Z hint:
2026-09-22T20:48:50.3652526Z hint: 	git branch -m <name>
2026-09-22T20:48:50.3653291Z hint:
2026-09-22T20:48:50.3654423Z hint: Disable this message with "git config set advice.defaultBranchName false"
2026-09-22T20:48:50.3656219Z Initialized empty Git repository in /home/runner/work/milan-fpga/milan-fpga/.git/
2026-09-22T20:48:50.3659040Z [command]/usr/bin/git remote add origin https://github.com/kebag-logic/milan-fpga
2026-09-22T20:48:50.3815269Z ##[endgroup]
2026-09-22T20:48:50.3823138Z ##[group]Disabling automatic garbage collection
2026-09-22T20:48:50.3824039Z [command]/usr/bin/git config --local gc.auto 0
2026-09-22T20:48:50.3825647Z ##[endgroup]
2026-09-22T20:48:50.3827080Z ##[group]Setting up auth
2026-09-22T20:48:50.3828021Z [command]/usr/bin/git config --local --name-only --get-regexp core\.sshCommand
2026-09-22T20:48:50.3832612Z [command]/usr/bin/git submodule foreach --recursive sh -c "git config --local --name-only --get-regexp 'core\.sshCommand' && git config --local --unset-all 'core.sshCommand' || :"
2026-09-22T20:48:50.4235427Z [command]/usr/bin/git config --local --name-only --get-regexp http\.https\:\/\/github\.com\/\.extraheader
2026-09-22T20:48:50.4290389Z [command]/usr/bin/git submodule foreach --recursive sh -c "git config --local --name-only --get-regexp 'http\.https\:\/\/github\.com\/\.extraheader' && git config --local --unset-all 'http.https://github.com/.extraheader' || :"
2026-09-22T20:48:50.4556186Z [command]/usr/bin/git config --local --name-only --get-regexp ^includeIf\.gitdir:
2026-09-22T20:48:50.4605407Z [command]/usr/bin/git submodule foreach --recursive git config --local --show-origin --name-only --get-regexp remote.origin.url
2026-09-22T20:48:50.4884813Z [command]/usr/bin/git config --local http.https://github.com/.extraheader AUTHORIZATION: basic ***
2026-09-22T20:48:50.4932224Z ##[endgroup]
2026-09-22T20:48:50.4933772Z ##[group]Fetching the repository
2026-09-22T20:48:50.4944891Z [command]/usr/bin/git -c protocol.version=2 fetch --no-tags --prune --no-recurse-submodules --depth=1 origin +aa91e1adc299ccb979022981bafd07e8d8d1756a:refs/remotes/pull/525/merge
2026-09-22T20:48:51.1860033Z From https://github.com/kebag-logic/milan-fpga
2026-09-22T20:48:51.1862019Z  * [new ref]         aa91e1adc299ccb979022981bafd07e8d8d1756a -> pull/525/merge
2026-09-22T20:48:51.1865548Z ##[endgroup]
2026-09-22T20:48:51.1867562Z ##[group]Determining the checkout info
2026-09-22T20:48:51.1869583Z ##[endgroup]
2026-09-22T20:48:51.1874838Z [command]/usr/bin/git sparse-checkout disable
2026-09-22T20:48:51.1931447Z [command]/usr/bin/git config --local --unset-all extensions.worktreeConfig
2026-09-22T20:48:51.1987578Z ##[group]Checking out the ref
2026-09-22T20:48:51.1991316Z [command]/usr/bin/git checkout --progress --force refs/remotes/pull/525/merge
2026-09-22T20:48:51.3385545Z Note: switching to 'refs/remotes/pull/525/merge'.
2026-09-22T20:48:51.3387012Z 
2026-09-22T20:48:51.3387926Z You are in 'detached HEAD' state. You can look around, make experimental
2026-09-22T20:48:51.3390006Z changes and commit them, and you can discard any commits you make in this
2026-09-22T20:48:51.3392128Z state without impacting any branches by switching back to a branch.
2026-09-22T20:48:51.3393388Z 
2026-09-22T20:48:51.3394220Z If you want to create a new branch to retain commits you create, you may
2026-09-22T20:48:51.3395577Z do so (now or later) by using -c with the switch command. Example:
2026-09-22T20:48:51.3396644Z 
2026-09-22T20:48:51.3397020Z   git switch -c <new-branch-name>
2026-09-22T20:48:51.3397734Z 
2026-09-22T20:48:51.3398315Z Or undo this operation with:
2026-09-22T20:48:51.3399143Z 
2026-09-22T20:48:51.3399648Z   git switch -
2026-09-22T20:48:51.3400320Z 
2026-09-22T20:48:51.3401385Z Turn off this advice by setting config variable advice.detachedHead to false
2026-09-22T20:48:51.3402890Z 
2026-09-22T20:48:51.3404027Z HEAD is now at aa91e1a Merge f01f237d4b48c7b1ed59c80aca51430901791624 into 483a133ed08867ea0d300d2b4a027b5b48a4282f
2026-09-22T20:48:51.3407989Z ##[endgroup]
2026-09-22T20:48:51.3446657Z [command]/usr/bin/git log -1 --format=%H
2026-09-22T20:48:51.3475921Z aa91e1adc299ccb979022981bafd07e8d8d1756a
2026-09-22T20:48:51.3812555Z ##[group]Run git submodule update --init third_party/verilog-axis protocol-processor gptp-processor
2026-09-22T20:48:51.3815638Z [36;1mgit submodule update --init third_party/verilog-axis protocol-processor gptp-processor[0m
2026-09-22T20:48:51.3862677Z shell: /usr/bin/bash -e {0}
2026-09-22T20:48:51.3863884Z env:
2026-09-22T20:48:51.3864868Z   VERILATOR_VERSION: v5.050
2026-09-22T20:48:51.3866019Z   YOSYS_VERSION: v0.66
2026-09-22T20:48:51.3867506Z   TSN_GEN_REV: deca300c9eb4863fa13383b45ba6cb6fd0828671
2026-09-22T20:48:51.3868992Z ##[endgroup]
2026-09-22T20:48:51.4196745Z Submodule 'gptp-processor' (https://github.com/Mister-M-alt/FPGA-gPTP.git) registered for path 'gptp-processor'
2026-09-22T20:48:51.4203854Z Submodule 'protocol-processor' (https://github.com/Mister-M-alt/protocol-processor-control-plane-avb-milan.git) registered for path 'protocol-processor'
2026-09-22T20:48:51.4209448Z Submodule 'third_party/verilog-axis' (https://github.com/alexforencich/verilog-axis) registered for path 'third_party/verilog-axis'
2026-09-22T20:48:51.4233257Z Cloning into '/home/runner/work/milan-fpga/milan-fpga/gptp-processor'...
2026-09-22T20:48:52.6789966Z Cloning into '/home/runner/work/milan-fpga/milan-fpga/protocol-processor'...
2026-09-22T20:48:53.6021620Z Cloning into '/home/runner/work/milan-fpga/milan-fpga/third_party/verilog-axis'...
2026-09-22T20:48:54.4036950Z Submodule path 'gptp-processor': checked out 'c1b617435824929a790739ea8585c3fe1a328cc0'
2026-09-22T20:48:54.4590645Z Submodule path 'protocol-processor': checked out '424c688fa2205b934a7689a58f2aa766420f2326'
2026-09-22T20:48:54.4790408Z Submodule path 'third_party/verilog-axis': checked out '48ff7a7e2ef782cf778d47910cf85835c64b1bce'
2026-09-22T20:48:54.4855015Z ##[group]Run set -euo pipefail
2026-09-22T20:48:54.4855430Z [36;1mset -euo pipefail[0m
2026-09-22T20:48:54.4855750Z [36;1mhead="$(git rev-parse HEAD)"[0m
2026-09-22T20:48:54.4856170Z [36;1mif [ "$head" != "$GITHUB_SHA" ] || [ "$GITHUB_SHA" != "$TARGET_SHA" ]; then[0m
2026-09-22T20:48:54.4857154Z [36;1m  echo "checkout $head, GITHUB_SHA $GITHUB_SHA and gate target $TARGET_SHA must be one SHA" >&2[0m
2026-09-22T20:48:54.4857677Z [36;1m  exit 1[0m
2026-09-22T20:48:54.4857921Z [36;1mfi[0m
2026-09-22T20:48:54.4858196Z [36;1mmkdir -p "$RUNNER_TEMP/yosys-results"[0m
2026-09-22T20:48:54.4858662Z [36;1mprintf '%s\n' "$GITHUB_SHA" > "$RUNNER_TEMP/yosys-results/TARGET_SHA"[0m
2026-09-22T20:48:54.4859112Z [36;1mecho "target_sha=$GITHUB_SHA"[0m
2026-09-22T20:48:54.4897849Z shell: /usr/bin/bash -e {0}
2026-09-22T20:48:54.4898150Z env:
2026-09-22T20:48:54.4898395Z   VERILATOR_VERSION: v5.050
2026-09-22T20:48:54.4898679Z   YOSYS_VERSION: v0.66
2026-09-22T20:48:54.4899254Z   TSN_GEN_REV: deca300c9eb4863fa13383b45ba6cb6fd0828671
2026-09-22T20:48:54.4899671Z   TARGET_SHA: aa91e1adc299ccb979022981bafd07e8d8d1756a
2026-09-22T20:48:54.4900031Z ##[endgroup]
2026-09-22T20:48:54.4988583Z target_sha=aa91e1adc299ccb979022981bafd07e8d8d1756a
2026-09-22T20:48:54.5092570Z Node 20 is being deprecated. This workflow is running with Node 24 by default. If you need to temporarily use Node 20, you can set the ACTIONS_ALLOW_USE_UNSECURE_NODE_VERSION=true environment variable. For more information see: https://github.blog/changelog/2025-09-19-deprecation-of-node-20-on-github-actions-runners/
2026-09-22T20:48:54.5094244Z ##[group]Run actions/cache@v4
2026-09-22T20:48:54.5094532Z with:
2026-09-22T20:48:54.5094778Z   path: /opt/yosys
2026-09-22T20:48:54.5095040Z   key: yosys-v0.66-Linux
2026-09-22T20:48:54.5095328Z   enableCrossOsArchive: false
2026-09-22T20:48:54.5095649Z   fail-on-cache-miss: false
2026-09-22T20:48:54.5095963Z   lookup-only: false
2026-09-22T20:48:54.5096244Z   save-always: false
2026-09-22T20:48:54.5096683Z env:
2026-09-22T20:48:54.5096924Z   VERILATOR_VERSION: v5.050
2026-09-22T20:48:54.5097200Z   YOSYS_VERSION: v0.66
2026-09-22T20:48:54.5097507Z   TSN_GEN_REV: deca300c9eb4863fa13383b45ba6cb6fd0828671
2026-09-22T20:48:54.5097886Z ##[endgroup]
2026-09-22T20:48:54.6195906Z (node:2341) [DEP0040] DeprecationWarning: The `punycode` module is deprecated. Please use a userland alternative instead.
2026-09-22T20:48:54.6197446Z (Use `node --trace-deprecation ...` to show where the warning was created)
2026-09-22T20:48:54.8809134Z Cache hit for: yosys-v0.66-Linux
2026-09-22T20:48:54.8959504Z (node:2341) [DEP0169] DeprecationWarning: `url.parse()` behavior is not standardized and prone to errors that have security implications. Use the WHATWG URL API instead. CVEs are not issued for `url.parse()` vulnerabilities.
2026-09-22T20:48:56.1878364Z Received 0 of 19685025 (0.0%), 0.0 MBs/sec
2026-09-22T20:48:56.3681870Z Received 19685025 of 19685025 (100.0%), 15.9 MBs/sec
2026-09-22T20:48:56.3682864Z Cache Size: ~19 MB (19685025 B)
2026-09-22T20:48:56.3715962Z [command]/usr/bin/tar -xf /home/runner/work/_temp/cb313898-c4a1-43d7-a8ee-9c4583ea16cf/cache.tzst -P -C /home/runner/work/milan-fpga/milan-fpga --use-compress-program unzstd
2026-09-22T20:48:56.4870719Z Cache restored successfully
2026-09-22T20:48:56.4962137Z Cache restored from key: yosys-v0.66-Linux
2026-09-22T20:48:56.5120304Z ##[group]Run set -euo pipefail
2026-09-22T20:48:56.5120658Z [36;1mset -euo pipefail[0m
2026-09-22T20:48:56.5120929Z [36;1msudo apt-get update -qq[0m
2026-09-22T20:48:56.5121318Z [36;1msudo apt-get install -y --no-install-recommends libjemalloc2[0m
2026-09-22T20:48:56.5121827Z [36;1msudo ln -sf /opt/yosys/bin/yosys /opt/yosys/bin/yosys-abc /usr/local/bin/[0m
2026-09-22T20:48:56.5122239Z [36;1mtest -x /opt/yosys/bin/yosys-abc[0m
2026-09-22T20:48:56.5122566Z [36;1mecho "bundled ABC: $(cat /opt/yosys/ABC_REV)"[0m
2026-09-22T20:48:56.5122873Z [36;1myosys -V[0m
2026-09-22T20:48:56.5123139Z [36;1myosys -V | grep -F "Yosys ${YOSYS_VERSION#v}"[0m
2026-09-22T20:48:56.5162198Z shell: /usr/bin/bash -e {0}
2026-09-22T20:48:56.5162481Z env:
2026-09-22T20:48:56.5162731Z   VERILATOR_VERSION: v5.050
2026-09-22T20:48:56.5163015Z   YOSYS_VERSION: v0.66
2026-09-22T20:48:56.5163308Z   TSN_GEN_REV: deca300c9eb4863fa13383b45ba6cb6fd0828671
2026-09-22T20:48:56.5163648Z ##[endgroup]
2026-09-22T20:49:02.7028153Z Reading package lists...
2026-09-22T20:49:02.9606943Z Building dependency tree...
2026-09-22T20:49:02.9614666Z Reading state information...
2026-09-22T20:49:03.1763167Z The following NEW packages will be installed:
2026-09-22T20:49:03.1769113Z   libjemalloc2
2026-09-22T20:49:03.1951721Z 0 upgraded, 1 newly installed, 0 to remove and 88 not upgraded.
2026-09-22T20:49:03.1952194Z Need to get 256 kB of archives.
2026-09-22T20:49:03.1952564Z After this operation, 859 kB of additional disk space will be used.
2026-09-22T20:49:03.1952985Z Get:1 file:/etc/apt/apt-mirrors.txt Mirrorlist [144 B]
2026-09-22T20:49:03.3897400Z Get:2 http://azure.archive.ubuntu.com/ubuntu noble/universe amd64 libjemalloc2 amd64 5.3.0-2build1 [256 kB]
2026-09-22T20:49:03.6789780Z Fetched 256 kB in 0s (1177 kB/s)
2026-09-22T20:49:03.7034820Z Selecting previously unselected package libjemalloc2:amd64.
2026-09-22T20:49:03.7323816Z (Reading database ... 
2026-09-22T20:49:03.7324313Z (Reading database ... 5%
2026-09-22T20:49:03.7324798Z (Reading database ... 10%
2026-09-22T20:49:03.7328243Z (Reading database ... 15%
2026-09-22T20:49:03.7329363Z (Reading database ... 20%
2026-09-22T20:49:03.7329941Z (Reading database ... 25%
2026-09-22T20:49:03.7330525Z (Reading database ... 30%
2026-09-22T20:49:03.7331058Z (Reading database ... 35%
2026-09-22T20:49:03.7331551Z (Reading database ... 40%
2026-09-22T20:49:03.7332076Z (Reading database ... 45%
2026-09-22T20:49:03.7332705Z (Reading database ... 50%
2026-09-22T20:49:03.7383539Z (Reading database ... 55%
2026-09-22T20:49:03.8584419Z (Reading database ... 60%
2026-09-22T20:49:04.0143164Z (Reading database ... 65%
2026-09-22T20:49:04.2176510Z (Reading database ... 70%
2026-09-22T20:49:04.3166069Z (Reading database ... 75%
2026-09-22T20:49:04.4789817Z (Reading database ... 80%
2026-09-22T20:49:04.6627912Z (Reading database ... 85%
2026-09-22T20:49:04.8204478Z (Reading database ... 90%
2026-09-22T20:49:04.9712411Z (Reading database ... 95%
2026-09-22T20:49:04.9713034Z (Reading database ... 100%
2026-09-22T20:49:04.9713819Z (Reading database ... 201818 files and directories currently installed.)
2026-09-22T20:49:04.9761726Z Preparing to unpack .../libjemalloc2_5.3.0-2build1_amd64.deb ...
2026-09-22T20:49:04.9803515Z Unpacking libjemalloc2:amd64 (5.3.0-2build1) ...
2026-09-22T20:49:05.0217356Z Setting up libjemalloc2:amd64 (5.3.0-2build1) ...
2026-09-22T20:49:05.0247130Z Processing triggers for libc-bin (2.39-0ubuntu8.8) ...
2026-09-22T20:49:05.7135611Z 
2026-09-22T20:49:05.7136932Z Running kernel seems to be up-to-date.
2026-09-22T20:49:05.7138067Z 
2026-09-22T20:49:05.7138333Z No services need to be restarted.
2026-09-22T20:49:05.7138791Z 
2026-09-22T20:49:05.7138974Z No containers need to be restarted.
2026-09-22T20:49:05.7139251Z 
2026-09-22T20:49:05.7139441Z No user sessions are running outdated binaries.
2026-09-22T20:49:05.7139779Z 
2026-09-22T20:49:05.7140084Z No VM guests are running outdated hypervisor (qemu) binaries on this host.
2026-09-22T20:49:06.9625984Z bundled ABC: 5d51a5e420f5de493d07bf61109a977248c86ffb
2026-09-22T20:49:06.9657363Z Yosys 0.66 (git sha1 86f2ddebc, g++ 13.3.0-6ubuntu2~24.04.1 -fPIC -O3)
2026-09-22T20:49:06.9704772Z Yosys 0.66 (git sha1 86f2ddebc, g++ 13.3.0-6ubuntu2~24.04.1 -fPIC -O3)
2026-09-22T20:49:06.9782045Z ##[group]Run set -euo pipefail
2026-09-22T20:49:06.9782657Z [36;1mset -euo pipefail[0m
2026-09-22T20:49:06.9783109Z [36;1mver=v0.0.12[0m
2026-09-22T20:49:06.9783774Z [36;1msha256=ff8c9eea5bc029b372fb4953427625cddb7cf7e58c1240623ac9f260818d5a00[0m
2026-09-22T20:49:06.9784892Z [36;1murl="https://github.com/zachjs/sv2v/releases/download/${ver}/sv2v-Linux.zip"[0m
2026-09-22T20:49:06.9785725Z [36;1mcurl -fsSL "$url" -o /tmp/sv2v.zip[0m
2026-09-22T20:49:06.9786732Z [36;1mecho "${sha256}  /tmp/sv2v.zip" | sha256sum -c -[0m
2026-09-22T20:49:06.9787424Z [36;1munzip -q -o /tmp/sv2v.zip -d /tmp/sv2v[0m
2026-09-22T20:49:06.9788099Z [36;1msudo install -m755 "$(find /tmp/sv2v -name sv2v -type f | head -1)" \[0m
2026-09-22T20:49:06.9788581Z [36;1m  /usr/local/bin/sv2v[0m
2026-09-22T20:49:06.9788839Z [36;1msv2v --version[0m
2026-09-22T20:49:06.9827046Z shell: /usr/bin/bash -e {0}
2026-09-22T20:49:06.9827320Z env:
2026-09-22T20:49:06.9827536Z   VERILATOR_VERSION: v5.050
2026-09-22T20:49:06.9827850Z   YOSYS_VERSION: v0.66
2026-09-22T20:49:06.9828131Z   TSN_GEN_REV: deca300c9eb4863fa13383b45ba6cb6fd0828671
2026-09-22T20:49:06.9828445Z ##[endgroup]
2026-09-22T20:49:07.2794483Z /tmp/sv2v.zip: OK
2026-09-22T20:49:07.3642559Z sv2v v0.0.12
2026-09-22T20:49:07.3794072Z Node 20 is being deprecated. This workflow is running with Node 24 by default. If you need to temporarily use Node 20, you can set the ACTIONS_ALLOW_USE_UNSECURE_NODE_VERSION=true environment variable. For more information see: https://github.blog/changelog/2025-09-19-deprecation-of-node-20-on-github-actions-runners/
2026-09-22T20:49:07.3796831Z ##[group]Run actions/cache@v4
2026-09-22T20:49:07.3797231Z with:
2026-09-22T20:49:07.3797609Z   path: /home/runner/work/_temp/yosys-result-cache
2026-09-22T20:49:07.3798352Z   key: yosys-results-v0.66-shard3-aa91e1adc299ccb979022981bafd07e8d8d1756a
2026-09-22T20:49:07.3799109Z   restore-keys: yosys-results-v0.66-shard3-
2026-09-22T20:49:07.3799626Z   enableCrossOsArchive: false
2026-09-22T20:49:07.3800083Z   fail-on-cache-miss: false
2026-09-22T20:49:07.3800487Z   lookup-only: false
2026-09-22T20:49:07.3800842Z   save-always: false
2026-09-22T20:49:07.3801173Z env:
2026-09-22T20:49:07.3801508Z   VERILATOR_VERSION: v5.050
2026-09-22T20:49:07.3801934Z   YOSYS_VERSION: v0.66
2026-09-22T20:49:07.3802378Z   TSN_GEN_REV: deca300c9eb4863fa13383b45ba6cb6fd0828671
2026-09-22T20:49:07.3802906Z ##[endgroup]
2026-09-22T20:49:07.4922891Z (node:2843) [DEP0040] DeprecationWarning: The `punycode` module is deprecated. Please use a userland alternative instead.
2026-09-22T20:49:07.4923896Z (Use `node --trace-deprecation ...` to show where the warning was created)
2026-09-22T20:49:07.7526950Z Cache hit for restore-key: yosys-results-v0.66-shard3-483a133ed08867ea0d300d2b4a027b5b48a4282f
2026-09-22T20:49:07.7669525Z (node:2843) [DEP0169] DeprecationWarning: `url.parse()` behavior is not standardized and prone to errors that have security implications. Use the WHATWG URL API instead. CVEs are not issued for `url.parse()` vulnerabilities.
2026-09-22T20:49:08.1984741Z Received 22918 of 22918 (100.0%), 0.2 MBs/sec
2026-09-22T20:49:08.1985628Z Cache Size: ~0 MB (22918 B)
2026-09-22T20:49:08.2022542Z [command]/usr/bin/tar -xf /home/runner/work/_temp/bde47d75-d317-4234-a8fa-a8073a957b61/cache.tzst -P -C /home/runner/work/milan-fpga/milan-fpga --use-compress-program unzstd
2026-09-22T20:49:08.2165750Z Cache restored successfully
2026-09-22T20:49:08.2247881Z Cache restored from key: yosys-results-v0.66-shard3-483a133ed08867ea0d300d2b4a027b5b48a4282f
2026-09-22T20:49:08.2355319Z ##[group]Run syn/yosys/run.sh --shard "3/4" \
2026-09-22T20:49:08.2355728Z [36;1msyn/yosys/run.sh --shard "3/4" \[0m
2026-09-22T20:49:08.2356085Z [36;1m  --results "$RUNNER_TEMP/yosys-results" \[0m
2026-09-22T20:49:08.2356751Z [36;1m  --cache "$RUNNER_TEMP/yosys-result-cache"[0m
2026-09-22T20:49:08.2393995Z shell: /usr/bin/bash -e {0}
2026-09-22T20:49:08.2394273Z env:
2026-09-22T20:49:08.2394482Z   VERILATOR_VERSION: v5.050
2026-09-22T20:49:08.2394751Z   YOSYS_VERSION: v0.66
2026-09-22T20:49:08.2395049Z   TSN_GEN_REV: deca300c9eb4863fa13383b45ba6cb6fd0828671
2026-09-22T20:49:08.2395383Z ##[endgroup]
2026-09-22T20:49:08.6704409Z == Yosys open-synthesis check (synth, via sv2v; shard 3/4) ==
2026-09-22T20:49:08.6705146Z    yosys allocator: /lib/x86_64-linux-gnu/libjemalloc.so.2
2026-09-22T20:49:08.7504323Z   [PASS] cdc_handshake          cells=143  (result cache)
2026-09-22T20:49:08.8740507Z   [PASS] rx_mac_filter          cells=5350  (result cache)
2026-09-22T20:49:09.4178070Z   [PASS] milan_csr              cells=70355  (result cache)
2026-09-22T20:49:09.5301478Z   [PASS] KL_gptp_txticket       cells=259  (result cache)
2026-09-22T20:49:09.7298339Z   [PASS] KL_gptp_gmii_launch    cells=759  (result cache)
2026-09-22T20:49:09.8873980Z   [PASS] avtp_stream_parser     cells=2967  (result cache)
2026-09-22T20:49:10.1982081Z   [PASS] KL_avtp_rx_monitor_ctx cells=9817  (result cache)
2026-09-22T20:49:10.3371861Z   [PASS] KL_tdm_capture         cells=1178  (result cache)
2026-09-22T20:49:10.4977570Z   [PASS] KL_aes3_tx             cells=1478  (result cache)
2026-09-22T20:49:10.6684395Z   [PASS] KL_crf_tx              cells=2726  (result cache)
2026-09-22T20:49:10.8944141Z   [PASS] KL_mmcm_drp_servo      cells=4192  (result cache)
2026-09-22T20:49:11.0110947Z   [PASS] KL_media_grid_align    cells=1162  (result cache)
2026-09-22T20:49:11.1300750Z   [PASS] KL_link_guard          cells=460  (result cache)
2026-09-22T20:49:11.3585385Z   [PASS] KL_render_setpoint     cells=162918  (result cache)
2026-09-22T20:49:11.5525332Z   [PASS] KL_tdm_render_master   cells=4213  (result cache)
2026-09-22T20:49:11.8062280Z   [PASS] KL_chan_map_capture    cells=43858  (result cache)
2026-09-22T20:49:11.8996909Z   [PASS] KL_tone_gen            cells=1127  (result cache)
2026-09-22T20:49:12.0518956Z   [PASS] credit_based_shaper    cells=6717  (result cache)
2026-09-22T20:49:12.1738972Z   [PASS] timestamp_counter      cells=1597  (result cache)
2026-09-22T20:49:12.2602789Z   [PASS] event_counter          cells=95  (result cache)
2026-09-22T20:49:12.5412368Z   [PASS] classifier_wrap        cells=2865  (result cache)
2026-09-22T20:49:12.9741205Z   [PASS] datapath_wrap          cells=185015  (result cache)
2026-09-22T20:49:13.3350382Z   [PASS] ptp_ts_top             cells=5179  (result cache)
2026-09-22T20:49:13.4463710Z   [PASS] KL_pp_maap_shim        cells=447  (result cache)
2026-09-22T20:49:13.6977691Z   [PASS] KL_nvm_backend         cells=7798  (result cache)
2026-09-22T20:49:13.8542814Z   [PASS] axis_arb_mux           cells=177  (result cache)
2026-09-22T20:49:13.8562786Z --------------------------------------------------------------
2026-09-22T20:49:13.8563718Z tops: 26   pass: 26   fail: 0
2026-09-22T20:49:13.8568919Z RESULT: PASS
2026-09-22T20:49:13.8569345Z structural checks: skipped in this worker
2026-09-22T20:49:13.8656578Z Node 20 is being deprecated. This workflow is running with Node 24 by default. If you need to temporarily use Node 20, you can set the ACTIONS_ALLOW_USE_UNSECURE_NODE_VERSION=true environment variable. For more information see: https://github.blog/changelog/2025-09-19-deprecation-of-node-20-on-github-actions-runners/
2026-09-22T20:49:13.8658033Z ##[group]Run actions/upload-artifact@v4
2026-09-22T20:49:13.8658323Z with:
2026-09-22T20:49:13.8658530Z   name: yosys-results-3
2026-09-22T20:49:13.8658798Z   path: /home/runner/work/_temp/yosys-results
2026-09-22T20:49:13.8659128Z   if-no-files-found: error
2026-09-22T20:49:13.8659371Z   retention-days: 3
2026-09-22T20:49:13.8659594Z   compression-level: 6
2026-09-22T20:49:13.8659817Z   overwrite: false
2026-09-22T20:49:13.8660039Z   include-hidden-files: false
2026-09-22T20:49:13.8660285Z env:
2026-09-22T20:49:13.8660476Z   VERILATOR_VERSION: v5.050
2026-09-22T20:49:13.8660714Z   YOSYS_VERSION: v0.66
2026-09-22T20:49:13.8661026Z   TSN_GEN_REV: deca300c9eb4863fa13383b45ba6cb6fd0828671
2026-09-22T20:49:13.8661360Z ##[endgroup]
2026-09-22T20:49:14.0460836Z (node:3325) [DEP0040] DeprecationWarning: The `punycode` module is deprecated. Please use a userland alternative instead.
2026-09-22T20:49:14.0462095Z (Use `node --trace-deprecation ...` to show where the warning was created)
2026-09-22T20:49:14.0618436Z With the provided path, there will be 27 files uploaded
2026-09-22T20:49:14.0620028Z Artifact name is valid!
2026-09-22T20:49:14.0620503Z Root directory input is valid!
2026-09-22T20:49:14.4662341Z Beginning upload of artifact content to blob storage
2026-09-22T20:49:14.5170817Z (node:3325) [DEP0169] DeprecationWarning: `url.parse()` behavior is not standardized and prone to errors that have security implications. Use the WHATWG URL API instead. CVEs are not issued for `url.parse()` vulnerabilities.
2026-09-22T20:49:14.7937963Z Uploaded bytes 5838
2026-09-22T20:49:14.8705950Z Finished uploading artifact content to blob storage!
2026-09-22T20:49:14.8707930Z SHA256 digest of uploaded artifact zip is 930d1f4c27a40a69ad4c9033cf109d4679db451a7e0cb614d5393e20f0485dba
2026-09-22T20:49:14.8709346Z Finalizing artifact upload
2026-09-22T20:49:15.1163141Z Artifact yosys-results-3.zip successfully finalized. Artifact ID 10718384085
2026-09-22T20:49:15.1165322Z Artifact yosys-results-3 has been successfully uploaded! Final size is 5838 bytes. Artifact ID is 10718384085
2026-09-22T20:49:15.1174800Z Artifact download URL: https://github.com/kebag-logic/milan-fpga/actions/runs/35782624367/artifacts/10718384085
2026-09-22T20:49:15.1384588Z Node 20 is being deprecated. This workflow is running with Node 24 by default. If you need to temporarily use Node 20, you can set the ACTIONS_ALLOW_USE_UNSECURE_NODE_VERSION=true environment variable. For more information see: https://github.blog/changelog/2025-09-19-deprecation-of-node-20-on-github-actions-runners/
2026-09-22T20:49:15.1385918Z Post job cleanup.
2026-09-22T20:49:15.2659155Z (node:3338) [DEP0040] DeprecationWarning: The `punycode` module is deprecated. Please use a userland alternative instead.
2026-09-22T20:49:15.2660399Z (Use `node --trace-deprecation ...` to show where the warning was created)
2026-09-22T20:49:15.2869653Z [command]/usr/bin/tar --posix -cf cache.tzst --exclude cache.tzst -P -C /home/runner/work/milan-fpga/milan-fpga --files-from manifest.txt --use-compress-program zstdmt
2026-09-22T20:49:15.5732650Z (node:3338) [DEP0169] DeprecationWarning: `url.parse()` behavior is not standardized and prone to errors that have security implications. Use the WHATWG URL API instead. CVEs are not issued for `url.parse()` vulnerabilities.
2026-09-22T20:49:15.9363831Z Sent 23059 of 23059 (100.0%), 0.1 MBs/sec
2026-09-22T20:49:16.0591642Z Cache saved with key: yosys-results-v0.66-shard3-aa91e1adc299ccb979022981bafd07e8d8d1756a
2026-09-22T20:49:16.0734092Z Node 20 is being deprecated. This workflow is running with Node 24 by default. If you need to temporarily use Node 20, you can set the ACTIONS_ALLOW_USE_UNSECURE_NODE_VERSION=true environment variable. For more information see: https://github.blog/changelog/2025-09-19-deprecation-of-node-20-on-github-actions-runners/
2026-09-22T20:49:16.0736919Z Post job cleanup.
2026-09-22T20:49:16.1916496Z Cache hit occurred on the primary key yosys-v0.66-Linux, not saving cache.
2026-09-22T20:49:16.1918543Z (node:3358) [DEP0040] DeprecationWarning: The `punycode` module is deprecated. Please use a userland alternative instead.
2026-09-22T20:49:16.1919452Z (Use `node --trace-deprecation ...` to show where the warning was created)
2026-09-22T20:49:16.2050737Z Node 20 is being deprecated. This workflow is running with Node 24 by default. If you need to temporarily use Node 20, you can set the ACTIONS_ALLOW_USE_UNSECURE_NODE_VERSION=true environment variable. For more information see: https://github.blog/changelog/2025-09-19-deprecation-of-node-20-on-github-actions-runners/
2026-09-22T20:49:16.2052060Z Post job cleanup.
2026-09-22T20:49:16.2953351Z [command]/usr/bin/git version
2026-09-22T20:49:16.2998631Z git version 2.55.0
2026-09-22T20:49:16.3038302Z Temporarily overriding HOME='/home/runner/work/_temp/6c46be39-d9aa-40cb-8c8b-ad1497d13627' before making global git config changes
2026-09-22T20:49:16.3039762Z Adding repository directory to the temporary git global config as a safe directory
2026-09-22T20:49:16.3044328Z [command]/usr/bin/git config --global --add safe.directory /home/runner/work/milan-fpga/milan-fpga
2026-09-22T20:49:16.3094481Z [command]/usr/bin/git config --local --name-only --get-regexp core\.sshCommand
2026-09-22T20:49:16.3137691Z [command]/usr/bin/git submodule foreach --recursive sh -c "git config --local --name-only --get-regexp 'core\.sshCommand' && git config --local --unset-all 'core.sshCommand' || :"
2026-09-22T20:49:16.3386561Z Entering 'gptp-processor'
2026-09-22T20:49:16.3449439Z Entering 'protocol-processor'
2026-09-22T20:49:16.3494519Z Entering 'third_party/verilog-axis'
2026-09-22T20:49:16.3579806Z [command]/usr/bin/git config --local --name-only --get-regexp http\.https\:\/\/github\.com\/\.extraheader
2026-09-22T20:49:16.3613656Z http.https://github.com/.extraheader
2026-09-22T20:49:16.3629581Z [command]/usr/bin/git config --local --unset-all http.https://github.com/.extraheader
2026-09-22T20:49:16.3673856Z [command]/usr/bin/git submodule foreach --recursive sh -c "git config --local --name-only --get-regexp 'http\.https\:\/\/github\.com\/\.extraheader' && git config --local --unset-all 'http.https://github.com/.extraheader' || :"
2026-09-22T20:49:16.3947061Z Entering 'gptp-processor'
2026-09-22T20:49:16.3991972Z Entering 'protocol-processor'
2026-09-22T20:49:16.4046106Z Entering 'third_party/verilog-axis'
2026-09-22T20:49:16.4114045Z [command]/usr/bin/git config --local --name-only --get-regexp ^includeIf\.gitdir:
2026-09-22T20:49:16.4198086Z [command]/usr/bin/git submodule foreach --recursive git config --local --show-origin --name-only --get-regexp remote.origin.url
2026-09-22T20:49:16.4458862Z Entering 'gptp-processor'
2026-09-22T20:49:16.4480960Z file:/home/runner/work/milan-fpga/milan-fpga/.git/modules/gptp-processor/config	remote.origin.url
2026-09-22T20:49:16.4501060Z Entering 'protocol-processor'
2026-09-22T20:49:16.4522812Z file:/home/runner/work/milan-fpga/milan-fpga/.git/modules/protocol-processor/config	remote.origin.url
2026-09-22T20:49:16.4543162Z Entering 'third_party/verilog-axis'
2026-09-22T20:49:16.4564344Z file:/home/runner/work/milan-fpga/milan-fpga/.git/modules/third_party/verilog-axis/config	remote.origin.url
2026-09-22T20:49:16.4604933Z [command]/usr/bin/git config --file /home/runner/work/milan-fpga/milan-fpga/.git/modules/gptp-processor/config --name-only --get-regexp ^includeIf\.gitdir:
2026-09-22T20:49:16.4654077Z [command]/usr/bin/git config --file /home/runner/work/milan-fpga/milan-fpga/.git/modules/protocol-processor/config --name-only --get-regexp ^includeIf\.gitdir:
2026-09-22T20:49:16.4697963Z [command]/usr/bin/git config --file /home/runner/work/milan-fpga/milan-fpga/.git/modules/third_party/verilog-axis/config --name-only --get-regexp ^includeIf\.gitdir:
2026-09-22T20:49:16.4883273Z Cleaning up orphan processes
2026-09-22T20:49:16.5282826Z ##[warning]Node.js 20 is deprecated. The following actions target Node.js 20 but are being forced to run on Node.js 24: actions/cache@v4, actions/checkout@v4, actions/upload-artifact@v4. For more information see: https://github.blog/changelog/2025-09-19-deprecation-of-node-20-on-github-actions-runners/
