SLEW TRACE long slew, master +90 us: active for 6138826 cycles (2 MHz), final offset 0 ns, trim 1174400
SLEW TRACE long slew, master -90 us: active for 3833378 cycles (2 MHz), final offset -1 ns, trim 1174466
FAIL D2a the pair publishes nothing without its t1 got 00000000f7c4c144 exp 0000000000000259
FAIL D2a lost response left the frozen pair alone value got 00000000f7c4c144 exp 000000000000012d
FAIL D2c the pair publishes nothing without its t1 got 0000000000989d6c exp 00000000000002bd
FAIL D2c lost t1 publishes no delay got 0000000000989d6c exp 00000000000002bd
FAIL D2c cancelled pair stays cancelled got 0000000000989d6c exp 00000000000002bd
FAIL D3a the pair publishes nothing without its t1 got 00000000298e07aa exp 0000000000000259
FAIL D3a successor traffic publishes nothing either got 00000000298e07aa exp 0000000000000259
FAIL D3a the pair computes from its own operands value got 00000000298e07aa exp 0000000000000191
FAIL D3b the pair publishes nothing without its zero t1 got 00000000fbd3bca4 exp 00000000298e07aa
FAIL D3b a zero t1 completes its exchange value got 00000000fbd3bca4 exp 0000000000000259
FAIL D3c the pair publishes nothing before the reset got 0000000004eb026f exp 00000000fbd3bca4
FAIL D3c a real exchange after reset still computes value got 000000000000015f exp 0000000000000285
FAIL D3c a pre-reset t1 cannot pair after reset got 0000000000000259 exp 0000000000000000
FAIL D3d interval 0 waits for its own t1 got 00000000fd04fad1 exp 0000000000000259
FAIL D3d interval 0 keeps its frozen operands value got 00000000fd04fad1 exp 0000000000000259
FAIL D3d interval 1 waits for its own t1 got 000000000007a3b5 exp 00000000fd04fad1
FAIL D3d interval 1 keeps its frozen operands value got 000000000007a3b5 exp 000000000000028a
FAIL D3d interval 2 waits for its own t1 got 000000000007a3e7 exp 000000000007a3b5
FAIL D3d interval 2 keeps its frozen operands value got 000000000007a3e7 exp 00000000000002bc
1613 checks: 1594 PASS, 19 FAIL
