Copyright 1986-2022 Xilinx, Inc. All Rights Reserved. Copyright 2022-2026 Advanced Micro Devices, Inc. All Rights Reserved.
---------------------------------------------------------------------------------------------------------------------------------------------
| Tool Version : Vivado v.2026.1 (lin64) Build 6511674 Tue Jun 16 11:01:26 MDT 2026
| Date         : Thu Sep 24 18:56:32 2026
| Host         : archlinux running 64-bit unknown
| Command      : report_utilization -hierarchical -file util_hier.rpt
| Design       : KL_srp_top
| Device       : xc7a100tfgg484-2
| Speed File   : -2
| Design State : Synthesized
---------------------------------------------------------------------------------------------------------------------------------------------

Utilization Design Information

Table of Contents
-----------------
1. Utilization by Hierarchy

1. Utilization by Hierarchy
---------------------------

+----------------+---------------------+------------+------------+---------+------+-------+--------+--------+------------+
|    Instance    |        Module       | Total LUTs | Logic LUTs | LUTRAMs | SRLs |  FFs  | RAMB36 | RAMB18 | DSP Blocks |
+----------------+---------------------+------------+------------+---------+------+-------+--------+--------+------------+
| KL_srp_top     |               (top) |       7603 |       7409 |     194 |    0 | 10502 |      0 |      1 |          2 |
|   (KL_srp_top) |               (top) |        840 |        840 |       0 |    0 |  3176 |      0 |      0 |          0 |
|   u_admission  |    KL_srp_admission |        749 |        749 |       0 |    0 |   879 |      0 |      0 |          2 |
|   u_decoder    |      KL_srp_decoder |        933 |        933 |       0 |    0 |   631 |      0 |      1 |          0 |
|   u_domain     |       KL_srp_domain |         58 |         58 |       0 |    0 |   108 |      0 |      0 |          0 |
|   u_encoder    |      KL_srp_encoder |       1253 |       1071 |     182 |    0 |  1143 |      0 |      0 |          0 |
|   u_listener   | KL_srp_listener_fsm |       1777 |       1777 |       0 |    0 |  2316 |      0 |      0 |          0 |
|   u_talker     |   KL_srp_talker_fsm |       1894 |       1894 |       0 |    0 |  2178 |      0 |      0 |          0 |
|   u_vlan       |         KL_srp_vlan |         99 |         87 |      12 |    0 |    71 |      0 |      0 |          0 |
+----------------+---------------------+------------+------------+---------+------+-------+--------+--------+------------+


