point pp-ship: rc {'sv2v': 0, 'hierarchical': 0} in 112.4 s
point pp-si3: rc {'sv2v': 0, 'hierarchical': 0} in 125.0 s
point pp-si5: rc {'sv2v': 0, 'hierarchical': 0} in 152.9 s
point pp-si9: rc {'sv2v': 0, 'hierarchical': 0} in 203.6 s
point pp-names-64: rc {'sv2v': 0, 'hierarchical': 0} in 124.7 s
point pp-names-128: rc {'sv2v': 0, 'hierarchical': 0} in 123.3 s
point pp-names-235: rc {'sv2v': 0, 'hierarchical': 0} in 122.4 s
point pp-idx-16: rc {'sv2v': 0, 'hierarchical': 0} in 114.6 s
point pp-idx-64: rc {'sv2v': 0, 'hierarchical': 0} in 108.5 s
point pp-line-288: rc {'sv2v': 0, 'hierarchical': 0} in 107.2 s
point pp-line-1152: rc {'sv2v': 0, 'hierarchical': 0} in 106.0 s
point pp-rxfifo-2048: rc {'sv2v': 0, 'hierarchical': 0} in 107.3 s
point pp-rxfifo-8192: rc {'sv2v': 0, 'hierarchical': 0} in 105.7 s
point pp-units-2: rc {'sv2v': 0, 'hierarchical': 0} in 105.4 s
point pp-units-4: rc {'sv2v': 0, 'hierarchical': 0} in 106.2 s
point pp-controls-2: rc {'sv2v': 0, 'hierarchical': 0} in 107.5 s
point pp-controls-4: rc {'sv2v': 0, 'hierarchical': 0} in 114.6 s
point pp-ctrl-4: rc {'sv2v': 0, 'hierarchical': 0} in 112.8 s
point pp-ctrl-8: rc {'sv2v': 0, 'hierarchical': 0} in 116.6 s
point pp-ctrl-32: rc {'sv2v': 0, 'hierarchical': 0} in 127.4 s
point pp-rxslots-2: rc {'sv2v': 0, 'hierarchical': 0} in 113.2 s
point pp-rxslots-8: rc {'sv2v': 0, 'hierarchical': 0} in 106.1 s
point pp-txslots-2: rc {'sv2v': 0, 'hierarchical': 0} in 102.5 s
point pp-txslots-8: rc {'sv2v': 0, 'hierarchical': 0} in 103.6 s
point pp-rxbytes-288: rc {'sv2v': 0, 'hierarchical': 0} in 103.3 s
point adp-if-1: rc {'sv2v': 0, 'hierarchical': 0} in 12.7 s
point adp-if-2: rc {'sv2v': 0, 'hierarchical': 0} in 13.8 s
point adp-if-4: rc {'sv2v': 0, 'hierarchical': 0} in 13.6 s
point pp-rxbytes-1152: rc {'sv2v': 0, 'hierarchical': 0} in 104.1 s
