Note: Google Test filter = SrpBindingProbe.*:SrpBindingVidProbe.*
[==========] Running 2 tests from 2 test suites.
[----------] Global test environment set-up.
[----------] 1 test from SrpBindingProbe
[ RUN      ] SrpBindingProbe.RegisteredTalkerReachesAcmpAndBindingSurvivesNoTk
  probe: sink 0 acmp state 7 srp bound 1 desired 2
  probe: sink 1 acmp state 7 srp bound 1 desired 2
[       OK ] SrpBindingProbe.RegisteredTalkerReachesAcmpAndBindingSurvivesNoTk (0 ms)
[----------] 1 test from SrpBindingProbe (0 ms total)

[----------] 1 test from SrpBindingVidProbe
[ RUN      ] SrpBindingVidProbe.InvalidVidKeepsTheLoopAwakeWithoutInput
  probe: t=5 s acmp state 6 (6=SETTLED_NO_RSV) srp bound 0 request pending 0
  probe: 12 s without input: 1205 non-idle passes, first idle pass at 1 ms, owed passes 15
[       OK ] SrpBindingVidProbe.InvalidVidKeepsTheLoopAwakeWithoutInput (1 ms)
[----------] 1 test from SrpBindingVidProbe (1 ms total)

[----------] Global test environment tear-down
[==========] 2 tests from 2 test suites ran. (2 ms total)
[  PASSED  ] 2 tests.
== ctrl ADP ACMP MAAP SRP composition: checks: 2   failures: 0 ==
RESULT: PASS
  verdict: PASS (2 tests, 0 failures, exit 0)
[PASS] srp-test_acmp_mbx-if1-endstation_ax7101_1x1_tdm8 filter=SrpBindingProbe.*:SrpBindingVidProbe.* asan=False rc=0
