white 1042 0           r3=('0.9660', '0', '81', '1.000', '153', '0', '7.32') r4=('0.9660', '0', '81', '1.000', '153', '0', '7.32') match
white 1042 300         r3=('0.9660', '0', '92', '1.000', '152', '0', '7.32') r4=('0.9660', '0', '92', '1.000', '152', '0', '7.32') match
white 1426 0           r3=('0.9660', '0', '104', '1.000', '184', '0', '7.32') r4=('0.9660', '0', '104', '1.000', '184', '0', '7.32') match
white 1426 300         r3=('0.9660', '0', '124', '1.000', '197', '0', '7.32') r4=('0.9660', '0', '124', '1.000', '197', '0', '7.32') match
galt 1042 0            r3=('0.9660', '0', '0', '1.000', '165', '0', '7.32') r4=('0.9660', '0', '0', '1.000', '165', '0', '7.32') match
galt 1042 300          r3=('0.9660', '0', '0', '1.000', '156', '0', '7.32') r4=('0.9660', '0', '0', '1.000', '156', '0', '7.32') match
galt 1426 0            r3=('0.9660', '0', '0', '1.000', '137', '0', '7.32') r4=('0.9660', '0', '0', '1.000', '137', '0', '7.32') match
galt 1426 300          r3=('0.9660', '0', '0', '1.000', '134', '0', '7.32') r4=('0.9660', '0', '0', '1.000', '134', '0', '7.32') match
gsign 1042 0           r3=('0.9660', '0', '261', '1.000', '539', '0', '7.32') r4=('0.9660', '0', '261', '1.000', '539', '0', '7.32') match
gsign 1042 300         r3=('0.9660', '0', '261', '1.000', '541', '0', '7.32') r4=('0.9660', '0', '261', '1.000', '541', '0', '7.32') match
gsign 1426 0           r3=('0.9660', '0', '357', '1.000', '754', '0', '7.32') r4=('0.9660', '0', '357', '1.000', '754', '0', '7.32') match
gsign 1426 300         r3=('0.9660', '0', '357', '1.000', '696', '0', '8.35') r4=('0.9660', '0', '357', '1.000', '696', '0', '8.35') match
guni 1042 0            r3=('0.9660', '0', '245', '1.000', '325', '0', '7.32') r4=('0.9660', '0', '245', '1.000', '325', '0', '7.32') match
guni 1042 300          r3=('0.9660', '0', '241', '1.000', '348', '0', '7.32') r4=('0.9660', '0', '241', '1.000', '348', '0', '7.32') match
guni 1426 0            r3=('0.9660', '0', '346', '1.000', '458', '0', '7.32') r4=('0.9660', '0', '346', '1.000', '458', '0', '7.32') match
guni 1426 300          r3=('0.9660', '0', '316', '1.000', '466', '0', '7.32') r4=('0.9660', '0', '316', '1.000', '466', '0', '7.32') match
sine10 1042 0          r3=('0.9660', '0', '231', '1.000', '272', '0', '7.32') r4=('0.9660', '0', '231', '1.000', '272', '0', '7.32') match
sine10 1042 300        r3=('0.9660', '0', '231', '1.000', '263', '0', '7.32') r4=('0.9660', '0', '231', '1.000', '263', '0', '7.32') match
sine10 1426 0          r3=('0.9660', '0', '317', '1.000', '345', '0', '7.32') r4=('0.9660', '0', '317', '1.000', '345', '0', '7.32') match
sine10 1426 300        r3=('0.9660', '0', '317', '1.000', '361', '0', '7.32') r4=('0.9660', '0', '317', '1.000', '361', '0', '7.32') match
sine100 1042 0         r3=('0.9660', '0', '33', '1.000', '134', '0', '7.32') r4=('0.9660', '0', '33', '1.000', '134', '0', '7.32') match
sine100 1042 300       r3=('0.9660', '0', '33', '1.000', '158', '0', '7.32') r4=('0.9660', '0', '33', '1.000', '158', '0', '7.32') match
sine100 1426 0         r3=('0.9660', '0', '45', '1.000', '174', '0', '7.32') r4=('0.9660', '0', '45', '1.000', '174', '0', '7.32') match
sine100 1426 300       r3=('0.9660', '0', '45', '1.000', '181', '0', '7.32') r4=('0.9660', '0', '45', '1.000', '181', '0', '7.32') match
sine1000 1042 0        r3=('0.9660', '0', '78', '1.000', '264', '0', '7.32') r4=('0.9660', '0', '78', '1.000', '264', '0', '7.32') match
sine1000 1042 300      r3=('0.9660', '0', '78', '1.000', '247', '0', '7.32') r4=('0.9660', '0', '78', '1.000', '247', '0', '7.32') match
sine1000 1426 0        r3=('0.9660', '0', '106', '1.000', '316', '0', '7.32') r4=('0.9660', '0', '106', '1.000', '316', '0', '7.32') match
sine1000 1426 300      r3=('0.9660', '0', '106', '1.000', '282', '0', '7.32') r4=('0.9660', '0', '106', '1.000', '282', '0', '7.32') match
sine2000 1042 0        r3=('0.9660', '0', '40', '1.000', '120', '0', '7.32') r4=('0.9660', '0', '40', '1.000', '120', '0', '7.32') match
sine2000 1042 300      r3=('0.9660', '0', '40', '1.000', '94', '0', '7.32') r4=('0.9660', '0', '40', '1.000', '94', '0', '7.32') match
sine2000 1426 0        r3=('0.9660', '0', '54', '1.000', '127', '0', '7.32') r4=('0.9660', '0', '54', '1.000', '127', '0', '7.32') match
sine2000 1426 300      r3=('0.9660', '0', '54', '1.000', '133', '0', '7.32') r4=('0.9660', '0', '54', '1.000', '133', '0', '7.32') match
sine5000 1042 0        r3=('0.9660', '0', '141', '1.000', '191', '0', '7.32') r4=('0.9660', '0', '141', '1.000', '191', '0', '7.32') match
sine5000 1042 300      r3=('0.9660', '0', '141', '1.000', '178', '0', '7.32') r4=('0.9660', '0', '141', '1.000', '178', '0', '7.32') match
sine5000 1426 0        r3=('0.9660', '0', '192', '1.000', '212', '0', '7.32') r4=('0.9660', '0', '192', '1.000', '212', '0', '7.32') match
sine5000 1426 300      r3=('0.9660', '0', '192', '1.000', '228', '0', '7.32') r4=('0.9660', '0', '192', '1.000', '228', '0', '7.32') match
adv 1042 0             r3=('0.9660', '0', '261', '1.000', '582', '0', '7.32') r4=('0.9660', '0', '261', '1.000', '582', '0', '7.32') match
adv 1042 300           r3=('0.9660', '0', '261', '1.000', '559', '0', '7.32') r4=('0.9660', '0', '261', '1.000', '559', '0', '7.32') match
adv 1426 0             r3=('0.9660', '0', '357', '1.000', '773', '0', '7.32') r4=('0.9660', '0', '357', '1.000', '773', '0', '7.32') match
adv 1426 300           r3=('0.9660', '0', '357', '1.000', '760', '0', '7.32') r4=('0.9660', '0', '357', '1.000', '760', '0', '7.32') match
compared 40 cases; identical 40
