[ok] binding-debug-guard: SynchronousBindingFromOutputAsserts / failed to die
[ok] binding-delivery-missing: SrpBinding.BindIsDeferredAndKeepsEverySinkAndInterface / binding delivered
[ok] binding-synchronous: SrpBinding.BindIsDeferredAndKeepsEverySinkAndInterface / callback only queues the binding
[ok] binding-poll-adds-access: SrpBinding.BindIsDeferredAndKeepsEverySinkAndInterface / binding poll makes no mailbox access
[ok] binding-interface-lost: SrpBinding.BindIsDeferredAndKeepsEverySinkAndInterface / binding delivered
[ok] binding-sink-lost: SrpBinding.BindIsDeferredAndKeepsEverySinkAndInterface / binding delivered
[ok] binding-refusal-dropped: SrpBinding.RefusedReceiveRetriesAfterRecoveryOrExpiry / binding delivered
[ok] binding-owed-retry-dropped: SrpBinding.OwedTransmissionRetriesAfterCommit / binding delivered
[ok] binding-unbind-lost: SrpBinding.UnbindCancelsPendingAndWithdrawsAcceptedBinding / unbind supersedes pending bind
[ok] binding-replacement-lost: SrpBinding.ReplacementSupersedesPendingIdentity / stream identity delivered
[ok] binding-pending-sleeps: SrpBinding.RefusedReceiveRetriesAfterRecoveryOrExpiry / pending binding keeps service awake
[ok] binding-count-overflow: SrpBinding.AttachmentRefusesMissingRoomAndShapeWithoutPartialBinding / ctrl_app_attach_srp
[ok] binding-poll-overflow: SrpBinding.AttachmentRefusesMissingRoomAndShapeWithoutPartialBinding / ctrl_app_attach_srp
[ok] binding-reattach-recurses: SrpBinding.AttachmentRefusesMissingRoomAndShapeWithoutPartialBinding / recompose before replacing the attached adapter
[ok] srp-bound-event: EventReceiveAndTransmitPollFitTheirMeasuredBounds / SRP event bound
[ok] srp-bound-receive: EventReceiveAndTransmitPollFitTheirMeasuredBounds / SRP refused receive bound
[ok] srp-bound-poll-transmit: EventReceiveAndTransmitPollFitTheirMeasuredBounds / SRP transmitting poll bound
[ok] srp-bound-poll: EventReceiveAndTransmitPollFitTheirMeasuredBounds / SRP retained receive poll bound
[ok] srp-bound-tx-record: EventReceiveAndTransmitPollFitTheirMeasuredBounds / SRP maximum TX record bound
[ok] srp-bound-rx-record: EventReceiveAndTransmitPollFitTheirMeasuredBounds / SRP maximum RX record bound
[ok] srp-bound-pass: EventReceiveAndTransmitPollFitTheirMeasuredBounds / SRP complete pass bound
wrote $SCRATCH/new-plants-if2/work/build/srp-debug-if2-endstation_ax7101_1x1_tdm8/contract/KL_mbx_pkg.sv (2 interfaces)
wrote $SCRATCH/new-plants-if2/work/build/srp-debug-if2-endstation_ax7101_1x1_tdm8/contract/KL_mbx.sv (2 interfaces)
wrote $SCRATCH/new-plants-if2/work/build/srp-debug-if2-endstation_ax7101_1x1_tdm8/contract/mbx_contract.h (2 interfaces)
[ok] binding-debug-guard: SynchronousBindingFromOutputAsserts / failed to die
wrote $SCRATCH/new-plants-if2/work/build/srp-test_acmp_mbx-if2-endstation_ax7101_1x1_tdm8/contract/KL_mbx_pkg.sv (2 interfaces)
wrote $SCRATCH/new-plants-if2/work/build/srp-test_acmp_mbx-if2-endstation_ax7101_1x1_tdm8/contract/KL_mbx.sv (2 interfaces)
wrote $SCRATCH/new-plants-if2/work/build/srp-test_acmp_mbx-if2-endstation_ax7101_1x1_tdm8/contract/mbx_contract.h (2 interfaces)
[ok] binding-delivery-missing: SrpBinding.BindIsDeferredAndKeepsEverySinkAndInterface / binding delivered
wrote $SCRATCH/new-plants-if2/work/build/srp-test_acmp_mbx-if2-endstation_ax7101_1x1_tdm8/contract/KL_mbx_pkg.sv (2 interfaces)
wrote $SCRATCH/new-plants-if2/work/build/srp-test_acmp_mbx-if2-endstation_ax7101_1x1_tdm8/contract/KL_mbx.sv (2 interfaces)
wrote $SCRATCH/new-plants-if2/work/build/srp-test_acmp_mbx-if2-endstation_ax7101_1x1_tdm8/contract/mbx_contract.h (2 interfaces)
[ok] binding-synchronous: SrpBinding.BindIsDeferredAndKeepsEverySinkAndInterface / callback only queues the binding
wrote $SCRATCH/new-plants-if2/work/build/srp-test_acmp_mbx-if2-endstation_ax7101_1x1_tdm8/contract/KL_mbx_pkg.sv (2 interfaces)
wrote $SCRATCH/new-plants-if2/work/build/srp-test_acmp_mbx-if2-endstation_ax7101_1x1_tdm8/contract/KL_mbx.sv (2 interfaces)
wrote $SCRATCH/new-plants-if2/work/build/srp-test_acmp_mbx-if2-endstation_ax7101_1x1_tdm8/contract/mbx_contract.h (2 interfaces)
[ok] binding-poll-adds-access: SrpBinding.BindIsDeferredAndKeepsEverySinkAndInterface / binding poll makes no mailbox access
wrote $SCRATCH/new-plants-if2/work/build/srp-test_acmp_mbx-if2-endstation_ax7101_1x1_tdm8/contract/KL_mbx_pkg.sv (2 interfaces)
wrote $SCRATCH/new-plants-if2/work/build/srp-test_acmp_mbx-if2-endstation_ax7101_1x1_tdm8/contract/KL_mbx.sv (2 interfaces)
wrote $SCRATCH/new-plants-if2/work/build/srp-test_acmp_mbx-if2-endstation_ax7101_1x1_tdm8/contract/mbx_contract.h (2 interfaces)
[ok] binding-interface-lost: SrpBinding.BindIsDeferredAndKeepsEverySinkAndInterface / binding delivered
wrote $SCRATCH/new-plants-if2/work/build/srp-test_acmp_mbx-if2-endstation_ax7101_1x1_tdm8/contract/KL_mbx_pkg.sv (2 interfaces)
wrote $SCRATCH/new-plants-if2/work/build/srp-test_acmp_mbx-if2-endstation_ax7101_1x1_tdm8/contract/KL_mbx.sv (2 interfaces)
wrote $SCRATCH/new-plants-if2/work/build/srp-test_acmp_mbx-if2-endstation_ax7101_1x1_tdm8/contract/mbx_contract.h (2 interfaces)
[ok] binding-sink-lost: SrpBinding.BindIsDeferredAndKeepsEverySinkAndInterface / binding delivered
wrote $SCRATCH/new-plants-if2/work/build/srp-test_acmp_mbx-if2-endstation_ax7101_1x1_tdm8/contract/KL_mbx_pkg.sv (2 interfaces)
wrote $SCRATCH/new-plants-if2/work/build/srp-test_acmp_mbx-if2-endstation_ax7101_1x1_tdm8/contract/KL_mbx.sv (2 interfaces)
wrote $SCRATCH/new-plants-if2/work/build/srp-test_acmp_mbx-if2-endstation_ax7101_1x1_tdm8/contract/mbx_contract.h (2 interfaces)
[ok] binding-refusal-dropped: SrpBinding.RefusedReceiveRetriesAfterRecoveryOrExpiry / binding delivered
wrote $SCRATCH/new-plants-if2/work/build/srp-test_acmp_mbx-if2-endstation_ax7101_1x1_tdm8/contract/KL_mbx_pkg.sv (2 interfaces)
wrote $SCRATCH/new-plants-if2/work/build/srp-test_acmp_mbx-if2-endstation_ax7101_1x1_tdm8/contract/KL_mbx.sv (2 interfaces)
wrote $SCRATCH/new-plants-if2/work/build/srp-test_acmp_mbx-if2-endstation_ax7101_1x1_tdm8/contract/mbx_contract.h (2 interfaces)
[ok] binding-owed-retry-dropped: SrpBinding.OwedTransmissionRetriesAfterCommit / binding delivered
wrote $SCRATCH/new-plants-if2/work/build/srp-test_acmp_mbx-if2-endstation_ax7101_1x1_tdm8/contract/KL_mbx_pkg.sv (2 interfaces)
wrote $SCRATCH/new-plants-if2/work/build/srp-test_acmp_mbx-if2-endstation_ax7101_1x1_tdm8/contract/KL_mbx.sv (2 interfaces)
wrote $SCRATCH/new-plants-if2/work/build/srp-test_acmp_mbx-if2-endstation_ax7101_1x1_tdm8/contract/mbx_contract.h (2 interfaces)
[ok] binding-unbind-lost: SrpBinding.UnbindCancelsPendingAndWithdrawsAcceptedBinding / unbind supersedes pending bind
wrote $SCRATCH/new-plants-if2/work/build/srp-test_acmp_mbx-if2-endstation_ax7101_1x1_tdm8/contract/KL_mbx_pkg.sv (2 interfaces)
wrote $SCRATCH/new-plants-if2/work/build/srp-test_acmp_mbx-if2-endstation_ax7101_1x1_tdm8/contract/KL_mbx.sv (2 interfaces)
wrote $SCRATCH/new-plants-if2/work/build/srp-test_acmp_mbx-if2-endstation_ax7101_1x1_tdm8/contract/mbx_contract.h (2 interfaces)
[ok] binding-replacement-lost: SrpBinding.ReplacementSupersedesPendingIdentity / stream identity delivered
wrote $SCRATCH/new-plants-if2/work/build/srp-test_acmp_mbx-if2-endstation_ax7101_1x1_tdm8/contract/KL_mbx_pkg.sv (2 interfaces)
wrote $SCRATCH/new-plants-if2/work/build/srp-test_acmp_mbx-if2-endstation_ax7101_1x1_tdm8/contract/KL_mbx.sv (2 interfaces)
wrote $SCRATCH/new-plants-if2/work/build/srp-test_acmp_mbx-if2-endstation_ax7101_1x1_tdm8/contract/mbx_contract.h (2 interfaces)
[ok] binding-pending-sleeps: SrpBinding.RefusedReceiveRetriesAfterRecoveryOrExpiry / pending binding keeps service awake
wrote $SCRATCH/new-plants-if2/work/build/srp-test_acmp_mbx-if2-endstation_ax7101_1x1_tdm8/contract/KL_mbx_pkg.sv (2 interfaces)
wrote $SCRATCH/new-plants-if2/work/build/srp-test_acmp_mbx-if2-endstation_ax7101_1x1_tdm8/contract/KL_mbx.sv (2 interfaces)
wrote $SCRATCH/new-plants-if2/work/build/srp-test_acmp_mbx-if2-endstation_ax7101_1x1_tdm8/contract/mbx_contract.h (2 interfaces)
[ok] binding-count-overflow: SrpBinding.AttachmentRefusesMissingRoomAndShapeWithoutPartialBinding / ctrl_app_attach_srp
wrote $SCRATCH/new-plants-if2/work/build/srp-test_acmp_mbx-if2-endstation_ax7101_1x1_tdm8/contract/KL_mbx_pkg.sv (2 interfaces)
wrote $SCRATCH/new-plants-if2/work/build/srp-test_acmp_mbx-if2-endstation_ax7101_1x1_tdm8/contract/KL_mbx.sv (2 interfaces)
wrote $SCRATCH/new-plants-if2/work/build/srp-test_acmp_mbx-if2-endstation_ax7101_1x1_tdm8/contract/mbx_contract.h (2 interfaces)
[ok] binding-poll-overflow: SrpBinding.AttachmentRefusesMissingRoomAndShapeWithoutPartialBinding / ctrl_app_attach_srp
wrote $SCRATCH/new-plants-if2/work/build/srp-test_acmp_mbx-if2-endstation_ax7101_1x1_tdm8/contract/KL_mbx_pkg.sv (2 interfaces)
wrote $SCRATCH/new-plants-if2/work/build/srp-test_acmp_mbx-if2-endstation_ax7101_1x1_tdm8/contract/KL_mbx.sv (2 interfaces)
wrote $SCRATCH/new-plants-if2/work/build/srp-test_acmp_mbx-if2-endstation_ax7101_1x1_tdm8/contract/mbx_contract.h (2 interfaces)
[ok] binding-reattach-recurses: SrpBinding.AttachmentRefusesMissingRoomAndShapeWithoutPartialBinding / recompose before replacing the attached adapter
wrote $SCRATCH/new-plants-if2/work/build/srp-srp_app-if2-endstation_ax7101_1x1_tdm8/contract/KL_mbx_pkg.sv (2 interfaces)
wrote $SCRATCH/new-plants-if2/work/build/srp-srp_app-if2-endstation_ax7101_1x1_tdm8/contract/KL_mbx.sv (2 interfaces)
wrote $SCRATCH/new-plants-if2/work/build/srp-srp_app-if2-endstation_ax7101_1x1_tdm8/contract/mbx_contract.h (2 interfaces)
[ok] srp-bound-event: EventReceiveAndTransmitPollFitTheirMeasuredBounds / SRP event bound
wrote $SCRATCH/new-plants-if2/work/build/srp-srp_app-if2-endstation_ax7101_1x1_tdm8/contract/KL_mbx_pkg.sv (2 interfaces)
wrote $SCRATCH/new-plants-if2/work/build/srp-srp_app-if2-endstation_ax7101_1x1_tdm8/contract/KL_mbx.sv (2 interfaces)
wrote $SCRATCH/new-plants-if2/work/build/srp-srp_app-if2-endstation_ax7101_1x1_tdm8/contract/mbx_contract.h (2 interfaces)
[ok] srp-bound-receive: EventReceiveAndTransmitPollFitTheirMeasuredBounds / SRP refused receive bound
wrote $SCRATCH/new-plants-if2/work/build/srp-srp_app-if2-endstation_ax7101_1x1_tdm8/contract/KL_mbx_pkg.sv (2 interfaces)
wrote $SCRATCH/new-plants-if2/work/build/srp-srp_app-if2-endstation_ax7101_1x1_tdm8/contract/KL_mbx.sv (2 interfaces)
wrote $SCRATCH/new-plants-if2/work/build/srp-srp_app-if2-endstation_ax7101_1x1_tdm8/contract/mbx_contract.h (2 interfaces)
[ok] srp-bound-poll-transmit: EventReceiveAndTransmitPollFitTheirMeasuredBounds / SRP transmitting poll bound
wrote $SCRATCH/new-plants-if2/work/build/srp-srp_app-if2-endstation_ax7101_1x1_tdm8/contract/KL_mbx_pkg.sv (2 interfaces)
wrote $SCRATCH/new-plants-if2/work/build/srp-srp_app-if2-endstation_ax7101_1x1_tdm8/contract/KL_mbx.sv (2 interfaces)
wrote $SCRATCH/new-plants-if2/work/build/srp-srp_app-if2-endstation_ax7101_1x1_tdm8/contract/mbx_contract.h (2 interfaces)
[ok] srp-bound-poll: EventReceiveAndTransmitPollFitTheirMeasuredBounds / SRP retained receive poll bound
wrote $SCRATCH/new-plants-if2/work/build/srp-srp_app-if2-endstation_ax7101_1x1_tdm8/contract/KL_mbx_pkg.sv (2 interfaces)
wrote $SCRATCH/new-plants-if2/work/build/srp-srp_app-if2-endstation_ax7101_1x1_tdm8/contract/KL_mbx.sv (2 interfaces)
wrote $SCRATCH/new-plants-if2/work/build/srp-srp_app-if2-endstation_ax7101_1x1_tdm8/contract/mbx_contract.h (2 interfaces)
[ok] srp-bound-tx-record: EventReceiveAndTransmitPollFitTheirMeasuredBounds / SRP maximum TX record bound
wrote $SCRATCH/new-plants-if2/work/build/srp-srp_app-if2-endstation_ax7101_1x1_tdm8/contract/KL_mbx_pkg.sv (2 interfaces)
wrote $SCRATCH/new-plants-if2/work/build/srp-srp_app-if2-endstation_ax7101_1x1_tdm8/contract/KL_mbx.sv (2 interfaces)
wrote $SCRATCH/new-plants-if2/work/build/srp-srp_app-if2-endstation_ax7101_1x1_tdm8/contract/mbx_contract.h (2 interfaces)
[ok] srp-bound-rx-record: EventReceiveAndTransmitPollFitTheirMeasuredBounds / SRP maximum RX record bound
wrote $SCRATCH/new-plants-if2/work/build/srp-srp_app-if2-endstation_ax7101_1x1_tdm8/contract/KL_mbx_pkg.sv (2 interfaces)
wrote $SCRATCH/new-plants-if2/work/build/srp-srp_app-if2-endstation_ax7101_1x1_tdm8/contract/KL_mbx.sv (2 interfaces)
wrote $SCRATCH/new-plants-if2/work/build/srp-srp_app-if2-endstation_ax7101_1x1_tdm8/contract/mbx_contract.h (2 interfaces)
[ok] srp-bound-pass: EventReceiveAndTransmitPollFitTheirMeasuredBounds / SRP complete pass bound
