  info: INTERNAL: 2 slips in 5.116 s (beat 3.519 s); margin at the set +0.184..+3.110 ticks
  info: t=5.115708 s  CLOCK_SOURCE <- 2
  info: INTERNAL-to-AAF: LOCKED 6.657 s after the set; trim -6.062 ppm at the end
  info: slip (dup) at 0.6086 s after the set, -6.0488 s from LOCKED
  info: slip (dup) at 4.1765 s after the set, -2.4809 s from LOCKED
  info: render recentre at 0.0427 s after the set, -6.6147 s from LOCKED
  info: render recentre at 10.7534 s after the set, +4.0960 s from LOCKED
  info: INTERNAL, last second      [   4.116,    5.116) s: ring slips 0+0, margin +0.184..+3.325 ticks; render n 8000 fill 11..14 (off-law 7699), delay 5.092..8.233 (out of band 7722), end-to-pop clearance 0.002 ticks NOT GRADABLE
  info: set to LOCKED              [   5.116,   11.773) s: ring slips 2+0, margin +0.008..+3.871 ticks; render n 53256 fill 11..16 (off-law 34867), delay 5.092..10.936 (out of band 34897), end-to-pop clearance 0.001 ticks NOT GRADABLE
  info: LOCKED to the settle       [  11.773,   15.869) s: ring slips 0+0, margin +0.722..+5.952 ticks; render n 32769 fill 12..15 (off-law 21342), delay 6.628..9.539 (out of band 21358), end-to-pop clearance 0.001 ticks NOT GRADABLE
  info: settle to the hold's end   [  15.869,   45.116) s: ring slips 0+0, margin +3.717..+6.605 ticks; render n 233968 fill 12..15 (off-law 152237), delay 6.620..9.516 (out of band 152419), end-to-pop clearance 0.001 ticks NOT GRADABLE
  info: [B8]: settle recentre fired (1 pulse(s), render recentre executed 1); slips before it 2, after it 0; after it the loopback margin +3.717..+6.605 ticks, render fill 12..15 delay 6.620..9.516, not gradable
MARGINS: [B8] empty 3.717120 full 4.469760 ticks
  info: [B8]: settle recentre 10.7534 s after the start, 4.0960 s after LOCKED
RESULT-645: phase 0.8125 jitter 60.0 us tail 0.0 us p 0e+00: slips set-to-settle 2 (declared bound 3), after the settle 0, margin at LOCKED +0.745..+3.625, after the settle +3.717..+6.605 ticks, LOCKED 6.66 s, settle +4.096 s after LOCKED, render after the settle fill 12..15 delay 6.620..9.516 (not gradable)
  info: [B8] render law not graded: the run's arrivals are late by up to 60.0 us
  info: t=45.115708 s  CLOCK_SOURCE <- 1
  info: [SW] AAF to CRF:: LOCKED 3.010 s after; ring slips 0; margin +6.605 before the switch, +6.612 before its settle recentre
  info: [SW] AAF to CRF:           [  45.116,   65.116) s: ring slips 0+0, margin +2.726..+6.612 ticks; render n 159995 fill 11..15 (off-law 130459), delay 5.629..9.508 (out of band 131040), end-to-pop clearance 0.001 ticks NOT GRADABLE
  info: [SW] AAF to CRF:: settle recentre fired (1 pulse(s), render recentre executed 1); slips before it 0, after it 0; after it the loopback margin +2.726..+5.614 ticks, render fill 11..14 delay 5.637..8.525, not gradable
MARGINS: [SW] AAF to CRF: empty 2.726400 full 5.460480 ticks
  info: [SW] AAF to CRF:: settle recentre 7.1058 s after the start, 4.0960 s after LOCKED
RESULT-645-SW: [SW] AAF to CRF: phase 0.8125 jitter 60.0 us tail 0.0 us p 0e+00: LOCKED 3.01 s, slips 0, drift +0.008 ticks, settle +4.096 s after LOCKED, margin after +2.726..+5.614, render not gradable
  info: [SW] AAF to CRF: render law not graded: the run's arrivals are late by up to 60.0 us
  info: t=65.115708 s  CLOCK_SOURCE <- 2
  info: [SW] CRF to AAF:: LOCKED 6.050 s after; ring slips 0; margin +5.614 before the switch, +5.629 before its settle recentre
  info: [SW] CRF to AAF:           [  65.116,   85.116) s: ring slips 0+0, margin +2.734..+7.634 ticks; render n 159993 fill 11..14 (off-law 129872), delay 5.637..8.540 (out of band 130410), end-to-pop clearance 0.002 ticks NOT GRADABLE
  info: [SW] CRF to AAF:: settle recentre fired (1 pulse(s), render recentre executed 1); slips before it 0, after it 0; after it the loopback margin +4.739..+7.634 ticks, render fill 11..14 delay 5.652..8.540, not gradable
MARGINS: [SW] CRF to AAF: empty 4.738560 full 3.448320 ticks
  info: [SW] CRF to AAF:: settle recentre 10.1461 s after the start, 4.0960 s after LOCKED
RESULT-645-SW: [SW] CRF to AAF: phase 0.8125 jitter 60.0 us tail 0.0 us p 0e+00: LOCKED 6.05 s, slips 0, drift +0.015 ticks, settle +4.096 s after LOCKED, margin after +4.739..+7.634, render not gradable
  info: [SW] CRF to AAF: render law not graded: the run's arrivals are late by up to 60.0 us
== follow_ring: checks: 29   failures: 0 ==
RESULT: PASS
