stage1_no_kill-srp_admission-2 rc=2 12615 checks: 12505 PASS, 110 FAIL
stage2_no_kill-srp_admission-2 rc=2 12615 checks: 12557 PASS, 58 FAIL
no_invalidate_restart-srp_admission-2 rc=2 12615 checks: 12344 PASS, 271 FAIL
stage3_no_override-srp_admission-2 rc=2 12615 checks: 12462 PASS, 153 FAIL
keep_grant_on_change-srp_admission-2 rc=2 12615 checks: 12367 PASS, 248 FAIL
stage2_no_kill-srp_admission-8 rc=2 991231 checks: 990644 PASS, 587 FAIL
stage1_no_kill-srp_admission-8 rc=2 991231 checks: 990236 PASS, 995 FAIL
no_invalidate_restart-srp_admission-8 rc=2 991231 checks: 985624 PASS, 5607 FAIL
stage3_no_override-srp_admission-8 rc=2 991231 checks: 989292 PASS, 1939 FAIL
keep_grant_on_change-srp_admission-8 rc=2 991231 checks: 985807 PASS, 5424 FAIL
stage2_no_kill-srp_top rc=2 1531 checks: 1519 PASS, 12 FAIL
no_invalidate_restart-srp_top rc=2 1531 checks: 1209 PASS, 322 FAIL
stage3_no_override-srp_top rc=2 1531 checks: 1451 PASS, 80 FAIL
stage1_no_kill-srp_top rc=2 1531 checks: 1516 PASS, 15 FAIL
keep_grant_on_change-srp_top rc=2 1531 checks: 1219 PASS, 312 FAIL
