sw/firmware/milan_baremetal/milan_baremetal.c: base=head True; sha256 a73ecc25c77bfb7c4e1c2c711d72f0b560dd7e8d18cde92f40e67efcc84f0eb3
sw/litex/milan_soc.py: base=head True; sha256 bae9e3d11d0201cad372a3aebff3d7480ecf76564899ff28c33aee9afed9d614
sw/firmware/milan_baremetal/Makefile: base=head True; sha256 e50b8d465728756e043591140e710d7d854954bbc01aeed16a24e3699796635d
 docs/README.md                                  |   1 +
 sw/firmware/ctrl_nvm/README.md                  | 207 ++++++++
 sw/firmware/ctrl_nvm/host/litespi_model.c       | 133 +++++
 sw/firmware/ctrl_nvm/host/litespi_model.h       |  37 ++
 sw/firmware/ctrl_nvm/host/nvm_fmodel.c          | 276 +++++++++++
 sw/firmware/ctrl_nvm/host/nvm_fmodel.h          |  93 ++++
 sw/firmware/ctrl_nvm/host/nvm_smodel.c          | 193 ++++++++
 sw/firmware/ctrl_nvm/host/nvm_smodel.h          |  51 ++
 sw/firmware/ctrl_nvm/host/stubs/generated/csr.h |  17 +
 sw/firmware/ctrl_nvm/host/stubs/generated/mem.h |  11 +
 sw/firmware/ctrl_nvm/host/stubs/hw/common.h     |   7 +
 sw/firmware/ctrl_nvm/nvm_flash.c                |  19 +
 sw/firmware/ctrl_nvm/nvm_flash.h                |  53 ++
 sw/firmware/ctrl_nvm/nvm_klj2.c                 | 380 ++++++++++++++
 sw/firmware/ctrl_nvm/nvm_klj2.h                 | 113 +++++
 sw/firmware/ctrl_nvm/nvm_shape.h                | 139 ++++++
 sw/firmware/ctrl_nvm/nvm_state.h                |  65 +++
 sw/firmware/ctrl_nvm/nvm_store.c                | 628 ++++++++++++++++++++++++
 sw/firmware/ctrl_nvm/nvm_store.h                | 106 ++++
 sw/firmware/ctrl_nvm/plat/nvm_flash_litespi.c   | 200 ++++++++
 sw/firmware/ctrl_nvm/plat/nvm_flash_litespi.h   |  21 +
 sw/firmware/ctrl_nvm/plat/nvm_shape_gen.h       |  16 +
 sw/firmware/ctrl_nvm/test/nvm_bench.py          | 212 ++++++++
 sw/firmware/ctrl_nvm/test/nvm_checks.py         | 373 ++++++++++++++
 sw/firmware/ctrl_nvm/test/nvm_checks_write.py   | 324 ++++++++++++
 sw/firmware/ctrl_nvm/test/nvm_mutants.py        | 202 ++++++++
 sw/firmware/ctrl_nvm/test/nvm_rv32.py           |  73 +++
 sw/firmware/ctrl_nvm/test/nvm_test.c            | 590 ++++++++++++++++++++++
 sw/firmware/ctrl_nvm/test/rv32/generated/csr.h  |  22 +
 sw/firmware/ctrl_nvm/test/rv32/generated/mem.h  |   9 +
 sw/firmware/ctrl_nvm/test/rv32/hw/common.h      |  13 +
 sw/firmware/ctrl_nvm/test/test_ctrl_nvm.py      | 167 +++++++
 32 files changed, 4751 insertions(+)
