Warning: Replacing memory \tpend_deadline_r with list of registers. See all.v:3655
Warning: Replacing memory \adv_st_r with list of registers. See all.v:3653
Warning: Replacing memory \lost_cnt_r with list of registers. See all.v:12974
Warning: Replacing memory \payload_r with list of registers. See all.v:12973
Warning: Replacing memory \age_r with list of registers. See all.v:15798
Warning: Replacing memory \tf_cnt_r with list of registers. See all.v:20134
Warning: Replacing memory \tf_q_r with list of registers. See all.v:20063
Warning: Replacing memory \tf_wptr_r with list of registers. See all.v:20130, all.v:20058
YOSYS OK  KL_aecp_desc_mem_guard
Warning: Replacing memory \tpend_deadline_r with list of registers. See all.v:3655
Warning: Replacing memory \adv_st_r with list of registers. See all.v:3653
Warning: Replacing memory \lost_cnt_r with list of registers. See all.v:12974
Warning: Replacing memory \payload_r with list of registers. See all.v:12973
Warning: Replacing memory \age_r with list of registers. See all.v:15798
Warning: Replacing memory \tf_cnt_r with list of registers. See all.v:20134
Warning: Replacing memory \tf_q_r with list of registers. See all.v:20063
Warning: Replacing memory \tf_wptr_r with list of registers. See all.v:20130, all.v:20058
YOSYS OK  KL_aecp_ucpu
Warning: Replacing memory \tpend_deadline_r with list of registers. See all.v:3655
Warning: Replacing memory \adv_st_r with list of registers. See all.v:3653
Warning: Replacing memory \lost_cnt_r with list of registers. See all.v:12974
Warning: Replacing memory \payload_r with list of registers. See all.v:12973
Warning: Replacing memory \age_r with list of registers. See all.v:15798
Warning: Replacing memory \tf_cnt_r with list of registers. See all.v:20134
Warning: Replacing memory \tf_q_r with list of registers. See all.v:20063
Warning: Replacing memory \tf_wptr_r with list of registers. See all.v:20130, all.v:20058
YOSYS OK  KL_aecp_desc_store
Warning: Replacing memory \tpend_deadline_r with list of registers. See all.v:3655
Warning: Replacing memory \adv_st_r with list of registers. See all.v:3653
Warning: Replacing memory \lost_cnt_r with list of registers. See all.v:12974
Warning: Replacing memory \payload_r with list of registers. See all.v:12973
Warning: Replacing memory \age_r with list of registers. See all.v:15798
Warning: Replacing memory \tf_cnt_r with list of registers. See all.v:20134
Warning: Replacing memory \tf_q_r with list of registers. See all.v:20063
Warning: Replacing memory \tf_wptr_r with list of registers. See all.v:20130, all.v:20058
YOSYS OK  KL_aecp_dyn_state
Warning: Replacing memory \tpend_deadline_r with list of registers. See all.v:3655
Warning: Replacing memory \adv_st_r with list of registers. See all.v:3653
Warning: Replacing memory \lost_cnt_r with list of registers. See all.v:12974
Warning: Replacing memory \payload_r with list of registers. See all.v:12973
Warning: Replacing memory \age_r with list of registers. See all.v:15798
Warning: Replacing memory \tf_cnt_r with list of registers. See all.v:20134
Warning: Replacing memory \tf_q_r with list of registers. See all.v:20063
Warning: Replacing memory \tf_wptr_r with list of registers. See all.v:20130, all.v:20058
YOSYS OK  KL_aecp_resp_buf
Warning: Replacing memory \tpend_deadline_r with list of registers. See all.v:3655
Warning: Replacing memory \adv_st_r with list of registers. See all.v:3653
Warning: Replacing memory \lost_cnt_r with list of registers. See all.v:12974
Warning: Replacing memory \payload_r with list of registers. See all.v:12973
Warning: Replacing memory \age_r with list of registers. See all.v:15798
Warning: Replacing memory \tf_cnt_r with list of registers. See all.v:20134
Warning: Replacing memory \tf_q_r with list of registers. See all.v:20063
Warning: Replacing memory \tf_wptr_r with list of registers. See all.v:20130, all.v:20058
YOSYS OK  KL_aecp_nvm_writer
Warning: Replacing memory \tpend_deadline_r with list of registers. See all.v:3655
Warning: Replacing memory \adv_st_r with list of registers. See all.v:3653
Warning: Replacing memory \lost_cnt_r with list of registers. See all.v:12974
Warning: Replacing memory \payload_r with list of registers. See all.v:12973
Warning: Replacing memory \age_r with list of registers. See all.v:15798
Warning: Replacing memory \tf_cnt_r with list of registers. See all.v:20134
Warning: Replacing memory \tf_q_r with list of registers. See all.v:20063
Warning: Replacing memory \tf_wptr_r with list of registers. See all.v:20130, all.v:20058
YOSYS OK  KL_aecp_engine
Warning: Replacing memory \tpend_deadline_r with list of registers. See all.v:3655
Warning: Replacing memory \adv_st_r with list of registers. See all.v:3653
Warning: Replacing memory \lost_cnt_r with list of registers. See all.v:12974
Warning: Replacing memory \payload_r with list of registers. See all.v:12973
Warning: Replacing memory \age_r with list of registers. See all.v:15798
Warning: Replacing memory \tf_cnt_r with list of registers. See all.v:20134
Warning: Replacing memory \tf_q_r with list of registers. See all.v:20063
Warning: Replacing memory \tf_wptr_r with list of registers. See all.v:20130, all.v:20058
YOSYS OK  KL_aecp_notify
Warning: Replacing memory \tpend_deadline_r with list of registers. See all.v:3655
Warning: Replacing memory \adv_st_r with list of registers. See all.v:3653
Warning: Replacing memory \lost_cnt_r with list of registers. See all.v:12974
Warning: Replacing memory \payload_r with list of registers. See all.v:12973
Warning: Replacing memory \age_r with list of registers. See all.v:15798
Warning: Replacing memory \tf_cnt_r with list of registers. See all.v:20134
Warning: Replacing memory \tf_q_r with list of registers. See all.v:20063
Warning: Replacing memory \tf_wptr_r with list of registers. See all.v:20130, all.v:20058
YOSYS OK  KL_aecp_ca_originator
Warning: Replacing memory \tpend_deadline_r with list of registers. See all.v:3655
Warning: Replacing memory \adv_st_r with list of registers. See all.v:3653
Warning: Replacing memory \lost_cnt_r with list of registers. See all.v:12974
Warning: Replacing memory \payload_r with list of registers. See all.v:12973
Warning: Replacing memory \age_r with list of registers. See all.v:15798
Warning: Replacing memory \tf_cnt_r with list of registers. See all.v:20134
Warning: Replacing memory \tf_q_r with list of registers. See all.v:20063
Warning: Replacing memory \tf_wptr_r with list of registers. See all.v:20130, all.v:20058
YOSYS OK  KL_pp_timer_service
Warning: Replacing memory \tpend_deadline_r with list of registers. See all.v:3655
Warning: Replacing memory \adv_st_r with list of registers. See all.v:3653
Warning: Replacing memory \lost_cnt_r with list of registers. See all.v:12974
Warning: Replacing memory \payload_r with list of registers. See all.v:12973
Warning: Replacing memory \age_r with list of registers. See all.v:15798
Warning: Replacing memory \tf_cnt_r with list of registers. See all.v:20134
Warning: Replacing memory \tf_q_r with list of registers. See all.v:20063
Warning: Replacing memory \tf_wptr_r with list of registers. See all.v:20130, all.v:20058
YOSYS OK  KL_pp_prng
Warning: Replacing memory \tpend_deadline_r with list of registers. See all.v:3655
Warning: Replacing memory \adv_st_r with list of registers. See all.v:3653
Warning: Replacing memory \lost_cnt_r with list of registers. See all.v:12974
Warning: Replacing memory \payload_r with list of registers. See all.v:12973
Warning: Replacing memory \age_r with list of registers. See all.v:15798
Warning: Replacing memory \tf_cnt_r with list of registers. See all.v:20134
Warning: Replacing memory \tf_q_r with list of registers. See all.v:20063
Warning: Replacing memory \tf_wptr_r with list of registers. See all.v:20130, all.v:20058
YOSYS OK  KL_pp_rx_slots
Warning: Replacing memory \tpend_deadline_r with list of registers. See all.v:3655
Warning: Replacing memory \adv_st_r with list of registers. See all.v:3653
Warning: Replacing memory \lost_cnt_r with list of registers. See all.v:12974
Warning: Replacing memory \payload_r with list of registers. See all.v:12973
Warning: Replacing memory \age_r with list of registers. See all.v:15798
Warning: Replacing memory \tf_cnt_r with list of registers. See all.v:20134
Warning: Replacing memory \tf_q_r with list of registers. See all.v:20063
Warning: Replacing memory \tf_wptr_r with list of registers. See all.v:20130, all.v:20058
YOSYS OK  KL_pp_tx_slots
Warning: Replacing memory \tpend_deadline_r with list of registers. See all.v:3655
Warning: Replacing memory \adv_st_r with list of registers. See all.v:3653
Warning: Replacing memory \lost_cnt_r with list of registers. See all.v:12974
Warning: Replacing memory \payload_r with list of registers. See all.v:12973
Warning: Replacing memory \age_r with list of registers. See all.v:15798
Warning: Replacing memory \tf_cnt_r with list of registers. See all.v:20134
Warning: Replacing memory \tf_q_r with list of registers. See all.v:20063
Warning: Replacing memory \tf_wptr_r with list of registers. See all.v:20130, all.v:20058
YOSYS OK  KL_pp_release_merge
Warning: Replacing memory \tpend_deadline_r with list of registers. See all.v:3655
Warning: Replacing memory \adv_st_r with list of registers. See all.v:3653
Warning: Replacing memory \lost_cnt_r with list of registers. See all.v:12974
Warning: Replacing memory \payload_r with list of registers. See all.v:12973
Warning: Replacing memory \age_r with list of registers. See all.v:15798
Warning: Replacing memory \tf_cnt_r with list of registers. See all.v:20134
Warning: Replacing memory \tf_q_r with list of registers. See all.v:20063
Warning: Replacing memory \tf_wptr_r with list of registers. See all.v:20130, all.v:20058
YOSYS OK  KL_pp_rx_validator
Warning: Replacing memory \tpend_deadline_r with list of registers. See all.v:3655
Warning: Replacing memory \adv_st_r with list of registers. See all.v:3653
Warning: Replacing memory \lost_cnt_r with list of registers. See all.v:12974
Warning: Replacing memory \payload_r with list of registers. See all.v:12973
Warning: Replacing memory \age_r with list of registers. See all.v:15798
Warning: Replacing memory \tf_cnt_r with list of registers. See all.v:20134
Warning: Replacing memory \tf_q_r with list of registers. See all.v:20063
Warning: Replacing memory \tf_wptr_r with list of registers. See all.v:20130, all.v:20058
YOSYS OK  KL_pp_normalizer
Warning: Replacing memory \tpend_deadline_r with list of registers. See all.v:3655
Warning: Replacing memory \adv_st_r with list of registers. See all.v:3653
Warning: Replacing memory \lost_cnt_r with list of registers. See all.v:12974
Warning: Replacing memory \payload_r with list of registers. See all.v:12973
Warning: Replacing memory \age_r with list of registers. See all.v:15798
Warning: Replacing memory \tf_cnt_r with list of registers. See all.v:20134
Warning: Replacing memory \tf_q_r with list of registers. See all.v:20063
Warning: Replacing memory \tf_wptr_r with list of registers. See all.v:20130, all.v:20058
YOSYS OK  KL_pp_dispatch
Warning: Replacing memory \tpend_deadline_r with list of registers. See all.v:3655
Warning: Replacing memory \adv_st_r with list of registers. See all.v:3653
Warning: Replacing memory \lost_cnt_r with list of registers. See all.v:12974
Warning: Replacing memory \payload_r with list of registers. See all.v:12973
Warning: Replacing memory \age_r with list of registers. See all.v:15798
Warning: Replacing memory \tf_cnt_r with list of registers. See all.v:20134
Warning: Replacing memory \tf_q_r with list of registers. See all.v:20063
Warning: Replacing memory \tf_wptr_r with list of registers. See all.v:20130, all.v:20058
YOSYS OK  KL_pp_scoreboard
Warning: Replacing memory \tpend_deadline_r with list of registers. See all.v:3655
Warning: Replacing memory \adv_st_r with list of registers. See all.v:3653
Warning: Replacing memory \lost_cnt_r with list of registers. See all.v:12974
Warning: Replacing memory \payload_r with list of registers. See all.v:12973
Warning: Replacing memory \age_r with list of registers. See all.v:15798
Warning: Replacing memory \tf_cnt_r with list of registers. See all.v:20134
Warning: Replacing memory \tf_q_r with list of registers. See all.v:20063
Warning: Replacing memory \tf_wptr_r with list of registers. See all.v:20130, all.v:20058
YOSYS OK  KL_pp_event_router
Warning: Replacing memory \tpend_deadline_r with list of registers. See all.v:3655
Warning: Replacing memory \adv_st_r with list of registers. See all.v:3653
Warning: Replacing memory \lost_cnt_r with list of registers. See all.v:12974
Warning: Replacing memory \payload_r with list of registers. See all.v:12973
Warning: Replacing memory \age_r with list of registers. See all.v:15798
Warning: Replacing memory \tf_cnt_r with list of registers. See all.v:20134
Warning: Replacing memory \tf_q_r with list of registers. See all.v:20063
Warning: Replacing memory \tf_wptr_r with list of registers. See all.v:20130, all.v:20058
YOSYS OK  KL_pp_originator
Warning: Replacing memory \tpend_deadline_r with list of registers. See all.v:3655
Warning: Replacing memory \adv_st_r with list of registers. See all.v:3653
Warning: Replacing memory \lost_cnt_r with list of registers. See all.v:12974
Warning: Replacing memory \payload_r with list of registers. See all.v:12973
Warning: Replacing memory \age_r with list of registers. See all.v:15798
Warning: Replacing memory \tf_cnt_r with list of registers. See all.v:20134
Warning: Replacing memory \tf_q_r with list of registers. See all.v:20063
Warning: Replacing memory \tf_wptr_r with list of registers. See all.v:20130, all.v:20058
YOSYS OK  KL_pp_tx_arbiter
Warning: Replacing memory \tpend_deadline_r with list of registers. See all.v:3655
Warning: Replacing memory \adv_st_r with list of registers. See all.v:3653
Warning: Replacing memory \lost_cnt_r with list of registers. See all.v:12974
Warning: Replacing memory \payload_r with list of registers. See all.v:12973
Warning: Replacing memory \age_r with list of registers. See all.v:15798
Warning: Replacing memory \tf_cnt_r with list of registers. See all.v:20134
Warning: Replacing memory \tf_q_r with list of registers. See all.v:20063
Warning: Replacing memory \tf_wptr_r with list of registers. See all.v:20130, all.v:20058
YOSYS OK  KL_pp_trace_ring
Warning: Replacing memory \tpend_deadline_r with list of registers. See all.v:3655
Warning: Replacing memory \adv_st_r with list of registers. See all.v:3653
Warning: Replacing memory \lost_cnt_r with list of registers. See all.v:12974
Warning: Replacing memory \payload_r with list of registers. See all.v:12973
Warning: Replacing memory \age_r with list of registers. See all.v:15798
Warning: Replacing memory \tf_cnt_r with list of registers. See all.v:20134
Warning: Replacing memory \tf_q_r with list of registers. See all.v:20063
Warning: Replacing memory \tf_wptr_r with list of registers. See all.v:20130, all.v:20058
YOSYS OK  KL_pp_side_port
Warning: Replacing memory \tpend_deadline_r with list of registers. See all.v:3655
Warning: Replacing memory \adv_st_r with list of registers. See all.v:3653
Warning: Replacing memory \lost_cnt_r with list of registers. See all.v:12974
Warning: Replacing memory \payload_r with list of registers. See all.v:12973
Warning: Replacing memory \age_r with list of registers. See all.v:15798
Warning: Replacing memory \tf_cnt_r with list of registers. See all.v:20134
Warning: Replacing memory \tf_q_r with list of registers. See all.v:20063
Warning: Replacing memory \tf_wptr_r with list of registers. See all.v:20130, all.v:20058
YOSYS OK  KL_pp_nvm_port
Warning: Replacing memory \tpend_deadline_r with list of registers. See all.v:3655
Warning: Replacing memory \adv_st_r with list of registers. See all.v:3653
Warning: Replacing memory \lost_cnt_r with list of registers. See all.v:12974
Warning: Replacing memory \payload_r with list of registers. See all.v:12973
Warning: Replacing memory \age_r with list of registers. See all.v:15798
Warning: Replacing memory \tf_cnt_r with list of registers. See all.v:20134
Warning: Replacing memory \tf_q_r with list of registers. See all.v:20063
Warning: Replacing memory \tf_wptr_r with list of registers. See all.v:20130, all.v:20058
ERROR: Module `\r449_absent_module' referenced in module `\KL_pp_nvm_mgr_arb' in cell `\u_r449_absent' is not part of the design.
YOSYS FAIL KL_pp_nvm_mgr_arb
