[==========] Running 5 tests from 2 test suites.
[----------] Global test environment set-up.
[----------] 2 tests from SrpApp
[ RUN      ] SrpApp.AttachRefusalPreservesExistingComposition
[       OK ] SrpApp.AttachRefusalPreservesExistingComposition (0 ms)
[ RUN      ] SrpApp.AllThreeProtocolsShareTheLoopAndWakeSources
[       OK ] SrpApp.AllThreeProtocolsShareTheLoopAndWakeSources (0 ms)
[----------] 2 tests from SrpApp (0 ms total)

[----------] 3 tests from Srp
[ RUN      ] Srp.EventReceiveAndTransmitPollFitTheirMeasuredBounds
  SRP event bound: 1 accesses, bound 1
  SRP refused receive bound: 2 accesses, bound 2
  SRP retained receive poll bound: 4 accesses, bound 1540
  SRP transmitting poll bound: 91 accesses, bound 1540
  SRP maximum TX record bound: 383 accesses, bound 383
  SRP maximum RX record bound: 383 accesses, bound 383
  SRP complete pass bound: 389 accesses, bound 56
$SOURCE/sw/firmware/ctrl/test/srp_app.cpp:99: Failure
Expected: (actual) <= (limit), actual: 389 vs 56
SRP complete pass bound

  [FAIL] Srp.EventReceiveAndTransmitPollFitTheirMeasuredBounds: SRP complete pass bound
[  FAILED  ] Srp.EventReceiveAndTransmitPollFitTheirMeasuredBounds (0 ms)
[ RUN      ] Srp.PollTermsAreMeasuredSeparatelyThroughRealCallbacks
  SRP poll terms: fixed 8, calls 4, real send accesses 1532, envelope 1540/1540
[       OK ] Srp.PollTermsAreMeasuredSeparatelyThroughRealCallbacks (0 ms)
[ RUN      ] Srp.PassFundsEveryEventRecordAndBothMaximumReceives
$SOURCE/sw/firmware/ctrl/test/srp_app.cpp:207: Failure
Expected: (static_cast<int64_t>(events)) <= (static_cast<int64_t>((8u * (4u + 2u + 1u) + 0u))- 2u*((2u + 2u + (1514u + 3u) / 4u)+2u)-(2u * (4u + 2u * (2u + 2u + (1514u + 3u) / 4u)))), actual: 56 vs -2254
pass event records are funded independently

  [FAIL] Srp.PassFundsEveryEventRecordAndBothMaximumReceives: pass event records are funded independently
$SOURCE/sw/firmware/ctrl/test/srp_app.cpp:229: Failure
Expected: (pass_envelope) <= ((8u * (4u + 2u + 1u) + 0u)), actual: 2366 vs 56
pass funds the independently measured poll envelope

  [FAIL] Srp.PassFundsEveryEventRecordAndBothMaximumReceives: pass funds the independently measured poll envelope
  SRP pass terms: event 56, receive 770, poll 1540, envelope 2366/56
[  FAILED  ] Srp.PassFundsEveryEventRecordAndBothMaximumReceives (0 ms)
[----------] 3 tests from Srp (0 ms total)

[----------] Global test environment tear-down
[==========] 5 tests from 2 test suites ran. (1 ms total)
[  PASSED  ] 3 tests.
[  FAILED  ] 2 tests, listed below:
[  FAILED  ] Srp.EventReceiveAndTransmitPollFitTheirMeasuredBounds
[  FAILED  ] Srp.PassFundsEveryEventRecordAndBothMaximumReceives

 2 FAILED TESTS
== ctrl ADP MAAP SRP composition: checks: 5   failures: 2 ==
RESULT: FAIL
  verdict: FAIL (its tallies report 2 failure(s) across 5 checks, exit 1)