RUN ["--blank", "--powercut"]
POWERCUT-BAD effect=4 frac=128
POWERCUT-BAD effect=4 frac=255
POWERCUT-BAD effect=5 frac=0
POWERCUT-BAD effect=5 frac=1
POWERCUT-BAD effect=5 frac=128
POWERCUT-BAD effect=5 frac=255
POWERCUT-BAD effect=6 frac=0
POWERCUT-BAD effect=6 frac=1
POWERCUT-BAD effect=6 frac=128
POWERCUT-BAD effect=6 frac=255
POWERCUT-BAD effect=7 frac=0
POWERCUT-BAD effect=7 frac=1
POWERCUT-BAD effect=7 frac=128
POWERCUT-BAD effect=7 frac=255
POWERCUT-BAD effect=8 frac=0
POWERCUT-BAD effect=8 frac=1
POWERCUT-BAD effect=8 frac=128
POWERCUT-BAD effect=8 frac=255
POWERCUT-BAD effect=9 frac=0
POWERCUT-BAD effect=9 frac=1
POWERCUT-BAD effect=9 frac=128
POWERCUT-BAD effect=9 frac=255
POWERCUT-BAD effect=10 frac=0
POWERCUT-BAD effect=10 frac=1
POWERCUT-BAD effect=10 frac=128
POWERCUT-BAD effect=10 frac=255
POWERCUT-BAD effect=11 frac=0
POWERCUT-BAD effect=11 frac=1
POWERCUT-BAD effect=11 frac=128
POWERCUT-BAD effect=11 frac=255
POWERCUT-BAD effect=12 frac=0
POWERCUT-BAD effect=12 frac=1
POWERCUT-BAD effect=12 frac=128
POWERCUT-BAD effect=12 frac=255
POWERCUT-BAD effect=13 frac=0
POWERCUT-BAD effect=13 frac=1
POWERCUT-BAD effect=13 frac=128
POWERCUT-BAD effect=13 frac=255
POWERCUT-BAD effect=14 frac=0
POWERCUT-BAD effect=14 frac=1
POWERCUT-BAD effect=14 frac=128
POWERCUT-BAD effect=14 frac=255
POWERCUT-BAD effect=15 frac=0
POWERCUT-BAD effect=15 frac=1
POWERCUT-BAD effect=15 frac=128
POWERCUT-BAD effect=15 frac=255
POWERCUT effects=15 cases=61 old=14 new=1 bad=46
SUMMARY terminal=1 cause=0 vd_a=0 vd_b=9 last=0 first=0 seq_a=1 seq_b=0 seq=1 auth=0 applied=12 refused=0 blank=42 releases=1 ok=0 failed=0 skipped=0 attempts=0 exhausted=0 stale=0 dirty=0 pending=0 phase=1 step_max=0 step_bound=278 steps=0 bind_terminal=1 bind_cause=0 withheld=0 abandoned=0 abandoned_vd=0
SUMMARY erases=0 programs=0 effects=0 outside=0 protected=0 pagewrap=0 while_busy=0 descending=0 sm_applies=12 sm_applied=12 sm_refused=0 sm_settles=1 sm_rollbacks=0 sm_unbinds=0 sm_releases=1 sm_order=0 ls_wren=0 ls_pp=0 ls_se=0 ls_no_wel=0 ls_short=0 ls_refused=0 ls_unknown=0 ls_stalled=0 ls_max_withheld=0 ls_hung=0 max_call_us=168 max_polls_call=1 calls=794465 now_ms=4 commit_tries=0 commit_refused=0 img_len=3336 n_rec=54 bad=0
ERASES
FAILS
OKS 1048041 1052316 1048041 1048041 1048041 1048041 1048041 1048041 1050179 1050179 1050179 1050179 1050179 1050179 1050179 1050179
RUN ["--slot-a", "<packet>/scratch/no_crc_anywhere/store/o.bin", "--powercut"]
POWERCUT-BAD effect=15 frac=128
POWERCUT effects=15 cases=61 old=58 new=2 bad=1
SUMMARY terminal=1 cause=0 vd_a=0 vd_b=0 last=0 first=0 seq_a=7 seq_b=6 seq=7 auth=0 applied=54 refused=0 blank=0 releases=1 ok=0 failed=0 skipped=0 attempts=0 exhausted=0 stale=0 dirty=0 pending=0 phase=1 step_max=0 step_bound=278 steps=0 bind_terminal=1 bind_cause=0 withheld=0 abandoned=0 abandoned_vd=0
SUMMARY erases=0 programs=0 effects=0 outside=0 protected=0 pagewrap=0 while_busy=0 descending=0 sm_applies=54 sm_applied=54 sm_refused=0 sm_settles=1 sm_rollbacks=0 sm_unbinds=0 sm_releases=1 sm_order=0 ls_wren=0 ls_pp=0 ls_se=0 ls_no_wel=0 ls_short=0 ls_refused=0 ls_unknown=0 ls_stalled=0 ls_max_withheld=0 ls_hung=0 max_call_us=168 max_polls_call=1 calls=1262780 now_ms=6 commit_tries=0 commit_refused=0 img_len=3336 n_rec=54 bad=0
ERASES
FAILS
OKS 1052316 1054454 1052316 1052316 1052316 1052316 1052316 1052316 1054454 1054454 1054454 1054454 1054454 1054454 1054454 1054454
RUN ["--slot-a", "<packet>/scratch/no_crc_anywhere/store/o.bin", "--slot-b", "<packet>/scratch/no_crc_anywhere/store/n.bin", "--powercut"]
POWERCUT-BAD effect=15 frac=128
POWERCUT-BAD effect=15 frac=255
POWERCUT effects=15 cases=61 old=58 new=1 bad=2
SUMMARY terminal=1 cause=0 vd_a=0 vd_b=0 last=0 first=0 seq_a=7 seq_b=6 seq=7 auth=0 applied=54 refused=0 blank=0 releases=1 ok=0 failed=0 skipped=0 attempts=0 exhausted=0 stale=0 dirty=0 pending=0 phase=1 step_max=0 step_bound=278 steps=0 bind_terminal=1 bind_cause=0 withheld=0 abandoned=0 abandoned_vd=0
SUMMARY erases=0 programs=0 effects=0 outside=0 protected=0 pagewrap=0 while_busy=0 descending=0 sm_applies=54 sm_applied=54 sm_refused=0 sm_settles=1 sm_rollbacks=0 sm_unbinds=0 sm_releases=1 sm_order=0 ls_wren=0 ls_pp=0 ls_se=0 ls_no_wel=0 ls_short=0 ls_refused=0 ls_unknown=0 ls_stalled=0 ls_max_withheld=0 ls_hung=0 max_call_us=168 max_polls_call=1 calls=1252373 now_ms=6 commit_tries=0 commit_refused=0 img_len=3336 n_rec=54 bad=0
ERASES
FAILS
OKS 1054454 1054454 1052316 1052316 1052316 1052316 1052316 1052316 1054454 1054454 1054454 1054454 1054454 1054454 1054454 1054454
RUN ["--litespi", "--blank", "--powercut"]
POWERCUT-BAD effect=4 frac=128
POWERCUT-BAD effect=4 frac=255
POWERCUT-BAD effect=5 frac=0
POWERCUT-BAD effect=5 frac=1
POWERCUT-BAD effect=5 frac=128
POWERCUT-BAD effect=5 frac=255
POWERCUT-BAD effect=6 frac=0
POWERCUT-BAD effect=6 frac=1
POWERCUT-BAD effect=6 frac=128
POWERCUT-BAD effect=6 frac=255
POWERCUT-BAD effect=7 frac=0
POWERCUT-BAD effect=7 frac=1
POWERCUT-BAD effect=7 frac=128
POWERCUT-BAD effect=7 frac=255
POWERCUT-BAD effect=8 frac=0
POWERCUT-BAD effect=8 frac=1
POWERCUT-BAD effect=8 frac=128
POWERCUT-BAD effect=8 frac=255
POWERCUT-BAD effect=9 frac=0
POWERCUT-BAD effect=9 frac=1
POWERCUT-BAD effect=9 frac=128
POWERCUT-BAD effect=9 frac=255
POWERCUT-BAD effect=10 frac=0
POWERCUT-BAD effect=10 frac=1
POWERCUT-BAD effect=10 frac=128
POWERCUT-BAD effect=10 frac=255
POWERCUT-BAD effect=11 frac=0
POWERCUT-BAD effect=11 frac=1
POWERCUT-BAD effect=11 frac=128
POWERCUT-BAD effect=11 frac=255
POWERCUT-BAD effect=12 frac=0
POWERCUT-BAD effect=12 frac=1
POWERCUT-BAD effect=12 frac=128
POWERCUT-BAD effect=12 frac=255
POWERCUT-BAD effect=13 frac=0
POWERCUT-BAD effect=13 frac=1
POWERCUT-BAD effect=13 frac=128
POWERCUT-BAD effect=13 frac=255
POWERCUT-BAD effect=14 frac=0
POWERCUT-BAD effect=14 frac=1
POWERCUT-BAD effect=14 frac=128
POWERCUT-BAD effect=14 frac=255
POWERCUT-BAD effect=15 frac=0
POWERCUT-BAD effect=15 frac=1
POWERCUT-BAD effect=15 frac=128
POWERCUT-BAD effect=15 frac=255
POWERCUT effects=15 cases=61 old=14 new=1 bad=46
SUMMARY terminal=1 cause=0 vd_a=0 vd_b=9 last=0 first=0 seq_a=1 seq_b=0 seq=1 auth=0 applied=12 refused=0 blank=42 releases=1 ok=0 failed=0 skipped=0 attempts=0 exhausted=0 stale=0 dirty=0 pending=0 phase=1 step_max=0 step_bound=278 steps=0 bind_terminal=1 bind_cause=0 withheld=0 abandoned=0 abandoned_vd=0
SUMMARY erases=0 programs=0 effects=0 outside=0 protected=0 pagewrap=0 while_busy=0 descending=0 sm_applies=12 sm_applied=12 sm_refused=0 sm_settles=1 sm_rollbacks=0 sm_unbinds=0 sm_releases=1 sm_order=0 ls_wren=0 ls_pp=0 ls_se=0 ls_no_wel=0 ls_short=0 ls_refused=0 ls_unknown=0 ls_stalled=0 ls_max_withheld=0 ls_hung=0 max_call_us=210 max_polls_call=3 calls=793123 now_ms=0 commit_tries=0 commit_refused=0 img_len=3336 n_rec=54 bad=0
ERASES
FAILS
OKS 1045120 1045120 1045120 1045120 1045120 1045120 1045120 1045120 1045120 1045120 1045120 1045120 1045120 1045120 1045120 1045120
RUN ["--litespi", "--slot-a", "<packet>/scratch/no_crc_anywhere/store/o.bin", "--powercut"]
POWERCUT-BAD effect=15 frac=128
POWERCUT effects=15 cases=61 old=58 new=2 bad=1
SUMMARY terminal=1 cause=0 vd_a=0 vd_b=0 last=0 first=0 seq_a=7 seq_b=6 seq=7 auth=0 applied=54 refused=0 blank=0 releases=1 ok=0 failed=0 skipped=0 attempts=0 exhausted=0 stale=0 dirty=0 pending=0 phase=1 step_max=0 step_bound=278 steps=0 bind_terminal=1 bind_cause=0 withheld=0 abandoned=0 abandoned_vd=0
SUMMARY erases=0 programs=0 effects=0 outside=0 protected=0 pagewrap=0 while_busy=0 descending=0 sm_applies=54 sm_applied=54 sm_refused=0 sm_settles=1 sm_rollbacks=0 sm_unbinds=0 sm_releases=1 sm_order=0 ls_wren=0 ls_pp=0 ls_se=0 ls_no_wel=0 ls_short=0 ls_refused=0 ls_unknown=0 ls_stalled=0 ls_max_withheld=0 ls_hung=0 max_call_us=210 max_polls_call=3 calls=1260628 now_ms=0 commit_tries=0 commit_refused=0 img_len=3336 n_rec=54 bad=0
ERASES
FAILS
OKS 1045120 1045120 1045120 1045120 1045120 1045120 1045120 1045120 1045120 1045120 1045120 1045120 1045120 1045120 1045120 1045120
RUN ["--litespi", "--slot-a", "<packet>/scratch/no_crc_anywhere/store/o.bin", "--slot-b", "<packet>/scratch/no_crc_anywhere/store/n.bin", "--powercut"]
POWERCUT-BAD effect=15 frac=128
POWERCUT-BAD effect=15 frac=255
POWERCUT effects=15 cases=61 old=58 new=1 bad=2
SUMMARY terminal=1 cause=0 vd_a=0 vd_b=0 last=0 first=0 seq_a=7 seq_b=6 seq=7 auth=0 applied=54 refused=0 blank=0 releases=1 ok=0 failed=0 skipped=0 attempts=0 exhausted=0 stale=0 dirty=0 pending=0 phase=1 step_max=0 step_bound=278 steps=0 bind_terminal=1 bind_cause=0 withheld=0 abandoned=0 abandoned_vd=0
SUMMARY erases=0 programs=0 effects=0 outside=0 protected=0 pagewrap=0 while_busy=0 descending=0 sm_applies=54 sm_applied=54 sm_refused=0 sm_settles=1 sm_rollbacks=0 sm_unbinds=0 sm_releases=1 sm_order=0 ls_wren=0 ls_pp=0 ls_se=0 ls_no_wel=0 ls_short=0 ls_refused=0 ls_unknown=0 ls_stalled=0 ls_max_withheld=0 ls_hung=0 max_call_us=210 max_polls_call=3 calls=1250239 now_ms=0 commit_tries=0 commit_refused=0 img_len=3336 n_rec=54 bad=0
ERASES
FAILS
OKS 1045120 1045120 1045120 1045120 1045120 1045120 1045120 1045120 1045120 1045120 1045120 1045120 1045120 1045120 1045120 1045120
MUTANT no_crc_anywhere GRADES {"powercut": ["model: power cut from blank media: {'effects': 15, 'cases': 61, 'old': 14, 'new': 1, 'bad': 46}", "model: power cut from one slot: {'effects': 15, 'cases': 61, 'old': 58, 'new': 2, 'bad': 1}", "model: power cut from two slots: {'effects': 15, 'cases': 61, 'old': 58, 'new': 1, 'bad': 2}", "--litespi: power cut from blank media: {'effects': 15, 'cases': 61, 'old': 14, 'new': 1, 'bad': 46}", "--litespi: power cut from one slot: {'effects': 15, 'cases': 61, 'old': 58, 'new': 2, 'bad': 1}", "--litespi: power cut from two slots: {'effects': 15, 'cases': 61, 'old': 58, 'new': 1, 'bad': 2}"]} SURVIVORS []
