R391-P6 scen 0 lat 31 h    0: fire 0 (ws - pass 0) term 2698 DONE cause 0 rb 0 own 0
R391-P6 scen 0 lat 31 h   50: fire 0 (ws - pass 0) term 2698 DONE cause 0 rb 0 own 0
R391-P6 scen 0 lat 31 h  100: fire 0 (ws - pass 0) term 2392 DONE cause 0 rb 0 own 0
R391-P6 scen 0 lat 31 h  150: fire 0 (ws - pass 0) term 2442 DONE cause 0 rb 0 own 0
R391-P6 scen 0 lat 31 h  200: fire 0 (ws - pass 0) term 2492 DONE cause 0 rb 0 own 0
R391-P6 scen 0 lat 31 h  250: fire 0 (ws - pass 0) term 2542 DONE cause 0 rb 0 own 0
R391-P6 scen 0 lat 31 h  300: fire 0 (ws - pass 0) term 2592 DONE cause 0 rb 0 own 0
R391-P6 scen 0 lat 31 h  350: fire 0 (ws - pass 0) term 2642 DONE cause 0 rb 0 own 0
R391-P6 scen 0 lat 31 h  400: fire 0 (ws - pass 0) term 2692 DONE cause 0 rb 0 own 0
R391-P6 scen 0 lat 31 h  450: fire 0 (ws - pass 0) term 2742 DONE cause 0 rb 0 own 0
R391-P6 scen 0 lat 31 h  500: fire 0 (ws - pass 0) term 2792 DONE cause 0 rb 0 own 0
R391-P6 scen 0 lat 31 h  550: fire 2801 (ws RD pass 1) term 3344 DONE cause 3 rb 1 own 0
R391-P6 scen 0 lat 31 h  600: fire 2801 (ws RD pass 1) term 3344 DONE cause 3 rb 1 own 0
R391-P6 scen 0 lat 31 h  650: fire 2808 (ws RD pass 1) term 3351 DONE cause 3 rb 1 own 0
R391-P6 scen 0 lat 31 h  700: fire 2801 (ws RD pass 1) term 3344 DONE cause 3 rb 1 own 0
R391-P6 scen 0 lat 31 h  750: fire 2800 (ws RD pass 1) term 3343 DONE cause 3 rb 1 own 0
R391-P6 scen 0 lat 31 h  800: fire 2801 (ws RULE pass 1) term 3344 DONE cause 3 rb 1 own 0
R391-P6 scen 0 lat 31 h  850: fire 2801 (ws RD pass 1) term 3344 DONE cause 3 rb 1 own 0
R391-P6 scen 0 lat 31 h  900: fire 2800 (ws RD pass 1) term 3343 DONE cause 3 rb 1 own 0
R391-P6 scen 0 lat 31 h  950: fire 2800 (ws JUDGE pass 1) term 3343 DONE cause 3 rb 1 own 0
R391-P6 scen 0 lat 31 h 1000: fire 2808 (ws RD pass 1) term 3351 DONE cause 3 rb 1 own 0
R391-P6 scen 0 lat 31 h 1050: fire 2800 (ws RD pass 1) term 3343 DONE cause 3 rb 1 own 0
R391-P6 scen 0 lat 31 h 1100: fire 2802 (ws NEXT pass 1) term 3345 DONE cause 3 rb 1 own 0
R391-P6 scen 0 lat 31 h 1150: fire 2806 (ws RD pass 1) term 3349 DONE cause 3 rb 1 own 0
R391-P6 scen 0 lat 31 h 1200: fire 2800 (ws RD pass 1) term 3343 DONE cause 3 rb 1 own 0
R391-P6 scen 0 lat 31 h 1250: fire 2800 (ws NEXT pass 1) term 3343 DONE cause 3 rb 1 own 0
R391-P6 scen 0 lat 31 h 1300: fire 2804 (ws RD pass 1) term 3347 DONE cause 3 rb 1 own 0
R391-P6 scen 0 lat 31 h 1350: fire 2807 (ws RD pass 1) term 3350 DONE cause 3 rb 1 own 0
R391-P6 scen 0 lat 31 h 1400: fire 2800 (ws LOC pass 1) term 3343 DONE cause 3 rb 1 own 0
R391-P6 scen 0 lat 31 h 1450: fire 2800 (ws LOC pass 1) term 3343 DONE cause 3 rb 1 own 0
R391-P6 scen 0 lat 31 h 1500: fire 2800 (ws LOC pass 1) term 3344 DONE cause 3 rb 1 own 0
R391-P6 scen 0 lat 31 h 1550: fire 2802 (ws RD pass 1) term 3345 DONE cause 3 rb 1 own 0
R391-P6 scen 0 lat 31 h 1600: fire 2800 (ws LOC pass 1) term 3343 DONE cause 3 rb 1 own 0
R391-P6 scen 0 lat 31 h 1650: fire 2800 (ws LOC pass 1) term 3343 DONE cause 3 rb 1 own 0
R391-P6 scen 0 lat 31 h 1700: fire 2800 (ws LOC pass 1) term 3343 DONE cause 3 rb 1 own 0
R391-P6 scen 0 lat 31 h 1750: fire 2800 (ws LOC pass 1) term 3383 DONE cause 3 rb 1 own 0
R391-P6 scen 0 lat 31 h 1800: fire 2800 (ws NEXT pass 1) term 3343 DONE cause 3 rb 1 own 0
R391-P6 scen 0 lat 31 h 1850: fire 2800 (ws RD pass 0) term 2800 DONE cause 3 rb 0 own 0
R391-P6 scen 0 lat 31 h 1900: fire 2802 (ws RD pass 0) term 2802 DONE cause 3 rb 0 own 0
R391-P6 scen 0 lat 31 h 1950: fire 2800 (ws RD pass 0) term 2800 DONE cause 3 rb 0 own 0
R391-P6 scen 0 lat 31 h 2000: fire 2800 (ws RD pass 0) term 2800 DONE cause 3 rb 0 own 0
R391-P6 scen 0 lat 31 h 2050: fire 2807 (ws RD pass 0) term 2807 DONE cause 3 rb 0 own 0
R391-P6 scen 0 lat 31 h 2100: fire 2800 (ws RD pass 0) term 2800 DONE cause 3 rb 0 own 0
R391-P6 scen 0 lat 31 h 2150: fire 2808 (ws RD pass 0) term 2808 DONE cause 3 rb 0 own 0
R391-P6 scen 0 lat 31 h 2200: fire 2801 (ws RD pass 0) term 2801 DONE cause 3 rb 0 own 0
R391-P6 scen 0 lat 31 h 2250: fire 2800 (ws RD pass 0) term 2800 DONE cause 3 rb 0 own 0
R391-P6 scen 0 lat 31 h 2300: fire 2802 (ws RD pass 0) term 2802 DONE cause 3 rb 0 own 0
R391-P6 scen 0 lat 31 h 2350: fire 2800 (ws RD pass 0) term 2800 DONE cause 3 rb 0 own 0
R391-P6 scen 0 lat 31 h 2400: fire 2803 (ws RD pass 0) term 2803 DONE cause 3 rb 0 own 0
R391-P6 scen 0 lat 31 h 2450: fire 2800 (ws RD pass 0) term 2800 DONE cause 3 rb 0 own 0
R391-P6 scen 0 lat 31 h 2500: fire 2804 (ws RD pass 0) term 2804 DONE cause 3 rb 0 own 0
R391-P6 scen 0 lat 31 h 2550: fire 2800 (ws RD pass 0) term 2800 DONE cause 3 rb 0 own 0
R391-P6 scen 0 lat 31 h 2600: fire 2802 (ws RD pass 0) term 2802 DONE cause 3 rb 0 own 0
R391-P6 scen 0 lat 31 h 2650: fire 2800 (ws RD pass 0) term 2800 DONE cause 3 rb 0 own 0
R391-P6 scen 0 lat 31 h 2700: fire 2800 (ws WAITGO pass 0) term 2800 CLOSED cause 3 rb 0 own 1
R391-P6 scen 0 lat 31 h 2750: fire 2800 (ws WAITGO pass 0) term 2800 CLOSED cause 3 rb 0 own 1
R391-P6 scen 0 lat 31 h 2800: fire 2800 (ws WAITGO pass 0) term 2800 CLOSED cause 3 rb 0 own 1
R391-P6 scen 0 lat 31 h 2850: fire 2800 (ws WAITGO pass 0) term 2800 CLOSED cause 3 rb 0 own 1
R391-P6 scen 0 lat 31 h 2900: fire 2800 (ws WAITGO pass 0) term 2800 CLOSED cause 3 rb 0 own 1
R391-P6 scen 1 lat 143 h    0: fire 2803 (ws RD pass 1) term 3794 DONE cause 3 rb 1 own 0
R391-P6 scen 1 lat 143 h   50: fire 2801 (ws RD pass 1) term 3792 DONE cause 3 rb 1 own 0
R391-P6 scen 1 lat 143 h  100: fire 2801 (ws RD pass 1) term 3792 DONE cause 3 rb 1 own 0
R391-P6 scen 1 lat 143 h  150: fire 2801 (ws RD pass 1) term 3792 DONE cause 3 rb 1 own 0
R391-P6 scen 1 lat 143 h  200: fire 2801 (ws RD pass 1) term 3792 DONE cause 3 rb 1 own 0
R391-P6 scen 1 lat 143 h  250: fire 2801 (ws RD pass 1) term 3792 DONE cause 3 rb 1 own 0
R391-P6 scen 1 lat 143 h  300: fire 2801 (ws RD pass 1) term 3792 DONE cause 3 rb 1 own 0
R391-P6 scen 1 lat 143 h  350: fire 2801 (ws RD pass 1) term 3792 DONE cause 3 rb 1 own 0
R391-P6 scen 1 lat 143 h  400: fire 2801 (ws RD pass 1) term 3792 DONE cause 3 rb 1 own 0
R391-P6 scen 1 lat 143 h  450: fire 2800 (ws RELOC pass 1) term 2800 CLOSED cause 5 rb 0 own 1
R391-P6 scen 1 lat 143 h  500: fire 2800 (ws RELOC pass 1) term 2800 CLOSED cause 5 rb 0 own 1
R391-P6 scen 1 lat 143 h  550: fire 2801 (ws RD pass 1) term 3792 DONE cause 3 rb 1 own 0
R391-P6 scen 1 lat 143 h  600: fire 2800 (ws RD pass 1) term 3791 DONE cause 3 rb 1 own 0
R391-P6 scen 1 lat 143 h  650: fire 2800 (ws JUDGE pass 1) term 3791 DONE cause 3 rb 1 own 0
R391-P6 scen 1 lat 143 h  700: fire 2808 (ws RD pass 1) term 3799 DONE cause 3 rb 1 own 0
R391-P6 scen 1 lat 143 h  750: fire 2800 (ws RD pass 1) term 3791 DONE cause 3 rb 1 own 0
R391-P6 scen 1 lat 143 h  800: fire 2802 (ws NEXT pass 1) term 3793 DONE cause 3 rb 1 own 0
R391-P6 scen 1 lat 143 h  850: fire 2806 (ws RD pass 1) term 3797 DONE cause 3 rb 1 own 0
R391-P6 scen 1 lat 143 h  900: fire 2800 (ws RD pass 1) term 3791 DONE cause 3 rb 1 own 0
R391-P6 scen 1 lat 143 h  950: fire 2800 (ws NEXT pass 1) term 3791 DONE cause 3 rb 1 own 0
R391-P6 scen 1 lat 143 h 1000: fire 2804 (ws RD pass 1) term 3795 DONE cause 3 rb 1 own 0
R391-P6 scen 1 lat 143 h 1050: fire 2807 (ws RD pass 1) term 3798 DONE cause 3 rb 1 own 0
R391-P6 scen 1 lat 143 h 1100: fire 2800 (ws RD pass 1) term 3791 DONE cause 3 rb 1 own 0
R391-P6 scen 1 lat 143 h 1150: fire 2800 (ws LOC pass 1) term 3791 DONE cause 3 rb 1 own 0
R391-P6 scen 1 lat 143 h 1200: fire 2800 (ws LOC pass 1) term 3791 DONE cause 3 rb 1 own 0
R391-P6 scen 1 lat 143 h 1250: fire 2800 (ws LOC pass 1) term 3791 DONE cause 3 rb 1 own 0
R391-P6 scen 1 lat 143 h 1300: fire 2800 (ws LOC pass 1) term 3816 DONE cause 3 rb 1 own 0
R391-P6 scen 1 lat 143 h 1350: fire 2800 (ws LOC pass 1) term 3866 DONE cause 3 rb 1 own 0
R391-P6 scen 1 lat 143 h 1400: fire 2800 (ws LOC pass 1) term 3916 DONE cause 3 rb 1 own 0
R391-P6 scen 1 lat 143 h 1450: fire 2800 (ws RD pass 1) term 3791 DONE cause 3 rb 1 own 0
R391-P6 scen 1 lat 143 h 1500: fire 2800 (ws LOC pass 1) term 3791 DONE cause 3 rb 1 own 0
R391-P6 scen 1 lat 143 h 1550: fire 2800 (ws LOC pass 1) term 3791 DONE cause 3 rb 1 own 0
R391-P6 scen 1 lat 143 h 1600: fire 2800 (ws LOC pass 1) term 3793 DONE cause 3 rb 1 own 0
R391-P6 scen 1 lat 143 h 1650: fire 2800 (ws LOC pass 1) term 3843 DONE cause 3 rb 1 own 0
R391-P6 scen 1 lat 143 h 1700: fire 2800 (ws LOC pass 1) term 3893 DONE cause 3 rb 1 own 0
R391-P6 scen 1 lat 143 h 1750: fire 2800 (ws LOC pass 1) term 3943 DONE cause 3 rb 1 own 0
R391-P6 scen 1 lat 143 h 1800: fire 2800 (ws NEXT pass 1) term 3791 DONE cause 3 rb 1 own 0
R391-P6 scen 1 lat 143 h 1850: fire 2800 (ws RD pass 0) term 2800 DONE cause 3 rb 0 own 0
R391-P6 scen 1 lat 143 h 1900: fire 2802 (ws RD pass 0) term 2802 DONE cause 3 rb 0 own 0
R391-P6 scen 1 lat 143 h 1950: fire 2800 (ws RD pass 0) term 2800 DONE cause 3 rb 0 own 0
R391-P6 scen 1 lat 143 h 2000: fire 2800 (ws RD pass 0) term 2800 DONE cause 3 rb 0 own 0
R391-P6 scen 1 lat 143 h 2050: fire 2807 (ws RD pass 0) term 2807 DONE cause 3 rb 0 own 0
R391-P6 scen 1 lat 143 h 2100: fire 2800 (ws RD pass 0) term 2800 DONE cause 3 rb 0 own 0
R391-P6 scen 1 lat 143 h 2150: fire 2808 (ws RD pass 0) term 2808 DONE cause 3 rb 0 own 0
R391-P6 scen 1 lat 143 h 2200: fire 2801 (ws RD pass 0) term 2801 DONE cause 3 rb 0 own 0
R391-P6 scen 1 lat 143 h 2250: fire 2800 (ws RD pass 0) term 2800 DONE cause 3 rb 0 own 0
R391-P6 scen 1 lat 143 h 2300: fire 2802 (ws RD pass 0) term 2802 DONE cause 3 rb 0 own 0
R391-P6 scen 1 lat 143 h 2350: fire 2800 (ws RD pass 0) term 2800 DONE cause 3 rb 0 own 0
R391-P6 scen 1 lat 143 h 2400: fire 2803 (ws RD pass 0) term 2803 DONE cause 3 rb 0 own 0
R391-P6 scen 1 lat 143 h 2450: fire 2800 (ws RD pass 0) term 2800 DONE cause 3 rb 0 own 0
R391-P6 scen 1 lat 143 h 2500: fire 2804 (ws RD pass 0) term 2804 DONE cause 3 rb 0 own 0
R391-P6 scen 1 lat 143 h 2550: fire 2800 (ws RD pass 0) term 2800 DONE cause 3 rb 0 own 0
R391-P6 scen 1 lat 143 h 2600: fire 2802 (ws RD pass 0) term 2802 DONE cause 3 rb 0 own 0
R391-P6 scen 1 lat 143 h 2650: fire 2800 (ws RD pass 0) term 2800 DONE cause 3 rb 0 own 0
R391-P6 scen 1 lat 143 h 2700: fire 2800 (ws WAITGO pass 0) term 2800 CLOSED cause 3 rb 0 own 1
R391-P6 scen 1 lat 143 h 2750: fire 2800 (ws WAITGO pass 0) term 2800 CLOSED cause 3 rb 0 own 1
R391-P6 scen 1 lat 143 h 2800: fire 2800 (ws WAITGO pass 0) term 2800 CLOSED cause 3 rb 0 own 1
R391-P6 scen 1 lat 143 h 2850: fire 2800 (ws WAITGO pass 0) term 2800 CLOSED cause 3 rb 0 own 1
R391-P6 scen 1 lat 143 h 2900: fire 2800 (ws WAITGO pass 0) term 2800 CLOSED cause 3 rb 0 own 1
R391-P6 AGG 2800: 5802 runs, 5294 fired, 0 BAD; the expiry edge at most 8 clocks after the bound
R391-P6 fired in IMG/p0     2 runs
R391-P6 fired in JUDGE/p1   64 runs
R391-P6 fired in LANE/p1    18 runs
R391-P6 fired in LOC/p1     954 runs
R391-P6 fired in NCFG/p1    4 runs
R391-P6 fired in NEXT/p0    108 runs
R391-P6 fired in NEXT/p1    130 runs
R391-P6 fired in RD/p0      1578 runs
R391-P6 fired in RD/p1      1786 runs
R391-P6 fired in RELOC/p1   108 runs
R391-P6 fired in RULE/p1    92 runs
R391-P6 fired in WAITGO/p0  450 runs
