{
 "run": "warm-pooled",
 "summary": {
  "cmd": [
   "make",
   "-j1",
   "-C",
   "$CANDIDATE/tb/verilator/milan_dp",
   "run"
  ],
  "cwd": "$CANDIDATE",
  "started_utc": 1790099927.0068967,
  "wall_s": 943.33,
  "exit": 0,
  "children_user_s": 1129.453,
  "children_sys_s": 18.495,
  "max_single_rss_kb": 358124
 },
 "legs": [
  {
   "leg": "./obj_dir/Vmilan_dp_sim",
   "sightings": 1,
   "transcript_sha256": "2fdac7f46f7cd00d0cca2ea0d4e92b02798dce8fbb587507db9254d1e84407ca",
   "transcript_bytes": 20102,
   "checks": 230,
   "failures": 0,
   "tallies": [
    "milan_datapath: 230 checks, 0 failures"
   ],
   "verdict_failure": false,
   "first_t": 170.16,
   "last_t": 175.232,
   "life_s": 5.072,
   "cpu_s": 5.13,
   "hwm_kb": 5140,
   "argv": [
    "./obj_dir/Vmilan_dp_sim"
   ],
   "cwd": "$CANDIDATE/tb/verilator/milan_dp",
   "fd0": "/dev/null",
   "env_sha256": "852f7b9ab409c95c9ec7d084cfb4107f5fca9ef29102e167123f057c7bb275a6",
   "env_keys": [
    "CODEX_CI",
    "CODEX_SESSION_ID",
    "CODEX_THREAD_ID",
    "CODEX_VERSION",
    "COLORTERM",
    "DBUS_SESSION_BUS_ADDRESS",
    "DEBUGINFOD_URLS",
    "GH_PAGER",
    "GIT_PAGER",
    "HOME",
    "INVOCATION_ID",
    "JOURNAL_STREAM",
    "LANG",
    "LC_ALL",
    "LC_CTYPE",
    "LOGNAME",
    "MAKEFLAGS",
    "MAKELEVEL",
    "MANAGERPID",
    "MANAGERPIDFDID",
    "MEMORY_PRESSURE_WATCH",
    "MEMORY_PRESSURE_WRITE",
    "MFLAGS",
    "NO_COLOR",
    "PAGER",
    "PATH",
    "PWD",
    "SHELL",
    "SHLVL",
    "SIM_JOBS",
    "SYSTEMD_EXEC_PID",
    "TERM",
    "TMPDIR",
    "USER",
    "VERILATOR_JOBS",
    "VSSCRIPT_PATH",
    "XDG_RUNTIME_DIR",
    "_"
   ]
  },
  {
   "leg": "./obj_notify/Vmilan_dp_notify",
   "sightings": 1,
   "transcript_sha256": "5790722811ec08dc38788e748f7d8003cefb58ff5c0d1f9760bb8f23a44b0317",
   "transcript_bytes": 10924,
   "checks": 135,
   "failures": 0,
   "tallies": [
    "checks: 135   failures: 0"
   ],
   "verdict_failure": false,
   "first_t": 170.16,
   "last_t": 181.592,
   "life_s": 11.432,
   "cpu_s": 11.21,
   "hwm_kb": 5444,
   "argv": [
    "./obj_notify/Vmilan_dp_notify"
   ],
   "cwd": "$CANDIDATE/tb/verilator/milan_dp",
   "fd0": "/dev/null",
   "env_sha256": "852f7b9ab409c95c9ec7d084cfb4107f5fca9ef29102e167123f057c7bb275a6",
   "env_keys": [
    "CODEX_CI",
    "CODEX_SESSION_ID",
    "CODEX_THREAD_ID",
    "CODEX_VERSION",
    "COLORTERM",
    "DBUS_SESSION_BUS_ADDRESS",
    "DEBUGINFOD_URLS",
    "GH_PAGER",
    "GIT_PAGER",
    "HOME",
    "INVOCATION_ID",
    "JOURNAL_STREAM",
    "LANG",
    "LC_ALL",
    "LC_CTYPE",
    "LOGNAME",
    "MAKEFLAGS",
    "MAKELEVEL",
    "MANAGERPID",
    "MANAGERPIDFDID",
    "MEMORY_PRESSURE_WATCH",
    "MEMORY_PRESSURE_WRITE",
    "MFLAGS",
    "NO_COLOR",
    "PAGER",
    "PATH",
    "PWD",
    "SHELL",
    "SHLVL",
    "SIM_JOBS",
    "SYSTEMD_EXEC_PID",
    "TERM",
    "TMPDIR",
    "USER",
    "VERILATOR_JOBS",
    "VSSCRIPT_PATH",
    "XDG_RUNTIME_DIR",
    "_"
   ]
  },
  {
   "leg": "./obj_nxn/Vmilan_dp_nxn",
   "sightings": 1,
   "transcript_sha256": "84b3aaa35a0a76a37fe951487f620911bcc39cba6b48131eda5f8f065b3ad7d0",
   "transcript_bytes": 138763,
   "checks": 1633,
   "failures": 0,
   "tallies": [
    "checks: 1633   failures: 0"
   ],
   "verdict_failure": false,
   "first_t": 181.722,
   "last_t": 187.181,
   "life_s": 5.459,
   "cpu_s": 5.28,
   "hwm_kb": 5572,
   "argv": [
    "./obj_nxn/Vmilan_dp_nxn"
   ],
   "cwd": "$CANDIDATE/tb/verilator/milan_dp",
   "fd0": "/dev/null",
   "env_sha256": "852f7b9ab409c95c9ec7d084cfb4107f5fca9ef29102e167123f057c7bb275a6",
   "env_keys": [
    "CODEX_CI",
    "CODEX_SESSION_ID",
    "CODEX_THREAD_ID",
    "CODEX_VERSION",
    "COLORTERM",
    "DBUS_SESSION_BUS_ADDRESS",
    "DEBUGINFOD_URLS",
    "GH_PAGER",
    "GIT_PAGER",
    "HOME",
    "INVOCATION_ID",
    "JOURNAL_STREAM",
    "LANG",
    "LC_ALL",
    "LC_CTYPE",
    "LOGNAME",
    "MAKEFLAGS",
    "MAKELEVEL",
    "MANAGERPID",
    "MANAGERPIDFDID",
    "MEMORY_PRESSURE_WATCH",
    "MEMORY_PRESSURE_WRITE",
    "MFLAGS",
    "NO_COLOR",
    "PAGER",
    "PATH",
    "PWD",
    "SHELL",
    "SHLVL",
    "SIM_JOBS",
    "SYSTEMD_EXEC_PID",
    "TERM",
    "TMPDIR",
    "USER",
    "VERILATOR_JOBS",
    "VSSCRIPT_PATH",
    "XDG_RUNTIME_DIR",
    "_"
   ]
  },
  {
   "leg": "./obj_nxndv/Vmilan_dp_nxndv",
   "sightings": 1,
   "transcript_sha256": "6f0d21cab87b801ff5e8766207e0f05fccc840d16f0633a677e56624f925229b",
   "transcript_bytes": 138913,
   "checks": 1635,
   "failures": 0,
   "tallies": [
    "checks: 1635   failures: 0"
   ],
   "verdict_failure": false,
   "first_t": 187.311,
   "last_t": 192.876,
   "life_s": 5.565,
   "cpu_s": 5.32,
   "hwm_kb": 5576,
   "argv": [
    "./obj_nxndv/Vmilan_dp_nxndv"
   ],
   "cwd": "$CANDIDATE/tb/verilator/milan_dp",
   "fd0": "/dev/null",
   "env_sha256": "852f7b9ab409c95c9ec7d084cfb4107f5fca9ef29102e167123f057c7bb275a6",
   "env_keys": [
    "CODEX_CI",
    "CODEX_SESSION_ID",
    "CODEX_THREAD_ID",
    "CODEX_VERSION",
    "COLORTERM",
    "DBUS_SESSION_BUS_ADDRESS",
    "DEBUGINFOD_URLS",
    "GH_PAGER",
    "GIT_PAGER",
    "HOME",
    "INVOCATION_ID",
    "JOURNAL_STREAM",
    "LANG",
    "LC_ALL",
    "LC_CTYPE",
    "LOGNAME",
    "MAKEFLAGS",
    "MAKELEVEL",
    "MANAGERPID",
    "MANAGERPIDFDID",
    "MEMORY_PRESSURE_WATCH",
    "MEMORY_PRESSURE_WRITE",
    "MFLAGS",
    "NO_COLOR",
    "PAGER",
    "PATH",
    "PWD",
    "SHELL",
    "SHLVL",
    "SIM_JOBS",
    "SYSTEMD_EXEC_PID",
    "TERM",
    "TMPDIR",
    "USER",
    "VERILATOR_JOBS",
    "VSSCRIPT_PATH",
    "XDG_RUNTIME_DIR",
    "_"
   ]
  },
  {
   "leg": "./obj_nxn8/Vmilan_dp_nxn8",
   "sightings": 1,
   "transcript_sha256": "e05d123deb63ceb97c2259b970e34ad6c57cd1fa7a7038ab1dc3f027989a8aef",
   "transcript_bytes": 254383,
   "checks": 3061,
   "failures": 0,
   "tallies": [
    "checks: 3061   failures: 0"
   ],
   "verdict_failure": false,
   "first_t": 193.135,
   "last_t": 203.933,
   "life_s": 10.798,
   "cpu_s": 10.62,
   "hwm_kb": 5748,
   "argv": [
    "./obj_nxn8/Vmilan_dp_nxn8"
   ],
   "cwd": "$CANDIDATE/tb/verilator/milan_dp",
   "fd0": "/dev/null",
   "env_sha256": "852f7b9ab409c95c9ec7d084cfb4107f5fca9ef29102e167123f057c7bb275a6",
   "env_keys": [
    "CODEX_CI",
    "CODEX_SESSION_ID",
    "CODEX_THREAD_ID",
    "CODEX_VERSION",
    "COLORTERM",
    "DBUS_SESSION_BUS_ADDRESS",
    "DEBUGINFOD_URLS",
    "GH_PAGER",
    "GIT_PAGER",
    "HOME",
    "INVOCATION_ID",
    "JOURNAL_STREAM",
    "LANG",
    "LC_ALL",
    "LC_CTYPE",
    "LOGNAME",
    "MAKEFLAGS",
    "MAKELEVEL",
    "MANAGERPID",
    "MANAGERPIDFDID",
    "MEMORY_PRESSURE_WATCH",
    "MEMORY_PRESSURE_WRITE",
    "MFLAGS",
    "NO_COLOR",
    "PAGER",
    "PATH",
    "PWD",
    "SHELL",
    "SHLVL",
    "SIM_JOBS",
    "SYSTEMD_EXEC_PID",
    "TERM",
    "TMPDIR",
    "USER",
    "VERILATOR_JOBS",
    "VSSCRIPT_PATH",
    "XDG_RUNTIME_DIR",
    "_"
   ]
  },
  {
   "leg": "./obj_nxn4c/Vmilan_dp_nxn4c",
   "sightings": 1,
   "transcript_sha256": "a43a1027e7c2bca5be0b2d1452697349f0ec4af1684e8dd19811239797b9b0d8",
   "transcript_bytes": 138767,
   "checks": 1633,
   "failures": 0,
   "tallies": [
    "checks: 1633   failures: 0"
   ],
   "verdict_failure": false,
   "first_t": 204.062,
   "last_t": 209.495,
   "life_s": 5.433,
   "cpu_s": 5.23,
   "hwm_kb": 5548,
   "argv": [
    "./obj_nxn4c/Vmilan_dp_nxn4c"
   ],
   "cwd": "$CANDIDATE/tb/verilator/milan_dp",
   "fd0": "/dev/null",
   "env_sha256": "852f7b9ab409c95c9ec7d084cfb4107f5fca9ef29102e167123f057c7bb275a6",
   "env_keys": [
    "CODEX_CI",
    "CODEX_SESSION_ID",
    "CODEX_THREAD_ID",
    "CODEX_VERSION",
    "COLORTERM",
    "DBUS_SESSION_BUS_ADDRESS",
    "DEBUGINFOD_URLS",
    "GH_PAGER",
    "GIT_PAGER",
    "HOME",
    "INVOCATION_ID",
    "JOURNAL_STREAM",
    "LANG",
    "LC_ALL",
    "LC_CTYPE",
    "LOGNAME",
    "MAKEFLAGS",
    "MAKELEVEL",
    "MANAGERPID",
    "MANAGERPIDFDID",
    "MEMORY_PRESSURE_WATCH",
    "MEMORY_PRESSURE_WRITE",
    "MFLAGS",
    "NO_COLOR",
    "PAGER",
    "PATH",
    "PWD",
    "SHELL",
    "SHLVL",
    "SIM_JOBS",
    "SYSTEMD_EXEC_PID",
    "TERM",
    "TMPDIR",
    "USER",
    "VERILATOR_JOBS",
    "VSSCRIPT_PATH",
    "XDG_RUNTIME_DIR",
    "_"
   ]
  },
  {
   "leg": "./obj_nolpf/Vmilan_dp_nolpf",
   "sightings": 1,
   "transcript_sha256": "bdf1e4ea8ae32abf94364cbf4cdc7d7a36196ece6d06a1f3ee92fd4bec277325",
   "transcript_bytes": 20106,
   "checks": 230,
   "failures": 0,
   "tallies": [
    "milan_datapath: 230 checks, 0 failures"
   ],
   "verdict_failure": false,
   "first_t": 175.491,
   "last_t": 180.554,
   "life_s": 5.063,
   "cpu_s": 5.19,
   "hwm_kb": 5140,
   "argv": [
    "./obj_nolpf/Vmilan_dp_nolpf"
   ],
   "cwd": "$CANDIDATE/tb/verilator/milan_dp",
   "fd0": "/dev/null",
   "env_sha256": "852f7b9ab409c95c9ec7d084cfb4107f5fca9ef29102e167123f057c7bb275a6",
   "env_keys": [
    "CODEX_CI",
    "CODEX_SESSION_ID",
    "CODEX_THREAD_ID",
    "CODEX_VERSION",
    "COLORTERM",
    "DBUS_SESSION_BUS_ADDRESS",
    "DEBUGINFOD_URLS",
    "GH_PAGER",
    "GIT_PAGER",
    "HOME",
    "INVOCATION_ID",
    "JOURNAL_STREAM",
    "LANG",
    "LC_ALL",
    "LC_CTYPE",
    "LOGNAME",
    "MAKEFLAGS",
    "MAKELEVEL",
    "MANAGERPID",
    "MANAGERPIDFDID",
    "MEMORY_PRESSURE_WATCH",
    "MEMORY_PRESSURE_WRITE",
    "MFLAGS",
    "NO_COLOR",
    "PAGER",
    "PATH",
    "PWD",
    "SHELL",
    "SHLVL",
    "SIM_JOBS",
    "SYSTEMD_EXEC_PID",
    "TERM",
    "TMPDIR",
    "USER",
    "VERILATOR_JOBS",
    "VSSCRIPT_PATH",
    "XDG_RUNTIME_DIR",
    "_"
   ]
  },
  {
   "leg": "./obj_prune/Vmilan_dp_prune",
   "sightings": 1,
   "transcript_sha256": "906f292d5d4b16e92bc5c223fefdc770f9ae35e4c50cb5dc17cb957219d408b4",
   "transcript_bytes": 2925,
   "checks": 33,
   "failures": 0,
   "tallies": [
    "checks: 33   failures: 0"
   ],
   "verdict_failure": false,
   "first_t": 180.684,
   "last_t": 181.202,
   "life_s": 0.518,
   "cpu_s": 0.56,
   "hwm_kb": 5052,
   "argv": [
    "./obj_prune/Vmilan_dp_prune"
   ],
   "cwd": "$CANDIDATE/tb/verilator/milan_dp",
   "fd0": "/dev/null",
   "env_sha256": "852f7b9ab409c95c9ec7d084cfb4107f5fca9ef29102e167123f057c7bb275a6",
   "env_keys": [
    "CODEX_CI",
    "CODEX_SESSION_ID",
    "CODEX_THREAD_ID",
    "CODEX_VERSION",
    "COLORTERM",
    "DBUS_SESSION_BUS_ADDRESS",
    "DEBUGINFOD_URLS",
    "GH_PAGER",
    "GIT_PAGER",
    "HOME",
    "INVOCATION_ID",
    "JOURNAL_STREAM",
    "LANG",
    "LC_ALL",
    "LC_CTYPE",
    "LOGNAME",
    "MAKEFLAGS",
    "MAKELEVEL",
    "MANAGERPID",
    "MANAGERPIDFDID",
    "MEMORY_PRESSURE_WATCH",
    "MEMORY_PRESSURE_WRITE",
    "MFLAGS",
    "NO_COLOR",
    "PAGER",
    "PATH",
    "PWD",
    "SHELL",
    "SHLVL",
    "SIM_JOBS",
    "SYSTEMD_EXEC_PID",
    "TERM",
    "TMPDIR",
    "USER",
    "VERILATOR_JOBS",
    "VSSCRIPT_PATH",
    "XDG_RUNTIME_DIR",
    "_"
   ]
  },
  {
   "leg": "./obj_ax1x1/Vmilan_dp_ax1x1",
   "sightings": 1,
   "transcript_sha256": "1c009a0b250043aab610ffa6dbebcc836e1c61e59672200100d80ca0512ef974",
   "transcript_bytes": 20609,
   "checks": 227,
   "failures": 0,
   "tallies": [
    "milan_datapath: 227 checks, 0 failures"
   ],
   "verdict_failure": false,
   "first_t": 181.331,
   "last_t": 186.922,
   "life_s": 5.591,
   "cpu_s": 5.69,
   "hwm_kb": 5136,
   "argv": [
    "./obj_ax1x1/Vmilan_dp_ax1x1"
   ],
   "cwd": "$CANDIDATE/tb/verilator/milan_dp",
   "fd0": "/dev/null",
   "env_sha256": "852f7b9ab409c95c9ec7d084cfb4107f5fca9ef29102e167123f057c7bb275a6",
   "env_keys": [
    "CODEX_CI",
    "CODEX_SESSION_ID",
    "CODEX_THREAD_ID",
    "CODEX_VERSION",
    "COLORTERM",
    "DBUS_SESSION_BUS_ADDRESS",
    "DEBUGINFOD_URLS",
    "GH_PAGER",
    "GIT_PAGER",
    "HOME",
    "INVOCATION_ID",
    "JOURNAL_STREAM",
    "LANG",
    "LC_ALL",
    "LC_CTYPE",
    "LOGNAME",
    "MAKEFLAGS",
    "MAKELEVEL",
    "MANAGERPID",
    "MANAGERPIDFDID",
    "MEMORY_PRESSURE_WATCH",
    "MEMORY_PRESSURE_WRITE",
    "MFLAGS",
    "NO_COLOR",
    "PAGER",
    "PATH",
    "PWD",
    "SHELL",
    "SHLVL",
    "SIM_JOBS",
    "SYSTEMD_EXEC_PID",
    "TERM",
    "TMPDIR",
    "USER",
    "VERILATOR_JOBS",
    "VSSCRIPT_PATH",
    "XDG_RUNTIME_DIR",
    "_"
   ]
  },
  {
   "leg": "./obj_aclk/Vmilan_dp_aclk",
   "sightings": 1,
   "transcript_sha256": "4864c80753f085143e0adc334fc4fba2cf27b19c5a0650fc01a1a3e29ef74a38",
   "transcript_bytes": 14928,
   "checks": 139,
   "failures": 0,
   "tallies": [
    "media_aclk: 139 checks, 0 failures"
   ],
   "verdict_failure": false,
   "first_t": 187.052,
   "last_t": 620.312,
   "life_s": 433.26,
   "cpu_s": 431.72,
   "hwm_kb": 5488,
   "argv": [
    "./obj_aclk/Vmilan_dp_aclk"
   ],
   "cwd": "$CANDIDATE/tb/verilator/milan_dp",
   "fd0": "/dev/null",
   "env_sha256": "852f7b9ab409c95c9ec7d084cfb4107f5fca9ef29102e167123f057c7bb275a6",
   "env_keys": [
    "CODEX_CI",
    "CODEX_SESSION_ID",
    "CODEX_THREAD_ID",
    "CODEX_VERSION",
    "COLORTERM",
    "DBUS_SESSION_BUS_ADDRESS",
    "DEBUGINFOD_URLS",
    "GH_PAGER",
    "GIT_PAGER",
    "HOME",
    "INVOCATION_ID",
    "JOURNAL_STREAM",
    "LANG",
    "LC_ALL",
    "LC_CTYPE",
    "LOGNAME",
    "MAKEFLAGS",
    "MAKELEVEL",
    "MANAGERPID",
    "MANAGERPIDFDID",
    "MEMORY_PRESSURE_WATCH",
    "MEMORY_PRESSURE_WRITE",
    "MFLAGS",
    "NO_COLOR",
    "PAGER",
    "PATH",
    "PWD",
    "SHELL",
    "SHLVL",
    "SIM_JOBS",
    "SYSTEMD_EXEC_PID",
    "TERM",
    "TMPDIR",
    "USER",
    "VERILATOR_JOBS",
    "VSSCRIPT_PATH",
    "XDG_RUNTIME_DIR",
    "_"
   ]
  }
 ],
 "leg_phase": {
  "first_leg_seen_t": 170.16,
  "last_leg_seen_t": 620.312,
  "span_s": 450.152,
  "max_alive": 2,
  "max_group_alive": 1,
  "group_independent_overlap_samples": 302,
  "mean_alive": 1.087,
  "sum_leg_life_s": 488.191,
  "sum_leg_cpu_s": 485.95,
  "peak_leg_rss_kb": 10928,
  "peak_tree_rss_kb": 2550360,
  "load1_during": [
   13.08,
   18.49
  ],
  "host_busy_mean": 0.081
 },
 "gptp": {
  "./obj_gptp/Vmilan_dp_gptp": {
   "life_s": 83.734,
   "first_t": 0.26,
   "cpu_s": 83.24,
   "hwm_kb": 7932
  },
  "./obj_gptplat/Vmilan_dp_gptplat": {
   "life_s": 84.999,
   "first_t": 84.251,
   "cpu_s": 84.53,
   "hwm_kb": 7924
  }
 },
 "render": {
  "first_t": 620.44,
  "last_t": 943.176,
  "span_s": 322.736
 },
 "whole_log": {
  "checks": 9324,
  "failures": 0,
  "tallies": 13,
  "unparsed": [],
  "verdict": [
   "no failure reported",
   false
  ]
 },
 "sections_found": [
  "./obj_aclk/Vmilan_dp_aclk",
  "./obj_ax1x1/Vmilan_dp_ax1x1",
  "./obj_dir/Vmilan_dp_sim",
  "./obj_gptp/Vmilan_dp_gptp",
  "./obj_gptplat/Vmilan_dp_gptplat",
  "./obj_nolpf/Vmilan_dp_nolpf",
  "./obj_notify/Vmilan_dp_notify",
  "./obj_nxn/Vmilan_dp_nxn",
  "./obj_nxn4c/Vmilan_dp_nxn4c",
  "./obj_nxn8/Vmilan_dp_nxn8",
  "./obj_nxndv/Vmilan_dp_nxndv",
  "./obj_prune/Vmilan_dp_prune",
  "python3 render_mutants.py"
 ]
}
