MUTANT (scratch copy only): STEP_DET_NS_C 4096 -> 24576 (above the 20 us link-up step)
build rc=0
[P0] lock at the silicon window scale (talker +20 ppm)
  [ ok ] [P0] state LOCKED                        got=4 exp=4
  [ ok ] [P0] windows to LOCKED = 11 in [1, 39]
  [ ok ] [P0] the last window committed
  [ ok ] [P0] last window error (x512 ppm) = 60 in [-1023, 1023]
  [ ok ] [P0] integrator ~ talker - base (x512 ppm) = 15680 in [14664, 16712]
[P1] one PHC step at mid-window, per size
  [FAIL] [P1 +21000 ns] discards counted = 0 in [1, 1]
  [ ok ] [P1 +21000 ns] next window committed
  [FAIL] [P1 +21000 ns] next window error = 21040 in [-1023, 1023]
  [FAIL] [P1 +21000 ns] integrator moved = 10520 in [-512, 512]
  [FAIL] [P1 +21000 ns] written rate moved = 15765 in [-1024, 1024]
  [FAIL] [P1 +21000 ns] LOCKED on every edge
  [ ok ] [P1 +100000 ns] discards counted = 1 in [1, 1]
  [ ok ] [P1 +100000 ns] next window committed
  [FAIL] [P1 +100000 ns] next window error = -15200 in [-1023, 1023]
  [FAIL] [P1 +100000 ns] integrator moved = -7600 in [-512, 512]
  [FAIL] [P1 +100000 ns] written rate moved = -16660 in [-1024, 1024]
  [FAIL] [P1 +100000 ns] LOCKED on every edge
  [ ok ] [P1 -100000 ns] discards counted = 1 in [1, 1]
  [ ok ] [P1 -100000 ns] next window committed
  [ ok ] [P1 -100000 ns] next window error = 940 in [-1023, 1023]
  [ ok ] [P1 -100000 ns] integrator moved = 470 in [-512, 512]
  [FAIL] [P1 -100000 ns] written rate moved = 4505 in [-1024, 1024]
  [FAIL] [P1 -100000 ns] LOCKED on every edge
  [ ok ] [P1 +108000 ns] discards counted = 1 in [1, 1]
  [ ok ] [P1 +108000 ns] next window committed
  [FAIL] [P1 +108000 ns] next window error = -3580 in [-1023, 1023]
  [FAIL] [P1 +108000 ns] integrator moved = -1790 in [-512, 512]
  [FAIL] [P1 +108000 ns] written rate moved = -2920 in [-1024, 1024]
  [FAIL] [P1 +108000 ns] LOCKED on every edge
  [ ok ] [P1 +150000 ns] discards counted = 1 in [1, 1]
  [ ok ] [P1 +150000 ns] next window committed
  [ ok ] [P1 +150000 ns] next window error = -660 in [-1023, 1023]
  [ ok ] [P1 +150000 ns] integrator moved = -330 in [-512, 512]
  [ ok ] [P1 +150000 ns] written rate moved = 400 in [-1024, 1024]
  [FAIL] [P1 +150000 ns] LOCKED on every edge
  [ ok ] [P1 -150000 ns] discards counted = 1 in [1, 1]
  [ ok ] [P1 -150000 ns] next window committed
  [FAIL] [P1 -150000 ns] next window error = -1060 in [-1023, 1023]
  [FAIL] [P1 -150000 ns] integrator moved = -530 in [-512, 512]
  [ ok ] [P1 -150000 ns] written rate moved = -630 in [-1024, 1024]
  [FAIL] [P1 -150000 ns] LOCKED on every edge
  [ ok ] [P1 +300000 ns] discards counted = 1 in [1, 1]
  [ ok ] [P1 +300000 ns] next window committed
  [ ok ] [P1 +300000 ns] next window error = -440 in [-1023, 1023]
  [ ok ] [P1 +300000 ns] integrator moved = -220 in [-512, 512]
  [ ok ] [P1 +300000 ns] written rate moved = -65 in [-1024, 1024]
  [FAIL] [P1 +300000 ns] LOCKED on every edge
  [ ok ] [P1 +524000 ns] discards counted = 1 in [1, 1]
  [ ok ] [P1 +524000 ns] next window committed
  [ ok ] [P1 +524000 ns] next window error = -360 in [-1023, 1023]
  [ ok ] [P1 +524000 ns] integrator moved = -180 in [-512, 512]
  [ ok ] [P1 +524000 ns] written rate moved = -160 in [-1024, 1024]
  [FAIL] [P1 +524000 ns] LOCKED on every edge
  [ ok ] [P1 +1000000 ns] discards counted = 1 in [1, 1]
  [ ok ] [P1 +1000000 ns] next window committed
  [ ok ] [P1 +1000000 ns] next window error = -200 in [-1023, 1023]
  [ ok ] [P1 +1000000 ns] integrator moved = -100 in [-512, 512]
  [ ok ] [P1 +1000000 ns] written rate moved = -60 in [-1024, 1024]
  [FAIL] [P1 +1000000 ns] LOCKED on every edge
  [ ok ] [P1 +1000000000 ns] discards counted = 1 in [1, 1]
  [ ok ] [P1 +1000000000 ns] next window committed
  [ ok ] [P1 +1000000000 ns] next window error = -140 in [-1023, 1023]
  [ ok ] [P1 +1000000000 ns] integrator moved = -70 in [-512, 512]
  [ ok ] [P1 +1000000000 ns] written rate moved = -55 in [-1024, 1024]
  [FAIL] [P1 +1000000000 ns] LOCKED on every edge
  [ ok ] [P1 -1000000000 ns] discards counted = 1 in [1, 1]
  [ ok ] [P1 -1000000000 ns] next window committed
  [ ok ] [P1 -1000000000 ns] next window error = -80 in [-1023, 1023]
  [ ok ] [P1 -1000000000 ns] integrator moved = -40 in [-512, 512]
  [ ok ] [P1 -1000000000 ns] written rate moved = -25 in [-1024, 1024]
  [ ok ] [P1 -1000000000 ns] LOCKED on every edge
[P2a] step staged on the boundary sample
  [ ok ] [P2a] arm: the stepped sample is staged, T0 next edge
  [ ok ] [P2a] arm: the boundary fired on it
  [ ok ] [P2a] the boundary window is NOT committed
  [ ok ] [P2a] integrator at the squashed close = 0 in [0, 0]
  [ ok ] [P2a] written rate at the squashed close = 0 in [0, 0]
  [ ok ] [P2a] discards counted = 1 in [1, 1]
  [ ok ] [P2a] next window committed
  [ ok ] [P2a] next window error = -60 in [-1023, 1023]
  [ ok ] [P2a] integrator moved = -30 in [-512, 512]
  [ ok ] [P2a] written rate moved = -25 in [-1024, 1024]
  [ ok ] [P2a] LOCKED on every edge
[P2b] step staged one edge after the boundary
  [ ok ] [P2b] arm: no stepped sample staged before T0
  [ ok ] [P2b] arm: T0 fired as the stepped sample was staged
  [ ok ] [P2b] the closed (pre-step) window commits
  [ ok ] [P2b] its window error = -40 in [-1023, 1023]
  [ ok ] [P2b] discards counted = 1 in [1, 1]
  [ ok ] [P2b] next window committed
  [ ok ] [P2b] next window error = -40 in [-1023, 1023]
  [ ok ] [P2b] integrator moved = -40 in [-512, 512]
  [ ok ] [P2b] written rate moved = -35 in [-1024, 1024]
  [ ok ] [P2b] LOCKED on every edge
[P2c] step inside the last tick before the boundary
  [ ok ] [P2c] arm: window abandoned inside its last tick
  [ ok ] [P2c] arm: the boundary tick re-based instead of closing
  [ ok ] [P2c] discards counted = 1 in [1, 1]
  [ ok ] [P2c] next window committed
  [ ok ] [P2c] next window error = -20 in [-1023, 1023]
  [ ok ] [P2c] integrator moved = -10 in [-512, 512]
  [ ok ] [P2c] written rate moved = -5 in [-1024, 1024]
  [ ok ] [P2c] LOCKED on every edge
[P3] guard discard and PHC step on one cycle
  [ ok ] [P3] arm: S4 of a guard window with a step staged
  [ ok ] [P3] the implausible window is NOT committed
  [ ok ] [P3] discards counted = 2 in [2, 2]
  [ ok ] [P3] next window committed
  [ ok ] [P3] next window error = 0 in [-1023, 1023]
  [ ok ] [P3] integrator moved = 0 in [-512, 512]
  [ ok ] [P3] written rate moved = 5 in [-1024, 1024]
  [ ok ] [P3] LOCKED on every edge
[P4] rate path: talker +20 -> -20 ppm, no step
  [ ok ] [P4] the first window after the change commits
  [ ok ] [P4] its error carries the rate change (x512 ppm) = -20500 in [-23040, -2560]
  [ ok ] [P4] re-LOCKED on the new rate           got=4 exp=4
  [ ok ] [P4] integrator ~ new talker - base (x512 ppm) = -4690 in [-5816, -3768]
  [ ok ] [P4] nothing discarded = 0 in [0, 0]
== mmcm_servo phc_step: checks: 113   failures: 23 ==
RESULT: FAIL
run rc=1
