$VALIDATION_STORAGE/pp128-manager-9476898b/pinned-tool-bin/verilator --cc --exe --build -j 0 --top-module tb_dispatch_top -Wall -Wno-fatal -Wno-DECLFILENAME -Wno-UNUSEDSIGNAL -Wno-WIDTHEXPAND -Wno-WIDTHTRUNC -Wno-UNUSEDPARAM -CFLAGS "-std=c++17 -O2 -I$REVIEWS/pp128-r377-1-packet/scratch/suites/tree/tb/dispatch -Wall -Wextra" ../../hdl/common/pp_pkg.sv ../../hdl/packet_engine/KL_pp_normalizer.sv ../../hdl/packet_engine/KL_pp_dispatch.sv tb_dispatch_top.sv sim_main.cpp -o Vdispatch_sim
make[1]: Entering directory '$REVIEWS/pp128-r377-1-packet/scratch/suites/tree/tb/dispatch/obj_dir'
g++  -I.  -MMD -I<TOOLROOT>/usr/share/verilator/include -I<TOOLROOT>/usr/share/verilator/include/vltstd -DVERILATOR=1 -DVM_COVERAGE=0 -DVM_SC=0 -DVM_TIMING=0 -DVM_TRACE=0 -DVM_TRACE_FST=0 -DVM_TRACE_VCD=0 -DVM_TRACE_SAIF=0 -DVM_VPI=0 -faligned-new -fcf-protection=none -Wno-bool-operation -Wno-int-in-bool-context -Wno-shadow -Wno-sign-compare -Wno-subobject-linkage -Wno-tautological-compare -Wno-uninitialized -Wno-unused-but-set-parameter -Wno-unused-but-set-variable -Wno-unused-parameter -Wno-unused-variable    -std=c++17 -O2 -I$REVIEWS/pp128-r377-1-packet/scratch/suites/tree/tb/dispatch -Wall -Wextra   -Os  -c -o sim_main.o ../sim_main.cpp
g++ -Os  -I.  -MMD -I<TOOLROOT>/usr/share/verilator/include -I<TOOLROOT>/usr/share/verilator/include/vltstd -DVERILATOR=1 -DVM_COVERAGE=0 -DVM_SC=0 -DVM_TIMING=0 -DVM_TRACE=0 -DVM_TRACE_FST=0 -DVM_TRACE_VCD=0 -DVM_TRACE_SAIF=0 -DVM_VPI=0 -faligned-new -fcf-protection=none -Wno-bool-operation -Wno-int-in-bool-context -Wno-shadow -Wno-sign-compare -Wno-subobject-linkage -Wno-tautological-compare -Wno-uninitialized -Wno-unused-but-set-parameter -Wno-unused-but-set-variable -Wno-unused-parameter -Wno-unused-variable    -std=c++17 -O2 -I$REVIEWS/pp128-r377-1-packet/scratch/suites/tree/tb/dispatch -Wall -Wextra   -c -o verilated.o <TOOLROOT>/usr/share/verilator/include/verilated.cpp
g++ -Os  -I.  -MMD -I<TOOLROOT>/usr/share/verilator/include -I<TOOLROOT>/usr/share/verilator/include/vltstd -DVERILATOR=1 -DVM_COVERAGE=0 -DVM_SC=0 -DVM_TIMING=0 -DVM_TRACE=0 -DVM_TRACE_FST=0 -DVM_TRACE_VCD=0 -DVM_TRACE_SAIF=0 -DVM_VPI=0 -faligned-new -fcf-protection=none -Wno-bool-operation -Wno-int-in-bool-context -Wno-shadow -Wno-sign-compare -Wno-subobject-linkage -Wno-tautological-compare -Wno-uninitialized -Wno-unused-but-set-parameter -Wno-unused-but-set-variable -Wno-unused-parameter -Wno-unused-variable    -std=c++17 -O2 -I$REVIEWS/pp128-r377-1-packet/scratch/suites/tree/tb/dispatch -Wall -Wextra   -c -o verilated_threads.o <TOOLROOT>/usr/share/verilator/include/verilated_threads.cpp
python3 <TOOLROOT>/usr/share/verilator/bin/verilator_includer -DVL_INCLUDE_OPT=include Vtb_dispatch_top.cpp Vtb_dispatch_top___024root__0.cpp Vtb_dispatch_top__ConstPool__0__Slow.cpp Vtb_dispatch_top___024root__Slow.cpp Vtb_dispatch_top___024root__0__Slow.cpp Vtb_dispatch_top__Syms__Slow.cpp > Vtb_dispatch_top__ALL.cpp
g++ -Os  -I.  -MMD -I<TOOLROOT>/usr/share/verilator/include -I<TOOLROOT>/usr/share/verilator/include/vltstd -DVERILATOR=1 -DVM_COVERAGE=0 -DVM_SC=0 -DVM_TIMING=0 -DVM_TRACE=0 -DVM_TRACE_FST=0 -DVM_TRACE_VCD=0 -DVM_TRACE_SAIF=0 -DVM_VPI=0 -faligned-new -fcf-protection=none -Wno-bool-operation -Wno-int-in-bool-context -Wno-shadow -Wno-sign-compare -Wno-subobject-linkage -Wno-tautological-compare -Wno-uninitialized -Wno-unused-but-set-parameter -Wno-unused-but-set-variable -Wno-unused-parameter -Wno-unused-variable    -std=c++17 -O2 -I$REVIEWS/pp128-r377-1-packet/scratch/suites/tree/tb/dispatch -Wall -Wextra   -c -o Vtb_dispatch_top__ALL.o Vtb_dispatch_top__ALL.cpp
../sim_main.cpp: In member function ‘void {anonymous}::DispatchHarness::check_cross_queue_interleave_keeps_fifo_order()’:
../sim_main.cpp:608:50: warning: operation on ‘sq’ may be undefined [-Wsequence-point]
  608 |         Rec rt = makeInjected(O_TIMER, P_AEM,  sq++, 400u + sq);
      |                                                ~~^~
../sim_main.cpp:608:50: warning: operation on ‘sq’ may be undefined [-Wsequence-point]
../sim_main.cpp:608:50: warning: operation on ‘sq’ may be undefined [-Wsequence-point]
../sim_main.cpp:611:49: warning: operation on ‘sq’ may be undefined [-Wsequence-point]
  611 |         Rec rm = makeInjected(O_MGMT, P_ACMP, sq++, 500u + sq);
      |                                               ~~^~
../sim_main.cpp:611:49: warning: operation on ‘sq’ may be undefined [-Wsequence-point]
../sim_main.cpp:611:49: warning: operation on ‘sq’ may be undefined [-Wsequence-point]
g++    sim_main.o verilated.o verilated_threads.o Vtb_dispatch_top__ALL.a    -pthread -lpthread -latomic   -o Vdispatch_sim
rm Vtb_dispatch_top__ALL.verilator_deplist.tmp
make[1]: Leaving directory '$REVIEWS/pp128-r377-1-packet/scratch/suites/tree/tb/dispatch/obj_dir'
- V e r i l a t i o n   R e p o r t: Verilator 5.050 2026-07-01 rev v5.050
- Verilator: Built from 0.180 MB sources in 6 modules, into 0.223 MB in 6 C++ files needing 0.001 MB
- Verilator: Walltime 6.124 s (elab=0.006, cvt=0.029, bld=6.065); cpu 0.033 s on 16 threads; allocated 948.773 MB
./obj_dir/Vdispatch_sim
211 checks: 211 PASS, 0 FAIL
