seed 11 cycles 1000000 resets 28 mismatching_cycles 0
  ctl_ready_o              active     699951 mismatch 0
  txop_done_o              active      18940 mismatch 0
  ev_valid_o               active      67448 mismatch 0
  ev_app_o                 active          0 mismatch 0
  ev_attr_type_o           active     999996 mismatch 0
  ev_event_o               active     615301 mismatch 0
  ev_fourpack_o            active     659173 mismatch 0
  ev_value_o               active     996777 mismatch 0
  user_valid_o             active     285794 mismatch 0
  user_join_o              active     142439 mismatch 0
  user_vid_o               active     285364 mismatch 0
  arm_valid_o              active      10142 mismatch 0
  arm_cancel_o             active     752153 mismatch 0
  arm_slot_o               active     896078 mismatch 0
  arm_owner_o              active     992751 mismatch 0
  arm_deadline_ms_o        active     992751 mismatch 0
  evt_tk_registered_o      active      16236 mismatch 0
  evt_tk_unregistered_o    active       2660 mismatch 0
  evt_tk_fail_chg_o        active       1181 mismatch 0
  evt_tk_latency_chg_o     active      17894 mismatch 0
  tk_reg_state_o           active     554731 mismatch 0
  lstn_decl_state_o        active     548623 mismatch 0
  acc_latency_o            active     607072 mismatch 0
  msrp_fail_code_o         active     314467 mismatch 0
  msrp_fail_bridge_o       active     399335 mismatch 0
  dbg_app_state_o          active     819279 mismatch 0
  dbg_reg_state_o          active     554731 mismatch 0
