{'name': 'asan-gcc-a0-control', 'rc': 0, 'ok': True}
{'name': 'asan-gcc-a0-plant', 'rc': 1, 'ok': True}
{'name': 'asan-gcc-test_acmp_mbx.cpp-if1', 'rc': 0, 'ok': True}
{'name': 'asan-gcc-srp_app.cpp-if1', 'rc': 0, 'ok': True}
wrote $PACKET/scratch/asan-gcc/srp/srp-test_acmp_mbx-if2-endstation_ax7101_1x1_tdm8/contract/KL_mbx_pkg.sv (2 interfaces)
wrote $PACKET/scratch/asan-gcc/srp/srp-test_acmp_mbx-if2-endstation_ax7101_1x1_tdm8/contract/KL_mbx.sv (2 interfaces)
wrote $PACKET/scratch/asan-gcc/srp/srp-test_acmp_mbx-if2-endstation_ax7101_1x1_tdm8/contract/mbx_contract.h (2 interfaces)
{'name': 'asan-gcc-test_acmp_mbx.cpp-if2', 'rc': 0, 'ok': True}
wrote $PACKET/scratch/asan-gcc/srp/srp-srp_app-if2-endstation_ax7101_1x1_tdm8/contract/KL_mbx_pkg.sv (2 interfaces)
wrote $PACKET/scratch/asan-gcc/srp/srp-srp_app-if2-endstation_ax7101_1x1_tdm8/contract/KL_mbx.sv (2 interfaces)
wrote $PACKET/scratch/asan-gcc/srp/srp-srp_app-if2-endstation_ax7101_1x1_tdm8/contract/mbx_contract.h (2 interfaces)
{'name': 'asan-gcc-srp_app.cpp-if2', 'rc': 0, 'ok': True}
{'name': 'asan-clang-a0-control', 'rc': 0, 'ok': True}
{'name': 'asan-clang-a0-plant', 'rc': 1, 'ok': True}
{'name': 'asan-clang-test_acmp_mbx.cpp-if1', 'rc': 0, 'ok': True}
{'name': 'asan-clang-srp_app.cpp-if1', 'rc': 0, 'ok': True}
wrote $PACKET/scratch/asan-clang/srp/srp-test_acmp_mbx-if2-endstation_ax7101_1x1_tdm8/contract/KL_mbx_pkg.sv (2 interfaces)
wrote $PACKET/scratch/asan-clang/srp/srp-test_acmp_mbx-if2-endstation_ax7101_1x1_tdm8/contract/KL_mbx.sv (2 interfaces)
wrote $PACKET/scratch/asan-clang/srp/srp-test_acmp_mbx-if2-endstation_ax7101_1x1_tdm8/contract/mbx_contract.h (2 interfaces)
{'name': 'asan-clang-test_acmp_mbx.cpp-if2', 'rc': 0, 'ok': True}
wrote $PACKET/scratch/asan-clang/srp/srp-srp_app-if2-endstation_ax7101_1x1_tdm8/contract/KL_mbx_pkg.sv (2 interfaces)
wrote $PACKET/scratch/asan-clang/srp/srp-srp_app-if2-endstation_ax7101_1x1_tdm8/contract/KL_mbx.sv (2 interfaces)
wrote $PACKET/scratch/asan-clang/srp/srp-srp_app-if2-endstation_ax7101_1x1_tdm8/contract/mbx_contract.h (2 interfaces)
{'name': 'asan-clang-srp_app.cpp-if2', 'rc': 0, 'ok': True}
