%Warning-WIDTHEXPAND: ../../../hdl/ieee1722/aaf/aaf_talker_i2s.sv:239:54: Operator EQ expects 32 bits on the LHS, but LHS's VARREF 'beat_r' generates 4 bits.
                                                                        : ... note: In instance 'aaf_talker_i2s'
  239 |   assign m_axis_tlast  = (st_r == SEND_S) && (beat_r == NUM_BEATS-1);
      |                                                      ^~
                      ... For warning description see https://verilator.org/warn/WIDTHEXPAND?v=5.050
                      ... Use "/* verilator lint_off WIDTHEXPAND */" and lint_on around source to disable this message.
%Warning-WIDTHEXPAND: ../../../hdl/ieee1722/aaf/aaf_talker_i2s.sv:240:34: Operator EQ expects 32 bits on the LHS, but LHS's VARREF 'beat_r' generates 4 bits.
                                                                        : ... note: In instance 'aaf_talker_i2s'
  240 |   assign m_axis_tkeep  = (beat_r == NUM_BEATS-1) ? 8'((1 << LAST_KEEP) - 1) : 8'hFF;
      |                                  ^~
%Warning-WIDTHEXPAND: ../../../hdl/ieee1722/aaf/aaf_talker_i2s.sv:257:21: Operator EQ expects 32 bits on the LHS, but LHS's VARREF 'nsamp_r' generates 3 bits.
                                                                        : ... note: In instance 'aaf_talker_i2s'
  257 |         if (nsamp_r == SAMPLES_PER_FRAME-1) begin
      |                     ^~
%Warning-WIDTHEXPAND: ../../../hdl/ieee1722/aaf/aaf_talker_i2s.sv:272:22: Operator EQ expects 32 bits on the LHS, but LHS's VARREF 'beat_r' generates 4 bits.
                                                                        : ... note: In instance 'aaf_talker_i2s'
  272 |           if (beat_r == NUM_BEATS-1) begin
      |                      ^~
make: Entering directory '<packet>/scratch/legacy-aaf_talker_i2s'
g++  -I.  -MMD -I<simulator-runtime>/include -I<simulator-runtime>/include/vltstd -DVERILATOR=1 -DVM_COVERAGE=0 -DVM_SC=0 -DVM_TIMING=0 -DVM_TRACE=0 -DVM_TRACE_FST=0 -DVM_TRACE_VCD=0 -DVM_TRACE_SAIF=0 -DVM_VPI=0 -faligned-new -fcf-protection=none -Wno-bool-operation -Wno-int-in-bool-context -Wno-shadow -Wno-sign-compare -Wno-subobject-linkage -Wno-tautological-compare -Wno-uninitialized -Wno-unused-but-set-parameter -Wno-unused-but-set-variable -Wno-unused-parameter -Wno-unused-variable    -std=c++17 -O2   -Os  -c -o sim_main.o <packet>/scratch/focused-source/tb/verilator/aaf/sim_main.cpp
g++ -Os  -I.  -MMD -I<simulator-runtime>/include -I<simulator-runtime>/include/vltstd -DVERILATOR=1 -DVM_COVERAGE=0 -DVM_SC=0 -DVM_TIMING=0 -DVM_TRACE=0 -DVM_TRACE_FST=0 -DVM_TRACE_VCD=0 -DVM_TRACE_SAIF=0 -DVM_VPI=0 -faligned-new -fcf-protection=none -Wno-bool-operation -Wno-int-in-bool-context -Wno-shadow -Wno-sign-compare -Wno-subobject-linkage -Wno-tautological-compare -Wno-uninitialized -Wno-unused-but-set-parameter -Wno-unused-but-set-variable -Wno-unused-parameter -Wno-unused-variable    -std=c++17 -O2   -c -o verilated.o <simulator-runtime>/include/verilated.cpp
g++ -Os  -I.  -MMD -I<simulator-runtime>/include -I<simulator-runtime>/include/vltstd -DVERILATOR=1 -DVM_COVERAGE=0 -DVM_SC=0 -DVM_TIMING=0 -DVM_TRACE=0 -DVM_TRACE_FST=0 -DVM_TRACE_VCD=0 -DVM_TRACE_SAIF=0 -DVM_VPI=0 -faligned-new -fcf-protection=none -Wno-bool-operation -Wno-int-in-bool-context -Wno-shadow -Wno-sign-compare -Wno-subobject-linkage -Wno-tautological-compare -Wno-uninitialized -Wno-unused-but-set-parameter -Wno-unused-but-set-variable -Wno-unused-parameter -Wno-unused-variable    -std=c++17 -O2   -c -o verilated_threads.o <simulator-runtime>/include/verilated_threads.cpp
python3 <simulator-runtime>/bin/verilator_includer -DVL_INCLUDE_OPT=include Vaaf_talker_i2s.cpp Vaaf_talker_i2s___024root__0.cpp Vaaf_talker_i2s___024root__Slow.cpp Vaaf_talker_i2s___024root__0__Slow.cpp Vaaf_talker_i2s__Syms__Slow.cpp > Vaaf_talker_i2s__ALL.cpp
g++ -Os  -I.  -MMD -I<simulator-runtime>/include -I<simulator-runtime>/include/vltstd -DVERILATOR=1 -DVM_COVERAGE=0 -DVM_SC=0 -DVM_TIMING=0 -DVM_TRACE=0 -DVM_TRACE_FST=0 -DVM_TRACE_VCD=0 -DVM_TRACE_SAIF=0 -DVM_VPI=0 -faligned-new -fcf-protection=none -Wno-bool-operation -Wno-int-in-bool-context -Wno-shadow -Wno-sign-compare -Wno-subobject-linkage -Wno-tautological-compare -Wno-uninitialized -Wno-unused-but-set-parameter -Wno-unused-but-set-variable -Wno-unused-parameter -Wno-unused-variable    -std=c++17 -O2   -c -o Vaaf_talker_i2s__ALL.o Vaaf_talker_i2s__ALL.cpp
g++    sim_main.o verilated.o verilated_threads.o Vaaf_talker_i2s__ALL.a    -pthread -lpthread -latomic   -o Vaaf_talker_i2s
rm Vaaf_talker_i2s__ALL.verilator_deplist.tmp
make: Leaving directory '<packet>/scratch/legacy-aaf_talker_i2s'
- V e r i l a t i o n   R e p o r t: Verilator 5.050 2026-07-01 rev v5.050
- Verilator: Built from 0.084 MB sources in 3 modules, into 0.145 MB in 5 C++ files needing 0.000 MB
- Verilator: Walltime 6.510 s (elab=0.003, cvt=0.016, bld=6.481); cpu 0.033 s on 8 threads; allocated 611.727 MB
