{
  "arty_current": {
    "config_sha256": "95304ca8726592dbaa3ba7298def5971ec2229b1ff936bfe6c44d21f9dfe1621",
    "image_sha256": "ac833c3ccde42a2d9a78b517d660b9f7da03c4b3d31227aa65dcaf9e8def6192",
    "image_bytes": 5792,
    "audio_unit_bytes": 156,
    "rates": [
      48000,
      96000,
      192000
    ],
    "current": 48000,
    "offset": 144
  },
  "arty_4x4": {
    "config_sha256": "b522b48f18fc184f17fa0f5d4ffb25ca404209c1761708ae4c36a0200e84208f",
    "image_sha256": "1b288e13ccbf03410c593a53bc22f4a68e3d289eef8a7f907e63bc98a51415ff",
    "image_bytes": 10112,
    "audio_unit_bytes": 148,
    "rates": [
      48000
    ],
    "current": 48000,
    "offset": 144
  },
  "arty_8ch": {
    "config_sha256": "27a64f2602ce5f59f93a27d35743b24f1f6028da4b63d152a502208f33c29d1b",
    "image_sha256": "2b5c008cf3a2ff1eca11ef5e24c5a2e391e97f25435854430e563758de516b9b",
    "image_bytes": 15360,
    "audio_unit_bytes": 148,
    "rates": [
      48000
    ],
    "current": 48000,
    "offset": 144
  },
  "ax7101_8x8": {
    "config_sha256": "4cdb07dd064239e6403d3428134067f31fe70a92cab886ffa85f9d6b5794edac",
    "image_sha256": "193bf18736d23256c1b25d9af1bddb0721d95780fb36a14cf5f91476aff1a2d4",
    "image_bytes": 18288,
    "audio_unit_bytes": 148,
    "rates": [
      48000
    ],
    "current": 48000,
    "offset": 144
  },
  "ax7101_1x1_tdm8": {
    "config_sha256": "d2c757e2fcd24d3f494e8c3d2e9f798bf7eba9b7e201741e7125d4f27692c807",
    "image_sha256": "9b077636b1d42aca660b16dce8eafa06f1e3cac842134e51ba65930d16214404",
    "image_bytes": 7352,
    "audio_unit_bytes": 148,
    "rates": [
      48000
    ],
    "current": 48000,
    "offset": 144
  }
}
