make: Entering directory '<PACKET>/scratch/r1mut/no_turn_restore/tb/acmp_talker'
<PACKET>/scratch/bin/verilator --cc --exe --build -j 0 --top-module KL_acmp_talker -Wall -Wno-fatal -Wno-DECLFILENAME -Wno-UNUSEDSIGNAL -Wno-WIDTHEXPAND -Wno-WIDTHTRUNC -Wno-UNUSEDPARAM -CFLAGS "-std=c++17 -O2 -I<PACKET>/scratch/r1mut/no_turn_restore/tb/acmp_talker -Wall -Wextra" ../../hdl/common/pp_pkg.sv ../../hdl/srp/srp_pkg.sv ../../hdl/acmp/KL_acmp_talker.sv sim_main.cpp -o Vacmp_talker_sim
make[1]: Entering directory '<PACKET>/scratch/r1mut/no_turn_restore/tb/acmp_talker/obj_dir'
g++  -I.  -MMD -I$HOME/.local/share/containers/storage/overlay/9517af577e2019496be7a9f3df0cdeafba0a4f827989b59cb358abf6403fbbde/diff/usr/share/verilator/include -I$HOME/.local/share/containers/storage/overlay/9517af577e2019496be7a9f3df0cdeafba0a4f827989b59cb358abf6403fbbde/diff/usr/share/verilator/include/vltstd -DVERILATOR=1 -DVM_COVERAGE=0 -DVM_SC=0 -DVM_TIMING=0 -DVM_TRACE=0 -DVM_TRACE_FST=0 -DVM_TRACE_VCD=0 -DVM_TRACE_SAIF=0 -DVM_VPI=0 -faligned-new -fcf-protection=none -Wno-bool-operation -Wno-int-in-bool-context -Wno-shadow -Wno-sign-compare -Wno-subobject-linkage -Wno-tautological-compare -Wno-uninitialized -Wno-unused-but-set-parameter -Wno-unused-but-set-variable -Wno-unused-parameter -Wno-unused-variable    -std=c++17 -O2 -I<PACKET>/scratch/r1mut/no_turn_restore/tb/acmp_talker -Wall -Wextra   -Os  -c -o sim_main.o ../sim_main.cpp
g++ -Os  -I.  -MMD -I$HOME/.local/share/containers/storage/overlay/9517af577e2019496be7a9f3df0cdeafba0a4f827989b59cb358abf6403fbbde/diff/usr/share/verilator/include -I$HOME/.local/share/containers/storage/overlay/9517af577e2019496be7a9f3df0cdeafba0a4f827989b59cb358abf6403fbbde/diff/usr/share/verilator/include/vltstd -DVERILATOR=1 -DVM_COVERAGE=0 -DVM_SC=0 -DVM_TIMING=0 -DVM_TRACE=0 -DVM_TRACE_FST=0 -DVM_TRACE_VCD=0 -DVM_TRACE_SAIF=0 -DVM_VPI=0 -faligned-new -fcf-protection=none -Wno-bool-operation -Wno-int-in-bool-context -Wno-shadow -Wno-sign-compare -Wno-subobject-linkage -Wno-tautological-compare -Wno-uninitialized -Wno-unused-but-set-parameter -Wno-unused-but-set-variable -Wno-unused-parameter -Wno-unused-variable    -std=c++17 -O2 -I<PACKET>/scratch/r1mut/no_turn_restore/tb/acmp_talker -Wall -Wextra   -c -o verilated.o $HOME/.local/share/containers/storage/overlay/9517af577e2019496be7a9f3df0cdeafba0a4f827989b59cb358abf6403fbbde/diff/usr/share/verilator/include/verilated.cpp
g++ -Os  -I.  -MMD -I$HOME/.local/share/containers/storage/overlay/9517af577e2019496be7a9f3df0cdeafba0a4f827989b59cb358abf6403fbbde/diff/usr/share/verilator/include -I$HOME/.local/share/containers/storage/overlay/9517af577e2019496be7a9f3df0cdeafba0a4f827989b59cb358abf6403fbbde/diff/usr/share/verilator/include/vltstd -DVERILATOR=1 -DVM_COVERAGE=0 -DVM_SC=0 -DVM_TIMING=0 -DVM_TRACE=0 -DVM_TRACE_FST=0 -DVM_TRACE_VCD=0 -DVM_TRACE_SAIF=0 -DVM_VPI=0 -faligned-new -fcf-protection=none -Wno-bool-operation -Wno-int-in-bool-context -Wno-shadow -Wno-sign-compare -Wno-subobject-linkage -Wno-tautological-compare -Wno-uninitialized -Wno-unused-but-set-parameter -Wno-unused-but-set-variable -Wno-unused-parameter -Wno-unused-variable    -std=c++17 -O2 -I<PACKET>/scratch/r1mut/no_turn_restore/tb/acmp_talker -Wall -Wextra   -c -o verilated_threads.o $HOME/.local/share/containers/storage/overlay/9517af577e2019496be7a9f3df0cdeafba0a4f827989b59cb358abf6403fbbde/diff/usr/share/verilator/include/verilated_threads.cpp
python3 $HOME/.local/share/containers/storage/overlay/9517af577e2019496be7a9f3df0cdeafba0a4f827989b59cb358abf6403fbbde/diff/usr/share/verilator/bin/verilator_includer -DVL_INCLUDE_OPT=include VKL_acmp_talker.cpp VKL_acmp_talker___024root__0.cpp VKL_acmp_talker__ConstPool__0__Slow.cpp VKL_acmp_talker___024root__Slow.cpp VKL_acmp_talker___024root__0__Slow.cpp VKL_acmp_talker__Syms__Slow.cpp > VKL_acmp_talker__ALL.cpp
g++ -Os  -I.  -MMD -I$HOME/.local/share/containers/storage/overlay/9517af577e2019496be7a9f3df0cdeafba0a4f827989b59cb358abf6403fbbde/diff/usr/share/verilator/include -I$HOME/.local/share/containers/storage/overlay/9517af577e2019496be7a9f3df0cdeafba0a4f827989b59cb358abf6403fbbde/diff/usr/share/verilator/include/vltstd -DVERILATOR=1 -DVM_COVERAGE=0 -DVM_SC=0 -DVM_TIMING=0 -DVM_TRACE=0 -DVM_TRACE_FST=0 -DVM_TRACE_VCD=0 -DVM_TRACE_SAIF=0 -DVM_VPI=0 -faligned-new -fcf-protection=none -Wno-bool-operation -Wno-int-in-bool-context -Wno-shadow -Wno-sign-compare -Wno-subobject-linkage -Wno-tautological-compare -Wno-uninitialized -Wno-unused-but-set-parameter -Wno-unused-but-set-variable -Wno-unused-parameter -Wno-unused-variable    -std=c++17 -O2 -I<PACKET>/scratch/r1mut/no_turn_restore/tb/acmp_talker -Wall -Wextra   -c -o VKL_acmp_talker__ALL.o VKL_acmp_talker__ALL.cpp
g++    sim_main.o verilated.o verilated_threads.o VKL_acmp_talker__ALL.a    -pthread -lpthread -latomic   -o Vacmp_talker_sim
rm VKL_acmp_talker__ALL.verilator_deplist.tmp
make[1]: Leaving directory '<PACKET>/scratch/r1mut/no_turn_restore/tb/acmp_talker/obj_dir'
- V e r i l a t i o n   R e p o r t: Verilator 5.050 2026-07-01 rev v5.050
- Verilator: Built from 0.154 MB sources in 4 modules, into 0.396 MB in 6 C++ files needing 0.000 MB
- Verilator: Walltime 6.911 s (elab=0.005, cvt=0.066, bld=6.818); cpu 0.098 s on 16 threads; allocated 375.145 MB
./obj_dir/Vacmp_talker_sim
FAIL: J3 THE REGRESSION: a command is still consumed with maap hung
FAIL: J3 served inside the accept window (4096 cycles)
FAIL: J3 answer unaffected by the hung request: response missing
FAIL: J3 answer unaffected by the hung request msg_type got 0 want 5
FAIL: J3 answer unaffected by the hung request stream_id got 0000000000000000
FAIL: J3 answer unaffected by the hung request controller_eid got 0000000000000000
FAIL: J3 answer unaffected by the hung request talker_eid got 0000000000000000
FAIL: J3 answer unaffected by the hung request talker_uid got 0
FAIL: J3 answer unaffected by the hung request dest_mac got 000000000000
FAIL: J3 answer unaffected by the hung request sequence_id got 0
FAIL: J3 answer unaffected by the hung request vlan got 0
FAIL: J5 consumed
FAIL: J5 abandoned alloc = the refused-alloc state: response missing
FAIL: J5 abandoned alloc = the refused-alloc state msg_type got 0 want 1
FAIL: J5 abandoned alloc = the refused-alloc state status got 0 want 3
FAIL: J5 abandoned alloc = the refused-alloc state controller_eid got 0000000000000000
FAIL: J5 abandoned alloc = the refused-alloc state talker_eid got 0000000000000000
FAIL: J5 abandoned alloc = the refused-alloc state listener_eid got 0000000000000000
FAIL: J5 abandoned alloc = the refused-alloc state talker_uid got 0
FAIL: J5 abandoned alloc = the refused-alloc state listener_uid got 0
FAIL: J5 abandoned alloc = the refused-alloc state sequence_id got 0
FAIL: J5 abandoned alloc = the refused-alloc state flags got 0000 want 0002
FAIL: J5 ping still arms freshness: timer arm missing
FAIL: J7 grant re-declares: gate strobe missing
FAIL: J7 declaring_o[4] OBSERVED 0 -> 1: the source recovered
FAIL: J7 final gates, got 0x6a
FAIL: J: leftovers resp=0 gate=1 arm=0 mreq=0
FAIL: K0 withdraw on removal expected close, got open
FAIL: K0 withdraw on removal close src got 4
FAIL: K0: leftovers resp=0 gate=1 arm=0 mreq=0
FAIL: K6 a STALE response must not open any gate (1 strobes)
FAIL: K7 src2 declares with ITS OWN DA expected open, got close
FAIL: K7 src2 declares with ITS OWN DA open src got 6
FAIL: K7 src2 declares with ITS OWN DA open sid got ab00000000000006
FAIL: K7 src2 declares with ITS OWN DA open da got 000000000000 want 91e0f00001aa
FAIL: K8 abandoned source recovers with a FRESH DA open src got 2
FAIL: K8 abandoned source recovers with a FRESH DA open sid got ab00000000000002
FAIL: K8 abandoned source recovers with a FRESH DA open da got 91e0f00001aa want 91e0f00001bb
FAIL: K: leftovers resp=0 gate=1 arm=0 mreq=0
FAIL: L0: leftovers resp=0 gate=1 arm=0 mreq=0
FAIL: L1 WITHDRAW_TALKER is not delayed by the busy face expected close, got open
FAIL: L1 WITHDRAW_TALKER is not delayed by the busy face close src got 6
FAIL: L1 consumed
FAIL: L1 the removed source answers at once: response missing
FAIL: L1 the removed source answers at once msg_type got 0 want 1
FAIL: L1 the removed source answers at once status got 0 want 2
FAIL: L1 the removed source answers at once controller_eid got 0000000000000000
FAIL: L1 the removed source answers at once talker_eid got 0000000000000000
FAIL: L1 the removed source answers at once listener_eid got 0000000000000000
FAIL: L1 the removed source answers at once talker_uid got 0
FAIL: L1 the removed source answers at once listener_uid got 0
FAIL: L1 the removed source answers at once sequence_id got 0
FAIL: L1 the removed source answers at once flags got 0000 want 0002
FAIL: L4 src3 withdraws at once close src got 1
FAIL: L4 src5 withdraws at once close src got 3
FAIL: L: leftovers resp=0 gate=1 arm=0 mreq=0
FAIL: R3 commands never starve behind retries (gap=0)
1163 checks: 1106 PASS, 57 FAIL
make: Leaving directory '<PACKET>/scratch/r1mut/no_turn_restore/tb/acmp_talker'
make: *** [Makefile:18: run] Error 1
