{"mutant": "golden-aecp_notify-identify", "verdict": "PASS"}
{"mutant": "golden-aecp_notify-run", "verdict": "PASS"}
{"mutant": "golden-originator-run", "verdict": "PASS"}
{"mutant": "golden-pp_top-identify-only", "verdict": "PASS"}
{"mutant": "golden-pp_top-notify-only", "verdict": "PASS"}
{"mutant": "golden-pp_top-spacing-only", "verdict": "PASS"}
{"mutant": "golden-pp_top-obj_idn_Vpp_top_idn", "verdict": "PASS"}
{"mutant": "ident_seq_per_frame", "verdict": "KILLED", "missing": []}
{"mutant": "ident_two_frames", "verdict": "KILLED", "missing": []}
{"mutant": "ident_rearm_from_third_frame", "verdict": "KILLED", "missing": []}
{"mutant": "ident_no_rearm", "verdict": "KILLED", "missing": []}
{"mutant": "ident_burst_100ms", "verdict": "KILLED", "missing": []}
{"mutant": "ident_t0_at_request", "verdict": "KILLED", "missing": []}
{"mutant": "ident_burst_from_t0", "verdict": "KILLED", "missing": []}
{"mutant": "ident_departure_is_retirement", "verdict": "KILLED", "missing": []}
{"mutant": "ident_departure_unwired", "verdict": "KILLED", "missing": []}
{"mutant": "ident_next_burst_at_once", "verdict": "KILLED", "missing": []}
{"mutant": "ident_wait_ignores_gap", "verdict": "KILLED", "missing": []}
{"mutant": "ident_press_not_latched", "verdict": "KILLED", "missing": []}
{"mutant": "ident_burst_press_not_latched", "verdict": "KILLED", "missing": []}
{"mutant": "ident_departure_ignores_ready", "verdict": "KILLED", "missing": []}
{"mutant": "ident_burst_deadline_one_tick_short", "verdict": "KILLED", "missing": []}
{"mutant": "ident_t0_same_ms", "verdict": "KILLED", "missing": []}
{"mutant": "ident_cut_on_release", "verdict": "KILLED", "missing": []}
{"mutant": "ident_release_ignored", "verdict": "KILLED", "missing": []}
{"mutant": "ident_unicast_da", "verdict": "KILLED", "missing": []}
{"mutant": "ident_face_taken_mid_job", "verdict": "KILLED", "missing": []}
{"mutant": "ident_built_at_default", "verdict": "KILLED", "missing": []}
{"mutant": "enq_dropped_configuration", "verdict": "KILLED", "missing": []}
{"mutant": "enq_dropped_stream_info", "verdict": "KILLED", "missing": []}
{"mutant": "class_4_mapped_to_rate", "verdict": "KILLED", "missing": []}
{"mutant": "class_9_mapped_to_control", "verdict": "KILLED", "missing": []}
{"mutant": "requester_not_excluded", "verdict": "KILLED", "missing": []}
{"mutant": "entry_seq_not_advanced", "verdict": "KILLED", "missing": []}
{"mutant": "stream_info_get_body", "verdict": "KILLED", "missing": []}
{"mutant": "counter_limit_500ms", "verdict": "KILLED", "missing": []}
{"mutant": "refresh_resets_seq", "verdict": "KILLED", "missing": []}
{"mutant": "fan_out_skips_row_0", "verdict": "KILLED", "missing": []}
{"mutant": "foreign_unlock_allowed", "verdict": "KILLED", "missing": []}
{"mutant": "lock_taker_notified", "verdict": "KILLED", "missing": []}
{"mutant": "deregister_keeps_row", "verdict": "KILLED", "missing": []}
{"mutant": "registry_holds_15", "verdict": "KILLED", "missing": []}
{"mutant": "inflight_highest_free_id", "verdict": "KILLED", "missing": []}
{"mutant": "inflight_match_ignores_seq", "verdict": "KILLED", "missing": []}
{"mutant": "inflight_cancel_keeps_timer", "verdict": "KILLED", "missing": []}
{"mutant": "inflight_shared_seq", "verdict": "KILLED", "missing": []}
{"mutant": "set_control_ignores_lock", "verdict": "KILLED", "missing": []}
{"mutant": "ix_old_identity_kept", "verdict": "KILLED", "missing": []}
{"mutant": "ix_new_identity_unset", "verdict": "KILLED", "missing": []}
{"mutant": "ix_last_chunk_ignored", "verdict": "KILLED", "missing": []}
{"mutant": "ix_rewrite_unmatched", "verdict": "KILLED", "missing": []}
{"mutant": "override_set_only", "verdict": "KILLED", "missing": []}
{"mutant": "stamp_read_without_valid", "verdict": "KILLED", "missing": []}
{"mutant": "own_compare_new_row", "verdict": "KILLED", "missing": []}
{"mutant": "counter_spacing_from_selection_tw", "verdict": "KILLED", "missing": []}
{"mutant": "counter_stamp_at_send_only", "verdict": "KILLED", "missing": []}
{"mutant": "counter_stamp_first_job_only", "verdict": "KILLED", "missing": []}
{"mutant": "counter_spacing_from_selection", "verdict": "KILLED", "missing": []}
{"mutant": "counter_limit_500ms_cs", "verdict": "KILLED", "missing": []}
{"mutant": "registry_holds_15_cs", "verdict": "KILLED", "missing": []}
C6 notification mutations: 53 of 53 KILLED by their named checks; goldens PASS
