  info: INTERNAL: 2 slips in 7.957 s (beat 3.519 s); margin at the set +0.192..+0.269 ticks
  info: t=7.956930 s  CLOCK_SOURCE <- 2
  info: INTERNAL-to-AAF: LOCKED 6.657 s after the set; trim -5.812 ppm at the end
  info: slip (dup) at 0.6615 s after the set, -5.9957 s from LOCKED
  info: slip (dup) at 4.1789 s after the set, -2.4783 s from LOCKED
  info: render recentre at 0.0427 s after the set, -6.6144 s from LOCKED
  info: render recentre at 10.7532 s after the set, +4.0960 s from LOCKED
  info: INTERNAL, last second      [   6.957,    7.957) s: ring slips 0+0, margin +0.192..+0.484 ticks; render n 8000 fill 12..12 (off-law 8000), delay 6.098..6.390 (out of band 8000), end-to-pop clearance 0.098 ticks
  info: set to LOCKED              [   7.957,   14.614) s: ring slips 2+0, margin +0.008..+1.006 ticks; render n 53255 fill 12..14 (off-law 50374), delay 6.090..8.095 (out of band 50661), end-to-pop clearance 0.003 ticks NOT GRADABLE
  info: LOCKED to the settle       [  14.614,   18.710) s: ring slips 0+0, margin +0.730..+5.737 ticks; render n 32766 fill 12..12 (off-law 32766), delay 6.643..6.674 (out of band 32766), end-to-pop clearance 0.326 ticks
  info: settle to the hold's end   [  18.710,   47.957) s: ring slips 0+0, margin +5.729..+5.745 ticks; render n 233970 fill 14..14 (off-law 0), delay 8.640..8.655 (out of band 0), end-to-pop clearance 0.345 ticks
  info: [B8]: settle recentre fired (1 pulse(s), render recentre executed 1); slips before it 2, after it 0; after it the loopback margin +5.729..+5.745 ticks, render fill 14..14 delay 8.640..8.655, on the law
MARGINS: [B8] empty 5.729280 full 5.329920 ticks
  info: [B8]: settle recentre 10.7532 s after the start, 4.0960 s after LOCKED
ERROR-DISTRIBUTION: INTERNAL before switch window 7.456929680 7.956929680 samples 23999 axis_hz 6250000 histogram -1:26 0:23948 1:25
ERROR-DISTRIBUTION: AAF after settle window 18.710152080 47.956929680 samples 1403830 axis_hz 6250000 histogram -1:25269 0:1352350 1:26211
RESULT-645: phase 0.8125 jitter 0.0 us tail 0.0 us p 0e+00: slips set-to-settle 2 (declared bound 3), after the settle 0, margin at LOCKED +0.745..+0.768, after the settle +5.729..+5.745 ticks, LOCKED 6.66 s, settle +4.096 s after LOCKED, render after the settle fill 14..14 delay 8.640..8.655 (on the law)
  info: t=47.956930 s  CLOCK_SOURCE <- 1
  info: [SW] AAF to CRF:: LOCKED 3.010 s after; ring slips 0; margin +5.745 before the switch, +5.729 before its settle recentre
  info: [SW] AAF to CRF:           [  47.957,   67.957) s: ring slips 0+0, margin +5.714..+5.745 ticks; render n 159997 fill 14..14 (off-law 0), delay 8.625..8.648 (out of band 0), end-to-pop clearance 0.352 ticks
  info: [SW] AAF to CRF:: settle recentre fired (1 pulse(s), render recentre executed 1); slips before it 0, after it 0; after it the loopback margin +5.714..+5.729 ticks, render fill 14..14 delay 8.625..8.640, on the law
MARGINS: [SW] AAF to CRF: empty 5.713920 full 5.345280 ticks
  info: [SW] AAF to CRF:: settle recentre 7.1056 s after the start, 4.0960 s after LOCKED
ERROR-DISTRIBUTION: [SW] AAF to CRF: window 55.062552720 67.956929680 samples 618923 axis_hz 6250000 histogram -1:9763 0:598785 1:10375
RESULT-645-SW: [SW] AAF to CRF: phase 0.8125 jitter 0.0 us tail 0.0 us p 0e+00: LOCKED 3.01 s, slips 0, drift -0.015 ticks, settle +4.096 s after LOCKED, margin after +5.714..+5.729, render on the law
  info: t=67.956930 s  CLOCK_SOURCE <- 2
  info: [SW] CRF to AAF:: LOCKED 6.050 s after; ring slips 0; margin +5.729 before the switch, +5.745 before its settle recentre
  info: [SW] CRF to AAF:           [  67.957,   87.957) s: ring slips 0+0, margin +5.722..+5.745 ticks; render n 159997 fill 14..14 (off-law 0), delay 8.625..8.655 (out of band 0), end-to-pop clearance 0.345 ticks
  info: [SW] CRF to AAF:: settle recentre fired (1 pulse(s), render recentre executed 1); slips before it 0, after it 0; after it the loopback margin +5.729..+5.745 ticks, render fill 14..14 delay 8.640..8.655, on the law
MARGINS: [SW] CRF to AAF: empty 5.729280 full 5.329920 ticks
  info: [SW] CRF to AAF:: settle recentre 10.1459 s after the start, 4.0960 s after LOCKED
ERROR-DISTRIBUTION: [SW] CRF to AAF: window 78.102806480 87.956929680 samples 472993 axis_hz 6250000 histogram -1:8650 0:455884 1:8459
RESULT-645-SW: [SW] CRF to AAF: phase 0.8125 jitter 0.0 us tail 0.0 us p 0e+00: LOCKED 6.05 s, slips 0, drift +0.015 ticks, settle +4.096 s after LOCKED, margin after +5.729..+5.745, render on the law
== follow_ring: checks: 48   failures: 0 ==
RESULT: PASS
