wrote ${PACKET}/scratch/sizes/1x1_tdm8-if2-base/contract/KL_mbx_pkg.sv (2 interfaces)
wrote ${PACKET}/scratch/sizes/1x1_tdm8-if2-base/contract/KL_mbx.sv (2 interfaces)
wrote ${PACKET}/scratch/sizes/1x1_tdm8-if2-base/contract/mbx_contract.h (2 interfaces)
{
  "shape": "endstation_ax7101_1x1_tdm8",
  "interfaces": 2,
  "srp": false,
  "sections": {
    ".text": 7664,
    ".rodata": 144,
    ".bss": 3240,
    ".stack": 8192,
    ".riscv.attributes": 28
  },
  "static_storage": {
    "image_app": 2168,
    "image_arena": 1024,
    "image_classes": 4,
    "image_entity": 40
  },
  "artifacts": [
    {
      "name": "libc.a",
      "size": 5542,
      "sha256": "16fb0fd902cba0ab3273ba9aa952dd2e76d061faeeb44248e29d0d2eb473ce92"
    },
    {
      "name": "libcompiler_rt.a",
      "size": 30036,
      "sha256": "10798af497249216dfdb7f9b1c75f63987718847c9fcf6ce471b6dc553c8f90b"
    },
    {
      "name": "ctrl_app.elf",
      "size": 16228,
      "sha256": "f5b4689edbd1479dcbb9f3e6f13fcb58fa6b785f05c9771e9bbb25829aea8766"
    },
    {
      "name": "ctrl_app.map",
      "size": 36151,
      "sha256": "3e36c2db6f201a2e09022aa4093e773f99611ee33d77d3a783bfceb44e1fdda3"
    }
  ],
  "ram_sections": 19240,
  "ram_span": 19248
}
