compiler: <packet>/scratch/sdk/riscv32-ilp32d--glibc--stable-2025.08-1/bin/riscv32-linux-gcc, riscv32-linux-gcc.br_real (Buildroot 2021.11-18033-g83947c7bb6) 14.3.0; libgcc.a sha256 d8ebca8cf6ad31cd50695f79e91e86a716d3b1761fbbefd5ee7b0627a2d0af58 (not linked)
tsn-c-stack at 1a9f651cdf7846b8e10ac246a6ef6916960fbb92
shape endstation_arty_4x4: 5 STREAM_INPUTs, 5 STREAM_OUTPUTs
  section         head      base     delta
  text          33,468    33,468        +0
  rodata           732       732        +0
  data               0         0        +0
  bss           14,400    14,400        +0
  total         48,600    48,600        +0
  load image (text + rodata + data) 34,200; with bss 48,600 of the 131,072-byte budget (37.1 %), the stack not counted
  RV32I audit: e_flags 0, rv32i2p1, 8,367 words all RV32I base instructions, nothing undefined
  C-runtime stand-ins in text: 64 bytes (libbase's in the SoC image)
  arithmetic helpers in text: 508 bytes (__lshrdi3, __muldi3, __mulsi3, __udivdi3, __umoddi3, __umodsi3, image_udivmod32, image_udivmod64; libcompiler_rt's in the SoC image)
  static objects of 64 bytes or more:
    app                        8,472
    nvm_stage                  4,816
    nvm                          288
    arena                        256
    nvm_chunk                    256
    acmp_cfg                      88
    nvm_payload                   66
  struct ctrl_app, by part (sizeof): app 8,472, acmp 4,728, loop 1,768, maap 1,104, pool 204, adp 124
shape endstation_arty_8ch: 5 STREAM_INPUTs, 5 STREAM_OUTPUTs
  section         head      base     delta
  text          33,468    33,468        +0
  rodata           732       732        +0
  data               0         0        +0
  bss           16,960    16,960        +0
  total         51,160    51,160        +0
  load image (text + rodata + data) 34,200; with bss 51,160 of the 131,072-byte budget (39.0 %), the stack not counted
  RV32I audit: e_flags 0, rv32i2p1, 8,367 words all RV32I base instructions, nothing undefined
  C-runtime stand-ins in text: 64 bytes (libbase's in the SoC image)
  arithmetic helpers in text: 508 bytes (__lshrdi3, __muldi3, __mulsi3, __udivdi3, __umoddi3, __umodsi3, image_udivmod32, image_udivmod64; libcompiler_rt's in the SoC image)
  static objects of 64 bytes or more:
    app                        8,472
    nvm_stage                  7,376
    nvm                          288
    arena                        256
    nvm_chunk                    256
    acmp_cfg                      88
    nvm_payload                   66
  struct ctrl_app, by part (sizeof): app 8,472, acmp 4,728, loop 1,768, maap 1,104, pool 204, adp 124
shape endstation_arty_current: 2 STREAM_INPUTs, 1 STREAM_OUTPUTs
  section         head      base     delta
  text          33,460    33,460        +0
  rodata           732       732        +0
  data               0         0        +0
  bss           12,096    12,096        +0
  total         46,288    46,288        +0
  load image (text + rodata + data) 34,192; with bss 46,288 of the 131,072-byte budget (35.3 %), the stack not counted
  RV32I audit: e_flags 0, rv32i2p1, 8,365 words all RV32I base instructions, nothing undefined
  C-runtime stand-ins in text: 64 bytes (libbase's in the SoC image)
  arithmetic helpers in text: 508 bytes (__lshrdi3, __muldi3, __mulsi3, __udivdi3, __umoddi3, __umodsi3, image_udivmod32, image_udivmod64; libcompiler_rt's in the SoC image)
  static objects of 64 bytes or more:
    app                        8,472
    nvm_stage                  2,524
    nvm                          288
    arena                        256
    nvm_chunk                    256
    acmp_cfg                      88
    nvm_payload                   66
  struct ctrl_app, by part (sizeof): app 8,472, acmp 4,728, loop 1,768, maap 1,104, pool 204, adp 124
shape endstation_ax7101_1x1_tdm8: 2 STREAM_INPUTs, 2 STREAM_OUTPUTs
  section         head      base     delta
  text          33,468    33,468        +0
  rodata           748       748        +0
  data               0         0        +0
  bss           12,992    12,992        +0
  total         47,208    47,208        +0
  load image (text + rodata + data) 34,216; with bss 47,208 of the 131,072-byte budget (36.0 %), the stack not counted
  RV32I audit: e_flags 0, rv32i2p1, 8,367 words all RV32I base instructions, nothing undefined
  C-runtime stand-ins in text: 64 bytes (libbase's in the SoC image)
  arithmetic helpers in text: 508 bytes (__lshrdi3, __muldi3, __mulsi3, __udivdi3, __umoddi3, __umodsi3, image_udivmod32, image_udivmod64; libcompiler_rt's in the SoC image)
  static objects of 64 bytes or more:
    app                        8,472
    nvm_stage                  3,344
    nvm                          288
    arena                        256
    nvm_chunk                    256
    nvm_payload                  136
    acmp_cfg                      88
  struct ctrl_app, by part (sizeof): app 8,472, acmp 4,728, loop 1,768, maap 1,104, pool 204, adp 124
shape endstation_ax7101_8x8: 9 STREAM_INPUTs, 9 STREAM_OUTPUTs
  section         head      base     delta
  text          33,472    33,472        +0
  rodata           748       748        +0
  data               0         0        +0
  bss           23,344    23,344        +0
  total         57,564    57,564        +0
  load image (text + rodata + data) 34,220; with bss 57,564 of the 131,072-byte budget (43.9 %), the stack not counted
  RV32I audit: e_flags 0, rv32i2p1, 8,368 words all RV32I base instructions, nothing undefined
  C-runtime stand-ins in text: 64 bytes (libbase's in the SoC image)
  arithmetic helpers in text: 508 bytes (__lshrdi3, __muldi3, __mulsi3, __udivdi3, __umoddi3, __umodsi3, image_udivmod32, image_udivmod64; libcompiler_rt's in the SoC image)
  static objects of 64 bytes or more:
    nvm_stage                 13,264
    app                        8,472
    nvm_payload                  576
    nvm                          288
    arena                        256
    nvm_chunk                    256
    acmp_cfg                      88
  struct ctrl_app, by part (sizeof): app 8,472, acmp 4,728, loop 1,768, maap 1,104, pool 204, adp 124
base: aef7ac66
