python3 ../../hdl/acmp/rom/gen_ltn_rom.py -o ltn_rom.hex
wrote ltn_rom.hex: 128 x 32 b, 112 F05.3 cells
python3 ../../hdl/aecp/ucode/gen_ucode.py -o ucode.hex
ucode.hex: 2048 words, 89 programs
<scratch>/bin/verilator --cc --exe --build -j 0 --top-module pp_top_wrap -Wall -Wno-fatal -Wno-DECLFILENAME -Wno-UNUSEDSIGNAL -Wno-WIDTHEXPAND -Wno-WIDTHTRUNC -Wno-UNUSEDPARAM -CFLAGS "-std=c++17 -O2 -I<scratch>/tmp/pp-d3-mutant-1dml110y/tb/pp_top -Wall -Wextra" ../../hdl/common/pp_pkg.sv ../../hdl/srp/srp_pkg.sv ../../hdl/acmp/pp_acmp_pkg.sv ../../hdl/adp/pp_adp_pkg.sv ../../hdl/common/KL_pp_prng.sv ../../hdl/common/KL_pp_timer_service.sv ../../hdl/packet_engine/KL_pp_rx_validator.sv ../../hdl/packet_engine/KL_pp_rx_slots.sv ../../hdl/packet_engine/KL_pp_normalizer.sv ../../hdl/packet_engine/KL_pp_dispatch.sv ../../hdl/packet_engine/KL_pp_tx_slots.sv ../../hdl/packet_engine/KL_pp_release_merge.sv ../../hdl/packet_engine/KL_pp_tx_arbiter.sv ../../hdl/packet_engine/KL_pp_scoreboard.sv ../../hdl/packet_engine/KL_pp_event_router.sv ../../hdl/packet_engine/KL_pp_originator.sv ../../hdl/packet_engine/KL_pp_trace_ring.sv ../../hdl/packet_engine/KL_pp_side_port.sv ../../hdl/packet_engine/KL_pp_nvm_port.sv ../../hdl/packet_engine/KL_pp_nvm_mgr_arb.sv ../../hdl/aecp/ucpu_pkg.sv ../../hdl/aecp/KL_aecp_ucpu.sv ../../hdl/aecp/KL_aecp_desc_mem_guard.sv ../../hdl/aecp/KL_aecp_desc_store.sv ../../hdl/aecp/KL_aecp_dyn_state.sv ../../hdl/aecp/KL_aecp_engine.sv ../../hdl/aecp/KL_aecp_resp_buf.sv ../../hdl/aecp/KL_aecp_nvm_writer.sv ../../hdl/aecp/KL_aecp_notify.sv ../../hdl/aecp/KL_aecp_ca_originator.sv ../../hdl/adp/KL_adp_engine.sv ../../hdl/acmp/KL_pp_acmp_listener.sv ../../hdl/acmp/KL_acmp_talker.sv ../../hdl/acmp/KL_pp_acmp_lsn_admit.sv ../../hdl/acmp/KL_acmp_nvm_shadow.sv ../../hdl/maap/KL_pp_maap.sv ../../hdl/srp/KL_srp_decoder.sv ../../hdl/srp/KL_srp_domain.sv ../../hdl/srp/KL_srp_vlan.sv ../../hdl/srp/KL_srp_admission.sv ../../hdl/srp/KL_srp_talker_fsm.sv ../../hdl/srp/KL_srp_listener_fsm.sv ../../hdl/srp/KL_srp_encoder.sv ../../hdl/srp/KL_srp_top.sv ../../hdl/top/KL_mrp_strip.sv ../../hdl/top/protocol_processor_top.sv pp_top_wrap.sv sim_main.cpp -o Vpp_top_sim
%Warning-PINCONNECTEMPTY: pp_top_wrap.sv:605:8: Instance pin connected by name with empty reference: 'aecp_cur_config_o'
  605 |       .aecp_cur_config_o     (),
      |        ^~~~~~~~~~~~~~~~~
                          ... For warning description see https://verilator.org/warn/PINCONNECTEMPTY?v=5.050
                          ... Use "/* verilator lint_off PINCONNECTEMPTY */" and lint_on around source to disable this message.
%Warning-PINCONNECTEMPTY: pp_top_wrap.sv:615:8: Instance pin connected by name with empty reference: 'aecp_dyn_dirty_o'
  615 |       .aecp_dyn_dirty_o      (),
      |        ^~~~~~~~~~~~~~~~
%Warning-PINMISSING: pp_top_wrap.sv:558:5: Instance has missing pin: 'srp_tk_decl_state_o'
  558 |   ) u_dut (
      |     ^~~~~
                     ../../hdl/top/protocol_processor_top.sv:624:42: ... Location of port declaration
  624 |     output logic [N_STREAM_OUT_P*2-1:0]  srp_tk_decl_state_o,      
      |                                          ^~~~~~~~~~~~~~~~~~~
                     ... For warning description see https://verilator.org/warn/PINMISSING?v=5.050
                     ... Use "/* verilator lint_off PINMISSING */" and lint_on around source to disable this message.
%Warning-PINMISSING: pp_top_wrap.sv:558:5: Instance has missing pin: 'srp_lstn_reg_state_o'
  558 |   ) u_dut (
      |     ^~~~~
                     ../../hdl/top/protocol_processor_top.sv:625:42: ... Location of port declaration
  625 |     output logic [N_STREAM_OUT_P*2-1:0]  srp_lstn_reg_state_o,     
      |                                          ^~~~~~~~~~~~~~~~~~~~
%Warning-PINMISSING: pp_top_wrap.sv:558:5: Instance has missing pin: 'srp_active_o'
  558 |   ) u_dut (
      |     ^~~~~
                     ../../hdl/top/protocol_processor_top.sv:630:42: ... Location of port declaration
  630 |     output logic [N_STREAM_OUT_P-1:0]    srp_active_o,
      |                                          ^~~~~~~~~~~~
%Warning-PINMISSING: pp_top_wrap.sv:558:5: Instance has missing pin: 'srp_sr_admitted_o'
  558 |   ) u_dut (
      |     ^~~~~
                     ../../hdl/top/protocol_processor_top.sv:636:42: ... Location of port declaration
  636 |     output logic [N_STREAM_OUT_P-1:0]    srp_sr_admitted_o,
      |                                          ^~~~~~~~~~~~~~~~~
%Warning-PINMISSING: pp_top_wrap.sv:558:5: Instance has missing pin: 'srp_granted_slope_bps_o'
  558 |   ) u_dut (
      |     ^~~~~
                     ../../hdl/top/protocol_processor_top.sv:637:42: ... Location of port declaration
  637 |     output logic [N_STREAM_OUT_P*32-1:0] srp_granted_slope_bps_o,  
      |                                          ^~~~~~~~~~~~~~~~~~~~~~~
%Warning-PINMISSING: pp_top_wrap.sv:558:5: Instance has missing pin: 'srp_src_fail_code_o'
  558 |   ) u_dut (
      |     ^~~~~
                     ../../hdl/top/protocol_processor_top.sv:638:42: ... Location of port declaration
  638 |     output logic [N_STREAM_OUT_P*8-1:0]  srp_src_fail_code_o,      
      |                                          ^~~~~~~~~~~~~~~~~~~
%Warning-PINMISSING: pp_top_wrap.sv:558:5: Instance has missing pin: 'srp_src_fail_bridge_o'
  558 |   ) u_dut (
      |     ^~~~~
                     ../../hdl/top/protocol_processor_top.sv:639:42: ... Location of port declaration
  639 |     output logic [N_STREAM_OUT_P*64-1:0] srp_src_fail_bridge_o,    
      |                                          ^~~~~~~~~~~~~~~~~~~~~
%Warning-PINMISSING: pp_top_wrap.sv:558:5: Instance has missing pin: 'srp_sum_slope_bps_o'
  558 |   ) u_dut (
      |     ^~~~~
                     ../../hdl/top/protocol_processor_top.sv:640:42: ... Location of port declaration
  640 |     output logic [31:0]                  srp_sum_slope_bps_o,      
      |                                          ^~~~~~~~~~~~~~~~~~~
%Warning-PINMISSING: pp_top_wrap.sv:558:5: Instance has missing pin: 'srp_over_limit_o'
  558 |   ) u_dut (
      |     ^~~~~
                     ../../hdl/top/protocol_processor_top.sv:641:42: ... Location of port declaration
  641 |     output logic                         srp_over_limit_o,         
      |                                          ^~~~~~~~~~~~~~~~
%Warning-PINMISSING: pp_top_wrap.sv:558:5: Instance has missing pin: 'srp_tk_reg_state_o'
  558 |   ) u_dut (
      |     ^~~~~
                     ../../hdl/top/protocol_processor_top.sv:642:42: ... Location of port declaration
  642 |     output logic [N_STREAM_IN_P*2-1:0]   srp_tk_reg_state_o,       
      |                                          ^~~~~~~~~~~~~~~~~~
%Warning-PINMISSING: pp_top_wrap.sv:558:5: Instance has missing pin: 'srp_lstn_decl_state_o'
  558 |   ) u_dut (
      |     ^~~~~
                     ../../hdl/top/protocol_processor_top.sv:643:42: ... Location of port declaration
  643 |     output logic [N_STREAM_IN_P*2-1:0]   srp_lstn_decl_state_o,    
      |                                          ^~~~~~~~~~~~~~~~~~~~~
%Warning-PINMISSING: pp_top_wrap.sv:558:5: Instance has missing pin: 'srp_snk_fail_code_o'
  558 |   ) u_dut (
      |     ^~~~~
                     ../../hdl/top/protocol_processor_top.sv:645:42: ... Location of port declaration
  645 |     output logic [N_STREAM_IN_P*8-1:0]   srp_snk_fail_code_o,      
      |                                          ^~~~~~~~~~~~~~~~~~~
%Warning-PINMISSING: pp_top_wrap.sv:558:5: Instance has missing pin: 'adp_next_avail_index_o'
  558 |   ) u_dut (
      |     ^~~~~
                     ../../hdl/top/protocol_processor_top.sv:674:42: ... Location of port declaration
  674 |     output logic [31:0]                  adp_next_avail_index_o,   
      |                                          ^~~~~~~~~~~~~~~~~~~~~~
make[1]: Entering directory '<scratch>/tmp/pp-d3-mutant-1dml110y/tb/pp_top/obj_dir'
g++  -I.  -MMD -I<home path> -I<home path> -DVERILATOR=1 -DVM_COVERAGE=0 -DVM_SC=0 -DVM_TIMING=0 -DVM_TRACE=0 -DVM_TRACE_FST=0 -DVM_TRACE_VCD=0 -DVM_TRACE_SAIF=0 -DVM_VPI=0 -faligned-new -fcf-protection=none -Wno-bool-operation -Wno-int-in-bool-context -Wno-shadow -Wno-sign-compare -Wno-subobject-linkage -Wno-tautological-compare -Wno-uninitialized -Wno-unused-but-set-parameter -Wno-unused-but-set-variable -Wno-unused-parameter -Wno-unused-variable    -std=c++17 -O2 -I<scratch>/tmp/pp-d3-mutant-1dml110y/tb/pp_top -Wall -Wextra   -Os  -c -o sim_main.o ../sim_main.cpp
g++ -Os  -I.  -MMD -I<home path> -I<home path> -DVERILATOR=1 -DVM_COVERAGE=0 -DVM_SC=0 -DVM_TIMING=0 -DVM_TRACE=0 -DVM_TRACE_FST=0 -DVM_TRACE_VCD=0 -DVM_TRACE_SAIF=0 -DVM_VPI=0 -faligned-new -fcf-protection=none -Wno-bool-operation -Wno-int-in-bool-context -Wno-shadow -Wno-sign-compare -Wno-subobject-linkage -Wno-tautological-compare -Wno-uninitialized -Wno-unused-but-set-parameter -Wno-unused-but-set-variable -Wno-unused-parameter -Wno-unused-variable    -std=c++17 -O2 -I<scratch>/tmp/pp-d3-mutant-1dml110y/tb/pp_top -Wall -Wextra   -c -o verilated.o <home path>
g++ -Os  -I.  -MMD -I<home path> -I<home path> -DVERILATOR=1 -DVM_COVERAGE=0 -DVM_SC=0 -DVM_TIMING=0 -DVM_TRACE=0 -DVM_TRACE_FST=0 -DVM_TRACE_VCD=0 -DVM_TRACE_SAIF=0 -DVM_VPI=0 -faligned-new -fcf-protection=none -Wno-bool-operation -Wno-int-in-bool-context -Wno-shadow -Wno-sign-compare -Wno-subobject-linkage -Wno-tautological-compare -Wno-uninitialized -Wno-unused-but-set-parameter -Wno-unused-but-set-variable -Wno-unused-parameter -Wno-unused-variable    -std=c++17 -O2 -I<scratch>/tmp/pp-d3-mutant-1dml110y/tb/pp_top -Wall -Wextra   -c -o verilated_dpi.o <home path>
g++ -Os  -I.  -MMD -I<home path> -I<home path> -DVERILATOR=1 -DVM_COVERAGE=0 -DVM_SC=0 -DVM_TIMING=0 -DVM_TRACE=0 -DVM_TRACE_FST=0 -DVM_TRACE_VCD=0 -DVM_TRACE_SAIF=0 -DVM_VPI=0 -faligned-new -fcf-protection=none -Wno-bool-operation -Wno-int-in-bool-context -Wno-shadow -Wno-sign-compare -Wno-subobject-linkage -Wno-tautological-compare -Wno-uninitialized -Wno-unused-but-set-parameter -Wno-unused-but-set-variable -Wno-unused-parameter -Wno-unused-variable    -std=c++17 -O2 -I<scratch>/tmp/pp-d3-mutant-1dml110y/tb/pp_top -Wall -Wextra   -c -o verilated_threads.o <home path>
g++ -Os  -I.  -MMD -I<home path> -I<home path> -DVERILATOR=1 -DVM_COVERAGE=0 -DVM_SC=0 -DVM_TIMING=0 -DVM_TRACE=0 -DVM_TRACE_FST=0 -DVM_TRACE_VCD=0 -DVM_TRACE_SAIF=0 -DVM_VPI=0 -faligned-new -fcf-protection=none -Wno-bool-operation -Wno-int-in-bool-context -Wno-shadow -Wno-sign-compare -Wno-subobject-linkage -Wno-tautological-compare -Wno-uninitialized -Wno-unused-but-set-parameter -Wno-unused-but-set-variable -Wno-unused-parameter -Wno-unused-variable    -std=c++17 -O2 -I<scratch>/tmp/pp-d3-mutant-1dml110y/tb/pp_top -Wall -Wextra   -x c++-header Vpp_top_wrap__pch.h -o Vpp_top_wrap__pch.h.fast.gch
g++   -I.  -MMD -I<home path> -I<home path> -DVERILATOR=1 -DVM_COVERAGE=0 -DVM_SC=0 -DVM_TIMING=0 -DVM_TRACE=0 -DVM_TRACE_FST=0 -DVM_TRACE_VCD=0 -DVM_TRACE_SAIF=0 -DVM_VPI=0 -faligned-new -fcf-protection=none -Wno-bool-operation -Wno-int-in-bool-context -Wno-shadow -Wno-sign-compare -Wno-subobject-linkage -Wno-tautological-compare -Wno-uninitialized -Wno-unused-but-set-parameter -Wno-unused-but-set-variable -Wno-unused-parameter -Wno-unused-variable    -std=c++17 -O2 -I<scratch>/tmp/pp-d3-mutant-1dml110y/tb/pp_top -Wall -Wextra   -x c++-header Vpp_top_wrap__pch.h -o Vpp_top_wrap__pch.h.slow.gch
../d3_phases.hpp: In member function ‘void D3ClockSourcePhase::c3_the_aaf_index_is_restored()’:
../sim_main.cpp:48:36: warning: format ‘%d’ expects a matching ‘int’ argument [-Wformat=]
   48 |   if (!(cond)) { ++h.fails; printf("FAIL: " __VA_ARGS__); printf("\n"); } \
../d3_phases.hpp:2959:5: note: in expansion of macro ‘CHECK’
 2959 |     CHECK(b.cleared && b.done > b.release && !d->restore_fail_o && !d->restore_closed_o
      |     ^~~~~
In file included from ../sim_main.cpp:10791:
../d3_phases.hpp:2963:48: note: format string is defined here
 2963 |           "(applied %u refused %u blank %u of %d)", unsigned(d->dbg_d3_applied_o),
      |                                               ~^
      |                                                |
      |                                                int
../d3_phases.hpp: In member function ‘void D3ClockSourcePhase::c4_a_smaller_image_refuses_the_saved_index()’:
../sim_main.cpp:48:36: warning: format ‘%d’ expects a matching ‘int’ argument [-Wformat=]
   48 |   if (!(cond)) { ++h.fails; printf("FAIL: " __VA_ARGS__); printf("\n"); } \
../d3_phases.hpp:2989:7: note: in expansion of macro ‘CHECK’
 2989 |       CHECK(saved == d3_record(0x0A, LAST_AAF, 2) && b.done > b.release
      |       ^~~~~
../d3_phases.hpp:2993:38: note: format string is defined here
 2993 |             "refused %u blank %u of %d)", a.what, a.count, unsigned(d->dbg_d3_applied_o),
      |                                     ~^
      |                                      |
      |                                      int
g++ -Os  -I.  -MMD -I<home path> -I<home path> -DVERILATOR=1 -DVM_COVERAGE=0 -DVM_SC=0 -DVM_TIMING=0 -DVM_TRACE=0 -DVM_TRACE_FST=0 -DVM_TRACE_VCD=0 -DVM_TRACE_SAIF=0 -DVM_VPI=0 -faligned-new -fcf-protection=none -Wno-bool-operation -Wno-int-in-bool-context -Wno-shadow -Wno-sign-compare -Wno-subobject-linkage -Wno-tautological-compare -Wno-uninitialized -Wno-unused-but-set-parameter -Wno-unused-but-set-variable -Wno-unused-parameter -Wno-unused-variable    -std=c++17 -O2 -I<scratch>/tmp/pp-d3-mutant-1dml110y/tb/pp_top -Wall -Wextra   -include Vpp_top_wrap__pch.h.fast -c Vpp_top_wrap.cpp
g++ -Os  -I.  -MMD -I<home path> -I<home path> -DVERILATOR=1 -DVM_COVERAGE=0 -DVM_SC=0 -DVM_TIMING=0 -DVM_TRACE=0 -DVM_TRACE_FST=0 -DVM_TRACE_VCD=0 -DVM_TRACE_SAIF=0 -DVM_VPI=0 -faligned-new -fcf-protection=none -Wno-bool-operation -Wno-int-in-bool-context -Wno-shadow -Wno-sign-compare -Wno-subobject-linkage -Wno-tautological-compare -Wno-uninitialized -Wno-unused-but-set-parameter -Wno-unused-but-set-variable -Wno-unused-parameter -Wno-unused-variable    -std=c++17 -O2 -I<scratch>/tmp/pp-d3-mutant-1dml110y/tb/pp_top -Wall -Wextra   -include Vpp_top_wrap__pch.h.fast -c Vpp_top_wrap___024root__0.cpp
g++ -Os  -I.  -MMD -I<home path> -I<home path> -DVERILATOR=1 -DVM_COVERAGE=0 -DVM_SC=0 -DVM_TIMING=0 -DVM_TRACE=0 -DVM_TRACE_FST=0 -DVM_TRACE_VCD=0 -DVM_TRACE_SAIF=0 -DVM_VPI=0 -faligned-new -fcf-protection=none -Wno-bool-operation -Wno-int-in-bool-context -Wno-shadow -Wno-sign-compare -Wno-subobject-linkage -Wno-tautological-compare -Wno-uninitialized -Wno-unused-but-set-parameter -Wno-unused-but-set-variable -Wno-unused-parameter -Wno-unused-variable    -std=c++17 -O2 -I<scratch>/tmp/pp-d3-mutant-1dml110y/tb/pp_top -Wall -Wextra   -include Vpp_top_wrap__pch.h.fast -c Vpp_top_wrap___024root__1.cpp
g++ -Os  -I.  -MMD -I<home path> -I<home path> -DVERILATOR=1 -DVM_COVERAGE=0 -DVM_SC=0 -DVM_TIMING=0 -DVM_TRACE=0 -DVM_TRACE_FST=0 -DVM_TRACE_VCD=0 -DVM_TRACE_SAIF=0 -DVM_VPI=0 -faligned-new -fcf-protection=none -Wno-bool-operation -Wno-int-in-bool-context -Wno-shadow -Wno-sign-compare -Wno-subobject-linkage -Wno-tautological-compare -Wno-uninitialized -Wno-unused-but-set-parameter -Wno-unused-but-set-variable -Wno-unused-parameter -Wno-unused-variable    -std=c++17 -O2 -I<scratch>/tmp/pp-d3-mutant-1dml110y/tb/pp_top -Wall -Wextra   -include Vpp_top_wrap__pch.h.fast -c Vpp_top_wrap___024root__2.cpp
g++ -Os  -I.  -MMD -I<home path> -I<home path> -DVERILATOR=1 -DVM_COVERAGE=0 -DVM_SC=0 -DVM_TIMING=0 -DVM_TRACE=0 -DVM_TRACE_FST=0 -DVM_TRACE_VCD=0 -DVM_TRACE_SAIF=0 -DVM_VPI=0 -faligned-new -fcf-protection=none -Wno-bool-operation -Wno-int-in-bool-context -Wno-shadow -Wno-sign-compare -Wno-subobject-linkage -Wno-tautological-compare -Wno-uninitialized -Wno-unused-but-set-parameter -Wno-unused-but-set-variable -Wno-unused-parameter -Wno-unused-variable    -std=c++17 -O2 -I<scratch>/tmp/pp-d3-mutant-1dml110y/tb/pp_top -Wall -Wextra   -include Vpp_top_wrap__pch.h.fast -c Vpp_top_wrap___024root__3.cpp
g++ -Os  -I.  -MMD -I<home path> -I<home path> -DVERILATOR=1 -DVM_COVERAGE=0 -DVM_SC=0 -DVM_TIMING=0 -DVM_TRACE=0 -DVM_TRACE_FST=0 -DVM_TRACE_VCD=0 -DVM_TRACE_SAIF=0 -DVM_VPI=0 -faligned-new -fcf-protection=none -Wno-bool-operation -Wno-int-in-bool-context -Wno-shadow -Wno-sign-compare -Wno-subobject-linkage -Wno-tautological-compare -Wno-uninitialized -Wno-unused-but-set-parameter -Wno-unused-but-set-variable -Wno-unused-parameter -Wno-unused-variable    -std=c++17 -O2 -I<scratch>/tmp/pp-d3-mutant-1dml110y/tb/pp_top -Wall -Wextra   -include Vpp_top_wrap__pch.h.fast -c Vpp_top_wrap___024root__4.cpp
g++ -Os  -I.  -MMD -I<home path> -I<home path> -DVERILATOR=1 -DVM_COVERAGE=0 -DVM_SC=0 -DVM_TIMING=0 -DVM_TRACE=0 -DVM_TRACE_FST=0 -DVM_TRACE_VCD=0 -DVM_TRACE_SAIF=0 -DVM_VPI=0 -faligned-new -fcf-protection=none -Wno-bool-operation -Wno-int-in-bool-context -Wno-shadow -Wno-sign-compare -Wno-subobject-linkage -Wno-tautological-compare -Wno-uninitialized -Wno-unused-but-set-parameter -Wno-unused-but-set-variable -Wno-unused-parameter -Wno-unused-variable    -std=c++17 -O2 -I<scratch>/tmp/pp-d3-mutant-1dml110y/tb/pp_top -Wall -Wextra   -include Vpp_top_wrap__pch.h.fast -c Vpp_top_wrap___024root__5.cpp
g++ -Os  -I.  -MMD -I<home path> -I<home path> -DVERILATOR=1 -DVM_COVERAGE=0 -DVM_SC=0 -DVM_TIMING=0 -DVM_TRACE=0 -DVM_TRACE_FST=0 -DVM_TRACE_VCD=0 -DVM_TRACE_SAIF=0 -DVM_VPI=0 -faligned-new -fcf-protection=none -Wno-bool-operation -Wno-int-in-bool-context -Wno-shadow -Wno-sign-compare -Wno-subobject-linkage -Wno-tautological-compare -Wno-uninitialized -Wno-unused-but-set-parameter -Wno-unused-but-set-variable -Wno-unused-parameter -Wno-unused-variable    -std=c++17 -O2 -I<scratch>/tmp/pp-d3-mutant-1dml110y/tb/pp_top -Wall -Wextra   -include Vpp_top_wrap__pch.h.fast -c Vpp_top_wrap__Dpi.cpp
g++   -I.  -MMD -I<home path> -I<home path> -DVERILATOR=1 -DVM_COVERAGE=0 -DVM_SC=0 -DVM_TIMING=0 -DVM_TRACE=0 -DVM_TRACE_FST=0 -DVM_TRACE_VCD=0 -DVM_TRACE_SAIF=0 -DVM_VPI=0 -faligned-new -fcf-protection=none -Wno-bool-operation -Wno-int-in-bool-context -Wno-shadow -Wno-sign-compare -Wno-subobject-linkage -Wno-tautological-compare -Wno-uninitialized -Wno-unused-but-set-parameter -Wno-unused-but-set-variable -Wno-unused-parameter -Wno-unused-variable    -std=c++17 -O2 -I<scratch>/tmp/pp-d3-mutant-1dml110y/tb/pp_top -Wall -Wextra   -include Vpp_top_wrap__pch.h.slow -c Vpp_top_wrap__ConstPool__0__Slow.cpp
g++   -I.  -MMD -I<home path> -I<home path> -DVERILATOR=1 -DVM_COVERAGE=0 -DVM_SC=0 -DVM_TIMING=0 -DVM_TRACE=0 -DVM_TRACE_FST=0 -DVM_TRACE_VCD=0 -DVM_TRACE_SAIF=0 -DVM_VPI=0 -faligned-new -fcf-protection=none -Wno-bool-operation -Wno-int-in-bool-context -Wno-shadow -Wno-sign-compare -Wno-subobject-linkage -Wno-tautological-compare -Wno-uninitialized -Wno-unused-but-set-parameter -Wno-unused-but-set-variable -Wno-unused-parameter -Wno-unused-variable    -std=c++17 -O2 -I<scratch>/tmp/pp-d3-mutant-1dml110y/tb/pp_top -Wall -Wextra   -include Vpp_top_wrap__pch.h.slow -c Vpp_top_wrap___024root__Slow.cpp
g++   -I.  -MMD -I<home path> -I<home path> -DVERILATOR=1 -DVM_COVERAGE=0 -DVM_SC=0 -DVM_TIMING=0 -DVM_TRACE=0 -DVM_TRACE_FST=0 -DVM_TRACE_VCD=0 -DVM_TRACE_SAIF=0 -DVM_VPI=0 -faligned-new -fcf-protection=none -Wno-bool-operation -Wno-int-in-bool-context -Wno-shadow -Wno-sign-compare -Wno-subobject-linkage -Wno-tautological-compare -Wno-uninitialized -Wno-unused-but-set-parameter -Wno-unused-but-set-variable -Wno-unused-parameter -Wno-unused-variable    -std=c++17 -O2 -I<scratch>/tmp/pp-d3-mutant-1dml110y/tb/pp_top -Wall -Wextra   -include Vpp_top_wrap__pch.h.slow -c Vpp_top_wrap___024root__0__Slow.cpp
g++   -I.  -MMD -I<home path> -I<home path> -DVERILATOR=1 -DVM_COVERAGE=0 -DVM_SC=0 -DVM_TIMING=0 -DVM_TRACE=0 -DVM_TRACE_FST=0 -DVM_TRACE_VCD=0 -DVM_TRACE_SAIF=0 -DVM_VPI=0 -faligned-new -fcf-protection=none -Wno-bool-operation -Wno-int-in-bool-context -Wno-shadow -Wno-sign-compare -Wno-subobject-linkage -Wno-tautological-compare -Wno-uninitialized -Wno-unused-but-set-parameter -Wno-unused-but-set-variable -Wno-unused-parameter -Wno-unused-variable    -std=c++17 -O2 -I<scratch>/tmp/pp-d3-mutant-1dml110y/tb/pp_top -Wall -Wextra   -include Vpp_top_wrap__pch.h.slow -c Vpp_top_wrap___024root__1__Slow.cpp
g++   -I.  -MMD -I<home path> -I<home path> -DVERILATOR=1 -DVM_COVERAGE=0 -DVM_SC=0 -DVM_TIMING=0 -DVM_TRACE=0 -DVM_TRACE_FST=0 -DVM_TRACE_VCD=0 -DVM_TRACE_SAIF=0 -DVM_VPI=0 -faligned-new -fcf-protection=none -Wno-bool-operation -Wno-int-in-bool-context -Wno-shadow -Wno-sign-compare -Wno-subobject-linkage -Wno-tautological-compare -Wno-uninitialized -Wno-unused-but-set-parameter -Wno-unused-but-set-variable -Wno-unused-parameter -Wno-unused-variable    -std=c++17 -O2 -I<scratch>/tmp/pp-d3-mutant-1dml110y/tb/pp_top -Wall -Wextra   -include Vpp_top_wrap__pch.h.slow -c Vpp_top_wrap___024root__2__Slow.cpp
g++   -I.  -MMD -I<home path> -I<home path> -DVERILATOR=1 -DVM_COVERAGE=0 -DVM_SC=0 -DVM_TIMING=0 -DVM_TRACE=0 -DVM_TRACE_FST=0 -DVM_TRACE_VCD=0 -DVM_TRACE_SAIF=0 -DVM_VPI=0 -faligned-new -fcf-protection=none -Wno-bool-operation -Wno-int-in-bool-context -Wno-shadow -Wno-sign-compare -Wno-subobject-linkage -Wno-tautological-compare -Wno-uninitialized -Wno-unused-but-set-parameter -Wno-unused-but-set-variable -Wno-unused-parameter -Wno-unused-variable    -std=c++17 -O2 -I<scratch>/tmp/pp-d3-mutant-1dml110y/tb/pp_top -Wall -Wextra   -include Vpp_top_wrap__pch.h.slow -c Vpp_top_wrap__Syms__Slow.cpp
g++    sim_main.o verilated.o verilated_dpi.o verilated_threads.o Vpp_top_wrap__ALL.a    -pthread -lpthread -latomic   -o Vpp_top_sim
rm Vpp_top_wrap__ALL.verilator_deplist.tmp
make[1]: Leaving directory '<scratch>/tmp/pp-d3-mutant-1dml110y/tb/pp_top/obj_dir'
- V e r i l a t i o n   R e p o r t: Verilator 5.050 2026-07-01 rev v5.050
- Verilator: Built from 17.136 MB sources in 49 modules, into 6.577 MB in 14 C++ files needing 0.002 MB
- Verilator: Walltime 250.243 s (elab=0.327, cvt=2.861, bld=246.193); cpu 3.102 s on 16 threads; allocated 1085.336 MB
FAIL: D3O2: CLOSED at -1 after the release at 122, cause 0, own 0, 0 descriptor requests
FAIL: D3O2: CLOSED holds AECP (185 busy cycles, the command still queued) and leaves the listener released
FAIL: D3O3: CLOSED -123 cycles after the release, cause 0
FAIL: D3O4: an image loaded late is walked at the writer's LOCATE (0 requests from the release to the terminal), COMPLETE at 1776
FAIL: D3O5: in CLOSED each GET_RX_STATE after each of 6 AECP commands is answered in 168 cycles, the idle latency (worst 246)
FAIL: D3O5: one AECP command held, 0 dropped at the slot gate and counted, 6 answered
FAIL: D3O5: after 2,000 ms in CLOSED the listener answers in 168 cycles
FAIL: D3O7: in CLOSED the held AECP command is stolen by the external drain (slot -1, the head still held after 0 clocks)
FAIL: D3O7: the returned slot frees the share: the next command held, the one after it dropped (0 counted), none answered
FAIL: D3R14 image refused: CLOSED by clock 0, cause 3, AECP owned 0, ADP enabled 1
FAIL: D3R19 past the bound: no image at reset (1) nor at the D3 walk's start (0); the binding walk (longest wait 19002 of 20001) fails whole at the bound (cause 3), released 3 clocks after it, the LOCATE proves the image -13563700 clocks after the release
FAIL: D3R19 past the bound: DEFAULTS with no record READ; the restore ends DEFAULTS 3289 clocks after the bound, cause 0, rolled back 0, image valid 1, AECP owned 0, 172 D3 record READs
FAIL: D3R19 inside the LOCATE: the binding walk completes (0x27 done on its placed clock 0, longest wait 11636 of 20001), the LOCATE starts -3 clocks before the bound and proves the image -1 clocks after it (want -6277696 of -12555392; -1: never)
FAIL: D3R19 inside the LOCATE: DEFAULTS with no record READ; the restore ends DEFAULTS 20006 clocks after the bound, cause 3, rolled back 0, image valid 0, AECP owned 0, 0 D3 record READs
FAIL: D3R20 W_IMGLOC: the binding walk completes (0x27 done on its placed clock 0, longest wait 11636 of 20001), the image valid at the D3 walk's start 0, proven -1 clocks after the bound (want 0; -1: never)
FAIL: D3R20 W_IMGLOC: DEFAULTS with no record READ; the restore ends DEFAULTS 20006 clocks after the bound, cause 3, rolled back 0, image valid 0, AECP owned 0, 0 D3 record READs
FAIL: D3N3: every saved name's entry holds the image's name when the D3 walk proves the image
FAIL: D3N7: an image loaded late is walked before the name is written back: GET_NAME and READ_DESCRIPTOR read the saved entity_name
D3: 319 checks, 18 failures
[build default, SRP_DOM_DEF_VID_P 0x0002, DESC_LINE_BYTES_P 576] 319 checks, 18 failures
