make: Entering directory '<packet>/scratch/verbose-head/tb/pp_top'
python3 ../../hdl/acmp/rom/gen_ltn_rom.py -o ltn_rom.hex
wrote ltn_rom.hex: 128 x 32 b, 112 F05.3 cells
python3 ../../hdl/aecp/ucode/gen_ucode.py -o ucode.hex
ucode.hex: 2048 words, 87 programs
<packet>/scripts/verilator-capped --cc --exe --build -j 0 --top-module pp_top_wrap -Wall -Wno-fatal -Wno-DECLFILENAME -Wno-UNUSEDSIGNAL -Wno-WIDTHEXPAND -Wno-WIDTHTRUNC -Wno-UNUSEDPARAM -CFLAGS "-std=c++17 -O2 -I<packet>/scratch/verbose-head/tb/pp_top -Wall -Wextra" ../../hdl/common/pp_pkg.sv ../../hdl/srp/srp_pkg.sv ../../hdl/acmp/pp_acmp_pkg.sv ../../hdl/adp/pp_adp_pkg.sv ../../hdl/common/KL_pp_prng.sv ../../hdl/common/KL_pp_timer_service.sv ../../hdl/packet_engine/KL_pp_rx_validator.sv ../../hdl/packet_engine/KL_pp_rx_slots.sv ../../hdl/packet_engine/KL_pp_normalizer.sv ../../hdl/packet_engine/KL_pp_dispatch.sv ../../hdl/packet_engine/KL_pp_tx_slots.sv ../../hdl/packet_engine/KL_pp_release_merge.sv ../../hdl/packet_engine/KL_pp_tx_arbiter.sv ../../hdl/packet_engine/KL_pp_scoreboard.sv ../../hdl/packet_engine/KL_pp_event_router.sv ../../hdl/packet_engine/KL_pp_originator.sv ../../hdl/packet_engine/KL_pp_trace_ring.sv ../../hdl/packet_engine/KL_pp_side_port.sv ../../hdl/packet_engine/KL_pp_nvm_port.sv ../../hdl/packet_engine/KL_pp_nvm_mgr_arb.sv ../../hdl/aecp/ucpu_pkg.sv ../../hdl/aecp/KL_aecp_ucpu.sv ../../hdl/aecp/KL_aecp_desc_mem_guard.sv ../../hdl/aecp/KL_aecp_desc_store.sv ../../hdl/aecp/KL_aecp_dyn_state.sv ../../hdl/aecp/KL_aecp_engine.sv ../../hdl/aecp/KL_aecp_resp_buf.sv ../../hdl/aecp/KL_aecp_nvm_writer.sv ../../hdl/aecp/KL_aecp_notify.sv ../../hdl/aecp/KL_aecp_ca_originator.sv ../../hdl/adp/KL_adp_engine.sv ../../hdl/acmp/KL_pp_acmp_listener.sv ../../hdl/acmp/KL_acmp_talker.sv ../../hdl/acmp/KL_pp_acmp_lsn_admit.sv ../../hdl/acmp/KL_acmp_nvm_shadow.sv ../../hdl/maap/KL_pp_maap.sv ../../hdl/srp/KL_srp_decoder.sv ../../hdl/srp/KL_srp_domain.sv ../../hdl/srp/KL_srp_vlan.sv ../../hdl/srp/KL_srp_admission.sv ../../hdl/srp/KL_srp_talker_fsm.sv ../../hdl/srp/KL_srp_listener_fsm.sv ../../hdl/srp/KL_srp_encoder.sv ../../hdl/srp/KL_srp_top.sv ../../hdl/top/KL_mrp_strip.sv ../../hdl/top/protocol_processor_top.sv pp_top_wrap.sv sim_main.cpp -o Vpp_top_sim
%Warning-PINCONNECTEMPTY: pp_top_wrap.sv:581:8: Instance pin connected by name with empty reference: 'aecp_cur_config_o'
  581 |       .aecp_cur_config_o     (),
      |        ^~~~~~~~~~~~~~~~~
                          ... For warning description see https://verilator.org/warn/PINCONNECTEMPTY?v=5.050
                          ... Use "/* verilator lint_off PINCONNECTEMPTY */" and lint_on around source to disable this message.
%Warning-PINCONNECTEMPTY: pp_top_wrap.sv:591:8: Instance pin connected by name with empty reference: 'aecp_dyn_dirty_o'
  591 |       .aecp_dyn_dirty_o      (),
      |        ^~~~~~~~~~~~~~~~
%Warning-PINMISSING: pp_top_wrap.sv:535:5: Instance has missing pin: 'srp_tk_decl_state_o'
  535 |   ) u_dut (
      |     ^~~~~
                     ../../hdl/top/protocol_processor_top.sv:592:42: ... Location of port declaration
  592 |     output logic [N_STREAM_OUT_P*2-1:0]  srp_tk_decl_state_o,      
      |                                          ^~~~~~~~~~~~~~~~~~~
                     ... For warning description see https://verilator.org/warn/PINMISSING?v=5.050
                     ... Use "/* verilator lint_off PINMISSING */" and lint_on around source to disable this message.
%Warning-PINMISSING: pp_top_wrap.sv:535:5: Instance has missing pin: 'srp_lstn_reg_state_o'
  535 |   ) u_dut (
      |     ^~~~~
                     ../../hdl/top/protocol_processor_top.sv:593:42: ... Location of port declaration
  593 |     output logic [N_STREAM_OUT_P*2-1:0]  srp_lstn_reg_state_o,     
      |                                          ^~~~~~~~~~~~~~~~~~~~
%Warning-PINMISSING: pp_top_wrap.sv:535:5: Instance has missing pin: 'srp_active_o'
  535 |   ) u_dut (
      |     ^~~~~
                     ../../hdl/top/protocol_processor_top.sv:598:42: ... Location of port declaration
  598 |     output logic [N_STREAM_OUT_P-1:0]    srp_active_o,
      |                                          ^~~~~~~~~~~~
%Warning-PINMISSING: pp_top_wrap.sv:535:5: Instance has missing pin: 'srp_sr_admitted_o'
  535 |   ) u_dut (
      |     ^~~~~
                     ../../hdl/top/protocol_processor_top.sv:604:42: ... Location of port declaration
  604 |     output logic [N_STREAM_OUT_P-1:0]    srp_sr_admitted_o,
      |                                          ^~~~~~~~~~~~~~~~~
%Warning-PINMISSING: pp_top_wrap.sv:535:5: Instance has missing pin: 'srp_granted_slope_bps_o'
  535 |   ) u_dut (
      |     ^~~~~
                     ../../hdl/top/protocol_processor_top.sv:605:42: ... Location of port declaration
  605 |     output logic [N_STREAM_OUT_P*32-1:0] srp_granted_slope_bps_o,  
      |                                          ^~~~~~~~~~~~~~~~~~~~~~~
%Warning-PINMISSING: pp_top_wrap.sv:535:5: Instance has missing pin: 'srp_src_fail_code_o'
  535 |   ) u_dut (
      |     ^~~~~
                     ../../hdl/top/protocol_processor_top.sv:606:42: ... Location of port declaration
  606 |     output logic [N_STREAM_OUT_P*8-1:0]  srp_src_fail_code_o,      
      |                                          ^~~~~~~~~~~~~~~~~~~
%Warning-PINMISSING: pp_top_wrap.sv:535:5: Instance has missing pin: 'srp_src_fail_bridge_o'
  535 |   ) u_dut (
      |     ^~~~~
                     ../../hdl/top/protocol_processor_top.sv:607:42: ... Location of port declaration
  607 |     output logic [N_STREAM_OUT_P*64-1:0] srp_src_fail_bridge_o,    
      |                                          ^~~~~~~~~~~~~~~~~~~~~
%Warning-PINMISSING: pp_top_wrap.sv:535:5: Instance has missing pin: 'srp_sum_slope_bps_o'
  535 |   ) u_dut (
      |     ^~~~~
                     ../../hdl/top/protocol_processor_top.sv:608:42: ... Location of port declaration
  608 |     output logic [31:0]                  srp_sum_slope_bps_o,      
      |                                          ^~~~~~~~~~~~~~~~~~~
%Warning-PINMISSING: pp_top_wrap.sv:535:5: Instance has missing pin: 'srp_over_limit_o'
  535 |   ) u_dut (
      |     ^~~~~
                     ../../hdl/top/protocol_processor_top.sv:609:42: ... Location of port declaration
  609 |     output logic                         srp_over_limit_o,         
      |                                          ^~~~~~~~~~~~~~~~
%Warning-PINMISSING: pp_top_wrap.sv:535:5: Instance has missing pin: 'srp_tk_reg_state_o'
  535 |   ) u_dut (
      |     ^~~~~
                     ../../hdl/top/protocol_processor_top.sv:610:42: ... Location of port declaration
  610 |     output logic [N_STREAM_IN_P*2-1:0]   srp_tk_reg_state_o,       
      |                                          ^~~~~~~~~~~~~~~~~~
%Warning-PINMISSING: pp_top_wrap.sv:535:5: Instance has missing pin: 'srp_lstn_decl_state_o'
  535 |   ) u_dut (
      |     ^~~~~
                     ../../hdl/top/protocol_processor_top.sv:611:42: ... Location of port declaration
  611 |     output logic [N_STREAM_IN_P*2-1:0]   srp_lstn_decl_state_o,    
      |                                          ^~~~~~~~~~~~~~~~~~~~~
%Warning-PINMISSING: pp_top_wrap.sv:535:5: Instance has missing pin: 'srp_snk_fail_code_o'
  535 |   ) u_dut (
      |     ^~~~~
                     ../../hdl/top/protocol_processor_top.sv:613:42: ... Location of port declaration
  613 |     output logic [N_STREAM_IN_P*8-1:0]   srp_snk_fail_code_o,      
      |                                          ^~~~~~~~~~~~~~~~~~~
%Warning-PINMISSING: pp_top_wrap.sv:535:5: Instance has missing pin: 'adp_next_avail_index_o'
  535 |   ) u_dut (
      |     ^~~~~
                     ../../hdl/top/protocol_processor_top.sv:642:42: ... Location of port declaration
  642 |     output logic [31:0]                  adp_next_avail_index_o,   
      |                                          ^~~~~~~~~~~~~~~~~~~~~~
make[1]: Entering directory '<packet>/scratch/verbose-head/tb/pp_top/obj_dir'
g++  -I.  -MMD -I<verilator-root>/include -I<verilator-root>/include/vltstd -DVERILATOR=1 -DVM_COVERAGE=0 -DVM_SC=0 -DVM_TIMING=0 -DVM_TRACE=0 -DVM_TRACE_FST=0 -DVM_TRACE_VCD=0 -DVM_TRACE_SAIF=0 -DVM_VPI=0 -faligned-new -fcf-protection=none -Wno-bool-operation -Wno-int-in-bool-context -Wno-shadow -Wno-sign-compare -Wno-subobject-linkage -Wno-tautological-compare -Wno-uninitialized -Wno-unused-but-set-parameter -Wno-unused-but-set-variable -Wno-unused-parameter -Wno-unused-variable    -std=c++17 -O2 -I<packet>/scratch/verbose-head/tb/pp_top -Wall -Wextra   -Os  -c -o sim_main.o ../sim_main.cpp
g++ -Os  -I.  -MMD -I<verilator-root>/include -I<verilator-root>/include/vltstd -DVERILATOR=1 -DVM_COVERAGE=0 -DVM_SC=0 -DVM_TIMING=0 -DVM_TRACE=0 -DVM_TRACE_FST=0 -DVM_TRACE_VCD=0 -DVM_TRACE_SAIF=0 -DVM_VPI=0 -faligned-new -fcf-protection=none -Wno-bool-operation -Wno-int-in-bool-context -Wno-shadow -Wno-sign-compare -Wno-subobject-linkage -Wno-tautological-compare -Wno-uninitialized -Wno-unused-but-set-parameter -Wno-unused-but-set-variable -Wno-unused-parameter -Wno-unused-variable    -std=c++17 -O2 -I<packet>/scratch/verbose-head/tb/pp_top -Wall -Wextra   -c -o verilated.o <verilator-root>/include/verilated.cpp
g++ -Os  -I.  -MMD -I<verilator-root>/include -I<verilator-root>/include/vltstd -DVERILATOR=1 -DVM_COVERAGE=0 -DVM_SC=0 -DVM_TIMING=0 -DVM_TRACE=0 -DVM_TRACE_FST=0 -DVM_TRACE_VCD=0 -DVM_TRACE_SAIF=0 -DVM_VPI=0 -faligned-new -fcf-protection=none -Wno-bool-operation -Wno-int-in-bool-context -Wno-shadow -Wno-sign-compare -Wno-subobject-linkage -Wno-tautological-compare -Wno-uninitialized -Wno-unused-but-set-parameter -Wno-unused-but-set-variable -Wno-unused-parameter -Wno-unused-variable    -std=c++17 -O2 -I<packet>/scratch/verbose-head/tb/pp_top -Wall -Wextra   -c -o verilated_dpi.o <verilator-root>/include/verilated_dpi.cpp
g++ -Os  -I.  -MMD -I<verilator-root>/include -I<verilator-root>/include/vltstd -DVERILATOR=1 -DVM_COVERAGE=0 -DVM_SC=0 -DVM_TIMING=0 -DVM_TRACE=0 -DVM_TRACE_FST=0 -DVM_TRACE_VCD=0 -DVM_TRACE_SAIF=0 -DVM_VPI=0 -faligned-new -fcf-protection=none -Wno-bool-operation -Wno-int-in-bool-context -Wno-shadow -Wno-sign-compare -Wno-subobject-linkage -Wno-tautological-compare -Wno-uninitialized -Wno-unused-but-set-parameter -Wno-unused-but-set-variable -Wno-unused-parameter -Wno-unused-variable    -std=c++17 -O2 -I<packet>/scratch/verbose-head/tb/pp_top -Wall -Wextra   -c -o verilated_threads.o <verilator-root>/include/verilated_threads.cpp
g++ -Os  -I.  -MMD -I<verilator-root>/include -I<verilator-root>/include/vltstd -DVERILATOR=1 -DVM_COVERAGE=0 -DVM_SC=0 -DVM_TIMING=0 -DVM_TRACE=0 -DVM_TRACE_FST=0 -DVM_TRACE_VCD=0 -DVM_TRACE_SAIF=0 -DVM_VPI=0 -faligned-new -fcf-protection=none -Wno-bool-operation -Wno-int-in-bool-context -Wno-shadow -Wno-sign-compare -Wno-subobject-linkage -Wno-tautological-compare -Wno-uninitialized -Wno-unused-but-set-parameter -Wno-unused-but-set-variable -Wno-unused-parameter -Wno-unused-variable    -std=c++17 -O2 -I<packet>/scratch/verbose-head/tb/pp_top -Wall -Wextra   -x c++-header Vpp_top_wrap__pch.h -o Vpp_top_wrap__pch.h.fast.gch
g++   -I.  -MMD -I<verilator-root>/include -I<verilator-root>/include/vltstd -DVERILATOR=1 -DVM_COVERAGE=0 -DVM_SC=0 -DVM_TIMING=0 -DVM_TRACE=0 -DVM_TRACE_FST=0 -DVM_TRACE_VCD=0 -DVM_TRACE_SAIF=0 -DVM_VPI=0 -faligned-new -fcf-protection=none -Wno-bool-operation -Wno-int-in-bool-context -Wno-shadow -Wno-sign-compare -Wno-subobject-linkage -Wno-tautological-compare -Wno-uninitialized -Wno-unused-but-set-parameter -Wno-unused-but-set-variable -Wno-unused-parameter -Wno-unused-variable    -std=c++17 -O2 -I<packet>/scratch/verbose-head/tb/pp_top -Wall -Wextra   -x c++-header Vpp_top_wrap__pch.h -o Vpp_top_wrap__pch.h.slow.gch
g++   -I.  -MMD -I<verilator-root>/include -I<verilator-root>/include/vltstd -DVERILATOR=1 -DVM_COVERAGE=0 -DVM_SC=0 -DVM_TIMING=0 -DVM_TRACE=0 -DVM_TRACE_FST=0 -DVM_TRACE_VCD=0 -DVM_TRACE_SAIF=0 -DVM_VPI=0 -faligned-new -fcf-protection=none -Wno-bool-operation -Wno-int-in-bool-context -Wno-shadow -Wno-sign-compare -Wno-subobject-linkage -Wno-tautological-compare -Wno-uninitialized -Wno-unused-but-set-parameter -Wno-unused-but-set-variable -Wno-unused-parameter -Wno-unused-variable    -std=c++17 -O2 -I<packet>/scratch/verbose-head/tb/pp_top -Wall -Wextra   -include Vpp_top_wrap__pch.h.slow -c Vpp_top_wrap__ConstPool__0__Slow.cpp
g++   -I.  -MMD -I<verilator-root>/include -I<verilator-root>/include/vltstd -DVERILATOR=1 -DVM_COVERAGE=0 -DVM_SC=0 -DVM_TIMING=0 -DVM_TRACE=0 -DVM_TRACE_FST=0 -DVM_TRACE_VCD=0 -DVM_TRACE_SAIF=0 -DVM_VPI=0 -faligned-new -fcf-protection=none -Wno-bool-operation -Wno-int-in-bool-context -Wno-shadow -Wno-sign-compare -Wno-subobject-linkage -Wno-tautological-compare -Wno-uninitialized -Wno-unused-but-set-parameter -Wno-unused-but-set-variable -Wno-unused-parameter -Wno-unused-variable    -std=c++17 -O2 -I<packet>/scratch/verbose-head/tb/pp_top -Wall -Wextra   -include Vpp_top_wrap__pch.h.slow -c Vpp_top_wrap___024root__Slow.cpp
g++   -I.  -MMD -I<verilator-root>/include -I<verilator-root>/include/vltstd -DVERILATOR=1 -DVM_COVERAGE=0 -DVM_SC=0 -DVM_TIMING=0 -DVM_TRACE=0 -DVM_TRACE_FST=0 -DVM_TRACE_VCD=0 -DVM_TRACE_SAIF=0 -DVM_VPI=0 -faligned-new -fcf-protection=none -Wno-bool-operation -Wno-int-in-bool-context -Wno-shadow -Wno-sign-compare -Wno-subobject-linkage -Wno-tautological-compare -Wno-uninitialized -Wno-unused-but-set-parameter -Wno-unused-but-set-variable -Wno-unused-parameter -Wno-unused-variable    -std=c++17 -O2 -I<packet>/scratch/verbose-head/tb/pp_top -Wall -Wextra   -include Vpp_top_wrap__pch.h.slow -c Vpp_top_wrap___024root__0__Slow.cpp
g++   -I.  -MMD -I<verilator-root>/include -I<verilator-root>/include/vltstd -DVERILATOR=1 -DVM_COVERAGE=0 -DVM_SC=0 -DVM_TIMING=0 -DVM_TRACE=0 -DVM_TRACE_FST=0 -DVM_TRACE_VCD=0 -DVM_TRACE_SAIF=0 -DVM_VPI=0 -faligned-new -fcf-protection=none -Wno-bool-operation -Wno-int-in-bool-context -Wno-shadow -Wno-sign-compare -Wno-subobject-linkage -Wno-tautological-compare -Wno-uninitialized -Wno-unused-but-set-parameter -Wno-unused-but-set-variable -Wno-unused-parameter -Wno-unused-variable    -std=c++17 -O2 -I<packet>/scratch/verbose-head/tb/pp_top -Wall -Wextra   -include Vpp_top_wrap__pch.h.slow -c Vpp_top_wrap___024root__1__Slow.cpp
g++   -I.  -MMD -I<verilator-root>/include -I<verilator-root>/include/vltstd -DVERILATOR=1 -DVM_COVERAGE=0 -DVM_SC=0 -DVM_TIMING=0 -DVM_TRACE=0 -DVM_TRACE_FST=0 -DVM_TRACE_VCD=0 -DVM_TRACE_SAIF=0 -DVM_VPI=0 -faligned-new -fcf-protection=none -Wno-bool-operation -Wno-int-in-bool-context -Wno-shadow -Wno-sign-compare -Wno-subobject-linkage -Wno-tautological-compare -Wno-uninitialized -Wno-unused-but-set-parameter -Wno-unused-but-set-variable -Wno-unused-parameter -Wno-unused-variable    -std=c++17 -O2 -I<packet>/scratch/verbose-head/tb/pp_top -Wall -Wextra   -include Vpp_top_wrap__pch.h.slow -c Vpp_top_wrap___024root__2__Slow.cpp
g++   -I.  -MMD -I<verilator-root>/include -I<verilator-root>/include/vltstd -DVERILATOR=1 -DVM_COVERAGE=0 -DVM_SC=0 -DVM_TIMING=0 -DVM_TRACE=0 -DVM_TRACE_FST=0 -DVM_TRACE_VCD=0 -DVM_TRACE_SAIF=0 -DVM_VPI=0 -faligned-new -fcf-protection=none -Wno-bool-operation -Wno-int-in-bool-context -Wno-shadow -Wno-sign-compare -Wno-subobject-linkage -Wno-tautological-compare -Wno-uninitialized -Wno-unused-but-set-parameter -Wno-unused-but-set-variable -Wno-unused-parameter -Wno-unused-variable    -std=c++17 -O2 -I<packet>/scratch/verbose-head/tb/pp_top -Wall -Wextra   -include Vpp_top_wrap__pch.h.slow -c Vpp_top_wrap__Syms__Slow.cpp
g++ -Os  -I.  -MMD -I<verilator-root>/include -I<verilator-root>/include/vltstd -DVERILATOR=1 -DVM_COVERAGE=0 -DVM_SC=0 -DVM_TIMING=0 -DVM_TRACE=0 -DVM_TRACE_FST=0 -DVM_TRACE_VCD=0 -DVM_TRACE_SAIF=0 -DVM_VPI=0 -faligned-new -fcf-protection=none -Wno-bool-operation -Wno-int-in-bool-context -Wno-shadow -Wno-sign-compare -Wno-subobject-linkage -Wno-tautological-compare -Wno-uninitialized -Wno-unused-but-set-parameter -Wno-unused-but-set-variable -Wno-unused-parameter -Wno-unused-variable    -std=c++17 -O2 -I<packet>/scratch/verbose-head/tb/pp_top -Wall -Wextra   -include Vpp_top_wrap__pch.h.fast -c Vpp_top_wrap.cpp
g++ -Os  -I.  -MMD -I<verilator-root>/include -I<verilator-root>/include/vltstd -DVERILATOR=1 -DVM_COVERAGE=0 -DVM_SC=0 -DVM_TIMING=0 -DVM_TRACE=0 -DVM_TRACE_FST=0 -DVM_TRACE_VCD=0 -DVM_TRACE_SAIF=0 -DVM_VPI=0 -faligned-new -fcf-protection=none -Wno-bool-operation -Wno-int-in-bool-context -Wno-shadow -Wno-sign-compare -Wno-subobject-linkage -Wno-tautological-compare -Wno-uninitialized -Wno-unused-but-set-parameter -Wno-unused-but-set-variable -Wno-unused-parameter -Wno-unused-variable    -std=c++17 -O2 -I<packet>/scratch/verbose-head/tb/pp_top -Wall -Wextra   -include Vpp_top_wrap__pch.h.fast -c Vpp_top_wrap___024root__0.cpp
g++ -Os  -I.  -MMD -I<verilator-root>/include -I<verilator-root>/include/vltstd -DVERILATOR=1 -DVM_COVERAGE=0 -DVM_SC=0 -DVM_TIMING=0 -DVM_TRACE=0 -DVM_TRACE_FST=0 -DVM_TRACE_VCD=0 -DVM_TRACE_SAIF=0 -DVM_VPI=0 -faligned-new -fcf-protection=none -Wno-bool-operation -Wno-int-in-bool-context -Wno-shadow -Wno-sign-compare -Wno-subobject-linkage -Wno-tautological-compare -Wno-uninitialized -Wno-unused-but-set-parameter -Wno-unused-but-set-variable -Wno-unused-parameter -Wno-unused-variable    -std=c++17 -O2 -I<packet>/scratch/verbose-head/tb/pp_top -Wall -Wextra   -include Vpp_top_wrap__pch.h.fast -c Vpp_top_wrap___024root__1.cpp
g++ -Os  -I.  -MMD -I<verilator-root>/include -I<verilator-root>/include/vltstd -DVERILATOR=1 -DVM_COVERAGE=0 -DVM_SC=0 -DVM_TIMING=0 -DVM_TRACE=0 -DVM_TRACE_FST=0 -DVM_TRACE_VCD=0 -DVM_TRACE_SAIF=0 -DVM_VPI=0 -faligned-new -fcf-protection=none -Wno-bool-operation -Wno-int-in-bool-context -Wno-shadow -Wno-sign-compare -Wno-subobject-linkage -Wno-tautological-compare -Wno-uninitialized -Wno-unused-but-set-parameter -Wno-unused-but-set-variable -Wno-unused-parameter -Wno-unused-variable    -std=c++17 -O2 -I<packet>/scratch/verbose-head/tb/pp_top -Wall -Wextra   -include Vpp_top_wrap__pch.h.fast -c Vpp_top_wrap___024root__2.cpp
g++ -Os  -I.  -MMD -I<verilator-root>/include -I<verilator-root>/include/vltstd -DVERILATOR=1 -DVM_COVERAGE=0 -DVM_SC=0 -DVM_TIMING=0 -DVM_TRACE=0 -DVM_TRACE_FST=0 -DVM_TRACE_VCD=0 -DVM_TRACE_SAIF=0 -DVM_VPI=0 -faligned-new -fcf-protection=none -Wno-bool-operation -Wno-int-in-bool-context -Wno-shadow -Wno-sign-compare -Wno-subobject-linkage -Wno-tautological-compare -Wno-uninitialized -Wno-unused-but-set-parameter -Wno-unused-but-set-variable -Wno-unused-parameter -Wno-unused-variable    -std=c++17 -O2 -I<packet>/scratch/verbose-head/tb/pp_top -Wall -Wextra   -include Vpp_top_wrap__pch.h.fast -c Vpp_top_wrap___024root__3.cpp
g++ -Os  -I.  -MMD -I<verilator-root>/include -I<verilator-root>/include/vltstd -DVERILATOR=1 -DVM_COVERAGE=0 -DVM_SC=0 -DVM_TIMING=0 -DVM_TRACE=0 -DVM_TRACE_FST=0 -DVM_TRACE_VCD=0 -DVM_TRACE_SAIF=0 -DVM_VPI=0 -faligned-new -fcf-protection=none -Wno-bool-operation -Wno-int-in-bool-context -Wno-shadow -Wno-sign-compare -Wno-subobject-linkage -Wno-tautological-compare -Wno-uninitialized -Wno-unused-but-set-parameter -Wno-unused-but-set-variable -Wno-unused-parameter -Wno-unused-variable    -std=c++17 -O2 -I<packet>/scratch/verbose-head/tb/pp_top -Wall -Wextra   -include Vpp_top_wrap__pch.h.fast -c Vpp_top_wrap___024root__4.cpp
g++ -Os  -I.  -MMD -I<verilator-root>/include -I<verilator-root>/include/vltstd -DVERILATOR=1 -DVM_COVERAGE=0 -DVM_SC=0 -DVM_TIMING=0 -DVM_TRACE=0 -DVM_TRACE_FST=0 -DVM_TRACE_VCD=0 -DVM_TRACE_SAIF=0 -DVM_VPI=0 -faligned-new -fcf-protection=none -Wno-bool-operation -Wno-int-in-bool-context -Wno-shadow -Wno-sign-compare -Wno-subobject-linkage -Wno-tautological-compare -Wno-uninitialized -Wno-unused-but-set-parameter -Wno-unused-but-set-variable -Wno-unused-parameter -Wno-unused-variable    -std=c++17 -O2 -I<packet>/scratch/verbose-head/tb/pp_top -Wall -Wextra   -include Vpp_top_wrap__pch.h.fast -c Vpp_top_wrap___024root__5.cpp
g++ -Os  -I.  -MMD -I<verilator-root>/include -I<verilator-root>/include/vltstd -DVERILATOR=1 -DVM_COVERAGE=0 -DVM_SC=0 -DVM_TIMING=0 -DVM_TRACE=0 -DVM_TRACE_FST=0 -DVM_TRACE_VCD=0 -DVM_TRACE_SAIF=0 -DVM_VPI=0 -faligned-new -fcf-protection=none -Wno-bool-operation -Wno-int-in-bool-context -Wno-shadow -Wno-sign-compare -Wno-subobject-linkage -Wno-tautological-compare -Wno-uninitialized -Wno-unused-but-set-parameter -Wno-unused-but-set-variable -Wno-unused-parameter -Wno-unused-variable    -std=c++17 -O2 -I<packet>/scratch/verbose-head/tb/pp_top -Wall -Wextra   -include Vpp_top_wrap__pch.h.fast -c Vpp_top_wrap__Dpi.cpp
g++    sim_main.o verilated.o verilated_dpi.o verilated_threads.o Vpp_top_wrap__ALL.a    -pthread -lpthread -latomic   -o Vpp_top_sim
rm Vpp_top_wrap__ALL.verilator_deplist.tmp
make[1]: Leaving directory '<packet>/scratch/verbose-head/tb/pp_top/obj_dir'
- V e r i l a t i o n   R e p o r t: Verilator 5.050 2026-07-01 rev v5.050
- Verilator: Built from 16.738 MB sources in 49 modules, into 6.447 MB in 14 C++ files needing 0.002 MB
- Verilator: Walltime 14.573 s (elab=0.188, cvt=1.648, bld=12.472); cpu 2.179 s on 8 threads; allocated 683.898 MB
./obj_dir/Vpp_top_sim --d3-only
PASS: D3O1: without the walk the writer owns every cycle (2000 of 2000), the engine runs nothing (0 busy) and the command waits in its queue
PASS: D3O1: released at 122, terminal at 880, own fell at 880, the held command taken at 881, 0 busy cycles while owned
PASS: D3O1: a validated image is proven without a LOCATE (0 requests from the release to the terminal), COMPLETE
PASS: D3O1: the command held across the boot is answered byte-exact
PASS: D3O2: CLOSED at 164 after the release at 122, cause 7, own 1, 1 descriptor requests
PASS: D3O2: CLOSED holds AECP (0 busy cycles, the command still queued) and leaves the listener released
PASS: D3O3: CLOSED 8066 cycles after the release, cause 7
PASS: D3O4: an image loaded late is walked at the writer's LOCATE (4 requests from the release to the terminal), COMPLETE at 1421
PASS: D3O4: the held command is answered from the proven image
PASS: D3O5: in CLOSED each GET_RX_STATE after each of 6 AECP commands is answered in 168 cycles, the idle latency (worst 168)
PASS: D3O5: one AECP command held, 5 dropped at the slot gate and counted, 0 answered
PASS: D3O5: after 2,000 ms in CLOSED the listener answers in 168 cycles
PASS: D3O6: during the slowed walk a GET_RX_STATE behind six AECP commands is answered in 168 cycles, the idle latency 168
PASS: D3O6: at the terminal the held command is answered byte-exact, 5 dropped and counted, 0 of them answered
PASS: D3O6: after the terminal an AECP command is served, no drop counted
PASS: D3O7: in CLOSED the held AECP command is stolen by the external drain (slot 0, the head emptied after 1 clocks)
PASS: D3O7: the returned slot frees the share: the next command held, the one after it dropped (1 counted), none answered
PASS: D3S: both walks over an erased device release AECP
PASS: D3S1: every SET answered SUCCESS
PASS: D3S1: the burst drained, nothing unflushed
PASS: D3S1 cfg: record 0x00 written once, byte-exact (1 writes)
PASS: D3S1 rate: record 0x02 written once, byte-exact (1 writes)
PASS: D3S1 clks: record 0x0a written once, byte-exact (1 writes)
PASS: D3S1 fmti: record 0x30 written once, byte-exact (1 writes)
PASS: D3S1 fmti: record 0x31 written once, byte-exact (1 writes)
PASS: D3S1 fmto: record 0x40 written once, byte-exact (1 writes)
PASS: D3S1 fmto: record 0x41 written once, byte-exact (1 writes)
PASS: D3S1 ptof: record 0x50 written once, byte-exact (1 writes)
PASS: D3S1 ptof: record 0x51 written once, byte-exact (1 writes)
PASS: D3S1: no record outside the nine rows set (0 ops)
PASS: D3S: both walks over an erased device release AECP
PASS: D3S2: accepted at 53855, unflushed from 53856, the port's done at 103883, clear from 103884
PASS: D3S: both walks over an erased device release AECP
PASS: D3S3: two changes in one window, 1 WRITE of 0x50 carrying the later
PASS: D3S: both walks over an erased device release AECP
PASS: D3S4 taint: 2 WRITEs of 0x50, the first carrying the latched value, the last the change made during it
PASS: D3S: both walks over an erased device release AECP
PASS: D3S5 premise: the change accepted at 310713, the WRITE's done at 310713
PASS: D3S5 same edge: the change on the done edge is written (2 WRITEs)
PASS: D3S: both walks over an erased device release AECP
PASS: D3S6 group: 0x51 changed during 0x50's WRITE is written after it (1 WRITEs of 0x51)
PASS: D3S6 index: the clock source changed during 0x50's WRITE is written after it (1 WRITEs of 0x0A)
PASS: D3S: both walks over an erased device release AECP
PASS: D3S7: IDENTIFY set, 0 pending cycles, 0 NVM operations
PASS: D3S: both walks over an erased device release AECP
PASS: D3S8 unchanged: the identical rewrite, 0 pending cycles, 0 NVM operations
PASS: D3S8 validity: clock source 0 on the unset row is written (1)
PASS: D3S: both walks over an erased device release AECP
PASS: D3S10 count: 3 failed attempts of 0x50 (3 grants), alarm 1, unflushed 0
PASS: D3S10 timing: each retry granted after the derived 500001-cycle backoff and one relatch (500015, 500015)
PASS: D3S10 backoff: 0 owned cycles inside the backoffs; a READ_DESCRIPTOR sent into the first is answered 2364 cycles later, before the retry
PASS: D3S10 count: no fourth attempt (3)
PASS: D3S10 revocation: a later successful write leaves the alarm set
PASS: D3S: both walks over an erased device release AECP
PASS: D3S11: the writer owned 3079 cycles waiting for the running command, then wrote the SET's value
PASS: D3S9: 0 commands taken while owned, 0 latch cycles over a running program; the longest service ownership 3079 cycles
PASS: D3R1: registered, locked and identifying before the save (premise)
PASS: D3R1: nine rows saved through real SETs
PASS: D3R1: every row at its reset value, valid clear, when the D3 walk starts
PASS: D3R1: COMPLETE 1867 cycles after the release, applied 9 refused 0 blank 18 of 27
PASS: D3R1: the enable requested from reset reaches ADP only at the combined terminal (0 early enable cycles, 0 early done cycles)
PASS: D3R1: no restore write is a change (0 pending cycles, 0 device writes)
PASS: D3R1: no ADPDU before the terminal
PASS: D3R1 cfg: configuration 1 restored with its valid flag, GET reads it
PASS: D3R1 rate: 48000 restored with its valid flag, GET reads it
PASS: D3R1 clks: clock source 2 restored with its valid flag, GET reads it
PASS: D3R1 fmti: both input formats restored with their valid flags, GET reads them (valid 0x03)
PASS: D3R1 fmto: both output formats restored with their valid flags, GET reads them (valid 0x03)
PASS: D3R1 ptof: both presentation offsets restored with their valid flags, GET_STREAM_INFO reads them (valid 0x03)
PASS: D3R1 volatile: IDENTIFY reads 0 after the restore (0)
PASS: D3R1 volatile: the lock is free after the restore
PASS: D3R1 volatile: the registry is empty after the restore (0 notifications)
PASS: D3R2: COMPLETE, applied 1 refused 10 blank 16 of 27
PASS: D3R2: only the neighbour's offset restored (valid 0x02)
PASS: D3R3: configuration 0, rate 96000 and clock source 0 restored with their valid flags (applied 3)
PASS: D3R3b entry 7 of 10 (24000 Hz): applied 1 refused 0, rate 24000 valid 1
PASS: D3R3b entry 8 of 10 (16000 Hz): applied 0 refused 1, rate 0 valid 0
PASS: D3R4: the record whole in pass 0 and unframed in pass 1 aborts, cause 5, rolled back 1: every row at its default after the applied configuration
PASS: D3R4 strobe: with no debt owed the roll-back holds both stores in reset 2 cycles, at least two
PASS: D3R4b: a record blank in pass 0 and whole in pass 1 aborts, cause 5, rolled back 1, the offset not applied (valid 0x00)
PASS: D3R5 device error on the header: DEFAULTS, cause 2, applied 0, rows at their defaults
PASS: D3R5 payload torn after two bytes: DEFAULTS, cause 1, applied 0, rows at their defaults
PASS: D3R5 the header never answered: DEFAULTS, cause 3, applied 0, rows at their defaults
PASS: D3R5: once the device ends the drained read a later SET persists
PASS: D3R5b: pass 1's silent READ aborts at the deadline: DEFAULTS, cause 3, rolled back 1
PASS: D3R5b: once the device ends the drained pass-1 READ a later SET persists (1 WRITEs, unflushed 0)
PASS: D3R6: an erased device restores blank, not failed (27 of 27 blank)
PASS: D3R6: an unframed record is that record's default, never a failure
PASS: D3R6: the one saved record lost to a device error is a failure (cause 2), never a blank first boot
PASS: D3R7: the rule's descriptor fetch errs: cause 6, refused 0, rolled back 1
PASS: D3R8: a READ granted 19801 cycles late: fail 0, cause 0
PASS: D3R8: a READ granted 20201 cycles late: fail 1, cause 3
PASS: D3R8 deadline: the walk aborted on the 20001-th stalled cycle, the derived deadline is 20001
PASS: D3R8b: a silent judge ends DEFAULTS at 21577, the release at 122, cause 3, rolled back 1
PASS: D3R9: offset A set and answered
PASS: D3R9: the held SET answered after the restore applied A, and its B is in force (row 7654321)
PASS: D3R9: the next flush saves B over the restored A
PASS: D3R10 4000: done 5484 closed -1 cause 0 rolled back 0; the stores in reset from -1 to -1, the debt owed 0 cycles of it, fell at -1
PASS: D3R10 5000: done 6539 closed -1 cause 6 rolled back 1; the stores in reset from 5077 to 5999, the debt owed 921 cycles of it, fell at 5998
PASS: D3R10 16000: done 17539 closed -1 cause 6 rolled back 1; the stores in reset from 5077 to 16999, the debt owed 11921 cycles of it, fell at 16998
PASS: D3R10 30000: done -1 closed 25078 cause 6 rolled back 0; the stores in reset from 5077 to 25079, the debt owed 20002 cycles of it, fell at -1
PASS: D3R11: rolled back (cause 2), sink 0 still bound to its restored talker, 0 rewrites of its record
PASS: D3R12: the re-walk cannot prove the image: CLOSED 9425, cause 2, the entity held
PASS: D3R13 pass 0: DEFAULTS at clock 1000001 of the aggregate 1000001, cause 3, rolled back 0, applied 0, the longest wait 19812 of 20001
PASS: D3R13 pass 0: the READ in hand at the bound was drained, and once the device ends it a later SET persists
PASS: D3R13 pass 1: rolled back to DEFAULTS at clock 1000544, the bound 1000001, cause 3, rolled back 1
PASS: D3R14 image valid: the binding walk (longest wait 19002 of 20001) fails whole at the bound's clock 1000001 (cause 3, bound sinks 0x00), its READ drained 1, the listener released by clock 1000003; 0 D3 READs
PASS: D3R14 image valid: DEFAULTS by clock 1000005, the D3 walk's longest wait 0 (no record READ requested), cause 3, rolled back 0, image valid 1, AECP owned 0, ADP enabled 1 (0 early enable cycles)
PASS: D3R14 image valid: AECP answers a READ_DESCRIPTOR byte-exact, and once the device ends the drained binding READ a later SET persists (1 WRITEs)
PASS: D3R14 image refused: the binding walk (longest wait 19002 of 20001) fails whole at the bound's clock 1000001 (cause 3, bound sinks 0x00), its READ drained 1, the listener released by clock 1000003; 0 D3 READs
PASS: D3R14 image refused: CLOSED by clock 1000045, cause 7, AECP owned 1, ADP enabled 0
PASS: D3R15 debt wait: the pass-1 fault's READ (region 0x02 offset 8) granted on its steered cycle 1; at the bound the roll-back was under way (strobe 1, debt 1, image valid 0)
PASS: D3R15 debt wait: CLOSED 0 clocks after the bound's own (want 0), cause 6, D3 done -1 clocks after the bound, rolled back 0, AECP owned 1
PASS: D3R15 re-LOCATE: the pass-1 fault's READ (region 0x02 offset 0) granted on its steered cycle 1; at the bound the roll-back was under way (strobe 0, debt 1, image valid 0)
PASS: D3R15 re-LOCATE: CLOSED 0 clocks after the bound's own (want 0), cause 2, D3 done -1 clocks after the bound, rolled back 0, AECP owned 1
PASS: D3R16 COMPLETE: two per-wait deadlines past the bound the verdicts hold (done 1 fail 0 rolled back 0 closed 0 cause 0), 0 roll-back strobe cycles after the terminal, the rows kept
PASS: D3R16 DEFAULTS: two per-wait deadlines past the bound the verdicts hold (done 1 fail 1 rolled back 1 closed 0 cause 6), 0 roll-back strobe cycles after the terminal, the rows kept
PASS: D3R16 CLOSED: two per-wait deadlines past the bound the verdicts hold (done 0 fail 1 rolled back 0 closed 1 cause 2), 0 roll-back strobe cycles after the terminal, the rows kept
PASS: D3R17: the writer's grant lands on the bound's own clock (1, 0x56's READ steered 1, latency 9); DEFAULTS 2 clocks later, cause 3, the READ in hand drained 1
PASS: D3R17: once the device ends the READ granted on the bound's clock a later SET persists (1 WRITEs, unflushed 0)
PASS: D3R18: binding READ strobe 5 on agg_o's first clock 12398094 (strobe 1, abort 1, arbiter owner 0), the done before it held to 12398090 (lag 4, payload bytes 12350 apart, longest wait 12351 of 20001)
PASS: D3R18: the READ abandoned in its issue cycle is drained from the next clock (1, owner 1), the binding walk fails whole (cause 3) and the restore ends DEFAULTS (cause 3, closed 0)
PASS: D3R18: once the device ends the drained READ the port is idle (1), and a later SET persists (1 WRITEs, the port busy 26 of 100000 clocks, unflushed 0)
PASS: D3R19 past the bound: no image at reset (1) nor at the D3 walk's start (0); the binding walk (longest wait 19002 of 20001) fails whole at the bound (cause 3), released 3 clocks after it, the LOCATE proves the image 542 clocks after the release
PASS: D3R19 past the bound: DEFAULTS with no record READ; the restore ends DEFAULTS 546 clocks after the bound, cause 3, rolled back 0, image valid 1, AECP owned 0, 0 D3 record READs
PASS: D3R19 inside the LOCATE: the binding walk completes (0x27 done on its placed clock 1, longest wait 11328 of 20001), the LOCATE starts 271 clocks before the bound and proves the image 271 clocks after it (want 271 of 542; -1: never)
PASS: D3R19 inside the LOCATE: DEFAULTS with no record READ; the restore ends DEFAULTS 272 clocks after the bound, cause 3, rolled back 0, image valid 1, AECP owned 0, 0 D3 record READs
PASS: D3R20 W_IMG: the binding walk completes (0x27 done on its placed clock 1, longest wait 11598 of 20001), the image valid at the D3 walk's start 1, proven 0 clocks after the bound (want 0; -1: never)
PASS: D3R20 W_IMG: DEFAULTS with no record READ; the restore ends DEFAULTS 1 clocks after the bound, cause 3, rolled back 0, image valid 1, AECP owned 0, 0 D3 record READs
PASS: D3R20 W_IMGLOC: the binding walk completes (0x27 done on its placed clock 1, longest wait 11057 of 20001), the image valid at the D3 walk's start 0, proven 0 clocks after the bound (want 0; -1: never)
PASS: D3R20 W_IMGLOC: DEFAULTS with no record READ; the restore ends DEFAULTS 1 clocks after the bound, cause 3, rolled back 0, image valid 1, AECP owned 0, 0 D3 record READs
PASS: D3R21: a binding payload byte placed at the device 1 clocks before the bound (lag 1) is in the binding manager's hand on the bound's own clock (1), none on the next (1); longest wait 16812 of 20001
PASS: D3R21: the binding walk fails whole at its next waiting clock, the one after the bound (cause 3 registered 2 clocks after the bound, want 2), and the restore ends DEFAULTS 5 clocks after the bound (cause 3)
PASS: D3C1: both walks over an erased device release AECP (premise)
PASS: D3C1: the second controller registered for unsolicited notifications (premise)
PASS: D3C1: SET_CLOCK_SOURCE(9) over the ten-source domain answers SUCCESS byte-exact, carrying 9 (1 responses)
PASS: D3C1 notify: exactly one unsolicited SET_CLOCK_SOURCE carrying 9 reaches the second controller, sequence 0 (1 frames)
PASS: D3C1 effects: one store write, one NVM_MARK, one NOTIFY_ENQ (1, 1, 1)
PASS: D3C1 readback: GET_CLOCK_SOURCE reads 9 byte-exact, the row holds 9 with its valid flag and the top exports 9 (row 9 valid 1, export 9)
PASS: D3C3 save: record 0x0A carrying 9 erased and written once, byte-exact, nothing unflushed, no other record (1 erases, 1 writes, 0 other operations)
PASS: D3C2: SET_CLOCK_SOURCE(10), the count, answers BAD_ARGUMENTS byte-exact carrying the 9 in force (1 responses)
PASS: D3C2 effects: the refusal writes, marks and enqueues nothing (0, 0, 0) and the second controller hears nothing (0 frames)
PASS: D3C2 readback: GET_CLOCK_SOURCE still reads 9, the row and the export hold 9 (row 9, export 9)
PASS: D3C2 saved: nothing pending and no device operation for two windows after the refusal (0 pending cycles, 0 operations)
PASS: D3C3 restore: COMPLETE from cleared rows with the saved record applied (applied 1 refused 0 blank 26 of 27)
PASS: D3C3 restore: clock source 9 restored with its valid flag, GET reads it and the top exports it (row 9 valid 1, export 9)
PASS: D3C4 at the count: the saved 9 over 9 sources is refused, COMPLETE (applied 0 refused 1 blank 26 of 27)
PASS: D3C4 at the count: the row stays unset and GET reads the image's 0 (row 0 valid 0, export 0)
PASS: D3C4 above the count: the saved 9 over 3 sources is refused, COMPLETE (applied 0 refused 1 blank 26 of 27)
PASS: D3C4 above the count: the row stays unset and GET reads the image's 0 (row 0 valid 0, export 0)
D3: 150 checks, 0 failures
[build default, SRP_DOM_DEF_VID_P 0x0002, DESC_LINE_BYTES_P 576] 150 checks, 0 failures
make: Leaving directory '<packet>/scratch/verbose-head/tb/pp_top'
rc=0
