FAIL: NW ONE: accepted lane pulse count 0, want 1
FAIL: NW ONE: output must coincide with actual live RAM write enable
FAIL: NW READBACK: accepted lane pulse count 0, want 1
FAIL: NW READBACK: output must coincide with actual live RAM write enable
FAIL: NW EIGHT: accepted lane pulse count 7, want 8
FAIL: NW EIGHT: output must coincide with actual live RAM write enable
FAIL: NW READBACK: accepted lane pulse count 7, want 8
FAIL: NW READBACK: output must coincide with actual live RAM write enable
FAIL: NW UNCHANGED: output must coincide with actual live RAM write enable
FAIL: NW READBACK: output must coincide with actual live RAM write enable
FAIL: NW LOCKED: output must coincide with actual live RAM write enable
FAIL: NW RANGE: output must coincide with actual live RAM write enable
FAIL: NW RANGE: output must coincide with actual live RAM write enable
FAIL: NW RANGE: output must coincide with actual live RAM write enable
FAIL: NW RANGE: output must coincide with actual live RAM write enable
FAIL: NW RANGE: output must coincide with actual live RAM write enable
FAIL: NW SHORT: output must coincide with actual live RAM write enable
FAIL: NW STALL: output must coincide with actual live RAM write enable
FAIL: NW RELEASE: accepted lane pulse count 7, want 8
FAIL: NW RELEASE: output must coincide with actual live RAM write enable
FAIL: NW ABORT: output must coincide with actual live RAM write enable
FAIL: NW RECOVERY: output must coincide with actual live RAM write enable
FAIL: NW IDLE: output must coincide with actual live RAM write enable
NW: 84 checks, 23 failures
[build default, SRP_DOM_DEF_VID_P 0x0002] 84 checks, 23 failures
