{"group": "patch", "name": "tb/adp_engine/mutations/arc-bind-keeps-discovered.patch", "passed": true, "rc": 0, "diagnostic": ""}
{"group": "patch", "name": "tb/adp_engine/mutations/arc-departing-silent.patch", "passed": true, "rc": 0, "diagnostic": ""}
{"group": "patch", "name": "tb/adp_engine/mutations/arc-discover-no-noadp-arm.patch", "passed": true, "rc": 0, "diagnostic": ""}
{"group": "patch", "name": "tb/adp_engine/mutations/arc-fresh-no-rearm.patch", "passed": true, "rc": 0, "diagnostic": ""}
{"group": "patch", "name": "tb/adp_engine/mutations/arc-fresh-no-store.patch", "passed": true, "rc": 0, "diagnostic": ""}
{"group": "patch", "name": "tb/adp_engine/mutations/arc-fresh-store-max.patch", "passed": true, "rc": 0, "diagnostic": ""}
{"group": "patch", "name": "tb/adp_engine/mutations/arc-fresh-store-plus-one.patch", "passed": true, "rc": 0, "diagnostic": ""}
{"group": "patch", "name": "tb/adp_engine/mutations/arc-noadp-expiry-silent.patch", "passed": true, "rc": 0, "diagnostic": ""}
{"group": "patch", "name": "tb/adp_engine/mutations/arc-not-discovered-no-guard.patch", "passed": true, "rc": 0, "diagnostic": ""}
{"group": "patch", "name": "tb/adp_engine/mutations/arc-restart-detector-off-by-one.patch", "passed": true, "rc": 0, "diagnostic": ""}
{"group": "patch", "name": "tb/adp_engine/mutations/arc-restart-skips-guard.patch", "passed": true, "rc": 0, "diagnostic": ""}
{"group": "patch", "name": "tb/adp_engine/mutations/cfg-dependent-field.patch", "passed": true, "rc": 0, "diagnostic": ""}
{"group": "patch", "name": "tb/adp_engine/mutations/cfg-frozen-at-top.patch", "passed": true, "rc": 0, "diagnostic": ""}
{"group": "patch", "name": "tb/adp_engine/mutations/cfg-nonzero-for-valid.patch", "passed": true, "rc": 0, "diagnostic": ""}
{"group": "patch", "name": "tb/adp_engine/mutations/cfg-overlay-only.patch", "passed": true, "rc": 0, "diagnostic": ""}
{"group": "patch", "name": "tb/adp_engine/mutations/cfg-read-live.patch", "passed": true, "rc": 0, "diagnostic": ""}
{"group": "patch", "name": "tb/adp_engine/mutations/cfg-valid-any-selector.patch", "passed": true, "rc": 0, "diagnostic": ""}
{"group": "patch", "name": "tb/adp_engine/mutations/cfg-valid-hard-reset.patch", "passed": true, "rc": 0, "diagnostic": ""}
{"group": "patch", "name": "tb/adp_engine/mutations/cfg-valid-no-reset.patch", "passed": true, "rc": 0, "diagnostic": ""}
{"group": "patch", "name": "tb/adp_engine/mutations/cfg-valid-not-sticky.patch", "passed": true, "rc": 0, "diagnostic": ""}
{"group": "patch", "name": "tb/adp_engine/mutations/cfg-valid-ucpu-bus.patch", "passed": true, "rc": 0, "diagnostic": ""}
{"group": "patch", "name": "tb/adp_engine/mutations/disc-departing-ignores-interface.patch", "passed": true, "rc": 0, "diagnostic": ""}
{"group": "patch", "name": "tb/adp_engine/mutations/disc-fresh-checks-gm.patch", "passed": true, "rc": 0, "diagnostic": ""}
{"group": "patch", "name": "tb/adp_engine/mutations/disc-not-discovered-checks-index.patch", "passed": true, "rc": 0, "diagnostic": ""}
{"group": "patch", "name": "tb/adp_engine/mutations/disc-not-discovered-checks-interface.patch", "passed": true, "rc": 0, "diagnostic": ""}
{"group": "patch", "name": "tb/adp_engine/mutations/disc-restart-not-rediscovered.patch", "passed": true, "rc": 0, "diagnostic": ""}
{"group": "patch", "name": "tb/adp_engine/mutations/disc-stray-noadp-departs.patch", "passed": true, "rc": 0, "diagnostic": ""}
{"group": "patch", "name": "tb/adp_engine/mutations/disc-unbind-keeps-timer.patch", "passed": true, "rc": 0, "diagnostic": ""}
{"group": "patch", "name": "tb/adp_engine/mutations/gate-enable-dropped.patch", "passed": true, "rc": 0, "diagnostic": ""}
{"group": "patch", "name": "tb/adp_engine/mutations/walk-delay-answers-discover.patch", "passed": true, "rc": 0, "diagnostic": ""}
{"group": "patch", "name": "tb/adp_engine/mutations/walk-delay-ignores-link-down.patch", "passed": true, "rc": 0, "diagnostic": ""}
{"group": "patch", "name": "tb/adp_engine/mutations/walk-delay-shutdown-silent.patch", "passed": true, "rc": 0, "diagnostic": ""}
{"group": "patch", "name": "tb/adp_engine/mutations/walk-departing-keeps-index.patch", "passed": true, "rc": 0, "diagnostic": ""}
{"group": "patch", "name": "tb/adp_engine/mutations/walk-down-answers-discover.patch", "passed": true, "rc": 0, "diagnostic": ""}
{"group": "patch", "name": "tb/adp_engine/mutations/walk-down-answers-gm-change.patch", "passed": true, "rc": 0, "diagnostic": ""}
{"group": "patch", "name": "tb/adp_engine/mutations/walk-down-shutdown-departs.patch", "passed": true, "rc": 0, "diagnostic": ""}
{"group": "patch", "name": "tb/adp_engine/mutations/walk-foreign-discover-answered.patch", "passed": true, "rc": 0, "diagnostic": ""}
{"group": "patch", "name": "tb/adp_engine/mutations/walk-link-down-keeps-timer.patch", "passed": true, "rc": 0, "diagnostic": ""}
{"group": "patch", "name": "tb/adp_engine/mutations/walk-stale-draw-arms.patch", "passed": true, "rc": 0, "diagnostic": ""}
{"group": "patch", "name": "tb/maap/mutations/compare-mac-forward.patch", "passed": true, "rc": 0, "diagnostic": ""}
{"group": "patch", "name": "tb/maap/mutations/defend-rdefend-ignored.patch", "passed": true, "rc": 0, "diagnostic": ""}
{"group": "patch", "name": "tb/maap/mutations/defend-rdefend-no-tiebreak.patch", "passed": true, "rc": 0, "diagnostic": ""}
{"group": "patch", "name": "tb/maap/mutations/drain-waits-for-the-link.patch", "passed": true, "rc": 0, "diagnostic": ""}
{"group": "patch", "name": "tb/maap/mutations/fit-compare-forced-true.patch", "passed": true, "rc": 0, "diagnostic": ""}
{"group": "patch", "name": "tb/maap/mutations/fit-compare-off-by-one.patch", "passed": true, "rc": 0, "diagnostic": ""}
{"group": "patch", "name": "tb/maap/mutations/idle-serves-a-latched-expiry-first.patch", "passed": true, "rc": 0, "diagnostic": ""}
{"group": "patch", "name": "tb/maap/mutations/ival-sends-after-release.patch", "passed": true, "rc": 0, "diagnostic": ""}
{"group": "patch", "name": "tb/maap/mutations/off-waits-for-an-edge.patch", "passed": true, "rc": 0, "diagnostic": ""}
{"group": "patch", "name": "tb/maap/mutations/post-publishes-after-release.patch", "passed": true, "rc": 0, "diagnostic": ""}
{"group": "patch", "name": "tb/maap/mutations/probe-rannounce-tiebreak.patch", "passed": true, "rc": 0, "diagnostic": ""}
{"group": "patch", "name": "tb/maap/mutations/probe-rprobe-never-yields.patch", "passed": true, "rc": 0, "diagnostic": ""}
{"group": "patch", "name": "tb/maap/mutations/release-keeps-draw-mark.patch", "passed": true, "rc": 0, "diagnostic": ""}
{"group": "patch", "name": "tb/maap/mutations/release-waits-for-draw.patch", "passed": true, "rc": 0, "diagnostic": ""}
{"group": "patch", "name": "tb/maap/mutations/rx-release-returns-to-idle.patch", "passed": true, "rc": 0, "diagnostic": ""}
{"group": "patch", "name": "tb/maap/mutations/seed-clamp-off-by-one.patch", "passed": true, "rc": 0, "diagnostic": ""}
{"group": "patch", "name": "tb/maap/mutations/seed-clamp-removed.patch", "passed": true, "rc": 0, "diagnostic": ""}
{"group": "patch", "name": "tb/maap/mutations/seed-rearmed-on-idle-release-only.patch", "passed": true, "rc": 0, "diagnostic": ""}
{"group": "patch", "name": "tb/maap/mutations/teardown-keeps-announce-timer.patch", "passed": true, "rc": 0, "diagnostic": ""}
{"group": "patch", "name": "tb/maap/mutations/tx-path-absorbs-release.patch", "passed": true, "rc": 0, "diagnostic": ""}
{"group": "patch", "name": "tb/maap/mutations/tx-set-omits-alloc.patch", "passed": true, "rc": 0, "diagnostic": ""}
{"group": "patch", "name": "tb/maap/mutations/tx-set-omits-commit.patch", "passed": true, "rc": 0, "diagnostic": ""}
{"group": "patch", "name": "tb/maap/mutations/tx-set-omits-gwait.patch", "passed": true, "rc": 0, "diagnostic": ""}
{"group": "patch", "name": "tb/maap/mutations/tx-set-omits-lane.patch", "passed": true, "rc": 0, "diagnostic": ""}
{"group": "patch", "name": "tb/maap/mutations/tx-set-omits-write.patch", "passed": true, "rc": 0, "diagnostic": ""}
{"group": "patch", "name": "tb/maap/mutations/validator-maap-version-1-only.patch", "passed": true, "rc": 0, "diagnostic": ""}
{"group": "patch", "name": "tb/maap/mutations/yield-reuses-range.patch", "passed": true, "rc": 0, "diagnostic": ""}
{"group": "patch", "name": "tb/pp_top/aecp_dispatch_mutations/a5b-reboot-success-arm.patch", "passed": true, "rc": 0, "diagnostic": ""}
{"group": "patch", "name": "tb/pp_top/aecp_dispatch_mutations/line-buffer-fixed-592.patch", "passed": true, "rc": 0, "diagnostic": ""}
{"group": "patch", "name": "tb/pp_top/aecp_dispatch_mutations/line-ceiling-dropped.patch", "passed": true, "rc": 0, "diagnostic": ""}
{"group": "patch", "name": "tb/pp_top/aecp_dispatch_mutations/line-floor-rounded.patch", "passed": true, "rc": 0, "diagnostic": ""}
{"group": "patch", "name": "tb/pp_top/aecp_dispatch_mutations/lk-prefix-zero-body.patch", "passed": true, "rc": 0, "diagnostic": ""}
{"group": "patch", "name": "tb/pp_top/aecp_dispatch_mutations/lk-sclks-lock-nop.patch", "passed": true, "rc": 0, "diagnostic": ""}
{"group": "patch", "name": "tb/pp_top/aecp_dispatch_mutations/lk-sclks-miss-lock-nop.patch", "passed": true, "rc": 0, "diagnostic": ""}
{"group": "patch", "name": "tb/pp_top/aecp_dispatch_mutations/lk-sctrl-lock-nop.patch", "passed": true, "rc": 0, "diagnostic": ""}
{"group": "patch", "name": "tb/pp_top/aecp_dispatch_mutations/lk-sctrl-miss-lock-nop.patch", "passed": true, "rc": 0, "diagnostic": ""}
{"group": "patch", "name": "tb/pp_top/aecp_dispatch_mutations/lk-ssrate-lock-nop.patch", "passed": true, "rc": 0, "diagnostic": ""}
{"group": "patch", "name": "tb/pp_top/aecp_dispatch_mutations/lk-ssrate-miss-lock-nop.patch", "passed": true, "rc": 0, "diagnostic": ""}
{"group": "patch", "name": "tb/pp_top/aecp_dispatch_mutations/m9-guard-add-mappings.patch", "passed": true, "rc": 0, "diagnostic": ""}
{"group": "patch", "name": "tb/pp_top/aecp_dispatch_mutations/m9-guard-dynamic-info.patch", "passed": true, "rc": 0, "diagnostic": ""}
{"group": "patch", "name": "tb/pp_top/aecp_dispatch_mutations/m9-guard-get-name.patch", "passed": true, "rc": 0, "diagnostic": ""}
{"group": "patch", "name": "tb/pp_top/aecp_dispatch_mutations/m9-guard-remove-mappings.patch", "passed": true, "rc": 0, "diagnostic": ""}
{"group": "patch", "name": "tb/pp_top/aecp_dispatch_mutations/m9-guard-set-name.patch", "passed": true, "rc": 0, "diagnostic": ""}
{"group": "patch", "name": "tb/pp_top/aecp_dispatch_mutations/m9-guard-set-stream-format.patch", "passed": true, "rc": 0, "diagnostic": ""}
{"group": "patch", "name": "tb/pp_top/aecp_dispatch_mutations/m9-guard-set-stream-info.patch", "passed": true, "rc": 0, "diagnostic": ""}
{"group": "patch", "name": "tb/pp_top/aecp_dispatch_mutations/ov-oversize-at-576.patch", "passed": true, "rc": 0, "diagnostic": ""}
{"group": "patch", "name": "tb/pp_top/aecp_dispatch_mutations/ov-oversize-never.patch", "passed": true, "rc": 0, "diagnostic": ""}
{"group": "patch", "name": "tb/pp_top/aecp_dispatch_mutations/ov-top-oversize-dropped.patch", "passed": true, "rc": 0, "diagnostic": ""}
{"group": "patch", "name": "tb/pp_top/aecp_dispatch_mutations/pg-append-524.patch", "passed": true, "rc": 0, "diagnostic": ""}
{"group": "patch", "name": "tb/pp_top/aecp_dispatch_mutations/pg-cap-dropped.patch", "passed": true, "rc": 0, "diagnostic": ""}
{"group": "patch", "name": "tb/pp_top/aecp_dispatch_mutations/pg-cap-off-by-one.patch", "passed": true, "rc": 0, "diagnostic": ""}
{"group": "patch", "name": "tb/pp_top/aecp_dispatch_mutations/rb-rounded-buffer-no-page-cap.patch", "passed": true, "rc": 0, "diagnostic": ""}
{"group": "patch", "name": "tb/pp_top/aecp_dispatch_mutations/rd-au-image-only.patch", "passed": true, "rc": 0, "diagnostic": ""}
{"group": "patch", "name": "tb/pp_top/aecp_dispatch_mutations/rd-au-unset-overlays.patch", "passed": true, "rc": 0, "diagnostic": ""}
{"group": "patch", "name": "tb/pp_top/aecp_dispatch_mutations/rd-base-no-overlay.patch", "passed": true, "rc": 0, "diagnostic": ""}
{"group": "patch", "name": "tb/pp_top/aecp_dispatch_mutations/rd-cd-image-only.patch", "passed": true, "rc": 0, "diagnostic": ""}
{"group": "patch", "name": "tb/pp_top/aecp_dispatch_mutations/rd-cfg-any.patch", "passed": true, "rc": 0, "diagnostic": ""}
{"group": "patch", "name": "tb/pp_top/aecp_dispatch_mutations/rd-so-reads-input-row.patch", "passed": true, "rc": 0, "diagnostic": ""}
{"group": "patch", "name": "tb/pp_top/aecp_dispatch_mutations/rd-str-short-guard-nop.patch", "passed": true, "rc": 0, "diagnostic": ""}
{"group": "patch", "name": "tb/pp_top/aecp_dispatch_mutations/rd-str-unset-overlays.patch", "passed": true, "rc": 0, "diagnostic": ""}
{"group": "patch", "name": "tb/pp_top/aecp_dispatch_mutations/rd-tail-uncut.patch", "passed": true, "rc": 0, "diagnostic": ""}
{"group": "patch", "name": "tb/pp_top/aecp_dispatch_mutations/sclks-bound-inclusive.patch", "passed": true, "rc": 0, "diagnostic": ""}
{"group": "patch", "name": "tb/pp_top/aecp_dispatch_mutations/sclks-bound-three.patch", "passed": true, "rc": 0, "diagnostic": ""}
{"group": "patch", "name": "tb/pp_top/aecp_dispatch_mutations/sclks-miss-branch-dropped.patch", "passed": true, "rc": 0, "diagnostic": ""}
{"group": "patch", "name": "tb/pp_top/aecp_dispatch_mutations/sclks-miss-preload-dropped.patch", "passed": true, "rc": 0, "diagnostic": ""}
{"group": "patch", "name": "tb/pp_top/aecp_dispatch_mutations/sclks-miss-target-next-word.patch", "passed": true, "rc": 0, "diagnostic": ""}
{"group": "patch", "name": "tb/pp_top/aecp_dispatch_mutations/sctrl-badarg-zero-body.patch", "passed": true, "rc": 0, "diagnostic": ""}
{"group": "patch", "name": "tb/pp_top/ctr_mutations/ctr-avb-not-supported.patch", "passed": true, "rc": 0, "diagnostic": ""}
{"group": "patch", "name": "tb/pp_top/ctr_mutations/ctr-block-beats-swapped.patch", "passed": true, "rc": 0, "diagnostic": ""}
{"group": "patch", "name": "tb/pp_top/ctr_mutations/ctr-change-type-from-index.patch", "passed": true, "rc": 0, "diagnostic": ""}
{"group": "patch", "name": "tb/pp_top/ctr_mutations/ctr-ckd-not-supported.patch", "passed": true, "rc": 0, "diagnostic": ""}
{"group": "patch", "name": "tb/pp_top/ctr_mutations/ctr-index-from-type.patch", "passed": true, "rc": 0, "diagnostic": ""}
{"group": "patch", "name": "tb/pp_top/ctr_mutations/ctr-locate-ignored.patch", "passed": true, "rc": 0, "diagnostic": ""}
{"group": "patch", "name": "tb/pp_top/ctr_mutations/ctr-notify-avb-any-index.patch", "passed": true, "rc": 0, "diagnostic": ""}
{"group": "patch", "name": "tb/pp_top/ctr_mutations/ctr-notify-avb-as-clock.patch", "passed": true, "rc": 0, "diagnostic": ""}
{"group": "patch", "name": "tb/pp_top/ctr_mutations/ctr-notify-avb-dropped.patch", "passed": true, "rc": 0, "diagnostic": ""}
{"group": "patch", "name": "tb/pp_top/ctr_mutations/ctr-notify-ckd-any-index.patch", "passed": true, "rc": 0, "diagnostic": ""}
{"group": "patch", "name": "tb/pp_top/ctr_mutations/ctr-notify-ckd-dropped.patch", "passed": true, "rc": 0, "diagnostic": ""}
{"group": "patch", "name": "tb/pp_top/ctr_mutations/ctr-notify-no-window.patch", "passed": true, "rc": 0, "diagnostic": ""}
{"group": "patch", "name": "tb/pp_top/ctr_mutations/ctr-notify-one-window.patch", "passed": true, "rc": 0, "diagnostic": ""}
{"group": "patch", "name": "tb/pp_top/ctr_mutations/ctr-notify-stri-past-shape.patch", "passed": true, "rc": 0, "diagnostic": ""}
{"group": "patch", "name": "tb/pp_top/ctr_mutations/ctr-notify-stro-past-shape.patch", "passed": true, "rc": 0, "diagnostic": ""}
{"group": "patch", "name": "tb/pp_top/ctr_mutations/store-counts-domain-strobes.patch", "passed": true, "rc": 0, "diagnostic": ""}
{"group": "patch", "name": "tb/pp_top/ctr_mutations/store-link-detector-resets-up.patch", "passed": true, "rc": 0, "diagnostic": ""}
{"group": "patch", "name": "tb/pp_top/mutations/acmp-waits-for-aecp.patch", "passed": true, "rc": 0, "diagnostic": ""}
{"group": "patch", "name": "tb/pp_top/mutations/dl-armed-at-admission.patch", "passed": true, "rc": 0, "diagnostic": ""}
{"group": "patch", "name": "tb/pp_top/mutations/dl-boot-hold-not-exempt.patch", "passed": true, "rc": 0, "diagnostic": ""}
{"group": "patch", "name": "tb/pp_top/mutations/dl-edit-preempted.patch", "passed": true, "rc": 0, "diagnostic": ""}
{"group": "patch", "name": "tb/pp_top/mutations/dl-gdi-runs-on.patch", "passed": true, "rc": 0, "diagnostic": ""}
{"group": "patch", "name": "tb/pp_top/mutations/dl-kill-ack-keeps-owner.patch", "passed": true, "rc": 0, "diagnostic": ""}
{"group": "patch", "name": "tb/pp_top/mutations/dl-kill-tied-off.patch", "passed": true, "rc": 0, "diagnostic": ""}
{"group": "patch", "name": "tb/pp_top/mutations/dl-lock-preempted.patch", "passed": true, "rc": 0, "diagnostic": ""}
{"group": "patch", "name": "tb/pp_top/mutations/dl-mvu-forced-status-10.patch", "passed": true, "rc": 0, "diagnostic": ""}
{"group": "patch", "name": "tb/pp_top/mutations/dl-non-aem-forced-status-10.patch", "passed": true, "rc": 0, "diagnostic": ""}
{"group": "patch", "name": "tb/pp_top/mutations/dl-preempt-after-effect.patch", "passed": true, "rc": 0, "diagnostic": ""}
{"group": "patch", "name": "tb/pp_top/mutations/dl-registry-preempted.patch", "passed": true, "rc": 0, "diagnostic": ""}
{"group": "patch", "name": "tb/pp_top/mutations/dl-released-before-queued.patch", "passed": true, "rc": 0, "diagnostic": ""}
{"group": "patch", "name": "tb/pp_top/mutations/dlkill-always-misbehaving.patch", "passed": true, "rc": 0, "diagnostic": ""}
{"group": "patch", "name": "tb/pp_top/mutations/fanout-never-ends.patch", "passed": true, "rc": 0, "diagnostic": ""}
{"group": "patch", "name": "tb/pp_top/mutations/hz-acmp-reads-as-steps.patch", "passed": true, "rc": 0, "diagnostic": ""}
{"group": "patch", "name": "tb/pp_top/mutations/hz-barrier-no-priority.patch", "passed": true, "rc": 0, "diagnostic": ""}
{"group": "patch", "name": "tb/pp_top/mutations/hz-clock-as-lock.patch", "passed": true, "rc": 0, "diagnostic": ""}
{"group": "patch", "name": "tb/pp_top/mutations/hz-clock-as-ro.patch", "passed": true, "rc": 0, "diagnostic": ""}
{"group": "patch", "name": "tb/pp_top/mutations/hz-clock-key-none.patch", "passed": true, "rc": 0, "diagnostic": ""}
{"group": "patch", "name": "tb/pp_top/mutations/hz-foreign-target-classified.patch", "passed": true, "rc": 0, "diagnostic": ""}
{"group": "patch", "name": "tb/pp_top/mutations/hz-gdi-as-barrier.patch", "passed": true, "rc": 0, "diagnostic": ""}
{"group": "patch", "name": "tb/pp_top/mutations/hz-gdi-key-none.patch", "passed": true, "rc": 0, "diagnostic": ""}
{"group": "patch", "name": "tb/pp_top/mutations/hz-identify-as-ro.patch", "passed": true, "rc": 0, "diagnostic": ""}
{"group": "patch", "name": "tb/pp_top/mutations/hz-identify-key-none.patch", "passed": true, "rc": 0, "diagnostic": ""}
{"group": "patch", "name": "tb/pp_top/mutations/hz-lock-not-lockop.patch", "passed": true, "rc": 0, "diagnostic": ""}
{"group": "patch", "name": "tb/pp_top/mutations/hz-map-as-ro.patch", "passed": true, "rc": 0, "diagnostic": ""}
{"group": "patch", "name": "tb/pp_top/mutations/hz-map-key-none.patch", "passed": true, "rc": 0, "diagnostic": ""}
{"group": "patch", "name": "tb/pp_top/mutations/hz-name-as-ro.patch", "passed": true, "rc": 0, "diagnostic": ""}
{"group": "patch", "name": "tb/pp_top/mutations/hz-name-as-stream.patch", "passed": true, "rc": 0, "diagnostic": ""}
{"group": "patch", "name": "tb/pp_top/mutations/hz-name-key-none.patch", "passed": true, "rc": 0, "diagnostic": ""}
{"group": "patch", "name": "tb/pp_top/mutations/hz-reads-keyed-none.patch", "passed": true, "rc": 0, "diagnostic": ""}
{"group": "patch", "name": "tb/pp_top/mutations/hz-registry-as-ro.patch", "passed": true, "rc": 0, "diagnostic": ""}
{"group": "patch", "name": "tb/pp_top/mutations/hz-response-classified.patch", "passed": true, "rc": 0, "diagnostic": ""}
{"group": "patch", "name": "tb/pp_top/mutations/hz-setcfg-not-barrier.patch", "passed": true, "rc": 0, "diagnostic": ""}
{"group": "patch", "name": "tb/pp_top/mutations/hz-stream-key-none.patch", "passed": true, "rc": 0, "diagnostic": ""}
{"group": "patch", "name": "tb/pp_top/mutations/hz-stub-restored.patch", "passed": true, "rc": 0, "diagnostic": ""}
{"group": "patch", "name": "tb/pp_top/mutations/hz-talker-keyed-as-listener.patch", "passed": true, "rc": 0, "diagnostic": ""}
{"group": "patch", "name": "tb/pp_top/mutations/mvu-echo-slot-std.patch", "passed": true, "rc": 0, "diagnostic": ""}
{"group": "patch", "name": "tb/pp_top/mutations/mvu-fault-status-10.patch", "passed": true, "rc": 0, "diagnostic": ""}
{"group": "patch", "name": "tb/pp_top/mutations/mvu-silent.patch", "passed": true, "rc": 0, "diagnostic": ""}
{"group": "patch", "name": "tb/pp_top/mutations/td-lock-default-59s.patch", "passed": true, "rc": 0, "diagnostic": ""}
{"group": "patch", "name": "tb/pp_top/mutations/td-tl-default-301s.patch", "passed": true, "rc": 0, "diagnostic": ""}
{"group": "patch", "name": "tb/pp_top/mutations/ucpu-preempt-cuts-a-wait.patch", "passed": true, "rc": 0, "diagnostic": ""}
{"group": "patch", "name": "tb/pp_top/mutations/ucpu-preempt-keeps-the-body.patch", "passed": true, "rc": 0, "diagnostic": ""}
{"group": "patch", "name": "tb/pp_top/mutations/ucpu-preempt-repeats.patch", "passed": true, "rc": 0, "diagnostic": ""}
{"group": "patch", "name": "tb/srp_top/mutations/action-omitted.patch", "passed": true, "rc": 0, "diagnostic": ""}
{"group": "patch", "name": "tb/srp_top/mutations/already-full-missed.patch", "passed": true, "rc": 0, "diagnostic": ""}
{"group": "patch", "name": "tb/srp_top/mutations/bad-listener-length.patch", "passed": true, "rc": 0, "diagnostic": ""}
{"group": "patch", "name": "tb/srp_top/mutations/before-slot.patch", "passed": true, "rc": 0, "diagnostic": ""}
{"group": "patch", "name": "tb/srp_top/mutations/canceled-content-never-drains.patch", "passed": true, "rc": 0, "diagnostic": ""}
{"group": "patch", "name": "tb/srp_top/mutations/count-up-unsends.patch", "passed": true, "rc": 0, "diagnostic": ""}
{"group": "patch", "name": "tb/srp_top/mutations/draw-kind-0.patch", "passed": true, "rc": 0, "diagnostic": ""}
{"group": "patch", "name": "tb/srp_top/mutations/empty-canceled-pdu.patch", "passed": true, "rc": 0, "diagnostic": ""}
{"group": "patch", "name": "tb/srp_top/mutations/encoder-peer-ignored.patch", "passed": true, "rc": 0, "diagnostic": ""}
{"group": "patch", "name": "tb/srp_top/mutations/expiry-congestion.patch", "passed": true, "rc": 0, "diagnostic": ""}
{"group": "patch", "name": "tb/srp_top/mutations/expiry-event.patch", "passed": true, "rc": 0, "diagnostic": ""}
{"group": "patch", "name": "tb/srp_top/mutations/expiry-only-redraw.patch", "passed": true, "rc": 0, "diagnostic": ""}
{"group": "patch", "name": "tb/srp_top/mutations/expiry-outranks-peer.patch", "passed": true, "rc": 0, "diagnostic": ""}
{"group": "patch", "name": "tb/srp_top/mutations/full-drain-missing.patch", "passed": true, "rc": 0, "diagnostic": ""}
{"group": "patch", "name": "tb/srp_top/mutations/join-ms-400.patch", "passed": true, "rc": 0, "diagnostic": ""}
{"group": "patch", "name": "tb/srp_top/mutations/join-sent-at-handover.patch", "passed": true, "rc": 0, "diagnostic": ""}
{"group": "patch", "name": "tb/srp_top/mutations/leaveall-expiry-lost.patch", "passed": true, "rc": 0, "diagnostic": ""}
{"group": "patch", "name": "tb/srp_top/mutations/licence-ignores-join.patch", "passed": true, "rc": 0, "diagnostic": ""}
{"group": "patch", "name": "tb/srp_top/mutations/listener-lane-cut.patch", "passed": true, "rc": 0, "diagnostic": ""}
{"group": "patch", "name": "tb/srp_top/mutations/listener-lost-txla.patch", "passed": true, "rc": 0, "diagnostic": ""}
{"group": "patch", "name": "tb/srp_top/mutations/listener-no-expiry.patch", "passed": true, "rc": 0, "diagnostic": ""}
{"group": "patch", "name": "tb/srp_top/mutations/listener-no-own.patch", "passed": true, "rc": 0, "diagnostic": ""}
{"group": "patch", "name": "tb/srp_top/mutations/listener-no-renewal.patch", "passed": true, "rc": 0, "diagnostic": ""}
{"group": "patch", "name": "tb/srp_top/mutations/listener-sid-ignored.patch", "passed": true, "rc": 0, "diagnostic": ""}
{"group": "patch", "name": "tb/srp_top/mutations/listener-strict-lv.patch", "passed": true, "rc": 0, "diagnostic": ""}
{"group": "patch", "name": "tb/srp_top/mutations/missing-registrar-edge.patch", "passed": true, "rc": 0, "diagnostic": ""}
{"group": "patch", "name": "tb/srp_top/mutations/mvrp-expiry-only-redraw.patch", "passed": true, "rc": 0, "diagnostic": ""}
{"group": "patch", "name": "tb/srp_top/mutations/mvrp-flag-at-expiry.patch", "passed": true, "rc": 0, "diagnostic": ""}
{"group": "patch", "name": "tb/srp_top/mutations/mvrp-passive-lost.patch", "passed": true, "rc": 0, "diagnostic": ""}
{"group": "patch", "name": "tb/srp_top/mutations/mvrp-stale-expiry-honoured.patch", "passed": true, "rc": 0, "diagnostic": ""}
{"group": "patch", "name": "tb/srp_top/mutations/mvrp-supersedes-msrp.patch", "passed": true, "rc": 0, "diagnostic": ""}
{"group": "patch", "name": "tb/srp_top/mutations/my-cancel-eats-new-intent.patch", "passed": true, "rc": 0, "diagnostic": ""}
{"group": "patch", "name": "tb/srp_top/mutations/my-drop-join-during-wait.patch", "passed": true, "rc": 0, "diagnostic": ""}
{"group": "patch", "name": "tb/srp_top/mutations/my-edge-cancel-lost.patch", "passed": true, "rc": 0, "diagnostic": ""}
{"group": "patch", "name": "tb/srp_top/mutations/my-expiry-pulse.patch", "passed": true, "rc": 0, "diagnostic": ""}
{"group": "patch", "name": "tb/srp_top/mutations/my-join-edge-peer.patch", "passed": true, "rc": 0, "diagnostic": ""}
{"group": "patch", "name": "tb/srp_top/mutations/my-la-outranks-leave.patch", "passed": true, "rc": 0, "diagnostic": ""}
{"group": "patch", "name": "tb/srp_top/mutations/my-no-walk-at-sLA.patch", "passed": true, "rc": 0, "diagnostic": ""}
{"group": "patch", "name": "tb/srp_top/mutations/my-reuse-flags-ignore-cancel.patch", "passed": true, "rc": 0, "diagnostic": ""}
{"group": "patch", "name": "tb/srp_top/mutations/own-flags-missing.patch", "passed": true, "rc": 0, "diagnostic": ""}
{"group": "patch", "name": "tb/srp_top/mutations/pending-peer-ignored.patch", "passed": true, "rc": 0, "diagnostic": ""}
{"group": "patch", "name": "tb/srp_top/mutations/periodic-ms-3000.patch", "passed": true, "rc": 0, "diagnostic": ""}
{"group": "patch", "name": "tb/srp_top/mutations/preparation-before-slot.patch", "passed": true, "rc": 0, "diagnostic": ""}
{"group": "patch", "name": "tb/srp_top/mutations/r-accept-edge-drain-lost.patch", "passed": true, "rc": 0, "diagnostic": ""}
{"group": "patch", "name": "tb/srp_top/mutations/r-cancel-consumes-new-intent.patch", "passed": true, "rc": 0, "diagnostic": ""}
{"group": "patch", "name": "tb/srp_top/mutations/r-cancel-latch-dropped.patch", "passed": true, "rc": 0, "diagnostic": ""}
{"group": "patch", "name": "tb/srp_top/mutations/r-collect-blocks-pushes.patch", "passed": true, "rc": 0, "diagnostic": ""}
{"group": "patch", "name": "tb/srp_top/mutations/r-expiry-pulse-restored.patch", "passed": true, "rc": 0, "diagnostic": ""}
{"group": "patch", "name": "tb/srp_top/mutations/r-flag-ignores-edge-peer.patch", "passed": true, "rc": 0, "diagnostic": ""}
{"group": "patch", "name": "tb/srp_top/mutations/r-join-coalesce-dropped.patch", "passed": true, "rc": 0, "diagnostic": ""}
{"group": "patch", "name": "tb/srp_top/mutations/r-join-start-guard-dropped.patch", "passed": true, "rc": 0, "diagnostic": ""}
{"group": "patch", "name": "tb/srp_top/mutations/r-la-only-emission-lost.patch", "passed": true, "rc": 0, "diagnostic": ""}
{"group": "patch", "name": "tb/srp_top/mutations/r-mvrp-start-during-prepare.patch", "passed": true, "rc": 0, "diagnostic": ""}
{"group": "patch", "name": "tb/srp_top/mutations/r-rearm-no-deadline.patch", "passed": true, "rc": 0, "diagnostic": ""}
{"group": "patch", "name": "tb/srp_top/mutations/r-rearm-no-inflight.patch", "passed": true, "rc": 0, "diagnostic": ""}
{"group": "patch", "name": "tb/srp_top/mutations/r-reuse-without-action.patch", "passed": true, "rc": 0, "diagnostic": ""}
{"group": "patch", "name": "tb/srp_top/mutations/r-sink-receive-priority-lost.patch", "passed": true, "rc": 0, "diagnostic": ""}
{"group": "patch", "name": "tb/srp_top/mutations/rearm-at-issue.patch", "passed": true, "rc": 0, "diagnostic": ""}
{"group": "patch", "name": "tb/srp_top/mutations/receive-priority-lost.patch", "passed": true, "rc": 0, "diagnostic": ""}
{"group": "patch", "name": "tb/srp_top/mutations/renewal-congestion.patch", "passed": true, "rc": 0, "diagnostic": ""}
{"group": "patch", "name": "tb/srp_top/mutations/repeated-action.patch", "passed": true, "rc": 0, "diagnostic": ""}
{"group": "patch", "name": "tb/srp_top/mutations/repeated-expiry-queued.patch", "passed": true, "rc": 0, "diagnostic": ""}
{"group": "patch", "name": "tb/srp_top/mutations/reserved-slot-not-reused.patch", "passed": true, "rc": 0, "diagnostic": ""}
{"group": "patch", "name": "tb/srp_top/mutations/reset-retains-intent.patch", "passed": true, "rc": 0, "diagnostic": ""}
{"group": "patch", "name": "tb/srp_top/mutations/round-completion-lost.patch", "passed": true, "rc": 0, "diagnostic": ""}
{"group": "patch", "name": "tb/srp_top/mutations/slope-read-source-0.patch", "passed": true, "rc": 0, "diagnostic": ""}
{"group": "patch", "name": "tb/srp_top/mutations/slope-store-source-0-only.patch", "passed": true, "rc": 0, "diagnostic": ""}
{"group": "patch", "name": "tb/srp_top/mutations/slope-stored-at-source-0.patch", "passed": true, "rc": 0, "diagnostic": ""}
{"group": "patch", "name": "tb/srp_top/mutations/slope-stored-at-stage-2-index.patch", "passed": true, "rc": 0, "diagnostic": ""}
{"group": "patch", "name": "tb/srp_top/mutations/stale-expiry-honoured.patch", "passed": true, "rc": 0, "diagnostic": ""}
{"group": "patch", "name": "tb/srp_top/mutations/table-one-short.patch", "passed": true, "rc": 0, "diagnostic": ""}
{"group": "patch", "name": "tb/srp_top/mutations/talker-lost-txla.patch", "passed": true, "rc": 0, "diagnostic": ""}
{"group": "patch", "name": "tb/srp_top/mutations/talker-no-expiry.patch", "passed": true, "rc": 0, "diagnostic": ""}
{"group": "patch", "name": "tb/srp_top/mutations/talker-no-own.patch", "passed": true, "rc": 0, "diagnostic": ""}
{"group": "patch", "name": "tb/srp_top/mutations/talker-no-renewal.patch", "passed": true, "rc": 0, "diagnostic": ""}
{"group": "patch", "name": "tb/srp_top/mutations/talker-strict-lv.patch", "passed": true, "rc": 0, "diagnostic": ""}
{"group": "patch", "name": "tb/srp_top/mutations/talker-vid-unreset.patch", "passed": true, "rc": 0, "diagnostic": ""}
{"group": "patch", "name": "tb/srp_top/mutations/tf-full-guard-31.patch", "passed": true, "rc": 0, "diagnostic": ""}
{"group": "patch", "name": "tb/srp_top/mutations/tf-head-at-write-pointer.patch", "passed": true, "rc": 0, "diagnostic": ""}
{"group": "patch", "name": "tb/srp_top/mutations/tf-heads-swapped.patch", "passed": true, "rc": 0, "diagnostic": ""}
{"group": "patch", "name": "tb/srp_top/mutations/tf-listener-push-dropped.patch", "passed": true, "rc": 0, "diagnostic": ""}
{"group": "patch", "name": "tb/srp_top/mutations/tf-ls-head-reads-tk-ram.patch", "passed": true, "rc": 0, "diagnostic": ""}
{"group": "patch", "name": "tb/srp_top/mutations/tf-ls-write-ignores-full.patch", "passed": true, "rc": 0, "diagnostic": ""}
{"group": "patch", "name": "tb/srp_top/mutations/tf-ls-written-at-tk-pointer.patch", "passed": true, "rc": 0, "diagnostic": ""}
{"group": "patch", "name": "tb/srp_top/mutations/tf-tk-head-read-ahead.patch", "passed": true, "rc": 0, "diagnostic": ""}
{"group": "patch", "name": "tb/srp_top/mutations/tf-tk-write-at-rptr.patch", "passed": true, "rc": 0, "diagnostic": ""}
{"group": "patch", "name": "tb/srp_top/mutations/tf-tk-write-ignores-full.patch", "passed": true, "rc": 0, "diagnostic": ""}
{"group": "patch", "name": "tb/srp_top/mutations/tx-strobe-any-app.patch", "passed": true, "rc": 0, "diagnostic": ""}
{"group": "patch", "name": "tb/srp_top/mutations/walk-record-written-on-close.patch", "passed": true, "rc": 0, "diagnostic": ""}
{"group": "patch", "name": "tb/srp_top/mutations/wid-flops-da-of-gate-source.patch", "passed": true, "rc": 0, "diagnostic": ""}
{"group": "patch", "name": "tb/srp_top/mutations/wid-flops-sid-of-source-0.patch", "passed": true, "rc": 0, "diagnostic": ""}
{"group": "patch", "name": "tb/srp_top/mutations/wid-flops-vid-of-source-0.patch", "passed": true, "rc": 0, "diagnostic": ""}
{"group": "patch", "name": "tb/srp_top/mutations/wid-ram-first-open-only.patch", "passed": true, "rc": 0, "diagnostic": ""}
{"group": "patch", "name": "tb/srp_top/mutations/wid-ram-read-at-gate-source.patch", "passed": true, "rc": 0, "diagnostic": ""}
{"group": "patch", "name": "tb/srp_top/mutations/wid-ram-read-neighbour.patch", "passed": true, "rc": 0, "diagnostic": ""}
{"group": "patch", "name": "tb/srp_top/mutations/wsid-flops-of-control-sink.patch", "passed": true, "rc": 0, "diagnostic": ""}
{"group": "patch", "name": "tb/srp_top/mutations/wsid-flops-read-sink-0.patch", "passed": true, "rc": 0, "diagnostic": ""}
{"group": "patch", "name": "tb/srp_top/mutations/wsid-ram-first-settle-only.patch", "passed": true, "rc": 0, "diagnostic": ""}
{"group": "patch", "name": "tb/srp_top/mutations/wsid-ram-written-on-teardown.patch", "passed": true, "rc": 0, "diagnostic": ""}
{"group": "patch", "name": "tb/srp_top/mutations/wsid-write-ignores-ready.patch", "passed": true, "rc": 0, "diagnostic": ""}
{"group": "patch", "name": "tb/srp_top/mutations/wtsp-first-open-only.patch", "passed": true, "rc": 0, "diagnostic": ""}
{"group": "patch", "name": "tb/srp_top/mutations/wtsp-latency-field-shifted.patch", "passed": true, "rc": 0, "diagnostic": ""}
{"group": "patch", "name": "tb/srp_top/mutations/wtsp-latency-shifted.patch", "passed": true, "rc": 0, "diagnostic": ""}
{"group": "patch", "name": "tb/srp_top/mutations/wtsp-prio-rank-swapped.patch", "passed": true, "rc": 0, "diagnostic": ""}
{"group": "patch", "name": "tb/srp_top/mutations/wtsp-rank-dropped.patch", "passed": true, "rc": 0, "diagnostic": ""}
{"group": "patch", "name": "tb/srp_top/mutations/wtsp-read-at-gate-source.patch", "passed": true, "rc": 0, "diagnostic": ""}
{"group": "patch", "name": "tb/srp_top/mutations/wtsp-read-at-source-0.patch", "passed": true, "rc": 0, "diagnostic": ""}
{"group": "patch", "name": "tb/srp_top/mutations/wtsp-write-ignores-ready.patch", "passed": true, "rc": 0, "diagnostic": ""}
{"group": "plant", "name": "tb/pp_top/notify_mutants.py:ident_two_frames", "passed": true, "diagnostic": "", "planted_sha256": {"hdl/aecp/KL_aecp_notify.sv": "ca478b913712a4ce541a9686c97a4cd845fea8ec939886ad08af3d6e48b84512"}}
{"group": "plant", "name": "tb/pp_top/notify_mutants.py:ident_seq_per_frame", "passed": true, "diagnostic": "", "planted_sha256": {"hdl/aecp/KL_aecp_notify.sv": "7e5f39b2e570ec6b147a4d08cef6ddb0d6d0819f9842cf220fc52901aa58984f"}}
{"group": "plant", "name": "tb/pp_top/notify_mutants.py:ident_no_rearm", "passed": true, "diagnostic": "", "planted_sha256": {"hdl/aecp/KL_aecp_notify.sv": "9c70f9f1fbfed0bb57bad13f31cbfd07950179f7d038021aa91b164999101933"}}
{"group": "plant", "name": "tb/pp_top/notify_mutants.py:ident_rearm_from_third_frame", "passed": true, "diagnostic": "", "planted_sha256": {"hdl/aecp/KL_aecp_notify.sv": "cf10a60c858fbe09d616a953d1e9a6c8dbef80e483868c55d187983de07eb686"}}
{"group": "plant", "name": "tb/pp_top/notify_mutants.py:ident_burst_100ms", "passed": true, "diagnostic": "", "planted_sha256": {"hdl/aecp/KL_aecp_notify.sv": "4edbdb53c5f46bc50c14241ecf2bfc3f18fe3658d2bd58fa20db19d6e778ef83"}}
{"group": "plant", "name": "tb/pp_top/notify_mutants.py:ident_t0_at_request", "passed": true, "diagnostic": "", "planted_sha256": {"hdl/aecp/KL_aecp_notify.sv": "f6b35cb2bf41431e92c41af60d8964eb2121af9c0422912576da311e4f460a11"}}
{"group": "plant", "name": "tb/pp_top/notify_mutants.py:ident_burst_from_t0", "passed": true, "diagnostic": "", "planted_sha256": {"hdl/aecp/KL_aecp_notify.sv": "a3a89516ce5b38100c606638526060bbd300153f1c8ee8efb0d655972d059b04"}}
{"group": "plant", "name": "tb/pp_top/notify_mutants.py:ident_departure_is_retirement", "passed": true, "diagnostic": "", "planted_sha256": {"hdl/aecp/KL_aecp_notify.sv": "d0ddd1df3944fad007eb6cee9e6df3184841213272a450b7944e86b7281a7b10"}}
{"group": "plant", "name": "tb/pp_top/notify_mutants.py:ident_departure_unwired", "passed": true, "diagnostic": "", "planted_sha256": {"hdl/top/protocol_processor_top.sv": "2dc5eaabe29c6316927582a58314109d1f8837bb1dddb2db888f1b81d76b4926"}}
{"group": "plant", "name": "tb/pp_top/notify_mutants.py:ident_next_burst_at_once", "passed": true, "diagnostic": "", "planted_sha256": {"hdl/aecp/KL_aecp_notify.sv": "b7cbcfdc8b4411ea373a76871022e51d423c4c7c315a193cbd165a24254013d7"}}
{"group": "plant", "name": "tb/pp_top/notify_mutants.py:ident_wait_ignores_gap", "passed": true, "diagnostic": "", "planted_sha256": {"hdl/aecp/KL_aecp_notify.sv": "1bfd346637b1da250dbea902d10f974d15c22893d2a13b87b3796ec66164ec9b"}}
{"group": "plant", "name": "tb/pp_top/notify_mutants.py:ident_press_not_latched", "passed": true, "diagnostic": "", "planted_sha256": {"hdl/aecp/KL_aecp_notify.sv": "6f6efcf26d27664498c7f0f56aa0d36e7559d683584cfcea71415844d2aa147f"}}
{"group": "plant", "name": "tb/pp_top/notify_mutants.py:ident_burst_press_not_latched", "passed": true, "diagnostic": "", "planted_sha256": {"hdl/aecp/KL_aecp_notify.sv": "6d1e2ef37ad568028ed240fb4c1d03b5b7a9f414cc4051b419d95316aef29ae6"}}
{"group": "plant", "name": "tb/pp_top/notify_mutants.py:ident_departure_ignores_ready", "passed": true, "diagnostic": "", "planted_sha256": {"hdl/top/protocol_processor_top.sv": "2b3613ccae4f9fc635baba940353091c84ec3aee846967e394ff3e7e6104dd8e"}}
{"group": "plant", "name": "tb/pp_top/notify_mutants.py:ident_burst_deadline_one_tick_short", "passed": true, "diagnostic": "", "planted_sha256": {"hdl/aecp/KL_aecp_notify.sv": "57ecd7fd63cd5b35326d1dc05d113e039f2027c5fad2597d24494ad9987e3211"}}
{"group": "plant", "name": "tb/pp_top/notify_mutants.py:ident_t0_same_ms", "passed": true, "diagnostic": "", "planted_sha256": {"hdl/aecp/KL_aecp_notify.sv": "34bec91850986aaba32cf8aa7d54d860843339abd71c48d82033717731c61901"}}
{"group": "plant", "name": "tb/pp_top/notify_mutants.py:ident_cut_on_release", "passed": true, "diagnostic": "", "planted_sha256": {"hdl/aecp/KL_aecp_notify.sv": "40dd734c934306c5dab710ba237d6fee055b5c526c6e307c813074b129ae0f91"}}
{"group": "plant", "name": "tb/pp_top/notify_mutants.py:ident_release_ignored", "passed": true, "diagnostic": "", "planted_sha256": {"hdl/aecp/KL_aecp_notify.sv": "f798315fa569324cc54c075e2ff90be4de87ee5d89d58688491cc506c45a1042"}}
{"group": "plant", "name": "tb/pp_top/notify_mutants.py:ident_unicast_da", "passed": true, "diagnostic": "", "planted_sha256": {"hdl/aecp/KL_aecp_notify.sv": "d09ac3c953913901f097944fbd31fea5c0f1d7d6cbe49ccff228c1951293dc2a"}}
{"group": "plant", "name": "tb/pp_top/notify_mutants.py:ident_face_taken_mid_job", "passed": true, "diagnostic": "", "planted_sha256": {"hdl/aecp/KL_aecp_notify.sv": "d758581fd4ae9ee4d02d75cc6ea5557703b9c97d4eab13de2e9b32aaa65e3a4d"}}
{"group": "plant", "name": "tb/pp_top/notify_mutants.py:ident_built_at_default", "passed": true, "diagnostic": "", "planted_sha256": {"hdl/top/protocol_processor_top.sv": "19452a02875ae740b50b8360483d43b35873b79844792e54e4d97769c73b474f"}}
{"group": "plant", "name": "tb/pp_top/notify_mutants.py:enq_dropped_configuration", "passed": true, "diagnostic": "", "planted_sha256": {"hdl/aecp/ucode/gen_ucode.py": "5154447d8e6316bdc00e80dac25fd8ee7a260f20c80e9e9efd0abef62ef0e223"}}
{"group": "plant", "name": "tb/pp_top/notify_mutants.py:enq_dropped_stream_info", "passed": true, "diagnostic": "", "planted_sha256": {"hdl/aecp/ucode/gen_ucode.py": "1c97145726006d7a42f8e1caafad6ff2f0da787720c7b136ec35c259507471d9"}}
{"group": "plant", "name": "tb/pp_top/notify_mutants.py:class_4_mapped_to_rate", "passed": true, "diagnostic": "", "planted_sha256": {"hdl/aecp/KL_aecp_notify.sv": "f6b38806f5c8b64fddbd9f66f3fb301410d6467de9fba178799a7a8765dd2050"}}
{"group": "plant", "name": "tb/pp_top/notify_mutants.py:class_9_mapped_to_control", "passed": true, "diagnostic": "", "planted_sha256": {"hdl/aecp/KL_aecp_notify.sv": "4066ca51df12c7fbb1b0d8931ae9c3fee5be0315a3d635888b719e0af4a1d30e"}}
{"group": "plant", "name": "tb/pp_top/notify_mutants.py:requester_not_excluded", "passed": true, "diagnostic": "", "planted_sha256": {"hdl/aecp/KL_aecp_notify.sv": "3fafbb7ec12045cccc8c85b531662c5ea4acc6113eaee0f94bd9a83bdcb4d33f"}}
{"group": "plant", "name": "tb/pp_top/notify_mutants.py:entry_seq_not_advanced", "passed": true, "diagnostic": "", "planted_sha256": {"hdl/aecp/KL_aecp_notify.sv": "f8af0fab4a6bd1aa86c49a37d02b7b689bd40f0719632fafb12ee2b717ebcb52"}}
{"group": "plant", "name": "tb/pp_top/notify_mutants.py:stream_info_get_body", "passed": true, "diagnostic": "", "planted_sha256": {"hdl/aecp/KL_aecp_engine.sv": "cfe9214ca72c74708b06c549da53b72a6ace11a0095d675942318d53e8a85eb4"}}
{"group": "plant", "name": "tb/pp_top/notify_mutants.py:counter_limit_500ms", "passed": true, "diagnostic": "", "planted_sha256": {"hdl/aecp/KL_aecp_notify.sv": "b44d0ba46b078d380cff5620b731bcda4cc4e715c73ee3ea330dfa17334801b5"}}
{"group": "plant", "name": "tb/pp_top/notify_mutants.py:fan_out_skips_row_0", "passed": true, "diagnostic": "", "planted_sha256": {"hdl/aecp/KL_aecp_notify.sv": "ca99f772e4c59260a5b3dd376084528e7900c66a857945eb3ff3255a24ebbaa6"}}
{"group": "plant", "name": "tb/pp_top/notify_mutants.py:refresh_resets_seq", "passed": true, "diagnostic": "", "planted_sha256": {"hdl/aecp/KL_aecp_notify.sv": "94f2f308c6ab8278b58b435184b5ad0b6f214d702db36873fbd009d24cb9992f"}}
{"group": "plant", "name": "tb/pp_top/notify_mutants.py:foreign_unlock_allowed", "passed": true, "diagnostic": "", "planted_sha256": {"hdl/aecp/KL_aecp_notify.sv": "f37bcd827e4186a308ae40c4358c7e7ec82beb5e25b5eae6e36aed6d455c3a57"}}
{"group": "plant", "name": "tb/pp_top/notify_mutants.py:lock_taker_notified", "passed": true, "diagnostic": "", "planted_sha256": {"hdl/aecp/KL_aecp_notify.sv": "b803558ff746a78ceaf52e07362e0d7fe99497cdb57ee744348ce8fc8fc741e3"}}
{"group": "plant", "name": "tb/pp_top/notify_mutants.py:deregister_keeps_row", "passed": true, "diagnostic": "", "planted_sha256": {"hdl/aecp/KL_aecp_notify.sv": "72b09a7e89ac94e988637bc5cbe2fe146caaeddbef70e355cb07d1cafa924c0b"}}
{"group": "plant", "name": "tb/pp_top/notify_mutants.py:registry_holds_15", "passed": true, "diagnostic": "", "planted_sha256": {"hdl/aecp/KL_aecp_notify.sv": "d2659bf788fee1f7d574e18dd98637e7d80af0994183becf58c703698fd5c1ec"}}
{"group": "plant", "name": "tb/pp_top/notify_mutants.py:set_control_ignores_lock", "passed": true, "diagnostic": "", "planted_sha256": {"hdl/aecp/ucode/gen_ucode.py": "d2401ddf71bfbcd04847c7e2bd35552078465c9b4b98e7ac2b81734d645b9b56"}}
{"group": "plant", "name": "tb/pp_top/notify_mutants.py:inflight_highest_free_id", "passed": true, "diagnostic": "", "planted_sha256": {"hdl/packet_engine/KL_pp_originator.sv": "d37db712f706852ae85e94d6b8ef882c75ebe391f1d47c3ce58ac4844ebb1ede"}}
{"group": "plant", "name": "tb/pp_top/notify_mutants.py:inflight_match_ignores_seq", "passed": true, "diagnostic": "", "planted_sha256": {"hdl/packet_engine/KL_pp_originator.sv": "924110cd4764cd55f4a76fd7612a2967c7a7e21a079ce199db1ab3e05b16e52c"}}
{"group": "plant", "name": "tb/pp_top/notify_mutants.py:inflight_cancel_keeps_timer", "passed": true, "diagnostic": "", "planted_sha256": {"hdl/packet_engine/KL_pp_originator.sv": "6c124bcaafb7d7fb03ee63a724816c847fe8af50ec305470614bfb9ffa5b39e6"}}
{"group": "plant", "name": "tb/pp_top/notify_mutants.py:inflight_shared_seq", "passed": true, "diagnostic": "", "planted_sha256": {"hdl/packet_engine/KL_pp_originator.sv": "5aea163f6734e0dea0ca272377fdf105f2e04ffed03aaf67bcc53154b422f0d0"}}
{"group": "plant", "name": "tb/pp_top/notify_mutants.py:ix_old_identity_kept", "passed": true, "diagnostic": "", "planted_sha256": {"hdl/aecp/KL_aecp_notify.sv": "7bf134e6b1d61759c8e3e677bc52ebc243ef7c057550d748f06bb6e3fd285e7a"}}
{"group": "plant", "name": "tb/pp_top/notify_mutants.py:ix_new_identity_unset", "passed": true, "diagnostic": "", "planted_sha256": {"hdl/aecp/KL_aecp_notify.sv": "0ee68e011f28873ec61848c35c45ee775965027d55a185eb69ad6b29f6c3571e"}}
{"group": "plant", "name": "tb/pp_top/notify_mutants.py:ix_last_chunk_ignored", "passed": true, "diagnostic": "", "planted_sha256": {"hdl/aecp/KL_aecp_notify.sv": "b609968edf14bfcfa076bdc5f58fd57910143ce58b9291b21000f19a7b622119"}}
{"group": "plant", "name": "tb/pp_top/notify_mutants.py:ix_rewrite_unmatched", "passed": true, "diagnostic": "", "planted_sha256": {"hdl/aecp/KL_aecp_notify.sv": "cf9fe119af67f3a05330df70756cb5319346e60860c52c966c2bd49daf51705d"}}
{"group": "plant", "name": "tb/pp_top/notify_mutants.py:override_set_only", "passed": true, "diagnostic": "", "planted_sha256": {"hdl/aecp/KL_aecp_notify.sv": "59a72e400d7912f949f27fbda556047bb915282cff48557e5c531c672eaf0fb6"}}
{"group": "plant", "name": "tb/pp_top/notify_mutants.py:own_compare_new_row", "passed": true, "diagnostic": "", "planted_sha256": {"hdl/aecp/KL_aecp_notify.sv": "9d0499873a6e91fdaae88af6b7263cb85d43e0d12a3776b2d17a84c227e34b2a"}}
{"group": "plant", "name": "tb/pp_top/notify_mutants.py:stamp_read_without_valid", "passed": true, "diagnostic": "", "planted_sha256": {"hdl/aecp/KL_aecp_notify.sv": "92e84d8f91a1aecef818bef5607c1f2b4be691ffb18005bd20f9b51d43a766a4"}}
{"group": "plant", "name": "tb/pp_top/notify_mutants.py:counter_spacing_from_selection", "passed": true, "diagnostic": "", "planted_sha256": {"hdl/aecp/KL_aecp_notify.sv": "ab016babc8921ac1d9586037738fd01b195e1a1d9951ba513065946ec81b6176"}}
{"group": "plant", "name": "tb/pp_top/notify_mutants.py:counter_spacing_from_selection_tw", "passed": true, "diagnostic": "", "planted_sha256": {"hdl/aecp/KL_aecp_notify.sv": "ab016babc8921ac1d9586037738fd01b195e1a1d9951ba513065946ec81b6176"}}
{"group": "plant", "name": "tb/pp_top/notify_mutants.py:counter_stamp_at_send_only", "passed": true, "diagnostic": "", "planted_sha256": {"hdl/aecp/KL_aecp_notify.sv": "cde59804ea43a37f5e39b3d5f6aa20d1ce6eb0ed362fa5d8235f4806823d1102"}}
{"group": "plant", "name": "tb/pp_top/notify_mutants.py:counter_stamp_first_job_only", "passed": true, "diagnostic": "", "planted_sha256": {"hdl/aecp/KL_aecp_notify.sv": "c1e79e565200ecc452285ca8845360f9ae0f5a9b81e9c6a986a9934898dde6aa"}}
{"group": "plant", "name": "tb/pp_top/notify_mutants.py:counter_limit_500ms_cs", "passed": true, "diagnostic": "", "planted_sha256": {"hdl/aecp/KL_aecp_notify.sv": "b44d0ba46b078d380cff5620b731bcda4cc4e715c73ee3ea330dfa17334801b5"}}
{"group": "plant", "name": "tb/pp_top/notify_mutants.py:registry_holds_15_cs", "passed": true, "diagnostic": "", "planted_sha256": {"hdl/aecp/KL_aecp_notify.sv": "d2659bf788fee1f7d574e18dd98637e7d80af0994183becf58c703698fd5c1ec"}}
{"group": "plant", "name": "tb/pp_top/notify_mutants.py:dereg_mid_round_no_hold", "passed": true, "diagnostic": "", "planted_sha256": {"hdl/aecp/KL_aecp_notify.sv": "4887d8bc63fbf5c1711e6f8d645ceeabaa3cba1e12ba4db709ed263f8328b3e8"}}
{"group": "plant", "name": "tb/pp_top/notify_mutants.py:dereg_pending_stops_follow", "passed": true, "diagnostic": "", "planted_sha256": {"hdl/aecp/KL_aecp_notify.sv": "c17564f69e16e7ccf0dc3e13e4149f4d8c5ad5488b05d8ddcde291185d75d71a"}}
{"group": "plant", "name": "tb/pp_top/notify_mutants.py:dereg_lost_at_round_end", "passed": true, "diagnostic": "", "planted_sha256": {"hdl/aecp/KL_aecp_notify.sv": "5ecd0d118c09915fead4e03aa798c2f26874b21f584e1cb371f0db4288b035d7"}}
{"group": "plant", "name": "tb/pp_top/d3_mutants.py:hold_released_at_go", "passed": true, "diagnostic": "", "planted_sha256": {"hdl/aecp/KL_aecp_nvm_writer.sv": "5cb5c322fb8a6c078ff528d7d2924eccdf586094c4c2977ac9ff2a5aa1c3ffc0"}}
{"group": "plant", "name": "tb/pp_top/d3_mutants.py:dispatch_not_held", "passed": true, "diagnostic": "", "planted_sha256": {"hdl/aecp/KL_aecp_engine.sv": "afc7faf030c987b0f0cf5a60e15425ba744cf88d43b4f182fe28d4f69d66464c"}}
{"group": "plant", "name": "tb/pp_top/d3_mutants.py:own_taken_at_the_walk", "passed": true, "diagnostic": "", "planted_sha256": {"hdl/aecp/KL_aecp_nvm_writer.sv": "fc578d55a2d472dc75e0b3329ac9ee8027f1f69f3a3f07a99558a24ac5394277"}}
{"group": "plant", "name": "tb/pp_top/d3_mutants.py:image_unproven_continues", "passed": true, "diagnostic": "", "planted_sha256": {"hdl/aecp/KL_aecp_nvm_writer.sv": "14f00cc603cb18c5003970016efe001c02d8d437fc751689fe605c24411aff01"}}
{"group": "plant", "name": "tb/pp_top/d3_mutants.py:latch_ignores_program", "passed": true, "diagnostic": "", "planted_sha256": {"hdl/aecp/KL_aecp_nvm_writer.sv": "55aed7718ba710a97f45327ebbcd5c2fdbeb4e17f98ee5adc5aeddd394a29dd1"}}
{"group": "plant", "name": "tb/pp_top/d3_mutants.py:TRG_cfg", "passed": true, "diagnostic": "", "planted_sha256": {"hdl/aecp/KL_aecp_nvm_writer.sv": "d174769ed570fdcd571bbf989d335eafe98323ce3a13870250e7576cee5d15e8"}}
{"group": "plant", "name": "tb/pp_top/d3_mutants.py:TRG_rate", "passed": true, "diagnostic": "", "planted_sha256": {"hdl/aecp/KL_aecp_nvm_writer.sv": "00a2bc4f2594bcc01bd039a8691823761e5ffc975f6e1b2631dbfe6fd3fcffeb"}}
{"group": "plant", "name": "tb/pp_top/d3_mutants.py:TRG_clks", "passed": true, "diagnostic": "", "planted_sha256": {"hdl/aecp/KL_aecp_nvm_writer.sv": "57434fb9bea97f270459561f76dba9669a5769da5d7e65a870b0badedf8e7c6e"}}
{"group": "plant", "name": "tb/pp_top/d3_mutants.py:TRG_fmti", "passed": true, "diagnostic": "", "planted_sha256": {"hdl/aecp/KL_aecp_nvm_writer.sv": "aec34dfaf9464a59d93609df97d1c083e40a91763df8bb1d531666b431354aa8"}}
{"group": "plant", "name": "tb/pp_top/d3_mutants.py:TRG_fmto", "passed": true, "diagnostic": "", "planted_sha256": {"hdl/aecp/KL_aecp_nvm_writer.sv": "cb510e77c04f6fbd7a909edbd9609c8947af4fba8d82ebbd6a9cd628c82eadf3"}}
{"group": "plant", "name": "tb/pp_top/d3_mutants.py:TRG_ptof", "passed": true, "diagnostic": "", "planted_sha256": {"hdl/aecp/KL_aecp_nvm_writer.sv": "3bee073fc50e2d631fb69593c59bb9e69832ccf2974e6716fc617580cc075b4b"}}
{"group": "plant", "name": "tb/pp_top/d3_mutants.py:taint_ignored", "passed": true, "diagnostic": "", "planted_sha256": {"hdl/aecp/KL_aecp_nvm_writer.sv": "e0ff6831ec0a99c37edd6bd3ea2da1bdb5768c5d1ddc5610b358bdacc81a8b95"}}
{"group": "plant", "name": "tb/pp_top/d3_mutants.py:clear_wins_same_edge", "passed": true, "diagnostic": "", "planted_sha256": {"hdl/aecp/KL_aecp_nvm_writer.sv": "674a73eee24ea733a5cae506cd104b2be1ee9b5183219e857af60d512eb11cc6"}}
{"group": "plant", "name": "tb/pp_top/d3_mutants.py:clear_by_group", "passed": true, "diagnostic": "", "planted_sha256": {"hdl/aecp/KL_aecp_nvm_writer.sv": "46b86e29eeefb4acf3a1392161eda51511c46502a263740f60a8f7a1e8de32a0"}}
{"group": "plant", "name": "tb/pp_top/d3_mutants.py:clear_by_index", "passed": true, "diagnostic": "", "planted_sha256": {"hdl/aecp/KL_aecp_nvm_writer.sv": "085728faf8be54aaedcbb39775f2326e6ee6651904ca5e9704266d6f7f5ed04a"}}
{"group": "plant", "name": "tb/pp_top/d3_mutants.py:identify_is_a_change", "passed": true, "diagnostic": "", "planted_sha256": {"hdl/aecp/KL_aecp_nvm_writer.sv": "84cac6055d4181b8a4357275ddadf4201e1b5976a5d161f65effcd89b0b9ea6d", "hdl/aecp/KL_aecp_dyn_state.sv": "5d836a22a0f189941fa264b95d4520366d636d1d42ca1c07e01a1f316cd7f57d"}}
{"group": "plant", "name": "tb/pp_top/d3_mutants.py:unchanged_compare_ignores_validity", "passed": true, "diagnostic": "", "planted_sha256": {"hdl/aecp/KL_aecp_dyn_state.sv": "c72e81dc96e8e392eaabafe7690f3491ff39b347d36ad30fdba5864562bba1d9"}}
{"group": "plant", "name": "tb/pp_top/d3_mutants.py:RPL_cfg", "passed": true, "diagnostic": "", "planted_sha256": {"hdl/aecp/KL_aecp_nvm_writer.sv": "b278a427922e232a2cd4ea6e0cf24abb7cacd0b304baa4186ee12cfbfd73e8f3"}}
{"group": "plant", "name": "tb/pp_top/d3_mutants.py:RPL_rate", "passed": true, "diagnostic": "", "planted_sha256": {"hdl/aecp/KL_aecp_nvm_writer.sv": "dcf725b7178fbef7e217bb9dfabe8bd160e435521629d7e106d0bc5089fb211c"}}
{"group": "plant", "name": "tb/pp_top/d3_mutants.py:RPL_clks", "passed": true, "diagnostic": "", "planted_sha256": {"hdl/aecp/KL_aecp_nvm_writer.sv": "9360a00956acd16098f86efe0a42cf1778b8c04daa209218d91d0ab0d6fa4cb1"}}
{"group": "plant", "name": "tb/pp_top/d3_mutants.py:RPL_fmti", "passed": true, "diagnostic": "", "planted_sha256": {"hdl/aecp/KL_aecp_nvm_writer.sv": "838a8bfb2b97cb377463b3a3fac4d317ba54eadc9afd3bb6db7ab25e339fb2fe"}}
{"group": "plant", "name": "tb/pp_top/d3_mutants.py:RPL_fmto", "passed": true, "diagnostic": "", "planted_sha256": {"hdl/aecp/KL_aecp_nvm_writer.sv": "51b49bf2cd0a2fd8f5659fa2a0a4a88574123b587cd9e6d6577c5911fc711b6b"}}
{"group": "plant", "name": "tb/pp_top/d3_mutants.py:RPL_ptof", "passed": true, "diagnostic": "", "planted_sha256": {"hdl/aecp/KL_aecp_nvm_writer.sv": "a773318ff16247fec6eb67d5f6f47331d8dc52ac732c66e8b297d82463b58a8d"}}
{"group": "plant", "name": "tb/pp_top/d3_mutants.py:rule_ignored", "passed": true, "diagnostic": "", "planted_sha256": {"hdl/aecp/KL_aecp_nvm_writer.sv": "7ae4cad904e2d0397da91201cb604ccdfcfbbbef26bec30ee349ee2d0cfbf53b"}}
{"group": "plant", "name": "tb/pp_top/d3_mutants.py:passes_may_disagree", "passed": true, "diagnostic": "", "planted_sha256": {"hdl/aecp/KL_aecp_nvm_writer.sv": "c9df6792b84334225b783c9b796fe6e8e786b51900eea0390e55562c41d61303"}}
{"group": "plant", "name": "tb/pp_top/d3_mutants.py:device_error_reads_as_blank", "passed": true, "diagnostic": "", "planted_sha256": {"hdl/aecp/KL_aecp_nvm_writer.sv": "1831cd34b3d9b16d6bce517d705b0b327a020ba529b9be38ef523f8f58fbe9d2"}}
{"group": "plant", "name": "tb/pp_top/d3_mutants.py:unframed_reads_as_device_error", "passed": true, "diagnostic": "", "planted_sha256": {"hdl/aecp/KL_aecp_nvm_writer.sv": "fc00da8a04c28cb15aa2acd2d019f77db2e49ee0a28397558ca0f43db2a9c3e8"}}
{"group": "plant", "name": "tb/pp_top/d3_mutants.py:desc_error_is_a_refusal", "passed": true, "diagnostic": "", "planted_sha256": {"hdl/aecp/KL_aecp_nvm_writer.sv": "0117506307ea3118b1d35700d40e16eb056b1a7d6101b6bccbc80e3324beb0a6"}}
{"group": "plant", "name": "tb/pp_top/d3_mutants.py:no_restore_watchdog", "passed": true, "diagnostic": "", "planted_sha256": {"hdl/aecp/KL_aecp_nvm_writer.sv": "2a8ac5ffdc9ae43f89506a4cc5c2eff3dac009f97bbd5e18daf09c22a5e29a70"}}
{"group": "plant", "name": "tb/pp_top/d3_mutants.py:restore_writes_are_changes", "passed": true, "diagnostic": "", "planted_sha256": {"hdl/aecp/KL_aecp_engine.sv": "f37794efa4ae2fb0b632dcbacc2857c047d011b4969de0ff6a2ba1ba32230651"}}
{"group": "plant", "name": "tb/pp_top/d3_mutants.py:enable_not_released_by_restore", "passed": true, "diagnostic": "", "planted_sha256": {"hdl/top/protocol_processor_top.sv": "da8698379454fd0eb96dd32e60a641381d369c4b5c88a0e9c28c246a902d1e32"}}
{"group": "plant", "name": "tb/pp_top/d3_mutants.py:done_without_d3", "passed": true, "diagnostic": "", "planted_sha256": {"hdl/top/protocol_processor_top.sv": "63a67b684f417944b7c9295f8b0d2b0e412402d6030f8f34a9f948ee1befb8a1"}}
{"group": "plant", "name": "tb/pp_top/d3_mutants.py:blank_ignores_d3", "passed": true, "diagnostic": "", "planted_sha256": {"hdl/top/protocol_processor_top.sv": "1bd79b4c24aba85bc2bec394ab8b9a82f78e00617b18c49572d6d499ea88e632"}}
{"group": "plant", "name": "tb/pp_top/d3_mutants.py:store_not_cleared", "passed": true, "diagnostic": "", "planted_sha256": {"hdl/aecp/KL_aecp_dyn_state.sv": "e543c4ffd4d6f07d7c4334c21afac3ae99fbc51fc1b1d915d41db19bf703fc2e"}}
{"group": "plant", "name": "tb/pp_top/d3_mutants.py:valid_not_cleared", "passed": true, "diagnostic": "", "planted_sha256": {"hdl/aecp/KL_aecp_dyn_state.sv": "63b0145596a88b16a80bd4f88fd774013e17f3bd6c33c92ae65a27571d11e485"}}
{"group": "plant", "name": "tb/pp_top/d3_mutants.py:quarantine_released_by_time", "passed": true, "diagnostic": "", "planted_sha256": {"hdl/packet_engine/KL_pp_nvm_mgr_arb.sv": "82366a0af9c66dd745fe719df63801702fd0d713c3c398438085ad55d8d50cc3"}}
{"group": "plant", "name": "tb/pp_top/d3_mutants.py:no_rollback", "passed": true, "diagnostic": "", "planted_sha256": {"hdl/aecp/KL_aecp_nvm_writer.sv": "4bbfc973810d007d1b5568ca9fa0cc699151ea513d986e9d5d6ca2834d37bdf4"}}
{"group": "plant", "name": "tb/pp_top/d3_mutants.py:dyn_not_rolled_back", "passed": true, "diagnostic": "", "planted_sha256": {"hdl/aecp/KL_aecp_engine.sv": "e554d6b05575bc44d534138c168fa3fb891d3eb06efc91327a7827860c0723de"}}
{"group": "plant", "name": "tb/pp_top/d3_mutants.py:store_not_rolled_back", "passed": true, "diagnostic": "", "planted_sha256": {"hdl/aecp/KL_aecp_engine.sv": "29c5e13df48e06e0e1cfb6f2e73f90dab8e0c8e0aa2df3f5747cce8988754b16"}}
{"group": "plant", "name": "tb/pp_top/d3_mutants.py:rollback_ignores_debt", "passed": true, "diagnostic": "", "planted_sha256": {"hdl/aecp/KL_aecp_nvm_writer.sv": "870569027ff9e5351153aa1f34b915b775f55697eaef2418308cd1e5a6807908"}}
{"group": "plant", "name": "tb/pp_top/d3_mutants.py:closed_releases_the_entity", "passed": true, "diagnostic": "", "planted_sha256": {"hdl/aecp/KL_aecp_nvm_writer.sv": "97b4dd0befde7b1d621548a9676587e87295f87352d00ee81f7cf2c3bfe68c7e"}}
{"group": "plant", "name": "tb/pp_top/d3_mutants.py:no_backoff_d3", "passed": true, "diagnostic": "", "planted_sha256": {"hdl/aecp/KL_aecp_nvm_writer.sv": "cb904cee9c3e34b0ae8d7305c487e904ba01a367921fec9302a54bc58a87d552"}}
{"group": "plant", "name": "tb/pp_top/d3_mutants.py:fourth_attempt", "passed": true, "diagnostic": "", "planted_sha256": {"hdl/aecp/KL_aecp_nvm_writer.sv": "0672a84e090de9698ca07088e4ff123d5bcd5fe788e35afcc4553d8603c02d2c"}}
{"group": "plant", "name": "tb/pp_top/d3_mutants.py:alarm_forgiven_by_success", "passed": true, "diagnostic": "", "planted_sha256": {"hdl/aecp/KL_aecp_nvm_writer.sv": "d1575f81ad5e43fb40a5dde7258e9e977749aa0c29eb03bfa09725e5e2c3b991"}}
{"group": "plant", "name": "tb/pp_top/d3_mutants.py:no_backoff_binding", "passed": true, "diagnostic": "", "planted_sha256": {"hdl/acmp/KL_acmp_nvm_shadow.sv": "caab2860cae1f1002234f5dfc197c3030566fb45d9d263f0f6b95196d13d4717"}}
{"group": "plant", "name": "tb/pp_top/d3_mutants.py:fourth_attempt_binding", "passed": true, "diagnostic": "", "planted_sha256": {"hdl/acmp/KL_acmp_nvm_shadow.sv": "d00bd2e0fd6544a6856243cc6061d62235c4d03f5129418aaa68cd7026b130f3"}}
{"group": "plant", "name": "tb/pp_top/d3_mutants.py:alarm_forgiven_binding", "passed": true, "diagnostic": "", "planted_sha256": {"hdl/acmp/KL_acmp_nvm_shadow.sv": "283971084dddef0e04cdb6753adeaf03b92b86371a421925257890af1bfe41e9"}}
{"group": "plant", "name": "tb/pp_top/d3_mutants.py:backoff_derivation", "passed": true, "diagnostic": "", "planted_sha256": {"hdl/top/protocol_processor_top.sv": "db8bb83f72e49b8f504a9fcb10cf8a2c4f15a981d6dc0ee06201863ec121953f"}}
{"group": "plant", "name": "tb/pp_top/d3_mutants.py:backoff_holds_dispatch", "passed": true, "diagnostic": "", "planted_sha256": {"hdl/aecp/KL_aecp_nvm_writer.sv": "e7fcef276e413247493c77fb4176e9cf6c5d3c882541c5a899a3bf577360f1b1"}}
{"group": "plant", "name": "tb/pp_top/d3_mutants.py:disagree_one_direction", "passed": true, "diagnostic": "", "planted_sha256": {"hdl/aecp/KL_aecp_nvm_writer.sv": "571dad94b5055d070b2d0d41affda789036cf65575a989b2a23e1354e590867e"}}
{"group": "plant", "name": "tb/pp_top/d3_mutants.py:rollback_one_cycle", "passed": true, "diagnostic": "", "planted_sha256": {"hdl/aecp/KL_aecp_nvm_writer.sv": "21cb979f7b46f3156c187f794f11ff68baf710551cd7a216c73122c8752fb72a"}}
{"group": "plant", "name": "tb/pp_top/d3_mutants.py:pass1_read_not_drained", "passed": true, "diagnostic": "", "planted_sha256": {"hdl/aecp/KL_aecp_nvm_writer.sv": "56a2c4c3b7add6c851fbe38cd092ce27a5aea554d1615acb38958dcbcfbc0f5b"}}
{"group": "plant", "name": "tb/pp_top/d3_mutants.py:judge_wait_unwatched", "passed": true, "diagnostic": "", "planted_sha256": {"hdl/aecp/KL_aecp_nvm_writer.sv": "329ae5e2b8e5154d197f869d1eeb416bc6b4647f881db602e5c38c2ae0532a15"}}
{"group": "plant", "name": "tb/pp_top/d3_mutants.py:rate_walk_stuck_on_first_lane", "passed": true, "diagnostic": "", "planted_sha256": {"hdl/aecp/KL_aecp_nvm_writer.sv": "9ca1a548d706e5c64b1705e7b456b76d069c2e3a5fc152683c146d38ef5912fd"}}
{"group": "plant", "name": "tb/pp_top/d3_mutants.py:rate_walk_unbounded", "passed": true, "diagnostic": "", "planted_sha256": {"hdl/aecp/KL_aecp_nvm_writer.sv": "a8971a2f766858a5ba0f21a653003b2f1df87321845d3925dc4e1f638c6471f4"}}
{"group": "plant", "name": "tb/pp_top/d3_mutants.py:no_aggregate_deadline", "passed": true, "diagnostic": "", "planted_sha256": {"hdl/aecp/KL_aecp_nvm_writer.sv": "62ecdf22eb9b16120171ca8dbfc472f691f377beda8836852bb1eb2027996ba6"}}
{"group": "plant", "name": "tb/pp_top/d3_mutants.py:aggregate_mirrored", "passed": true, "diagnostic": "", "planted_sha256": {"hdl/top/protocol_processor_top.sv": "4450098118c2d64f297d98bd859f16defc28e3fc987d77b4000dad96f216dd9d"}}
{"group": "plant", "name": "tb/pp_top/d3_mutants.py:aggregate_from_the_walk", "passed": true, "diagnostic": "", "planted_sha256": {"hdl/aecp/KL_aecp_nvm_writer.sv": "d3c59ef1ddb896ff46e95da59806ed2dcaaa9c82746584ac1566e2d9ca1be4ad"}}
{"group": "plant", "name": "tb/pp_top/d3_mutants.py:per_wait_floor", "passed": true, "diagnostic": "", "planted_sha256": {"hdl/top/protocol_processor_top.sv": "b76eaf1c7c4dcc40472e68312b5d6ececeb7815836a18681b1fd3f8c7bc69ab0"}}
{"group": "plant", "name": "tb/pp_top/d3_mutants.py:agg_closes_before_proof", "passed": true, "diagnostic": "", "planted_sha256": {"hdl/aecp/KL_aecp_nvm_writer.sv": "e58ae62f5ea692beca63caa1300ae53908721a24d05fb811815388eb30641370"}}
{"group": "plant", "name": "tb/pp_top/d3_mutants.py:binding_walk_ignores_aggregate", "passed": true, "diagnostic": "", "planted_sha256": {"hdl/acmp/KL_acmp_nvm_shadow.sv": "a1498283fff8d36057e9b625935d5e2c87dca6a9cc0ec62d8afb56c3d8768529"}}
{"group": "plant", "name": "tb/pp_top/d3_mutants.py:proof_reads_records_past_bound", "passed": true, "diagnostic": "", "planted_sha256": {"hdl/aecp/KL_aecp_nvm_writer.sv": "7e15af1a616c660c014781616884cd32a6073c0feef276619a27e5f612ff4890"}}
{"group": "plant", "name": "tb/pp_top/d3_mutants.py:agg_not_in_rollback", "passed": true, "diagnostic": "", "planted_sha256": {"hdl/aecp/KL_aecp_nvm_writer.sv": "b738a4ecff8ebedbd3462fed05b4a9a17f4a13d37dfd50fed5b6f063427a16a3"}}
{"group": "plant", "name": "tb/pp_top/d3_mutants.py:agg_not_stopped_at_terminal", "passed": true, "diagnostic": "", "planted_sha256": {"hdl/aecp/KL_aecp_nvm_writer.sv": "6982b131b71de02394be4b5ac763708bbb8930e033b080e61ed065bf228c7fc0"}}
{"group": "plant", "name": "tb/pp_top/d3_mutants.py:agg_fires_with_event_in_hand", "passed": true, "diagnostic": "", "planted_sha256": {"hdl/aecp/KL_aecp_nvm_writer.sv": "a4aab39a0f10725d95e8564e55c284686e6d27fd96734bbc4e42588ad9633fd1"}}
{"group": "plant", "name": "tb/pp_top/d3_mutants.py:drain_misses_issue_cycle", "passed": true, "diagnostic": "", "planted_sha256": {"hdl/packet_engine/KL_pp_nvm_mgr_arb.sv": "88081830abab78f6827e5e2530743e9254ca2c16618378c06bbdc3b670166275"}}
{"group": "plant", "name": "tb/pp_top/d3_mutants.py:drain_misses_issue_cycle_m1", "passed": true, "diagnostic": "", "planted_sha256": {"hdl/packet_engine/KL_pp_nvm_mgr_arb.sv": "88081830abab78f6827e5e2530743e9254ca2c16618378c06bbdc3b670166275"}}
{"group": "plant", "name": "tb/pp_top/d3_mutants.py:issue_arm_cross_intent", "passed": true, "diagnostic": "", "planted_sha256": {"hdl/packet_engine/KL_pp_nvm_mgr_arb.sv": "c4cd6f00f35e15fd6362fc1ff73b8038a3d1cf15263f0e77641f2c7374cfe7a6"}}
{"group": "plant", "name": "tb/pp_top/d3_mutants.py:issue_arm_ignores_we", "passed": true, "diagnostic": "", "planted_sha256": {"hdl/packet_engine/KL_pp_nvm_mgr_arb.sv": "1257577c33c61b011012d9dbf5ffc307db03bd2afdbe4956db7f91a1392cfa51"}}
{"group": "plant", "name": "tb/pp_top/d3_mutants.py:issue_arm_write_too", "passed": true, "diagnostic": "", "planted_sha256": {"hdl/packet_engine/KL_pp_nvm_mgr_arb.sv": "c3a37832481a4d754eaccd732cae17d6a07b41105f7e152032da55716f8b1e4a"}}
{"group": "plant", "name": "tb/pp_top/d3_mutants.py:issue_arm_stale_we", "passed": true, "diagnostic": "", "planted_sha256": {"hdl/packet_engine/KL_pp_nvm_mgr_arb.sv": "cbd3aa9640d36737a97e736574e276e6fc9d22b643b2a86c21a5ae04efd7edb6"}}
{"group": "plant", "name": "tb/pp_top/d3_mutants.py:owned_arm_write_too", "passed": true, "diagnostic": "", "planted_sha256": {"hdl/packet_engine/KL_pp_nvm_mgr_arb.sv": "c54a9b44c4467f808ce558a0eb04511de0608039d62fa5c1e8e9734e1864496f"}}
{"group": "plant", "name": "tb/pp_top/d3_mutants.py:owned_arm_cross_intent", "passed": true, "diagnostic": "", "planted_sha256": {"hdl/packet_engine/KL_pp_nvm_mgr_arb.sv": "99724480b19d2c06ffdcf00c406264fd3623f5cbe015bff4ad8e8738868c966b"}}
{"group": "plant", "name": "tb/pp_top/d3_mutants.py:cross_own_m1_drains_m0", "passed": true, "diagnostic": "", "planted_sha256": {"hdl/packet_engine/KL_pp_nvm_mgr_arb.sv": "4b5988a6ce353f52b536024f4ec9a7572bfd3fc4b9aa084b3889baf25c98a6b1"}}
{"group": "plant", "name": "tb/pp_top/d3_mutants.py:agg_closes_during_proof", "passed": true, "diagnostic": "", "planted_sha256": {"hdl/aecp/KL_aecp_nvm_writer.sv": "0ce26345322f1d698ba9b687b349eaf9a94cd1c4ab62812f2aacdaf447243a82"}}
{"group": "plant", "name": "tb/pp_top/d3_mutants.py:proof_past_needs_fire", "passed": true, "diagnostic": "", "planted_sha256": {"hdl/aecp/KL_aecp_nvm_writer.sv": "b4c13cd095d0eb25e3d1c2ce8936ae30830646c5c861f9f342b33b1279124aef"}}
{"group": "plant", "name": "tb/pp_top/d3_mutants.py:proof_default_only_from_img", "passed": true, "diagnostic": "", "planted_sha256": {"hdl/aecp/KL_aecp_nvm_writer.sv": "84140a1e017915c1c86ca10a312e1e1e6480d4af9ceccd0a970cfc30a0de4a90"}}
{"group": "plant", "name": "tb/pp_top/d3_mutants.py:proof_past_bound_needs_fired", "passed": true, "diagnostic": "", "planted_sha256": {"hdl/aecp/KL_aecp_nvm_writer.sv": "5105aff7a8331b984d9e14a15f913186648f6ba2ed534cbbbec12aeec6ceb928"}}
{"group": "plant", "name": "tb/pp_top/d3_mutants.py:agg_o_pulse", "passed": true, "diagnostic": "", "planted_sha256": {"hdl/aecp/KL_aecp_nvm_writer.sv": "34f13c22a241fce83ff83a6d730b74fe36f7589c40ffbc8e991e19a89cafaa2f"}}
{"group": "plant", "name": "tb/pp_top/d3_mutants.py:aecp_hold_unbounded", "passed": true, "diagnostic": "", "planted_sha256": {"hdl/top/protocol_processor_top.sv": "d948e15e54860782195979aa1d3a6e5d665aaac56bdb6ab36196ff2dfe782c8c"}}
{"group": "plant", "name": "tb/pp_top/d3_mutants.py:held_drop_uncounted", "passed": true, "diagnostic": "", "planted_sha256": {"hdl/packet_engine/KL_pp_rx_validator.sv": "5af858409aaea39c4ad94af9aac5fa07d92146a62411fb90babe98445619c1a9"}}
{"group": "plant", "name": "tb/pp_top/d3_mutants.py:resident_never_returned", "passed": true, "diagnostic": "", "planted_sha256": {"hdl/top/protocol_processor_top.sv": "13f08a2bb44b4a5cffd374333e80675eccc076807baac68ecd1fbfecdb51c9c9"}}
{"group": "plant", "name": "tb/pp_top/d3_mutants.py:validator_admits_held_aecp", "passed": true, "diagnostic": "", "planted_sha256": {"hdl/packet_engine/KL_pp_rx_validator.sv": "d211a82c2a6366393ecd53d4e4faa032b4c821e8ee3ca91e37623ce53e6a824d"}}
{"group": "plant", "name": "tb/pp_top/d3_mutants.py:clks_row_two_bits", "passed": true, "diagnostic": "", "planted_sha256": {"hdl/aecp/KL_aecp_dyn_state.sv": "ea17a5d603aa6d677f925fed36fbd5b305c24b1fc43358172bfdc8adbd4aea89"}}
{"group": "plant", "name": "tb/pp_top/d3_mutants.py:clks_restore_count_narrowed", "passed": true, "diagnostic": "", "planted_sha256": {"hdl/aecp/KL_aecp_nvm_writer.sv": "71cf002a620c6f701402ee28c638f22000181280ec74a7d1fcd88900db437aea"}}
{"group": "plant", "name": "tb/pp_top/d3_mutants.py:clks_restore_index_narrowed", "passed": true, "diagnostic": "", "planted_sha256": {"hdl/aecp/KL_aecp_nvm_writer.sv": "7daffec75a20cbbd161adca8004a73909042b0ed151e431e946542eef922ea88"}}
{"group": "plant", "name": "tb/pp_top/d3_mutants.py:clks_restore_bound_inclusive", "passed": true, "diagnostic": "", "planted_sha256": {"hdl/aecp/KL_aecp_nvm_writer.sv": "ad8076fbcdd03b73456ad86e07fcc9c10b58385128f394d215af88d87dcecdbc"}}
{"group": "plant", "name": "tb/pp_top/d3_mutants.py:registry_survives_reset", "passed": true, "diagnostic": "", "planted_sha256": {"hdl/aecp/KL_aecp_notify.sv": "f9353a56881297f44e37b007c055c89f18632ec528327a7ed79097661f111990"}}
{"group": "plant", "name": "tb/pp_top/d3_mutants.py:lock_survives_reset", "passed": true, "diagnostic": "", "planted_sha256": {"hdl/aecp/KL_aecp_notify.sv": "98b42e9009862524becd25927fc69ec480f224e39100b35b122989f6301462a8"}}
{"group": "plant", "name": "tb/pp_top/d3_mutants.py:identify_survives_reset", "passed": true, "diagnostic": "", "planted_sha256": {"hdl/aecp/KL_aecp_dyn_state.sv": "0d5faa0f5a658e5f6a9539532d3043ae7693e783ff4796cb462d8bc8544f5a2d"}}
{"group": "plant", "name": "tb/pp_top/d3_mutants.py:cfg_crc_ignored", "passed": true, "diagnostic": "", "planted_sha256": {"hdl/aecp/KL_aecp_nvm_writer.sv": "a0959d06d84c5263c8d0b27343fb2e2f949864c39dd64a27810e1d769b081fd1"}}
{"group": "plant", "name": "tb/pp_top/d3_mutants.py:clks_crc_ignored", "passed": true, "diagnostic": "", "planted_sha256": {"hdl/aecp/KL_aecp_nvm_writer.sv": "bb75e58daba1b7a92b92fa25c62a1e6cd52b8bd2373444689888726aeb1dee97"}}
{"group": "plant", "name": "tb/pp_top/d3_mutants.py:torn_read_not_an_abort", "passed": true, "diagnostic": "", "planted_sha256": {"hdl/aecp/KL_aecp_nvm_writer.sv": "a8f4c0e1396845972bd6858d8448437b1a1e40fa7610e8dc4dd8e2a250a27d04"}}
{"group": "plant", "name": "tb/pp_top/d3_mutants.py:torn_read_not_an_abort_cfg", "passed": true, "diagnostic": "", "planted_sha256": {"hdl/aecp/KL_aecp_nvm_writer.sv": "a8f4c0e1396845972bd6858d8448437b1a1e40fa7610e8dc4dd8e2a250a27d04"}}
{"group": "plant", "name": "tb/pp_top/d3_mutants.py:frame_crc_ignored", "passed": true, "diagnostic": "", "planted_sha256": {"hdl/aecp/KL_aecp_nvm_writer.sv": "e6418eea0a659a7b211fdf5d22dfaa8605623c6a35aadef5a4a08c629d9a4b8b"}}
{"group": "plant", "name": "tb/pp_top/d3_mutants.py:blank_applies_zero", "passed": true, "diagnostic": "", "planted_sha256": {"hdl/aecp/KL_aecp_nvm_writer.sv": "ebed841ce57ec4e70c26c81bdb3511c3609e6902c631e61925abf5b0eec230c9"}}
{"group": "plant", "name": "tb/pp_top/d3_mutants.py:blank_applies_zero_cfg", "passed": true, "diagnostic": "", "planted_sha256": {"hdl/aecp/KL_aecp_nvm_writer.sv": "ebed841ce57ec4e70c26c81bdb3511c3609e6902c631e61925abf5b0eec230c9"}}
{"group": "plant", "name": "tb/pp_top/d3_mutants.py:TRG_name", "passed": true, "diagnostic": "", "planted_sha256": {"hdl/aecp/KL_aecp_nvm_writer.sv": "6fce29286c7e02259c82ce59fdf5b953da2878e907babe1ec7f9e32a051b0ccf"}}
{"group": "plant", "name": "tb/pp_top/d3_mutants.py:RPL_name", "passed": true, "diagnostic": "", "planted_sha256": {"hdl/aecp/KL_aecp_nvm_writer.sv": "aca6f131873b44a8dbaa63d5efe5141a7f51e77331ef59c529f2162f4bace59e"}}
{"group": "plant", "name": "tb/pp_top/d3_mutants.py:name_rule_ignored", "passed": true, "diagnostic": "", "planted_sha256": {"hdl/aecp/KL_aecp_nvm_writer.sv": "ad6cc3412519d05741c46b2c072c508330b252d45f8db035218e10c3d7916c88"}}
{"group": "plant", "name": "tb/pp_top/d3_mutants.py:name_empty_refused", "passed": true, "diagnostic": "", "planted_sha256": {"hdl/aecp/KL_aecp_nvm_writer.sv": "437f285e67c81f086e1c96602d22d9011b7644288da2e41d30d9ada219d85736"}}
{"group": "plant", "name": "tb/pp_top/d3_mutants.py:name_record_id_shifted", "passed": true, "diagnostic": "", "planted_sha256": {"hdl/aecp/KL_aecp_nvm_writer.sv": "55e0c8bca2b6e263bff80a64eb379508f505a6c9ef5da51950ff472465adec51"}}
{"group": "plant", "name": "tb/pp_top/d3_mutants.py:name_entry_shifted", "passed": true, "diagnostic": "", "planted_sha256": {"hdl/aecp/KL_aecp_nvm_writer.sv": "5d1eb9d0700513fcc00887a07ad08ddcc190bfa923c253fce26c2937b4476597"}}
{"group": "plant", "name": "tb/pp_top/d3_mutants.py:name_lanes_partial", "passed": true, "diagnostic": "", "planted_sha256": {"hdl/aecp/KL_aecp_nvm_writer.sv": "b38d0153f68b5674a2acf6bd2e2e7796e751a24378b9132bed763b3e18074ff1"}}
{"group": "plant", "name": "tb/pp_top/d3_mutants.py:name_taint_ignored", "passed": true, "diagnostic": "", "planted_sha256": {"hdl/aecp/KL_aecp_nvm_writer.sv": "afd5e81a5018b2cbe326d49412da499f8c53eda2e1a56ee8e8b3b214b9da3c60"}}
{"group": "plant", "name": "tb/pp_top/d3_mutants.py:name_restore_pulses", "passed": true, "diagnostic": "", "planted_sha256": {"hdl/aecp/KL_aecp_engine.sv": "f415f66dee6f6bdc01615a3c19c015921d0c99e68966250f2f2320ef347dd8ba"}}
{"group": "plant", "name": "tb/pp_top/d3_mutants.py:name_restore_is_a_change", "passed": true, "diagnostic": "", "planted_sha256": {"hdl/aecp/KL_aecp_engine.sv": "005e609a88136d2060c979dcafe7cfe243d6cc2638dce2c51370c3aa2a8760f4"}}
{"group": "plant", "name": "tb/pp_top/d3_mutants.py:names_before_the_image", "passed": true, "diagnostic": "", "planted_sha256": {"hdl/aecp/KL_aecp_nvm_writer.sv": "0335f392238ec23f968f5631b751d890c38691170b5bf0aa747d68f44fd06a3f"}}
{"group": "plant", "name": "tb/pp_top/d3_mutants.py:cut_binding_crc_ignored", "passed": true, "diagnostic": "", "planted_sha256": {"hdl/acmp/KL_acmp_nvm_shadow.sv": "5ec75c0f7b4def53c7a313cb935e6ee74f432d14504bee6a02a11c345af0a673"}}
{"group": "plant", "name": "tb/pp_top/d3_mutants.py:cut_frame_crc_ignored", "passed": true, "diagnostic": "", "planted_sha256": {"hdl/aecp/KL_aecp_nvm_writer.sv": "e6418eea0a659a7b211fdf5d22dfaa8605623c6a35aadef5a4a08c629d9a4b8b"}}
{"group": "plant", "name": "tb/pp_top/acmp_mutants.py:msg_ok_forced", "passed": true, "diagnostic": "", "planted_sha256": {"hdl/acmp/KL_pp_acmp_listener.sv": "a7715815691fcf8b1cad4fd974c6d6019a55ea4e4383396536d7d86610ab4e83"}}
{"group": "plant", "name": "tb/pp_top/acmp_mutants.py:msg_ok_forced", "passed": true, "diagnostic": "", "planted_sha256": {"hdl/acmp/KL_pp_acmp_listener.sv": "a7715815691fcf8b1cad4fd974c6d6019a55ea4e4383396536d7d86610ab4e83"}}
{"group": "plant", "name": "tb/pp_top/acmp_mutants.py:guard_ctlr_dropped", "passed": true, "diagnostic": "", "planted_sha256": {"hdl/acmp/KL_pp_acmp_listener.sv": "6fc71a3a0ca9b89cb9b08ba7d0867f150b22229b53d14e586de4f5ff8690e853"}}
{"group": "plant", "name": "tb/pp_top/acmp_mutants.py:guard_talker_eid_dropped", "passed": true, "diagnostic": "", "planted_sha256": {"hdl/acmp/KL_pp_acmp_listener.sv": "870077927858d21f11edeb353cc963d72c0348e31e99ac994748265c98ceb331"}}
{"group": "plant", "name": "tb/pp_top/acmp_mutants.py:guard_talker_uid_dropped", "passed": true, "diagnostic": "", "planted_sha256": {"hdl/acmp/KL_pp_acmp_listener.sv": "9ffc0337c5928c5ddcdc967d3f6531d35a3d011aefa1b3620144b2122b76e939"}}
{"group": "plant", "name": "tb/pp_top/acmp_mutants.py:cdl_not_44_rejected", "passed": true, "diagnostic": "", "planted_sha256": {"hdl/packet_engine/KL_pp_rx_validator.sv": "a6b90a701fe60c0d36d759db8e82aa2f681a8e81461defbc125a606bd6894254"}}
{"group": "plant", "name": "tb/pp_top/acmp_mutants.py:cdl_not_44_rejected", "passed": true, "diagnostic": "", "planted_sha256": {"hdl/packet_engine/KL_pp_rx_validator.sv": "a6b90a701fe60c0d36d759db8e82aa2f681a8e81461defbc125a606bd6894254"}}
{"group": "plant", "name": "tb/pp_top/acmp_mutants.py:st_ls_settle_as_withdraw", "passed": true, "diagnostic": "", "planted_sha256": {"hdl/top/protocol_processor_top.sv": "8290dfc6ffc6312cb4183c643709270de7dafb350b3874c1d2552ac96048c586"}}
{"group": "plant", "name": "tb/pp_top/acmp_mutants.py:st_ls_teardown_as_declare", "passed": true, "diagnostic": "", "planted_sha256": {"hdl/top/protocol_processor_top.sv": "77f65768c5d4c80cc163f82250e151a219344fd2d7f8ff469df9a627247a5750"}}
{"group": "plant", "name": "tb/pp_top/acmp_mutants.py:st_ls_sid_da_swapped", "passed": true, "diagnostic": "", "planted_sha256": {"hdl/top/protocol_processor_top.sv": "9287279493d36a6a69c0a8f162fe2ba88dbf6a2fbe7177836f597cb494b96e6d"}}
{"group": "plant", "name": "tb/pp_top/acmp_mutants.py:st_ls_state_none", "passed": true, "diagnostic": "", "planted_sha256": {"hdl/top/protocol_processor_top.sv": "a55dce671c041087945bce46a4b7ad878d47c58da7d1824f1193c27d6be27174"}}
{"group": "plant", "name": "tb/pp_top/acmp_mutants.py:st_ls_vid_dropped", "passed": true, "diagnostic": "", "planted_sha256": {"hdl/top/protocol_processor_top.sv": "69820fc3e16f9e3308f6c088829dd29877ea192de864c607e679c3692fa23994"}}
{"group": "plant", "name": "tb/pp_top/acmp_mutants.py:st_ls_index_zero", "passed": true, "diagnostic": "", "planted_sha256": {"hdl/top/protocol_processor_top.sv": "09c4d1502de05964de780b6646873aea67b2da5c43bb2d34fe911745f53242a1"}}
{"group": "plant", "name": "tb/pp_top/acmp_mutants.py:st_ls_teardown_lost", "passed": true, "diagnostic": "", "planted_sha256": {"hdl/top/protocol_processor_top.sv": "9a02f51e3b83b76819e766e3fd64fd02d9c9da36d7e24c0839a54a9dd32bcdf1"}}
{"group": "plant", "name": "tb/pp_top/acmp_mutants.py:bound_view_not_latched", "passed": true, "diagnostic": "", "planted_sha256": {"hdl/top/protocol_processor_top.sv": "79415864405c0ca9b48e68611dfe88f73ea2ea779ece3c254c406d1c5e482acb"}}
{"group": "plant", "name": "tb/pp_top/acmp_mutants.py:bound_dmac_from_sid", "passed": true, "diagnostic": "", "planted_sha256": {"hdl/top/protocol_processor_top.sv": "2b19d9831d73efb477683e9c2abf87765eec0d10ebed39b73582cf2f441d604a"}}
{"group": "plant", "name": "tb/pp_top/acmp_mutants.py:bound_view_not_cleared", "passed": true, "diagnostic": "", "planted_sha256": {"hdl/top/protocol_processor_top.sv": "ede9e6620dcc6245a488dd0b728c07c9ee0072c0065ff94adeb17fc1d8898b95"}}
{"group": "plant", "name": "tb/pp_top/acmp_mutants.py:matcher_da_ignored", "passed": true, "diagnostic": "", "planted_sha256": {"hdl/srp/KL_srp_listener_fsm.sv": "ad1cacc1673e05ef7a1a1b1af9609b717fda88bdb242eca5277c384425a47da3"}}
{"group": "plant", "name": "tb/pp_top/acmp_mutants.py:matcher_vid_ignored", "passed": true, "diagnostic": "", "planted_sha256": {"hdl/srp/KL_srp_listener_fsm.sv": "d16dcd1a71c85ce422efbb7402218083444110cb35cb5a1367592cf950e3db9e"}}
{"group": "plant", "name": "tb/pp_top/acmp_mutants.py:rec_read_sink_zero", "passed": true, "diagnostic": "", "planted_sha256": {"hdl/acmp/KL_pp_acmp_listener.sv": "4615de197a56ff2f201631f6598f0050a3d20ac6804b987ecf950f09bb50fefa"}}
{"group": "plant", "name": "tb/pp_top/acmp_mutants.py:rec_read_in_idle", "passed": true, "diagnostic": "", "planted_sha256": {"hdl/acmp/KL_pp_acmp_listener.sv": "dc32326a580371906db9c726cbf70c5dee52ce1a80bdea9a59330346b4cde427"}}
{"group": "plant", "name": "tb/pp_top/acmp_mutants.py:rec_started_unstored", "passed": true, "diagnostic": "", "planted_sha256": {"hdl/acmp/KL_pp_acmp_listener.sv": "4094544bdf970a39acd3cf43115ff83f4a0e771ace1f13a662993e11f3bea68d"}}
{"group": "plant", "name": "tb/pp_top/acmp_mutants.py:rec_settled_vlan_unstored", "passed": true, "diagnostic": "", "planted_sha256": {"hdl/acmp/KL_pp_acmp_listener.sv": "84c42bce0f34b368fae778f9acb9e6013ead42b85c080d78f63a1ee11569c546"}}
{"group": "plant", "name": "tb/pp_top/acmp_mutants.py:rec_sweep_misaddressed", "passed": true, "diagnostic": "", "planted_sha256": {"hdl/acmp/KL_pp_acmp_listener.sv": "6aba0806d992f9df44237bebebd22544c417ea72d60ac9ebb8c7671a3ff84ffc"}}
{"group": "plant", "name": "tb/pp_top/acmp_mutants.py:armq_read_tail", "passed": true, "diagnostic": "", "planted_sha256": {"hdl/top/protocol_processor_top.sv": "936ed8749f32fcd00236ea8e6f6b012d7a8a77d949b409c4420f3236e8f3945b"}}
{"group": "plant", "name": "tb/pp_top/acmp_mutants.py:armq_head_stuck", "passed": true, "diagnostic": "", "planted_sha256": {"hdl/top/protocol_processor_top.sv": "3bb0552fa79ef76bc1495b9a10a20a573fc3e27ca483095083cfcaadd15671de"}}
{"group": "plant", "name": "tb/pp_top/acmp_mutants.py:armq_ring_of_three", "passed": true, "diagnostic": "", "planted_sha256": {"hdl/top/protocol_processor_top.sv": "16e936242452bc887ede789aee325d50356b40417ea276bd31741470d3a3f0f2"}}
{"group": "plant", "name": "tb/pp_top/acmp_mutants.py:armq_write_at_head", "passed": true, "diagnostic": "", "planted_sha256": {"hdl/top/protocol_processor_top.sv": "e69a64938babba87f945dca9768eb9d2f51707be61bdf5f8ead7cb614254fe38"}}
{"group": "plant", "name": "tb/pp_top/acmp_mutants.py:armq_write_at_mid", "passed": true, "diagnostic": "", "planted_sha256": {"hdl/top/protocol_processor_top.sv": "e5350b19905f6c150741aae18e1224c4bc77a8088a944e646cc26ad3ff1ef4e5"}}
{"group": "plant", "name": "tb/pp_top/acmp_mutants.py:armq_write_refused", "passed": true, "diagnostic": "", "planted_sha256": {"hdl/top/protocol_processor_top.sv": "786d0fd5040d023f20f38e1d86f4d6fde5da9db70955cd44d245e2c7ca47feb3"}}
{"group": "plant", "name": "tb/pp_top/acmp_mutants.py:armq_write_wrap_hi", "passed": true, "diagnostic": "", "planted_sha256": {"hdl/top/protocol_processor_top.sv": "f7d679a1d0a77aa7c5df863321f7c6dfa14cebd2799a7610ad724bb25a47caff"}}
{"group": "plant", "name": "tb/pp_top/acmp_mutants.py:armq_full_pop_refuses", "passed": true, "diagnostic": "", "planted_sha256": {"hdl/top/protocol_processor_top.sv": "4fb69e1918d6c629f5553636ad6f3b9c29a40570f08181ec07eb319f687072d9"}}
{"group": "plant", "name": "tb/pp_top/acmp_mutants.py:armq_drop_skip_sat", "passed": true, "diagnostic": "", "planted_sha256": {"hdl/top/protocol_processor_top.sv": "6b1db87f4e32755b74c223d0466e20ec7c28361581a1692c146ea305977c0b4d"}}
{"group": "other", "name": "retry:no_round", "passed": true, "sha256": "b3f47a912c7fa68fa82cb5d6590cf0353c3a69822ba72dc703ec1f6ab1d9bc54"}
{"group": "other", "name": "retry:early_round", "passed": true, "sha256": "8a377dc75a435f2563cf1ad52c0ffcbc66198f96ddae7f71fdd3f6575414b28b"}
{"group": "other", "name": "retry:late_round", "passed": true, "sha256": "e468771da205fca9cb40ea8584dbd97c11cc3ccda7556fb616cbb421dddf44c1"}
{"group": "other", "name": "retry:retry_wrap", "passed": true, "sha256": "762faf271ff0b87c3173717e621cae776051c22848a3b105de7c02275bad7074"}
{"group": "other", "name": "retry:no_pacing", "passed": true, "sha256": "652ec563dea74a7dfc1d951145bed6f89c106596bf192cea9df3a7f73798eb83"}
{"group": "other", "name": "retry:fixed_priority", "passed": true, "sha256": "edc49cb3745f961cf7c7368af78df7ec151ed60add17e1aee1e9218021a16c45"}
{"group": "other", "name": "retry:command_monopoly", "passed": true, "sha256": "194b762fb26cfa2a1f12da3fdc1544ad15184375d700ea20872bc7fd621f476b"}
{"group": "other", "name": "retry:retry_monopoly", "passed": true, "sha256": "71771cb98f3cdf862b0a01b765cda19ad13503168fd3eb852bb70ec477b4f6eb"}
{"group": "other", "name": "retry:disabled_alloc", "passed": true, "sha256": "97c9adf200e48858d471afb4b0ba545f8f4cbe0aa63b5944f2b9422b83a5e0a0"}
{"group": "other", "name": "retry:no_accept_bound", "passed": true, "sha256": "40fe02e47b925757e8624e91d941147177ee1212530eca6e310d3ee9f10d93ac"}
{"group": "other", "name": "retry:short_accept_bound", "passed": true, "sha256": "1e34bedf90d1672c50fc89b695f6e222b745db95b6c87532c2fa5950304a56a3"}
{"group": "other", "name": "retry:refusal_is_grant", "passed": true, "sha256": "65f62e61d48957c6bfb11ed8a51ede787399b6af4e1b67410f182adb14bb1e0d"}
{"group": "other", "name": "retry:obsolete_grant", "passed": true, "sha256": "27e9f50cda4b435fe2c1403c3f14b11ca31bd3c6260d313c903b220510a20dee"}
{"group": "other", "name": "retry:obsolete_release_lost", "passed": true, "sha256": "16ffac311de84e6710ec202a0b0846cdd984862893c2a51532d562bdafa11230"}
{"group": "other", "name": "retry:no_response_bound", "passed": true, "sha256": "523ac090186f1ae235a5ca5460863a9316743be67ccb2f1f73e25e6cf929822e"}
{"group": "other", "name": "retry:response_wrap", "passed": true, "sha256": "80809f89342b557a45daa56baa97cd4b264b8216db80579be6ac84aa7fbd296f"}
{"group": "other", "name": "retry:no_stale_swallow", "passed": true, "sha256": "132bdb273597e7fa534d00b22954b12d3121686d64013638fb440b672dd20832"}
{"group": "other", "name": "retry:no_stale_capacity", "passed": true, "sha256": "a8d8b70584159b7f95a88c0a8b439ed90f40e3eb9e64c5f12d1a3e37911c3983"}
{"group": "other", "name": "retry:no_stale_drain", "passed": true, "sha256": "34e968b6441efccd544205eebaddb2f934e5e96d992c0321685c3ee914ceaa68"}
{"group": "other", "name": "retry:backoff_bypass", "passed": true, "sha256": "5b5d46861900e88dea0c6e00e00b8afe95223c51308f9ca000ca498703cd1f53"}
{"group": "other", "name": "retry:reallocate_owned", "passed": true, "sha256": "d20420ddd5ef5cc2d50a8a38172a1b2bb11db3a59ed3ab1ee9693376cacbe292"}
{"group": "other", "name": "retry:half_backoff", "passed": true, "sha256": "39e8010de9cb53f77df136a724b8725d8c30b25fe5760b424ff6c828d06b96d8"}
{"group": "other", "name": "retry:fresh_forever", "passed": true, "sha256": "e048863802efb695cff5e18c1774b40d4eafd59bdaf4d3b9912d3c3404c0a2d3"}
{"group": "other", "name": "retry:declare_without_demand", "passed": true, "sha256": "05a8b16b3683ad0a91eb661aa20eed6721e64980fa947e6db8288ece36bcd43c"}
{"group": "other", "name": "retry:source_alias", "passed": true, "sha256": "03c6a3efde460d12acc0ac3641ab2a5337e17bcef37902b48549e80a68277c82"}
{"group": "other", "name": "retry:gate_without_ownership", "passed": true, "sha256": "eb14d786fc6dc7ccf65b64b79a74d396ba601276f3639793b9f7f8383329ddc4"}
{"group": "other", "name": "retry:no_requests", "passed": true, "sha256": "fa9da354f1cf984b7c60316f920022cf6c49707cd54e43b6d64ad75e865ba3c2"}
{"group": "other", "name": "retry:no_command_ready", "passed": true, "sha256": "c012b2e6530b684ec2fd2efa472709af37749670412d1f259fab110a029d0fbf"}
{"group": "other", "name": "retry:busy_tracker_blocks_commands", "passed": true, "sha256": "40c3f8b8a0fb2455b0262900d1803120cd6b73f71dfe077e90aa4b4040e9be62"}
{"group": "other", "name": "retry:no_conflict_wait_clear", "passed": true, "sha256": "79d128e1584375f7d7254f488a12916d1b01e01e48474ae245c1d7089bcddea8"}
{"group": "other", "name": "retry:wait_on_release", "passed": true, "sha256": "10c52b53eda66357d1f7eda50fe5c04c5697059e91b1a571d7494cf7b010bb62"}
{"group": "other", "name": "retry:tick_no_rearm", "passed": true, "sha256": "2f2615bd8405e99a057908628be8a8745987ff720e4ca9545983887f3614f30c"}
{"group": "other", "name": "retry:no_rotate_advance", "passed": true, "sha256": "19a6a3a4039fcc1331db4a933d27d6b56d4e97f131ef8bc327b9fa4d053fb4c1"}
{"group": "other", "name": "retry:no_sticky_gp_window", "passed": true, "sha256": "1e62850ee3ce30ce0a67063561af0ff62e418c7b5c092b48faa09288f0551ba8"}
{"group": "other", "name": "retry:grant_kill_reg_only", "passed": true, "sha256": "8b6d16b0ca8246ec0faea9a2dc9b2923baad4e8b7b82569c5bc98089fdafc40e"}
{"group": "other", "name": "retry:accept_kill_zero", "passed": true, "sha256": "909bbfd609dfe0a83b8235c0d6af728235bf3fed2447f1c7456d62c011f55c43"}
{"group": "other", "name": "retry:kill_no_pending_conflict", "passed": true, "sha256": "1ad2a0cbbdebe63eec21f1a0a709315b35b628928fea62c8b3f24d5624865ed0"}
{"group": "other", "name": "retry:kill_no_live_conflict", "passed": true, "sha256": "cf8c80c5bf5d2f87cf750dd26a7168b7d3547d4890a5d214ef9f3f7def81ccfc"}
{"group": "other", "name": "retry:kill_no_disable", "passed": true, "sha256": "a134661ef05385444706ad1dc93acccd34c2af296e130b525ff2e4cd438e0745"}
{"group": "other", "name": "retry:init_elig_no_avail", "passed": true, "sha256": "3eecf70910ea10215fdcc74531c7872a3379eb6f2ecaab98d4792f256ad18785"}
{"group": "other", "name": "retry:no_turn_restore", "passed": true, "sha256": "6a5dfcde2ab210a44bbe29298c9e989bf55d6c240553a9584e66ddd8c89750f9"}
{"group": "other", "name": "retry:elig_drop_rel", "passed": true, "sha256": "0e9e2ae439d20b2c0279296a20ebba04a1c3c644b443ff2528623a1c8ef8b894"}
{"group": "other", "name": "retry:elig_drop_off", "passed": true, "sha256": "a42e0d2e5328b048f62618f341a706071fb19f88eb288f2b0f758dc6451c0bd0"}
{"group": "other", "name": "retry:ready_ignores_turn", "passed": true, "sha256": "e8f3d2bbd480d34973ef21c21c1aeca246320a3f42778594f7f5109c50d0fd30"}
{"group": "other", "name": "retry:init_ignores_off_conflict", "passed": true, "sha256": "a4b6e2b5a83d0095282b903a65a64bbee5793a3602fc1777a7594def8698ad99"}
{"group": "other", "name": "retry:retry_period_200", "passed": true, "sha256": "f2b517b5abef71e1e671d6f408e3a3fbc1fc238badf752e1470f1c2a6a818f1a"}
{"group": "other", "name": "retry:tick_ge_to_gt", "passed": true, "sha256": "91413bb427980e71410075bd0a3eb6b349d647de0c1b0cfa10f859c7f5397984"}
{"group": "other", "name": "retry:kill_no_conflict_at_all", "passed": true, "sha256": "22c08a08288385f291ac1c2e8843bdc97c3ff30a3bff8580e504d3988986cc03"}
{"group": "other", "name": "retry:kill_no_disable_at_all", "passed": true, "sha256": "b6bf82c8111dc734cc3302cfd64ebd30fe9ab22caaddabb039d26959726b7a6a"}
{"group": "other", "name": "retry:kill_sticky_off", "passed": true, "sha256": "9e3fc5a1bf4bb6ab02cd90cbfc3a9cdc9b81e93b42b8ab97b5590b8d5a33b524"}
{"group": "other", "name": "retry:no_probe_initset", "passed": true, "sha256": "da08d137dc7a4d8e87a7e9367f884bfa3f711d6fa36d8385d5fb23c4eab50517"}
{"group": "other", "name": "retry:no_lsn_initset", "passed": true, "sha256": "5ffd000afde8aded262634afc9eac79e7de755c2af68f0cfe332a40f29e4bfce"}
{"group": "other", "name": "retry:no_conflict_daok_initset", "passed": true, "sha256": "8f3d9f74f0d9c344ba2e9ccd928233e33969ebc7a7941b61fd594e9548621d74"}
{"group": "other", "name": "retry:no_backoff_exit_initset", "passed": true, "sha256": "74deba02d2d9a67584b86ea2f74ec18d5bcb721c0e0dca8bcc41cf1591684535"}
{"group": "other", "name": "retry:no_enable_wait_clear", "passed": true, "sha256": "a4caf263a1d11f554f4db4089553bcbea67325ece0ed095d531c2fc0143171a1"}
{"group": "other", "name": "retry:eligible_only_init", "passed": true, "sha256": "aca8ca93aac05583ad58be7c171f31d0637ff470f07844e8e5451f734bf68381"}
{"group": "other", "name": "retry:accept_kill_no_disable", "passed": true, "sha256": "70849081a589917446ae36e6725a3ad420a30189aa03855e19159be03e1e6669"}
{"group": "other", "name": "retry:init_no_enable_check", "passed": true, "sha256": "c00fbe74c4f35c9afa588dca087668e5bab3fc02bd2c0cd968b287dd6a5c4684"}
{"group": "other", "name": "retry:eligible_ignores_init", "passed": true, "sha256": "4eb4964b7107999d55caa4233769bb055a9f66f613ae8f31ae7cc5f72476f38f"}
{"group": "other", "name": "retry:tick_keeps_wait", "passed": true, "sha256": "181a1b8ebc3ca7c0e4b338a8e7b9971b62b8a3492632b0e4c52eb12b02fc4df6"}
{"group": "other", "name": "retry:no_get_tx_state_response", "passed": true, "sha256": "d8e73efd07d88fc3166b0b1ba3f60361cb6690dcff3535252510e49ea146c055"}
{"group": "other", "name": "retry:elig_drop_conflict", "passed": true, "sha256": "ee72ee7eb615240f35d8a9e40a56f8154ac4e75b15f77b9342c4d7326d3be63f"}
{"group": "other", "name": "retry:elig_drop_pcp", "passed": true, "sha256": "3c8814c4ed55ed1eecee48ac6c58f06123861bb61596440ae98062af50623e85"}
{"group": "other", "name": "retry:elig_drop_tmr", "passed": true, "sha256": "0c7acec6eecd8beceb2115b677ee72fcb56ea5164f2859ad622dd3c416611f53"}
{"group": "other", "name": "retry:elig_drop_lsn", "passed": true, "sha256": "ac9f7fee9631b18296b2e131b215b23d290b2a6b5d60b16ec69d9f688500272f"}
{"group": "other", "name": "retry:init_busy_else_removed", "passed": true, "sha256": "c186c8e2be5729fd9e194bb46854faeac363ef7b553120eb640bb2eaa1952f8f"}
{"group": "other", "name": "retry:kill_w_no_off", "passed": true, "sha256": "34282e44ebcacb8e268f7c2e6a820433bcf0357555657728ab334416b17abc36"}
{"group": "other", "name": "retry:init_ready_no_en", "passed": true, "sha256": "382c6f8f52dc55be65fb671c88725b275b99dbc07f19a7ceae40fbd2d38596bb"}
{"group": "other", "name": "retry:wait_only_on_accept", "passed": true, "sha256": "04db26c73ab74877be00d8936accc0cd2bed4b0382a75b6acb09dee0a45ef376"}
{"group": "other", "name": "retry:sticky_kill_ignores_accept", "passed": true, "sha256": "ea28c1aea93ddb6078e39f0653bde9f3a932ea0ebe1afd7dddf4a060f6864ac7"}
{"group": "other", "name": "retry-bench:343", "passed": true, "anchor_count": 1, "sha256": "4920f7c097333d938f7c6fc543a4225664e90a24c6a134aa00dc2eab8c813a0b"}
{"group": "other", "name": "retry-bench:345", "passed": true, "anchor_count": 1, "sha256": "5c7955f5ce5b9e0da697bc7af370fa042829b976084d102a1d7d20bedad5983d"}
{"group": "other", "name": "gsi:latency-trigger-removed", "passed": true, "anchor_count": 1, "expected": 1, "sha256": "381a3490e0c18eb557cf12d06eea45aadf91c2213a2aa0eeba50ee57c2a5a000"}
{"group": "other", "name": "gsi:latency-cmp-low8", "passed": true, "anchor_count": 1, "expected": 1, "sha256": "57b40db93ee77b3daacd6badf8d768a3026b63d89c6fbb3d9fe5dfa00b775b16"}
{"group": "other", "name": "gsi:latency-cmp-low16", "passed": true, "anchor_count": 1, "expected": 1, "sha256": "e0d1c99ec011dfd14606577eae5e7b7e4ea3e14eeec54896bcc762ac20a343e8"}
{"group": "other", "name": "gsi:latency-cmp-high16", "passed": true, "anchor_count": 1, "expected": 1, "sha256": "f536cf910c1bfb7b85ddb3453fe1ef24a0074a0dd0814c07b22afe3c7c81bc51"}
{"group": "other", "name": "gsi:latency-cmp-low31", "passed": true, "anchor_count": 1, "expected": 1, "sha256": "972d26c792c17b0476841fd35019e6e1ae5d9ae2a4503b77488beb4afb70ac3c"}
{"group": "other", "name": "gsi:latency-cmp-high2", "passed": true, "anchor_count": 1, "expected": 1, "sha256": "2537cc52b5354117d4a8e915eac513abf5ff425fa9a90ac3e140d84362ad9379"}
{"group": "other", "name": "gsi:latency-cmp-bit31-dropped", "passed": true, "anchor_count": 1, "expected": 1, "sha256": "40f31e772fd52e63cac9ca83359062d28debfd4b6d05a006e1a622562a069530"}
{"group": "other", "name": "gsi:failure-code-zero", "passed": true, "anchor_count": 1, "expected": 1, "sha256": "14e48f45a66bbce52314f88b82db8e1beb307d50a79ad750fdaf2dc5cf5506bf"}
{"group": "other", "name": "gsi:failure-bridge-zero", "passed": true, "anchor_count": 1, "expected": 1, "sha256": "e4ca8afb474814f6030aca9fe8eb032dba5ab459bc6f93087e7309157137f5cd"}
{"group": "other", "name": "gsi:pbsta-zero", "passed": true, "anchor_count": 1, "expected": 1, "sha256": "2e3cf7e604af5a1bec83d86c615bf4901b0bf4148ff5d4930d65d4f200cb2ac8"}
{"group": "other", "name": "gsi:acmpsta-zero", "passed": true, "anchor_count": 1, "expected": 1, "sha256": "6a6231b42205cc6169eab330b3dae9a86ae6e9eaca20183074e3124c53b44fef"}
{"group": "other", "name": "gsi:wrong-sink", "passed": true, "anchor_count": 1, "expected": 1, "sha256": "52efc7b3708f0c605658d34f62706c34df1260c3bd6cac054dd1b38162c7051c"}
{"group": "other", "name": "gsi:integrator-path", "passed": true, "anchor_count": 1, "expected": 1, "sha256": "8bafa83c560b7aa4232eab9010dc67018a30e34678db4a7842e57cd06718a207"}
{"group": "other", "name": "gsi:missing-descriptor-leak", "passed": true, "anchor_count": 1, "expected": 1, "sha256": "953b6908d0cda4a7172bc1f02da7b1aa0ebdad145f9f53bd58cfe02bad420fef"}
{"group": "other", "name": "gsi:status-notification-zero", "passed": true, "anchor_count": 1, "expected": 1, "sha256": "bb8a02cf18eeba5a92e4327394b41cf62a29afd3a84ef7906c1b59181763dbe2"}
{"group": "other", "name": "gsi:rebind-started-trigger-removed", "passed": true, "anchor_count": 1, "expected": 1, "sha256": "56ff641f04dfc17976ec67c909284b27fe5d221b57812cbeac828833527a8e15"}
{"group": "other", "name": "gsi:failure-change-strobe-removed", "passed": true, "anchor_count": 1, "expected": 1, "sha256": "4b08e272b273e5948fd7d909f7e458a892e19f12b819c0978baa6ced4fe1de5f"}
{"group": "other", "name": "gsi:failure-change-redeclares", "passed": true, "anchor_count": 1, "expected": 1, "sha256": "464f73a2d6c95204077561d5c3aba19569b658f3c5a0171cc93342dc98c589be"}
{"group": "other", "name": "gsi:index-guard-removed", "passed": true, "anchor_count": 1, "expected": 1, "sha256": "5c5830b907dc7a09dfc078cc7ac645b573651c2d8ff476c21176d9a0f5ae35c7"}
{"group": "other", "name": "gsi:bridge-gate-removed", "passed": true, "anchor_count": 1, "expected": 1, "sha256": "5d5f8ae9f5c7fae40fff93c7e5765d61b8b250fdc1c2befc0ed795f43f8379b6"}
{"group": "other", "name": "name-write:decode", "passed": true, "anchor_count": 1, "sha256": "c64b78d88fbbca638d82388eaa56583556f849bd9e210cad01c28f6e7b580428"}
{"group": "other", "name": "admission:stale-evaluation", "passed": true, "counts": [[2, 2], [1, 1]], "sha256": "aedeb0a4042e18e3346d36b355702d5ca68aeddee28350cdc6e1fb3b28d9d00d"}
{"group": "other", "name": "admission:pending-absent", "passed": true, "counts": [[1, 1]], "sha256": "cc954911df2bed43c7cc1c79dd436d7101601f2315d5e16bfd99ef12501cc4f9"}
{"group": "other", "name": "admission:discarded-round-strobes", "passed": true, "counts": [[1, 1]], "sha256": "d8e0c253e04ea21fe7fd4f35b1d0199540d78de016ebabc88d592c3f39d46419"}
COUNTS {"patch": 277, "plant": 199, "other": 96} FAILURES 0
