toolchain: {'cc': 'gcc (GCC) 16.2.1 20260810', 'cxx': 'g++ (GCC) 16.2.1 20260810', 'gcov': 'gcov (GCC) 16.2.1 20260810', 'gtest': '1.18.0', 'gmock': '1.18.0'}
[ok] ctrl coverage run
    H-MAAP DEFEND: 40 accesses, 3900 ns from RX_HEAD (model)
    H-MAAP wake interface 0: 4700 ns from RX_HEAD (model)
    H-MAAP wake interface 1: 4700 ns from RX_HEAD (model)
    H-MAAP interface 1 stall: 5004400 ns from RX_HEAD (model)
    == ctrl H-MAAP mailbox: checks: 13   failures: 0 ==
    RESULT: PASS
    verdict: PASS (13 tests, 0 failures, exit 0)
test_ctrl_firmware coverage run: PASS
[ok] ctrl_nvm coverage run
  verdict: PASS (1 tests, 0 failures, exit 0)
  == ctrl_nvm saved-state store, boot and write paths (endstation_ax7101_8x8): checks: 85   failures: 0 ==
  RESULT: PASS
  verdict: PASS (85 tests, 0 failures, exit 0)
  == ctrl_nvm saved-state store, recorded vector (endstation_ax7101_8x8): checks: 2   failures: 0 ==
  RESULT: PASS
  verdict: PASS (2 tests, 0 failures, exit 0)
saved-state store coverage run: PASS
file                                                 lines    branches   after exclusions
sw/firmware/ctrl/adp/adp.c                       189/205      83/100     lines  93.10 %  branches  89.25 %
sw/firmware/ctrl/adp/adp_mbx.c                    83/83       38/40      lines 100.00 %  branches 100.00 %
sw/firmware/ctrl/app/ctrl_app.c                   31/32       20/22      lines 100.00 %  branches 100.00 %
sw/firmware/ctrl/loop/ctrl_loop.c                 95/95       56/56      lines 100.00 %  branches 100.00 %
sw/firmware/ctrl/maap/maap.c                     209/209     140/140     lines 100.00 %  branches 100.00 %
sw/firmware/ctrl/maap/maap_csr.c                  39/39       18/18      lines 100.00 %  branches 100.00 %
sw/firmware/ctrl/maap/maap_mbx.c                  98/98       60/60      lines 100.00 %  branches 100.00 %
sw/firmware/ctrl/mbx/mbx.c                       173/173      62/62      lines 100.00 %  branches 100.00 %
sw/firmware/ctrl/mbx/mbx_wire.h                   15/15       12/12      lines 100.00 %  branches 100.00 %
sw/firmware/ctrl/plat/mbx_plat_mmio.c             10/10        0/0       lines 100.00 %  branches 100.00 %
sw/firmware/ctrl/port/ctrl_debug.c                19/19        6/6       lines 100.00 %  branches 100.00 %
sw/firmware/ctrl/port/ctrl_pool.c                 99/99       60/60      lines 100.00 %  branches 100.00 %
sw/firmware/ctrl/port/shlan_port.c                22/22        6/6       lines 100.00 %  branches 100.00 %
sw/firmware/ctrl/wire/wire.h                      10/10        2/2       lines 100.00 %  branches 100.00 %
sw/firmware/ctrl_nvm/nvm_klj2.c                  198/199     106/110     lines 100.00 %  branches 100.00 %
sw/firmware/ctrl_nvm/nvm_store.c                 434/434     259/266     lines 100.00 %  branches 100.00 %
sw/firmware/ctrl_nvm/plat/nvm_flash_litespi.c    100/100      63/64      lines 100.00 %  branches 100.00 %
FINDING: exclusion sw/firmware/ctrl/adp/adp.c adp_link_change(): line 249 arc 1 is uncovered, and no row names it
FINDING: exclusion sw/firmware/ctrl/adp/adp.c adp_link_change(): line 250 is unexecuted, and no row names it
FINDING: exclusion sw/firmware/ctrl/adp/adp.c adp_timer_expired(): line 283 arc 1 is uncovered, and no row names it
FINDING: exclusion sw/firmware/ctrl/adp/adp.c adp_timer_expired(): line 284 is unexecuted, and no row names it
FINDING: exclusion sw/firmware/ctrl/adp/adp.c adp_poll(): line 330 arc 1 is uncovered, and no row names it
FINDING: exclusion sw/firmware/ctrl/adp/adp.c adp_poll(): line 331 is unexecuted, and no row names it
FINDING: sw/firmware/ctrl/adp/adp.c: lines 189/203 fell below the recorded 204/204
FINDING: sw/firmware/ctrl/adp/adp.c: branches 83/93 fell below the recorded 95/95
firmware coverage: FAIL (17 files)
