
  [i]  calibration, -50 ppm plan: with the TDM clock unheld the first close lands 14 cycles after its tick

[P-50] PROBE CRF, -50 ppm plan, every 1 cycles from -3 to +3, 4 quarter-cycle sub-placements, 600 columns
  [i]  P-50-3.0: engaged -4 cycles from the crossing, the close then moved -9..+1 (furthest at column 599); tail: tick 7 cycles after the frame close, +0..+5 (spread 5); 0 repeats, 0 skips; last slip col -1; tail slips 0
  [i]  P-50-3.1: engaged -4 cycles from the crossing, the close then moved -9..+0 (furthest at column 551); tail: tick 8 cycles after the frame close, +0..+5 (spread 5); 0 repeats, 0 skips; last slip col -1; tail slips 0
  [i]  P-50-3.2: engaged -4 cycles from the crossing, the close then moved -9..+0 (furthest at column 581); tail: tick 8 cycles after the frame close, +0..+5 (spread 5); 0 repeats, 0 skips; last slip col -1; tail slips 0
  [i]  P-50-3.3: engaged -4 cycles from the crossing, the close then moved -9..+0 (furthest at column 593); tail: tick 8 cycles after the frame close, +0..+4 (spread 4); 0 repeats, 0 skips; last slip col -1; tail slips 0
  [i]  P-50-2.0: engaged -4 cycles from the crossing, the close then moved -8..+1 (furthest at column 539); tail: tick 7 cycles after the frame close, +0..+5 (spread 5); 0 repeats, 0 skips; last slip col -1; tail slips 0
  [i]  P-50-2.1: engaged -3 cycles from the crossing, the close then moved -9..+0 (furthest at column 545); tail: tick 7 cycles after the frame close, +0..+5 (spread 5); 0 repeats, 0 skips; last slip col -1; tail slips 0
  [i]  P-50-2.2: engaged -2 cycles from the crossing, the close then moved -9..+0 (furthest at column 563); tail: tick 6 cycles after the frame close, +0..+5 (spread 5); 0 repeats, 0 skips; last slip col -1; tail slips 0
  [i]  P-50-2.3: engaged -3 cycles from the crossing, the close then moved -9..+0 (furthest at column 587); tail: tick 7 cycles after the frame close, +0..+5 (spread 5); 0 repeats, 0 skips; last slip col -1; tail slips 0
  [i]  P-50-1.0: engaged -2 cycles from the crossing, the close then moved -9..+1 (furthest at column 593); tail: tick 5 cycles after the frame close, +0..+5 (spread 5); 0 repeats, 0 skips; last slip col -1; tail slips 0
  [i]  P-50-1.1: engaged -2 cycles from the crossing, the close then moved -9..+0 (furthest at column 539); tail: tick 6 cycles after the frame close, +0..+5 (spread 5); 0 repeats, 0 skips; last slip col -1; tail slips 0
  [i]  P-50-1.2: engaged -2 cycles from the crossing, the close then moved -9..+0 (furthest at column 563); tail: tick 6 cycles after the frame close, +0..+5 (spread 5); 0 repeats, 0 skips; last slip col -1; tail slips 0
  [i]  P-50-1.3: engaged -2 cycles from the crossing, the close then moved -9..+0 (furthest at column 569); tail: tick 6 cycles after the frame close, +0..+5 (spread 5); 0 repeats, 0 skips; last slip col -1; tail slips 0
  [i]  P-50+0.0: engaged -2 cycles from the crossing, the close then moved -9..+1 (furthest at column 593); tail: tick 5 cycles after the frame close, +0..+5 (spread 5); 0 repeats, 0 skips; last slip col -1; tail slips 0
  [i]  P-50+0.1: engaged -1 cycles from the crossing, the close then moved -9..+0 (furthest at column 539); tail: tick 5 cycles after the frame close, +0..+5 (spread 5); 0 repeats, 0 skips; last slip col -1; tail slips 0
  [i]  P-50+0.2: engaged +0 cycles from the crossing, the close then moved -9..+0 (furthest at column 545); tail: tick 4 cycles after the frame close, +0..+5 (spread 5); 0 repeats, 0 skips; last slip col -1; tail slips 0
  [i]  P-50+0.3: engaged -1 cycles from the crossing, the close then moved -9..+1 (furthest at column 563); tail: tick 5 cycles after the frame close, +0..+5 (spread 5); 0 repeats, 0 skips; last slip col -1; tail slips 0
  [i]  P-50+1.0: engaged +0 cycles from the crossing, the close then moved -9..+1 (furthest at column 569); tail: tick 3 cycles after the frame close, +0..+6 (spread 6); 1 repeats, 1 skips; last slip col 46; tail slips 0
  [i]  P-50+1.1: engaged +0 cycles from the crossing, the close then moved -10..+0 (furthest at column 593); tail: tick 4 cycles after the frame close, +0..+5 (spread 5); 0 repeats, 0 skips; last slip col -1; tail slips 0
  [i]  P-50+1.2: engaged +0 cycles from the crossing, the close then moved -9..+0 (furthest at column 545); tail: tick 4 cycles after the frame close, +0..+5 (spread 5); 0 repeats, 0 skips; last slip col -1; tail slips 0
  [i]  P-50+1.3: engaged +0 cycles from the crossing, the close then moved -9..+1 (furthest at column 557); tail: tick 4 cycles after the frame close, +0..+5 (spread 5); 1 repeats, 1 skips; last slip col 27; tail slips 0
  [i]  P-50+2.0: engaged +0 cycles from the crossing, the close then moved -9..+1 (furthest at column 569); tail: tick 3 cycles after the frame close, +0..+6 (spread 6); 1 repeats, 1 skips; last slip col 46; tail slips 0
  [i]  P-50+2.1: engaged +1 cycles from the crossing, the close then moved -1..+67 (furthest at column 598); tail: tick 1006 cycles after the frame close, -32..+0 (spread 32); 0 repeats, 0 skips; last slip col -1; tail slips 0
  [i]  P-50+2.2: engaged +2 cycles from the crossing, the close then moved +0..+67 (furthest at column 592); tail: tick 1005 cycles after the frame close, -32..+0 (spread 32); 0 repeats, 0 skips; last slip col -1; tail slips 0
  [i]  P-50+2.3: engaged +1 cycles from the crossing, the close then moved +0..+67 (furthest at column 592); tail: tick 1005 cycles after the frame close, -32..+1 (spread 33); 0 repeats, 0 skips; last slip col -1; tail slips 0
  [i]  P-50+3.0: engaged +2 cycles from the crossing, the close then moved +0..+67 (furthest at column 592); tail: tick 1004 cycles after the frame close, -32..+0 (spread 32); 0 repeats, 0 skips; last slip col -1; tail slips 0
  [i]  P-50+3.1: engaged +2 cycles from the crossing, the close then moved -1..+67 (furthest at column 598); tail: tick 1005 cycles after the frame close, -32..+0 (spread 32); 0 repeats, 0 skips; last slip col -1; tail slips 0
  [i]  P-50+3.2: engaged +2 cycles from the crossing, the close then moved +0..+67 (furthest at column 592); tail: tick 1005 cycles after the frame close, -32..+0 (spread 32); 0 repeats, 0 skips; last slip col -1; tail slips 0
  [i]  P-50+3.3: engaged +2 cycles from the crossing, the close then moved +0..+67 (furthest at column 592); tail: tick 1004 cycles after the frame close, -31..+1 (spread 32); 0 repeats, 0 skips; last slip col -1; tail slips 0
== capture_coherence: checks: 561   failures: 0 ==
RESULT: PASS
