
  [i]  calibration, -50 ppm plan: with the TDM clock unheld the first close lands 13 cycles after its tick

[P-50/34] PROBE CRF, -50 ppm plan, every 1 cycles from -1 to +2, 4 quarter-cycle sub-placements, 300 columns
  [i]  P-50/34-1.0: engaged -1 cycles from the crossing, the close then moved -5..+0 (furthest at column 275); tail: tick 3 cycles after the frame close, +0..+3 (spread 3); 0 repeats, 0 skips; last slip col -1; tail slips 0; engage col -1; first PDU 4.1 frames after engagement
  [i]  P-50/34-1.1: engaged -2 cycles from the crossing, the close then moved -5..+0 (furthest at column 287); tail: tick 4 cycles after the frame close, +0..+2 (spread 2); 0 repeats, 0 skips; last slip col -1; tail slips 0; engage col -1; first PDU 4.1 frames after engagement
  [i]  P-50/34-1.2: engaged -1 cycles from the crossing, the close then moved -4..+1 (furthest at column 233); tail: tick 2 cycles after the frame close, +0..+3 (spread 3); 0 repeats, 0 skips; last slip col -1; tail slips 0; engage col -1; first PDU 4.1 frames after engagement
  [i]  P-50/34-1.3: engaged -1 cycles from the crossing, the close then moved -5..+0 (furthest at column 257); tail: tick 3 cycles after the frame close, +0..+3 (spread 3); 0 repeats, 0 skips; last slip col -1; tail slips 0; engage col -1; first PDU 4.1 frames after engagement
  [i]  P-50/34+0.0: engaged +0 cycles from the crossing, the close then moved -5..+0 (furthest at column 263); tail: tick 2 cycles after the frame close, +0..+3 (spread 3); 0 repeats, 0 skips; last slip col -1; tail slips 0; engage col -1; first PDU 4.1 frames after engagement
  [i]  P-50/34+0.1: engaged +0 cycles from the crossing, the close then moved -5..+1 (furthest at column 281); tail: tick 2 cycles after the frame close, +0..+3 (spread 3); 1 repeats, 1 skips; last slip col 27; tail slips 0; engage col -1; first PDU 4.1 frames after engagement
  [i]  P-50/34+0.2: engaged +0 cycles from the crossing, the close then moved -5..+1 (furthest at column 299); tail: tick 1 cycles after the frame close, +0..+3 (spread 3); 1 repeats, 1 skips; last slip col 46; tail slips 0; engage col -1; first PDU 4.1 frames after engagement
  [i]  P-50/34+0.3: engaged +1 cycles from the crossing, the close then moved -1..+35 (furthest at column 298); tail: tick 1023 cycles after the frame close, -17..+0 (spread 17); 0 repeats, 0 skips; last slip col -1; tail slips 0; engage col -1; first PDU 4.1 frames after engagement
  [i]  P-50/34+1.0: engaged +1 cycles from the crossing, the close then moved +0..+35 (furthest at column 298); tail: tick 1022 cycles after the frame close, -16..+1 (spread 17); 0 repeats, 0 skips; last slip col -1; tail slips 0; engage col -1; first PDU 4.1 frames after engagement
  [i]  P-50/34+1.1: engaged +0 cycles from the crossing, the close then moved -6..+1 (furthest at column 281); tail: tick 2 cycles after the frame close, +0..+3 (spread 3); 1 repeats, 1 skips; last slip col 27; tail slips 0; engage col -1; first PDU 4.1 frames after engagement
  [i]  P-50/34+1.2: engaged +1 cycles from the crossing, the close then moved +0..+35 (furthest at column 292); tail: tick 1022 cycles after the frame close, -17..+0 (spread 17); 0 repeats, 0 skips; last slip col -1; tail slips 0; engage col -1; first PDU 4.1 frames after engagement
  [i]  P-50/34+1.3: engaged +1 cycles from the crossing, the close then moved -1..+35 (furthest at column 298); tail: tick 1023 cycles after the frame close, -17..+0 (spread 17); 0 repeats, 0 skips; last slip col -1; tail slips 0; engage col -1; first PDU 4.1 frames after engagement
  [i]  P-50/34+2.0: engaged +2 cycles from the crossing, the close then moved +0..+35 (furthest at column 298); tail: tick 1021 cycles after the frame close, -16..+1 (spread 17); 0 repeats, 0 skips; last slip col -1; tail slips 0; engage col -1; first PDU 4.1 frames after engagement
  [i]  P-50/34+2.1: engaged +2 cycles from the crossing, the close then moved +0..+35 (furthest at column 292); tail: tick 1021 cycles after the frame close, -16..+1 (spread 17); 0 repeats, 0 skips; last slip col -1; tail slips 0; engage col -1; first PDU 4.1 frames after engagement
  [i]  P-50/34+2.2: engaged +2 cycles from the crossing, the close then moved +0..+35 (furthest at column 292); tail: tick 1021 cycles after the frame close, -17..+0 (spread 17); 0 repeats, 0 skips; last slip col -1; tail slips 0; engage col -1; first PDU 4.1 frames after engagement
  [i]  P-50/34+2.3: engaged +3 cycles from the crossing, the close then moved -1..+35 (furthest at column 298); tail: tick 1021 cycles after the frame close, -17..+0 (spread 17); 0 repeats, 0 skips; last slip col -1; tail slips 0; engage col -1; first PDU 4.1 frames after engagement
== capture_coherence: checks: 321   failures: 0 ==
RESULT: PASS

  [i]  calibration, -50 ppm plan: with the TDM clock unheld the first close lands 13 cycles after its tick

[P-50/35] PROBE CRF, -50 ppm plan, every 1 cycles from -1 to +2, 4 quarter-cycle sub-placements, 300 columns
  [i]  P-50/35-1.0: engaged -1 cycles from the crossing, the close then moved -5..+0 (furthest at column 275); tail: tick 3 cycles after the frame close, +0..+3 (spread 3); 0 repeats, 0 skips; last slip col -1; tail slips 0; engage col -1; first PDU 4.1 frames after engagement
  [i]  P-50/35-1.1: engaged -2 cycles from the crossing, the close then moved -5..+0 (furthest at column 287); tail: tick 4 cycles after the frame close, +0..+2 (spread 2); 0 repeats, 0 skips; last slip col -1; tail slips 0; engage col -1; first PDU 4.1 frames after engagement
  [i]  P-50/35-1.2: engaged -1 cycles from the crossing, the close then moved -5..+1 (furthest at column 293); tail: tick 2 cycles after the frame close, +0..+3 (spread 3); 0 repeats, 0 skips; last slip col -1; tail slips 0; engage col -1; first PDU 4.1 frames after engagement
  [i]  P-50/35-1.3: engaged -1 cycles from the crossing, the close then moved -5..+0 (furthest at column 257); tail: tick 3 cycles after the frame close, +0..+3 (spread 3); 0 repeats, 0 skips; last slip col -1; tail slips 0; engage col -1; first PDU 4.1 frames after engagement
  [i]  P-50/35+0.0: engaged +0 cycles from the crossing, the close then moved -5..+0 (furthest at column 263); tail: tick 2 cycles after the frame close, +0..+3 (spread 3); 0 repeats, 0 skips; last slip col -1; tail slips 0; engage col -1; first PDU 4.1 frames after engagement
  [i]  P-50/35+0.1: engaged +0 cycles from the crossing, the close then moved -6..+1 (furthest at column 281); tail: tick 2 cycles after the frame close, +0..+3 (spread 3); 1 repeats, 1 skips; last slip col 27; tail slips 0; engage col -1; first PDU 4.1 frames after engagement
  [i]  P-50/35+0.2: engaged +0 cycles from the crossing, the close then moved -5..+1 (furthest at column 293); tail: tick 1 cycles after the frame close, +0..+3 (spread 3); 1 repeats, 1 skips; last slip col 42; tail slips 0; engage col -1; first PDU 4.1 frames after engagement
  [i]  P-50/35+0.3: engaged +1 cycles from the crossing, the close then moved -1..+35 (furthest at column 298); tail: tick 1023 cycles after the frame close, -17..+0 (spread 17); 0 repeats, 0 skips; last slip col -1; tail slips 0; engage col -1; first PDU 4.1 frames after engagement
  [i]  P-50/35+1.0: engaged +1 cycles from the crossing, the close then moved +0..+35 (furthest at column 298); tail: tick 1023 cycles after the frame close, -18..+0 (spread 18); 0 repeats, 0 skips; last slip col -1; tail slips 0; engage col -1; first PDU 4.1 frames after engagement
  [i]  P-50/35+1.1: engaged +0 cycles from the crossing, the close then moved -6..+1 (furthest at column 281); tail: tick 2 cycles after the frame close, +0..+3 (spread 3); 1 repeats, 1 skips; last slip col 27; tail slips 0; engage col -1; first PDU 4.1 frames after engagement
  [i]  P-50/35+1.2: engaged +1 cycles from the crossing, the close then moved +0..+35 (furthest at column 292); tail: tick 1022 cycles after the frame close, -17..+0 (spread 17); 0 repeats, 0 skips; last slip col -1; tail slips 0; engage col -1; first PDU 4.1 frames after engagement
  [i]  P-50/35+1.3: engaged +1 cycles from the crossing, the close then moved -1..+35 (furthest at column 298); tail: tick 1023 cycles after the frame close, -17..+0 (spread 17); 0 repeats, 0 skips; last slip col -1; tail slips 0; engage col -1; first PDU 4.1 frames after engagement
  [i]  P-50/35+2.0: engaged +2 cycles from the crossing, the close then moved +0..+35 (furthest at column 298); tail: tick 1022 cycles after the frame close, -17..+0 (spread 17); 0 repeats, 0 skips; last slip col -1; tail slips 0; engage col -1; first PDU 4.1 frames after engagement
  [i]  P-50/35+2.1: engaged +2 cycles from the crossing, the close then moved +0..+35 (furthest at column 292); tail: tick 1021 cycles after the frame close, -16..+1 (spread 17); 0 repeats, 0 skips; last slip col -1; tail slips 0; engage col -1; first PDU 4.1 frames after engagement
  [i]  P-50/35+2.2: engaged +2 cycles from the crossing, the close then moved +0..+35 (furthest at column 292); tail: tick 1021 cycles after the frame close, -17..+0 (spread 17); 0 repeats, 0 skips; last slip col -1; tail slips 0; engage col -1; first PDU 4.1 frames after engagement
  [i]  P-50/35+2.3: engaged +3 cycles from the crossing, the close then moved -1..+35 (furthest at column 298); tail: tick 1021 cycles after the frame close, -17..+0 (spread 17); 0 repeats, 0 skips; last slip col -1; tail slips 0; engage col -1; first PDU 4.1 frames after engagement
== capture_coherence: checks: 321   failures: 0 ==
RESULT: PASS

  [i]  calibration, -50 ppm plan: with the TDM clock unheld the first close lands 13 cycles after its tick

[P-50/36] PROBE CRF, -50 ppm plan, every 1 cycles from -1 to +2, 4 quarter-cycle sub-placements, 300 columns
  [i]  P-50/36-1.0: engaged -1 cycles from the crossing, the close then moved -5..+0 (furthest at column 275); tail: tick 3 cycles after the frame close, +0..+3 (spread 3); 0 repeats, 0 skips; last slip col -1; tail slips 0; engage col -1; first PDU 4.1 frames after engagement
  [i]  P-50/36-1.1: engaged -2 cycles from the crossing, the close then moved -5..+0 (furthest at column 287); tail: tick 4 cycles after the frame close, +0..+2 (spread 2); 0 repeats, 0 skips; last slip col -1; tail slips 0; engage col -1; first PDU 4.1 frames after engagement
  [i]  P-50/36-1.2: engaged -1 cycles from the crossing, the close then moved -5..+1 (furthest at column 293); tail: tick 2 cycles after the frame close, +0..+3 (spread 3); 0 repeats, 0 skips; last slip col -1; tail slips 0; engage col -1; first PDU 4.1 frames after engagement
  [i]  P-50/36-1.3: engaged -1 cycles from the crossing, the close then moved -5..+0 (furthest at column 245); tail: tick 3 cycles after the frame close, +0..+3 (spread 3); 0 repeats, 0 skips; last slip col -1; tail slips 0; engage col -1; first PDU 4.1 frames after engagement
  [i]  P-50/36+0.0: engaged +0 cycles from the crossing, the close then moved -5..+0 (furthest at column 263); tail: tick 2 cycles after the frame close, +0..+3 (spread 3); 0 repeats, 0 skips; last slip col -1; tail slips 0; engage col -1; first PDU 4.1 frames after engagement
  [i]  P-50/36+0.1: engaged +0 cycles from the crossing, the close then moved -6..+1 (furthest at column 281); tail: tick 2 cycles after the frame close, +0..+3 (spread 3); 1 repeats, 1 skips; last slip col 27; tail slips 0; engage col -1; first PDU 4.1 frames after engagement
  [i]  P-50/36+0.2: engaged +0 cycles from the crossing, the close then moved -5..+1 (furthest at column 293); tail: tick 1 cycles after the frame close, +0..+3 (spread 3); 1 repeats, 1 skips; last slip col 42; tail slips 0; engage col -1; first PDU 4.1 frames after engagement
  [i]  P-50/36+0.3: engaged +1 cycles from the crossing, the close then moved -1..+35 (furthest at column 298); tail: tick 1023 cycles after the frame close, -17..+0 (spread 17); 0 repeats, 0 skips; last slip col -1; tail slips 0; engage col -1; first PDU 4.1 frames after engagement
  [i]  P-50/36+1.0: engaged +1 cycles from the crossing, the close then moved +0..+35 (furthest at column 298); tail: tick 1023 cycles after the frame close, -18..+0 (spread 18); 0 repeats, 0 skips; last slip col -1; tail slips 0; engage col -1; first PDU 4.1 frames after engagement
  [i]  P-50/36+1.1: engaged +0 cycles from the crossing, the close then moved -5..+1 (furthest at column 281); tail: tick 2 cycles after the frame close, +0..+3 (spread 3); 1 repeats, 1 skips; last slip col 27; tail slips 0; engage col -1; first PDU 4.1 frames after engagement
  [i]  P-50/36+1.2: engaged +1 cycles from the crossing, the close then moved +0..+35 (furthest at column 292); tail: tick 1022 cycles after the frame close, -17..+0 (spread 17); 0 repeats, 0 skips; last slip col -1; tail slips 0; engage col -1; first PDU 4.1 frames after engagement
  [i]  P-50/36+1.3: engaged +1 cycles from the crossing, the close then moved -1..+35 (furthest at column 298); tail: tick 1023 cycles after the frame close, -17..+0 (spread 17); 0 repeats, 0 skips; last slip col -1; tail slips 0; engage col -1; first PDU 4.1 frames after engagement
  [i]  P-50/36+2.0: engaged +2 cycles from the crossing, the close then moved +0..+35 (furthest at column 298); tail: tick 1022 cycles after the frame close, -17..+0 (spread 17); 0 repeats, 0 skips; last slip col -1; tail slips 0; engage col -1; first PDU 4.1 frames after engagement
  [i]  P-50/36+2.1: engaged +2 cycles from the crossing, the close then moved +0..+35 (furthest at column 292); tail: tick 1021 cycles after the frame close, -16..+1 (spread 17); 0 repeats, 0 skips; last slip col -1; tail slips 0; engage col -1; first PDU 4.1 frames after engagement
  [i]  P-50/36+2.2: engaged +2 cycles from the crossing, the close then moved +0..+35 (furthest at column 292); tail: tick 1021 cycles after the frame close, -17..+0 (spread 17); 0 repeats, 0 skips; last slip col -1; tail slips 0; engage col -1; first PDU 4.1 frames after engagement
  [i]  P-50/36+2.3: engaged +3 cycles from the crossing, the close then moved -1..+35 (furthest at column 298); tail: tick 1021 cycles after the frame close, -17..+0 (spread 17); 0 repeats, 0 skips; last slip col -1; tail slips 0; engage col -1; first PDU 4.1 frames after engagement
== capture_coherence: checks: 321   failures: 0 ==
RESULT: PASS
