=== milan_datapath 1x1 TDM8: AAF column coherence at the MAC (#617), --quick: the placed sweep left out ===

[DP-INT-slow] milan_datapath, INTERNAL, -1000 ppm plan, TDM clock held 0 steps, 2200 columns
  [i]  2201 columns in 367 PDUs, 0 torn (0.0%), 2 repeats, 0 skips, 2 slip clusters
  [i]    pairs 1..3 vs pair 0: +0 +0 +0       2201 columns  100.0%  coherent

[DP-INT-fast] milan_datapath, INTERNAL, +1000 ppm plan, TDM clock held 0 steps, 2200 columns
  [i]  2201 columns in 367 PDUs, 0 torn (0.0%), 0 repeats, 3 skips, 3 slip clusters
  [i]    pairs 1..3 vs pair 0: +0 +0 +0       2201 columns  100.0%  coherent

[DP-CRF-0] milan_datapath, CRF selected, true 391/1591 plan, TDM clock held 0 steps, 1500 columns
  [i]  DP-CRF-0: engaged +14 cycles from the crossing; tail: tick 1008 cycles after the fsync edge, -25..+0 (spread 25); 0 repeats, 0 skips; SLIP_TDM 0 dups, 0 skips
  [i]  1505 columns in 251 PDUs, 0 torn (0.0%), 0 repeats, 0 skips, 0 slip clusters
  [i]    pairs 1..3 vs pair 0: +0 +0 +0       1505 columns  100.0%  coherent

[DP-CRF-1] milan_datapath, CRF selected, true 391/1591 plan, TDM clock held 520 steps, 1500 columns
  [i]  DP-CRF-1: engaged +143 cycles from the crossing; tail: tick 900 cycles after the fsync edge, -7..+0 (spread 7); 0 repeats, 0 skips; SLIP_TDM 0 dups, 0 skips
  [i]  1505 columns in 251 PDUs, 0 torn (0.0%), 0 repeats, 0 skips, 0 slip clusters
  [i]    pairs 1..3 vs pair 0: +0 +0 +0       1505 columns  100.0%  coherent

[DP-CRF-2] milan_datapath, CRF selected, true 391/1591 plan, TDM clock held 1041 steps, 1500 columns
  [i]  DP-CRF-2: engaged +274 cycles from the crossing; tail: tick 769 cycles after the fsync edge, -7..+0 (spread 7); 0 repeats, 0 skips; SLIP_TDM 0 dups, 0 skips
  [i]  1505 columns in 251 PDUs, 0 torn (0.0%), 0 repeats, 0 skips, 0 slip clusters
  [i]    pairs 1..3 vs pair 0: +0 +0 +0       1505 columns  100.0%  coherent

[DP-CRF-3] milan_datapath, CRF selected, true 391/1591 plan, TDM clock held 1562 steps, 1500 columns
  [i]  DP-CRF-3: engaged +403 cycles from the crossing; tail: tick 640 cycles after the fsync edge, -7..+0 (spread 7); 0 repeats, 0 skips; SLIP_TDM 0 dups, 0 skips
  [i]  1505 columns in 251 PDUs, 0 torn (0.0%), 0 repeats, 0 skips, 0 slip clusters
  [i]    pairs 1..3 vs pair 0: +0 +0 +0       1505 columns  100.0%  coherent

[DP-CRF-4] milan_datapath, CRF selected, true 391/1591 plan, TDM clock held 2083 steps, 1500 columns
  [i]  DP-CRF-4: engaged -508 cycles from the crossing; tail: tick 508 cycles after the fsync edge, -6..+1 (spread 7); 0 repeats, 0 skips; SLIP_TDM 0 dups, 0 skips
  [i]  1505 columns in 251 PDUs, 0 torn (0.0%), 0 repeats, 0 skips, 0 slip clusters
  [i]    pairs 1..3 vs pair 0: +0 +0 +0       1505 columns  100.0%  coherent

[DP-CRF-5] milan_datapath, CRF selected, true 391/1591 plan, TDM clock held 2604 steps, 1500 columns
  [i]  DP-CRF-5: engaged -378 cycles from the crossing; tail: tick 379 cycles after the fsync edge, -7..+0 (spread 7); 0 repeats, 0 skips; SLIP_TDM 0 dups, 0 skips
  [i]  1505 columns in 251 PDUs, 0 torn (0.0%), 0 repeats, 0 skips, 0 slip clusters
  [i]    pairs 1..3 vs pair 0: +0 +0 +0       1505 columns  100.0%  coherent

[DP-CRF-6] milan_datapath, CRF selected, true 391/1591 plan, TDM clock held 3125 steps, 1500 columns
  [i]  DP-CRF-6: engaged -247 cycles from the crossing; tail: tick 248 cycles after the fsync edge, -7..+0 (spread 7); 0 repeats, 0 skips; SLIP_TDM 0 dups, 0 skips
  [i]  1505 columns in 251 PDUs, 0 torn (0.0%), 0 repeats, 0 skips, 0 slip clusters
  [i]    pairs 1..3 vs pair 0: +0 +0 +0       1505 columns  100.0%  coherent

[DP-CRF-7] milan_datapath, CRF selected, true 391/1591 plan, TDM clock held 3646 steps, 1500 columns
  [i]  DP-CRF-7: engaged -118 cycles from the crossing; tail: tick 121 cycles after the fsync edge, -6..+0 (spread 6); 0 repeats, 0 skips; SLIP_TDM 0 dups, 0 skips
  [i]  1505 columns in 251 PDUs, 0 torn (0.0%), 0 repeats, 0 skips, 0 slip clusters
  [i]    pairs 1..3 vs pair 0: +0 +0 +0       1505 columns  100.0%  coherent
== capture_coherence_dp: checks: 126   failures: 0 ==
RESULT: PASS
