[r394] calibration +50: unheld engagement lands +14 cycles from the crossing
[r394] shard 0: rc=0 checks: 60   failures: 0
    [p50q-1.00] CRF (aligner engaged), +50 ppm plan, TDM clock held 4107 steps, 6000 columns
    [i]  p50q-1.00: engaged -2 cycles from the crossing, the close then moved -371..+0 (furthest at column 5963); tail: tick 256 cycles after the frame close, +0..+117 (spread 117); 0 repeats, 0 skips
    [i]  6005 columns in 1001 PDUs, 0 torn (0.0%), 0 repeats, 0 skips, 0 slip clusters
    [p50q+1.00] CRF (aligner engaged), +50 ppm plan, TDM clock held 4115 steps, 6000 columns
    [i]  p50q+1.00: engaged +0 cycles from the crossing, the close then moved -373..+0 (furthest at column 5975); tail: tick 255 cycles after the frame close, +0..+118 (spread 118); 0 repeats, 0 skips
    [i]  6005 columns in 1001 PDUs, 0 torn (0.0%), 0 repeats, 0 skips, 0 slip clusters
    [p50q+3.00] CRF (aligner engaged), +50 ppm plan, TDM clock held 4123 steps, 6000 columns
    [i]  p50q+3.00: engaged +2 cycles from the crossing, the close then moved +0..+84 (furthest at column 5938); tail: tick 997 cycles after the frame close, -42..+0 (spread 42); 0 repeats, 0 skips
    [i]  6004 columns in 1001 PDUs, 0 torn (0.0%), 0 repeats, 0 skips, 0 slip clusters
[r394] shard 1: rc=0 checks: 60   failures: 0
    [p50q-0.75] CRF (aligner engaged), +50 ppm plan, TDM clock held 4108 steps, 6000 columns
    [i]  p50q-0.75: engaged -1 cycles from the crossing, the close then moved -372..+0 (furthest at column 5969); tail: tick 256 cycles after the frame close, +0..+117 (spread 117); 0 repeats, 0 skips
    [i]  6005 columns in 1001 PDUs, 0 torn (0.0%), 0 repeats, 0 skips, 0 slip clusters
    [p50q+1.25] CRF (aligner engaged), +50 ppm plan, TDM clock held 4116 steps, 6000 columns
    [i]  p50q+1.25: engaged +1 cycles from the crossing, the close then moved -1..+85 (furthest at column 5950); tail: tick 997 cycles after the frame close, -42..+0 (spread 42); 0 repeats, 0 skips
    [i]  6004 columns in 1001 PDUs, 0 torn (0.0%), 0 repeats, 0 skips, 0 slip clusters
    [p50q+3.25] CRF (aligner engaged), +50 ppm plan, TDM clock held 4124 steps, 6000 columns
    [i]  p50q+3.25: engaged +3 cycles from the crossing, the close then moved -1..+83 (furthest at column 5938); tail: tick 996 cycles after the frame close, -41..+0 (spread 41); 0 repeats, 0 skips
    [i]  6004 columns in 1001 PDUs, 0 torn (0.0%), 0 repeats, 0 skips, 0 slip clusters
[r394] shard 2: rc=0 checks: 60   failures: 0
    [p50q-0.50] CRF (aligner engaged), +50 ppm plan, TDM clock held 4109 steps, 6000 columns
    [i]  p50q-0.50: engaged -1 cycles from the crossing, the close then moved -372..+0 (furthest at column 5969); tail: tick 256 cycles after the frame close, +0..+117 (spread 117); 0 repeats, 0 skips
    [i]  6005 columns in 1001 PDUs, 0 torn (0.0%), 0 repeats, 0 skips, 0 slip clusters
    [p50q+1.50] CRF (aligner engaged), +50 ppm plan, TDM clock held 4117 steps, 6000 columns
    [i]  p50q+1.50: engaged +0 cycles from the crossing, the close then moved -373..+0 (furthest at column 5981); tail: tick 256 cycles after the frame close, +0..+117 (spread 117); 0 repeats, 0 skips
    [i]  6005 columns in 1001 PDUs, 0 torn (0.0%), 0 repeats, 0 skips, 0 slip clusters
    [p50q+3.50] CRF (aligner engaged), +50 ppm plan, TDM clock held 4125 steps, 6000 columns
    [i]  p50q+3.50: engaged +3 cycles from the crossing, the close then moved -1..+83 (furthest at column 5932); tail: tick 996 cycles after the frame close, -41..+0 (spread 41); 0 repeats, 0 skips
    [i]  6004 columns in 1001 PDUs, 0 torn (0.0%), 0 repeats, 0 skips, 0 slip clusters
[r394] shard 3: rc=0 checks: 60   failures: 0
    [p50q-0.25] CRF (aligner engaged), +50 ppm plan, TDM clock held 4110 steps, 6000 columns
    [i]  p50q-0.25: engaged -1 cycles from the crossing, the close then moved -372..+0 (furthest at column 5975); tail: tick 256 cycles after the frame close, +0..+117 (spread 117); 0 repeats, 0 skips
    [i]  6005 columns in 1001 PDUs, 0 torn (0.0%), 0 repeats, 0 skips, 0 slip clusters
    [p50q+1.75] CRF (aligner engaged), +50 ppm plan, TDM clock held 4118 steps, 6000 columns
    [i]  p50q+1.75: engaged +0 cycles from the crossing, the close then moved -373..+0 (furthest at column 5981); tail: tick 256 cycles after the frame close, -1..+117 (spread 118); 0 repeats, 0 skips
    [i]  6005 columns in 1001 PDUs, 0 torn (0.0%), 0 repeats, 0 skips, 0 slip clusters
    [p50q+3.75] CRF (aligner engaged), +50 ppm plan, TDM clock held 4126 steps, 6000 columns
    [i]  p50q+3.75: engaged +3 cycles from the crossing, the close then moved +0..+83 (furthest at column 5932); tail: tick 996 cycles after the frame close, -41..+0 (spread 41); 0 repeats, 0 skips
    [i]  6004 columns in 1001 PDUs, 0 torn (0.0%), 0 repeats, 0 skips, 0 slip clusters
[r394] shard 4: rc=0 checks: 60   failures: 0
    [p50q+0.00] CRF (aligner engaged), +50 ppm plan, TDM clock held 4111 steps, 6000 columns
    [i]  p50q+0.00: engaged -1 cycles from the crossing, the close then moved -372..+0 (furthest at column 5975); tail: tick 256 cycles after the frame close, +0..+117 (spread 117); 0 repeats, 0 skips
    [i]  6005 columns in 1001 PDUs, 0 torn (0.0%), 0 repeats, 0 skips, 0 slip clusters
    [p50q+2.00] CRF (aligner engaged), +50 ppm plan, TDM clock held 4119 steps, 6000 columns
    [i]  p50q+2.00: engaged +0 cycles from the crossing, the close then moved -373..+0 (furthest at column 5975); tail: tick 255 cycles after the frame close, +0..+118 (spread 118); 0 repeats, 0 skips
    [i]  6005 columns in 1001 PDUs, 0 torn (0.0%), 0 repeats, 0 skips, 0 slip clusters
    [p50q+4.00] CRF (aligner engaged), +50 ppm plan, TDM clock held 4127 steps, 6000 columns
    [i]  p50q+4.00: engaged +3 cycles from the crossing, the close then moved +0..+83 (furthest at column 5926); tail: tick 996 cycles after the frame close, -41..+0 (spread 41); 0 repeats, 0 skips
    [i]  6004 columns in 1001 PDUs, 0 torn (0.0%), 0 repeats, 0 skips, 0 slip clusters
[r394] shard 5: rc=0 checks: 40   failures: 0
    [p50q+0.25] CRF (aligner engaged), +50 ppm plan, TDM clock held 4112 steps, 6000 columns
    [i]  p50q+0.25: engaged +0 cycles from the crossing, the close then moved -373..+0 (furthest at column 5975); tail: tick 256 cycles after the frame close, -1..+117 (spread 118); 0 repeats, 0 skips
    [i]  6005 columns in 1001 PDUs, 0 torn (0.0%), 0 repeats, 0 skips, 0 slip clusters
    [p50q+2.25] CRF (aligner engaged), +50 ppm plan, TDM clock held 4120 steps, 6000 columns
    [i]  p50q+2.25: engaged +0 cycles from the crossing, the close then moved -373..+1 (furthest at column 5975); tail: tick 255 cycles after the frame close, +0..+118 (spread 118); 1 repeats, 1 skips
    [i]  6005 columns in 1001 PDUs, 0 torn (0.0%), 1 repeats, 1 skips, 1 slip clusters
[r394] shard 6: rc=0 checks: 40   failures: 0
    [p50q+0.50] CRF (aligner engaged), +50 ppm plan, TDM clock held 4113 steps, 6000 columns
    [i]  p50q+0.50: engaged +0 cycles from the crossing, the close then moved -373..+0 (furthest at column 5975); tail: tick 256 cycles after the frame close, +0..+117 (spread 117); 0 repeats, 0 skips
    [i]  6005 columns in 1001 PDUs, 0 torn (0.0%), 0 repeats, 0 skips, 0 slip clusters
    [p50q+2.50] CRF (aligner engaged), +50 ppm plan, TDM clock held 4121 steps, 6000 columns
    [i]  p50q+2.50: engaged +2 cycles from the crossing, the close then moved -1..+84 (furthest at column 5932); tail: tick 996 cycles after the frame close, -41..+1 (spread 42); 0 repeats, 0 skips
    [i]  6004 columns in 1001 PDUs, 0 torn (0.0%), 0 repeats, 0 skips, 0 slip clusters
[r394] shard 7: rc=0 checks: 40   failures: 0
    [p50q+0.75] CRF (aligner engaged), +50 ppm plan, TDM clock held 4114 steps, 6000 columns
    [i]  p50q+0.75: engaged +0 cycles from the crossing, the close then moved -373..+0 (furthest at column 5981); tail: tick 256 cycles after the frame close, -1..+117 (spread 118); 0 repeats, 0 skips
    [i]  6005 columns in 1001 PDUs, 0 torn (0.0%), 0 repeats, 0 skips, 0 slip clusters
    [p50q+2.75] CRF (aligner engaged), +50 ppm plan, TDM clock held 4122 steps, 6000 columns
    [i]  p50q+2.75: engaged +2 cycles from the crossing, the close then moved +0..+84 (furthest at column 5932); tail: tick 996 cycles after the frame close, -41..+1 (spread 42); 0 repeats, 0 skips
    [i]  6004 columns in 1001 PDUs, 0 torn (0.0%), 0 repeats, 0 skips, 0 slip clusters
[r394] 21 engagements, overall rc=0
