RM5: keep-off halved to 128 cycles (still above nothing the true plan needs, below the 200-cycle proportional equilibrium a 50 ppm source forces on a pulled engagement)
RM6: lock-target split one cycle late: the aligner sees the tick two cycles late
RM7: a tick queued behind a running walk snapshots nothing (the late-snapshot path removed)
RM8: a queued tick snapshots at the tick instant anyway (tick_late_r ignored: the walk bank reloads while the walk the tick queued behind is still reading it)
RB1: reference, not a mutant of the guard's parts: the whole round-1 aligner binding (slot-0 marker, the tick itself, the default keep-off), to count the band the guard removes
RB1 [tb/verilator/capture_coherence --band]: rc=1 checks: 1302   failures: 40
     [FAIL] [CRF-band-true-15] [C] CRF slips net zero
     [FAIL] [CRF-band-true-15] [C] CRF slips only inside the engagement's first columns
     [FAIL] [CRF-band-true-15] [C] slips while the CRF lock held got=1 exp=0
     [FAIL] [CRF-band-true-14] [C] CRF slips net zero
     [FAIL] [CRF-band-true-14] [C] CRF slips only inside the engagement's first columns
     [FAIL] [CRF-band-true-14] [C] slips while the CRF lock held got=1 exp=0
     [FAIL] [CRF-band-true-13] [C] CRF slips net zero
     [FAIL] [CRF-band-true-13] [C] CRF slips only inside the engagement's first columns
     [FAIL] [CRF-band-true-13] [C] slips while the CRF lock held got=1 exp=0
     [FAIL] [CRF-band-true-12] [C] CRF slips net zero
     [FAIL] [CRF-band-true-12] [C] CRF slips only inside the engagement's first columns
     [FAIL] [CRF-band-true-12] [C] slips while the CRF lock held got=1 exp=0
     [FAIL] [CRF-band-true-11] [C] CRF slips net zero
     [FAIL] [CRF-band-true-11] [C] CRF slips only inside the engagement's first columns
     [FAIL] [CRF-band-true-11] [C] slips while the CRF lock held got=1 exp=0
     [FAIL] [CRF-band-true-10] [C] CRF slips net zero
     [FAIL] [CRF-band-true-10] [C] CRF slips only inside the engagement's first columns
     [FAIL] [CRF-band-true-10] [C] slips while the CRF lock held got=1 exp=0
     [FAIL] [CRF-band-true-9] [C] CRF slips net zero
     [FAIL] [CRF-band-true-9] [C] CRF slips only inside the engagement's first columns
     [FAIL] [CRF-band-true-9] [C] slips while the CRF lock held got=1 exp=0
     [FAIL] [CRF-band-true-8] [C] CRF slips net zero
     [FAIL] [CRF-band-true-8] [C] CRF slips only inside the engagement's first columns
     [FAIL] [CRF-band-true-7] [C] CRF slips net zero
     [FAIL] [CRF-band-true-7] [C] CRF slips only inside the engagement's first columns
     ... 40 FAIL lines
