FAIL CONTRIBUTING.md:4: LICENSE: missing target
FAIL CONTRIBUTING.md:6: NOTICE: missing target
FAIL README.md:58: LICENSE: missing target
FAIL README.md:58: NOTICE: missing target
FAIL doc/manager.md:76: ../LICENSE: missing target
FAIL doc/manager.md:77: ../NOTICE: missing target
FAIL doc/tools/README.md:30: ../../LICENSE: missing target
FAIL doc/tools/README.md:30: ../../NOTICE: missing target
PASS https://behave.readthedocs.io/en/stable/: anonymous; HTTP 200
PASS https://cli.github.com/manual/: anonymous; HTTP 200
PASS https://cmake.org/cmake/help/latest/: anonymous; HTTP 200
PASS https://docs.python.org/3/: anonymous; HTTP 200
PASS https://docs.zephyrproject.org/latest/develop/modules.html: anonymous; HTTP 200
FAIL https://example.invalid/nothing: <urlopen error [Errno -2] Name or service not known>
PASS https://gcc.gnu.org/onlinedocs/gcc/: anonymous; HTTP 200
PASS https://github.com/cgreen-devs/cgreen: anonymous; HTTP 200
FAIL https://github.com/kebag-logic/lwSRP/issues: anonymous; HTTP 404
FAIL https://github.com/kebag-logic/lwSRP/issues/1: anonymous; HTTP 404
FAIL https://github.com/kebag-logic/lwSRP/pulls: anonymous; HTTP 404
PASS https://github.com/mermaid-js/mermaid-cli: anonymous; HTTP 200
PASS https://standards.ieee.org/ieee/802.1Q/6844/: anonymous; HTTP 200
Local links: 269; external URLs: 13; failures: 12
