
### 2026-10-03T18:52:34+0200 timeout=60.0 typed='wget -qO- http://<link-host-addr>:46327/A521_876161.sh | bash'
### script:
exec >/dev/tcp/<link-host-addr>/37315 2>&1
printf '%s_B\n' A521_876161
cat /proc/uptime; uname -a; tdm8-uac2.sh status; echo PIDFILES; cat /run/tdm8/*.pid; for p in $(cat /run/tdm8/*.pid); do echo "PID $p: $(tr "\0" " " < /proc/$p/cmdline)"; done; ps -o pid,args | grep -E "[a]lsaloop|[a]play|[a]record"; echo UDC=$(cat /sys/class/udc/*/state); for s in /proc/asound/card*/pcm*/sub0/status; do echo "== $s"; head -3 $s; done; cat /proc/asound/cards; df -k /tmp | tail -1; free -k | head -2; ls /tmp; echo BAD=$(dmesg | grep -ciE "self-detected|rcu_preempt detected|replenish|WARNING|teardown|refused to stop|Call trace|BUG:|Oops"); cat /proc/sys/kernel/tainted; dmesg | tail -3; grep -n alsaloop $(which tdm8-uac2.sh); sha256sum $(which tdm8-uac2.sh); cat /proc/uptime; grep dma-controller /proc/interrupts; sleep 5; cat /proc/uptime; grep dma-controller /proc/interrupts
printf '\n%s_E rc=%s\n' A521_876161 $?
### reply:
A521_876161_B
286173.26 790186.74
Linux buildroot 7.1.0-tdm8-pb2 #6 SMP PREEMPT Mon Sep 28 11:59:54 CEST 2026 aarch64 GNU/Linux
--- ALSA cards ---
 0 [TDM8           ]: simple-card - TDM8
                      TDM8
 1 [UAC2Gadget     ]: UAC2_Gadget - UAC2_Gadget
                      UAC2_Gadget 0
--- gadget ---
UDC:        31000000.usb
functions:  ecm.usb0 uac2.0 
uac2.p_chmask = 255
uac2.c_chmask = 255
uac2.p_srate = 48000
uac2.c_srate = 48000
uac2.p_ssize = 4
uac2.c_ssize = 4
uac2.c_sync = async
uac2.fb_max = 5
uac2.req_number = 4
--- bridge ---
from-host: running (pid 21432)
to-host: running (pid 21431)
--- PCM state ---
== /proc/asound/card0/pcm0c/sub0/status
state: RUNNING
owner_pid   : 21431
trigger_time: 286173.311100805
tstamp      : 0.000000000
delay       : 260
avail       : 260
avail_max   : 1536
-----
hw_ptr      : 4344
appl_ptr    : 4084
== /proc/asound/card0/pcm0p/sub0/status
state: XRUN
owner_pid   : 21432
trigger_time: 286164.892061410
tstamp      : 0.000000000
delay       : 0
avail       : 1536
avail_max   : 0
-----
hw_ptr      : 384
appl_ptr    : 384
== /proc/asound/card1/pcm0c/sub0/status
state: RUNNING
owner_pid   : 21432
trigger_time: 286164.884301775
tstamp      : 0.000000000
delay       : 0
avail       : 0
avail_max   : 0
-----
hw_ptr      : 0
appl_ptr    : 0
== /proc/asound/card1/pcm0p/sub0/status
state: RUNNING
owner_pid   : 21431
trigger_time: 286164.884369215
tstamp      : 0.000000000
delay       : 1536
avail       : 0
avail_max   : 0
-----
hw_ptr      : 0
appl_ptr    : 1536
PIDFILES
21432
21431
PID 21432: alsaloop -C hw:1,0 -P hw:0,0 -c 8 -r 48000 -f S32_LE -t 8000 -S samplerate -z 
PID 21431: alsaloop -C hw:0,0 -P hw:1,0 -c 8 -r 48000 -f S32_LE -t 8000 -S samplerate -z 
21431 alsaloop -C hw:0,0 -P hw:1,0 -c 8 -r 48000 -f S32_LE -t 8000 -S samplerate -z
21432 alsaloop -C hw:1,0 -P hw:0,0 -c 8 -r 48000 -f S32_LE -t 8000 -S samplerate -z
UDC=configured
== /proc/asound/card0/pcm0c/sub0/status
state: RUNNING
owner_pid   : 21431
trigger_time: 286173.311100805
== /proc/asound/card0/pcm0p/sub0/status
state: XRUN
owner_pid   : 21432
trigger_time: 286164.892061410
== /proc/asound/card1/pcm0c/sub0/status
state: RUNNING
owner_pid   : 21432
trigger_time: 286164.884301775
== /proc/asound/card1/pcm0p/sub0/status
state: RUNNING
owner_pid   : 21431
trigger_time: 286164.884369215
 0 [TDM8           ]: simple-card - TDM8
                      TDM8
 1 [UAC2Gadget     ]: UAC2_Gadget - UAC2_Gadget
                      UAC2_Gadget 0
tmpfs                   209564       364    209200   0% /tmp
              total        used        free      shared  buff/cache   available
Mem:         419128       48520       15284         500      355324      359552
dbus
messages
messages.0
BAD=1
0
[162911.661777] 26290 pages reserved
[162911.665081] 32768 pages cma reserved
[162911.668731] 0 pages hwpoisoned
14:#   FPGA 8 slots out -> McASP AXR rx -> hw:TDM8 capture  -> alsaloop -> gadget playback -> USB IN  -> host
15:#   host -> USB OUT  -> gadget capture -> alsaloop -> hw:TDM8 playback -> McASP AXR tx -> FPGA 8 slots in
27:# runs a single alsaloop leg.
204:	command -v alsaloop >/dev/null 2>&1 \
205:		|| die "alsaloop is missing (BR2_PACKAGE_ALSA_UTILS_ALSALOOP)"
206:	alsaloop -C "$capt" -P "$play" \
56dbe517728d11fffc7eb940a43799d4e1c15632a699afaa7364015ff4d919f9  /usr/sbin/tdm8-uac2.sh
286173.56 790187.17
 95:     224767          0          0          0 MSI-INTA 1714176 Edge      485c0100.dma-controller chan0
107:         58          0          0          0 MSI-INTA 1714688 Level     485c0100.dma-controller chan0
125:   68247688          0          0          0 MSI-INTA 1715718 Edge      485c0100.dma-controller chan1
143:    1701078          0          0          0 MSI-INTA 1716230 Level     485c0100.dma-controller chan1
237:          0          0          0          0 MSI-INTA 1970779 Level     485c0000.dma-controller chan2
279:          0          0          0          0 MSI-INTA 1971755 Level     485c0000.dma-controller chan0
280:          0          0          0          0 MSI-INTA 1971756 Level     485c0000.dma-controller chan1
286178.58 790200.75
 95:     224767          0          0          0 MSI-INTA 1714176 Edge      485c0100.dma-controller chan0
107:         58          0          0          0 MSI-INTA 1714688 Level     485c0100.dma-controller chan0
125:   68248940          0          0          0 MSI-INTA 1715718 Edge      485c0100.dma-controller chan1
143:    1701109          0          0          0 MSI-INTA 1716230 Level     485c0100.dma-controller chan1
237:          0          0          0          0 MSI-INTA 1970779 Level     485c0000.dma-controller chan2
279:          0          0          0          0 MSI-INTA 1971755 Level     485c0000.dma-controller chan0
280:          0          0          0          0 MSI-INTA 1971756 Level     485c0000.dma-controller chan1

A521_876161_E rc=0

[soccon_net] reply from <link-board-addr>; script requests 1
