
### 2026-10-03T18:03:02+0200 timeout=60.0 typed='wget -qO- http://<link-host-addr>:39239/A521_326070.sh | bash'
### script:
exec >/dev/tcp/<link-host-addr>/38767 2>&1
printf '%s_B\n' A521_326070
S=$(tdm8-uac2.sh status); echo "$S" | sed -n '/bridge/,/PCM/p'; A=$(tr '\0' ' ' < /proc/15379/cmdline); B=$(tr '\0' ' ' < /proc/15380/cmdline); echo "15379: $A"; echo "15380: $B"; if echo "$S" | grep -q 'to-host: running (pid 15379)' && echo "$S" | grep -q 'from-host: running (pid 15380)' && [ "$A" = 'alsaloop -C hw:0,0 -P hw:1,0 -c 8 -r 48000 -f S32_LE -t 8000 -S samplerate -z ' ] && [ "$B" = 'alsaloop -C hw:1,0 -P hw:0,0 -c 8 -r 48000 -f S32_LE -t 8000 -S samplerate -z ' ]; then kill 15379 15380; echo KILLED; else echo MISMATCH_NOT_KILLED; fi; sleep 2; ls -d /proc/15379 /proc/15380 2>&1; for s in /proc/asound/card*/pcm*/sub0/status; do echo "$s: $(head -1 $s)"; done; sleep 3; cat /proc/uptime; tdm8-uac2.sh status | sed -n '/bridge/,$p'; cat /run/tdm8/to-host.pid /run/tdm8/from-host.pid; ps -o pid,args | grep [a]lsaloop; echo UDC=$(cat /sys/class/udc/*/state); echo BAD=$(dmesg | grep -ciE 'self-detected|rcu_preempt detected|replenish|WARNING|teardown|refused to stop|Call trace|BUG:|Oops'); cat /proc/sys/kernel/tainted; grep dma-controller /proc/interrupts; dmesg | tail -2
printf '\n%s_E rc=%s\n' A521_326070 $?
### reply:
A521_326070_B
--- bridge ---
from-host: running (pid 15380)
to-host: running (pid 15379)
--- PCM state ---
15379: alsaloop -C hw:0,0 -P hw:1,0 -c 8 -r 48000 -f S32_LE -t 8000 -S samplerate -z 
15380: alsaloop -C hw:1,0 -P hw:0,0 -c 8 -r 48000 -f S32_LE -t 8000 -S samplerate -z 
KILLED
ls: /proc/15379: No such file or directory
ls: /proc/15380: No such file or directory
/proc/asound/card0/pcm0c/sub0/status: closed
/proc/asound/card0/pcm0p/sub0/status: closed
/proc/asound/card1/pcm0c/sub0/status: closed
/proc/asound/card1/pcm0p/sub0/status: closed
283206.03 780398.86
--- bridge ---
from-host: DEAD
to-host: DEAD
--- PCM state ---
== /proc/asound/card0/pcm0c/sub0/status
closed
== /proc/asound/card0/pcm0p/sub0/status
closed
== /proc/asound/card1/pcm0c/sub0/status
closed
== /proc/asound/card1/pcm0p/sub0/status
closed
15379
15380
UDC=configured
BAD=1
0
 95:     202920          0          0          0 MSI-INTA 1714176 Edge      485c0100.dma-controller chan0
107:         50          0          0          0 MSI-INTA 1714688 Level     485c0100.dma-controller chan0
125:   67850262          0          0          0 MSI-INTA 1715718 Edge      485c0100.dma-controller chan1
143:    1691691          0          0          0 MSI-INTA 1716230 Level     485c0100.dma-controller chan1
237:          0          0          0          0 MSI-INTA 1970779 Level     485c0000.dma-controller chan2
279:          0          0          0          0 MSI-INTA 1971755 Level     485c0000.dma-controller chan0
280:          0          0          0          0 MSI-INTA 1971756 Level     485c0000.dma-controller chan1
[162911.665081] 32768 pages cma reserved
[162911.668731] 0 pages hwpoisoned

A521_326070_E rc=0

[soccon_net] reply from <link-board-addr>; script requests 1
