make[1]: Entering directory '$PACKET/scratch/tmp/maap-mutants-uiz3jqwk/tb/maap'
$PACKET/scripts/verilator-j8 --cc --exe --build -j 0 --top-module maap_wrap -Wall -Wno-fatal -Wno-DECLFILENAME -Wno-UNUSEDSIGNAL -Wno-WIDTHEXPAND -Wno-WIDTHTRUNC -Wno-UNUSEDPARAM -CFLAGS "-std=c++17 -O2 -I$PACKET/scratch/tmp/maap-mutants-uiz3jqwk/tb/maap -Wall -Wextra" ../../hdl/common/pp_pkg.sv ../../hdl/common/KL_pp_prng.sv ../../hdl/common/KL_pp_timer_service.sv ../../hdl/packet_engine/KL_pp_tx_slots.sv ../../hdl/maap/KL_pp_maap.sv maap_wrap.sv sim_main.cpp -o Vmaap_sim
make[2]: Entering directory '$PACKET/scratch/tmp/maap-mutants-uiz3jqwk/tb/maap/obj_dir'
g++  -I.  -MMD -I$TOOLS/include -I$TOOLS/include/vltstd -DVERILATOR=1 -DVM_COVERAGE=0 -DVM_SC=0 -DVM_TIMING=0 -DVM_TRACE=0 -DVM_TRACE_FST=0 -DVM_TRACE_VCD=0 -DVM_TRACE_SAIF=0 -DVM_VPI=0 -faligned-new -fcf-protection=none -Wno-bool-operation -Wno-int-in-bool-context -Wno-shadow -Wno-sign-compare -Wno-subobject-linkage -Wno-tautological-compare -Wno-uninitialized -Wno-unused-but-set-parameter -Wno-unused-but-set-variable -Wno-unused-parameter -Wno-unused-variable    -std=c++17 -O2 -I$PACKET/scratch/tmp/maap-mutants-uiz3jqwk/tb/maap -Wall -Wextra   -Os  -c -o sim_main.o ../sim_main.cpp
g++ -Os  -I.  -MMD -I$TOOLS/include -I$TOOLS/include/vltstd -DVERILATOR=1 -DVM_COVERAGE=0 -DVM_SC=0 -DVM_TIMING=0 -DVM_TRACE=0 -DVM_TRACE_FST=0 -DVM_TRACE_VCD=0 -DVM_TRACE_SAIF=0 -DVM_VPI=0 -faligned-new -fcf-protection=none -Wno-bool-operation -Wno-int-in-bool-context -Wno-shadow -Wno-sign-compare -Wno-subobject-linkage -Wno-tautological-compare -Wno-uninitialized -Wno-unused-but-set-parameter -Wno-unused-but-set-variable -Wno-unused-parameter -Wno-unused-variable    -std=c++17 -O2 -I$PACKET/scratch/tmp/maap-mutants-uiz3jqwk/tb/maap -Wall -Wextra   -c -o verilated.o $TOOLS/include/verilated.cpp
g++ -Os  -I.  -MMD -I$TOOLS/include -I$TOOLS/include/vltstd -DVERILATOR=1 -DVM_COVERAGE=0 -DVM_SC=0 -DVM_TIMING=0 -DVM_TRACE=0 -DVM_TRACE_FST=0 -DVM_TRACE_VCD=0 -DVM_TRACE_SAIF=0 -DVM_VPI=0 -faligned-new -fcf-protection=none -Wno-bool-operation -Wno-int-in-bool-context -Wno-shadow -Wno-sign-compare -Wno-subobject-linkage -Wno-tautological-compare -Wno-uninitialized -Wno-unused-but-set-parameter -Wno-unused-but-set-variable -Wno-unused-parameter -Wno-unused-variable    -std=c++17 -O2 -I$PACKET/scratch/tmp/maap-mutants-uiz3jqwk/tb/maap -Wall -Wextra   -c -o verilated_threads.o $TOOLS/include/verilated_threads.cpp
python3 $TOOLS/bin/verilator_includer -DVL_INCLUDE_OPT=include Vmaap_wrap.cpp Vmaap_wrap___024root__0.cpp Vmaap_wrap__ConstPool__0__Slow.cpp Vmaap_wrap___024root__Slow.cpp Vmaap_wrap___024root__0__Slow.cpp Vmaap_wrap__Syms__Slow.cpp > Vmaap_wrap__ALL.cpp
g++ -Os  -I.  -MMD -I$TOOLS/include -I$TOOLS/include/vltstd -DVERILATOR=1 -DVM_COVERAGE=0 -DVM_SC=0 -DVM_TIMING=0 -DVM_TRACE=0 -DVM_TRACE_FST=0 -DVM_TRACE_VCD=0 -DVM_TRACE_SAIF=0 -DVM_VPI=0 -faligned-new -fcf-protection=none -Wno-bool-operation -Wno-int-in-bool-context -Wno-shadow -Wno-sign-compare -Wno-subobject-linkage -Wno-tautological-compare -Wno-uninitialized -Wno-unused-but-set-parameter -Wno-unused-but-set-variable -Wno-unused-parameter -Wno-unused-variable    -std=c++17 -O2 -I$PACKET/scratch/tmp/maap-mutants-uiz3jqwk/tb/maap -Wall -Wextra   -c -o Vmaap_wrap__ALL.o Vmaap_wrap__ALL.cpp
g++    sim_main.o verilated.o verilated_threads.o Vmaap_wrap__ALL.a    -pthread -lpthread -latomic   -o Vmaap_sim
rm Vmaap_wrap__ALL.verilator_deplist.tmp
make[2]: Leaving directory '$PACKET/scratch/tmp/maap-mutants-uiz3jqwk/tb/maap/obj_dir'
- V e r i l a t i o n   R e p o r t: Verilator 5.050 2026-07-01 rev v5.050
- Verilator: Built from 0.280 MB sources in 7 modules, into 0.241 MB in 6 C++ files needing 0.001 MB
- Verilator: Walltime 5.004 s (elab=0.006, cvt=0.023, bld=4.959); cpu 0.051 s on 8 threads; allocated 64.586 MB
./obj_dir/Vmaap_sim
FAIL: U17c: nothing is sent after a Release! (5 offsets)
  U23: 5 offsets before the ANNOUNCE's slot request, 75 from it; the drained ANNOUNCE reached the lane at most 63 cycles after the fall
FAIL: U23: a Release! before the ANNOUNCE's slot request sends nothing (4 of 5 offsets)
  U28: generate_address (W_ADDR): 0 frame(s) owed, 0 drained
  U28: the first PROBE's interval draw (W_IVAL): 0 frame(s) owed, 1 drained
  U28: the first PROBE's slot request (W_ALLOC): 1 frame(s) owed, 1 drained
  U28: the first PROBE's slot grant (W_GWAIT): 1 frame(s) owed, 1 drained
  U28: the first PROBE's byte writes (W_WRITE): 1 frame(s) owed, 1 drained
  U28: the first PROBE's commit (W_COMMIT): 1 frame(s) owed, 1 drained
  U28: the first PROBE's lane request (W_LANE): 0 frame(s) owed, 0 drained
  U28: the first PROBE taken by the lane (W_POST): 0 frame(s) owed, 0 drained
  U28: PROBE, parked (W_IDLE): 0 frame(s) owed, 0 drained
  U28: PROBE, the expiry that sends the 4th PROBE latched (W_IDLE): 0 frame(s) owed, 0 drained
  U28: PROBE, an ignored record (W_RX): 0 frame(s) owed, 0 drained
  U28: a rise inside the teardown, its last cycle (W_TEARDOWN): 0 frame(s) owed, 0 drained
  U28: a rise inside the teardown, the first W_OFF cycle (W_OFF): 0 frame(s) owed, 0 drained
  U28: probeCount!, the ANNOUNCE's interval draw (W_IVAL): 0 frame(s) owed, 1 drained
  U28: DEFEND, parked (W_IDLE): 0 frame(s) owed, 0 drained
  U28: DEFEND, an announce_timer expiry latched (W_IDLE): 0 frame(s) owed, 0 drained
  U28: DEFEND, an rProbe! that sDefend would answer (W_RX): 0 frame(s) owed, 0 drained
FAIL: U28: no new TX slot request follows the fall (a request already pending is retried until granted), in any walker state, for 33 s (2 of 17 falls)
FAIL: U28: at most the one frame requested before the fall drains (2 of 17 falls)
FAIL: U28: no timer is started after the fall (2 of 17 falls)
  U29: a mid-walk PROBE, a one-cycle fall in W_IVAL: 0 frame(s) owed, INITIAL 0, ABSORBED
  U29: a mid-walk PROBE, a one-cycle fall in W_ALLOC: 1 frame(s) owed, INITIAL 1, a fresh walk
  U29: a mid-walk PROBE, a one-cycle fall in W_GWAIT: 1 frame(s) owed, INITIAL 1, a fresh walk
  U29: a mid-walk PROBE, a one-cycle fall in W_WRITE: 1 frame(s) owed, INITIAL 1, a fresh walk
  U29: a mid-walk PROBE, a one-cycle fall in W_COMMIT: 1 frame(s) owed, INITIAL 1, a fresh walk
  U29: a mid-walk PROBE, a one-cycle fall in W_LANE: 0 frame(s) owed, INITIAL 1, a fresh walk
  U29: a mid-walk PROBE, a one-cycle fall in W_POST: 0 frame(s) owed, INITIAL 1, a fresh walk
  U29: sDefend, a one-cycle fall in W_ALLOC: 1 frame(s) owed, INITIAL 1, a fresh walk
  U29: sDefend, a one-cycle fall in W_GWAIT: 1 frame(s) owed, INITIAL 1, a fresh walk
  U29: sDefend, a one-cycle fall in W_WRITE: 1 frame(s) owed, INITIAL 1, a fresh walk
  U29: sDefend, a one-cycle fall in W_COMMIT: 1 frame(s) owed, INITIAL 1, a fresh walk
  U29: sDefend, a one-cycle fall in W_LANE: 0 frame(s) owed, INITIAL 1, a fresh walk
  U29: sDefend, a one-cycle fall in W_POST: 0 frame(s) owed, INITIAL 1, a fresh walk
  U29: a DEFEND re-announce, a one-cycle fall in W_IVAL: 0 frame(s) owed, INITIAL 0, ABSORBED
  U29: a DEFEND re-announce, a one-cycle fall in W_ALLOC: 1 frame(s) owed, INITIAL 1, a fresh walk
  U29: a DEFEND re-announce, a one-cycle fall in W_GWAIT: 1 frame(s) owed, INITIAL 1, a fresh walk
  U29: a DEFEND re-announce, a one-cycle fall in W_WRITE: 1 frame(s) owed, INITIAL 1, a fresh walk
  U29: a DEFEND re-announce, a one-cycle fall in W_COMMIT: 1 frame(s) owed, INITIAL 1, a fresh walk
  U29: a DEFEND re-announce, a one-cycle fall in W_LANE: 0 frame(s) owed, INITIAL 1, a fresh walk
  U29: a DEFEND re-announce, a one-cycle fall in W_POST: 0 frame(s) owed, INITIAL 1, a fresh walk
FAIL: U29: a one-cycle Release! gives INITIAL (2 of 20 falls did not)
FAIL: U29: no claim is valid after a one-cycle Release! until the fresh walk claims (2 of 20 falls)
FAIL: U29: a one-cycle Release! is followed by a fresh walk: 4 byte-exact PROBEs of one range, then its ANNOUNCE (2 of 20 falls absorbed)
196 checks: 188 PASS, 8 FAIL
make[1]: *** [Makefile:23: run] Error 1
make[1]: Leaving directory '$PACKET/scratch/tmp/maap-mutants-uiz3jqwk/tb/maap'
