{
  "head": "c4539ff107a6a4c7d2e4a4844182b00a2bf33c82",
  "tree": "4378652558345d65dd87efd4f092f41f413226c8",
  "tracked_blobs": 581,
  "index_entries": 581,
  "raw_blob_bytes_match": true,
  "modes_match": true,
  "index_matches_tree": true,
  "status_empty": true,
  "processor_gitlinks": [],
  "measurement_dependencies": {
    "protocol-processor": "ead8036035affd53ef4b29979190f2f4f67084c0",
    "gptp-processor": "5dce647ab5a01a6ecff9a982b22e3a4a1d946d3d",
    "third_party/verilog-axis": "48ff7a7e2ef782cf778d47910cf85835c64b1bce"
  },
  "measurement_processor_override": "c4539ff107a6a4c7d2e4a4844182b00a2bf33c82",
  "dependency_limit": "Dependency pins checked from public parent metadata and fetched source blobs; no parent checkout was edited.",
  "resource_observation": {
    "memory.max": "12884901888",
    "memory.current": "281591808",
    "memory.peak": "883900416",
    "memory.events": "low 0\nhigh 0\nmax 0\noom 0\noom_kill 0\noom_group_kill 0\nsock_throttled 0"
  }
}
