22 SrpFeedback plants
[ok] feedback-kind-failed-lost: SrpFeedback.AdvertiseToFailedUpdatesTheSettledWireView / current kind reaches ACMP
[ok] feedback-kind-advertise-lost: SrpFeedback.FailedToAdvertiseUpdatesTheSettledWireView / current kind reaches ACMP
[ok] feedback-withdrawal-overwritten: SrpFeedback.WithdrawalThenRegistrationRetainsTheFirstEvent / retained withdrawal reprobes
[ok] feedback-intrapdu-lost: SrpFeedback.SinglePduWithdrawalThenRegistrationRetainsTheFirstEvent / retained withdrawal reprobes
[ok] feedback-leave-clears-advertise-only: SrpFeedback.FailedSinglePduWithdrawalThenRegistrationRetainsTheFirstEvent / retained withdrawal reprobes
[ok] feedback-failed-indication-as-advertise: SrpFeedback.FailedReplacementWithdrawnInsideOnePduStillReprobes / retained withdrawal reprobes
[ok] feedback-change-clears-both-kinds: SrpFeedback.BothKindsFailedLeaveInsideOnePduIsNotAWithdrawal / continuous Advertise is not withdrawn
[ok] feedback-expiry-lost: SrpFeedback.ExpiryThenRegistrationRetainsTheFirstEvent / expiry retained before receive
[ok] feedback-first-registration-lost: SrpFeedback.FirstRegistrationThenWithdrawalIsDeliveredInOrder / retained withdrawal reprobes
[ok] feedback-kind-order-lost: SrpFeedback.KindThenWithdrawalIsDeliveredInOrder / kind precedes withdrawal
[ok] feedback-supersession-lost: SrpFeedback.WithdrawalIsIsolatedAndSupersededEvenForAnIdenticalStream / kind preserves settled state
[ok] feedback-withdrawal-sink-crossed: SrpFeedback.WithdrawalIsIsolatedAndSupersededEvenForAnIdenticalStream / retained withdrawal reprobes
[ok] feedback-advertise-copy-lost: SrpFeedback.SinglePduKindReplacementsRemainContinuous / kind preserves settled state
[ok] feedback-failed-copy-lost: SrpFeedback.SinglePduKindReplacementsRemainContinuous / kind preserves settled state
[ok] feedback-identity-copy-stale: SrpFeedback.SinglePduIdentityMismatchThenRecoveryStillWithdraws / retained withdrawal reprobes
[ok] p11-supersession-kind-stale: SrpFeedback.IdenticalRebindAfterUndeliveredWithdrawalSettlesNoRsv / retired kind cannot settle the new epoch
[ok] p11-reset-withdrawal-lost: SrpFeedback.LinkResetWithdrawsTheSettledRegistration / link reset withdraws registration
[ok] p11-postwithdrawal-kind-overwrite: SrpFeedback.LaterKindAfterWithdrawalIsNotReported / retained pre-withdrawal kind
[ok] r10-feedback-ignores-pending: SrpFeedback.ReplacementAwaitingDeliveryGetsNoOldRegistration / old registration cannot settle replacement
[ok] r10-transient-refusal-forgotten: SrpFeedback.EarlierSinkTransientRefusalKeepsDeliveryAwake / earlier refusal keeps delivery awake
[ok] r10-feedback-allowance-quarter: SrpFeedback.DiscoveredWithdrawalMeasuresTheFundedPath / measured feedback per sink allowance
[ok] r10-feedback-allowance-eight: SrpFeedback.DiscoveredWithdrawalMeasuresTheFundedPath / measured feedback per sink allowance
SrpFeedback family IF=1: PASS
