EQUAL  map-image
EQUAL  map-datapath
EQUAL  map-soc-names
EQUAL  map-ranking
EQUAL  guard-refusals
EQUAL  vivado-opt-data
EQUAL  vivado-opt-fit
EQUAL  vivado-opt-blocks
EQUAL  yosys-stream-total
EQUAL  yosys-stream-data
EQUAL  yosys-stream-blocks
EQUAL  tdm-model
EQUAL  datapath-marginals
EQUAL  processor-parameters
EQUAL  processor-marginals
EQUAL  soc-outcomes
EQUAL  soc-prices
EQUAL  redundancy-blocks
EQUAL  adp-marginals
EQUAL  calibration-totals
EQUAL  calibration-blocks
generated but not quoted: ['vivado-synth-blocks', 'vivado-synth-data', 'vivado-synth-fit']
page blocks: 21 differing: 0
