# job lockstep-head in scratch/ls : $REVIEWS/pp230-r458-3-packet/scripts/lockstep_run.sh head $REVIEWS/pp230-r458-3-packet/scratch/head/hdl/srp 1000000 4 n2:2:2:6:5:23:37 n35:3:5:7:4:17:29 n9:9:9:7:5:23:37 n1:1:1:6:5:23:37 n2d:2:2:6:200:1000:5000
# start 2026-10-04T13:27:23Z
head n2 seed=507 :: seed=507 cycles=1000000 N=2/2 mode=1 ms_cyc=18 pdus=8166 arms=27945 expiries=25666 rsps=15717 commits=4997 tkreg=321 resets=3 regarms=465 gnts=5000 txacc=4997 wrbytes=403617 active_cycles=49471 mismatch_cycles=0 internal_mismatch_cycles=0 first=-1 diff_mask=0x0 idiff_mask=0x0
head n2 seed=514 :: seed=514 cycles=1000000 N=2/2 mode=2 ms_cyc=39 pdus=8102 arms=14218 expiries=11737 rsps=12275 commits=6582 tkreg=378 resets=28 regarms=534 gnts=6599 txacc=6582 wrbytes=525796 active_cycles=28123 mismatch_cycles=0 internal_mismatch_cycles=0 first=-1 diff_mask=0x0 idiff_mask=0x0
head n2 seed=521 :: seed=521 cycles=1000000 N=2/2 mode=0 ms_cyc=42 pdus=6590 arms=12857 expiries=10944 rsps=17014 commits=5426 tkreg=306 resets=5 regarms=358 gnts=5428 txacc=5426 wrbytes=420591 active_cycles=29440 mismatch_cycles=0 internal_mismatch_cycles=0 first=-1 diff_mask=0x0 idiff_mask=0x0
head n2 seed=528 :: seed=528 cycles=1000000 N=2/2 mode=1 ms_cyc=30 pdus=8219 arms=17492 expiries=15330 rsps=20341 commits=8146 tkreg=336 resets=6 regarms=390 gnts=8151 txacc=8145 wrbytes=618612 active_cycles=30552 mismatch_cycles=0 internal_mismatch_cycles=0 first=-1 diff_mask=0x0 idiff_mask=0x0
SUMMARY head n2 M=2 N=2 cycles=1000000 seeds=4 top_mismatch=0 internal_mismatch=0
head n35 seed=507 :: seed=507 cycles=1000000 N=3/5 mode=1 ms_cyc=18 pdus=8245 arms=34907 expiries=32250 rsps=15770 commits=7545 tkreg=881 resets=3 regarms=1147 gnts=7549 txacc=7545 wrbytes=783255 active_cycles=105524 mismatch_cycles=0 internal_mismatch_cycles=0 first=-1 diff_mask=0x0 idiff_mask=0x0
head n35 seed=514 :: seed=514 cycles=1000000 N=3/5 mode=2 ms_cyc=39 pdus=8140 arms=17933 expiries=14789 rsps=12111 commits=7053 tkreg=907 resets=29 regarms=1220 gnts=7076 txacc=7053 wrbytes=727605 active_cycles=61584 mismatch_cycles=0 internal_mismatch_cycles=0 first=-1 diff_mask=0x0 idiff_mask=0x0
head n35 seed=521 :: seed=521 cycles=1000000 N=3/5 mode=0 ms_cyc=42 pdus=6403 arms=15983 expiries=13734 rsps=17437 commits=7121 tkreg=783 resets=4 regarms=790 gnts=7126 txacc=7121 wrbytes=715779 active_cycles=41238 mismatch_cycles=0 internal_mismatch_cycles=0 first=-1 diff_mask=0x0 idiff_mask=0x0
head n35 seed=528 :: seed=528 cycles=1000000 N=3/5 mode=1 ms_cyc=30 pdus=8287 arms=21961 expiries=19248 rsps=20792 commits=7374 tkreg=863 resets=4 regarms=976 gnts=7378 txacc=7373 wrbytes=776696 active_cycles=70256 mismatch_cycles=0 internal_mismatch_cycles=0 first=-1 diff_mask=0x0 idiff_mask=0x0
SUMMARY head n35 M=3 N=5 cycles=1000000 seeds=4 top_mismatch=0 internal_mismatch=0
head n9 seed=507 :: seed=507 cycles=1000000 N=9/9 mode=1 ms_cyc=18 pdus=8181 arms=30653 expiries=26635 rsps=15719 commits=4028 tkreg=1230 resets=3 regarms=3345 gnts=4032 txacc=4028 wrbytes=806342 active_cycles=411025 mismatch_cycles=0 internal_mismatch_cycles=0 first=-1 diff_mask=0x0 idiff_mask=0x0
head n9 seed=514 :: seed=514 cycles=1000000 N=9/9 mode=2 ms_cyc=39 pdus=8071 arms=17218 expiries=12205 rsps=12245 commits=4234 tkreg=1354 resets=27 regarms=3527 gnts=4260 txacc=4233 wrbytes=825947 active_cycles=187656 mismatch_cycles=0 internal_mismatch_cycles=0 first=-1 diff_mask=0x0 idiff_mask=0x0
head n9 seed=521 :: seed=521 cycles=1000000 N=9/9 mode=0 ms_cyc=42 pdus=6516 arms=14893 expiries=11240 rsps=17249 commits=4063 tkreg=1083 resets=3 regarms=2499 gnts=4067 txacc=4063 wrbytes=850360 active_cycles=163665 mismatch_cycles=0 internal_mismatch_cycles=0 first=-1 diff_mask=0x0 idiff_mask=0x0
head n9 seed=528 :: seed=528 cycles=1000000 N=9/9 mode=1 ms_cyc=30 pdus=8277 arms=20166 expiries=15801 rsps=20664 commits=4251 tkreg=1269 resets=4 regarms=3012 gnts=4256 txacc=4251 wrbytes=846773 active_cycles=298889 mismatch_cycles=0 internal_mismatch_cycles=0 first=-1 diff_mask=0x0 idiff_mask=0x0
SUMMARY head n9 M=9 N=9 cycles=1000000 seeds=4 top_mismatch=0 internal_mismatch=0
head n1 seed=507 :: seed=507 cycles=1000000 N=1/1 mode=1 ms_cyc=18 pdus=8227 arms=27593 expiries=25546 rsps=15825 commits=10664 tkreg=165 resets=3 regarms=194 gnts=10666 txacc=10664 wrbytes=638798 active_cycles=11968 mismatch_cycles=0 internal_mismatch_cycles=0 first=-1 diff_mask=0x0 idiff_mask=0x0
head n1 seed=514 :: seed=514 cycles=1000000 N=1/1 mode=2 ms_cyc=39 pdus=8087 arms=13830 expiries=11681 rsps=12185 commits=6344 tkreg=162 resets=28 regarms=163 gnts=6359 txacc=6344 wrbytes=389849 active_cycles=9778 mismatch_cycles=0 internal_mismatch_cycles=0 first=-1 diff_mask=0x0 idiff_mask=0x0
head n1 seed=521 :: seed=521 cycles=1000000 N=1/1 mode=0 ms_cyc=42 pdus=6588 arms=12520 expiries=10961 rsps=17496 commits=5843 tkreg=131 resets=3 regarms=111 gnts=5845 txacc=5843 wrbytes=349363 active_cycles=7611 mismatch_cycles=0 internal_mismatch_cycles=0 first=-1 diff_mask=0x0 idiff_mask=0x0
head n1 seed=528 :: seed=528 cycles=1000000 N=1/1 mode=1 ms_cyc=30 pdus=8240 arms=17321 expiries=15328 rsps=20750 commits=8213 tkreg=157 resets=6 regarms=119 gnts=8216 txacc=8213 wrbytes=491532 active_cycles=4329 mismatch_cycles=0 internal_mismatch_cycles=0 first=-1 diff_mask=0x0 idiff_mask=0x0
SUMMARY head n1 M=1 N=1 cycles=1000000 seeds=4 top_mismatch=0 internal_mismatch=0
head n2d seed=507 :: seed=507 cycles=1000000 N=2/2 mode=1 ms_cyc=18 pdus=8232 arms=3729 expiries=1562 rsps=16027 commits=138 tkreg=333 resets=5 regarms=307 gnts=140 txacc=138 wrbytes=12438 active_cycles=33760 mismatch_cycles=0 internal_mismatch_cycles=0 first=-1 diff_mask=0x0 idiff_mask=0x0
head n2d seed=514 :: seed=514 cycles=1000000 N=2/2 mode=2 ms_cyc=39 pdus=8142 arms=3154 expiries=622 rsps=12036 commits=135 tkreg=407 resets=29 regarms=444 gnts=135 txacc=135 wrbytes=11986 active_cycles=21211 mismatch_cycles=0 internal_mismatch_cycles=0 first=-1 diff_mask=0x0 idiff_mask=0x0
head n2d seed=521 :: seed=521 cycles=1000000 N=2/2 mode=0 ms_cyc=42 pdus=6609 arms=2361 expiries=655 rsps=17374 commits=92 tkreg=284 resets=1 regarms=234 gnts=92 txacc=92 wrbytes=7887 active_cycles=18487 mismatch_cycles=0 internal_mismatch_cycles=0 first=-1 diff_mask=0x0 idiff_mask=0x0
head n2d seed=528 :: seed=528 cycles=1000000 N=2/2 mode=1 ms_cyc=30 pdus=8326 arms=2962 expiries=936 rsps=20627 commits=18 tkreg=322 resets=1 regarms=268 gnts=18 txacc=18 wrbytes=1293 active_cycles=18146 mismatch_cycles=0 internal_mismatch_cycles=0 first=-1 diff_mask=0x0 idiff_mask=0x0
SUMMARY head n2d M=2 N=2 cycles=1000000 seeds=4 top_mismatch=0 internal_mismatch=0
# end 2026-10-04T13:29:08Z rc=0
