make: Entering directory '$REVIEWS/r490-2-658/tb/verilator/milan_dp_render'
python3 ../../../protocol-processor/hdl/acmp/rom/gen_ltn_rom.py -o ltn_rom.hex
wrote ltn_rom.hex: 128 x 32 b, 112 F05.3 cells
python3 ../../../protocol-processor/hdl/aecp/ucode/gen_ucode.py -o ucode.hex
ucode.hex: 2048 words, 89 programs
python3 ../../../sw/builder/endstation_builder.py ../../../configs/endstation_ax7101_1x1_tdm8.yaml -o obj_tdm8r_aem
[endstation_builder] endstation_ax7101_1x1_tdm8: 1x1 AAF + CRF, tdm8, 25 clusters (role-pools), model_id 0x001BC5C1935893E1 (hash); 3 planned element(s); resources TIGHT (worst LUT 79.4%)
  wrote tb/verilator/milan_dp_render/obj_tdm8r_aem/endstation_ax7101_1x1_tdm8/soc_params.json
  wrote tb/verilator/milan_dp_render/obj_tdm8r_aem/endstation_ax7101_1x1_tdm8/aem_overlay.json
  wrote tb/verilator/milan_dp_render/obj_tdm8r_aem/endstation_ax7101_1x1_tdm8/build_plan.md
  wrote tb/verilator/milan_dp_render/obj_tdm8r_aem/endstation_ax7101_1x1_tdm8/lwsrp_table.json
  wrote tb/verilator/milan_dp_render/obj_tdm8r_aem/endstation_ax7101_1x1_tdm8/lwsrp_table.svh
  wrote tb/verilator/milan_dp_render/obj_tdm8r_aem/endstation_ax7101_1x1_tdm8/lwsrp_csr_defaults.svh
  wrote tb/verilator/milan_dp_render/obj_tdm8r_aem/endstation_ax7101_1x1_tdm8/adp_shape_defaults.svh
  wrote tb/verilator/milan_dp_render/obj_tdm8r_aem/endstation_ax7101_1x1_tdm8/gen/adp_shape_defaults.svh
  wrote tb/verilator/milan_dp_render/obj_tdm8r_aem/endstation_ax7101_1x1_tdm8/platform_shape.json
  wrote configs/generated/sweep_opts_ax7101.sh
  wrote tb/verilator/milan_dp_render/obj_tdm8r_aem/endstation_ax7101_1x1_tdm8/gptp_ucode.hex
  wrote tb/verilator/milan_dp_render/obj_tdm8r_aem/endstation_ax7101_1x1_tdm8/aecp_aem_rom.svh
python3 ../../../avdecc/gen_aemi_image.py --overlay obj_tdm8r_aem/endstation_ax7101_1x1_tdm8/aem_overlay.json --line-bytes 576 -o tdm8r_aemi.bin
[gen_aemi_image] obj_tdm8r_aem/endstation_ax7101_1x1_tdm8/aem_overlay.json: 42 descriptors -> tdm8r_aemi.bin, 7512 bytes
magic AEMI  layout_version 1
configurations 1  index entries 15  names 39
index_off 0x000020  names_off 0x001398  image_bytes 7512  desc_max_len 452
checksum 0xBCE6817E

  cfg  type    first  count  elem_len  stride  elem_off   name_base
    0  0x0000      0      1       312     312  0x000110          0
    0  0x0001      0      1       106     112  0x000248          2
    0  0x0002      0      1       148     152  0x0002B8          3
    0  0x0005      0      1       154     160  0x000350          4
    0  0x0005      1      1       146     152  0x0003F0          5
    0  0x0006      0      2       146     152  0x000488          6
    0  0x0009      0      1       102     104  0x0005B8          8
    0  0x000A      0      3        86      88  0x000620          9
    0  0x000C      0      1        72      72  0x000728          -
    0  0x000D      0      1       452     456  0x000770          -
    0  0x000E      0      1        20      24  0x000938          -
    0  0x000F      0      1        20      24  0x000950          -
    0  0x0014      0     25        90      96  0x000968         12
    0  0x001A      0      1       113     120  0x0012C8         37
    0  0x0024      0      1        82      88  0x001340         38

semantic lint: on (07 §3.1 rules L1 to L12)
lint waivers applied: 0
ADP inputs this model requires (Milan v1.2 §5.3.3.1, §5.6.2):
  entity_model_id_i  0x001BC5C1935893E1
  talker_sources_i   2
  listener_sinks_i   2
  identify_index_i   0
model digest sha256 1ec821bbaef9c1911ba0c6af2b42cf64af860939332a6df3dd2049a64f46852e (IEEE 1722.1-2021 §6.2.2.8)
make: Leaving directory '$REVIEWS/r490-2-658/tb/verilator/milan_dp_render'
make: Entering directory '$REVIEWS/r490-2-658/tb/verilator/capture_coherence'
python3 ../../../protocol-processor/hdl/acmp/rom/gen_ltn_rom.py -o ltn_rom.hex
wrote ltn_rom.hex: 128 x 32 b, 112 F05.3 cells
python3 ../../../protocol-processor/hdl/aecp/ucode/gen_ucode.py -o ucode.hex
ucode.hex: 2048 words, 89 programs
make: Leaving directory '$REVIEWS/r490-2-658/tb/verilator/capture_coherence'
