endstation_arty_4x4          records= 88 image= 4808 B checks=37 failed=0 runs=202
  rv32: text=10989 data=24 bss=5436 stage=4816 payload=66 chunk=256 store=280 clock=12 (bytes)
RESULT []
Observed suite max_call_us=850
endstation_arty_8ch          records=120 image= 7368 B checks=37 failed=0 runs=202
  rv32: text=10989 data=24 bss=7996 stage=7376 payload=66 chunk=256 store=280 clock=12 (bytes)
RESULT []
Observed suite max_call_us=849
endstation_arty_current      records= 42 image= 2516 B checks=37 failed=0 runs=202
  rv32: text=10981 data=24 bss=3144 stage=2524 payload=66 chunk=256 store=280 clock=12 (bytes)
RESULT []
Observed suite max_call_us=849
endstation_ax7101_1x1_tdm8   records= 54 image= 3336 B checks=37 failed=0 runs=206
  rv32: text=10997 data=24 bss=4032 stage=3344 payload=136 chunk=256 store=280 clock=12 (bytes)
RESULT []
Observed suite max_call_us=849
endstation_ax7101_8x8        records=164 image=13256 B checks=37 failed=0 runs=206
  rv32: text=11001 data=24 bss=14392 stage=13264 payload=576 chunk=256 store=280 clock=12 (bytes)
RESULT []
Observed suite max_call_us=849
All 74 foreground-coordinated task return codes are zero: five shape checks plus 69 mutant checks.
