variant=no_derive changed:  M scripts/shape_consumer_inventory.py 
==== make: GNU Make 4.3
plain gate rc=1
  [FAIL] I every shape-header consumer resolves: got ['tb/verilator/milan_dp_mclk/Makefile: obj_mclk_aem/endstation_mclk/gen/adp_shape_defaults.svh -> tb/verilator/milan_dp_mclk/obj_mclk_aem/endstation_mclk/gen/adp_shape_defaults.svh is outside the tracked tree and is not classified'], expected []
RESULT: FAIL
self-test rc=1
  [FAIL] I every shape-header consumer resolves: got ['tb/verilator/milan_dp_mclk/Makefile: obj_mclk_aem/endstation_mclk/gen/adp_shape_defaults.svh -> tb/verilator/milan_dp_mclk/obj_mclk_aem/endstation_mclk/gen/adp_shape_defaults.svh is outside the tracked tree and is not classified'], expected []
  [FAIL] I the classified fixture consumer resolves: got ['tb/verilator/csr/Makefile: obj_fixture/endstation_fixture/gen/adp_shape_defaults.svh -> tb/verilator/csr/obj_fixture/endstation_fixture/gen/adp_shape_defaults.svh is outside the tracked tree and is not classified'], expected []
checks: 222   failures: 2
RESULT: FAIL
frozen shape prerequisites in the root suite's database:
   (True, ['obj_mclk_aem/endstation_mclk/gen/adp_shape_defaults.svh'])
   classified_frozen_targets: []
==== make: GNU Make 4.4.1
plain gate rc=1
  [FAIL] I every shape-header consumer resolves: got ['tb/verilator/milan_dp_mclk/Makefile: obj_mclk_aem/endstation_mclk/gen/adp_shape_defaults.svh -> tb/verilator/milan_dp_mclk/obj_mclk_aem/endstation_mclk/gen/adp_shape_defaults.svh is outside the tracked tree and is not classified'], expected []
RESULT: FAIL
self-test rc=1
  [FAIL] I every shape-header consumer resolves: got ['tb/verilator/milan_dp_mclk/Makefile: obj_mclk_aem/endstation_mclk/gen/adp_shape_defaults.svh -> tb/verilator/milan_dp_mclk/obj_mclk_aem/endstation_mclk/gen/adp_shape_defaults.svh is outside the tracked tree and is not classified'], expected []
  [FAIL] I the classified fixture consumer resolves: got ['tb/verilator/csr/Makefile: obj_fixture/endstation_fixture/gen/adp_shape_defaults.svh -> tb/verilator/csr/obj_fixture/endstation_fixture/gen/adp_shape_defaults.svh is outside the tracked tree and is not classified'], expected []
checks: 222   failures: 2
RESULT: FAIL
frozen shape prerequisites in the root suite's database:
   (True, ['obj_mclk_aem/endstation_mclk/gen/adp_shape_defaults.svh'])
   classified_frozen_targets: []
restored: 0 changed paths
