Copyright 1986-2022 Xilinx, Inc. All Rights Reserved. Copyright 2022-2026 Advanced Micro Devices, Inc. All Rights Reserved.
---------------------------------------------------------------------------------------------------------------------------------------------
| Tool Version : Vivado v.2026.1 (lin64) Build 6511674 Tue Jun 16 11:01:26 MDT 2026
| Date         : Sat Oct  3 20:17:57 2026
| Host         : archlinux running 64-bit unknown
| Command      : report_utilization -hierarchical -file alinx_ax7101_utilization_hierarchical_place.rpt
| Design       : alinx_ax7101
| Device       : xc7a100tfgg484-2
| Speed File   : -2
| Design State : Physopt postPlace
---------------------------------------------------------------------------------------------------------------------------------------------

Utilization Design Information

Table of Contents
-----------------
1. Utilization by Hierarchy

1. Utilization by Hierarchy
---------------------------

+--------------------------------------------------------+--------------------------------------------------+------------+------------+---------+------+-------+--------+--------+------------+
|                        Instance                        |                      Module                      | Total LUTs | Logic LUTs | LUTRAMs | SRLs |  FFs  | RAMB36 | RAMB18 | DSP Blocks |
+--------------------------------------------------------+--------------------------------------------------+------------+------------+---------+------+-------+--------+--------+------------+
| alinx_ax7101                                           |                                            (top) |      50092 |      46995 |    3092 |    5 | 57681 |     79 |     27 |         14 |
|   (alinx_ax7101)                                       |                                            (top) |       4841 |       4545 |     294 |    2 |  6072 |     47 |     10 |          0 |
|   KL_gptp_gmii_launch                                  |                              KL_gptp_gmii_launch |        187 |        187 |       0 |    0 |   317 |      0 |      0 |          0 |
|     (KL_gptp_gmii_launch)                              |                              KL_gptp_gmii_launch |        179 |        179 |       0 |    0 |   201 |      0 |      0 |          0 |
|     u_rec_cdc                                          |                                    cdc_handshake |          5 |          5 |       0 |    0 |   102 |      0 |      0 |          0 |
|   KL_mac_rmon_events                                   |                               KL_mac_rmon_events |         49 |         49 |       0 |    0 |    78 |      0 |      0 |          0 |
|     (KL_mac_rmon_events)                               |                               KL_mac_rmon_events |         32 |         32 |       0 |    0 |    66 |      0 |      0 |          0 |
|   VexiiRiscvLitex_f5f08b170311db53220574624f819159     | VexiiRiscvLitex_f5f08b170311db53220574624f819159 |       3529 |       3404 |     122 |    3 |  4736 |      2 |      5 |          0 |
|     (VexiiRiscvLitex_f5f08b170311db53220574624f819159) | VexiiRiscvLitex_f5f08b170311db53220574624f819159 |        701 |        701 |       0 |    0 |  1807 |      0 |      0 |          0 |
|     dma_bridge_read_bridge                             |                       Axi4ReadOnlyToTilelinkFull |        106 |         98 |       8 |    0 |   131 |      0 |      1 |          0 |
|       aligner                                          |                              Axi4ReadOnlyAligner |         99 |         91 |       8 |    0 |   122 |      0 |      1 |          0 |
|     dma_bridge_write_bridge                            |                      Axi4WriteOnlyToTilelinkFull |        179 |        177 |       2 |    0 |   192 |      0 |      0 |          0 |
|       aligner                                          |                             Axi4WriteOnlyAligner |        148 |        146 |       2 |    0 |   145 |      0 |      0 |          0 |
|     dma_filter_down_to_unified_mBus_cc                 |                                           FifoCc |        104 |         76 |      28 |    0 |   105 |      1 |      1 |          0 |
|       a_1                                              |                                     StreamFifoCC |         57 |         57 |       0 |    0 |    32 |      1 |      1 |          0 |
|         (a_1)                                          |                                     StreamFifoCC |         57 |         57 |       0 |    0 |    16 |      1 |      1 |          0 |
|       d_1                                              |                                   StreamFifoCC_1 |         47 |         19 |      28 |    0 |    73 |      0 |      0 |          0 |
|         (d_1)                                          |                                   StreamFifoCC_1 |         47 |         19 |      28 |    0 |    57 |      0 |      0 |          0 |
|     ioBus_to_peripheral_bus_cc                         |                                         FifoCc_1 |        165 |        135 |      30 |    0 |   108 |      1 |      1 |          0 |
|       a_1                                              |                                   StreamFifoCC_2 |        120 |        120 |       0 |    0 |    32 |      1 |      1 |          0 |
|         (a_1)                                          |                                   StreamFifoCC_2 |        120 |        120 |       0 |    0 |    16 |      1 |      1 |          0 |
|       d_1                                              |                                   StreamFifoCC_3 |         45 |         15 |      30 |    0 |    76 |      0 |      0 |          0 |
|         (d_1)                                          |                                   StreamFifoCC_3 |         45 |         15 |      30 |    0 |    60 |      0 |      0 |          0 |
|     mem_toAxi4_logic_bridge                            |                                       Axi4Bridge |        224 |        220 |       4 |    0 |   343 |      0 |      0 |          0 |
|       (mem_toAxi4_logic_bridge)                        |                                       Axi4Bridge |        192 |        192 |       0 |    0 |   338 |      0 |      0 |          0 |
|     peripheral_bus_decoder_core                        |                                        Decoder_1 |         58 |         58 |       0 |    0 |     8 |      0 |      0 |          0 |
|       d_arbiter                                        |                                  StreamArbiter_5 |         58 |         58 |       0 |    0 |     8 |      0 |      0 |          0 |
|     peripheral_clint_thread_core                       |                                    TilelinkClint |         55 |         55 |       0 |    0 |   208 |      0 |      0 |          0 |
|     peripheral_clint_time_cc_driver                    |                               StreamCCByToggle_1 |          3 |          3 |       0 |    0 |   136 |      0 |      0 |          0 |
|       (peripheral_clint_time_cc_driver)                |                               StreamCCByToggle_1 |          3 |          3 |       0 |    0 |   130 |      0 |      0 |          0 |
|     peripheral_plic_intc_thread_logic                  |                                     TilelinkPlic |         34 |         34 |       0 |    0 |   145 |      0 |      0 |          0 |
|     peripheral_toAxiLite4_logic_bridge                 |                                   AxiLite4Bridge |        466 |        466 |       0 |    0 |   104 |      0 |      0 |          0 |
|       (peripheral_toAxiLite4_logic_bridge)             |                                   AxiLite4Bridge |        404 |        404 |       0 |    0 |   103 |      0 |      0 |          0 |
|       a_buffered_fork2                                 |                                     StreamFork_3 |         72 |         72 |       0 |    0 |     1 |      0 |      0 |          0 |
|     unified_mBus_arbiter_core                          |                                        Arbiter_1 |         97 |         97 |       0 |    0 |     8 |      0 |      0 |          0 |
|       a_arbiter                                        |                                  StreamArbiter_2 |         97 |         97 |       0 |    0 |     8 |      0 |      0 |          0 |
|     unified_mBus_to_mem_toAxi4_up_widthAdapter         |                                     WidthAdapter |        136 |        132 |       4 |    0 |   346 |      0 |      0 |          0 |
|       (unified_mBus_to_mem_toAxi4_up_widthAdapter)     |                                     WidthAdapter |         17 |         17 |       0 |    0 |   346 |      0 |      0 |          0 |
|       upsize_d_ctx                                     |                           ContextAsyncBufferFull |        119 |        115 |       4 |    0 |     0 |      0 |      0 |          0 |
|         contexts                                       |                       Ram_1w_1ra__parameterized0 |        119 |        115 |       4 |    0 |     0 |      0 |      0 |          0 |
|     vexiis_0_logic_core                                |                                       VexiiRiscv |       1150 |       1101 |      46 |    3 |  1041 |      0 |      2 |          0 |
|       (vexiis_0_logic_core)                            |                                       VexiiRiscv |        801 |        776 |      22 |    3 |  1041 |      0 |      0 |          0 |
|       FetchCachelessPlugin_logic_buffer_words          |                                       Ram_1w_1ra |        127 |        103 |      24 |    0 |     0 |      0 |      0 |          0 |
|       integer_RegFilePlugin_logic_regfile_fpga         |                                       RegFileMem |        225 |        225 |       0 |    0 |     0 |      0 |      2 |          0 |
|   milan_datapath                                       |                                   milan_datapath |      41513 |      38837 |    2676 |    0 | 46478 |     30 |     12 |         14 |
|     (milan_datapath)                                   |                                   milan_datapath |        575 |        575 |       0 |    0 |  2854 |      0 |      0 |          0 |
|     aaf_latency_tap_bank                               |                          KL_aaf_latency_tap_bank |        659 |        659 |       0 |    0 |   622 |      0 |      0 |          0 |
|       g_ltap.aaf_latency_taps                          |                              KL_aaf_latency_taps |        657 |        657 |       0 |    0 |   612 |      0 |      0 |          0 |
|         tx_chain                                       |                          KL_aaf_latency_chain_13 |        320 |        320 |       0 |    0 |   290 |      0 |      0 |          0 |
|         rx_chain                                       |                             KL_aaf_latency_chain |        336 |        336 |       0 |    0 |   290 |      0 |      0 |          0 |
|     aaf_packetizer                                     |                                KL_aaf_packetizer |        605 |        605 |       0 |    0 |  1331 |      1 |      1 |          0 |
|     aaf_rx_depkt                                       |                           KL_aaf_rx_depacketizer |        284 |        282 |       2 |    0 |   143 |      1 |      1 |          0 |
|       (aaf_rx_depkt)                                   |                           KL_aaf_rx_depacketizer |         54 |         52 |       2 |    0 |   111 |      0 |      0 |          0 |
|       frame_fifo                                       |                        axis_fifo__parameterized1 |        231 |        231 |       0 |    0 |    32 |      1 |      1 |          0 |
|     avtp_rx_monitor                                    |                           KL_avtp_rx_monitor_ctx |        919 |        919 |       0 |    0 |  1353 |      0 |      1 |          0 |
|     avtp_rx_parser                                     |                               avtp_stream_parser |        484 |        484 |       0 |    0 |   706 |      0 |      0 |          0 |
|     chan_map_capture                                   |                              KL_chan_map_capture |       1069 |       1069 |       0 |    0 |  1321 |      1 |      0 |          0 |
|     chan_map_render                                    |                               KL_chan_map_render |        111 |        111 |       0 |    0 |   676 |      0 |      0 |          0 |
|     crf_rx                                             |                                        KL_crf_rx |        254 |        254 |       0 |    0 |   542 |      0 |      1 |          0 |
|     crf_tx                                             |                                        KL_crf_tx |        329 |        329 |       0 |    0 |   311 |      0 |      0 |          1 |
|       (crf_tx)                                         |                                        KL_crf_tx |        326 |        326 |       0 |    0 |   307 |      0 |      0 |          1 |
|     csr                                                |                                        milan_csr |       2940 |       2940 |       0 |    0 |  2146 |      0 |      2 |          0 |
|     ethernet_counters                                  |                                  ethernet_events |         40 |         40 |       0 |    0 |   449 |      0 |      0 |          0 |
|       (ethernet_counters)                              |                                  ethernet_events |          0 |          0 |       0 |    0 |   289 |      0 |      0 |          0 |
|     g_aaf_meter.aaf_clock_meter                        |                               KL_aaf_clock_meter |        487 |        455 |      32 |    0 |   629 |      0 |      0 |          0 |
|     g_aif_tdm_master.g_solo.aaf_capture                |                            KL_tdm_capture_master |         75 |         41 |      34 |    0 |   243 |      0 |      0 |          0 |
|       (g_aif_tdm_master.g_solo.aaf_capture)            |                            KL_tdm_capture_master |         21 |         21 |       0 |    0 |   161 |      0 |      0 |          0 |
|       u_tcdc                                           |                                    cdc_pair_fifo |         54 |         20 |      34 |    0 |    82 |      0 |      0 |          0 |
|     g_gptp_plane.gptp_ctl_mux                          |                                 adp_tx_arbiter_0 |        102 |        102 |       0 |    0 |    23 |      0 |      0 |          0 |
|     g_gptp_plane.u_gptp_shadow                         |                                   KL_gptp_shadow |       5022 |       4514 |     508 |    0 |  5899 |      3 |      3 |          4 |
|       (g_gptp_plane.u_gptp_shadow)                     |                                   KL_gptp_shadow |        644 |        600 |      44 |    0 |   985 |      0 |      0 |          0 |
|       rx_fifo                                          |                                        axis_fifo |         69 |         69 |       0 |    0 |    33 |      1 |      1 |          0 |
|       tx_fifo                                          |                        axis_fifo__parameterized0 |         57 |         57 |       0 |    0 |    30 |      1 |      1 |          0 |
|       u_engine                                         |                                   KL_gptp_engine |       3799 |       3335 |     464 |    0 |  3638 |      1 |      1 |          4 |
|         (u_engine)                                     |                                   KL_gptp_engine |        851 |        543 |     308 |    0 |  2158 |      0 |      0 |          0 |
|         u_parser                                       |                                KL_gptp_rx_parser |        481 |        481 |       0 |    0 |   370 |      0 |      0 |          0 |
|         u_timer                                        |                                    KL_gptp_timer |        246 |        246 |       0 |    0 |   320 |      0 |      0 |          0 |
|         u_txslot                                       |                                  KL_gptp_tx_slot |        150 |        126 |      24 |    0 |    62 |      0 |      0 |          0 |
|         u_ucpu                                         |                                     KL_gptp_ucpu |       2079 |       1947 |     132 |    0 |   728 |      1 |      1 |          4 |
|       u_txret                                          |                                    KL_gptp_txret |        442 |        442 |       0 |    0 |  1159 |      0 |      0 |          0 |
|       u_txticket                                       |                                 KL_gptp_txticket |         19 |         19 |       0 |    0 |    54 |      0 |      0 |          0 |
|     g_maap.maap_engine                                 |                                          KL_maap |        481 |        481 |       0 |    0 |   267 |      0 |      0 |          0 |
|     g_mmcm_servo.mmcm_servo                            |                                KL_mmcm_drp_servo |        900 |        900 |       0 |    0 |   814 |      0 |      0 |          0 |
|       (g_mmcm_servo.mmcm_servo)                        |                                KL_mmcm_drp_servo |        793 |        793 |       0 |    0 |   770 |      0 |      0 |          0 |
|       u_tick_cdc                                       |                      cdc_pulse__parameterized0_7 |        103 |        103 |       0 |    0 |     4 |      0 |      0 |          0 |
|     g_rx_filter.rx_filter                              |                                    rx_mac_filter |        513 |        513 |       0 |    0 |  1570 |      0 |      0 |          0 |
|       mac_cam                                          |                                             tcam |        511 |        511 |       0 |    0 |  1568 |      0 |      0 |          0 |
|     g_tdm_render_live.g_master.chan_tdm_render         |                             KL_tdm_render_master |        501 |        501 |       0 |    0 |   623 |      3 |      0 |          0 |
|       (g_tdm_render_live.g_master.chan_tdm_render)     |                             KL_tdm_render_master |         20 |         20 |       0 |    0 |   599 |      0 |      0 |          0 |
|       u_fcdc                                           |                    cdc_pair_fifo__parameterized0 |        482 |        482 |       0 |    0 |    24 |      3 |      0 |          0 |
|     link_guard                                         |                                    KL_link_guard |         72 |         72 |       0 |    0 |   114 |      0 |      0 |          0 |
|     media_grid_align                                   |                              KL_media_grid_align |        371 |        371 |       0 |    0 |   107 |      0 |      0 |          0 |
|     media_nco                                          |                                     KL_media_nco |        130 |        130 |       0 |    0 |    46 |      0 |      0 |          1 |
|     pp_shadow                                          |                                     KL_pp_shadow |      23408 |      21436 |    1972 |    0 | 22257 |     21 |      3 |          8 |
|       (pp_shadow)                                      |                                     KL_pp_shadow |          9 |          9 |       0 |    0 |   319 |      0 |      0 |          0 |
|       ctl_fifo                                         |                        axis_fifo__parameterized2 |         72 |         72 |       0 |    0 |    33 |      1 |      1 |          0 |
|       u_nvm                                            |                                   KL_nvm_backend |        507 |        507 |       0 |    0 |   476 |      0 |      0 |          4 |
|       u_pp                                             |                           protocol_processor_top |      22836 |      20864 |    1972 |    0 | 21429 |     20 |      2 |          4 |
|         (u_pp)                                         |                           protocol_processor_top |        422 |        422 |       0 |    0 |  3077 |      0 |      0 |          0 |
|         g_rx_pool[2].u_rx_slots                        |                                 KL_pp_rx_slots_2 |         48 |         48 |       0 |    0 |    62 |      1 |      0 |          0 |
|         g_rx_pool[5].u_rx_slots                        |                                 KL_pp_rx_slots_4 |         95 |         95 |       0 |    0 |    62 |      1 |      0 |          0 |
|         u_adp                                          |                                    KL_adp_engine |        463 |        415 |      48 |    0 |   471 |      0 |      0 |          1 |
|         u_aecp                                         |                                   KL_aecp_engine |       7315 |       7097 |     218 |    0 |  3498 |      6 |      0 |          1 |
|           (u_aecp)                                     |                                   KL_aecp_engine |       1813 |       1813 |       0 |    0 |  1097 |      1 |      0 |          0 |
|           u_d3                                         |                               KL_aecp_nvm_writer |       1313 |       1313 |       0 |    0 |   485 |      0 |      0 |          0 |
|           u_dyn                                        |                                KL_aecp_dyn_state |       1175 |       1175 |       0 |    0 |   467 |      0 |      0 |          0 |
|           u_resp                                       |                                 KL_aecp_resp_buf |        334 |        334 |       0 |    0 |   260 |      0 |      0 |          0 |
|           u_store                                      |                               KL_aecp_desc_store |        978 |        892 |      86 |    0 |   694 |      2 |      0 |          1 |
|           u_ucpu                                       |                                     KL_aecp_ucpu |       1743 |       1611 |     132 |    0 |   495 |      3 |      0 |          0 |
|         u_ca_builder                                   |                            KL_aecp_ca_originator |        120 |        120 |       0 |    0 |   152 |      0 |      0 |          0 |
|         u_dispatch                                     |                                   KL_pp_dispatch |        691 |        299 |     392 |    0 |   635 |      0 |      0 |          0 |
|           u_aecp_q                                     |                            KL_pp_dispatch_fifo_6 |        351 |        159 |     192 |    0 |   287 |      0 |      0 |          0 |
|           u_acmp_q                                     |                              KL_pp_dispatch_fifo |        227 |         91 |     136 |    0 |   204 |      0 |      0 |          0 |
|           u_adp_q                                      |                            KL_pp_dispatch_fifo_5 |         75 |         15 |      60 |    0 |    88 |      0 |      0 |          0 |
|         u_event_router                                 |                               KL_pp_event_router |        222 |        222 |       0 |    0 |    51 |      0 |      0 |          0 |
|         u_listener                                     |                              KL_pp_acmp_listener |       1404 |       1404 |       0 |    0 |  1105 |      5 |      0 |          0 |
|         u_mrp_strip                                    |                                     KL_mrp_strip |         70 |         70 |       0 |    0 |   107 |      1 |      0 |          0 |
|         u_normalizer                                   |                                 KL_pp_normalizer |         70 |         70 |       0 |    0 |   307 |      0 |      0 |          0 |
|         u_notify                                       |                                   KL_aecp_notify |       2327 |       1367 |     960 |    0 |  1276 |      0 |      0 |          0 |
|         u_nvm_port                                     |                                   KL_pp_nvm_port |        518 |        518 |       0 |    0 |   160 |      0 |      0 |          0 |
|         u_nvm_shadow                                   |                               KL_acmp_nvm_shadow |        801 |        703 |      98 |    0 |  1118 |      0 |      0 |          0 |
|         u_originator                                   |                                 KL_pp_originator |        782 |        762 |      20 |    0 |   885 |      0 |      0 |          0 |
|         u_prng                                         |                                       KL_pp_prng |        133 |        133 |       0 |    0 |   150 |      0 |      0 |          0 |
|         u_rx_validator                                 |                               KL_pp_rx_validator |        511 |        511 |       0 |    0 |   751 |      0 |      1 |          0 |
|         u_scoreboard                                   |                                 KL_pp_scoreboard |        139 |        139 |       0 |    0 |   169 |      0 |      0 |          0 |
|         u_side_port                                    |                                  KL_pp_side_port |         53 |         53 |       0 |    0 |     6 |      0 |      0 |          0 |
|         u_srp                                          |                                       KL_srp_top |       4340 |       4160 |     180 |    0 |  6264 |      0 |      1 |          2 |
|           (u_srp)                                      |                                       KL_srp_top |        902 |        902 |       0 |    0 |  2793 |      0 |      0 |          0 |
|           u_admission                                  |                                 KL_srp_admission |        224 |        224 |       0 |    0 |   207 |      0 |      0 |          2 |
|           u_decoder                                    |                                   KL_srp_decoder |        579 |        579 |       0 |    0 |   630 |      0 |      1 |          0 |
|           u_domain                                     |                                    KL_srp_domain |         80 |         80 |       0 |    0 |   108 |      0 |      0 |          0 |
|           u_encoder                                    |                                   KL_srp_encoder |       1298 |       1130 |     168 |    0 |  1062 |      0 |      0 |          0 |
|           u_listener                                   |                              KL_srp_listener_fsm |        516 |        516 |       0 |    0 |   667 |      0 |      0 |          0 |
|           u_talker                                     |                                KL_srp_talker_fsm |        621 |        621 |       0 |    0 |   671 |      0 |      0 |          0 |
|           u_vlan                                       |                                      KL_srp_vlan |        136 |        124 |      12 |    0 |   126 |      0 |      0 |          0 |
|         u_talker                                       |                                   KL_acmp_talker |        778 |        722 |      56 |    0 |   517 |      0 |      0 |          0 |
|         u_timer                                        |                              KL_pp_timer_service |        888 |        888 |       0 |    0 |   179 |      1 |      0 |          0 |
|         u_tx_arbiter                                   |                                 KL_pp_tx_arbiter |        208 |        208 |       0 |    0 |   182 |      0 |      0 |          0 |
|         u_tx_slots                                     |                                   KL_pp_tx_slots |        344 |        344 |       0 |    0 |   135 |      1 |      0 |          0 |
|     ptp_clock_validity                                 |                            KL_ptp_clock_validity |         29 |         29 |       0 |    0 |   125 |      0 |      0 |          0 |
|     ptp_sync                                           |                                     ptp_csr_sync |        296 |        296 |       0 |    0 |   405 |      0 |      0 |          0 |
|     render_setpoint                                    |                               KL_render_setpoint |        386 |        258 |     128 |    0 |   137 |      0 |      0 |          0 |
|     stream_table                                       |                                  KL_stream_table |         94 |         94 |       0 |    0 |    69 |      0 |      0 |          0 |
|     talker_diag                                        |                               KL_talker_diag_ctx |        235 |        235 |       0 |    0 |   359 |      0 |      0 |          0 |
|     ts_counter                                         |                                timestamp_counter |         97 |         97 |       0 |    0 |   153 |      0 |      0 |          0 |
+--------------------------------------------------------+--------------------------------------------------+------------+------------+---------+------+-------+--------+--------+------------+
* Note: The sum of lower-level cells may be larger than their parent cells total, due to cross-hierarchy LUT combining


