SDK argv: ["$VALIDATION_STORAGE/504-manager-r1/sdk-install/bin/riscv32-linux-gcc", "--version"]
SDK argv: ["$VALIDATION_STORAGE/504-manager-r1/sdk-install/bin/riscv32-linux-gcc", "-dumpfullversion"]
SDK argv: ["$VALIDATION_STORAGE/504-manager-r1/sdk-install/bin/riscv32-linux-gcc", "-dumpmachine"]
SDK argv: ["$VALIDATION_STORAGE/504-manager-r1/sdk-install/bin/riscv32-linux-gcc", "-print-sysroot"]
SDK verified: {"archive_sha256": "d42680e926542595c4c87629d33f5f90aac1e9a964c8955089e0514caa01b78f", "archive_url": "https://toolchains.bootlin.com/downloads/releases/toolchains/riscv32-ilp32d/tarballs/riscv32-ilp32d--glibc--stable-2025.08-1.tar.xz", "destination": "$VALIDATION_STORAGE/504-manager-r1/sdk-install", "host": {"architecture": "x86_64", "os": "Linux"}, "installer_revision": 1, "installer_sha256": "ffcc5433d97209b00cac5155c61bc464a43a60fec49bce0330d81279e1df7cb4", "release": "riscv32-ilp32d--glibc--stable-2025.08-1"}
SDK tools: {"compiler": "$VALIDATION_STORAGE/504-manager-r1/sdk-install/bin/riscv32-linux-gcc", "gcc_version": "14.3.0", "realpath": "$VALIDATION_STORAGE/504-manager-r1/sdk-install/bin/toolchain-wrapper", "sysroot": "$VALIDATION_STORAGE/504-manager-r1/sdk-install/riscv32-buildroot-linux-gnu/sysroot", "target": "riscv32-buildroot-linux-gnu", "version": "riscv32-linux-gcc.br_real (Buildroot 2021.11-18033-g83947c7bb6) 14.3.0\nCopyright (C) 2024 Free Software Foundation, Inc.\nThis is free software; see the source for copying conditions.  There is NO\nwarranty; not even for MERCHANTABILITY or FITNESS FOR A PARTICULAR PURPOSE."}
  [gate 1b] 5 product configs and 11 refusal arms pass
  [gate 1b] compiler argv[0]=$WORKSPACE_HOME/br-milan-rv32/host/bin/riscv32-linux-gcc version=riscv32-linux-gcc.br_real (Buildroot 2021.11-18033-g83947c7bb6) 14.3.0 driver=()
ok : second source pulled in by a ??= trigraph include
ok : entity enabled through a phase-2-spliced call name
ok : entity enabled through a space phase-2 token splice
ok : entity enabled through a tab phase-2 token splice
ok : entity enabled through a form-feed phase-2 token splice
ok : entity enabled through a vertical-tab phase-2 token splice
ok : entity enabled through a pasted call name
ok : a pasted call name in an arm the stub tree drops
ok : a spliced call name in an arm the stub tree drops
ok : a spliced call name in an arm only the product compiles
ok : a spliced call name onto a literal address in a dropped arm
ok : the CSR identity sample forged by a splice of its name between its read and its mismatch guard
ok : the CSR identity sample forged by a paste of its name
ok : the CSR identity sample forged by a paste a second macro reaches
ok : PP_CTRL's name redefined onto ADP_CTRL through a #define whose name a splice joins
ok : the identity magic redefined as a fresh read of the sample
ok : the identity magic redefined as the sample itself
ok : entity enable hidden in a continuation-line macro body and invoked from a UART handler
ok : entity enable hidden after form-feed macro continuation whitespace
ok : the store primitive hidden in a macro whose #define a splice splits
ok : open quotes in two #defines bracketing a product-only store
ok : a raw string literal in a UART command handler
ok : a ??/ trigraph ending a comment before a product-only arm
ok : the pre-AEM clear dropped by a product-only #ifndef behind a form feed
ok : the pre-AEM clear dropped by a product-only #ifndef behind a vertical tab
ok : the pre-AEM clear dropped by a product-only #ifndef behind a NUL
ok : the pre-AEM clear dropped by a product-only #ifndef behind lone CR line ends
ok : the verifier's #else behind a lone CR, its hidden arm returning 1
ok : an #undef behind a form feed
ok : a second source #included behind a form feed
ok : a second #error guard, its #error behind a vertical tab
ok : ADP_CTRL's name defined a second time behind a NUL
ok : entity enabled through a spliced call name in a UART command handler
ok : entity enabled through a pasted call name in an arm only the product compiles, in a UART command handler
ok : entity enabled through a fifth pointer cast in an arm only the product compiles, behind a form feed, in a UART command handler
ok : entity enabled through a fifth pointer cast in an arm only the product compiles, behind a vertical tab, in a UART command handler
ok : entity enabled through a fifth pointer cast in an arm only the product compiles, behind a NUL, in a UART command handler
ok : entity enabled through a fifth pointer cast in an arm only the product compiles, behind lone CR line ends, in a UART command handler
ok : entity enabled by a lui-based inline-asm store in an arm only the product compiles, behind a form feed
ok : an arm only the product compiles, behind a form feed, short-circuiting the choke point's verdict test
BAD: entity enabled through a cast in the product's arm, behind an #else a splice splits
    entity enabled through a cast in the product's arm, behind an #else a splice splits mutation was rejected for the wrong reason: under the arm selection line 1499 `#ifndef CSR_UART_BASE`: CSR_UART_BASE not defined, arm 1 of 1 taken, graded as a firmware of its own (whatever its headers select, the product builds one of the selections graded): the firmware's preprocessing directives are pinned, and 
ok : entity enabled through a cast in the second of two groups on CSR_UART_BASE
ok : a boot step erased by a function-like macro of its own name
PROBE DONE: 43 result(s), 182 compiles, 126.7 s
