Running "main" (75 tests)...
  "mrp_pdu_suite": 1690 passes in 12ms.
  "timer_suite": 14 passes in 2ms.
  "msrp_values_suite": 23 passes in 1ms.
  "receive_suite": 83 passes in 4ms.
  "transmit_suite": 106 passes in 6ms.
  "integration_suite": 371 passes in 18ms.
  "milan_suite": 442 passes in 9ms.
$PACKET/scratch/plants-OFF/y02-publish-ignores-policy/source/tests/unit/review_test.c:811: Failure: boundaries_suite -> propagation_obeys_talker_and_listener_policy_masks 
	Expected [typed_state(a, 0, 1, 1).appl] to [equal] [MRP_APPL_STATE_VO]
		actual value:			[1]
		expected value:			[0]

$PACKET/scratch/plants-OFF/y02-publish-ignores-policy/source/tests/unit/review_test.c:817: Failure: boundaries_suite -> propagation_obeys_talker_and_listener_policy_masks 
	Expected [typed_state(a, 1, 3, 1).count] to [equal] [0]
		actual value:			[1]
		expected value:			[0]

$PACKET/scratch/plants-OFF/y02-publish-ignores-policy/source/tests/unit/review_test.c:818: Failure: boundaries_suite -> propagation_obeys_talker_and_listener_policy_masks 
	Expected [typed_state(a, 2, 3, 1).appl] to [equal] [MRP_APPL_STATE_VO]
		actual value:			[1]
		expected value:			[0]

  "boundaries_suite": 2013 passes, 3 failures in 40ms.
Completed "main": 4742 passes, 3 failures in 92ms.
