# cmd: python3 scripts/probe.py $REVIEWS/r436-1-ppP2 70bf017d62d60b4401126c7b1bb087f4cb115c5a receipts/probes scratch/probes 10
# dir: .
# start: 2026-10-02T17:26:09+02:00
W4__pristine ANCHOR None
W7__silent 2 ('326', '94', '232')
W5__pristine 2 ('326', '324', '2')
W6__pristine 0 ('326', '326', '0')
W1__pristine 2 ('326', '293', '33')
W7__pristine 2 ('326', '297', '29')
W9__pristine 2 ('326', '324', '2')
W8__pristine 2 ('326', '303', '23')
W2__pristine 2 ('326', '291', '35')
W3__pristine 2 ('326', '317', '9')
W3__unsol 2 ('326', '317', '9')
W10__pristine 2 ('326', '322', '4')
W12__pristine 2 ('326', '303', '23')
W10__silent 2 ('326', '94', '232')
W11__pristine 2 ('326', '324', '2')
W12__silent 2 ('326', '110', '216')
W14__pristine 2 ('326', '321', '5')
W14__silent 2 ('326', '94', '232')
W13__silent 2 ('326', '110', '216')
W13__pristine 2 ('326', '323', '3')
W15__pristine 0 ('326', '326', '0')
W15b__pristine 0 ('326', '326', '0')
W16__silent 2 ('326', '110', '216')
W20__pristine 2 ('326', '318', '8')
W17__pristine 2 ('326', '324', '2')
W21__short 2 ('326', '247', '79')
W16__pristine 0 ('326', '326', '0')
W19__pristine 2 ('326', '299', '27')
W21__pristine 2 ('326', '321', '5')
W18__pristine 2 ('326', '324', '2')
W21__coinc 2 ('326', '321', '5')
W22__pristine 2 ('326', '311', '15')
W22__coinc 2 ('326', '311', '15')
W22__short 2 ('326', '160', '166')
W23__coinc 2 ('326', '319', '7')
W23__pristine 2 ('326', '319', '7')
W26__pristine 2 ('326', '274', '52')
W24__pristine 2 ('326', '325', '1')
W23__short 2 ('326', '245', '81')
W25__pristine 2 ('326', '295', '31')
W26__silent 2 ('326', '59', '267')
W27__pristine 2 ('326', '322', '4')
V37__pristine 2 ('326', '322', '4')
V37__silent 2 ('326', '110', '216')
V37__unsol 2 ('326', '322', '4')
V1000__short 2 ('326', '249', '77')
V37__short 2 ('326', '248', '78')
V1000__silent 2 ('326', '110', '216')
V37__coinc 2 ('326', '322', '4')
V1000__pristine 2 ('326', '323', '3')
V1000__unsol 2 ('326', '323', '3')
V1000__coinc 2 ('326', '323', '3')
A2__pristine 2 ('365', '359', '6')
A1__pristine 2 ('16', '13', '3')
A3__pristine 2 ('16', '11', '5')
A4__pristine 2 ('16', '15', '1')
# end: 2026-10-02T17:27:06+02:00 rc=0
