Note: Google Test filter = SrpRetry.WholeInvalidPduIsMalformedAndFutureUnknownMessageIsSkipped
[==========] Running 1 test from 1 test suite.
[----------] Global test environment set-up.
[----------] 1 test from SrpRetry
[ RUN      ] SrpRetry.WholeInvalidPduIsMalformedAndFutureUnknownMessageIsSkipped
${REPO}/sw/firmware/ctrl/test/srp_rx_retry.cpp:252: Failure
Value of: adapter.ifs[0].active[0]
  Actual: false
Expected: true

  [FAIL] SrpRetry.WholeInvalidPduIsMalformedAndFutureUnknownMessageIsSkipped: Expected: true
${REPO}/sw/firmware/ctrl/test/srp_rx_retry.cpp:253: Failure
Expected equality of these values:
  adapter.malformed
    Which is: 2
  1u
    Which is: 1

  [FAIL] SrpRetry.WholeInvalidPduIsMalformedAndFutureUnknownMessageIsSkipped:     Which is: 1
${REPO}/sw/firmware/ctrl/test/srp_rx_retry.cpp:254: Failure
Expected equality of these values:
  adapter.received
    Which is: 0
  1u
    Which is: 1

  [FAIL] SrpRetry.WholeInvalidPduIsMalformedAndFutureUnknownMessageIsSkipped:     Which is: 1
${REPO}/sw/firmware/ctrl/test/srp_rx_retry.cpp:251: Failure
Actual function call count doesn't match EXPECT_CALL(licence, Change(0,0,true))...
         Expected: to be called once
           Actual: never called - unsatisfied and active

  [FAIL] SrpRetry.WholeInvalidPduIsMalformedAndFutureUnknownMessageIsSkipped:            Actual: never called - unsatisfied and active
${REPO}/sw/firmware/ctrl/test/srp_rx_retry.cpp:255: Failure
Actual function call count doesn't match EXPECT_CALL(licence, Change(0,0,false))...
         Expected: to be called once
           Actual: never called - unsatisfied and active

  [FAIL] SrpRetry.WholeInvalidPduIsMalformedAndFutureUnknownMessageIsSkipped:            Actual: never called - unsatisfied and active
[  FAILED  ] SrpRetry.WholeInvalidPduIsMalformedAndFutureUnknownMessageIsSkipped (0 ms)
[----------] 1 test from SrpRetry (0 ms total)

[----------] Global test environment tear-down
[==========] 1 test from 1 test suite ran. (0 ms total)
[  PASSED  ] 0 tests.
[  FAILED  ] 1 test, listed below:
[  FAILED  ] SrpRetry.WholeInvalidPduIsMalformedAndFutureUnknownMessageIsSkipped

 1 FAILED TEST
== ctrl SRP receive recovery: checks: 1   failures: 1 ==
RESULT: FAIL
  verdict: FAIL (its tallies report 1 failure(s) across 1 checks, exit 1)