-- Install configuration: ""
-- Installing: $PACKET/scratch/prefix/share/bash-completion/completions/cgreen-runner
-- Installing: $PACKET/scratch/prefix/share/bash-completion/completions/cgreen-debug
-- Installing: $PACKET/scratch/prefix/lib/cmake/cgreen/cgreen-config.cmake
-- Installing: $PACKET/scratch/prefix/lib/cmake/cgreen/cgreen-config-version.cmake
-- Installing: $PACKET/scratch/prefix/lib/libcgreen.so.1.7.0
-- Installing: $PACKET/scratch/prefix/lib/libcgreen.so.1
-- Installing: $PACKET/scratch/prefix/lib/libcgreen.so
-- Installing: $PACKET/scratch/prefix/share/man
-- Installing: $PACKET/scratch/prefix/share/man/man1
-- Installing: $PACKET/scratch/prefix/share/man/man1/cgreen-runner.1
-- Installing: $PACKET/scratch/prefix/share/man/man1/cgreen-debug.1
-- Installing: $PACKET/scratch/prefix/share/man/man5
-- Installing: $PACKET/scratch/prefix/share/man/man5/cgreen.5
-- Installing: $PACKET/scratch/prefix/include/cgreen/assertions.h
-- Installing: $PACKET/scratch/prefix/include/cgreen/boxed_double.h
-- Installing: $PACKET/scratch/prefix/include/cgreen/breadcrumb.h
-- Installing: $PACKET/scratch/prefix/include/cgreen/cdash_reporter.h
-- Installing: $PACKET/scratch/prefix/include/cgreen/cgreen.h
-- Installing: $PACKET/scratch/prefix/include/cgreen/cgreen_value.h
-- Installing: $PACKET/scratch/prefix/include/cgreen/constraint.h
-- Installing: $PACKET/scratch/prefix/include/cgreen/constraint_syntax_helpers.h
-- Installing: $PACKET/scratch/prefix/include/cgreen/cpp_assertions.h
-- Installing: $PACKET/scratch/prefix/include/cgreen/cpp_constraint.h
-- Installing: $PACKET/scratch/prefix/include/cgreen/cute_reporter.h
-- Installing: $PACKET/scratch/prefix/include/cgreen/filename.h
-- Installing: $PACKET/scratch/prefix/include/cgreen/legacy.h
-- Installing: $PACKET/scratch/prefix/include/cgreen/mocks.h
-- Installing: $PACKET/scratch/prefix/include/cgreen/string_comparison.h
-- Installing: $PACKET/scratch/prefix/include/cgreen/reporter.h
-- Installing: $PACKET/scratch/prefix/include/cgreen/runner.h
-- Installing: $PACKET/scratch/prefix/include/cgreen/suite.h
-- Installing: $PACKET/scratch/prefix/include/cgreen/text_reporter.h
-- Installing: $PACKET/scratch/prefix/include/cgreen/unit.h
-- Installing: $PACKET/scratch/prefix/include/cgreen/vector.h
-- Installing: $PACKET/scratch/prefix/include/cgreen/xml_reporter.h
-- Installing: $PACKET/scratch/prefix/include/cgreen/internal/unit_implementation.h
-- Installing: $PACKET/scratch/prefix/include/cgreen/internal/mock_table.h
-- Installing: $PACKET/scratch/prefix/include/cgreen/internal/mocks_internal.h
-- Installing: $PACKET/scratch/prefix/include/cgreen/internal/suite_internal.h
-- Installing: $PACKET/scratch/prefix/include/cgreen/internal/assertions_internal.h
-- Installing: $PACKET/scratch/prefix/include/cgreen/internal/c_assertions.h
-- Installing: $PACKET/scratch/prefix/include/cgreen/internal/cpp_assertions.h
-- Installing: $PACKET/scratch/prefix/include/cgreen/internal/cgreen_pipe.h
-- Installing: $PACKET/scratch/prefix/include/cgreen/internal/cgreen_time.h
-- Installing: $PACKET/scratch/prefix/include/cgreen/internal/runner_platform.h
-- Installing: $PACKET/scratch/prefix/include/cgreen/internal/function_macro.h
-- Installing: $PACKET/scratch/prefix/include/cgreen/internal/stringify_token.h
-- Installing: $PACKET/scratch/prefix/include/cgreen/internal/constraint_syntax_helpers_internal.h
