543327 1790405185.099113 mkdir("/tmp/517-a324-write-audit/shared/milan_nxn_tyvO5F", 0700) = 0
543335 1790405185.102875 openat(AT_FDCWD<$LANES/517-bounded-simulation-pool/tb/verilator/milan_dp>, "/dev/tty", O_RDWR|O_NONBLOCK) = -1 ENXIO (No such device or address)
543336 1790405185.107548 openat(AT_FDCWD<$LANES/517-bounded-simulation-pool/tb/verilator/milan_dp>, "/tmp/517-a324-write-audit/shared/milan_nxn_tyvO5F/generator.log", O_WRONLY|O_CREAT|O_TRUNC, 0666) = 3</tmp/517-a324-write-audit/shared/milan_nxn_tyvO5F/generator.log>
543336 1790405185.110942 openat(AT_FDCWD<$LANES/517-bounded-simulation-pool/tb/verilator/milan_dp>, "/dev/tty", O_RDWR|O_NONBLOCK) = -1 ENXIO (No such device or address)
543336 1790405185.359732 mkdir("/tmp/517-a324-write-audit/shared/milan_nxn_tyvO5F/builder/endstation_ax7101_1x1_tdm8", 0777) = -1 ENOENT (No such file or directory)
543336 1790405185.359820 mkdir("/tmp/517-a324-write-audit/shared/milan_nxn_tyvO5F/builder", 0777) = 0
543336 1790405185.359879 mkdir("/tmp/517-a324-write-audit/shared/milan_nxn_tyvO5F/builder/endstation_ax7101_1x1_tdm8", 0777) = 0
543336 1790405185.359940 openat(AT_FDCWD<$LANES/517-bounded-simulation-pool/tb/verilator/milan_dp>, "/tmp/517-a324-write-audit/shared/milan_nxn_tyvO5F/builder/endstation_ax7101_1x1_tdm8/soc_params.json", O_WRONLY|O_CREAT|O_TRUNC|O_CLOEXEC, 0666) = 3</tmp/517-a324-write-audit/shared/milan_nxn_tyvO5F/builder/endstation_ax7101_1x1_tdm8/soc_params.json>
543336 1790405185.360253 openat(AT_FDCWD<$LANES/517-bounded-simulation-pool/tb/verilator/milan_dp>, "/tmp/517-a324-write-audit/shared/milan_nxn_tyvO5F/builder/endstation_ax7101_1x1_tdm8/aem_overlay.json", O_WRONLY|O_CREAT|O_TRUNC|O_CLOEXEC, 0666) = 3</tmp/517-a324-write-audit/shared/milan_nxn_tyvO5F/builder/endstation_ax7101_1x1_tdm8/aem_overlay.json>
543337 1790405185.466913 openat(AT_FDCWD<$LANES/517-bounded-simulation-pool/tb/verilator/milan_dp>, "/tmp/517-a324-write-audit/shared/milan_nxn_tyvO5F/builder/endstation_ax7101_1x1_tdm8/gptp_ucode.hex", O_WRONLY|O_CREAT|O_TRUNC|O_CLOEXEC, 0666) = 3</tmp/517-a324-write-audit/shared/milan_nxn_tyvO5F/builder/endstation_ax7101_1x1_tdm8/gptp_ucode.hex>
543336 1790405185.474920 openat(AT_FDCWD<$LANES/517-bounded-simulation-pool/tb/verilator/milan_dp>, "/tmp/517-a324-write-audit/shared/milan_nxn_tyvO5F/builder/endstation_ax7101_1x1_tdm8/build_plan.md", O_WRONLY|O_CREAT|O_TRUNC|O_CLOEXEC, 0666) = 3</tmp/517-a324-write-audit/shared/milan_nxn_tyvO5F/builder/endstation_ax7101_1x1_tdm8/build_plan.md>
543336 1790405185.475223 openat(AT_FDCWD<$LANES/517-bounded-simulation-pool/tb/verilator/milan_dp>, "/tmp/517-a324-write-audit/shared/milan_nxn_tyvO5F/builder/endstation_ax7101_1x1_tdm8/lwsrp_table.json", O_WRONLY|O_CREAT|O_TRUNC|O_CLOEXEC, 0666) = 3</tmp/517-a324-write-audit/shared/milan_nxn_tyvO5F/builder/endstation_ax7101_1x1_tdm8/lwsrp_table.json>
543336 1790405185.475608 openat(AT_FDCWD<$LANES/517-bounded-simulation-pool/tb/verilator/milan_dp>, "/tmp/517-a324-write-audit/shared/milan_nxn_tyvO5F/builder/endstation_ax7101_1x1_tdm8/lwsrp_table.svh", O_WRONLY|O_CREAT|O_TRUNC|O_CLOEXEC, 0666) = 3</tmp/517-a324-write-audit/shared/milan_nxn_tyvO5F/builder/endstation_ax7101_1x1_tdm8/lwsrp_table.svh>
543336 1790405185.475867 openat(AT_FDCWD<$LANES/517-bounded-simulation-pool/tb/verilator/milan_dp>, "/tmp/517-a324-write-audit/shared/milan_nxn_tyvO5F/builder/endstation_ax7101_1x1_tdm8/lwsrp_csr_defaults.svh", O_WRONLY|O_CREAT|O_TRUNC|O_CLOEXEC, 0666) = 3</tmp/517-a324-write-audit/shared/milan_nxn_tyvO5F/builder/endstation_ax7101_1x1_tdm8/lwsrp_csr_defaults.svh>
543336 1790405185.476181 openat(AT_FDCWD<$LANES/517-bounded-simulation-pool/tb/verilator/milan_dp>, "/tmp/517-a324-write-audit/shared/milan_nxn_tyvO5F/builder/endstation_ax7101_1x1_tdm8/adp_shape_defaults.svh", O_WRONLY|O_CREAT|O_TRUNC|O_CLOEXEC, 0666) = 3</tmp/517-a324-write-audit/shared/milan_nxn_tyvO5F/builder/endstation_ax7101_1x1_tdm8/adp_shape_defaults.svh>
543336 1790405185.476442 openat(AT_FDCWD<$LANES/517-bounded-simulation-pool/tb/verilator/milan_dp>, "/tmp/517-a324-write-audit/shared/milan_nxn_tyvO5F/builder/endstation_ax7101_1x1_tdm8/aecp_aem_rom.svh", O_WRONLY|O_CREAT|O_TRUNC|O_CLOEXEC, 0666) = 3</tmp/517-a324-write-audit/shared/milan_nxn_tyvO5F/builder/endstation_ax7101_1x1_tdm8/aecp_aem_rom.svh>
543336 1790405185.476803 openat(AT_FDCWD<$LANES/517-bounded-simulation-pool/tb/verilator/milan_dp>, "/tmp/517-a324-write-audit/shared/milan_nxn_tyvO5F/builder/endstation_ax7101_1x1_tdm8/platform_shape.json", O_WRONLY|O_CREAT|O_TRUNC|O_CLOEXEC, 0666) = 3</tmp/517-a324-write-audit/shared/milan_nxn_tyvO5F/builder/endstation_ax7101_1x1_tdm8/platform_shape.json>
543336 1790405185.477109 mkdir("/tmp/517-a324-write-audit/shared/milan_nxn_tyvO5F/builder/endstation_ax7101_1x1_tdm8/gen", 0777) = 0
543336 1790405185.477177 openat(AT_FDCWD<$LANES/517-bounded-simulation-pool/tb/verilator/milan_dp>, "/tmp/517-a324-write-audit/shared/milan_nxn_tyvO5F/builder/endstation_ax7101_1x1_tdm8/gen/adp_shape_defaults.svh", O_WRONLY|O_CREAT|O_TRUNC|O_CLOEXEC, 0666) = 3</tmp/517-a324-write-audit/shared/milan_nxn_tyvO5F/builder/endstation_ax7101_1x1_tdm8/gen/adp_shape_defaults.svh>
543341 1790405185.493526 openat(AT_FDCWD<$LANES/517-bounded-simulation-pool/tb/verilator/milan_dp>, "/dev/tty", O_RDWR|O_NONBLOCK) = -1 ENXIO (No such device or address)
543342 1790405185.498090 openat(AT_FDCWD<$LANES/517-bounded-simulation-pool/tb/verilator/milan_dp>, "/tmp/517-a324-write-audit/shared/milan_nxn_tyvO5F/generator.log", O_WRONLY|O_CREAT|O_TRUNC, 0666) = 3</tmp/517-a324-write-audit/shared/milan_nxn_tyvO5F/generator.log>
543342 1790405185.501413 openat(AT_FDCWD<$LANES/517-bounded-simulation-pool/tb/verilator/milan_dp>, "/dev/tty", O_RDWR|O_NONBLOCK) = -1 ENXIO (No such device or address)
543342 1790405185.624951 openat(AT_FDCWD<$LANES/517-bounded-simulation-pool/tb/verilator/milan_dp>, "/tmp/517-a324-write-audit/shared/milan_nxn_tyvO5F/image.json", O_WRONLY|O_CREAT|O_TRUNC|O_CLOEXEC, 0666) = 3</tmp/517-a324-write-audit/shared/milan_nxn_tyvO5F/image.json>
543342 1790405185.625489 openat(AT_FDCWD<$LANES/517-bounded-simulation-pool/tb/verilator/milan_dp>, "/tmp/517-a324-write-audit/shared/milan_nxn_tyvO5F/image.bin", O_WRONLY|O_CREAT|O_TRUNC|O_CLOEXEC, 0666) = 3</tmp/517-a324-write-audit/shared/milan_nxn_tyvO5F/image.bin>
543327 1790405185.634642 unlinkat(3</tmp/517-a324-write-audit/shared/milan_nxn_tyvO5F>, "image.bin", 0) = 0 (DELAYED)
543327 1790405185.734814 unlinkat(3</tmp/517-a324-write-audit/shared/milan_nxn_tyvO5F>, "image.json", 0) = 0 (DELAYED)
543327 1790405185.835639 unlinkat(6</tmp/517-a324-write-audit/shared/milan_nxn_tyvO5F/builder/endstation_ax7101_1x1_tdm8/gen>, "adp_shape_defaults.svh", 0) = 0 (DELAYED)
543327 1790405185.936194 unlinkat(5</tmp/517-a324-write-audit/shared/milan_nxn_tyvO5F/builder/endstation_ax7101_1x1_tdm8>, "gen", AT_REMOVEDIR) = 0 (DELAYED)
543327 1790405186.036401 unlinkat(5</tmp/517-a324-write-audit/shared/milan_nxn_tyvO5F/builder/endstation_ax7101_1x1_tdm8>, "platform_shape.json", 0) = 0 (DELAYED)
543327 1790405186.136568 unlinkat(5</tmp/517-a324-write-audit/shared/milan_nxn_tyvO5F/builder/endstation_ax7101_1x1_tdm8>, "aecp_aem_rom.svh", 0) = 0 (DELAYED)
543327 1790405186.236739 unlinkat(5</tmp/517-a324-write-audit/shared/milan_nxn_tyvO5F/builder/endstation_ax7101_1x1_tdm8>, "adp_shape_defaults.svh", 0) = 0 (DELAYED)
543327 1790405186.336931 unlinkat(5</tmp/517-a324-write-audit/shared/milan_nxn_tyvO5F/builder/endstation_ax7101_1x1_tdm8>, "lwsrp_csr_defaults.svh", 0) = 0 (DELAYED)
543327 1790405186.437133 unlinkat(5</tmp/517-a324-write-audit/shared/milan_nxn_tyvO5F/builder/endstation_ax7101_1x1_tdm8>, "lwsrp_table.svh", 0) = 0 (DELAYED)
543327 1790405186.537304 unlinkat(5</tmp/517-a324-write-audit/shared/milan_nxn_tyvO5F/builder/endstation_ax7101_1x1_tdm8>, "lwsrp_table.json", 0) = 0 (DELAYED)
543327 1790405186.637527 unlinkat(5</tmp/517-a324-write-audit/shared/milan_nxn_tyvO5F/builder/endstation_ax7101_1x1_tdm8>, "build_plan.md", 0) = 0 (DELAYED)
543327 1790405186.737756 unlinkat(5</tmp/517-a324-write-audit/shared/milan_nxn_tyvO5F/builder/endstation_ax7101_1x1_tdm8>, "gptp_ucode.hex", 0) = 0 (DELAYED)
543327 1790405186.837961 unlinkat(5</tmp/517-a324-write-audit/shared/milan_nxn_tyvO5F/builder/endstation_ax7101_1x1_tdm8>, "aem_overlay.json", 0) = 0 (DELAYED)
543327 1790405186.938109 unlinkat(5</tmp/517-a324-write-audit/shared/milan_nxn_tyvO5F/builder/endstation_ax7101_1x1_tdm8>, "soc_params.json", 0) = 0 (DELAYED)
543327 1790405187.038706 unlinkat(4</tmp/517-a324-write-audit/shared/milan_nxn_tyvO5F/builder>, "endstation_ax7101_1x1_tdm8", AT_REMOVEDIR) = 0 (DELAYED)
543327 1790405187.139304 unlinkat(3</tmp/517-a324-write-audit/shared/milan_nxn_tyvO5F>, "builder", AT_REMOVEDIR) = 0 (DELAYED)
543327 1790405187.239494 unlinkat(3</tmp/517-a324-write-audit/shared/milan_nxn_tyvO5F>, "generator.log", 0) = 0 (DELAYED)
543327 1790405187.339819 unlink("/tmp/517-a324-write-audit/shared/milan_nxn_tyvO5F") = -1 EISDIR (Is a directory) (DELAYED)
543327 1790405187.440011 rmdir("/tmp/517-a324-write-audit/shared/milan_nxn_tyvO5F") = 0 (DELAYED)
