2026-09-22T14:16:16.2077850Z Current runner version: '2.337.0'
2026-09-22T14:16:16.2105108Z ##[group]Runner Image Provisioner
2026-09-22T14:16:16.2106005Z Hosted Compute Agent
2026-09-22T14:16:16.2106608Z Version: 20260828.587
2026-09-22T14:16:16.2107327Z Commit: abac92662cab4cc7352de4f9f9d2e2419aad9c29
2026-09-22T14:16:16.2108126Z Build Date: 2026-08-28T16:44:25Z
2026-09-22T14:16:16.2108813Z Worker ID: {b93570f7-30a8-4a17-82a2-1ea6e60925e0}
2026-09-22T14:16:16.2109651Z Azure Region: eastus
2026-09-22T14:16:16.2110222Z ##[endgroup]
2026-09-22T14:16:16.2112903Z ##[group]Operating System
2026-09-22T14:16:16.2113569Z Ubuntu
2026-09-22T14:16:16.2114162Z 24.04.5
2026-09-22T14:16:16.2114707Z LTS
2026-09-22T14:16:16.2115230Z ##[endgroup]
2026-09-22T14:16:16.2116314Z ##[group]Runner Image
2026-09-22T14:16:16.2116963Z Image: ubuntu-24.04
2026-09-22T14:16:16.2117578Z Version: 20260907.300.1
2026-09-22T14:16:16.2118981Z Included Software: https://github.com/actions/runner-images/blob/ubuntu24/20260907.300/images/ubuntu/Ubuntu2404-Readme.md
2026-09-22T14:16:16.2120632Z Image Release: https://github.com/actions/runner-images/releases/tag/ubuntu24%2F20260907.300
2026-09-22T14:16:16.2121893Z ##[endgroup]
2026-09-22T14:16:16.2123244Z ##[group]GITHUB_TOKEN Permissions
2026-09-22T14:16:16.2125534Z Contents: read
2026-09-22T14:16:16.2126293Z Metadata: read
2026-09-22T14:16:16.2126940Z Packages: read
2026-09-22T14:16:16.2127570Z ##[endgroup]
2026-09-22T14:16:16.2130108Z Secret source: Actions
2026-09-22T14:16:16.2131615Z Cache mode: write
2026-09-22T14:16:16.2132772Z Prepare workflow directory
2026-09-22T14:16:16.2540378Z Prepare all required actions
2026-09-22T14:16:16.2592342Z Getting action download info
2026-09-22T14:16:16.4569993Z Download action repository 'actions/checkout@v4' (SHA:11d5960a326750d5838078e36cf38b85af677262)
2026-09-22T14:16:16.5787965Z Download action repository 'actions/cache@v4' (SHA:0057852bfaa89a56745cba8c7296529d2fc39830)
2026-09-22T14:16:16.6774730Z Download action repository 'actions/upload-artifact@v4' (SHA:ea165f8d65b6e75b540449e92b4886f43607fa02)
2026-09-22T14:16:16.9087633Z Complete job name: Yosys shard 2/4
2026-09-22T14:16:16.9924228Z Node 20 is being deprecated. This workflow is running with Node 24 by default. If you need to temporarily use Node 20, you can set the ACTIONS_ALLOW_USE_UNSECURE_NODE_VERSION=true environment variable. For more information see: https://github.blog/changelog/2025-09-19-deprecation-of-node-20-on-github-actions-runners/
2026-09-22T14:16:16.9933504Z ##[group]Run actions/checkout@v4
2026-09-22T14:16:16.9934267Z with:
2026-09-22T14:16:16.9934724Z   repository: kebag-logic/milan-fpga
2026-09-22T14:16:16.9938493Z   token: ***
2026-09-22T14:16:16.9938916Z   ssh-strict: true
2026-09-22T14:16:16.9939344Z   ssh-user: git
2026-09-22T14:16:16.9939782Z   persist-credentials: true
2026-09-22T14:16:16.9940258Z   clean: true
2026-09-22T14:16:16.9941039Z   sparse-checkout-cone-mode: true
2026-09-22T14:16:16.9941739Z   fetch-depth: 1
2026-09-22T14:16:16.9942170Z   fetch-tags: false
2026-09-22T14:16:16.9942657Z   show-progress: true
2026-09-22T14:16:16.9943122Z   lfs: false
2026-09-22T14:16:16.9943560Z   submodules: false
2026-09-22T14:16:16.9943999Z   set-safe-directory: true
2026-09-22T14:16:16.9944497Z   allow-unsafe-pr-checkout: false
2026-09-22T14:16:16.9945348Z env:
2026-09-22T14:16:16.9945760Z   VERILATOR_VERSION: v5.050
2026-09-22T14:16:16.9946250Z   YOSYS_VERSION: v0.66
2026-09-22T14:16:16.9946785Z   TSN_GEN_REV: deca300c9eb4863fa13383b45ba6cb6fd0828671
2026-09-22T14:16:16.9947393Z ##[endgroup]
2026-09-22T14:16:17.1043146Z Syncing repository: kebag-logic/milan-fpga
2026-09-22T14:16:17.1045875Z ##[group]Getting Git version info
2026-09-22T14:16:17.1047111Z Working directory is '/home/runner/work/milan-fpga/milan-fpga'
2026-09-22T14:16:17.1048782Z [command]/usr/bin/git version
2026-09-22T14:16:17.1112500Z git version 2.55.0
2026-09-22T14:16:17.1136857Z ##[endgroup]
2026-09-22T14:16:17.1159080Z Temporarily overriding HOME='/home/runner/work/_temp/94eb6d3c-f6bb-49b1-b155-991e9393923b' before making global git config changes
2026-09-22T14:16:17.1162127Z Adding repository directory to the temporary git global config as a safe directory
2026-09-22T14:16:17.1165365Z [command]/usr/bin/git config --global --add safe.directory /home/runner/work/milan-fpga/milan-fpga
2026-09-22T14:16:17.1223446Z Deleting the contents of '/home/runner/work/milan-fpga/milan-fpga'
2026-09-22T14:16:17.1243482Z ##[group]Initializing the repository
2026-09-22T14:16:17.1245711Z [command]/usr/bin/git init /home/runner/work/milan-fpga/milan-fpga
2026-09-22T14:16:17.1459540Z hint: Using 'master' as the name for the initial branch. This default branch name
2026-09-22T14:16:17.1461363Z hint: will change to "main" in Git 3.0. To configure the initial branch name
2026-09-22T14:16:17.1462722Z hint: to use in all of your new repositories, which will suppress this warning,
2026-09-22T14:16:17.1463953Z hint: call:
2026-09-22T14:16:17.1464795Z hint:
2026-09-22T14:16:17.1465582Z hint: 	git config --global init.defaultBranch <name>
2026-09-22T14:16:17.1466687Z hint:
2026-09-22T14:16:17.1467498Z hint: Names commonly chosen instead of 'master' are 'main', 'trunk' and
2026-09-22T14:16:17.1468544Z hint: 'development'. The just-created branch can be renamed via this command:
2026-09-22T14:16:17.1469271Z hint:
2026-09-22T14:16:17.1469684Z hint: 	git branch -m <name>
2026-09-22T14:16:17.1470157Z hint:
2026-09-22T14:16:17.1471176Z hint: Disable this message with "git config set advice.defaultBranchName false"
2026-09-22T14:16:17.1472567Z Initialized empty Git repository in /home/runner/work/milan-fpga/milan-fpga/.git/
2026-09-22T14:16:17.1474974Z [command]/usr/bin/git remote add origin https://github.com/kebag-logic/milan-fpga
2026-09-22T14:16:17.1543005Z ##[endgroup]
2026-09-22T14:16:17.1544700Z ##[group]Disabling automatic garbage collection
2026-09-22T14:16:17.1547735Z [command]/usr/bin/git config --local gc.auto 0
2026-09-22T14:16:17.1585562Z ##[endgroup]
2026-09-22T14:16:17.1586316Z ##[group]Setting up auth
2026-09-22T14:16:17.1595993Z [command]/usr/bin/git config --local --name-only --get-regexp core\.sshCommand
2026-09-22T14:16:17.1641623Z [command]/usr/bin/git submodule foreach --recursive sh -c "git config --local --name-only --get-regexp 'core\.sshCommand' && git config --local --unset-all 'core.sshCommand' || :"
2026-09-22T14:16:17.2034324Z [command]/usr/bin/git config --local --name-only --get-regexp http\.https\:\/\/github\.com\/\.extraheader
2026-09-22T14:16:17.2077738Z [command]/usr/bin/git submodule foreach --recursive sh -c "git config --local --name-only --get-regexp 'http\.https\:\/\/github\.com\/\.extraheader' && git config --local --unset-all 'http.https://github.com/.extraheader' || :"
2026-09-22T14:16:17.2374587Z [command]/usr/bin/git config --local --name-only --get-regexp ^includeIf\.gitdir:
2026-09-22T14:16:17.2423390Z [command]/usr/bin/git submodule foreach --recursive git config --local --show-origin --name-only --get-regexp remote.origin.url
2026-09-22T14:16:17.2696163Z [command]/usr/bin/git config --local http.https://github.com/.extraheader AUTHORIZATION: basic ***
2026-09-22T14:16:17.2741102Z ##[endgroup]
2026-09-22T14:16:17.2742528Z ##[group]Fetching the repository
2026-09-22T14:16:17.2753178Z [command]/usr/bin/git -c protocol.version=2 fetch --no-tags --prune --no-recurse-submodules --depth=1 origin +1496558d82cf35fc98dda0e781b2a1be643c301a:refs/remotes/origin/478-audio-unit-rate-bound
2026-09-22T14:16:18.2470108Z From https://github.com/kebag-logic/milan-fpga
2026-09-22T14:16:18.2471993Z  * [new ref]         1496558d82cf35fc98dda0e781b2a1be643c301a -> origin/478-audio-unit-rate-bound
2026-09-22T14:16:18.2475050Z ##[endgroup]
2026-09-22T14:16:18.2476093Z ##[group]Determining the checkout info
2026-09-22T14:16:18.2477910Z ##[endgroup]
2026-09-22T14:16:18.2484492Z [command]/usr/bin/git sparse-checkout disable
2026-09-22T14:16:18.2540425Z [command]/usr/bin/git config --local --unset-all extensions.worktreeConfig
2026-09-22T14:16:18.2579055Z ##[group]Checking out the ref
2026-09-22T14:16:18.2595817Z [command]/usr/bin/git checkout --progress --force -B 478-audio-unit-rate-bound refs/remotes/origin/478-audio-unit-rate-bound
2026-09-22T14:16:18.4016665Z Switched to a new branch '478-audio-unit-rate-bound'
2026-09-22T14:16:18.4019352Z branch '478-audio-unit-rate-bound' set up to track 'origin/478-audio-unit-rate-bound'.
2026-09-22T14:16:18.4030563Z ##[endgroup]
2026-09-22T14:16:18.4080196Z [command]/usr/bin/git log -1 --format=%H
2026-09-22T14:16:18.4109875Z 1496558d82cf35fc98dda0e781b2a1be643c301a
2026-09-22T14:16:18.4446647Z ##[group]Run git submodule update --init third_party/verilog-axis protocol-processor gptp-processor
2026-09-22T14:16:18.4449784Z [36;1mgit submodule update --init third_party/verilog-axis protocol-processor gptp-processor[0m
2026-09-22T14:16:18.4495944Z shell: /usr/bin/bash -e {0}
2026-09-22T14:16:18.4497177Z env:
2026-09-22T14:16:18.4498169Z   VERILATOR_VERSION: v5.050
2026-09-22T14:16:18.4499345Z   YOSYS_VERSION: v0.66
2026-09-22T14:16:18.4500597Z   TSN_GEN_REV: deca300c9eb4863fa13383b45ba6cb6fd0828671
2026-09-22T14:16:18.4502423Z ##[endgroup]
2026-09-22T14:16:18.4823741Z Submodule 'gptp-processor' (https://github.com/Mister-M-alt/FPGA-gPTP.git) registered for path 'gptp-processor'
2026-09-22T14:16:18.4830584Z Submodule 'protocol-processor' (https://github.com/Mister-M-alt/protocol-processor-control-plane-avb-milan.git) registered for path 'protocol-processor'
2026-09-22T14:16:18.4837065Z Submodule 'third_party/verilog-axis' (https://github.com/alexforencich/verilog-axis) registered for path 'third_party/verilog-axis'
2026-09-22T14:16:18.4861725Z Cloning into '/home/runner/work/milan-fpga/milan-fpga/gptp-processor'...
2026-09-22T14:16:18.8491364Z Cloning into '/home/runner/work/milan-fpga/milan-fpga/protocol-processor'...
2026-09-22T14:16:19.4029291Z Cloning into '/home/runner/work/milan-fpga/milan-fpga/third_party/verilog-axis'...
2026-09-22T14:16:19.7375920Z Submodule path 'gptp-processor': checked out 'c1b617435824929a790739ea8585c3fe1a328cc0'
2026-09-22T14:16:19.7933381Z Submodule path 'protocol-processor': checked out '424c688fa2205b934a7689a58f2aa766420f2326'
2026-09-22T14:16:19.8135626Z Submodule path 'third_party/verilog-axis': checked out '48ff7a7e2ef782cf778d47910cf85835c64b1bce'
2026-09-22T14:16:19.8191700Z ##[group]Run set -euo pipefail
2026-09-22T14:16:19.8192138Z [36;1mset -euo pipefail[0m
2026-09-22T14:16:19.8192461Z [36;1mhead="$(git rev-parse HEAD)"[0m
2026-09-22T14:16:19.8192899Z [36;1mif [ "$head" != "$GITHUB_SHA" ] || [ "$GITHUB_SHA" != "$TARGET_SHA" ]; then[0m
2026-09-22T14:16:19.8193541Z [36;1m  echo "checkout $head, GITHUB_SHA $GITHUB_SHA and gate target $TARGET_SHA must be one SHA" >&2[0m
2026-09-22T14:16:19.8194057Z [36;1m  exit 1[0m
2026-09-22T14:16:19.8194309Z [36;1mfi[0m
2026-09-22T14:16:19.8194600Z [36;1mmkdir -p "$RUNNER_TEMP/yosys-results"[0m
2026-09-22T14:16:19.8195058Z [36;1mprintf '%s\n' "$GITHUB_SHA" > "$RUNNER_TEMP/yosys-results/TARGET_SHA"[0m
2026-09-22T14:16:19.8195491Z [36;1mecho "target_sha=$GITHUB_SHA"[0m
2026-09-22T14:16:19.8234122Z shell: /usr/bin/bash -e {0}
2026-09-22T14:16:19.8234484Z env:
2026-09-22T14:16:19.8234734Z   VERILATOR_VERSION: v5.050
2026-09-22T14:16:19.8235035Z   YOSYS_VERSION: v0.66
2026-09-22T14:16:19.8235404Z   TSN_GEN_REV: deca300c9eb4863fa13383b45ba6cb6fd0828671
2026-09-22T14:16:19.8235830Z   TARGET_SHA: 1496558d82cf35fc98dda0e781b2a1be643c301a
2026-09-22T14:16:19.8236191Z ##[endgroup]
2026-09-22T14:16:19.8324748Z target_sha=1496558d82cf35fc98dda0e781b2a1be643c301a
2026-09-22T14:16:19.8424280Z Node 20 is being deprecated. This workflow is running with Node 24 by default. If you need to temporarily use Node 20, you can set the ACTIONS_ALLOW_USE_UNSECURE_NODE_VERSION=true environment variable. For more information see: https://github.blog/changelog/2025-09-19-deprecation-of-node-20-on-github-actions-runners/
2026-09-22T14:16:19.8425949Z ##[group]Run actions/cache@v4
2026-09-22T14:16:19.8426354Z with:
2026-09-22T14:16:19.8426675Z   path: /opt/yosys
2026-09-22T14:16:19.8426942Z   key: yosys-v0.66-Linux
2026-09-22T14:16:19.8427229Z   enableCrossOsArchive: false
2026-09-22T14:16:19.8427808Z   fail-on-cache-miss: false
2026-09-22T14:16:19.8428098Z   lookup-only: false
2026-09-22T14:16:19.8428357Z   save-always: false
2026-09-22T14:16:19.8428601Z env:
2026-09-22T14:16:19.8428868Z   VERILATOR_VERSION: v5.050
2026-09-22T14:16:19.8429177Z   YOSYS_VERSION: v0.66
2026-09-22T14:16:19.8429490Z   TSN_GEN_REV: deca300c9eb4863fa13383b45ba6cb6fd0828671
2026-09-22T14:16:19.8429877Z ##[endgroup]
2026-09-22T14:16:19.9559406Z (node:2324) [DEP0040] DeprecationWarning: The `punycode` module is deprecated. Please use a userland alternative instead.
2026-09-22T14:16:19.9560511Z (Use `node --trace-deprecation ...` to show where the warning was created)
2026-09-22T14:16:20.0338882Z Cache hit for: yosys-v0.66-Linux
2026-09-22T14:16:20.0452794Z (node:2324) [DEP0169] DeprecationWarning: `url.parse()` behavior is not standardized and prone to errors that have security implications. Use the WHATWG URL API instead. CVEs are not issued for `url.parse()` vulnerabilities.
2026-09-22T14:16:20.2688069Z Received 19685025 of 19685025 (100.0%), 93.4 MBs/sec
2026-09-22T14:16:20.2688515Z Cache Size: ~19 MB (19685025 B)
2026-09-22T14:16:20.2719409Z [command]/usr/bin/tar -xf /home/runner/work/_temp/d601be0a-9972-479b-ab70-9c6080e594df/cache.tzst -P -C /home/runner/work/milan-fpga/milan-fpga --use-compress-program unzstd
2026-09-22T14:16:20.5101728Z Cache restored successfully
2026-09-22T14:16:20.5189174Z Cache restored from key: yosys-v0.66-Linux
2026-09-22T14:16:20.5342237Z ##[group]Run set -euo pipefail
2026-09-22T14:16:20.5342749Z [36;1mset -euo pipefail[0m
2026-09-22T14:16:20.5343025Z [36;1msudo apt-get update -qq[0m
2026-09-22T14:16:20.5343411Z [36;1msudo apt-get install -y --no-install-recommends libjemalloc2[0m
2026-09-22T14:16:20.5343932Z [36;1msudo ln -sf /opt/yosys/bin/yosys /opt/yosys/bin/yosys-abc /usr/local/bin/[0m
2026-09-22T14:16:20.5344355Z [36;1mtest -x /opt/yosys/bin/yosys-abc[0m
2026-09-22T14:16:20.5344680Z [36;1mecho "bundled ABC: $(cat /opt/yosys/ABC_REV)"[0m
2026-09-22T14:16:20.5344993Z [36;1myosys -V[0m
2026-09-22T14:16:20.5345268Z [36;1myosys -V | grep -F "Yosys ${YOSYS_VERSION#v}"[0m
2026-09-22T14:16:20.5381922Z shell: /usr/bin/bash -e {0}
2026-09-22T14:16:20.5382180Z env:
2026-09-22T14:16:20.5382384Z   VERILATOR_VERSION: v5.050
2026-09-22T14:16:20.5382643Z   YOSYS_VERSION: v0.66
2026-09-22T14:16:20.5382914Z   TSN_GEN_REV: deca300c9eb4863fa13383b45ba6cb6fd0828671
2026-09-22T14:16:20.5383227Z ##[endgroup]
2026-09-22T14:16:27.0321577Z Reading package lists...
2026-09-22T14:16:27.2623436Z Building dependency tree...
2026-09-22T14:16:27.2631767Z Reading state information...
2026-09-22T14:16:27.5135001Z The following NEW packages will be installed:
2026-09-22T14:16:27.5143390Z   libjemalloc2
2026-09-22T14:16:27.5349430Z 0 upgraded, 1 newly installed, 0 to remove and 87 not upgraded.
2026-09-22T14:16:27.5350141Z Need to get 256 kB of archives.
2026-09-22T14:16:27.5350896Z After this operation, 859 kB of additional disk space will be used.
2026-09-22T14:16:27.5351350Z Get:1 file:/etc/apt/apt-mirrors.txt Mirrorlist [144 B]
2026-09-22T14:16:27.5600013Z Get:2 http://azure.archive.ubuntu.com/ubuntu noble/universe amd64 libjemalloc2 amd64 5.3.0-2build1 [256 kB]
2026-09-22T14:16:27.8410162Z Fetched 256 kB in 0s (5760 kB/s)
2026-09-22T14:16:27.8704538Z Selecting previously unselected package libjemalloc2:amd64.
2026-09-22T14:16:27.9020226Z (Reading database ... 
2026-09-22T14:16:27.9020938Z (Reading database ... 5%
2026-09-22T14:16:27.9021502Z (Reading database ... 10%
2026-09-22T14:16:27.9021864Z (Reading database ... 15%
2026-09-22T14:16:27.9022128Z (Reading database ... 20%
2026-09-22T14:16:27.9022388Z (Reading database ... 25%
2026-09-22T14:16:27.9022968Z (Reading database ... 30%
2026-09-22T14:16:27.9023435Z (Reading database ... 35%
2026-09-22T14:16:27.9023876Z (Reading database ... 40%
2026-09-22T14:16:27.9024313Z (Reading database ... 45%
2026-09-22T14:16:27.9024718Z (Reading database ... 50%
2026-09-22T14:16:27.9091645Z (Reading database ... 55%
2026-09-22T14:16:28.0559055Z (Reading database ... 60%
2026-09-22T14:16:28.2112117Z (Reading database ... 65%
2026-09-22T14:16:28.4102544Z (Reading database ... 70%
2026-09-22T14:16:28.5512926Z (Reading database ... 75%
2026-09-22T14:16:28.7325538Z (Reading database ... 80%
2026-09-22T14:16:28.8568543Z (Reading database ... 85%
2026-09-22T14:16:29.0110793Z (Reading database ... 90%
2026-09-22T14:16:29.1241667Z (Reading database ... 95%
2026-09-22T14:16:29.1242201Z (Reading database ... 100%
2026-09-22T14:16:29.1242788Z (Reading database ... 201818 files and directories currently installed.)
2026-09-22T14:16:29.1285540Z Preparing to unpack .../libjemalloc2_5.3.0-2build1_amd64.deb ...
2026-09-22T14:16:29.1332904Z Unpacking libjemalloc2:amd64 (5.3.0-2build1) ...
2026-09-22T14:16:29.1773938Z Setting up libjemalloc2:amd64 (5.3.0-2build1) ...
2026-09-22T14:16:29.1837441Z Processing triggers for libc-bin (2.39-0ubuntu8.8) ...
2026-09-22T14:16:29.8740497Z 
2026-09-22T14:16:29.8741409Z Running kernel seems to be up-to-date.
2026-09-22T14:16:29.8741818Z 
2026-09-22T14:16:29.8742043Z No services need to be restarted.
2026-09-22T14:16:29.8742354Z 
2026-09-22T14:16:29.8742518Z No containers need to be restarted.
2026-09-22T14:16:29.8742832Z 
2026-09-22T14:16:29.8743054Z No user sessions are running outdated binaries.
2026-09-22T14:16:29.8743412Z 
2026-09-22T14:16:29.8743755Z No VM guests are running outdated hypervisor (qemu) binaries on this host.
2026-09-22T14:16:31.0415469Z bundled ABC: 5d51a5e420f5de493d07bf61109a977248c86ffb
2026-09-22T14:16:31.0443638Z Yosys 0.66 (git sha1 86f2ddebc, g++ 13.3.0-6ubuntu2~24.04.1 -fPIC -O3)
2026-09-22T14:16:31.0486290Z Yosys 0.66 (git sha1 86f2ddebc, g++ 13.3.0-6ubuntu2~24.04.1 -fPIC -O3)
2026-09-22T14:16:31.0525610Z ##[group]Run set -euo pipefail
2026-09-22T14:16:31.0525978Z [36;1mset -euo pipefail[0m
2026-09-22T14:16:31.0526221Z [36;1mver=v0.0.12[0m
2026-09-22T14:16:31.0526607Z [36;1msha256=ff8c9eea5bc029b372fb4953427625cddb7cf7e58c1240623ac9f260818d5a00[0m
2026-09-22T14:16:31.0527210Z [36;1murl="https://github.com/zachjs/sv2v/releases/download/${ver}/sv2v-Linux.zip"[0m
2026-09-22T14:16:31.0527702Z [36;1mcurl -fsSL "$url" -o /tmp/sv2v.zip[0m
2026-09-22T14:16:31.0528085Z [36;1mecho "${sha256}  /tmp/sv2v.zip" | sha256sum -c -[0m
2026-09-22T14:16:31.0528459Z [36;1munzip -q -o /tmp/sv2v.zip -d /tmp/sv2v[0m
2026-09-22T14:16:31.0528858Z [36;1msudo install -m755 "$(find /tmp/sv2v -name sv2v -type f | head -1)" \[0m
2026-09-22T14:16:31.0529243Z [36;1m  /usr/local/bin/sv2v[0m
2026-09-22T14:16:31.0529500Z [36;1msv2v --version[0m
2026-09-22T14:16:31.0567197Z shell: /usr/bin/bash -e {0}
2026-09-22T14:16:31.0567453Z env:
2026-09-22T14:16:31.0567655Z   VERILATOR_VERSION: v5.050
2026-09-22T14:16:31.0567949Z   YOSYS_VERSION: v0.66
2026-09-22T14:16:31.0568217Z   TSN_GEN_REV: deca300c9eb4863fa13383b45ba6cb6fd0828671
2026-09-22T14:16:31.0568525Z ##[endgroup]
2026-09-22T14:16:31.2384822Z /tmp/sv2v.zip: OK
2026-09-22T14:16:31.3262769Z sv2v v0.0.12
2026-09-22T14:16:31.3384593Z Node 20 is being deprecated. This workflow is running with Node 24 by default. If you need to temporarily use Node 20, you can set the ACTIONS_ALLOW_USE_UNSECURE_NODE_VERSION=true environment variable. For more information see: https://github.blog/changelog/2025-09-19-deprecation-of-node-20-on-github-actions-runners/
2026-09-22T14:16:31.3386242Z ##[group]Run actions/cache@v4
2026-09-22T14:16:31.3386703Z with:
2026-09-22T14:16:31.3386995Z   path: /home/runner/work/_temp/yosys-result-cache
2026-09-22T14:16:31.3387463Z   key: yosys-results-v0.66-shard2-1496558d82cf35fc98dda0e781b2a1be643c301a
2026-09-22T14:16:31.3387911Z   restore-keys: yosys-results-v0.66-shard2-
2026-09-22T14:16:31.3388219Z   enableCrossOsArchive: false
2026-09-22T14:16:31.3388480Z   fail-on-cache-miss: false
2026-09-22T14:16:31.3388727Z   lookup-only: false
2026-09-22T14:16:31.3388953Z   save-always: false
2026-09-22T14:16:31.3389155Z env:
2026-09-22T14:16:31.3389358Z   VERILATOR_VERSION: v5.050
2026-09-22T14:16:31.3389646Z   YOSYS_VERSION: v0.66
2026-09-22T14:16:31.3390115Z   TSN_GEN_REV: deca300c9eb4863fa13383b45ba6cb6fd0828671
2026-09-22T14:16:31.3391526Z ##[endgroup]
2026-09-22T14:16:31.4531305Z (node:2831) [DEP0040] DeprecationWarning: The `punycode` module is deprecated. Please use a userland alternative instead.
2026-09-22T14:16:31.4532576Z (Use `node --trace-deprecation ...` to show where the warning was created)
2026-09-22T14:16:31.5314099Z Cache hit for restore-key: yosys-results-v0.66-shard2-52711029f374650dc93830d5ea28e81cb5c8f410
2026-09-22T14:16:31.5424506Z (node:2831) [DEP0169] DeprecationWarning: `url.parse()` behavior is not standardized and prone to errors that have security implications. Use the WHATWG URL API instead. CVEs are not issued for `url.parse()` vulnerabilities.
2026-09-22T14:16:31.5760986Z Received 22177 of 22177 (100.0%), 1.9 MBs/sec
2026-09-22T14:16:31.5761699Z Cache Size: ~0 MB (22177 B)
2026-09-22T14:16:31.5789092Z [command]/usr/bin/tar -xf /home/runner/work/_temp/6369efff-6f13-49df-8698-a79b63148da5/cache.tzst -P -C /home/runner/work/milan-fpga/milan-fpga --use-compress-program unzstd
2026-09-22T14:16:31.5885270Z Cache restored successfully
2026-09-22T14:16:31.6005850Z Cache restored from key: yosys-results-v0.66-shard2-52711029f374650dc93830d5ea28e81cb5c8f410
2026-09-22T14:16:31.6121059Z ##[group]Run syn/yosys/run.sh --shard "2/4" \
2026-09-22T14:16:31.6121529Z [36;1msyn/yosys/run.sh --shard "2/4" \[0m
2026-09-22T14:16:31.6121887Z [36;1m  --results "$RUNNER_TEMP/yosys-results" \[0m
2026-09-22T14:16:31.6122250Z [36;1m  --cache "$RUNNER_TEMP/yosys-result-cache"[0m
2026-09-22T14:16:31.6158404Z shell: /usr/bin/bash -e {0}
2026-09-22T14:16:31.6158673Z env:
2026-09-22T14:16:31.6158879Z   VERILATOR_VERSION: v5.050
2026-09-22T14:16:31.6159147Z   YOSYS_VERSION: v0.66
2026-09-22T14:16:31.6159431Z   TSN_GEN_REV: deca300c9eb4863fa13383b45ba6cb6fd0828671
2026-09-22T14:16:31.6159753Z ##[endgroup]
2026-09-22T14:16:32.0478135Z == Yosys open-synthesis check (synth, via sv2v; shard 2/4) ==
2026-09-22T14:16:32.0478787Z    yosys allocator: /lib/x86_64-linux-gnu/libjemalloc.so.2
2026-09-22T14:16:32.1416269Z   [PASS] tcam                   cells=4911  (result cache)
2026-09-22T14:16:32.2250411Z   [PASS] cdc_pulse              cells=6  (result cache)
2026-09-22T14:16:32.3213226Z   [PASS] adp_tx_arbiter         cells=238  (result cache)
2026-09-22T14:16:32.5701961Z   [PASS] KL_gptp_txret          cells=3350  (result cache)
2026-09-22T14:16:33.2233912Z   [PASS] KL_gptp_shadow         cells=206752  (result cache)
2026-09-22T14:16:33.3453274Z   [PASS] KL_avtp_rx_monitor     cells=1843  (result cache)
2026-09-22T14:16:33.4374814Z   [PASS] KL_stream_table        cells=209  (result cache)
2026-09-22T14:16:33.5296396Z   [PASS] KL_pcm_route           cells=12  (result cache)
2026-09-22T14:16:33.6344679Z   [PASS] KL_aaf_capture_i2s     cells=1222  (result cache)
2026-09-22T14:16:33.8233296Z   [PASS] KL_aes3_rx             cells=2696  (result cache)
2026-09-22T14:16:34.0425422Z   [PASS] KL_aaf_packetizer      cells=18522  (result cache)
2026-09-22T14:16:34.1913649Z   [PASS] KL_crf_rx              cells=30104  (result cache)
2026-09-22T14:16:34.2950181Z   [PASS] KL_media_nco           cells=536  (result cache)
2026-09-22T14:16:34.4627231Z   [PASS] KL_maap                cells=2319  (result cache)
2026-09-22T14:16:34.6493868Z   [PASS] KL_i2s_playback        cells=81509  (result cache)
2026-09-22T14:16:34.7321398Z   [PASS] KL_i2s_feed_mux        cells=221  (result cache)
2026-09-22T14:16:34.8783020Z   [PASS] KL_tdm_capture_master  cells=1208  (result cache)
2026-09-22T14:16:35.0027917Z   [PASS] KL_chan_map_render     cells=11155  (result cache)
2026-09-22T14:16:35.2320123Z   [PASS] KL_aaf_rx_depacketizer cells=60849  (result cache)
2026-09-22T14:16:35.3372700Z   [PASS] KL_ptp_clock_validity  cells=206  (result cache)
2026-09-22T14:16:35.4714267Z   [PASS] ptp_csr_sync           cells=413  (result cache)
2026-09-22T14:16:35.5733766Z   [PASS] ethernet_events        cells=1161  (result cache)
2026-09-22T14:16:35.6761402Z   [PASS] KL_mac_rmon_events     cells=449  (result cache)
2026-09-22T14:16:35.9451063Z   [PASS] queues_wrap            cells=10315  (result cache)
2026-09-22T14:16:36.1228854Z   [PASS] axis_fifo              cells=133594  (result cache)
2026-09-22T14:16:36.2374537Z   [PASS] axis_demux             cells=96  (result cache)
2026-09-22T14:16:36.2394911Z --------------------------------------------------------------
2026-09-22T14:16:36.2395431Z tops: 26   pass: 26   fail: 0
2026-09-22T14:16:36.2401296Z RESULT: PASS
2026-09-22T14:16:36.2401658Z structural checks: skipped in this worker
2026-09-22T14:16:36.2487736Z Node 20 is being deprecated. This workflow is running with Node 24 by default. If you need to temporarily use Node 20, you can set the ACTIONS_ALLOW_USE_UNSECURE_NODE_VERSION=true environment variable. For more information see: https://github.blog/changelog/2025-09-19-deprecation-of-node-20-on-github-actions-runners/
2026-09-22T14:16:36.2489100Z ##[group]Run actions/upload-artifact@v4
2026-09-22T14:16:36.2489394Z with:
2026-09-22T14:16:36.2489598Z   name: yosys-results-2
2026-09-22T14:16:36.2489866Z   path: /home/runner/work/_temp/yosys-results
2026-09-22T14:16:36.2490200Z   if-no-files-found: error
2026-09-22T14:16:36.2490454Z   retention-days: 3
2026-09-22T14:16:36.2490681Z   compression-level: 6
2026-09-22T14:16:36.2491330Z   overwrite: false
2026-09-22T14:16:36.2491564Z   include-hidden-files: false
2026-09-22T14:16:36.2491814Z env:
2026-09-22T14:16:36.2492012Z   VERILATOR_VERSION: v5.050
2026-09-22T14:16:36.2492253Z   YOSYS_VERSION: v0.66
2026-09-22T14:16:36.2492570Z   TSN_GEN_REV: deca300c9eb4863fa13383b45ba6cb6fd0828671
2026-09-22T14:16:36.2492886Z ##[endgroup]
2026-09-22T14:16:36.4295265Z (node:3313) [DEP0040] DeprecationWarning: The `punycode` module is deprecated. Please use a userland alternative instead.
2026-09-22T14:16:36.4296862Z (Use `node --trace-deprecation ...` to show where the warning was created)
2026-09-22T14:16:36.4435972Z With the provided path, there will be 27 files uploaded
2026-09-22T14:16:36.4436907Z Artifact name is valid!
2026-09-22T14:16:36.4437330Z Root directory input is valid!
2026-09-22T14:16:36.6564739Z Beginning upload of artifact content to blob storage
2026-09-22T14:16:36.7055208Z (node:3313) [DEP0169] DeprecationWarning: `url.parse()` behavior is not standardized and prone to errors that have security implications. Use the WHATWG URL API instead. CVEs are not issued for `url.parse()` vulnerabilities.
2026-09-22T14:16:36.7396543Z Uploaded bytes 5764
2026-09-22T14:16:36.7554673Z Finished uploading artifact content to blob storage!
2026-09-22T14:16:36.7555942Z SHA256 digest of uploaded artifact zip is 30c948f0761380ad0211bddc72a27fd0b8f379ce5df0cfff8f0602c5d91a1dcc
2026-09-22T14:16:36.7557500Z Finalizing artifact upload
2026-09-22T14:16:36.9859892Z Artifact yosys-results-2.zip successfully finalized. Artifact ID 10698377551
2026-09-22T14:16:36.9861642Z Artifact yosys-results-2 has been successfully uploaded! Final size is 5764 bytes. Artifact ID is 10698377551
2026-09-22T14:16:36.9868118Z Artifact download URL: https://github.com/kebag-logic/milan-fpga/actions/runs/35739098185/artifacts/10698377551
2026-09-22T14:16:37.0040077Z Node 20 is being deprecated. This workflow is running with Node 24 by default. If you need to temporarily use Node 20, you can set the ACTIONS_ALLOW_USE_UNSECURE_NODE_VERSION=true environment variable. For more information see: https://github.blog/changelog/2025-09-19-deprecation-of-node-20-on-github-actions-runners/
2026-09-22T14:16:37.0041740Z Post job cleanup.
2026-09-22T14:16:37.1242593Z (node:3325) [DEP0040] DeprecationWarning: The `punycode` module is deprecated. Please use a userland alternative instead.
2026-09-22T14:16:37.1243571Z (Use `node --trace-deprecation ...` to show where the warning was created)
2026-09-22T14:16:37.1424720Z [command]/usr/bin/tar --posix -cf cache.tzst --exclude cache.tzst -P -C /home/runner/work/milan-fpga/milan-fpga --files-from manifest.txt --use-compress-program zstdmt
2026-09-22T14:16:37.2459019Z (node:3325) [DEP0169] DeprecationWarning: `url.parse()` behavior is not standardized and prone to errors that have security implications. Use the WHATWG URL API instead. CVEs are not issued for `url.parse()` vulnerabilities.
2026-09-22T14:16:37.2803783Z Sent 22231 of 22231 (100.0%), 0.5 MBs/sec
2026-09-22T14:16:37.3968518Z Cache saved with key: yosys-results-v0.66-shard2-1496558d82cf35fc98dda0e781b2a1be643c301a
2026-09-22T14:16:37.4103021Z Node 20 is being deprecated. This workflow is running with Node 24 by default. If you need to temporarily use Node 20, you can set the ACTIONS_ALLOW_USE_UNSECURE_NODE_VERSION=true environment variable. For more information see: https://github.blog/changelog/2025-09-19-deprecation-of-node-20-on-github-actions-runners/
2026-09-22T14:16:37.4104329Z Post job cleanup.
2026-09-22T14:16:37.5261827Z Cache hit occurred on the primary key yosys-v0.66-Linux, not saving cache.
2026-09-22T14:16:37.5263924Z (node:3345) [DEP0040] DeprecationWarning: The `punycode` module is deprecated. Please use a userland alternative instead.
2026-09-22T14:16:37.5265192Z (Use `node --trace-deprecation ...` to show where the warning was created)
2026-09-22T14:16:37.5400631Z Node 20 is being deprecated. This workflow is running with Node 24 by default. If you need to temporarily use Node 20, you can set the ACTIONS_ALLOW_USE_UNSECURE_NODE_VERSION=true environment variable. For more information see: https://github.blog/changelog/2025-09-19-deprecation-of-node-20-on-github-actions-runners/
2026-09-22T14:16:37.5402262Z Post job cleanup.
2026-09-22T14:16:37.6274640Z [command]/usr/bin/git version
2026-09-22T14:16:37.6325714Z git version 2.55.0
2026-09-22T14:16:37.6366800Z Temporarily overriding HOME='/home/runner/work/_temp/1ca3afef-79b1-4642-9525-8a55e467ff1e' before making global git config changes
2026-09-22T14:16:37.6368152Z Adding repository directory to the temporary git global config as a safe directory
2026-09-22T14:16:37.6373108Z [command]/usr/bin/git config --global --add safe.directory /home/runner/work/milan-fpga/milan-fpga
2026-09-22T14:16:37.6416893Z [command]/usr/bin/git config --local --name-only --get-regexp core\.sshCommand
2026-09-22T14:16:37.6462648Z [command]/usr/bin/git submodule foreach --recursive sh -c "git config --local --name-only --get-regexp 'core\.sshCommand' && git config --local --unset-all 'core.sshCommand' || :"
2026-09-22T14:16:37.6710261Z Entering 'gptp-processor'
2026-09-22T14:16:37.6767996Z Entering 'protocol-processor'
2026-09-22T14:16:37.6815193Z Entering 'third_party/verilog-axis'
2026-09-22T14:16:37.6898342Z [command]/usr/bin/git config --local --name-only --get-regexp http\.https\:\/\/github\.com\/\.extraheader
2026-09-22T14:16:37.6933430Z http.https://github.com/.extraheader
2026-09-22T14:16:37.6946751Z [command]/usr/bin/git config --local --unset-all http.https://github.com/.extraheader
2026-09-22T14:16:37.6988237Z [command]/usr/bin/git submodule foreach --recursive sh -c "git config --local --name-only --get-regexp 'http\.https\:\/\/github\.com\/\.extraheader' && git config --local --unset-all 'http.https://github.com/.extraheader' || :"
2026-09-22T14:16:37.7243562Z Entering 'gptp-processor'
2026-09-22T14:16:37.7294675Z Entering 'protocol-processor'
2026-09-22T14:16:37.7344165Z Entering 'third_party/verilog-axis'
2026-09-22T14:16:37.7414247Z [command]/usr/bin/git config --local --name-only --get-regexp ^includeIf\.gitdir:
2026-09-22T14:16:37.7464212Z [command]/usr/bin/git submodule foreach --recursive git config --local --show-origin --name-only --get-regexp remote.origin.url
2026-09-22T14:16:37.7713790Z Entering 'gptp-processor'
2026-09-22T14:16:37.7735512Z file:/home/runner/work/milan-fpga/milan-fpga/.git/modules/gptp-processor/config	remote.origin.url
2026-09-22T14:16:37.7754552Z Entering 'protocol-processor'
2026-09-22T14:16:37.7775659Z file:/home/runner/work/milan-fpga/milan-fpga/.git/modules/protocol-processor/config	remote.origin.url
2026-09-22T14:16:37.7795317Z Entering 'third_party/verilog-axis'
2026-09-22T14:16:37.7815297Z file:/home/runner/work/milan-fpga/milan-fpga/.git/modules/third_party/verilog-axis/config	remote.origin.url
2026-09-22T14:16:37.7852600Z [command]/usr/bin/git config --file /home/runner/work/milan-fpga/milan-fpga/.git/modules/gptp-processor/config --name-only --get-regexp ^includeIf\.gitdir:
2026-09-22T14:16:37.7890931Z [command]/usr/bin/git config --file /home/runner/work/milan-fpga/milan-fpga/.git/modules/protocol-processor/config --name-only --get-regexp ^includeIf\.gitdir:
2026-09-22T14:16:37.7927275Z [command]/usr/bin/git config --file /home/runner/work/milan-fpga/milan-fpga/.git/modules/third_party/verilog-axis/config --name-only --get-regexp ^includeIf\.gitdir:
2026-09-22T14:16:37.8111138Z Cleaning up orphan processes
2026-09-22T14:16:37.8436325Z ##[warning]Node.js 20 is deprecated. The following actions target Node.js 20 but are being forced to run on Node.js 24: actions/cache@v4, actions/checkout@v4, actions/upload-artifact@v4. For more information see: https://github.blog/changelog/2025-09-19-deprecation-of-node-20-on-github-actions-runners/
