$ git fetch origin 234-area-baseline
From https://github.com/kebag-logic/milan-fpga
 * branch                234-area-baseline -> FETCH_HEAD
rc=0
$ git switch --detach d5f56313dc5a5c2716211356f99796664dc843dd
HEAD is now at d5f56313d Pin the accepted side of every name character group and the length with a 128-character key in a note and an image manifest entry, and the scope path from its first key with a record-shaped note, each with killed mutants
rc=0
$ git submodule update --init third_party/verilog-axis protocol-processor gptp-processor
Submodule 'gptp-processor' (https://github.com/Mister-M-alt/FPGA-gPTP.git) registered for path 'gptp-processor'
Submodule 'protocol-processor' (https://github.com/Mister-M-alt/protocol-processor-control-plane-avb-milan.git) registered for path 'protocol-processor'
Submodule 'third_party/verilog-axis' (https://github.com/alexforencich/verilog-axis) registered for path 'third_party/verilog-axis'
Cloning into '$FOLLOW/gptp-processor'...
Cloning into '$FOLLOW/protocol-processor'...
Cloning into '$FOLLOW/third_party/verilog-axis'...
Submodule path 'gptp-processor': checked out '5dce647ab5a01a6ecff9a982b22e3a4a1d946d3d'
Submodule path 'protocol-processor': checked out '631eeb342ca1e3fa80e734077a56a943aee76ff1'
Submodule path 'third_party/verilog-axis': checked out '48ff7a7e2ef782cf778d47910cf85835c64b1bce'
rc=0
FETCH_HEAD d5f56313dc5a5c2716211356f99796664dc843dd
HEAD d5f56313dc5a5c2716211356f99796664dc843dd tree c6dcc1b61f274a3acf0479bfe47f72c25f86708d
-efeb541ae5fe1e078332d8462dca2fc2d9cb8db5 external
 5dce647ab5a01a6ecff9a982b22e3a4a1d946d3d gptp-processor (heads/main)
 631eeb342ca1e3fa80e734077a56a943aee76ff1 protocol-processor (v2.0-429-g631eeb3)
 48ff7a7e2ef782cf778d47910cf85835c64b1bce third_party/verilog-axis (heads/master)
