detect: {"exit": 0, "iteration": 0, "mutations": ["abort_counts_as_completion", "no_generation_check", "no_tag_check", "age_never_expires", "observer_latency_off_by_one", "crossing_latency_off_by_one", "no_fence", "unseal_without_echo", "credit_never_withheld"], "scratch_removed": true, "source_unchanged": true}
detect: {"exit": 0, "iteration": 1, "mutations": ["abort_counts_as_completion", "no_generation_check", "no_tag_check", "age_never_expires", "observer_latency_off_by_one", "crossing_latency_off_by_one", "no_fence", "unseal_without_echo", "credit_never_withheld", "abort_counts_as_completion", "no_generation_check", "no_tag_check", "age_never_expires", "observer_latency_off_by_one", "crossing_latency_off_by_one", "no_fence", "unseal_without_echo", "credit_never_withheld"], "scratch_removed": true, "source_unchanged": true}
survive: {"exit": 1, "iteration": 0, "mutations": ["abort_counts_as_completion", "no_generation_check", "no_tag_check", "age_never_expires", "observer_latency_off_by_one", "crossing_latency_off_by_one", "no_fence", "unseal_without_echo", "credit_never_withheld"], "scratch_removed": true, "source_unchanged": true}
build: {"exit": 1, "iteration": 0, "mutations": ["abort_counts_as_completion", "no_generation_check", "no_tag_check", "age_never_expires", "observer_latency_off_by_one", "crossing_latency_off_by_one", "no_fence", "unseal_without_echo", "credit_never_withheld"], "scratch_removed": true, "source_unchanged": true}
make-owner: {"exit": 2, "failure_propagated": true, "normal_make_owns_lifecycle": true}
dirty: {"exit": 2, "input_unchanged": true, "make_started": false, "refusal": "dirty"}
staged: {"exit": 2, "input_unchanged": true, "make_started": false, "refusal": "staged"}
assume: {"exit": 2, "input_unchanged": true, "make_started": false, "refusal": "assume"}
skip: {"exit": 2, "input_unchanged": true, "make_started": false, "refusal": "skip"}
mode: {"exit": 2, "input_unchanged": true, "make_started": false, "refusal": "mode"}
untracked: {"exit": 2, "input_unchanged": true, "make_started": false, "refusal": "untracked"}
extra: {"exit": 2, "input_unchanged": true, "make_started": false, "refusal": "extra"}
symlink: {"exit": 2, "input_unchanged": true, "make_started": false, "refusal": "symlink"}
parent-link: {"exit": 2, "input_unchanged": true, "make_started": false, "refusal": "parent-link"}
dependency: {"exit": 2, "input_unchanged": true, "make_started": false, "refusal": "dependency"}
off-pin: {"exit": 2, "input_unchanged": true, "make_started": false, "refusal": "off-pin"}
pin-index: {"exit": 2, "input_unchanged": true, "make_started": false, "refusal": "pin-index"}
dependency-link: {"exit": 2, "input_unchanged": true, "make_started": false, "refusal": "dependency-link"}
git-env: {"exit": 2, "input_unchanged": true, "make_started": false, "refusal": "git-env"}
isolated-SIGINT: {"caller_changed": false, "cleanup_required": true, "exit": 130, "handshake": {"child": 2258979, "cwd": "/tmp/mutant-lifecycle-o0cl5nw6/isolated-SIGINT-control/gptp-shadow-mutants-1w6_6v2f/tb/verilator/gptp_shadow", "identities": {"2258978": ["14571445", "S"], "2258979": ["14571448", "S"]}, "mutations": ["abort_counts_as_completion"], "pid": 2258978, "private": "/tmp/mutant-lifecycle-o0cl5nw6/isolated-SIGINT-control/gptp-shadow-mutants-1w6_6v2f"}, "signal": "SIGINT", "unsafe_control_detected": false}
isolated-SIGTERM: {"caller_changed": false, "cleanup_required": true, "exit": 143, "handshake": {"child": 2259762, "cwd": "/tmp/mutant-lifecycle-o0cl5nw6/isolated-SIGTERM-control/gptp-shadow-mutants-xv5fjd_t/tb/verilator/gptp_shadow", "identities": {"2259719": ["14571795", "S"], "2259762": ["14571797", "S"]}, "mutations": ["abort_counts_as_completion"], "pid": 2259719, "private": "/tmp/mutant-lifecycle-o0cl5nw6/isolated-SIGTERM-control/gptp-shadow-mutants-xv5fjd_t"}, "signal": "SIGTERM", "unsafe_control_detected": false}
isolated-SIGKILL: {"caller_changed": false, "cleanup_required": false, "exit": -9, "handshake": {"child": 2261987, "cwd": "/tmp/mutant-lifecycle-o0cl5nw6/isolated-SIGKILL-control/gptp-shadow-mutants-6rucyy9n/tb/verilator/gptp_shadow", "identities": {"2261984": ["14572127", "S"], "2261987": ["14572129", "S"]}, "mutations": ["abort_counts_as_completion"], "pid": 2261984, "private": "/tmp/mutant-lifecycle-o0cl5nw6/isolated-SIGKILL-control/gptp-shadow-mutants-6rucyy9n"}, "signal": "SIGKILL", "unsafe_control_detected": false}
unsafe-SIGTERM: {"caller_changed": true, "cleanup_required": true, "exit": 143, "handshake": {"child": 2262792, "cwd": "/tmp/mutant-lifecycle-o0cl5nw6/unsafe-SIGTERM input [523]/tb/verilator/gptp_shadow", "identities": {"2262790": ["14572357", "S"], "2262792": ["14572360", "S"]}, "mutations": ["abort_counts_as_completion"], "pid": 2262790, "private": "/tmp/mutant-lifecycle-o0cl5nw6/unsafe-SIGTERM input [523]"}, "signal": "SIGTERM", "unsafe_control_detected": true}
unsafe-SIGKILL: {"caller_changed": true, "cleanup_required": false, "exit": -9, "handshake": {"child": 2263527, "cwd": "/tmp/mutant-lifecycle-o0cl5nw6/unsafe-SIGKILL input [523]/tb/verilator/gptp_shadow", "identities": {"2263526": ["14572593", "S"], "2263527": ["14572596", "S"]}, "mutations": ["abort_counts_as_completion"], "pid": 2263526, "private": "/tmp/mutant-lifecycle-o0cl5nw6/unsafe-SIGKILL input [523]"}, "signal": "SIGKILL", "unsafe_control_detected": true}
nested-SIGINT: {"exit": 130, "handshake": {"child": 2264250, "cwd": "/tmp/mutant-lifecycle-o0cl5nw6/nested-SIGINT-control/gptp-shadow-mutants-jiue7un0/tb/verilator/gptp_shadow", "identities": {"2264247": ["14572951", "S"], "2264250": ["14572954", "S"]}, "mutations": ["abort_counts_as_completion"], "pid": 2264247, "private": "/tmp/mutant-lifecycle-o0cl5nw6/nested-SIGINT-control/gptp-shadow-mutants-jiue7un0"}, "nested_driver": true, "next_suite": false, "scratch_removed": true, "source_unchanged": true}
nested-SIGTERM: {"exit": 143, "handshake": {"child": 2265131, "cwd": "/tmp/mutant-lifecycle-o0cl5nw6/nested-SIGTERM-control/gptp-shadow-mutants-wt5cvvi7/tb/verilator/gptp_shadow", "identities": {"2265130": ["14573324", "S"], "2265131": ["14573327", "S"]}, "mutations": ["abort_counts_as_completion"], "pid": 2265130, "private": "/tmp/mutant-lifecycle-o0cl5nw6/nested-SIGTERM-control/gptp-shadow-mutants-wt5cvvi7"}, "nested_driver": true, "next_suite": false, "scratch_removed": true, "source_unchanged": true}
mutant lifecycle: PASS (normal/repeat, nine named defects, survivor, build, input refusals, INT/TERM/KILL, unsafe negative controls)
