$ /usr/bin/python3 -B test_gen_desc_image.py BodyKeyTest.test_legal_fields  (cwd mut-M8-type-slice-off-by-one/tb/desc_store)
test_legal_fields (__main__.BodyKeyTest.test_legal_fields) ... 
  test_legal_fields (__main__.BodyKeyTest.test_legal_fields) (key='AUDIO_CLUSTER') ... ERROR
  test_legal_fields (__main__.BodyKeyTest.test_legal_fields) (key=20) ... ERROR
  test_legal_fields (__main__.BodyKeyTest.test_legal_fields) (key='0x0014') ... ERROR
  test_legal_fields (__main__.BodyKeyTest.test_legal_fields) (key=4660) ... ERROR

======================================================================
ERROR: test_legal_fields (__main__.BodyKeyTest.test_legal_fields) (key='AUDIO_CLUSTER')
----------------------------------------------------------------------
Traceback (most recent call last):
  File "$REVIEWS/pp123-r336-1-packet/scratch/mut-M8-type-slice-off-by-one/tb/desc_store/test_gen_desc_image.py", line 68, in legal
    image, report = gen_desc_image.build(model)
                    ~~~~~~~~~~~~~~~~~~~~^^^^^^^
  File "$REVIEWS/pp123-r336-1-packet/scratch/mut-M8-type-slice-off-by-one/hdl/aecp/desc/gen_desc_image.py", line 446, in build
    entries = _index_entries(_grouped_descriptors(model), names, line_bytes)
                             ~~~~~~~~~~~~~~~~~~~~^^^^^^^
  File "$REVIEWS/pp123-r336-1-packet/scratch/mut-M8-type-slice-off-by-one/hdl/aecp/desc/gen_desc_image.py", line 218, in _grouped_descriptors
    raise ImageError(
    ...<2 lines>...
        f"index {body_index}")
gen_desc_image.ImageError: cfg 0 directory key type 0x0014 index 0 disagrees with body type 0x1400 index 0

======================================================================
ERROR: test_legal_fields (__main__.BodyKeyTest.test_legal_fields) (key=20)
----------------------------------------------------------------------
Traceback (most recent call last):
  File "$REVIEWS/pp123-r336-1-packet/scratch/mut-M8-type-slice-off-by-one/tb/desc_store/test_gen_desc_image.py", line 68, in legal
    image, report = gen_desc_image.build(model)
                    ~~~~~~~~~~~~~~~~~~~~^^^^^^^
  File "$REVIEWS/pp123-r336-1-packet/scratch/mut-M8-type-slice-off-by-one/hdl/aecp/desc/gen_desc_image.py", line 446, in build
    entries = _index_entries(_grouped_descriptors(model), names, line_bytes)
                             ~~~~~~~~~~~~~~~~~~~~^^^^^^^
  File "$REVIEWS/pp123-r336-1-packet/scratch/mut-M8-type-slice-off-by-one/hdl/aecp/desc/gen_desc_image.py", line 218, in _grouped_descriptors
    raise ImageError(
    ...<2 lines>...
        f"index {body_index}")
gen_desc_image.ImageError: cfg 0 directory key type 0x0014 index 0 disagrees with body type 0x1400 index 0

======================================================================
ERROR: test_legal_fields (__main__.BodyKeyTest.test_legal_fields) (key='0x0014')
----------------------------------------------------------------------
Traceback (most recent call last):
  File "$REVIEWS/pp123-r336-1-packet/scratch/mut-M8-type-slice-off-by-one/tb/desc_store/test_gen_desc_image.py", line 68, in legal
    image, report = gen_desc_image.build(model)
                    ~~~~~~~~~~~~~~~~~~~~^^^^^^^
  File "$REVIEWS/pp123-r336-1-packet/scratch/mut-M8-type-slice-off-by-one/hdl/aecp/desc/gen_desc_image.py", line 446, in build
    entries = _index_entries(_grouped_descriptors(model), names, line_bytes)
                             ~~~~~~~~~~~~~~~~~~~~^^^^^^^
  File "$REVIEWS/pp123-r336-1-packet/scratch/mut-M8-type-slice-off-by-one/hdl/aecp/desc/gen_desc_image.py", line 218, in _grouped_descriptors
    raise ImageError(
    ...<2 lines>...
        f"index {body_index}")
gen_desc_image.ImageError: cfg 0 directory key type 0x0014 index 0 disagrees with body type 0x1400 index 0

======================================================================
ERROR: test_legal_fields (__main__.BodyKeyTest.test_legal_fields) (key=4660)
----------------------------------------------------------------------
Traceback (most recent call last):
  File "$REVIEWS/pp123-r336-1-packet/scratch/mut-M8-type-slice-off-by-one/tb/desc_store/test_gen_desc_image.py", line 68, in legal
    image, report = gen_desc_image.build(model)
                    ~~~~~~~~~~~~~~~~~~~~^^^^^^^
  File "$REVIEWS/pp123-r336-1-packet/scratch/mut-M8-type-slice-off-by-one/hdl/aecp/desc/gen_desc_image.py", line 446, in build
    entries = _index_entries(_grouped_descriptors(model), names, line_bytes)
                             ~~~~~~~~~~~~~~~~~~~~^^^^^^^
  File "$REVIEWS/pp123-r336-1-packet/scratch/mut-M8-type-slice-off-by-one/hdl/aecp/desc/gen_desc_image.py", line 218, in _grouped_descriptors
    raise ImageError(
    ...<2 lines>...
        f"index {body_index}")
gen_desc_image.ImageError: cfg 0 directory key type 0x1234 index 0 disagrees with body type 0x3400 index 0

----------------------------------------------------------------------
Ran 1 test in 0.002s

FAILED (errors=4)
rc=1

$ /usr/bin/python3 -B test_gen_desc_image.py BodyKeyTest.test_legal_bytes  (cwd mut-M8-type-slice-off-by-one/tb/desc_store)
test_legal_bytes (__main__.BodyKeyTest.test_legal_bytes) ... 
  test_legal_bytes (__main__.BodyKeyTest.test_legal_bytes) (key='AUDIO_CLUSTER') ... ERROR
  test_legal_bytes (__main__.BodyKeyTest.test_legal_bytes) (key=20) ... ERROR
  test_legal_bytes (__main__.BodyKeyTest.test_legal_bytes) (key='0x0014') ... ERROR
  test_legal_bytes (__main__.BodyKeyTest.test_legal_bytes) (key=4660) ... ERROR

======================================================================
ERROR: test_legal_bytes (__main__.BodyKeyTest.test_legal_bytes) (key='AUDIO_CLUSTER')
----------------------------------------------------------------------
Traceback (most recent call last):
  File "$REVIEWS/pp123-r336-1-packet/scratch/mut-M8-type-slice-off-by-one/tb/desc_store/test_gen_desc_image.py", line 68, in legal
    image, report = gen_desc_image.build(model)
                    ~~~~~~~~~~~~~~~~~~~~^^^^^^^
  File "$REVIEWS/pp123-r336-1-packet/scratch/mut-M8-type-slice-off-by-one/hdl/aecp/desc/gen_desc_image.py", line 446, in build
    entries = _index_entries(_grouped_descriptors(model), names, line_bytes)
                             ~~~~~~~~~~~~~~~~~~~~^^^^^^^
  File "$REVIEWS/pp123-r336-1-packet/scratch/mut-M8-type-slice-off-by-one/hdl/aecp/desc/gen_desc_image.py", line 218, in _grouped_descriptors
    raise ImageError(
    ...<2 lines>...
        f"index {body_index}")
gen_desc_image.ImageError: cfg 0 directory key type 0x0014 index 0 disagrees with body type 0x1400 index 0

======================================================================
ERROR: test_legal_bytes (__main__.BodyKeyTest.test_legal_bytes) (key=20)
----------------------------------------------------------------------
Traceback (most recent call last):
  File "$REVIEWS/pp123-r336-1-packet/scratch/mut-M8-type-slice-off-by-one/tb/desc_store/test_gen_desc_image.py", line 68, in legal
    image, report = gen_desc_image.build(model)
                    ~~~~~~~~~~~~~~~~~~~~^^^^^^^
  File "$REVIEWS/pp123-r336-1-packet/scratch/mut-M8-type-slice-off-by-one/hdl/aecp/desc/gen_desc_image.py", line 446, in build
    entries = _index_entries(_grouped_descriptors(model), names, line_bytes)
                             ~~~~~~~~~~~~~~~~~~~~^^^^^^^
  File "$REVIEWS/pp123-r336-1-packet/scratch/mut-M8-type-slice-off-by-one/hdl/aecp/desc/gen_desc_image.py", line 218, in _grouped_descriptors
    raise ImageError(
    ...<2 lines>...
        f"index {body_index}")
gen_desc_image.ImageError: cfg 0 directory key type 0x0014 index 0 disagrees with body type 0x1400 index 0

======================================================================
ERROR: test_legal_bytes (__main__.BodyKeyTest.test_legal_bytes) (key='0x0014')
----------------------------------------------------------------------
Traceback (most recent call last):
  File "$REVIEWS/pp123-r336-1-packet/scratch/mut-M8-type-slice-off-by-one/tb/desc_store/test_gen_desc_image.py", line 68, in legal
    image, report = gen_desc_image.build(model)
                    ~~~~~~~~~~~~~~~~~~~~^^^^^^^
  File "$REVIEWS/pp123-r336-1-packet/scratch/mut-M8-type-slice-off-by-one/hdl/aecp/desc/gen_desc_image.py", line 446, in build
    entries = _index_entries(_grouped_descriptors(model), names, line_bytes)
                             ~~~~~~~~~~~~~~~~~~~~^^^^^^^
  File "$REVIEWS/pp123-r336-1-packet/scratch/mut-M8-type-slice-off-by-one/hdl/aecp/desc/gen_desc_image.py", line 218, in _grouped_descriptors
    raise ImageError(
    ...<2 lines>...
        f"index {body_index}")
gen_desc_image.ImageError: cfg 0 directory key type 0x0014 index 0 disagrees with body type 0x1400 index 0

======================================================================
ERROR: test_legal_bytes (__main__.BodyKeyTest.test_legal_bytes) (key=4660)
----------------------------------------------------------------------
Traceback (most recent call last):
  File "$REVIEWS/pp123-r336-1-packet/scratch/mut-M8-type-slice-off-by-one/tb/desc_store/test_gen_desc_image.py", line 68, in legal
    image, report = gen_desc_image.build(model)
                    ~~~~~~~~~~~~~~~~~~~~^^^^^^^
  File "$REVIEWS/pp123-r336-1-packet/scratch/mut-M8-type-slice-off-by-one/hdl/aecp/desc/gen_desc_image.py", line 446, in build
    entries = _index_entries(_grouped_descriptors(model), names, line_bytes)
                             ~~~~~~~~~~~~~~~~~~~~^^^^^^^
  File "$REVIEWS/pp123-r336-1-packet/scratch/mut-M8-type-slice-off-by-one/hdl/aecp/desc/gen_desc_image.py", line 218, in _grouped_descriptors
    raise ImageError(
    ...<2 lines>...
        f"index {body_index}")
gen_desc_image.ImageError: cfg 0 directory key type 0x1234 index 0 disagrees with body type 0x3400 index 0

----------------------------------------------------------------------
Ran 1 test in 0.002s

FAILED (errors=4)
rc=1

$ /usr/bin/python3 -B test_gen_desc_image.py BodyKeyTest.test_type_mismatch_fields  (cwd mut-M8-type-slice-off-by-one/tb/desc_store)
test_type_mismatch_fields (__main__.BodyKeyTest.test_type_mismatch_fields) ... 
  test_type_mismatch_fields (__main__.BodyKeyTest.test_type_mismatch_fields) (key='AUDIO_CLUSTER') ... FAIL
  test_type_mismatch_fields (__main__.BodyKeyTest.test_type_mismatch_fields) (key=20) ... FAIL
  test_type_mismatch_fields (__main__.BodyKeyTest.test_type_mismatch_fields) (key='0x0014') ... FAIL
  test_type_mismatch_fields (__main__.BodyKeyTest.test_type_mismatch_fields) (key=4660) ... FAIL

======================================================================
FAIL: test_type_mismatch_fields (__main__.BodyKeyTest.test_type_mismatch_fields) (key='AUDIO_CLUSTER')
----------------------------------------------------------------------
Traceback (most recent call last):
  File "$REVIEWS/pp123-r336-1-packet/scratch/mut-M8-type-slice-off-by-one/tb/desc_store/test_gen_desc_image.py", line 94, in refused
    self.assertEqual(str(caught.exception), message)
    ~~~~~~~~~~~~~~~~^^^^^^^^^^^^^^^^^^^^^^^^^^^^^^^^
AssertionError: 'cfg 0 directory key type 0x0014 index 0 disag[30 chars]ex 0' != 'cfg 1 directory key type 0x0014 index 1 disag[30 chars]ex 1'
- cfg 0 directory key type 0x0014 index 0 disagrees with body type 0x1400 index 0
?     ^                                 ^                              --       ^
+ cfg 1 directory key type 0x0014 index 1 disagrees with body type 0x0114 index 1
?     ^                                 ^                            ++         ^


======================================================================
FAIL: test_type_mismatch_fields (__main__.BodyKeyTest.test_type_mismatch_fields) (key=20)
----------------------------------------------------------------------
Traceback (most recent call last):
  File "$REVIEWS/pp123-r336-1-packet/scratch/mut-M8-type-slice-off-by-one/tb/desc_store/test_gen_desc_image.py", line 94, in refused
    self.assertEqual(str(caught.exception), message)
    ~~~~~~~~~~~~~~~~^^^^^^^^^^^^^^^^^^^^^^^^^^^^^^^^
AssertionError: 'cfg 0 directory key type 0x0014 index 0 disag[30 chars]ex 0' != 'cfg 1 directory key type 0x0014 index 1 disag[30 chars]ex 1'
- cfg 0 directory key type 0x0014 index 0 disagrees with body type 0x1400 index 0
?     ^                                 ^                              --       ^
+ cfg 1 directory key type 0x0014 index 1 disagrees with body type 0x0114 index 1
?     ^                                 ^                            ++         ^


======================================================================
FAIL: test_type_mismatch_fields (__main__.BodyKeyTest.test_type_mismatch_fields) (key='0x0014')
----------------------------------------------------------------------
Traceback (most recent call last):
  File "$REVIEWS/pp123-r336-1-packet/scratch/mut-M8-type-slice-off-by-one/tb/desc_store/test_gen_desc_image.py", line 94, in refused
    self.assertEqual(str(caught.exception), message)
    ~~~~~~~~~~~~~~~~^^^^^^^^^^^^^^^^^^^^^^^^^^^^^^^^
AssertionError: 'cfg 0 directory key type 0x0014 index 0 disag[30 chars]ex 0' != 'cfg 1 directory key type 0x0014 index 1 disag[30 chars]ex 1'
- cfg 0 directory key type 0x0014 index 0 disagrees with body type 0x1400 index 0
?     ^                                 ^                              --       ^
+ cfg 1 directory key type 0x0014 index 1 disagrees with body type 0x0114 index 1
?     ^                                 ^                            ++         ^


======================================================================
FAIL: test_type_mismatch_fields (__main__.BodyKeyTest.test_type_mismatch_fields) (key=4660)
----------------------------------------------------------------------
Traceback (most recent call last):
  File "$REVIEWS/pp123-r336-1-packet/scratch/mut-M8-type-slice-off-by-one/tb/desc_store/test_gen_desc_image.py", line 94, in refused
    self.assertEqual(str(caught.exception), message)
    ~~~~~~~~~~~~~~~~^^^^^^^^^^^^^^^^^^^^^^^^^^^^^^^^
AssertionError: 'cfg 0 directory key type 0x1234 index 0 disag[30 chars]ex 0' != 'cfg 1 directory key type 0x1234 index 1 disag[30 chars]ex 1'
- cfg 0 directory key type 0x1234 index 0 disagrees with body type 0x3400 index 0
?     ^                                 ^                              --       ^
+ cfg 1 directory key type 0x1234 index 1 disagrees with body type 0x1334 index 1
?     ^                                 ^                            ++         ^


----------------------------------------------------------------------
Ran 1 test in 0.002s

FAILED (failures=4)
rc=1

$ /usr/bin/python3 -B test_gen_desc_image.py BodyKeyTest.test_type_mismatch_bytes  (cwd mut-M8-type-slice-off-by-one/tb/desc_store)
test_type_mismatch_bytes (__main__.BodyKeyTest.test_type_mismatch_bytes) ... 
  test_type_mismatch_bytes (__main__.BodyKeyTest.test_type_mismatch_bytes) (key='AUDIO_CLUSTER') ... FAIL
  test_type_mismatch_bytes (__main__.BodyKeyTest.test_type_mismatch_bytes) (key=20) ... FAIL
  test_type_mismatch_bytes (__main__.BodyKeyTest.test_type_mismatch_bytes) (key='0x0014') ... FAIL
  test_type_mismatch_bytes (__main__.BodyKeyTest.test_type_mismatch_bytes) (key=4660) ... FAIL

======================================================================
FAIL: test_type_mismatch_bytes (__main__.BodyKeyTest.test_type_mismatch_bytes) (key='AUDIO_CLUSTER')
----------------------------------------------------------------------
Traceback (most recent call last):
  File "$REVIEWS/pp123-r336-1-packet/scratch/mut-M8-type-slice-off-by-one/tb/desc_store/test_gen_desc_image.py", line 94, in refused
    self.assertEqual(str(caught.exception), message)
    ~~~~~~~~~~~~~~~~^^^^^^^^^^^^^^^^^^^^^^^^^^^^^^^^
AssertionError: 'cfg 0 directory key type 0x0014 index 0 disag[30 chars]ex 0' != 'cfg 1 directory key type 0x0014 index 1 disag[30 chars]ex 1'
- cfg 0 directory key type 0x0014 index 0 disagrees with body type 0x1400 index 0
?     ^                                 ^                              --       ^
+ cfg 1 directory key type 0x0014 index 1 disagrees with body type 0x0114 index 1
?     ^                                 ^                            ++         ^


======================================================================
FAIL: test_type_mismatch_bytes (__main__.BodyKeyTest.test_type_mismatch_bytes) (key=20)
----------------------------------------------------------------------
Traceback (most recent call last):
  File "$REVIEWS/pp123-r336-1-packet/scratch/mut-M8-type-slice-off-by-one/tb/desc_store/test_gen_desc_image.py", line 94, in refused
    self.assertEqual(str(caught.exception), message)
    ~~~~~~~~~~~~~~~~^^^^^^^^^^^^^^^^^^^^^^^^^^^^^^^^
AssertionError: 'cfg 0 directory key type 0x0014 index 0 disag[30 chars]ex 0' != 'cfg 1 directory key type 0x0014 index 1 disag[30 chars]ex 1'
- cfg 0 directory key type 0x0014 index 0 disagrees with body type 0x1400 index 0
?     ^                                 ^                              --       ^
+ cfg 1 directory key type 0x0014 index 1 disagrees with body type 0x0114 index 1
?     ^                                 ^                            ++         ^


======================================================================
FAIL: test_type_mismatch_bytes (__main__.BodyKeyTest.test_type_mismatch_bytes) (key='0x0014')
----------------------------------------------------------------------
Traceback (most recent call last):
  File "$REVIEWS/pp123-r336-1-packet/scratch/mut-M8-type-slice-off-by-one/tb/desc_store/test_gen_desc_image.py", line 94, in refused
    self.assertEqual(str(caught.exception), message)
    ~~~~~~~~~~~~~~~~^^^^^^^^^^^^^^^^^^^^^^^^^^^^^^^^
AssertionError: 'cfg 0 directory key type 0x0014 index 0 disag[30 chars]ex 0' != 'cfg 1 directory key type 0x0014 index 1 disag[30 chars]ex 1'
- cfg 0 directory key type 0x0014 index 0 disagrees with body type 0x1400 index 0
?     ^                                 ^                              --       ^
+ cfg 1 directory key type 0x0014 index 1 disagrees with body type 0x0114 index 1
?     ^                                 ^                            ++         ^


======================================================================
FAIL: test_type_mismatch_bytes (__main__.BodyKeyTest.test_type_mismatch_bytes) (key=4660)
----------------------------------------------------------------------
Traceback (most recent call last):
  File "$REVIEWS/pp123-r336-1-packet/scratch/mut-M8-type-slice-off-by-one/tb/desc_store/test_gen_desc_image.py", line 94, in refused
    self.assertEqual(str(caught.exception), message)
    ~~~~~~~~~~~~~~~~^^^^^^^^^^^^^^^^^^^^^^^^^^^^^^^^
AssertionError: 'cfg 0 directory key type 0x1234 index 0 disag[30 chars]ex 0' != 'cfg 1 directory key type 0x1234 index 1 disag[30 chars]ex 1'
- cfg 0 directory key type 0x1234 index 0 disagrees with body type 0x3400 index 0
?     ^                                 ^                              --       ^
+ cfg 1 directory key type 0x1234 index 1 disagrees with body type 0x1334 index 1
?     ^                                 ^                            ++         ^


----------------------------------------------------------------------
Ran 1 test in 0.002s

FAILED (failures=4)
rc=1

$ /usr/bin/python3 -B test_gen_desc_image.py BodyKeyTest.test_index_mismatch_fields  (cwd mut-M8-type-slice-off-by-one/tb/desc_store)
test_index_mismatch_fields (__main__.BodyKeyTest.test_index_mismatch_fields) ... 
  test_index_mismatch_fields (__main__.BodyKeyTest.test_index_mismatch_fields) (key='AUDIO_CLUSTER') ... FAIL
  test_index_mismatch_fields (__main__.BodyKeyTest.test_index_mismatch_fields) (key=20) ... FAIL
  test_index_mismatch_fields (__main__.BodyKeyTest.test_index_mismatch_fields) (key='0x0014') ... FAIL
  test_index_mismatch_fields (__main__.BodyKeyTest.test_index_mismatch_fields) (key=4660) ... FAIL

======================================================================
FAIL: test_index_mismatch_fields (__main__.BodyKeyTest.test_index_mismatch_fields) (key='AUDIO_CLUSTER')
----------------------------------------------------------------------
Traceback (most recent call last):
  File "$REVIEWS/pp123-r336-1-packet/scratch/mut-M8-type-slice-off-by-one/tb/desc_store/test_gen_desc_image.py", line 94, in refused
    self.assertEqual(str(caught.exception), message)
    ~~~~~~~~~~~~~~~~^^^^^^^^^^^^^^^^^^^^^^^^^^^^^^^^
AssertionError: 'cfg 0 directory key type 0x0014 index 0 disag[30 chars]ex 0' != 'cfg 1 directory key type 0x0014 index 1 disag[32 chars] 257'
- cfg 0 directory key type 0x0014 index 0 disagrees with body type 0x1400 index 0
?     ^                                 ^                              --       ^
+ cfg 1 directory key type 0x0014 index 1 disagrees with body type 0x0014 index 257
?     ^                                 ^                            ++         ^^^


======================================================================
FAIL: test_index_mismatch_fields (__main__.BodyKeyTest.test_index_mismatch_fields) (key=20)
----------------------------------------------------------------------
Traceback (most recent call last):
  File "$REVIEWS/pp123-r336-1-packet/scratch/mut-M8-type-slice-off-by-one/tb/desc_store/test_gen_desc_image.py", line 94, in refused
    self.assertEqual(str(caught.exception), message)
    ~~~~~~~~~~~~~~~~^^^^^^^^^^^^^^^^^^^^^^^^^^^^^^^^
AssertionError: 'cfg 0 directory key type 0x0014 index 0 disag[30 chars]ex 0' != 'cfg 1 directory key type 0x0014 index 1 disag[32 chars] 257'
- cfg 0 directory key type 0x0014 index 0 disagrees with body type 0x1400 index 0
?     ^                                 ^                              --       ^
+ cfg 1 directory key type 0x0014 index 1 disagrees with body type 0x0014 index 257
?     ^                                 ^                            ++         ^^^


======================================================================
FAIL: test_index_mismatch_fields (__main__.BodyKeyTest.test_index_mismatch_fields) (key='0x0014')
----------------------------------------------------------------------
Traceback (most recent call last):
  File "$REVIEWS/pp123-r336-1-packet/scratch/mut-M8-type-slice-off-by-one/tb/desc_store/test_gen_desc_image.py", line 94, in refused
    self.assertEqual(str(caught.exception), message)
    ~~~~~~~~~~~~~~~~^^^^^^^^^^^^^^^^^^^^^^^^^^^^^^^^
AssertionError: 'cfg 0 directory key type 0x0014 index 0 disag[30 chars]ex 0' != 'cfg 1 directory key type 0x0014 index 1 disag[32 chars] 257'
- cfg 0 directory key type 0x0014 index 0 disagrees with body type 0x1400 index 0
?     ^                                 ^                              --       ^
+ cfg 1 directory key type 0x0014 index 1 disagrees with body type 0x0014 index 257
?     ^                                 ^                            ++         ^^^


======================================================================
FAIL: test_index_mismatch_fields (__main__.BodyKeyTest.test_index_mismatch_fields) (key=4660)
----------------------------------------------------------------------
Traceback (most recent call last):
  File "$REVIEWS/pp123-r336-1-packet/scratch/mut-M8-type-slice-off-by-one/tb/desc_store/test_gen_desc_image.py", line 94, in refused
    self.assertEqual(str(caught.exception), message)
    ~~~~~~~~~~~~~~~~^^^^^^^^^^^^^^^^^^^^^^^^^^^^^^^^
AssertionError: 'cfg 0 directory key type 0x1234 index 0 disag[30 chars]ex 0' != 'cfg 1 directory key type 0x1234 index 1 disag[32 chars] 257'
- cfg 0 directory key type 0x1234 index 0 disagrees with body type 0x3400 index 0
?     ^                                 ^                              --       ^
+ cfg 1 directory key type 0x1234 index 1 disagrees with body type 0x1234 index 257
?     ^                                 ^                            ++         ^^^


----------------------------------------------------------------------
Ran 1 test in 0.002s

FAILED (failures=4)
rc=1

$ /usr/bin/python3 -B test_gen_desc_image.py BodyKeyTest.test_index_mismatch_bytes  (cwd mut-M8-type-slice-off-by-one/tb/desc_store)
test_index_mismatch_bytes (__main__.BodyKeyTest.test_index_mismatch_bytes) ... 
  test_index_mismatch_bytes (__main__.BodyKeyTest.test_index_mismatch_bytes) (key='AUDIO_CLUSTER') ... FAIL
  test_index_mismatch_bytes (__main__.BodyKeyTest.test_index_mismatch_bytes) (key=20) ... FAIL
  test_index_mismatch_bytes (__main__.BodyKeyTest.test_index_mismatch_bytes) (key='0x0014') ... FAIL
  test_index_mismatch_bytes (__main__.BodyKeyTest.test_index_mismatch_bytes) (key=4660) ... FAIL

======================================================================
FAIL: test_index_mismatch_bytes (__main__.BodyKeyTest.test_index_mismatch_bytes) (key='AUDIO_CLUSTER')
----------------------------------------------------------------------
Traceback (most recent call last):
  File "$REVIEWS/pp123-r336-1-packet/scratch/mut-M8-type-slice-off-by-one/tb/desc_store/test_gen_desc_image.py", line 94, in refused
    self.assertEqual(str(caught.exception), message)
    ~~~~~~~~~~~~~~~~^^^^^^^^^^^^^^^^^^^^^^^^^^^^^^^^
AssertionError: 'cfg 0 directory key type 0x0014 index 0 disag[30 chars]ex 0' != 'cfg 1 directory key type 0x0014 index 1 disag[32 chars] 257'
- cfg 0 directory key type 0x0014 index 0 disagrees with body type 0x1400 index 0
?     ^                                 ^                              --       ^
+ cfg 1 directory key type 0x0014 index 1 disagrees with body type 0x0014 index 257
?     ^                                 ^                            ++         ^^^


======================================================================
FAIL: test_index_mismatch_bytes (__main__.BodyKeyTest.test_index_mismatch_bytes) (key=20)
----------------------------------------------------------------------
Traceback (most recent call last):
  File "$REVIEWS/pp123-r336-1-packet/scratch/mut-M8-type-slice-off-by-one/tb/desc_store/test_gen_desc_image.py", line 94, in refused
    self.assertEqual(str(caught.exception), message)
    ~~~~~~~~~~~~~~~~^^^^^^^^^^^^^^^^^^^^^^^^^^^^^^^^
AssertionError: 'cfg 0 directory key type 0x0014 index 0 disag[30 chars]ex 0' != 'cfg 1 directory key type 0x0014 index 1 disag[32 chars] 257'
- cfg 0 directory key type 0x0014 index 0 disagrees with body type 0x1400 index 0
?     ^                                 ^                              --       ^
+ cfg 1 directory key type 0x0014 index 1 disagrees with body type 0x0014 index 257
?     ^                                 ^                            ++         ^^^


======================================================================
FAIL: test_index_mismatch_bytes (__main__.BodyKeyTest.test_index_mismatch_bytes) (key='0x0014')
----------------------------------------------------------------------
Traceback (most recent call last):
  File "$REVIEWS/pp123-r336-1-packet/scratch/mut-M8-type-slice-off-by-one/tb/desc_store/test_gen_desc_image.py", line 94, in refused
    self.assertEqual(str(caught.exception), message)
    ~~~~~~~~~~~~~~~~^^^^^^^^^^^^^^^^^^^^^^^^^^^^^^^^
AssertionError: 'cfg 0 directory key type 0x0014 index 0 disag[30 chars]ex 0' != 'cfg 1 directory key type 0x0014 index 1 disag[32 chars] 257'
- cfg 0 directory key type 0x0014 index 0 disagrees with body type 0x1400 index 0
?     ^                                 ^                              --       ^
+ cfg 1 directory key type 0x0014 index 1 disagrees with body type 0x0014 index 257
?     ^                                 ^                            ++         ^^^


======================================================================
FAIL: test_index_mismatch_bytes (__main__.BodyKeyTest.test_index_mismatch_bytes) (key=4660)
----------------------------------------------------------------------
Traceback (most recent call last):
  File "$REVIEWS/pp123-r336-1-packet/scratch/mut-M8-type-slice-off-by-one/tb/desc_store/test_gen_desc_image.py", line 94, in refused
    self.assertEqual(str(caught.exception), message)
    ~~~~~~~~~~~~~~~~^^^^^^^^^^^^^^^^^^^^^^^^^^^^^^^^
AssertionError: 'cfg 0 directory key type 0x1234 index 0 disag[30 chars]ex 0' != 'cfg 1 directory key type 0x1234 index 1 disag[32 chars] 257'
- cfg 0 directory key type 0x1234 index 0 disagrees with body type 0x3400 index 0
?     ^                                 ^                              --       ^
+ cfg 1 directory key type 0x1234 index 1 disagrees with body type 0x1234 index 257
?     ^                                 ^                            ++         ^^^


----------------------------------------------------------------------
Ran 1 test in 0.002s

FAILED (failures=4)
rc=1

$ make generator-check  (cwd mut-M8-type-slice-off-by-one/tb/desc_store)
python3 -B test_gen_desc_image.py
test_index_mismatch_bytes (__main__.BodyKeyTest.test_index_mismatch_bytes) ... 
  test_index_mismatch_bytes (__main__.BodyKeyTest.test_index_mismatch_bytes) (key='AUDIO_CLUSTER') ... FAIL
  test_index_mismatch_bytes (__main__.BodyKeyTest.test_index_mismatch_bytes) (key=20) ... FAIL
  test_index_mismatch_bytes (__main__.BodyKeyTest.test_index_mismatch_bytes) (key='0x0014') ... FAIL
  test_index_mismatch_bytes (__main__.BodyKeyTest.test_index_mismatch_bytes) (key=4660) ... FAIL
test_index_mismatch_fields (__main__.BodyKeyTest.test_index_mismatch_fields) ... 
  test_index_mismatch_fields (__main__.BodyKeyTest.test_index_mismatch_fields) (key='AUDIO_CLUSTER') ... FAIL
  test_index_mismatch_fields (__main__.BodyKeyTest.test_index_mismatch_fields) (key=20) ... FAIL
  test_index_mismatch_fields (__main__.BodyKeyTest.test_index_mismatch_fields) (key='0x0014') ... FAIL
  test_index_mismatch_fields (__main__.BodyKeyTest.test_index_mismatch_fields) (key=4660) ... FAIL
test_legal_bytes (__main__.BodyKeyTest.test_legal_bytes) ... 
  test_legal_bytes (__main__.BodyKeyTest.test_legal_bytes) (key='AUDIO_CLUSTER') ... ERROR
  test_legal_bytes (__main__.BodyKeyTest.test_legal_bytes) (key=20) ... ERROR
  test_legal_bytes (__main__.BodyKeyTest.test_legal_bytes) (key='0x0014') ... ERROR
  test_legal_bytes (__main__.BodyKeyTest.test_legal_bytes) (key=4660) ... ERROR
test_legal_fields (__main__.BodyKeyTest.test_legal_fields) ... 
  test_legal_fields (__main__.BodyKeyTest.test_legal_fields) (key='AUDIO_CLUSTER') ... ERROR
  test_legal_fields (__main__.BodyKeyTest.test_legal_fields) (key=20) ... ERROR
  test_legal_fields (__main__.BodyKeyTest.test_legal_fields) (key='0x0014') ... ERROR
  test_legal_fields (__main__.BodyKeyTest.test_legal_fields) (key=4660) ... ERROR
test_type_mismatch_bytes (__main__.BodyKeyTest.test_type_mismatch_bytes) ... 
  test_type_mismatch_bytes (__main__.BodyKeyTest.test_type_mismatch_bytes) (key='AUDIO_CLUSTER') ... FAIL
  test_type_mismatch_bytes (__main__.BodyKeyTest.test_type_mismatch_bytes) (key=20) ... FAIL
  test_type_mismatch_bytes (__main__.BodyKeyTest.test_type_mismatch_bytes) (key='0x0014') ... FAIL
  test_type_mismatch_bytes (__main__.BodyKeyTest.test_type_mismatch_bytes) (key=4660) ... FAIL
test_type_mismatch_fields (__main__.BodyKeyTest.test_type_mismatch_fields) ... 
  test_type_mismatch_fields (__main__.BodyKeyTest.test_type_mismatch_fields) (key='AUDIO_CLUSTER') ... FAIL
  test_type_mismatch_fields (__main__.BodyKeyTest.test_type_mismatch_fields) (key=20) ... FAIL
  test_type_mismatch_fields (__main__.BodyKeyTest.test_type_mismatch_fields) (key='0x0014') ... FAIL
  test_type_mismatch_fields (__main__.BodyKeyTest.test_type_mismatch_fields) (key=4660) ... FAIL

======================================================================
ERROR: test_legal_bytes (__main__.BodyKeyTest.test_legal_bytes) (key='AUDIO_CLUSTER')
----------------------------------------------------------------------
Traceback (most recent call last):
  File "$REVIEWS/pp123-r336-1-packet/scratch/mut-M8-type-slice-off-by-one/tb/desc_store/test_gen_desc_image.py", line 68, in legal
    image, report = gen_desc_image.build(model)
                    ~~~~~~~~~~~~~~~~~~~~^^^^^^^
  File "$REVIEWS/pp123-r336-1-packet/scratch/mut-M8-type-slice-off-by-one/hdl/aecp/desc/gen_desc_image.py", line 446, in build
    entries = _index_entries(_grouped_descriptors(model), names, line_bytes)
                             ~~~~~~~~~~~~~~~~~~~~^^^^^^^
  File "$REVIEWS/pp123-r336-1-packet/scratch/mut-M8-type-slice-off-by-one/hdl/aecp/desc/gen_desc_image.py", line 218, in _grouped_descriptors
    raise ImageError(
    ...<2 lines>...
        f"index {body_index}")
gen_desc_image.ImageError: cfg 0 directory key type 0x0014 index 0 disagrees with body type 0x1400 index 0

======================================================================
ERROR: test_legal_bytes (__main__.BodyKeyTest.test_legal_bytes) (key=20)
----------------------------------------------------------------------
Traceback (most recent call last):
  File "$REVIEWS/pp123-r336-1-packet/scratch/mut-M8-type-slice-off-by-one/tb/desc_store/test_gen_desc_image.py", line 68, in legal
    image, report = gen_desc_image.build(model)
                    ~~~~~~~~~~~~~~~~~~~~^^^^^^^
  File "$REVIEWS/pp123-r336-1-packet/scratch/mut-M8-type-slice-off-by-one/hdl/aecp/desc/gen_desc_image.py", line 446, in build
    entries = _index_entries(_grouped_descriptors(model), names, line_bytes)
                             ~~~~~~~~~~~~~~~~~~~~^^^^^^^
  File "$REVIEWS/pp123-r336-1-packet/scratch/mut-M8-type-slice-off-by-one/hdl/aecp/desc/gen_desc_image.py", line 218, in _grouped_descriptors
    raise ImageError(
    ...<2 lines>...
        f"index {body_index}")
gen_desc_image.ImageError: cfg 0 directory key type 0x0014 index 0 disagrees with body type 0x1400 index 0

======================================================================
ERROR: test_legal_bytes (__main__.BodyKeyTest.test_legal_bytes) (key='0x0014')
----------------------------------------------------------------------
Traceback (most recent call last):
  File "$REVIEWS/pp123-r336-1-packet/scratch/mut-M8-type-slice-off-by-one/tb/desc_store/test_gen_desc_image.py", line 68, in legal
    image, report = gen_desc_image.build(model)
                    ~~~~~~~~~~~~~~~~~~~~^^^^^^^
  File "$REVIEWS/pp123-r336-1-packet/scratch/mut-M8-type-slice-off-by-one/hdl/aecp/desc/gen_desc_image.py", line 446, in build
    entries = _index_entries(_grouped_descriptors(model), names, line_bytes)
                             ~~~~~~~~~~~~~~~~~~~~^^^^^^^
  File "$REVIEWS/pp123-r336-1-packet/scratch/mut-M8-type-slice-off-by-one/hdl/aecp/desc/gen_desc_image.py", line 218, in _grouped_descriptors
    raise ImageError(
    ...<2 lines>...
        f"index {body_index}")
gen_desc_image.ImageError: cfg 0 directory key type 0x0014 index 0 disagrees with body type 0x1400 index 0

======================================================================
ERROR: test_legal_bytes (__main__.BodyKeyTest.test_legal_bytes) (key=4660)
----------------------------------------------------------------------
Traceback (most recent call last):
  File "$REVIEWS/pp123-r336-1-packet/scratch/mut-M8-type-slice-off-by-one/tb/desc_store/test_gen_desc_image.py", line 68, in legal
    image, report = gen_desc_image.build(model)
                    ~~~~~~~~~~~~~~~~~~~~^^^^^^^
  File "$REVIEWS/pp123-r336-1-packet/scratch/mut-M8-type-slice-off-by-one/hdl/aecp/desc/gen_desc_image.py", line 446, in build
    entries = _index_entries(_grouped_descriptors(model), names, line_bytes)
                             ~~~~~~~~~~~~~~~~~~~~^^^^^^^
  File "$REVIEWS/pp123-r336-1-packet/scratch/mut-M8-type-slice-off-by-one/hdl/aecp/desc/gen_desc_image.py", line 218, in _grouped_descriptors
    raise ImageError(
    ...<2 lines>...
        f"index {body_index}")
gen_desc_image.ImageError: cfg 0 directory key type 0x1234 index 0 disagrees with body type 0x3400 index 0

======================================================================
ERROR: test_legal_fields (__main__.BodyKeyTest.test_legal_fields) (key='AUDIO_CLUSTER')
----------------------------------------------------------------------
Traceback (most recent call last):
  File "$REVIEWS/pp123-r336-1-packet/scratch/mut-M8-type-slice-off-by-one/tb/desc_store/test_gen_desc_image.py", line 68, in legal
    image, report = gen_desc_image.build(model)
                    ~~~~~~~~~~~~~~~~~~~~^^^^^^^
  File "$REVIEWS/pp123-r336-1-packet/scratch/mut-M8-type-slice-off-by-one/hdl/aecp/desc/gen_desc_image.py", line 446, in build
    entries = _index_entries(_grouped_descriptors(model), names, line_bytes)
                             ~~~~~~~~~~~~~~~~~~~~^^^^^^^
  File "$REVIEWS/pp123-r336-1-packet/scratch/mut-M8-type-slice-off-by-one/hdl/aecp/desc/gen_desc_image.py", line 218, in _grouped_descriptors
    raise ImageError(
    ...<2 lines>...
        f"index {body_index}")
gen_desc_image.ImageError: cfg 0 directory key type 0x0014 index 0 disagrees with body type 0x1400 index 0

======================================================================
ERROR: test_legal_fields (__main__.BodyKeyTest.test_legal_fields) (key=20)
----------------------------------------------------------------------
Traceback (most recent call last):
  File "$REVIEWS/pp123-r336-1-packet/scratch/mut-M8-type-slice-off-by-one/tb/desc_store/test_gen_desc_image.py", line 68, in legal
    image, report = gen_desc_image.build(model)
                    ~~~~~~~~~~~~~~~~~~~~^^^^^^^
  File "$REVIEWS/pp123-r336-1-packet/scratch/mut-M8-type-slice-off-by-one/hdl/aecp/desc/gen_desc_image.py", line 446, in build
    entries = _index_entries(_grouped_descriptors(model), names, line_bytes)
                             ~~~~~~~~~~~~~~~~~~~~^^^^^^^
  File "$REVIEWS/pp123-r336-1-packet/scratch/mut-M8-type-slice-off-by-one/hdl/aecp/desc/gen_desc_image.py", line 218, in _grouped_descriptors
    raise ImageError(
    ...<2 lines>...
        f"index {body_index}")
gen_desc_image.ImageError: cfg 0 directory key type 0x0014 index 0 disagrees with body type 0x1400 index 0

======================================================================
ERROR: test_legal_fields (__main__.BodyKeyTest.test_legal_fields) (key='0x0014')
----------------------------------------------------------------------
Traceback (most recent call last):
  File "$REVIEWS/pp123-r336-1-packet/scratch/mut-M8-type-slice-off-by-one/tb/desc_store/test_gen_desc_image.py", line 68, in legal
    image, report = gen_desc_image.build(model)
                    ~~~~~~~~~~~~~~~~~~~~^^^^^^^
  File "$REVIEWS/pp123-r336-1-packet/scratch/mut-M8-type-slice-off-by-one/hdl/aecp/desc/gen_desc_image.py", line 446, in build
    entries = _index_entries(_grouped_descriptors(model), names, line_bytes)
                             ~~~~~~~~~~~~~~~~~~~~^^^^^^^
  File "$REVIEWS/pp123-r336-1-packet/scratch/mut-M8-type-slice-off-by-one/hdl/aecp/desc/gen_desc_image.py", line 218, in _grouped_descriptors
    raise ImageError(
    ...<2 lines>...
        f"index {body_index}")
gen_desc_image.ImageError: cfg 0 directory key type 0x0014 index 0 disagrees with body type 0x1400 index 0

======================================================================
ERROR: test_legal_fields (__main__.BodyKeyTest.test_legal_fields) (key=4660)
----------------------------------------------------------------------
Traceback (most recent call last):
  File "$REVIEWS/pp123-r336-1-packet/scratch/mut-M8-type-slice-off-by-one/tb/desc_store/test_gen_desc_image.py", line 68, in legal
    image, report = gen_desc_image.build(model)
                    ~~~~~~~~~~~~~~~~~~~~^^^^^^^
  File "$REVIEWS/pp123-r336-1-packet/scratch/mut-M8-type-slice-off-by-one/hdl/aecp/desc/gen_desc_image.py", line 446, in build
    entries = _index_entries(_grouped_descriptors(model), names, line_bytes)
                             ~~~~~~~~~~~~~~~~~~~~^^^^^^^
  File "$REVIEWS/pp123-r336-1-packet/scratch/mut-M8-type-slice-off-by-one/hdl/aecp/desc/gen_desc_image.py", line 218, in _grouped_descriptors
    raise ImageError(
    ...<2 lines>...
        f"index {body_index}")
gen_desc_image.ImageError: cfg 0 directory key type 0x1234 index 0 disagrees with body type 0x3400 index 0

======================================================================
FAIL: test_index_mismatch_bytes (__main__.BodyKeyTest.test_index_mismatch_bytes) (key='AUDIO_CLUSTER')
----------------------------------------------------------------------
Traceback (most recent call last):
  File "$REVIEWS/pp123-r336-1-packet/scratch/mut-M8-type-slice-off-by-one/tb/desc_store/test_gen_desc_image.py", line 94, in refused
    self.assertEqual(str(caught.exception), message)
    ~~~~~~~~~~~~~~~~^^^^^^^^^^^^^^^^^^^^^^^^^^^^^^^^
AssertionError: 'cfg 0 directory key type 0x0014 index 0 disag[30 chars]ex 0' != 'cfg 1 directory key type 0x0014 index 1 disag[32 chars] 257'
- cfg 0 directory key type 0x0014 index 0 disagrees with body type 0x1400 index 0
?     ^                                 ^                              --       ^
+ cfg 1 directory key type 0x0014 index 1 disagrees with body type 0x0014 index 257
?     ^                                 ^                            ++         ^^^


======================================================================
FAIL: test_index_mismatch_bytes (__main__.BodyKeyTest.test_index_mismatch_bytes) (key=20)
----------------------------------------------------------------------
Traceback (most recent call last):
  File "$REVIEWS/pp123-r336-1-packet/scratch/mut-M8-type-slice-off-by-one/tb/desc_store/test_gen_desc_image.py", line 94, in refused
    self.assertEqual(str(caught.exception), message)
    ~~~~~~~~~~~~~~~~^^^^^^^^^^^^^^^^^^^^^^^^^^^^^^^^
AssertionError: 'cfg 0 directory key type 0x0014 index 0 disag[30 chars]ex 0' != 'cfg 1 directory key type 0x0014 index 1 disag[32 chars] 257'
- cfg 0 directory key type 0x0014 index 0 disagrees with body type 0x1400 index 0
?     ^                                 ^                              --       ^
+ cfg 1 directory key type 0x0014 index 1 disagrees with body type 0x0014 index 257
?     ^                                 ^                            ++         ^^^


======================================================================
FAIL: test_index_mismatch_bytes (__main__.BodyKeyTest.test_index_mismatch_bytes) (key='0x0014')
----------------------------------------------------------------------
Traceback (most recent call last):
  File "$REVIEWS/pp123-r336-1-packet/scratch/mut-M8-type-slice-off-by-one/tb/desc_store/test_gen_desc_image.py", line 94, in refused
    self.assertEqual(str(caught.exception), message)
    ~~~~~~~~~~~~~~~~^^^^^^^^^^^^^^^^^^^^^^^^^^^^^^^^
AssertionError: 'cfg 0 directory key type 0x0014 index 0 disag[30 chars]ex 0' != 'cfg 1 directory key type 0x0014 index 1 disag[32 chars] 257'
- cfg 0 directory key type 0x0014 index 0 disagrees with body type 0x1400 index 0
?     ^                                 ^                              --       ^
+ cfg 1 directory key type 0x0014 index 1 disagrees with body type 0x0014 index 257
?     ^                                 ^                            ++         ^^^


======================================================================
FAIL: test_index_mismatch_bytes (__main__.BodyKeyTest.test_index_mismatch_bytes) (key=4660)
----------------------------------------------------------------------
Traceback (most recent call last):
  File "$REVIEWS/pp123-r336-1-packet/scratch/mut-M8-type-slice-off-by-one/tb/desc_store/test_gen_desc_image.py", line 94, in refused
    self.assertEqual(str(caught.exception), message)
    ~~~~~~~~~~~~~~~~^^^^^^^^^^^^^^^^^^^^^^^^^^^^^^^^
AssertionError: 'cfg 0 directory key type 0x1234 index 0 disag[30 chars]ex 0' != 'cfg 1 directory key type 0x1234 index 1 disag[32 chars] 257'
- cfg 0 directory key type 0x1234 index 0 disagrees with body type 0x3400 index 0
?     ^                                 ^                              --       ^
+ cfg 1 directory key type 0x1234 index 1 disagrees with body type 0x1234 index 257
?     ^                                 ^                            ++         ^^^


======================================================================
FAIL: test_index_mismatch_fields (__main__.BodyKeyTest.test_index_mismatch_fields) (key='AUDIO_CLUSTER')
----------------------------------------------------------------------
Traceback (most recent call last):
  File "$REVIEWS/pp123-r336-1-packet/scratch/mut-M8-type-slice-off-by-one/tb/desc_store/test_gen_desc_image.py", line 94, in refused
    self.assertEqual(str(caught.exception), message)
    ~~~~~~~~~~~~~~~~^^^^^^^^^^^^^^^^^^^^^^^^^^^^^^^^
AssertionError: 'cfg 0 directory key type 0x0014 index 0 disag[30 chars]ex 0' != 'cfg 1 directory key type 0x0014 index 1 disag[32 chars] 257'
- cfg 0 directory key type 0x0014 index 0 disagrees with body type 0x1400 index 0
?     ^                                 ^                              --       ^
+ cfg 1 directory key type 0x0014 index 1 disagrees with body type 0x0014 index 257
?     ^                                 ^                            ++         ^^^


======================================================================
FAIL: test_index_mismatch_fields (__main__.BodyKeyTest.test_index_mismatch_fields) (key=20)
----------------------------------------------------------------------
Traceback (most recent call last):
  File "$REVIEWS/pp123-r336-1-packet/scratch/mut-M8-type-slice-off-by-one/tb/desc_store/test_gen_desc_image.py", line 94, in refused
    self.assertEqual(str(caught.exception), message)
    ~~~~~~~~~~~~~~~~^^^^^^^^^^^^^^^^^^^^^^^^^^^^^^^^
AssertionError: 'cfg 0 directory key type 0x0014 index 0 disag[30 chars]ex 0' != 'cfg 1 directory key type 0x0014 index 1 disag[32 chars] 257'
- cfg 0 directory key type 0x0014 index 0 disagrees with body type 0x1400 index 0
?     ^                                 ^                              --       ^
+ cfg 1 directory key type 0x0014 index 1 disagrees with body type 0x0014 index 257
?     ^                                 ^                            ++         ^^^


======================================================================
FAIL: test_index_mismatch_fields (__main__.BodyKeyTest.test_index_mismatch_fields) (key='0x0014')
----------------------------------------------------------------------
Traceback (most recent call last):
  File "$REVIEWS/pp123-r336-1-packet/scratch/mut-M8-type-slice-off-by-one/tb/desc_store/test_gen_desc_image.py", line 94, in refused
    self.assertEqual(str(caught.exception), message)
    ~~~~~~~~~~~~~~~~^^^^^^^^^^^^^^^^^^^^^^^^^^^^^^^^
AssertionError: 'cfg 0 directory key type 0x0014 index 0 disag[30 chars]ex 0' != 'cfg 1 directory key type 0x0014 index 1 disag[32 chars] 257'
- cfg 0 directory key type 0x0014 index 0 disagrees with body type 0x1400 index 0
?     ^                                 ^                              --       ^
+ cfg 1 directory key type 0x0014 index 1 disagrees with body type 0x0014 index 257
?     ^                                 ^                            ++         ^^^


======================================================================
FAIL: test_index_mismatch_fields (__main__.BodyKeyTest.test_index_mismatch_fields) (key=4660)
----------------------------------------------------------------------
Traceback (most recent call last):
  File "$REVIEWS/pp123-r336-1-packet/scratch/mut-M8-type-slice-off-by-one/tb/desc_store/test_gen_desc_image.py", line 94, in refused
    self.assertEqual(str(caught.exception), message)
    ~~~~~~~~~~~~~~~~^^^^^^^^^^^^^^^^^^^^^^^^^^^^^^^^
AssertionError: 'cfg 0 directory key type 0x1234 index 0 disag[30 chars]ex 0' != 'cfg 1 directory key type 0x1234 index 1 disag[32 chars] 257'
- cfg 0 directory key type 0x1234 index 0 disagrees with body type 0x3400 index 0
?     ^                                 ^                              --       ^
+ cfg 1 directory key type 0x1234 index 1 disagrees with body type 0x1234 index 257
?     ^                                 ^                            ++         ^^^


======================================================================
FAIL: test_type_mismatch_bytes (__main__.BodyKeyTest.test_type_mismatch_bytes) (key='AUDIO_CLUSTER')
----------------------------------------------------------------------
Traceback (most recent call last):
  File "$REVIEWS/pp123-r336-1-packet/scratch/mut-M8-type-slice-off-by-one/tb/desc_store/test_gen_desc_image.py", line 94, in refused
    self.assertEqual(str(caught.exception), message)
    ~~~~~~~~~~~~~~~~^^^^^^^^^^^^^^^^^^^^^^^^^^^^^^^^
AssertionError: 'cfg 0 directory key type 0x0014 index 0 disag[30 chars]ex 0' != 'cfg 1 directory key type 0x0014 index 1 disag[30 chars]ex 1'
- cfg 0 directory key type 0x0014 index 0 disagrees with body type 0x1400 index 0
?     ^                                 ^                              --       ^
+ cfg 1 directory key type 0x0014 index 1 disagrees with body type 0x0114 index 1
?     ^                                 ^                            ++         ^


======================================================================
FAIL: test_type_mismatch_bytes (__main__.BodyKeyTest.test_type_mismatch_bytes) (key=20)
----------------------------------------------------------------------
Traceback (most recent call last):
  File "$REVIEWS/pp123-r336-1-packet/scratch/mut-M8-type-slice-off-by-one/tb/desc_store/test_gen_desc_image.py", line 94, in refused
    self.assertEqual(str(caught.exception), message)
    ~~~~~~~~~~~~~~~~^^^^^^^^^^^^^^^^^^^^^^^^^^^^^^^^
AssertionError: 'cfg 0 directory key type 0x0014 index 0 disag[30 chars]ex 0' != 'cfg 1 directory key type 0x0014 index 1 disag[30 chars]ex 1'
- cfg 0 directory key type 0x0014 index 0 disagrees with body type 0x1400 index 0
?     ^                                 ^                              --       ^
+ cfg 1 directory key type 0x0014 index 1 disagrees with body type 0x0114 index 1
?     ^                                 ^                            ++         ^


======================================================================
FAIL: test_type_mismatch_bytes (__main__.BodyKeyTest.test_type_mismatch_bytes) (key='0x0014')
----------------------------------------------------------------------
Traceback (most recent call last):
  File "$REVIEWS/pp123-r336-1-packet/scratch/mut-M8-type-slice-off-by-one/tb/desc_store/test_gen_desc_image.py", line 94, in refused
    self.assertEqual(str(caught.exception), message)
    ~~~~~~~~~~~~~~~~^^^^^^^^^^^^^^^^^^^^^^^^^^^^^^^^
AssertionError: 'cfg 0 directory key type 0x0014 index 0 disag[30 chars]ex 0' != 'cfg 1 directory key type 0x0014 index 1 disag[30 chars]ex 1'
- cfg 0 directory key type 0x0014 index 0 disagrees with body type 0x1400 index 0
?     ^                                 ^                              --       ^
+ cfg 1 directory key type 0x0014 index 1 disagrees with body type 0x0114 index 1
?     ^                                 ^                            ++         ^


======================================================================
FAIL: test_type_mismatch_bytes (__main__.BodyKeyTest.test_type_mismatch_bytes) (key=4660)
----------------------------------------------------------------------
Traceback (most recent call last):
  File "$REVIEWS/pp123-r336-1-packet/scratch/mut-M8-type-slice-off-by-one/tb/desc_store/test_gen_desc_image.py", line 94, in refused
    self.assertEqual(str(caught.exception), message)
    ~~~~~~~~~~~~~~~~^^^^^^^^^^^^^^^^^^^^^^^^^^^^^^^^
AssertionError: 'cfg 0 directory key type 0x1234 index 0 disag[30 chars]ex 0' != 'cfg 1 directory key type 0x1234 index 1 disag[30 chars]ex 1'
- cfg 0 directory key type 0x1234 index 0 disagrees with body type 0x3400 index 0
?     ^                                 ^                              --       ^
+ cfg 1 directory key type 0x1234 index 1 disagrees with body type 0x1334 index 1
?     ^                                 ^                            ++         ^


======================================================================
FAIL: test_type_mismatch_fields (__main__.BodyKeyTest.test_type_mismatch_fields) (key='AUDIO_CLUSTER')
----------------------------------------------------------------------
Traceback (most recent call last):
  File "$REVIEWS/pp123-r336-1-packet/scratch/mut-M8-type-slice-off-by-one/tb/desc_store/test_gen_desc_image.py", line 94, in refused
    self.assertEqual(str(caught.exception), message)
    ~~~~~~~~~~~~~~~~^^^^^^^^^^^^^^^^^^^^^^^^^^^^^^^^
AssertionError: 'cfg 0 directory key type 0x0014 index 0 disag[30 chars]ex 0' != 'cfg 1 directory key type 0x0014 index 1 disag[30 chars]ex 1'
- cfg 0 directory key type 0x0014 index 0 disagrees with body type 0x1400 index 0
?     ^                                 ^                              --       ^
+ cfg 1 directory key type 0x0014 index 1 disagrees with body type 0x0114 index 1
?     ^                                 ^                            ++         ^


======================================================================
FAIL: test_type_mismatch_fields (__main__.BodyKeyTest.test_type_mismatch_fields) (key=20)
----------------------------------------------------------------------
Traceback (most recent call last):
  File "$REVIEWS/pp123-r336-1-packet/scratch/mut-M8-type-slice-off-by-one/tb/desc_store/test_gen_desc_image.py", line 94, in refused
    self.assertEqual(str(caught.exception), message)
    ~~~~~~~~~~~~~~~~^^^^^^^^^^^^^^^^^^^^^^^^^^^^^^^^
AssertionError: 'cfg 0 directory key type 0x0014 index 0 disag[30 chars]ex 0' != 'cfg 1 directory key type 0x0014 index 1 disag[30 chars]ex 1'
- cfg 0 directory key type 0x0014 index 0 disagrees with body type 0x1400 index 0
?     ^                                 ^                              --       ^
+ cfg 1 directory key type 0x0014 index 1 disagrees with body type 0x0114 index 1
?     ^                                 ^                            ++         ^


======================================================================
FAIL: test_type_mismatch_fields (__main__.BodyKeyTest.test_type_mismatch_fields) (key='0x0014')
----------------------------------------------------------------------
Traceback (most recent call last):
  File "$REVIEWS/pp123-r336-1-packet/scratch/mut-M8-type-slice-off-by-one/tb/desc_store/test_gen_desc_image.py", line 94, in refused
    self.assertEqual(str(caught.exception), message)
    ~~~~~~~~~~~~~~~~^^^^^^^^^^^^^^^^^^^^^^^^^^^^^^^^
AssertionError: 'cfg 0 directory key type 0x0014 index 0 disag[30 chars]ex 0' != 'cfg 1 directory key type 0x0014 index 1 disag[30 chars]ex 1'
- cfg 0 directory key type 0x0014 index 0 disagrees with body type 0x1400 index 0
?     ^                                 ^                              --       ^
+ cfg 1 directory key type 0x0014 index 1 disagrees with body type 0x0114 index 1
?     ^                                 ^                            ++         ^


======================================================================
FAIL: test_type_mismatch_fields (__main__.BodyKeyTest.test_type_mismatch_fields) (key=4660)
----------------------------------------------------------------------
Traceback (most recent call last):
  File "$REVIEWS/pp123-r336-1-packet/scratch/mut-M8-type-slice-off-by-one/tb/desc_store/test_gen_desc_image.py", line 94, in refused
    self.assertEqual(str(caught.exception), message)
    ~~~~~~~~~~~~~~~~^^^^^^^^^^^^^^^^^^^^^^^^^^^^^^^^
AssertionError: 'cfg 0 directory key type 0x1234 index 0 disag[30 chars]ex 0' != 'cfg 1 directory key type 0x1234 index 1 disag[30 chars]ex 1'
- cfg 0 directory key type 0x1234 index 0 disagrees with body type 0x3400 index 0
?     ^                                 ^                              --       ^
+ cfg 1 directory key type 0x1234 index 1 disagrees with body type 0x1334 index 1
?     ^                                 ^                            ++         ^


----------------------------------------------------------------------
Ran 6 tests in 0.009s

FAILED (failures=16, errors=8)
make: *** [Makefile:32: generator-check] Error 1
rc=2

$ make  (cwd mut-M8-type-slice-off-by-one/tb/desc_store)
python3 -B test_gen_desc_image.py
test_index_mismatch_bytes (__main__.BodyKeyTest.test_index_mismatch_bytes) ... 
  test_index_mismatch_bytes (__main__.BodyKeyTest.test_index_mismatch_bytes) (key='AUDIO_CLUSTER') ... FAIL
  test_index_mismatch_bytes (__main__.BodyKeyTest.test_index_mismatch_bytes) (key=20) ... FAIL
  test_index_mismatch_bytes (__main__.BodyKeyTest.test_index_mismatch_bytes) (key='0x0014') ... FAIL
  test_index_mismatch_bytes (__main__.BodyKeyTest.test_index_mismatch_bytes) (key=4660) ... FAIL
test_index_mismatch_fields (__main__.BodyKeyTest.test_index_mismatch_fields) ... 
  test_index_mismatch_fields (__main__.BodyKeyTest.test_index_mismatch_fields) (key='AUDIO_CLUSTER') ... FAIL
  test_index_mismatch_fields (__main__.BodyKeyTest.test_index_mismatch_fields) (key=20) ... FAIL
  test_index_mismatch_fields (__main__.BodyKeyTest.test_index_mismatch_fields) (key='0x0014') ... FAIL
  test_index_mismatch_fields (__main__.BodyKeyTest.test_index_mismatch_fields) (key=4660) ... FAIL
test_legal_bytes (__main__.BodyKeyTest.test_legal_bytes) ... 
  test_legal_bytes (__main__.BodyKeyTest.test_legal_bytes) (key='AUDIO_CLUSTER') ... ERROR
  test_legal_bytes (__main__.BodyKeyTest.test_legal_bytes) (key=20) ... ERROR
  test_legal_bytes (__main__.BodyKeyTest.test_legal_bytes) (key='0x0014') ... ERROR
  test_legal_bytes (__main__.BodyKeyTest.test_legal_bytes) (key=4660) ... ERROR
test_legal_fields (__main__.BodyKeyTest.test_legal_fields) ... 
  test_legal_fields (__main__.BodyKeyTest.test_legal_fields) (key='AUDIO_CLUSTER') ... ERROR
  test_legal_fields (__main__.BodyKeyTest.test_legal_fields) (key=20) ... ERROR
  test_legal_fields (__main__.BodyKeyTest.test_legal_fields) (key='0x0014') ... ERROR
  test_legal_fields (__main__.BodyKeyTest.test_legal_fields) (key=4660) ... ERROR
test_type_mismatch_bytes (__main__.BodyKeyTest.test_type_mismatch_bytes) ... 
  test_type_mismatch_bytes (__main__.BodyKeyTest.test_type_mismatch_bytes) (key='AUDIO_CLUSTER') ... FAIL
  test_type_mismatch_bytes (__main__.BodyKeyTest.test_type_mismatch_bytes) (key=20) ... FAIL
  test_type_mismatch_bytes (__main__.BodyKeyTest.test_type_mismatch_bytes) (key='0x0014') ... FAIL
  test_type_mismatch_bytes (__main__.BodyKeyTest.test_type_mismatch_bytes) (key=4660) ... FAIL
test_type_mismatch_fields (__main__.BodyKeyTest.test_type_mismatch_fields) ... 
  test_type_mismatch_fields (__main__.BodyKeyTest.test_type_mismatch_fields) (key='AUDIO_CLUSTER') ... FAIL
  test_type_mismatch_fields (__main__.BodyKeyTest.test_type_mismatch_fields) (key=20) ... FAIL
  test_type_mismatch_fields (__main__.BodyKeyTest.test_type_mismatch_fields) (key='0x0014') ... FAIL
  test_type_mismatch_fields (__main__.BodyKeyTest.test_type_mismatch_fields) (key=4660) ... FAIL

======================================================================
ERROR: test_legal_bytes (__main__.BodyKeyTest.test_legal_bytes) (key='AUDIO_CLUSTER')
----------------------------------------------------------------------
Traceback (most recent call last):
  File "$REVIEWS/pp123-r336-1-packet/scratch/mut-M8-type-slice-off-by-one/tb/desc_store/test_gen_desc_image.py", line 68, in legal
    image, report = gen_desc_image.build(model)
                    ~~~~~~~~~~~~~~~~~~~~^^^^^^^
  File "$REVIEWS/pp123-r336-1-packet/scratch/mut-M8-type-slice-off-by-one/hdl/aecp/desc/gen_desc_image.py", line 446, in build
    entries = _index_entries(_grouped_descriptors(model), names, line_bytes)
                             ~~~~~~~~~~~~~~~~~~~~^^^^^^^
  File "$REVIEWS/pp123-r336-1-packet/scratch/mut-M8-type-slice-off-by-one/hdl/aecp/desc/gen_desc_image.py", line 218, in _grouped_descriptors
    raise ImageError(
    ...<2 lines>...
        f"index {body_index}")
gen_desc_image.ImageError: cfg 0 directory key type 0x0014 index 0 disagrees with body type 0x1400 index 0

======================================================================
ERROR: test_legal_bytes (__main__.BodyKeyTest.test_legal_bytes) (key=20)
----------------------------------------------------------------------
Traceback (most recent call last):
  File "$REVIEWS/pp123-r336-1-packet/scratch/mut-M8-type-slice-off-by-one/tb/desc_store/test_gen_desc_image.py", line 68, in legal
    image, report = gen_desc_image.build(model)
                    ~~~~~~~~~~~~~~~~~~~~^^^^^^^
  File "$REVIEWS/pp123-r336-1-packet/scratch/mut-M8-type-slice-off-by-one/hdl/aecp/desc/gen_desc_image.py", line 446, in build
    entries = _index_entries(_grouped_descriptors(model), names, line_bytes)
                             ~~~~~~~~~~~~~~~~~~~~^^^^^^^
  File "$REVIEWS/pp123-r336-1-packet/scratch/mut-M8-type-slice-off-by-one/hdl/aecp/desc/gen_desc_image.py", line 218, in _grouped_descriptors
    raise ImageError(
    ...<2 lines>...
        f"index {body_index}")
gen_desc_image.ImageError: cfg 0 directory key type 0x0014 index 0 disagrees with body type 0x1400 index 0

======================================================================
ERROR: test_legal_bytes (__main__.BodyKeyTest.test_legal_bytes) (key='0x0014')
----------------------------------------------------------------------
Traceback (most recent call last):
  File "$REVIEWS/pp123-r336-1-packet/scratch/mut-M8-type-slice-off-by-one/tb/desc_store/test_gen_desc_image.py", line 68, in legal
    image, report = gen_desc_image.build(model)
                    ~~~~~~~~~~~~~~~~~~~~^^^^^^^
  File "$REVIEWS/pp123-r336-1-packet/scratch/mut-M8-type-slice-off-by-one/hdl/aecp/desc/gen_desc_image.py", line 446, in build
    entries = _index_entries(_grouped_descriptors(model), names, line_bytes)
                             ~~~~~~~~~~~~~~~~~~~~^^^^^^^
  File "$REVIEWS/pp123-r336-1-packet/scratch/mut-M8-type-slice-off-by-one/hdl/aecp/desc/gen_desc_image.py", line 218, in _grouped_descriptors
    raise ImageError(
    ...<2 lines>...
        f"index {body_index}")
gen_desc_image.ImageError: cfg 0 directory key type 0x0014 index 0 disagrees with body type 0x1400 index 0

======================================================================
ERROR: test_legal_bytes (__main__.BodyKeyTest.test_legal_bytes) (key=4660)
----------------------------------------------------------------------
Traceback (most recent call last):
  File "$REVIEWS/pp123-r336-1-packet/scratch/mut-M8-type-slice-off-by-one/tb/desc_store/test_gen_desc_image.py", line 68, in legal
    image, report = gen_desc_image.build(model)
                    ~~~~~~~~~~~~~~~~~~~~^^^^^^^
  File "$REVIEWS/pp123-r336-1-packet/scratch/mut-M8-type-slice-off-by-one/hdl/aecp/desc/gen_desc_image.py", line 446, in build
    entries = _index_entries(_grouped_descriptors(model), names, line_bytes)
                             ~~~~~~~~~~~~~~~~~~~~^^^^^^^
  File "$REVIEWS/pp123-r336-1-packet/scratch/mut-M8-type-slice-off-by-one/hdl/aecp/desc/gen_desc_image.py", line 218, in _grouped_descriptors
    raise ImageError(
    ...<2 lines>...
        f"index {body_index}")
gen_desc_image.ImageError: cfg 0 directory key type 0x1234 index 0 disagrees with body type 0x3400 index 0

======================================================================
ERROR: test_legal_fields (__main__.BodyKeyTest.test_legal_fields) (key='AUDIO_CLUSTER')
----------------------------------------------------------------------
Traceback (most recent call last):
  File "$REVIEWS/pp123-r336-1-packet/scratch/mut-M8-type-slice-off-by-one/tb/desc_store/test_gen_desc_image.py", line 68, in legal
    image, report = gen_desc_image.build(model)
                    ~~~~~~~~~~~~~~~~~~~~^^^^^^^
  File "$REVIEWS/pp123-r336-1-packet/scratch/mut-M8-type-slice-off-by-one/hdl/aecp/desc/gen_desc_image.py", line 446, in build
    entries = _index_entries(_grouped_descriptors(model), names, line_bytes)
                             ~~~~~~~~~~~~~~~~~~~~^^^^^^^
  File "$REVIEWS/pp123-r336-1-packet/scratch/mut-M8-type-slice-off-by-one/hdl/aecp/desc/gen_desc_image.py", line 218, in _grouped_descriptors
    raise ImageError(
    ...<2 lines>...
        f"index {body_index}")
gen_desc_image.ImageError: cfg 0 directory key type 0x0014 index 0 disagrees with body type 0x1400 index 0

======================================================================
ERROR: test_legal_fields (__main__.BodyKeyTest.test_legal_fields) (key=20)
----------------------------------------------------------------------
Traceback (most recent call last):
  File "$REVIEWS/pp123-r336-1-packet/scratch/mut-M8-type-slice-off-by-one/tb/desc_store/test_gen_desc_image.py", line 68, in legal
    image, report = gen_desc_image.build(model)
                    ~~~~~~~~~~~~~~~~~~~~^^^^^^^
  File "$REVIEWS/pp123-r336-1-packet/scratch/mut-M8-type-slice-off-by-one/hdl/aecp/desc/gen_desc_image.py", line 446, in build
    entries = _index_entries(_grouped_descriptors(model), names, line_bytes)
                             ~~~~~~~~~~~~~~~~~~~~^^^^^^^
  File "$REVIEWS/pp123-r336-1-packet/scratch/mut-M8-type-slice-off-by-one/hdl/aecp/desc/gen_desc_image.py", line 218, in _grouped_descriptors
    raise ImageError(
    ...<2 lines>...
        f"index {body_index}")
gen_desc_image.ImageError: cfg 0 directory key type 0x0014 index 0 disagrees with body type 0x1400 index 0

======================================================================
ERROR: test_legal_fields (__main__.BodyKeyTest.test_legal_fields) (key='0x0014')
----------------------------------------------------------------------
Traceback (most recent call last):
  File "$REVIEWS/pp123-r336-1-packet/scratch/mut-M8-type-slice-off-by-one/tb/desc_store/test_gen_desc_image.py", line 68, in legal
    image, report = gen_desc_image.build(model)
                    ~~~~~~~~~~~~~~~~~~~~^^^^^^^
  File "$REVIEWS/pp123-r336-1-packet/scratch/mut-M8-type-slice-off-by-one/hdl/aecp/desc/gen_desc_image.py", line 446, in build
    entries = _index_entries(_grouped_descriptors(model), names, line_bytes)
                             ~~~~~~~~~~~~~~~~~~~~^^^^^^^
  File "$REVIEWS/pp123-r336-1-packet/scratch/mut-M8-type-slice-off-by-one/hdl/aecp/desc/gen_desc_image.py", line 218, in _grouped_descriptors
    raise ImageError(
    ...<2 lines>...
        f"index {body_index}")
gen_desc_image.ImageError: cfg 0 directory key type 0x0014 index 0 disagrees with body type 0x1400 index 0

======================================================================
ERROR: test_legal_fields (__main__.BodyKeyTest.test_legal_fields) (key=4660)
----------------------------------------------------------------------
Traceback (most recent call last):
  File "$REVIEWS/pp123-r336-1-packet/scratch/mut-M8-type-slice-off-by-one/tb/desc_store/test_gen_desc_image.py", line 68, in legal
    image, report = gen_desc_image.build(model)
                    ~~~~~~~~~~~~~~~~~~~~^^^^^^^
  File "$REVIEWS/pp123-r336-1-packet/scratch/mut-M8-type-slice-off-by-one/hdl/aecp/desc/gen_desc_image.py", line 446, in build
    entries = _index_entries(_grouped_descriptors(model), names, line_bytes)
                             ~~~~~~~~~~~~~~~~~~~~^^^^^^^
  File "$REVIEWS/pp123-r336-1-packet/scratch/mut-M8-type-slice-off-by-one/hdl/aecp/desc/gen_desc_image.py", line 218, in _grouped_descriptors
    raise ImageError(
    ...<2 lines>...
        f"index {body_index}")
gen_desc_image.ImageError: cfg 0 directory key type 0x1234 index 0 disagrees with body type 0x3400 index 0

======================================================================
FAIL: test_index_mismatch_bytes (__main__.BodyKeyTest.test_index_mismatch_bytes) (key='AUDIO_CLUSTER')
----------------------------------------------------------------------
Traceback (most recent call last):
  File "$REVIEWS/pp123-r336-1-packet/scratch/mut-M8-type-slice-off-by-one/tb/desc_store/test_gen_desc_image.py", line 94, in refused
    self.assertEqual(str(caught.exception), message)
    ~~~~~~~~~~~~~~~~^^^^^^^^^^^^^^^^^^^^^^^^^^^^^^^^
AssertionError: 'cfg 0 directory key type 0x0014 index 0 disag[30 chars]ex 0' != 'cfg 1 directory key type 0x0014 index 1 disag[32 chars] 257'
- cfg 0 directory key type 0x0014 index 0 disagrees with body type 0x1400 index 0
?     ^                                 ^                              --       ^
+ cfg 1 directory key type 0x0014 index 1 disagrees with body type 0x0014 index 257
?     ^                                 ^                            ++         ^^^


======================================================================
FAIL: test_index_mismatch_bytes (__main__.BodyKeyTest.test_index_mismatch_bytes) (key=20)
----------------------------------------------------------------------
Traceback (most recent call last):
  File "$REVIEWS/pp123-r336-1-packet/scratch/mut-M8-type-slice-off-by-one/tb/desc_store/test_gen_desc_image.py", line 94, in refused
    self.assertEqual(str(caught.exception), message)
    ~~~~~~~~~~~~~~~~^^^^^^^^^^^^^^^^^^^^^^^^^^^^^^^^
AssertionError: 'cfg 0 directory key type 0x0014 index 0 disag[30 chars]ex 0' != 'cfg 1 directory key type 0x0014 index 1 disag[32 chars] 257'
- cfg 0 directory key type 0x0014 index 0 disagrees with body type 0x1400 index 0
?     ^                                 ^                              --       ^
+ cfg 1 directory key type 0x0014 index 1 disagrees with body type 0x0014 index 257
?     ^                                 ^                            ++         ^^^


======================================================================
FAIL: test_index_mismatch_bytes (__main__.BodyKeyTest.test_index_mismatch_bytes) (key='0x0014')
----------------------------------------------------------------------
Traceback (most recent call last):
  File "$REVIEWS/pp123-r336-1-packet/scratch/mut-M8-type-slice-off-by-one/tb/desc_store/test_gen_desc_image.py", line 94, in refused
    self.assertEqual(str(caught.exception), message)
    ~~~~~~~~~~~~~~~~^^^^^^^^^^^^^^^^^^^^^^^^^^^^^^^^
AssertionError: 'cfg 0 directory key type 0x0014 index 0 disag[30 chars]ex 0' != 'cfg 1 directory key type 0x0014 index 1 disag[32 chars] 257'
- cfg 0 directory key type 0x0014 index 0 disagrees with body type 0x1400 index 0
?     ^                                 ^                              --       ^
+ cfg 1 directory key type 0x0014 index 1 disagrees with body type 0x0014 index 257
?     ^                                 ^                            ++         ^^^


======================================================================
FAIL: test_index_mismatch_bytes (__main__.BodyKeyTest.test_index_mismatch_bytes) (key=4660)
----------------------------------------------------------------------
Traceback (most recent call last):
  File "$REVIEWS/pp123-r336-1-packet/scratch/mut-M8-type-slice-off-by-one/tb/desc_store/test_gen_desc_image.py", line 94, in refused
    self.assertEqual(str(caught.exception), message)
    ~~~~~~~~~~~~~~~~^^^^^^^^^^^^^^^^^^^^^^^^^^^^^^^^
AssertionError: 'cfg 0 directory key type 0x1234 index 0 disag[30 chars]ex 0' != 'cfg 1 directory key type 0x1234 index 1 disag[32 chars] 257'
- cfg 0 directory key type 0x1234 index 0 disagrees with body type 0x3400 index 0
?     ^                                 ^                              --       ^
+ cfg 1 directory key type 0x1234 index 1 disagrees with body type 0x1234 index 257
?     ^                                 ^                            ++         ^^^


======================================================================
FAIL: test_index_mismatch_fields (__main__.BodyKeyTest.test_index_mismatch_fields) (key='AUDIO_CLUSTER')
----------------------------------------------------------------------
Traceback (most recent call last):
  File "$REVIEWS/pp123-r336-1-packet/scratch/mut-M8-type-slice-off-by-one/tb/desc_store/test_gen_desc_image.py", line 94, in refused
    self.assertEqual(str(caught.exception), message)
    ~~~~~~~~~~~~~~~~^^^^^^^^^^^^^^^^^^^^^^^^^^^^^^^^
AssertionError: 'cfg 0 directory key type 0x0014 index 0 disag[30 chars]ex 0' != 'cfg 1 directory key type 0x0014 index 1 disag[32 chars] 257'
- cfg 0 directory key type 0x0014 index 0 disagrees with body type 0x1400 index 0
?     ^                                 ^                              --       ^
+ cfg 1 directory key type 0x0014 index 1 disagrees with body type 0x0014 index 257
?     ^                                 ^                            ++         ^^^


======================================================================
FAIL: test_index_mismatch_fields (__main__.BodyKeyTest.test_index_mismatch_fields) (key=20)
----------------------------------------------------------------------
Traceback (most recent call last):
  File "$REVIEWS/pp123-r336-1-packet/scratch/mut-M8-type-slice-off-by-one/tb/desc_store/test_gen_desc_image.py", line 94, in refused
    self.assertEqual(str(caught.exception), message)
    ~~~~~~~~~~~~~~~~^^^^^^^^^^^^^^^^^^^^^^^^^^^^^^^^
AssertionError: 'cfg 0 directory key type 0x0014 index 0 disag[30 chars]ex 0' != 'cfg 1 directory key type 0x0014 index 1 disag[32 chars] 257'
- cfg 0 directory key type 0x0014 index 0 disagrees with body type 0x1400 index 0
?     ^                                 ^                              --       ^
+ cfg 1 directory key type 0x0014 index 1 disagrees with body type 0x0014 index 257
?     ^                                 ^                            ++         ^^^


======================================================================
FAIL: test_index_mismatch_fields (__main__.BodyKeyTest.test_index_mismatch_fields) (key='0x0014')
----------------------------------------------------------------------
Traceback (most recent call last):
  File "$REVIEWS/pp123-r336-1-packet/scratch/mut-M8-type-slice-off-by-one/tb/desc_store/test_gen_desc_image.py", line 94, in refused
    self.assertEqual(str(caught.exception), message)
    ~~~~~~~~~~~~~~~~^^^^^^^^^^^^^^^^^^^^^^^^^^^^^^^^
AssertionError: 'cfg 0 directory key type 0x0014 index 0 disag[30 chars]ex 0' != 'cfg 1 directory key type 0x0014 index 1 disag[32 chars] 257'
- cfg 0 directory key type 0x0014 index 0 disagrees with body type 0x1400 index 0
?     ^                                 ^                              --       ^
+ cfg 1 directory key type 0x0014 index 1 disagrees with body type 0x0014 index 257
?     ^                                 ^                            ++         ^^^


======================================================================
FAIL: test_index_mismatch_fields (__main__.BodyKeyTest.test_index_mismatch_fields) (key=4660)
----------------------------------------------------------------------
Traceback (most recent call last):
  File "$REVIEWS/pp123-r336-1-packet/scratch/mut-M8-type-slice-off-by-one/tb/desc_store/test_gen_desc_image.py", line 94, in refused
    self.assertEqual(str(caught.exception), message)
    ~~~~~~~~~~~~~~~~^^^^^^^^^^^^^^^^^^^^^^^^^^^^^^^^
AssertionError: 'cfg 0 directory key type 0x1234 index 0 disag[30 chars]ex 0' != 'cfg 1 directory key type 0x1234 index 1 disag[32 chars] 257'
- cfg 0 directory key type 0x1234 index 0 disagrees with body type 0x3400 index 0
?     ^                                 ^                              --       ^
+ cfg 1 directory key type 0x1234 index 1 disagrees with body type 0x1234 index 257
?     ^                                 ^                            ++         ^^^


======================================================================
FAIL: test_type_mismatch_bytes (__main__.BodyKeyTest.test_type_mismatch_bytes) (key='AUDIO_CLUSTER')
----------------------------------------------------------------------
Traceback (most recent call last):
  File "$REVIEWS/pp123-r336-1-packet/scratch/mut-M8-type-slice-off-by-one/tb/desc_store/test_gen_desc_image.py", line 94, in refused
    self.assertEqual(str(caught.exception), message)
    ~~~~~~~~~~~~~~~~^^^^^^^^^^^^^^^^^^^^^^^^^^^^^^^^
AssertionError: 'cfg 0 directory key type 0x0014 index 0 disag[30 chars]ex 0' != 'cfg 1 directory key type 0x0014 index 1 disag[30 chars]ex 1'
- cfg 0 directory key type 0x0014 index 0 disagrees with body type 0x1400 index 0
?     ^                                 ^                              --       ^
+ cfg 1 directory key type 0x0014 index 1 disagrees with body type 0x0114 index 1
?     ^                                 ^                            ++         ^


======================================================================
FAIL: test_type_mismatch_bytes (__main__.BodyKeyTest.test_type_mismatch_bytes) (key=20)
----------------------------------------------------------------------
Traceback (most recent call last):
  File "$REVIEWS/pp123-r336-1-packet/scratch/mut-M8-type-slice-off-by-one/tb/desc_store/test_gen_desc_image.py", line 94, in refused
    self.assertEqual(str(caught.exception), message)
    ~~~~~~~~~~~~~~~~^^^^^^^^^^^^^^^^^^^^^^^^^^^^^^^^
AssertionError: 'cfg 0 directory key type 0x0014 index 0 disag[30 chars]ex 0' != 'cfg 1 directory key type 0x0014 index 1 disag[30 chars]ex 1'
- cfg 0 directory key type 0x0014 index 0 disagrees with body type 0x1400 index 0
?     ^                                 ^                              --       ^
+ cfg 1 directory key type 0x0014 index 1 disagrees with body type 0x0114 index 1
?     ^                                 ^                            ++         ^


======================================================================
FAIL: test_type_mismatch_bytes (__main__.BodyKeyTest.test_type_mismatch_bytes) (key='0x0014')
----------------------------------------------------------------------
Traceback (most recent call last):
  File "$REVIEWS/pp123-r336-1-packet/scratch/mut-M8-type-slice-off-by-one/tb/desc_store/test_gen_desc_image.py", line 94, in refused
    self.assertEqual(str(caught.exception), message)
    ~~~~~~~~~~~~~~~~^^^^^^^^^^^^^^^^^^^^^^^^^^^^^^^^
AssertionError: 'cfg 0 directory key type 0x0014 index 0 disag[30 chars]ex 0' != 'cfg 1 directory key type 0x0014 index 1 disag[30 chars]ex 1'
- cfg 0 directory key type 0x0014 index 0 disagrees with body type 0x1400 index 0
?     ^                                 ^                              --       ^
+ cfg 1 directory key type 0x0014 index 1 disagrees with body type 0x0114 index 1
?     ^                                 ^                            ++         ^


======================================================================
FAIL: test_type_mismatch_bytes (__main__.BodyKeyTest.test_type_mismatch_bytes) (key=4660)
----------------------------------------------------------------------
Traceback (most recent call last):
  File "$REVIEWS/pp123-r336-1-packet/scratch/mut-M8-type-slice-off-by-one/tb/desc_store/test_gen_desc_image.py", line 94, in refused
    self.assertEqual(str(caught.exception), message)
    ~~~~~~~~~~~~~~~~^^^^^^^^^^^^^^^^^^^^^^^^^^^^^^^^
AssertionError: 'cfg 0 directory key type 0x1234 index 0 disag[30 chars]ex 0' != 'cfg 1 directory key type 0x1234 index 1 disag[30 chars]ex 1'
- cfg 0 directory key type 0x1234 index 0 disagrees with body type 0x3400 index 0
?     ^                                 ^                              --       ^
+ cfg 1 directory key type 0x1234 index 1 disagrees with body type 0x1334 index 1
?     ^                                 ^                            ++         ^


======================================================================
FAIL: test_type_mismatch_fields (__main__.BodyKeyTest.test_type_mismatch_fields) (key='AUDIO_CLUSTER')
----------------------------------------------------------------------
Traceback (most recent call last):
  File "$REVIEWS/pp123-r336-1-packet/scratch/mut-M8-type-slice-off-by-one/tb/desc_store/test_gen_desc_image.py", line 94, in refused
    self.assertEqual(str(caught.exception), message)
    ~~~~~~~~~~~~~~~~^^^^^^^^^^^^^^^^^^^^^^^^^^^^^^^^
AssertionError: 'cfg 0 directory key type 0x0014 index 0 disag[30 chars]ex 0' != 'cfg 1 directory key type 0x0014 index 1 disag[30 chars]ex 1'
- cfg 0 directory key type 0x0014 index 0 disagrees with body type 0x1400 index 0
?     ^                                 ^                              --       ^
+ cfg 1 directory key type 0x0014 index 1 disagrees with body type 0x0114 index 1
?     ^                                 ^                            ++         ^


======================================================================
FAIL: test_type_mismatch_fields (__main__.BodyKeyTest.test_type_mismatch_fields) (key=20)
----------------------------------------------------------------------
Traceback (most recent call last):
  File "$REVIEWS/pp123-r336-1-packet/scratch/mut-M8-type-slice-off-by-one/tb/desc_store/test_gen_desc_image.py", line 94, in refused
    self.assertEqual(str(caught.exception), message)
    ~~~~~~~~~~~~~~~~^^^^^^^^^^^^^^^^^^^^^^^^^^^^^^^^
AssertionError: 'cfg 0 directory key type 0x0014 index 0 disag[30 chars]ex 0' != 'cfg 1 directory key type 0x0014 index 1 disag[30 chars]ex 1'
- cfg 0 directory key type 0x0014 index 0 disagrees with body type 0x1400 index 0
?     ^                                 ^                              --       ^
+ cfg 1 directory key type 0x0014 index 1 disagrees with body type 0x0114 index 1
?     ^                                 ^                            ++         ^


======================================================================
FAIL: test_type_mismatch_fields (__main__.BodyKeyTest.test_type_mismatch_fields) (key='0x0014')
----------------------------------------------------------------------
Traceback (most recent call last):
  File "$REVIEWS/pp123-r336-1-packet/scratch/mut-M8-type-slice-off-by-one/tb/desc_store/test_gen_desc_image.py", line 94, in refused
    self.assertEqual(str(caught.exception), message)
    ~~~~~~~~~~~~~~~~^^^^^^^^^^^^^^^^^^^^^^^^^^^^^^^^
AssertionError: 'cfg 0 directory key type 0x0014 index 0 disag[30 chars]ex 0' != 'cfg 1 directory key type 0x0014 index 1 disag[30 chars]ex 1'
- cfg 0 directory key type 0x0014 index 0 disagrees with body type 0x1400 index 0
?     ^                                 ^                              --       ^
+ cfg 1 directory key type 0x0014 index 1 disagrees with body type 0x0114 index 1
?     ^                                 ^                            ++         ^


======================================================================
FAIL: test_type_mismatch_fields (__main__.BodyKeyTest.test_type_mismatch_fields) (key=4660)
----------------------------------------------------------------------
Traceback (most recent call last):
  File "$REVIEWS/pp123-r336-1-packet/scratch/mut-M8-type-slice-off-by-one/tb/desc_store/test_gen_desc_image.py", line 94, in refused
    self.assertEqual(str(caught.exception), message)
    ~~~~~~~~~~~~~~~~^^^^^^^^^^^^^^^^^^^^^^^^^^^^^^^^
AssertionError: 'cfg 0 directory key type 0x1234 index 0 disag[30 chars]ex 0' != 'cfg 1 directory key type 0x1234 index 1 disag[30 chars]ex 1'
- cfg 0 directory key type 0x1234 index 0 disagrees with body type 0x3400 index 0
?     ^                                 ^                              --       ^
+ cfg 1 directory key type 0x1234 index 1 disagrees with body type 0x1334 index 1
?     ^                                 ^                            ++         ^


----------------------------------------------------------------------
Ran 6 tests in 0.009s

FAILED (failures=16, errors=8)
make: *** [Makefile:32: generator-check] Error 1
rc=2

