command: python3 -B sw/firmware/ctrl/test/aecp_mutants.py --output $REVIEWS/665f5-r564-2-packet/scratch/mut2 --shard 2 3
start: 2026-10-09T17:45:00Z
wrote $REVIEWS/665f5-r564-2-packet/scratch/mut2/work/build/aecp-mailbox-endstation_ax7101_1x1_tdm8-if2/contract/KL_mbx_pkg.sv (2 interfaces)
wrote $REVIEWS/665f5-r564-2-packet/scratch/mut2/work/build/aecp-mailbox-endstation_ax7101_1x1_tdm8-if2/contract/KL_mbx.sv (2 interfaces)
wrote $REVIEWS/665f5-r564-2-packet/scratch/mut2/work/build/aecp-mailbox-endstation_ax7101_1x1_tdm8-if2/contract/mbx_contract.h (2 interfaces)
[ok] hdcp-data-length-echo: Core.NonAemMessageTypesFollowTheirOwnContracts
wrote $REVIEWS/665f5-r564-2-packet/scratch/mut2/work/build/aecp-mailbox-endstation_ax7101_1x1_tdm8-if2/contract/KL_mbx_pkg.sv (2 interfaces)
wrote $REVIEWS/665f5-r564-2-packet/scratch/mut2/work/build/aecp-mailbox-endstation_ax7101_1x1_tdm8-if2/contract/KL_mbx.sv (2 interfaces)
wrote $REVIEWS/665f5-r564-2-packet/scratch/mut2/work/build/aecp-mailbox-endstation_ax7101_1x1_tdm8-if2/contract/mbx_contract.h (2 interfaces)
[ok] unavailable-retry-spins: Core.UnavailableSnapshotsDoNotBlockIndependentNoticesOrSpin
wrote $REVIEWS/665f5-r564-2-packet/scratch/mut2/work/build/aecp-mailbox-endstation_ax7101_1x1_tdm8-if2/contract/KL_mbx_pkg.sv (2 interfaces)
wrote $REVIEWS/665f5-r564-2-packet/scratch/mut2/work/build/aecp-mailbox-endstation_ax7101_1x1_tdm8-if2/contract/KL_mbx.sv (2 interfaces)
wrote $REVIEWS/665f5-r564-2-packet/scratch/mut2/work/build/aecp-mailbox-endstation_ax7101_1x1_tdm8-if2/contract/mbx_contract.h (2 interfaces)
[ok] stream-info-noop-refused: Core.SetStreamInfoReportsCurrentFieldsOnSuccessAndRefusal
wrote $REVIEWS/665f5-r564-2-packet/scratch/mut2/work/build/aecp-mailbox-endstation_ax7101_1x1_tdm8-if2/contract/KL_mbx_pkg.sv (2 interfaces)
wrote $REVIEWS/665f5-r564-2-packet/scratch/mut2/work/build/aecp-mailbox-endstation_ax7101_1x1_tdm8-if2/contract/KL_mbx.sv (2 interfaces)
wrote $REVIEWS/665f5-r564-2-packet/scratch/mut2/work/build/aecp-mailbox-endstation_ax7101_1x1_tdm8-if2/contract/mbx_contract.h (2 interfaces)
[ok] descriptor-last-byte: Core.EveryDescriptorAndReadFailures
wrote $REVIEWS/665f5-r564-2-packet/scratch/mut2/work/build/aecp-mailbox-endstation_ax7101_1x1_tdm8-if2/contract/KL_mbx_pkg.sv (2 interfaces)
wrote $REVIEWS/665f5-r564-2-packet/scratch/mut2/work/build/aecp-mailbox-endstation_ax7101_1x1_tdm8-if2/contract/KL_mbx.sv (2 interfaces)
wrote $REVIEWS/665f5-r564-2-packet/scratch/mut2/work/build/aecp-mailbox-endstation_ax7101_1x1_tdm8-if2/contract/mbx_contract.h (2 interfaces)
[ok] group-name-offset: Core.GroupNameDoesNotOverwriteFirmwareVersion:Core.NamesAndDescriptorOverlay:Nvm.ShapePoolsAndNameOrdinalsMatchSavedRecords
wrote $REVIEWS/665f5-r564-2-packet/scratch/mut2/work/build/aecp-mailbox-endstation_ax7101_1x1_tdm8-if2/contract/KL_mbx_pkg.sv (2 interfaces)
wrote $REVIEWS/665f5-r564-2-packet/scratch/mut2/work/build/aecp-mailbox-endstation_ax7101_1x1_tdm8-if2/contract/KL_mbx.sv (2 interfaces)
wrote $REVIEWS/665f5-r564-2-packet/scratch/mut2/work/build/aecp-mailbox-endstation_ax7101_1x1_tdm8-if2/contract/mbx_contract.h (2 interfaces)
[ok] restore-forgets-override: Core.RestoreValuesValidateAndRollbackWithoutLiveEvents:Nvm.ScalarRecordsUseSharedValidationAndReserveUnknownGroups
wrote $REVIEWS/665f5-r564-2-packet/scratch/mut2/work/build/aecp-mailbox-endstation_ax7101_1x1_tdm8-if2/contract/KL_mbx_pkg.sv (2 interfaces)
wrote $REVIEWS/665f5-r564-2-packet/scratch/mut2/work/build/aecp-mailbox-endstation_ax7101_1x1_tdm8-if2/contract/KL_mbx.sv (2 interfaces)
wrote $REVIEWS/665f5-r564-2-packet/scratch/mut2/work/build/aecp-mailbox-endstation_ax7101_1x1_tdm8-if2/contract/mbx_contract.h (2 interfaces)
[ok] path-failure-success: Core.ObservationRefusals
wrote $REVIEWS/665f5-r564-2-packet/scratch/mut2/work/build/aecp-mailbox-endstation_ax7101_1x1_tdm8-if2/contract/KL_mbx_pkg.sv (2 interfaces)
wrote $REVIEWS/665f5-r564-2-packet/scratch/mut2/work/build/aecp-mailbox-endstation_ax7101_1x1_tdm8-if2/contract/KL_mbx.sv (2 interfaces)
wrote $REVIEWS/665f5-r564-2-packet/scratch/mut2/work/build/aecp-mailbox-endstation_ax7101_1x1_tdm8-if2/contract/mbx_contract.h (2 interfaces)
[ok] start-wait-ten-ms: Core.StartIsDeferredAndHasFailureDeadline:Latency.DeferredFailureAndTimerPathsUseTheirDueTime
wrote $REVIEWS/665f5-r564-2-packet/scratch/mut2/work/build/aecp-mailbox-endstation_ax7101_1x1_tdm8-if2/contract/KL_mbx_pkg.sv (2 interfaces)
wrote $REVIEWS/665f5-r564-2-packet/scratch/mut2/work/build/aecp-mailbox-endstation_ax7101_1x1_tdm8-if2/contract/KL_mbx.sv (2 interfaces)
wrote $REVIEWS/665f5-r564-2-packet/scratch/mut2/work/build/aecp-mailbox-endstation_ax7101_1x1_tdm8-if2/contract/mbx_contract.h (2 interfaces)
[ok] foreign-lock-ignored: Core.ConfigurationAndLockedSetRefusals
wrote $REVIEWS/665f5-r564-2-packet/scratch/mut2/work/build/aecp-mailbox-endstation_ax7101_1x1_tdm8-if2/contract/KL_mbx_pkg.sv (2 interfaces)
wrote $REVIEWS/665f5-r564-2-packet/scratch/mut2/work/build/aecp-mailbox-endstation_ax7101_1x1_tdm8-if2/contract/KL_mbx.sv (2 interfaces)
wrote $REVIEWS/665f5-r564-2-packet/scratch/mut2/work/build/aecp-mailbox-endstation_ax7101_1x1_tdm8-if2/contract/mbx_contract.h (2 interfaces)
[ok] clock-reserved-halfword-omitted: Core.ChangedScalarValuesAndDamagedLists
wrote $REVIEWS/665f5-r564-2-packet/scratch/mut2/work/build/aecp-mailbox-endstation_ax7101_1x1_tdm8-if2/contract/KL_mbx_pkg.sv (2 interfaces)
wrote $REVIEWS/665f5-r564-2-packet/scratch/mut2/work/build/aecp-mailbox-endstation_ax7101_1x1_tdm8-if2/contract/KL_mbx.sv (2 interfaces)
wrote $REVIEWS/665f5-r564-2-packet/scratch/mut2/work/build/aecp-mailbox-endstation_ax7101_1x1_tdm8-if2/contract/mbx_contract.h (2 interfaces)
[ok] counter-spacing-short: Core.CounterNoticesCoalesceAndWaitForEligibility:Mailbox.OutputTailStartsCounterSpacingAfterAStall
wrote $REVIEWS/665f5-r564-2-packet/scratch/mut2/work/build/aecp-mailbox-endstation_ax7101_1x1_tdm8-if2/contract/KL_mbx_pkg.sv (2 interfaces)
wrote $REVIEWS/665f5-r564-2-packet/scratch/mut2/work/build/aecp-mailbox-endstation_ax7101_1x1_tdm8-if2/contract/KL_mbx.sv (2 interfaces)
wrote $REVIEWS/665f5-r564-2-packet/scratch/mut2/work/build/aecp-mailbox-endstation_ax7101_1x1_tdm8-if2/contract/mbx_contract.h (2 interfaces)
[ok] output-owner-crossed: Core.OutputMappingsHaveOneGlobalOwner
wrote $REVIEWS/665f5-r564-2-packet/scratch/mut2/work/build/aecp-mailbox-endstation_ax7101_1x1_tdm8-if2/contract/KL_mbx_pkg.sv (2 interfaces)
wrote $REVIEWS/665f5-r564-2-packet/scratch/mut2/work/build/aecp-mailbox-endstation_ax7101_1x1_tdm8-if2/contract/KL_mbx.sv (2 interfaces)
wrote $REVIEWS/665f5-r564-2-packet/scratch/mut2/work/build/aecp-mailbox-endstation_ax7101_1x1_tdm8-if2/contract/mbx_contract.h (2 interfaces)
[ok] boot-map-capacity-ignored: Core.BootMapFaultsCannotPartlyReplaceTheSet
wrote $REVIEWS/665f5-r564-2-packet/scratch/mut2/work/build/aecp-mailbox-endstation_ax7101_1x1_tdm8-if2/contract/KL_mbx_pkg.sv (2 interfaces)
wrote $REVIEWS/665f5-r564-2-packet/scratch/mut2/work/build/aecp-mailbox-endstation_ax7101_1x1_tdm8-if2/contract/KL_mbx.sv (2 interfaces)
wrote $REVIEWS/665f5-r564-2-packet/scratch/mut2/work/build/aecp-mailbox-endstation_ax7101_1x1_tdm8-if2/contract/mbx_contract.h (2 interfaces)
[ok] reentry-uncounted: Core.ReentrantPortsCannotMutateState
wrote $REVIEWS/665f5-r564-2-packet/scratch/mut2/work/build/aecp-mailbox-endstation_ax7101_1x1_tdm8-if2/contract/KL_mbx_pkg.sv (2 interfaces)
wrote $REVIEWS/665f5-r564-2-packet/scratch/mut2/work/build/aecp-mailbox-endstation_ax7101_1x1_tdm8-if2/contract/KL_mbx.sv (2 interfaces)
wrote $REVIEWS/665f5-r564-2-packet/scratch/mut2/work/build/aecp-mailbox-endstation_ax7101_1x1_tdm8-if2/contract/mbx_contract.h (2 interfaces)
[ok] descriptor-configuration-ignored: Core.MetadataConfigurationKeysAndRepeatedOverrides
wrote $REVIEWS/665f5-r564-2-packet/scratch/mut2/work/build/aecp-mailbox-endstation_ax7101_1x1_tdm8-if2/contract/KL_mbx_pkg.sv (2 interfaces)
wrote $REVIEWS/665f5-r564-2-packet/scratch/mut2/work/build/aecp-mailbox-endstation_ax7101_1x1_tdm8-if2/contract/KL_mbx.sv (2 interfaces)
wrote $REVIEWS/665f5-r564-2-packet/scratch/mut2/work/build/aecp-mailbox-endstation_ax7101_1x1_tdm8-if2/contract/mbx_contract.h (2 interfaces)
[ok] system-id-write-lost: Core.MilanVendorCommandsAndRefusals
wrote $REVIEWS/665f5-r564-2-packet/scratch/mut2/work/build/aecp-mailbox-endstation_ax7101_1x1_tdm8-if2/contract/KL_mbx_pkg.sv (2 interfaces)
wrote $REVIEWS/665f5-r564-2-packet/scratch/mut2/work/build/aecp-mailbox-endstation_ax7101_1x1_tdm8-if2/contract/KL_mbx.sv (2 interfaces)
wrote $REVIEWS/665f5-r564-2-packet/scratch/mut2/work/build/aecp-mailbox-endstation_ax7101_1x1_tdm8-if2/contract/mbx_contract.h (2 interfaces)
[ok] nvm-hole-accepted: Nvm.WholeMapFramingAndEmptySetAreDistinct
wrote $REVIEWS/665f5-r564-2-packet/scratch/mut2/work/build/aecp-mailbox-endstation_ax7101_1x1_tdm8-if2/contract/KL_mbx_pkg.sv (2 interfaces)
wrote $REVIEWS/665f5-r564-2-packet/scratch/mut2/work/build/aecp-mailbox-endstation_ax7101_1x1_tdm8-if2/contract/KL_mbx.sv (2 interfaces)
wrote $REVIEWS/665f5-r564-2-packet/scratch/mut2/work/build/aecp-mailbox-endstation_ax7101_1x1_tdm8-if2/contract/mbx_contract.h (2 interfaces)
[ok] app-start-inverted: App.DeferredStartAndLockUseTheRealAcmpOwner
wrote $REVIEWS/665f5-r564-2-packet/scratch/mut2/work/build/aecp-mailbox-endstation_ax7101_1x1_tdm8-if2/contract/KL_mbx_pkg.sv (2 interfaces)
wrote $REVIEWS/665f5-r564-2-packet/scratch/mut2/work/build/aecp-mailbox-endstation_ax7101_1x1_tdm8-if2/contract/KL_mbx.sv (2 interfaces)
wrote $REVIEWS/665f5-r564-2-packet/scratch/mut2/work/build/aecp-mailbox-endstation_ax7101_1x1_tdm8-if2/contract/mbx_contract.h (2 interfaces)
[ok] app-failure-flags-lost: App.InputInfoReflectsAcmpSettlementAndFailures
wrote $REVIEWS/665f5-r564-2-packet/scratch/mut2/work/build/aecp-mailbox-endstation_ax7101_1x1_tdm8-if2/contract/KL_mbx_pkg.sv (2 interfaces)
wrote $REVIEWS/665f5-r564-2-packet/scratch/mut2/work/build/aecp-mailbox-endstation_ax7101_1x1_tdm8-if2/contract/KL_mbx.sv (2 interfaces)
wrote $REVIEWS/665f5-r564-2-packet/scratch/mut2/work/build/aecp-mailbox-endstation_ax7101_1x1_tdm8-if2/contract/mbx_contract.h (2 interfaces)
[ok] app-unbound-start-refused: App.UnboundStartAndStopAreSuccessfulNoOps
wrote $REVIEWS/665f5-r564-2-packet/scratch/mut2/work/build/aecp-mailbox-endstation_ax7101_1x1_tdm8-if2/contract/KL_mbx_pkg.sv (2 interfaces)
wrote $REVIEWS/665f5-r564-2-packet/scratch/mut2/work/build/aecp-mailbox-endstation_ax7101_1x1_tdm8-if2/contract/KL_mbx.sv (2 interfaces)
wrote $REVIEWS/665f5-r564-2-packet/scratch/mut2/work/build/aecp-mailbox-endstation_ax7101_1x1_tdm8-if2/contract/mbx_contract.h (2 interfaces)
[ok] mailbox-full-completions-overwritten: Mailbox.FullTransmitRingAndCompletionQueueKeepTheirOwedResponse
[ok] image-byte-corrupted: Image.EveryDescriptor
[ok] debug-guard-silent: AecpDebug.EveryInputRejectsSynchronousPortDelivery
end: 2026-10-09T17:46:36Z rc=0
