command: python3 -B $REVIEWS/665f5-r564-2-packet/scripts/run_review_mutants.py $REVIEWS/665f5-r564-2-packet/scratch/tree $REVIEWS/665f5-r564-2-packet
start: 2026-10-09T17:48:18Z
wrote $REVIEWS/665f5-r564-2-packet/scratch/review-mutants/work/build/aecp-mailbox-endstation_ax7101_1x1_tdm8-if2/contract/KL_mbx_pkg.sv (2 interfaces)
wrote $REVIEWS/665f5-r564-2-packet/scratch/review-mutants/work/build/aecp-mailbox-endstation_ax7101_1x1_tdm8-if2/contract/KL_mbx.sv (2 interfaces)
wrote $REVIEWS/665f5-r564-2-packet/scratch/review-mutants/work/build/aecp-mailbox-endstation_ax7101_1x1_tdm8-if2/contract/mbx_contract.h (2 interfaces)
nosub-applies-request-latency rc 0 failing: []
wrote $REVIEWS/665f5-r564-2-packet/scratch/review-mutants/work/build/aecp-mailbox-endstation_ax7101_1x1_tdm8-if2/contract/KL_mbx_pkg.sv (2 interfaces)
wrote $REVIEWS/665f5-r564-2-packet/scratch/review-mutants/work/build/aecp-mailbox-endstation_ax7101_1x1_tdm8-if2/contract/KL_mbx.sv (2 interfaces)
wrote $REVIEWS/665f5-r564-2-packet/scratch/review-mutants/work/build/aecp-mailbox-endstation_ax7101_1x1_tdm8-if2/contract/mbx_contract.h (2 interfaces)
nosub-reports-request-latency rc 0 failing: []
wrote $REVIEWS/665f5-r564-2-packet/scratch/review-mutants/work/build/aecp-mailbox-endstation_ax7101_1x1_tdm8-if2/contract/KL_mbx_pkg.sv (2 interfaces)
wrote $REVIEWS/665f5-r564-2-packet/scratch/review-mutants/work/build/aecp-mailbox-endstation_ax7101_1x1_tdm8-if2/contract/KL_mbx.sv (2 interfaces)
wrote $REVIEWS/665f5-r564-2-packet/scratch/review-mutants/work/build/aecp-mailbox-endstation_ax7101_1x1_tdm8-if2/contract/mbx_contract.h (2 interfaces)
saved-state-refused rc 1 failing: ['Core.SetStreamInfoReportsCurrentFieldsOnSuccessAndRefusal']
wrote $REVIEWS/665f5-r564-2-packet/scratch/review-mutants/work/build/aecp-mailbox-endstation_ax7101_1x1_tdm8-if2/contract/KL_mbx_pkg.sv (2 interfaces)
wrote $REVIEWS/665f5-r564-2-packet/scratch/review-mutants/work/build/aecp-mailbox-endstation_ax7101_1x1_tdm8-if2/contract/KL_mbx.sv (2 interfaces)
wrote $REVIEWS/665f5-r564-2-packet/scratch/review-mutants/work/build/aecp-mailbox-endstation_ax7101_1x1_tdm8-if2/contract/mbx_contract.h (2 interfaces)
unavailable-event-dropped rc 1 failing: ['Core.FailedSnapshotRetriesAndUnsupportedEventsAreDiscarded', 'Core.UnavailableSnapshotsDoNotBlockIndependentNoticesOrSpin']
wrote $REVIEWS/665f5-r564-2-packet/scratch/review-mutants/work/build/aecp-mailbox-endstation_ax7101_1x1_tdm8-if2/contract/KL_mbx_pkg.sv (2 interfaces)
wrote $REVIEWS/665f5-r564-2-packet/scratch/review-mutants/work/build/aecp-mailbox-endstation_ax7101_1x1_tdm8-if2/contract/KL_mbx.sv (2 interfaces)
wrote $REVIEWS/665f5-r564-2-packet/scratch/review-mutants/work/build/aecp-mailbox-endstation_ax7101_1x1_tdm8-if2/contract/mbx_contract.h (2 interfaces)
init-guard-after-memset rc 1 failing: ['Core.CrossInstanceInputsAreRefusedInsideRealCallbacks']
end: 2026-10-09T17:48:52Z rc=0
