ID FAIL: docs/00_MILAN_COMPLIANCE_REVIEW.md:373: T-ADP-DELAY-START has no F08.1 row
ID FAIL: docs/README.md:90: T-ADP-DELAY-START has no F08.1 row
ID FAIL: docs/architecture/04_adp_engine.md:148: T-ADP-DELAY-START has no F08.1 row
ID FAIL: docs/architecture/04_adp_engine.md:162: T-ADP-DELAY-START has no F08.1 row
ID FAIL: docs/architecture/04_adp_engine.md:285: T-ADP-DELAY-START has no F08.1 row
ID FAIL: docs/architecture/08_timing.md:229: T-ADP-DELAY-START has no F08.1 row
ID FAIL: docs/architecture/09_verification.md:124: T-ADP-DELAY-START has no F08.1 row
ID FAIL: hdl/adp/KL_adp_engine.sv:28: T-ADP-DELAY-START has no F08.1 row
ID FAIL: hdl/adp/KL_adp_engine.sv:625: T-ADP-DELAY-START has no F08.1 row
ID FAIL: hdl/adp/KL_adp_engine.sv:653: T-ADP-DELAY-START has no F08.1 row
ID FAIL: hdl/adp/pp_adp_pkg.sv:13: T-ADP-DELAY-START has no F08.1 row
ID FAIL: hdl/adp/pp_adp_pkg.sv:56: T-ADP-DELAY-START has no F08.1 row
ID FAIL: hdl/adp/pp_adp_pkg.sv:61: T-ADP-DELAY-START has no F08.1 row
ID FAIL: hdl/common/KL_pp_prng.sv:13: T-ADP-DELAY-START has no F08.1 row
ID FAIL: hdl/common/KL_pp_prng.sv:154: T-ADP-DELAY-START has no F08.1 row
ID FAIL: tb/adp_engine/mutations/gate-enable-dropped.patch:5: T-ADP-DELAY-START has no F08.1 row
ID FAIL: tb/adp_engine/mutations/walk-stale-draw-arms.patch:6: T-ADP-DELAY-START has no F08.1 row
ID FAIL: tb/adp_engine/sim_main.cpp:9: T-ADP-DELAY-START has no F08.1 row
ID FAIL: tb/adp_engine/sim_main.cpp:719: T-ADP-DELAY-START has no F08.1 row
ID FAIL: tb/adp_engine/sim_main.cpp:907: T-ADP-DELAY-START has no F08.1 row
ID FAIL: tb/adp_engine/tb_adp_top.sv:10: T-ADP-DELAY-START has no F08.1 row
ID FAIL: tb/pp_top/README.md:712: T-ADP-DELAY-START has no F08.1 row
ID FAIL: tb/pp_top/pp_top_wrap.sv:15: T-ADP-DELAY-START has no F08.1 row
ID FAIL: tb/pp_top/sim_main.cpp:7: T-ADP-DELAY-START has no F08.1 row
ID FAIL: tb/pp_top/sim_main.cpp:10032: T-ADP-DELAY-START has no F08.1 row
ID FAIL: tb/prng/sim_main.cpp:62: T-ADP-DELAY-START has no F08.1 row
ids: 531 files, 91 distinct IDs used, F01.5 47 P-IDs, F08.1 35 T-IDs, 26 FAILURES
