Note: Google Test filter = Core.RestoreMapWholeSetClipAndDefaults:Nvm.AbsentMapClipsButRefusedMapRevertsItsFormat
[==========] Running 2 tests from 2 test suites.
[----------] Global test environment set-up.
[----------] 1 test from Nvm
[ RUN      ] Nvm.AbsentMapClipsButRefusedMapRevertsItsFormat
$TREE/sw/firmware/ctrl/test/test_aecp.cpp:257: Failure
Expected equality of these values:
  m.count
    Which is: 5
  4u
    Which is: 4

  [FAIL] Nvm.AbsentMapClipsButRefusedMapRevertsItsFormat:     Which is: 4
[  FAILED  ] Nvm.AbsentMapClipsButRefusedMapRevertsItsFormat (4 ms)
[----------] 1 test from Nvm (4 ms total)

[----------] 1 test from Core
[ RUN      ] Core.RestoreMapWholeSetClipAndDefaults
$TREE/sw/firmware/ctrl/test/test_aecp.cpp:732: Failure
Expected equality of these values:
  m.count
    Which is: 5
  4u
    Which is: 4

  [FAIL] Core.RestoreMapWholeSetClipAndDefaults:     Which is: 4
[  FAILED  ] Core.RestoreMapWholeSetClipAndDefaults (0 ms)
[----------] 1 test from Core (0 ms total)

[----------] Global test environment tear-down
[==========] 2 tests from 2 test suites ran. (5 ms total)
[  PASSED  ] 0 tests.
[  FAILED  ] 2 tests, listed below:
[  FAILED  ] Nvm.AbsentMapClipsButRefusedMapRevertsItsFormat
[  FAILED  ] Core.RestoreMapWholeSetClipAndDefaults

 2 FAILED TESTS
== AECP core: checks: 2   failures: 2 ==
RESULT: FAIL
  verdict: FAIL (its tallies report 2 failure(s) across 2 checks, exit 1)