Note: Google Test filter = Core.ObservationsHaveFullWireForms
[==========] Running 1 test from 1 test suite.
[----------] Global test environment set-up.
[----------] 1 test from Core
[ RUN      ] Core.ObservationsHaveFullWireForms
$TREE/sw/firmware/ctrl/test/test_aecp.cpp:754: Failure
Expected equality of these values:
  get(out,46+4*n,4)
    Which is: 0
  0x10203000u+n
    Which is: 270544927
coherent bank includes every counter

  [FAIL] Core.ObservationsHaveFullWireForms: coherent bank includes every counter
$TREE/sw/firmware/ctrl/test/test_aecp.cpp:754: Failure
Expected equality of these values:
  get(out,46+4*n,4)
    Which is: 0
  0x10203000u+n
    Which is: 270544927
coherent bank includes every counter

  [FAIL] Core.ObservationsHaveFullWireForms: coherent bank includes every counter
$TREE/sw/firmware/ctrl/test/test_aecp.cpp:754: Failure
Expected equality of these values:
  get(out,46+4*n,4)
    Which is: 0
  0x10203000u+n
    Which is: 270544927
coherent bank includes every counter

  [FAIL] Core.ObservationsHaveFullWireForms: coherent bank includes every counter
$TREE/sw/firmware/ctrl/test/test_aecp.cpp:754: Failure
Expected equality of these values:
  get(out,46+4*n,4)
    Which is: 0
  0x10203000u+n
    Which is: 270544927
coherent bank includes every counter

  [FAIL] Core.ObservationsHaveFullWireForms: coherent bank includes every counter
[  FAILED  ] Core.ObservationsHaveFullWireForms (0 ms)
[----------] 1 test from Core (0 ms total)

[----------] Global test environment tear-down
[==========] 1 test from 1 test suite ran. (0 ms total)
[  PASSED  ] 0 tests.
[  FAILED  ] 1 test, listed below:
[  FAILED  ] Core.ObservationsHaveFullWireForms

 1 FAILED TEST
== AECP core: checks: 1   failures: 1 ==
RESULT: FAIL
  verdict: FAIL (its tallies report 1 failure(s) across 1 checks, exit 1)