Note: Google Test filter = Core.InitRefusalsAndClosedService
[==========] Running 1 test from 1 test suite.
[----------] Global test environment set-up.
[----------] 1 test from Core
[ RUN      ] Core.InitRefusalsAndClosedService
$TREE/sw/firmware/ctrl/test/test_aecp.cpp:1277: Failure
Value of: aecp_init(&a,&cfg,&ports)
  Actual: true
Expected: false

  [FAIL] Core.InitRefusalsAndClosedService: Expected: false
[  FAILED  ] Core.InitRefusalsAndClosedService (0 ms)
[----------] 1 test from Core (0 ms total)

[----------] Global test environment tear-down
[==========] 1 test from 1 test suite ran. (0 ms total)
[  PASSED  ] 0 tests.
[  FAILED  ] 1 test, listed below:
[  FAILED  ] Core.InitRefusalsAndClosedService

 1 FAILED TEST
== AECP core: checks: 1   failures: 1 ==
RESULT: FAIL
  verdict: FAIL (its tallies report 1 failure(s) across 1 checks, exit 1)