Note: Google Test filter = Core.UnavailableSnapshotsDoNotBlockIndependentNoticesOrSpin
[==========] Running 1 test from 1 test suite.
[----------] Global test environment set-up.
[----------] 1 test from Core
[ RUN      ] Core.UnavailableSnapshotsDoNotBlockIndependentNoticesOrSpin
$TREE/sw/firmware/ctrl/test/test_aecp.cpp:1029: Failure
Expected equality of these values:
  reads
    Which is: 3
  attempts
    Which is: 1
backpressure retains the built independent snapshot

  [FAIL] Core.UnavailableSnapshotsDoNotBlockIndependentNoticesOrSpin: backpressure retains the built independent snapshot
[  FAILED  ] Core.UnavailableSnapshotsDoNotBlockIndependentNoticesOrSpin (0 ms)
[----------] 1 test from Core (0 ms total)

[----------] Global test environment tear-down
[==========] 1 test from 1 test suite ran. (0 ms total)
[  PASSED  ] 0 tests.
[  FAILED  ] 1 test, listed below:
[  FAILED  ] Core.UnavailableSnapshotsDoNotBlockIndependentNoticesOrSpin

 1 FAILED TEST
== AECP core: checks: 1   failures: 1 ==
RESULT: FAIL
  verdict: FAIL (its tallies report 1 failure(s) across 1 checks, exit 1)