FAIL: WK1: push 0 carries its source's declared record (type 1, stream_id 02aa..005a) [1/1]
FAIL: WK1: push 0 carries its source's declared record (type 1, stream_id 02aa..005a) [1/1]
FAIL: WK2: push 0 carries its source's declared record (type 1, stream_id 02aa..005a) [1/1]
FAIL: WK3: the close of source 0 sends one Leave of its declared record (pushes 1) [1/1]
FAIL: WK4: push 0 carries its source's declared record (type 1, stream_id 02aa..005a) [1/1]
FAIL: WK5: push 0 carries its source's declared record (type 1, stream_id 02aa..005a) [1/1]
FAIL: WK9: push 0 carries its source's declared record (type 1, stream_id 02aa..005a) [1/1]
FAIL: WK9: push 0 carries its source's declared record (type 1, stream_id 02aa..005a) [1/1]
35 checks: 27 PASS, 8 FAIL
make[1]: *** [Makefile:54: walk] Error 1
FAIL: WK1: push 0 carries its source's declared record (type 1, stream_id 02aa..005a) [2/2]
FAIL: WK1: push 1 carries its source's declared record (type 1, stream_id 02aa..015a) [2/2]
FAIL: WK1: push 0 carries its source's declared record (type 1, stream_id 02aa..005a) [2/2]
FAIL: WK1: push 1 carries its source's declared record (type 1, stream_id 02aa..015a) [2/2]
FAIL: WK2: push 0 carries its source's declared record (type 1, stream_id 02aa..005a) [2/2]
FAIL: WK2: push 1 carries its source's declared record (type 1, stream_id 02aa..015a) [2/2]
FAIL: WK3: the close of source 1 sends one Leave of its declared record (pushes 1) [2/2]
FAIL: WK4: push 0 carries its source's declared record (type 1, stream_id 02aa..005a) [2/2]
FAIL: WK4: push 1 carries its source's declared record (type 1, stream_id 02aa..015a) [2/2]
FAIL: WK5: push 0 carries its source's declared record (type 1, stream_id 02aa..015a) [2/2]
FAIL: WK9: push 0 carries its source's declared record (type 1, stream_id 02aa..005a) [2/2]
FAIL: WK9: push 1 carries its source's declared record (type 1, stream_id 02aa..015a) [2/2]
FAIL: WK9: push 0 carries its source's declared record (type 1, stream_id 02aa..005a) [2/2]
FAIL: WK9: push 1 carries its source's declared record (type 1, stream_id 02aa..015a) [2/2]
46 checks: 32 PASS, 14 FAIL
make[1]: *** [Makefile:54: walk] Error 1
FAIL: WK1: push 0 carries its source's declared record (type 1, stream_id 02aa..005a) [3/5]
FAIL: WK1: push 1 carries its source's declared record (type 1, stream_id 02aa..015a) [3/5]
FAIL: WK1: push 2 carries its source's declared record (type 1, stream_id 02aa..025a) [3/5]
FAIL: WK1: push 0 carries its source's declared record (type 1, stream_id 02aa..005a) [3/5]
FAIL: WK1: push 1 carries its source's declared record (type 1, stream_id 02aa..015a) [3/5]
FAIL: WK1: push 2 carries its source's declared record (type 1, stream_id 02aa..025a) [3/5]
FAIL: WK2: push 0 carries its source's declared record (type 1, stream_id 02aa..005a) [3/5]
FAIL: WK2: push 1 carries its source's declared record (type 1, stream_id 02aa..015a) [3/5]
FAIL: WK2: push 2 carries its source's declared record (type 1, stream_id 02aa..025a) [3/5]
FAIL: WK3: the close of source 1 sends one Leave of its declared record (pushes 1) [3/5]
FAIL: WK4: push 0 carries its source's declared record (type 1, stream_id 02aa..005a) [3/5]
FAIL: WK4: push 1 carries its source's declared record (type 1, stream_id 02aa..015a) [3/5]
FAIL: WK4: push 2 carries its source's declared record (type 1, stream_id 02aa..025a) [3/5]
FAIL: WK5: push 0 carries its source's declared record (type 1, stream_id 02aa..025a) [3/5]
FAIL: WK9: push 0 carries its source's declared record (type 1, stream_id 02aa..005a) [3/5]
FAIL: WK9: push 1 carries its source's declared record (type 1, stream_id 02aa..015a) [3/5]
FAIL: WK9: push 2 carries its source's declared record (type 1, stream_id 02aa..025a) [3/5]
FAIL: WK9: push 0 carries its source's declared record (type 1, stream_id 02aa..005a) [3/5]
FAIL: WK9: push 1 carries its source's declared record (type 1, stream_id 02aa..015a) [3/5]
FAIL: WK9: push 2 carries its source's declared record (type 1, stream_id 02aa..025a) [3/5]
67 checks: 47 PASS, 20 FAIL
make[1]: *** [Makefile:54: walk] Error 1
FAIL: WK1: push 0 carries its source's declared record (type 1, stream_id 02aa..005a) [9/9]
FAIL: WK1: push 1 carries its source's declared record (type 1, stream_id 02aa..015a) [9/9]
FAIL: WK1: push 2 carries its source's declared record (type 1, stream_id 02aa..025a) [9/9]
FAIL: WK1: push 3 carries its source's declared record (type 1, stream_id 02aa..035a) [9/9]
FAIL: WK1: push 4 carries its source's declared record (type 1, stream_id 02aa..045a) [9/9]
FAIL: WK1: push 5 carries its source's declared record (type 1, stream_id 02aa..055a) [9/9]
FAIL: WK1: push 6 carries its source's declared record (type 1, stream_id 02aa..065a) [9/9]
FAIL: WK1: push 7 carries its source's declared record (type 1, stream_id 02aa..075a) [9/9]
FAIL: WK1: push 8 carries its source's declared record (type 1, stream_id 02aa..085a) [9/9]
FAIL: WK1: push 0 carries its source's declared record (type 1, stream_id 02aa..005a) [9/9]
FAIL: WK1: push 1 carries its source's declared record (type 1, stream_id 02aa..015a) [9/9]
FAIL: WK1: push 2 carries its source's declared record (type 1, stream_id 02aa..025a) [9/9]
FAIL: WK1: push 3 carries its source's declared record (type 1, stream_id 02aa..035a) [9/9]
FAIL: WK1: push 4 carries its source's declared record (type 1, stream_id 02aa..045a) [9/9]
FAIL: WK1: push 5 carries its source's declared record (type 1, stream_id 02aa..055a) [9/9]
FAIL: WK1: push 6 carries its source's declared record (type 1, stream_id 02aa..065a) [9/9]
FAIL: WK1: push 7 carries its source's declared record (type 1, stream_id 02aa..075a) [9/9]
FAIL: WK1: push 8 carries its source's declared record (type 1, stream_id 02aa..085a) [9/9]
FAIL: WK2: push 0 carries its source's declared record (type 1, stream_id 02aa..005a) [9/9]
FAIL: WK2: push 1 carries its source's declared record (type 1, stream_id 02aa..015a) [9/9]
FAIL: WK2: push 2 carries its source's declared record (type 1, stream_id 02aa..025a) [9/9]
FAIL: WK2: push 3 carries its source's declared record (type 1, stream_id 02aa..035a) [9/9]
FAIL: WK2: push 4 carries its source's declared record (type 1, stream_id 02aa..045a) [9/9]
FAIL: WK2: push 5 carries its source's declared record (type 1, stream_id 02aa..055a) [9/9]
FAIL: WK2: push 6 carries its source's declared record (type 1, stream_id 02aa..065a) [9/9]
FAIL: WK2: push 7 carries its source's declared record (type 1, stream_id 02aa..075a) [9/9]
FAIL: WK2: push 8 carries its source's declared record (type 1, stream_id 02aa..085a) [9/9]
FAIL: WK3: the close of source 4 sends one Leave of its declared record (pushes 1) [9/9]
FAIL: WK4: push 0 carries its source's declared record (type 1, stream_id 02aa..005a) [9/9]
FAIL: WK4: push 1 carries its source's declared record (type 1, stream_id 02aa..015a) [9/9]
FAIL: WK4: push 2 carries its source's declared record (type 1, stream_id 02aa..025a) [9/9]
FAIL: WK4: push 3 carries its source's declared record (type 1, stream_id 02aa..035a) [9/9]
FAIL: WK4: push 4 carries its source's declared record (type 1, stream_id 02aa..045a) [9/9]
FAIL: WK4: push 5 carries its source's declared record (type 1, stream_id 02aa..055a) [9/9]
FAIL: WK4: push 6 carries its source's declared record (type 1, stream_id 02aa..065a) [9/9]
FAIL: WK4: push 7 carries its source's declared record (type 1, stream_id 02aa..075a) [9/9]
FAIL: WK4: push 8 carries its source's declared record (type 1, stream_id 02aa..085a) [9/9]
FAIL: WK5: push 0 carries its source's declared record (type 1, stream_id 02aa..085a) [9/9]
FAIL: WK9: push 0 carries its source's declared record (type 1, stream_id 02aa..005a) [9/9]
FAIL: WK9: push 1 carries its source's declared record (type 1, stream_id 02aa..015a) [9/9]
FAIL: WK9: push 2 carries its source's declared record (type 1, stream_id 02aa..025a) [9/9]
FAIL: WK9: push 3 carries its source's declared record (type 1, stream_id 02aa..035a) [9/9]
FAIL: WK9: push 4 carries its source's declared record (type 1, stream_id 02aa..045a) [9/9]
FAIL: WK9: push 5 carries its source's declared record (type 1, stream_id 02aa..055a) [9/9]
FAIL: WK9: push 6 carries its source's declared record (type 1, stream_id 02aa..065a) [9/9]
FAIL: WK9: push 7 carries its source's declared record (type 1, stream_id 02aa..075a) [9/9]
FAIL: WK9: push 8 carries its source's declared record (type 1, stream_id 02aa..085a) [9/9]
FAIL: WK9: push 0 carries its source's declared record (type 1, stream_id 02aa..005a) [9/9]
FAIL: WK9: push 1 carries its source's declared record (type 1, stream_id 02aa..015a) [9/9]
FAIL: WK9: push 2 carries its source's declared record (type 1, stream_id 02aa..025a) [9/9]
FAIL: WK9: push 3 carries its source's declared record (type 1, stream_id 02aa..035a) [9/9]
FAIL: WK9: push 4 carries its source's declared record (type 1, stream_id 02aa..045a) [9/9]
FAIL: WK9: push 5 carries its source's declared record (type 1, stream_id 02aa..055a) [9/9]
FAIL: WK9: push 6 carries its source's declared record (type 1, stream_id 02aa..065a) [9/9]
FAIL: WK9: push 7 carries its source's declared record (type 1, stream_id 02aa..075a) [9/9]
FAIL: WK9: push 8 carries its source's declared record (type 1, stream_id 02aa..085a) [9/9]
123 checks: 67 PASS, 56 FAIL
make[1]: *** [Makefile:54: walk] Error 1
FAIL: T VP MaxIntervalFrames
FAIL: T VN MaxIntervalFrames
FAIL: T AN MaxIntervalFrames
FAIL: T AA MaxIntervalFrames
FAIL: T LA MaxIntervalFrames
FAIL: T AP MaxIntervalFrames
FAIL: T LO MaxIntervalFrames
FAIL: T VP MaxIntervalFrames
FAIL: T VN MaxIntervalFrames
FAIL: T AN MaxIntervalFrames
FAIL: T AA MaxIntervalFrames
FAIL: T QA MaxIntervalFrames
FAIL: T AP MaxIntervalFrames
FAIL: T QP MaxIntervalFrames
FAIL: T VP MaxIntervalFrames
FAIL: T VN MaxIntervalFrames
FAIL: T AN MaxIntervalFrames
FAIL: T AA MaxIntervalFrames
FAIL: T QA MaxIntervalFrames
FAIL: T AP MaxIntervalFrames
FAIL: T QP MaxIntervalFrames
1219 checks: 1198 PASS, 21 FAIL
make[1]: *** [Makefile:49: run] Error 1
make: *** [Makefile:40: all] Error 1
