INFO: [Common 17-3922] A valid Vivado Design Suite BASIC license has been detected. Your current license is active and will expire on 02-jul-2027.
#-----------------------------------------------------------
# Vivado v2026.1 (64-bit)
# SW Build 6511674 on Tue Jun 16 11:01:26 MDT 2026
# IP Build 6504888 on Tue Jun 09 09:05:25 MDT 2026
# SharedData Build 6501428 on Mon Jun 08 17:34:18 MDT 2026
# Start of session at: Sat Oct 10 03:04:57 2026
# Process ID         : 1378216
# Current directory  : <scratch>/route-queries
# Command line       : vivado -mode batch -source queries.tcl -nojournal -log queries.log
# Log file           : <scratch>/route-queries/queries.log
# Journal file       : 
# Running On         : archlinux
# Platform           : unknown
# Operating System   : unknown
# Processor Detail   : AMD EPYC 9554P 64-Core Emb Processor
# CPU Frequency      : 3095.346 MHz
# CPU Physical cores : 128
# CPU Logical cores  : 128
# Host memory        : 57465 MB
# Swap memory        : 38654 MB
# Total Virtual      : 96120 MB
# Available Virtual  : 87038 MB
#-----------------------------------------------------------
Sourcing tcl script '<home>/.Xilinx/Vivado/Vivado_init.tcl'
source queries.tcl
# set_param general.maxThreads 8
# open_checkpoint {<scratch>/shipping/ax7101/gateware/alinx_ax7101_route.dcp}
Command: open_checkpoint <scratch>/shipping/ax7101/gateware/alinx_ax7101_route.dcp

Starting open_checkpoint Task

Time (s): cpu = 00:00:00.03 ; elapsed = 00:00:00.03 . Memory (MB): peak = 1448.250 ; gain = 7.938 ; free physical = 26967 ; free virtual = 82511
INFO: [Device 21-403] Loading part xc7a100tfgg484-2
Netlist sorting complete. Time (s): cpu = 00:00:00.3 ; elapsed = 00:00:00.3 . Memory (MB): peak = 1978.289 ; gain = 0.000 ; free physical = 20732 ; free virtual = 76551
INFO: [Netlist 29-17] Analyzing 5820 Unisim elements for replacement
INFO: [Netlist 29-28] Unisim Transformation completed in 0 CPU seconds
INFO: [Project 1-479] Netlist was created with Vivado 2026.1
INFO: [Project 1-570] Preparing netlist for logic optimization
Read ShapeDB Complete: Time (s): cpu = 00:00:00.13 ; elapsed = 00:00:00.13 . Memory (MB): peak = 2138.445 ; gain = 0.000 ; free physical = 18654 ; free virtual = 74633
INFO: [Timing 38-478] Restoring timing data from binary archive.
INFO: [Timing 38-479] Binary timing data restore complete.
INFO: [Project 1-856] Restoring constraints from binary archive.
INFO: [Constraints 18-5170] The checkpoint was created with non-default parameter values which do not match the current Vivado settings.  Mismatching parameters are:
  general.maxThreads
  synth.maxThreads
INFO: [Project 1-853] Binary constraint restore complete.
INFO: [Designutils 20-5722] Start Reading Physical Databases.
Reading placement.
Read Netlist Cache: Time (s): cpu = 00:00:00.1 ; elapsed = 00:00:00.11 . Memory (MB): peak = 2812.055 ; gain = 7.945 ; free physical = 20273 ; free virtual = 74579
Reading placer database...
Read Device Cache: Time (s): cpu = 00:00:00 ; elapsed = 00:00:00.01 . Memory (MB): peak = 2814.055 ; gain = 2.000 ; free physical = 20272 ; free virtual = 74579
Read PlaceDB: Time (s): cpu = 00:00:00 ; elapsed = 00:00:00 . Memory (MB): peak = 2814.055 ; gain = 0.000 ; free physical = 20272 ; free virtual = 74579
Read placeStorage: Time (s): cpu = 00:00:01 ; elapsed = 00:00:01 . Memory (MB): peak = 2891.344 ; gain = 77.289 ; free physical = 22225 ; free virtual = 76544
Read PulsedLatchDB: Time (s): cpu = 00:00:00 ; elapsed = 00:00:00 . Memory (MB): peak = 2891.344 ; gain = 0.000 ; free physical = 22220 ; free virtual = 76540
Reading routing.
Read RouteStorage: Time (s): cpu = 00:00:02 ; elapsed = 00:00:00.56 . Memory (MB): peak = 2915.344 ; gain = 24.000 ; free physical = 22540 ; free virtual = 76861
Read Physdb Files: Time (s): cpu = 00:00:03 ; elapsed = 00:00:02 . Memory (MB): peak = 2915.344 ; gain = 111.234 ; free physical = 22529 ; free virtual = 76850
Restored from archive | CPU: 3.690000 secs | Memory: 85.635292 MB |
Finished XDEF File Restore: Time (s): cpu = 00:00:03 ; elapsed = 00:00:02 . Memory (MB): peak = 2915.344 ; gain = 111.234 ; free physical = 22528 ; free virtual = 76850
Netlist sorting complete. Time (s): cpu = 00:00:00.03 ; elapsed = 00:00:00.02 . Memory (MB): peak = 2945.398 ; gain = 0.000 ; free physical = 22950 ; free virtual = 77280
INFO: [Project 1-111] Unisim Transformation Summary:
  A total of 1244 instances were transformed.
  IOBUF => IOBUF (IBUF, OBUFT): 33 instances
  IOBUFDS => IOBUFDS (IBUFDS, INV, OBUFTDS(x2)): 4 instances
  OBUFDS => OBUFDS_DUAL_BUF (INV, OBUFDS(x2)): 1 instance 
  OBUFTDS => OBUFTDS_DUAL_BUF (INV, OBUFTDS(x2)): 4 instances
  RAM16X1D => RAM32X1D (RAMD32(x2)): 18 instances
  RAM16X1S => RAM32X1S (RAMS32): 80 instances
  RAM32M => RAM32M (RAMD32(x6), RAMS32(x2)): 663 instances
  RAM32X1D => RAM32X1D (RAMD32(x2)): 29 instances
  RAM64M => RAM64M (RAMD64E(x4)): 59 instances
  RAM64X1D => RAM64X1D (RAMD64E(x2)): 289 instances
  RAM64X1S => RAM64X1S (RAMS64E): 64 instances

INFO: [Project 1-604] Checkpoint was created with Vivado v2026.1 (64-bit) build 6511674
open_checkpoint: Time (s): cpu = 00:00:30 ; elapsed = 00:00:23 . Memory (MB): peak = 2949.434 ; gain = 1514.090 ; free physical = 23245 ; free virtual = 77576
# set maap [get_cells -hierarchical -filter {IS_SEQUENTIAL && NAME =~ "*g_maap.maap_engine/*"}]
# puts "MAAP sequential cells: [llength $maap]"
MAAP sequential cells: 339
# report_timing -to $maap -max_paths 3 -nworst 1 -delay_type max -file maap_to.rpt
INFO: [Timing 38-91] UpdateTimingParams: Speed grade: -2, Delay Type: max.
INFO: [Timing 38-191] Multithreading enabled for timing update using a maximum of 8 CPUs
INFO: [Timing 38-78] ReportTimingParams: -to_pins  -max_paths 3 -nworst 1 -delay_type max -sort_by slack.
report_timing: Time (s): cpu = 00:00:30 ; elapsed = 00:00:06 . Memory (MB): peak = 3249.969 ; gain = 300.535 ; free physical = 26127 ; free virtual = 80492
# report_timing -from $maap -max_paths 3 -nworst 1 -delay_type max -file maap_from.rpt
INFO: [Timing 38-91] UpdateTimingParams: Speed grade: -2, Delay Type: max.
INFO: [Timing 38-191] Multithreading enabled for timing update using a maximum of 8 CPUs
INFO: [Timing 38-78] ReportTimingParams: -from_pins  -max_paths 3 -nworst 1 -delay_type max -sort_by slack.
# report_timing -to $maap -max_paths 3 -nworst 1 -delay_type min -file maap_to_hold.rpt
INFO: [Timing 38-91] UpdateTimingParams: Speed grade: -2, Delay Type: min.
INFO: [Timing 38-191] Multithreading enabled for timing update using a maximum of 8 CPUs
INFO: [Timing 38-78] ReportTimingParams: -to_pins  -max_paths 3 -nworst 1 -delay_type min -sort_by slack.
# report_timing -max_paths 10 -nworst 1 -delay_type max -file worst10.rpt
INFO: [Timing 38-91] UpdateTimingParams: Speed grade: -2, Delay Type: max.
INFO: [Timing 38-191] Multithreading enabled for timing update using a maximum of 8 CPUs
INFO: [Timing 38-78] ReportTimingParams: -max_paths 10 -nworst 1 -delay_type max -sort_by slack.
# report_timing -max_paths 1 -nworst 1 -delay_type max -file worst_path.rpt
INFO: [Timing 38-91] UpdateTimingParams: Speed grade: -2, Delay Type: max.
INFO: [Timing 38-191] Multithreading enabled for timing update using a maximum of 8 CPUs
INFO: [Timing 38-78] ReportTimingParams: -max_paths 1 -nworst 1 -delay_type max -sort_by slack.
# foreach dir {to from} {
#   if {$dir eq "to"} {set p [get_timing_paths -to $maap -max_paths 1 -delay_type max]} else {set p [get_timing_paths -from $maap -max_paths 1 -delay_type max]}
#   puts "MAAP $dir worst setup slack: [get_property SLACK $p] ns, levels [get_property LOGIC_LEVELS $p], [get_property STARTPOINT_PIN $p] -> [get_property ENDPOINT_PIN $p]"
# }
MAAP to worst setup slack: 4.037 ns, levels 18, milan_datapath/ts_counter/acc_reg[31]/C -> milan_datapath/g_maap.maap_engine/offset_r_reg[12]/D
MAAP from worst setup slack: 6.719 ns, levels 10, milan_datapath/g_maap.maap_engine/tx_busy_r_reg/C -> milan_datapath/g_gptp_plane.u_gptp_shadow/n_dep_r_reg[0]/CE
# set h [get_timing_paths -to $maap -max_paths 1 -delay_type min]
# puts "MAAP to worst hold slack: [get_property SLACK $h] ns"
MAAP to worst hold slack: 0.135 ns
# set x [get_timing_paths -max_paths 1 -delay_type max]
# puts "design worst setup slack: [get_property SLACK $x] ns, levels [get_property LOGIC_LEVELS $x], [get_property STARTPOINT_PIN $x] -> [get_property ENDPOINT_PIN $x]"
design worst setup slack: 0.114 ns, levels 16, milansoc_sdram_zqcs_timer_count1_reg[1]/C -> milansoc_sdram_bankmachine1_level_reg[0]/CE
# quit
INFO: [Common 17-206] Exiting Vivado at Sat Oct 10 03:05:32 2026...
