seed 11 cycles 1000000 resets 32 mismatching_cycles 0
  ctl_ready_o              active     700136 mismatch 0
  txop_done_o              active      19428 mismatch 0
  ev_valid_o               active      58911 mismatch 0
  ev_app_o                 active          0 mismatch 0
  ev_attr_type_o           active     999996 mismatch 0
  ev_event_o               active     631454 mismatch 0
  ev_fourpack_o            active     639173 mismatch 0
  ev_value_o               active     996116 mismatch 0
  user_valid_o             active     284998 mismatch 0
  user_join_o              active     142740 mismatch 0
  user_vid_o               active     284506 mismatch 0
  arm_valid_o              active       9037 mismatch 0
  arm_cancel_o             active     756070 mismatch 0
  arm_slot_o               active     868549 mismatch 0
  arm_owner_o              active     988006 mismatch 0
  arm_deadline_ms_o        active     988006 mismatch 0
  evt_tk_registered_o      active      15520 mismatch 0
  evt_tk_unregistered_o    active       2296 mismatch 0
  evt_tk_fail_chg_o        active       1032 mismatch 0
  evt_tk_latency_chg_o     active      17029 mismatch 0
  tk_reg_state_o           active     495108 mismatch 0
  lstn_decl_state_o        active     488466 mismatch 0
  acc_latency_o            active     542769 mismatch 0
  msrp_fail_code_o         active     271592 mismatch 0
  msrp_fail_bridge_o       active     344271 mismatch 0
  dbg_app_state_o          active     781945 mismatch 0
  dbg_reg_state_o          active     495108 mismatch 0
