make: Entering directory '$PACKET/scratch/gates/tree/gptp-processor/tb/verilator/engine'
verilator --cc --exe --build -j 0 --top-module KL_gptp_engine -Wall -Wno-fatal -Wno-DECLFILENAME -Wno-UNUSEDSIGNAL -Wno-WIDTHEXPAND -Wno-WIDTHTRUNC -Wno-UNUSEDPARAM -GUCODE_HEX_P='"gptp_ucode.hex"' -GCLK_HZ_P=2000000 -CFLAGS "-std=c++17 -O2 -I$PACKET/scratch/gates/tree/gptp-processor/tb/verilator/engine -Wall -Wextra" ../../../hdl/ucpu/gptp_ucpu_pkg.sv ../../../hdl/ucpu/KL_gptp_ucpu.sv ../../../hdl/wire/KL_gptp_rx_parser.sv ../../../hdl/wire/KL_gptp_tx_slot.sv ../../../hdl/common/KL_gptp_timer.sv ../../../hdl/top/KL_gptp_engine.sv sim_main.cpp -o Vengine_sim
make[1]: Entering directory '$PACKET/scratch/gates/tree/gptp-processor/tb/verilator/engine/obj_dir'
g++  -I.  -MMD -I$HOME/.local/share/containers/storage/overlay/9517af577e2019496be7a9f3df0cdeafba0a4f827989b59cb358abf6403fbbde/diff/usr/share/verilator/include -I$HOME/.local/share/containers/storage/overlay/9517af577e2019496be7a9f3df0cdeafba0a4f827989b59cb358abf6403fbbde/diff/usr/share/verilator/include/vltstd -DVERILATOR=1 -DVM_COVERAGE=0 -DVM_SC=0 -DVM_TIMING=0 -DVM_TRACE=0 -DVM_TRACE_FST=0 -DVM_TRACE_VCD=0 -DVM_TRACE_SAIF=0 -DVM_VPI=0 -faligned-new -fcf-protection=none -Wno-bool-operation -Wno-int-in-bool-context -Wno-shadow -Wno-sign-compare -Wno-subobject-linkage -Wno-tautological-compare -Wno-uninitialized -Wno-unused-but-set-parameter -Wno-unused-but-set-variable -Wno-unused-parameter -Wno-unused-variable    -std=c++17 -O2 -I$PACKET/scratch/gates/tree/gptp-processor/tb/verilator/engine -Wall -Wextra   -Os  -c -o sim_main.o ../sim_main.cpp
g++ -Os  -I.  -MMD -I$HOME/.local/share/containers/storage/overlay/9517af577e2019496be7a9f3df0cdeafba0a4f827989b59cb358abf6403fbbde/diff/usr/share/verilator/include -I$HOME/.local/share/containers/storage/overlay/9517af577e2019496be7a9f3df0cdeafba0a4f827989b59cb358abf6403fbbde/diff/usr/share/verilator/include/vltstd -DVERILATOR=1 -DVM_COVERAGE=0 -DVM_SC=0 -DVM_TIMING=0 -DVM_TRACE=0 -DVM_TRACE_FST=0 -DVM_TRACE_VCD=0 -DVM_TRACE_SAIF=0 -DVM_VPI=0 -faligned-new -fcf-protection=none -Wno-bool-operation -Wno-int-in-bool-context -Wno-shadow -Wno-sign-compare -Wno-subobject-linkage -Wno-tautological-compare -Wno-uninitialized -Wno-unused-but-set-parameter -Wno-unused-but-set-variable -Wno-unused-parameter -Wno-unused-variable    -std=c++17 -O2 -I$PACKET/scratch/gates/tree/gptp-processor/tb/verilator/engine -Wall -Wextra   -c -o verilated.o $HOME/.local/share/containers/storage/overlay/9517af577e2019496be7a9f3df0cdeafba0a4f827989b59cb358abf6403fbbde/diff/usr/share/verilator/include/verilated.cpp
g++ -Os  -I.  -MMD -I$HOME/.local/share/containers/storage/overlay/9517af577e2019496be7a9f3df0cdeafba0a4f827989b59cb358abf6403fbbde/diff/usr/share/verilator/include -I$HOME/.local/share/containers/storage/overlay/9517af577e2019496be7a9f3df0cdeafba0a4f827989b59cb358abf6403fbbde/diff/usr/share/verilator/include/vltstd -DVERILATOR=1 -DVM_COVERAGE=0 -DVM_SC=0 -DVM_TIMING=0 -DVM_TRACE=0 -DVM_TRACE_FST=0 -DVM_TRACE_VCD=0 -DVM_TRACE_SAIF=0 -DVM_VPI=0 -faligned-new -fcf-protection=none -Wno-bool-operation -Wno-int-in-bool-context -Wno-shadow -Wno-sign-compare -Wno-subobject-linkage -Wno-tautological-compare -Wno-uninitialized -Wno-unused-but-set-parameter -Wno-unused-but-set-variable -Wno-unused-parameter -Wno-unused-variable    -std=c++17 -O2 -I$PACKET/scratch/gates/tree/gptp-processor/tb/verilator/engine -Wall -Wextra   -c -o verilated_threads.o $HOME/.local/share/containers/storage/overlay/9517af577e2019496be7a9f3df0cdeafba0a4f827989b59cb358abf6403fbbde/diff/usr/share/verilator/include/verilated_threads.cpp
python3 $HOME/.local/share/containers/storage/overlay/9517af577e2019496be7a9f3df0cdeafba0a4f827989b59cb358abf6403fbbde/diff/usr/share/verilator/bin/verilator_includer -DVL_INCLUDE_OPT=include VKL_gptp_engine.cpp VKL_gptp_engine___024root__0.cpp VKL_gptp_engine__ConstPool__0__Slow.cpp VKL_gptp_engine___024root__Slow.cpp VKL_gptp_engine___024root__0__Slow.cpp VKL_gptp_engine__Syms__Slow.cpp > VKL_gptp_engine__ALL.cpp
g++ -Os  -I.  -MMD -I$HOME/.local/share/containers/storage/overlay/9517af577e2019496be7a9f3df0cdeafba0a4f827989b59cb358abf6403fbbde/diff/usr/share/verilator/include -I$HOME/.local/share/containers/storage/overlay/9517af577e2019496be7a9f3df0cdeafba0a4f827989b59cb358abf6403fbbde/diff/usr/share/verilator/include/vltstd -DVERILATOR=1 -DVM_COVERAGE=0 -DVM_SC=0 -DVM_TIMING=0 -DVM_TRACE=0 -DVM_TRACE_FST=0 -DVM_TRACE_VCD=0 -DVM_TRACE_SAIF=0 -DVM_VPI=0 -faligned-new -fcf-protection=none -Wno-bool-operation -Wno-int-in-bool-context -Wno-shadow -Wno-sign-compare -Wno-subobject-linkage -Wno-tautological-compare -Wno-uninitialized -Wno-unused-but-set-parameter -Wno-unused-but-set-variable -Wno-unused-parameter -Wno-unused-variable    -std=c++17 -O2 -I$PACKET/scratch/gates/tree/gptp-processor/tb/verilator/engine -Wall -Wextra   -c -o VKL_gptp_engine__ALL.o VKL_gptp_engine__ALL.cpp
g++    sim_main.o verilated.o verilated_threads.o VKL_gptp_engine__ALL.a    -pthread -lpthread -latomic   -o Vengine_sim
rm VKL_gptp_engine__ALL.verilator_deplist.tmp
make[1]: Leaving directory '$PACKET/scratch/gates/tree/gptp-processor/tb/verilator/engine/obj_dir'
- V e r i l a t i o n   R e p o r t: Verilator 5.050 2026-07-01 rev v5.050
- Verilator: Built from 0.405 MB sources in 7 modules, into 0.382 MB in 6 C++ files needing 0.001 MB
- Verilator: Walltime 10.482 s (elab=0.009, cvt=0.057, bld=10.391); cpu 0.098 s on 16 threads; allocated 951.516 MB
./obj_dir/Vengine_sim
SLEW TRACE long slew, master +90 us: active for 6138826 cycles (2 MHz), final offset 0 ns, trim 1174399
SLEW TRACE long slew, master -90 us: active for 3833378 cycles (2 MHz), final offset -1 ns, trim 1174465
1613 checks: 1613 PASS, 0 FAIL
-- again, with the request counter seeded above 16 bits --
SLEW TRACE long slew, master +90 us: active for 6138826 cycles (2 MHz), final offset 0 ns, trim 1174399
SLEW TRACE long slew, master -90 us: active for 3833378 cycles (2 MHz), final offset -1 ns, trim 1174465
1613 checks: 1613 PASS, 0 FAIL
-- again, with the Sync counter seeded above 16 bits --
SLEW TRACE long slew, master +90 us: active for 6138826 cycles (2 MHz), final offset 0 ns, trim 1174399
SLEW TRACE long slew, master -90 us: active for 3833378 cycles (2 MHz), final offset -1 ns, trim 1174465
1613 checks: 1613 PASS, 0 FAIL
python3 mutants.py
[PASS] the unmutated engine still passes the harness
FAIL slew: policy decision starts at +101 ns got 0000000000000000 exp 0000000000000001
[PASS] mutant caught: slew level tied low - breaks "slew: policy decision starts at +101 ns"
FAIL slew: first in-band pair cannot clear got 0000000000000000 exp 0000000000000001
[PASS] mutant caught: slew clears at the first in-band pair - breaks "slew: first in-band pair cannot clear"
FAIL slew: no clear precedes the replacement rate got 0000000000000007 exp 0000000000000000
[PASS] mutant caught: slew clears before the replacement rate - breaks "slew: no clear precedes the replacement rate"
FAIL slew: in-band pair after idle timeout stays inactive got 0000000000000001 exp 0000000000000000
[PASS] mutant caught: slew idle lapse arms qualification - breaks "slew: in-band pair after idle timeout stays inactive"
FAIL slew: in-band pair after asCapable recovery stays inactive got 0000000000000001 exp 0000000000000000
[PASS] mutant caught: slew idle asCapable loss arms qualification - breaks "slew: in-band pair after asCapable recovery stays inactive"
FAIL slew: in-band return from GM stays inactive got 0000000000000001 exp 0000000000000000
[PASS] mutant caught: slew mastership keeps qualification - breaks "slew: in-band return from GM stays inactive"
[PASS] mutant caught: result face always ready - breaks "a result already owed to the micro-code cannot be replaced by a later one"
[PASS] mutant caught: result value taken without an accepted beat - breaks "the accepted result keeps its own timestamp until its dispatch"
[PASS] mutant caught: result tag taken without an accepted beat - breaks "the accepted result keeps its own tag and outcome until its dispatch"
[PASS] mutant caught: recorded t1 survives reset - breaks "a t1 measured before a reset cannot pair with a later Follow_Up"
[PASS] mutant caught: byte face advances without ready - breaks "a stalled byte, including the final one, waits for an accepted transfer"
[PASS] mutant caught: lost t1 fabricates a time and a companion - breaks "a lost result writes no time and completes no exchange"
[PASS] mutant caught: lost Sync cancels the requester exchange - breaks "a lost Sync result retires the Sync claim and nothing else"
[PASS] mutant caught: lost response cancels the requester exchange - breaks "a lost Pdelay_Resp result retires the response claim and nothing else"
[PASS] mutant caught: a later response re-arms the frozen pair - breaks "a complete pair keeps its own identity and operands until its t1"
[PASS] mutant caught: the tail runs before its own t1 - breaks "a delay is computed from this exchange's own t1, never a predecessor's"
[PASS] mutant caught: a new request leaves the old pair live - breaks "a superseded exchange cannot pair with the new request's t1"
[PASS] mutant caught: credit gate removed from the Pdelay_Req leg - breaks "a Pdelay_Req beat is postponed while the transmit path has no credit"
[PASS] mutant caught: credit gate removed from the Sync leg - breaks "a Sync beat is postponed while the transmit path has no credit"
[PASS] mutant caught: credit gate removed from the Announce leg - breaks "an Announce beat is postponed while the transmit path has no credit"
[PASS] mutant caught: every pair uses the locked threshold - breaks "a link-up pair steps over 20 us"
[PASS] mutant caught: every pair uses the link-up threshold - breaks "a locked pair slews up to 100 us"
[PASS] mutant caught: exactly the threshold steps - breaks "an offset of exactly 20 us, or 100 us once locked, slews"
[PASS] mutant caught: the step arm is unreachable - breaks "an offset over the threshold steps"
[PASS] mutant caught: a grandmaster change unlocks the servo - breaks "the servo stays locked across a grandmaster identity change"
[PASS] mutant caught: a receipt timeout unlocks the servo - breaks "the servo stays locked across a Sync receipt timeout"
[PASS] mutant caught: becoming grandmaster unlocks the servo - breaks "the servo stays locked across a return from mastership"
[PASS] mutant caught: the locked threshold is 200 us - breaks "a locked pair steps over 100 us, after a receipt timeout too"
[PASS] mutant caught: asCapable's rise keeps the lock - breaks "the first pair after asCapable rises, or after a reset, is a link-up"
[PASS] mutant caught: becoming grandmaster keeps sync-ok - breaks "becoming grandmaster clears the sync-ok verdict"
[PASS] mutant caught: the whole trim is not clamped - breaks "the written trim never leaves +-200 ppm"
[PASS] mutant caught: the trim clamp is one unit wider than the envelope - breaks "the written trim never leaves the envelope the consumer derives"
[PASS] mutant caught: the integrator is not clamped - breaks "the integrator stays within +-200 ppm"

34 checks: 34 PASS, 0 FAIL
make: Leaving directory '$PACKET/scratch/gates/tree/gptp-processor/tb/verilator/engine'
