MISMATCH cycle 70 mask 80
MISMATCH cycle 71 mask 80
MISMATCH cycle 72 mask 80
MISMATCH cycle 73 mask 80
MISMATCH cycle 74 mask 80
seed 22 cycles 1000000 resets 32 mismatching_cycles 135702
  gate_ready_o             active     699385 mismatch 0
  txop_done_o              active      18912 mismatch 0
  ev_valid_o               active     137013 mismatch 0
  ev_app_o                 active          0 mismatch 0
  ev_attr_type_o           active     997674 mismatch 0
  ev_event_o               active     615836 mismatch 0
  ev_fourpack_o            active          0 mismatch 0
  ev_value_o               active     997674 mismatch 135677
  user_valid_o             active     162233 mismatch 0
  user_join_o              active      80923 mismatch 0
  user_vid_o               active     159113 mismatch 27
  arm_valid_o              active      26120 mismatch 0
  arm_cancel_o             active     705996 mismatch 0
  arm_slot_o               active     909811 mismatch 0
  arm_owner_o              active     992306 mismatch 0
  arm_deadline_ms_o        active     992306 mismatch 0
  lstn_reg_change_o        active      33860 mismatch 0
  tk_decl_state_o          active     997120 mismatch 0
  lstn_reg_state_o         active     793918 mismatch 0
  active_o                 active      83806 mismatch 0
  msrp_fail_code_o         active     921338 mismatch 0
  msrp_fail_bridge_o       active     921338 mismatch 0
  dbg_app_state_o          active     998837 mismatch 0
  dbg_reg_state_o          active     898379 mismatch 0
