
  [i]  calibration, +80 ppm plan: with the TDM clock unheld the first close lands 13 cycles after its tick

[P+80/0] PROBE CRF, +80 ppm plan, every 8 cycles from -264 to +264, 1 quarter-cycle sub-placements, 20000 columns
  [i]  P+80/0-264.0: engaged -265 cycles from the crossing, the close then moved -238..+0 (furthest at column 7211); tail: tick 495 cycles after the frame close, -99..+1 (spread 100); 0 repeats, 0 skips; last slip col -1; tail slips 0; engage col -1
  [i]  P+80/0-256.0: engaged -256 cycles from the crossing, the close then moved -238..+0 (furthest at column 7199); tail: tick 486 cycles after the frame close, -99..+1 (spread 100); 0 repeats, 0 skips; last slip col -1; tail slips 0; engage col -1
  [i]  P+80/0-248.0: engaged -249 cycles from the crossing, the close then moved -245..+0 (furthest at column 7283); tail: tick 486 cycles after the frame close, -98..+1 (spread 99); 0 repeats, 0 skips; last slip col -1; tail slips 0; engage col -1
  [i]  P+80/0-240.0: engaged -240 cycles from the crossing, the close then moved -254..+0 (furthest at column 7367); tail: tick 487 cycles after the frame close, -98..+1 (spread 99); 0 repeats, 0 skips; last slip col -1; tail slips 0; engage col -1
  [i]  P+80/0-232.0: engaged -233 cycles from the crossing, the close then moved -261..+0 (furthest at column 7427); tail: tick 488 cycles after the frame close, -98..+0 (spread 98); 0 repeats, 0 skips; last slip col -1; tail slips 0; engage col -1
  [i]  P+80/0-224.0: engaged -224 cycles from the crossing, the close then moved -271..+0 (furthest at column 7979); tail: tick 489 cycles after the frame close, -98..+0 (spread 98); 0 repeats, 0 skips; last slip col -1; tail slips 0; engage col -1
  [i]  P+80/0-216.0: engaged -217 cycles from the crossing, the close then moved -278..+0 (furthest at column 7955); tail: tick 489 cycles after the frame close, -97..+0 (spread 97); 0 repeats, 0 skips; last slip col -1; tail slips 0; engage col -1
  [i]  P+80/0-208.0: engaged -208 cycles from the crossing, the close then moved -287..+0 (furthest at column 7931); tail: tick 490 cycles after the frame close, -97..+0 (spread 97); 0 repeats, 0 skips; last slip col -1; tail slips 0; engage col -1
  [i]  P+80/0-200.0: engaged -200 cycles from the crossing, the close then moved -295..+0 (furthest at column 7919); tail: tick 491 cycles after the frame close, -97..+0 (spread 97); 0 repeats, 0 skips; last slip col -1; tail slips 0; engage col -1
  [i]  P+80/0-192.0: engaged -192 cycles from the crossing, the close then moved -303..+0 (furthest at column 7907); tail: tick 491 cycles after the frame close, -96..+0 (spread 96); 0 repeats, 0 skips; last slip col -1; tail slips 0; engage col -1
  [i]  P+80/0-184.0: engaged -184 cycles from the crossing, the close then moved -312..+0 (furthest at column 8423); tail: tick 492 cycles after the frame close, -96..+0 (spread 96); 0 repeats, 0 skips; last slip col -1; tail slips 0; engage col -1
  [i]  P+80/0-176.0: engaged -176 cycles from the crossing, the close then moved -320..+0 (furthest at column 8291); tail: tick 492 cycles after the frame close, -95..+1 (spread 96); 0 repeats, 0 skips; last slip col -1; tail slips 0; engage col -1
  [i]  P+80/0-168.0: engaged -168 cycles from the crossing, the close then moved -328..+0 (furthest at column 8219); tail: tick 493 cycles after the frame close, -96..+0 (spread 96); 0 repeats, 0 skips; last slip col -1; tail slips 0; engage col -1
  [i]  P+80/0-160.0: engaged -160 cycles from the crossing, the close then moved -336..+0 (furthest at column 8171); tail: tick 493 cycles after the frame close, -95..+1 (spread 96); 0 repeats, 0 skips; last slip col -1; tail slips 0; engage col -1
  [i]  P+80/0-152.0: engaged -152 cycles from the crossing, the close then moved -345..+0 (furthest at column 8555); tail: tick 494 cycles after the frame close, -95..+0 (spread 95); 0 repeats, 0 skips; last slip col -1; tail slips 0; engage col -1
  [i]  P+80/0-144.0: engaged -144 cycles from the crossing, the close then moved -353..+0 (furthest at column 8435); tail: tick 495 cycles after the frame close, -95..+0 (spread 95); 0 repeats, 0 skips; last slip col -1; tail slips 0; engage col -1
  [i]  P+80/0-136.0: engaged -137 cycles from the crossing, the close then moved -360..+0 (furthest at column 8375); tail: tick 495 cycles after the frame close, -94..+0 (spread 94); 0 repeats, 0 skips; last slip col -1; tail slips 0; engage col -1
  [i]  P+80/0-128.0: engaged -128 cycles from the crossing, the close then moved -370..+0 (furthest at column 8699); tail: tick 496 cycles after the frame close, -94..+0 (spread 94); 0 repeats, 0 skips; last slip col -1; tail slips 0; engage col -1
  [i]  P+80/0-120.0: engaged -121 cycles from the crossing, the close then moved -377..+0 (furthest at column 8591); tail: tick 496 cycles after the frame close, -93..+1 (spread 94); 0 repeats, 0 skips; last slip col -1; tail slips 0; engage col -1
  [i]  P+80/0-112.0: engaged -112 cycles from the crossing, the close then moved -387..+0 (furthest at column 8951); tail: tick 497 cycles after the frame close, -93..+0 (spread 93); 0 repeats, 0 skips; last slip col -1; tail slips 0; engage col -1
  [i]  P+80/0-104.0: engaged -105 cycles from the crossing, the close then moved -394..+0 (furthest at column 8795); tail: tick 498 cycles after the frame close, -93..+0 (spread 93); 0 repeats, 0 skips; last slip col -1; tail slips 0; engage col -1
  [i]  P+80/0-96.0: engaged -96 cycles from the crossing, the close then moved -404..+0 (furthest at column 9179); tail: tick 498 cycles after the frame close, -92..+0 (spread 92); 0 repeats, 0 skips; last slip col -1; tail slips 0; engage col -1
  [i]  P+80/0-88.0: engaged -89 cycles from the crossing, the close then moved -411..+0 (furthest at column 8951); tail: tick 499 cycles after the frame close, -92..+0 (spread 92); 0 repeats, 0 skips; last slip col -1; tail slips 0; engage col -1
  [i]  P+80/0-80.0: engaged -81 cycles from the crossing, the close then moved -419..+0 (furthest at column 8819); tail: tick 499 cycles after the frame close, -91..+1 (spread 92); 0 repeats, 0 skips; last slip col -1; tail slips 0; engage col -1
  [i]  P+80/0-72.0: engaged -73 cycles from the crossing, the close then moved -428..+0 (furthest at column 9083); tail: tick 500 cycles after the frame close, -91..+0 (spread 91); 0 repeats, 0 skips; last slip col -1; tail slips 0; engage col -1
  [i]  P+80/0-64.0: engaged -65 cycles from the crossing, the close then moved -436..+0 (furthest at column 8939); tail: tick 501 cycles after the frame close, -91..+0 (spread 91); 0 repeats, 0 skips; last slip col -1; tail slips 0; engage col -1
  [i]  P+80/0-56.0: engaged -57 cycles from the crossing, the close then moved -445..+0 (furthest at column 9191); tail: tick 501 cycles after the frame close, -91..+0 (spread 91); 0 repeats, 0 skips; last slip col -1; tail slips 0; engage col -1
  [i]  P+80/0-48.0: engaged -49 cycles from the crossing, the close then moved -454..+0 (furthest at column 9719); tail: tick 502 cycles after the frame close, -91..+0 (spread 91); 0 repeats, 0 skips; last slip col -1; tail slips 0; engage col -1
  [i]  P+80/0-40.0: engaged -41 cycles from the crossing, the close then moved -462..+0 (furthest at column 9275); tail: tick 502 cycles after the frame close, -90..+1 (spread 91); 0 repeats, 0 skips; last slip col -1; tail slips 0; engage col -1
  [i]  P+80/0-32.0: engaged -33 cycles from the crossing, the close then moved -471..+0 (furthest at column 9623); tail: tick 503 cycles after the frame close, -90..+0 (spread 90); 0 repeats, 0 skips; last slip col -1; tail slips 0; engage col -1
  [i]  P+80/0-24.0: engaged -25 cycles from the crossing, the close then moved -479..+0 (furthest at column 9323); tail: tick 503 cycles after the frame close, -89..+1 (spread 90); 0 repeats, 0 skips; last slip col -1; tail slips 0; engage col -1
  [i]  P+80/0-16.0: engaged -16 cycles from the crossing, the close then moved -489..+0 (furthest at column 9563); tail: tick 504 cycles after the frame close, -89..+0 (spread 89); 0 repeats, 0 skips; last slip col -1; tail slips 0; engage col -1
  [i]  P+80/0-8.0: engaged -9 cycles from the crossing, the close then moved -496..+0 (furthest at column 9371); tail: tick 505 cycles after the frame close, -89..+0 (spread 89); 0 repeats, 0 skips; last slip col -1; tail slips 0; engage col -1
  [i]  P+80/0+0.0: engaged -1 cycles from the crossing, the close then moved -505..+0 (furthest at column 9599); tail: tick 505 cycles after the frame close, -88..+0 (spread 88); 0 repeats, 0 skips; last slip col -1; tail slips 0; engage col -1
  [i]  P+80/0+8.0: engaged +7 cycles from the crossing, the close then moved -24..+147 (furthest at column 19906); tail: tick 997 cycles after the frame close, -110..+0 (spread 110); 1 repeats, 1 skips; last slip col 6056; tail slips 0; engage col -1
  [i]  P+80/0+8.0: last slip at column 6056; engagement window unbounded columns
  [i]  P+80/0+16.0: engaged +16 cycles from the crossing, the close then moved -29..+137 (furthest at column 19901); tail: tick 998 cycles after the frame close, -110..+0 (spread 110); 1 repeats, 1 skips; last slip col 5939; tail slips 0; engage col -1
  [i]  P+80/0+16.0: last slip at column 5939; engagement window unbounded columns
  [i]  P+80/0+24.0: engaged +23 cycles from the crossing, the close then moved -34..+129 (furthest at column 19889); tail: tick 999 cycles after the frame close, -110..+0 (spread 110); 1 repeats, 1 skips; last slip col 5831; tail slips 0; engage col -1
  [i]  P+80/0+24.0: last slip at column 5831; engagement window unbounded columns
  [i]  P+80/0+32.0: engaged +31 cycles from the crossing, the close then moved -39..+121 (furthest at column 19997); tail: tick 999 cycles after the frame close, -109..+0 (spread 109); 1 repeats, 1 skips; last slip col 5687; tail slips 0; engage col -1
  [i]  P+80/0+32.0: last slip at column 5687; engagement window unbounded columns
  [i]  P+80/0+40.0: engaged +39 cycles from the crossing, the close then moved -45..+112 (furthest at column 19985); tail: tick 1000 cycles after the frame close, -109..+0 (spread 109); 1 repeats, 1 skips; last slip col 5495; tail slips 0; engage col -1
  [i]  P+80/0+40.0: last slip at column 5495; engagement window unbounded columns
  [i]  P+80/0+48.0: engaged +47 cycles from the crossing, the close then moved -50..+103 (furthest at column 19985); tail: tick 1000 cycles after the frame close, -108..+0 (spread 108); 1 repeats, 1 skips; last slip col 5207; tail slips 0; engage col -1
  [i]  P+80/0+48.0: last slip at column 5207; engagement window unbounded columns
  [i]  P+80/0+56.0: engaged +55 cycles from the crossing, the close then moved -56..+94 (furthest at column 19973); tail: tick 1001 cycles after the frame close, -108..+0 (spread 108); 1 repeats, 1 skips; last slip col 4566; tail slips 0; engage col -1
  [i]  P+80/0+56.0: last slip at column 4566; engagement window unbounded columns
  [i]  P+80/0+64.0: engaged +63 cycles from the crossing, the close then moved -61..+85 (furthest at column 19961); tail: tick 1001 cycles after the frame close, -107..+0 (spread 107); 0 repeats, 0 skips; last slip col -1; tail slips 0; engage col -1
  [i]  P+80/0+72.0: engaged +71 cycles from the crossing, the close then moved -68..+76 (furthest at column 19961); tail: tick 1002 cycles after the frame close, -107..+0 (spread 107); 0 repeats, 0 skips; last slip col -1; tail slips 0; engage col -1
  [i]  P+80/0+80.0: engaged +79 cycles from the crossing, the close then moved -74..+67 (furthest at column 4391); tail: tick 1002 cycles after the frame close, -106..+0 (spread 106); 0 repeats, 0 skips; last slip col -1; tail slips 0; engage col -1
  [i]  P+80/0+88.0: engaged +88 cycles from the crossing, the close then moved -81..+57 (furthest at column 4487); tail: tick 1003 cycles after the frame close, -106..+0 (spread 106); 0 repeats, 0 skips; last slip col -1; tail slips 0; engage col -1
  [i]  P+80/0+96.0: engaged +95 cycles from the crossing, the close then moved -87..+49 (furthest at column 4739); tail: tick 1004 cycles after the frame close, -107..+0 (spread 107); 0 repeats, 0 skips; last slip col -1; tail slips 0; engage col -1
  [i]  P+80/0+104.0: engaged +104 cycles from the crossing, the close then moved -95..+39 (furthest at column 5171); tail: tick 1004 cycles after the frame close, -106..+0 (spread 106); 0 repeats, 0 skips; last slip col -1; tail slips 0; engage col -1
  [i]  P+80/0+112.0: engaged +111 cycles from the crossing, the close then moved -101..+31 (furthest at column 5363); tail: tick 1005 cycles after the frame close, -106..+0 (spread 106); 0 repeats, 0 skips; last slip col -1; tail slips 0; engage col -1
  [i]  P+80/0+120.0: engaged +120 cycles from the crossing, the close then moved -108..+21 (furthest at column 5087); tail: tick 1006 cycles after the frame close, -106..+0 (spread 106); 0 repeats, 0 skips; last slip col -1; tail slips 0; engage col -1
  [i]  P+80/0+128.0: engaged +127 cycles from the crossing, the close then moved -115..+13 (furthest at column 5687); tail: tick 1006 cycles after the frame close, -105..+0 (spread 105); 0 repeats, 0 skips; last slip col -1; tail slips 0; engage col -1
  [i]  P+80/0+136.0: engaged +136 cycles from the crossing, the close then moved -123..+3 (furthest at column 5795); tail: tick 1007 cycles after the frame close, -105..+0 (spread 105); 0 repeats, 0 skips; last slip col -1; tail slips 0; engage col -1
  [i]  P+80/0+144.0: engaged +143 cycles from the crossing, the close then moved -129..+1 (furthest at column 5723); tail: tick 1007 cycles after the frame close, -104..+0 (spread 104); 0 repeats, 0 skips; last slip col -1; tail slips 0; engage col -1
  [i]  P+80/0+152.0: engaged +151 cycles from the crossing, the close then moved -136..+1 (furthest at column 5735); tail: tick 1008 cycles after the frame close, -104..+0 (spread 104); 0 repeats, 0 skips; last slip col -1; tail slips 0; engage col -1
  [i]  P+80/0+160.0: engaged +159 cycles from the crossing, the close then moved -144..+1 (furthest at column 6263); tail: tick 1008 cycles after the frame close, -103..+0 (spread 103); 0 repeats, 0 skips; last slip col -1; tail slips 0; engage col -1
  [i]  P+80/0+168.0: engaged +167 cycles from the crossing, the close then moved -151..+1 (furthest at column 6095); tail: tick 1009 cycles after the frame close, -103..+0 (spread 103); 0 repeats, 0 skips; last slip col -1; tail slips 0; engage col -1
  [i]  P+80/0+176.0: engaged +175 cycles from the crossing, the close then moved -159..+1 (furthest at column 6659); tail: tick 1009 cycles after the frame close, -102..+0 (spread 102); 0 repeats, 0 skips; last slip col -1; tail slips 0; engage col -1
  [i]  P+80/0+184.0: engaged +183 cycles from the crossing, the close then moved -166..+1 (furthest at column 6311); tail: tick 1010 cycles after the frame close, -102..+0 (spread 102); 0 repeats, 0 skips; last slip col -1; tail slips 0; engage col -1
  [i]  P+80/0+192.0: engaged +191 cycles from the crossing, the close then moved -174..+1 (furthest at column 6659); tail: tick 1010 cycles after the frame close, -101..+1 (spread 102); 0 repeats, 0 skips; last slip col -1; tail slips 0; engage col -1
  [i]  P+80/0+200.0: engaged +199 cycles from the crossing, the close then moved -181..+1 (furthest at column 6431); tail: tick 1011 cycles after the frame close, -101..+0 (spread 101); 0 repeats, 0 skips; last slip col -1; tail slips 0; engage col -1
  [i]  P+80/0+208.0: engaged +208 cycles from the crossing, the close then moved -190..+1 (furthest at column 6683); tail: tick 1012 cycles after the frame close, -101..+0 (spread 101); 0 repeats, 0 skips; last slip col -1; tail slips 0; engage col -1
  [i]  P+80/0+216.0: engaged +215 cycles from the crossing, the close then moved -197..+1 (furthest at column 6899); tail: tick 1012 cycles after the frame close, -101..+0 (spread 101); 0 repeats, 0 skips; last slip col -1; tail slips 0; engage col -1
  [i]  P+80/0+224.0: engaged +224 cycles from the crossing, the close then moved -206..+1 (furthest at column 7151); tail: tick 1013 cycles after the frame close, -101..+0 (spread 101); 0 repeats, 0 skips; last slip col -1; tail slips 0; engage col -1
  [i]  P+80/0+232.0: engaged +231 cycles from the crossing, the close then moved -213..+1 (furthest at column 7427); tail: tick 1013 cycles after the frame close, -100..+1 (spread 101); 0 repeats, 0 skips; last slip col -1; tail slips 0; engage col -1
  [i]  P+80/0+240.0: engaged +240 cycles from the crossing, the close then moved -221..+1 (furthest at column 6959); tail: tick 1014 cycles after the frame close, -100..+0 (spread 100); 0 repeats, 0 skips; last slip col -1; tail slips 0; engage col -1
  [i]  P+80/0+248.0: engaged +247 cycles from the crossing, the close then moved -228..+1 (furthest at column 7079); tail: tick 1014 cycles after the frame close, -99..+1 (spread 100); 0 repeats, 0 skips; last slip col -1; tail slips 0; engage col -1
  [i]  P+80/0+256.0: engaged +256 cycles from the crossing, the close then moved -237..+1 (furthest at column 7187); tail: tick 1015 cycles after the frame close, -99..+1 (spread 100); 0 repeats, 0 skips; last slip col -1; tail slips 0; engage col -1
  [i]  P+80/0+264.0: engaged +264 cycles from the crossing, the close then moved -238..+0 (furthest at column 7199); tail: tick 1008 cycles after the frame close, -99..+1 (spread 100); 0 repeats, 0 skips; last slip col -1; tail slips 0; engage col -1
== capture_coherence: checks: 1341   failures: 0 ==
RESULT: PASS
