
  [i]  calibration, -66 ppm plan: with the TDM clock unheld the first close lands 14 cycles after its tick

[P-66/0] PROBE CRF, -66 ppm plan, every 1 cycles from -1 to +1, 4 quarter-cycle sub-placements, 12000 columns
  [i]  P-66/0-1.0: engaged -2 cycles from the crossing, the close then moved -105..+2 (furthest at column 11957); tail: tick 38 cycles after the frame close, +0..+69 (spread 69); 0 repeats, 0 skips; last slip col -1; tail slips 0; engage col -1
  [i]  P-66/0-1.1: engaged -2 cycles from the crossing, the close then moved -105..+1 (furthest at column 11963); tail: tick 38 cycles after the frame close, +0..+69 (spread 69); 0 repeats, 0 skips; last slip col -1; tail slips 0; engage col -1
  [i]  P-66/0-1.2: engaged -1 cycles from the crossing, the close then moved -106..+1 (furthest at column 11945); tail: tick 39 cycles after the frame close, -1..+68 (spread 69); 0 repeats, 0 skips; last slip col -1; tail slips 0; engage col -1
  [i]  P-66/0-1.3: engaged -2 cycles from the crossing, the close then moved -105..+2 (furthest at column 11957); tail: tick 39 cycles after the frame close, -1..+68 (spread 69); 0 repeats, 0 skips; last slip col -1; tail slips 0; engage col -1
  [i]  P-66/0+0.0: engaged -2 cycles from the crossing, the close then moved -105..+2 (furthest at column 11957); tail: tick 38 cycles after the frame close, +0..+69 (spread 69); 0 repeats, 0 skips; last slip col -1; tail slips 0; engage col -1
  [i]  P-66/0+0.1: engaged -1 cycles from the crossing, the close then moved -106..+1 (furthest at column 11963); tail: tick 38 cycles after the frame close, +0..+69 (spread 69); 0 repeats, 0 skips; last slip col -1; tail slips 0; engage col -1
  [i]  P-66/0+0.2: engaged -1 cycles from the crossing, the close then moved -106..+1 (furthest at column 11957); tail: tick 39 cycles after the frame close, -1..+68 (spread 69); 0 repeats, 0 skips; last slip col -1; tail slips 0; engage col -1
  [i]  P-66/0+0.3: engaged -1 cycles from the crossing, the close then moved -106..+1 (furthest at column 11939); tail: tick 39 cycles after the frame close, -1..+68 (spread 69); 0 repeats, 0 skips; last slip col -1; tail slips 0; engage col -1
  [i]  P-66/0+1.0: engaged +0 cycles from the crossing, the close then moved -107..+2 (furthest at column 11945); tail: tick 38 cycles after the frame close, +0..+69 (spread 69); 1 repeats, 1 skips; last slip col 1296; tail slips 0; engage col -1
  [i]  P-66/0+1.0: last slip at column 1296; engagement window unbounded columns
  [i]  P-66/0+1.1: engaged +0 cycles from the crossing, the close then moved -107..+1 (furthest at column 11939); tail: tick 38 cycles after the frame close, +0..+69 (spread 69); 1 repeats, 1 skips; last slip col 1002; tail slips 0; engage col -1
  [i]  P-66/0+1.1: last slip at column 1002; engagement window unbounded columns
  [i]  P-66/0+1.2: engaged +1 cycles from the crossing, the close then moved +0..+466 (furthest at column 9832); tail: tick 622 cycles after the frame close, -47..+0 (spread 47); 0 repeats, 0 skips; last slip col -1; tail slips 0; engage col -1
  [i]  P-66/0+1.3: engaged +1 cycles from the crossing, the close then moved +0..+466 (furthest at column 9832); tail: tick 621 cycles after the frame close, -46..+1 (spread 47); 0 repeats, 0 skips; last slip col -1; tail slips 0; engage col -1
== capture_coherence: checks: 241   failures: 0 ==
RESULT: PASS

  [i]  calibration, -66 ppm plan: with the TDM clock unheld the first close lands 13 cycles after its tick

[P-66/16] PROBE CRF, -66 ppm plan, every 1 cycles from -1 to +1, 4 quarter-cycle sub-placements, 12000 columns
  [i]  P-66/16-1.0: engaged -2 cycles from the crossing, the close then moved -105..+2 (furthest at column 11975); tail: tick 39 cycles after the frame close, -1..+68 (spread 69); 0 repeats, 0 skips; last slip col -1; tail slips 0; engage col -1
  [i]  P-66/16-1.1: engaged -2 cycles from the crossing, the close then moved -105..+2 (furthest at column 11957); tail: tick 38 cycles after the frame close, +0..+69 (spread 69); 0 repeats, 0 skips; last slip col -1; tail slips 0; engage col -1
  [i]  P-66/16-1.2: engaged -1 cycles from the crossing, the close then moved -106..+1 (furthest at column 11957); tail: tick 38 cycles after the frame close, +0..+69 (spread 69); 0 repeats, 0 skips; last slip col -1; tail slips 0; engage col -1
  [i]  P-66/16-1.3: engaged -1 cycles from the crossing, the close then moved -106..+1 (furthest at column 11957); tail: tick 39 cycles after the frame close, -1..+68 (spread 69); 0 repeats, 0 skips; last slip col -1; tail slips 0; engage col -1
  [i]  P-66/16+0.0: engaged -1 cycles from the crossing, the close then moved -106..+1 (furthest at column 11939); tail: tick 39 cycles after the frame close, -1..+68 (spread 69); 0 repeats, 0 skips; last slip col -1; tail slips 0; engage col -1
  [i]  P-66/16+0.1: engaged +0 cycles from the crossing, the close then moved -107..+2 (furthest at column 11939); tail: tick 38 cycles after the frame close, +0..+69 (spread 69); 1 repeats, 1 skips; last slip col 1296; tail slips 0; engage col -1
  [i]  P-66/16+0.1: last slip at column 1296; engagement window unbounded columns
  [i]  P-66/16+0.2: engaged +0 cycles from the crossing, the close then moved -107..+1 (furthest at column 11939); tail: tick 38 cycles after the frame close, +0..+69 (spread 69); 1 repeats, 1 skips; last slip col 1002; tail slips 0; engage col -1
  [i]  P-66/16+0.2: last slip at column 1002; engagement window unbounded columns
  [i]  P-66/16+0.3: engaged +1 cycles from the crossing, the close then moved +0..+466 (furthest at column 9832); tail: tick 622 cycles after the frame close, -47..+0 (spread 47); 0 repeats, 0 skips; last slip col -1; tail slips 0; engage col -1
  [i]  P-66/16+1.0: engaged +1 cycles from the crossing, the close then moved +0..+466 (furthest at column 9832); tail: tick 621 cycles after the frame close, -46..+1 (spread 47); 0 repeats, 0 skips; last slip col -1; tail slips 0; engage col -1
  [i]  P-66/16+1.1: engaged +1 cycles from the crossing, the close then moved +0..+466 (furthest at column 9844); tail: tick 622 cycles after the frame close, -47..+0 (spread 47); 0 repeats, 0 skips; last slip col -1; tail slips 0; engage col -1
  [i]  P-66/16+1.2: engaged +2 cycles from the crossing, the close then moved -1..+465 (furthest at column 9850); tail: tick 622 cycles after the frame close, -47..+0 (spread 47); 0 repeats, 0 skips; last slip col -1; tail slips 0; engage col -1
  [i]  P-66/16+1.3: engaged +1 cycles from the crossing, the close then moved +0..+466 (furthest at column 9832); tail: tick 622 cycles after the frame close, -47..+0 (spread 47); 0 repeats, 0 skips; last slip col -1; tail slips 0; engage col -1
== capture_coherence: checks: 241   failures: 0 ==
RESULT: PASS

  [i]  calibration, -66 ppm plan: with the TDM clock unheld the first close lands 13 cycles after its tick

[P-66/24] PROBE CRF, -66 ppm plan, every 1 cycles from -1 to +1, 4 quarter-cycle sub-placements, 12000 columns
  [i]  P-66/24-1.0: engaged -1 cycles from the crossing, the close then moved -106..+1 (furthest at column 11951); tail: tick 39 cycles after the frame close, -1..+68 (spread 69); 0 repeats, 0 skips; last slip col -1; tail slips 0; engage col -1
  [i]  P-66/24-1.1: engaged -1 cycles from the crossing, the close then moved -106..+2 (furthest at column 11951); tail: tick 39 cycles after the frame close, -1..+68 (spread 69); 1 repeats, 1 skips; last slip col 755; tail slips 0; engage col -1
  [i]  P-66/24-1.1: last slip at column 755; engagement window unbounded columns
  [i]  P-66/24-1.2: engaged -2 cycles from the crossing, the close then moved -105..+2 (furthest at column 11951); tail: tick 38 cycles after the frame close, +0..+69 (spread 69); 0 repeats, 0 skips; last slip col -1; tail slips 0; engage col -1
  [i]  P-66/24-1.3: engaged +0 cycles from the crossing, the close then moved -107..+1 (furthest at column 11951); tail: tick 38 cycles after the frame close, +0..+69 (spread 69); 1 repeats, 1 skips; last slip col 1063; tail slips 0; engage col -1
  [i]  P-66/24-1.3: last slip at column 1063; engagement window unbounded columns
  [i]  P-66/24+0.0: engaged -1 cycles from the crossing, the close then moved -106..+1 (furthest at column 11951); tail: tick 39 cycles after the frame close, -1..+68 (spread 69); 0 repeats, 0 skips; last slip col -1; tail slips 0; engage col -1
  [i]  P-66/24+0.1: engaged +0 cycles from the crossing, the close then moved -107..+2 (furthest at column 11933); tail: tick 39 cycles after the frame close, -1..+68 (spread 69); 1 repeats, 1 skips; last slip col 1235; tail slips 0; engage col -1
  [i]  P-66/24+0.1: last slip at column 1235; engagement window unbounded columns
  [i]  P-66/24+0.2: engaged +0 cycles from the crossing, the close then moved -107..+2 (furthest at column 11933); tail: tick 38 cycles after the frame close, +0..+69 (spread 69); 1 repeats, 1 skips; last slip col 1323; tail slips 0; engage col -1
  [i]  P-66/24+0.2: last slip at column 1323; engagement window unbounded columns
  [i]  P-66/24+0.3: engaged +1 cycles from the crossing, the close then moved -1..+466 (furthest at column 9820); tail: tick 622 cycles after the frame close, -47..+0 (spread 47); 0 repeats, 0 skips; last slip col -1; tail slips 0; engage col -1
  [i]  P-66/24+1.0: engaged +0 cycles from the crossing, the close then moved -107..+1 (furthest at column 11933); tail: tick 39 cycles after the frame close, -1..+68 (spread 69); 1 repeats, 1 skips; last slip col 1166; tail slips 0; engage col -1
  [i]  P-66/24+1.0: last slip at column 1166; engagement window unbounded columns
  [i]  P-66/24+1.1: engaged +0 cycles from the crossing, the close then moved -107..+2 (furthest at column 11933); tail: tick 39 cycles after the frame close, -1..+68 (spread 69); 1 repeats, 1 skips; last slip col 1254; tail slips 0; engage col -1
  [i]  P-66/24+1.1: last slip at column 1254; engagement window unbounded columns
  [i]  P-66/24+1.2: engaged +1 cycles from the crossing, the close then moved +0..+466 (furthest at column 9838); tail: tick 622 cycles after the frame close, -47..+0 (spread 47); 0 repeats, 0 skips; last slip col -1; tail slips 0; engage col -1
  [i]  P-66/24+1.3: engaged +1 cycles from the crossing, the close then moved -1..+466 (furthest at column 9838); tail: tick 622 cycles after the frame close, -47..+0 (spread 47); 0 repeats, 0 skips; last slip col -1; tail slips 0; engage col -1
== capture_coherence: checks: 241   failures: 0 ==
RESULT: PASS

  [i]  calibration, -66 ppm plan: with the TDM clock unheld the first close lands 13 cycles after its tick

[P-66/32] PROBE CRF, -66 ppm plan, every 1 cycles from -1 to +1, 4 quarter-cycle sub-placements, 12000 columns
  [i]  P-66/32-1.0: engaged -1 cycles from the crossing, the close then moved -106..+1 (furthest at column 11957); tail: tick 39 cycles after the frame close, -1..+68 (spread 69); 0 repeats, 0 skips; last slip col -1; tail slips 0; engage col -1
  [i]  P-66/32-1.1: engaged -1 cycles from the crossing, the close then moved -106..+1 (furthest at column 11945); tail: tick 39 cycles after the frame close, -1..+68 (spread 69); 0 repeats, 0 skips; last slip col -1; tail slips 0; engage col -1
  [i]  P-66/32-1.2: engaged -2 cycles from the crossing, the close then moved -105..+2 (furthest at column 11957); tail: tick 38 cycles after the frame close, +0..+69 (spread 69); 0 repeats, 0 skips; last slip col -1; tail slips 0; engage col -1
  [i]  P-66/32-1.3: engaged +0 cycles from the crossing, the close then moved -107..+1 (furthest at column 11939); tail: tick 38 cycles after the frame close, +0..+69 (spread 69); 1 repeats, 1 skips; last slip col 1006; tail slips 0; engage col -1
  [i]  P-66/32-1.3: last slip at column 1006; engagement window unbounded columns
  [i]  P-66/32+0.0: engaged -1 cycles from the crossing, the close then moved -106..+1 (furthest at column 11957); tail: tick 39 cycles after the frame close, -1..+68 (spread 69); 0 repeats, 0 skips; last slip col -1; tail slips 0; engage col -1
  [i]  P-66/32+0.1: engaged +0 cycles from the crossing, the close then moved -107..+1 (furthest at column 11945); tail: tick 39 cycles after the frame close, -1..+68 (spread 69); 1 repeats, 1 skips; last slip col 1212; tail slips 0; engage col -1
  [i]  P-66/32+0.1: last slip at column 1212; engagement window unbounded columns
  [i]  P-66/32+0.2: engaged +0 cycles from the crossing, the close then moved -107..+2 (furthest at column 11939); tail: tick 38 cycles after the frame close, +0..+69 (spread 69); 1 repeats, 1 skips; last slip col 1277; tail slips 0; engage col -1
  [i]  P-66/32+0.2: last slip at column 1277; engagement window unbounded columns
  [i]  P-66/32+0.3: engaged +1 cycles from the crossing, the close then moved -1..+466 (furthest at column 9814); tail: tick 622 cycles after the frame close, -47..+0 (spread 47); 0 repeats, 0 skips; last slip col -1; tail slips 0; engage col -1
  [i]  P-66/32+1.0: engaged +0 cycles from the crossing, the close then moved -107..+1 (furthest at column 11945); tail: tick 38 cycles after the frame close, +0..+69 (spread 69); 1 repeats, 1 skips; last slip col 1105; tail slips 0; engage col -1
  [i]  P-66/32+1.0: last slip at column 1105; engagement window unbounded columns
  [i]  P-66/32+1.1: engaged +0 cycles from the crossing, the close then moved -107..+1 (furthest at column 11939); tail: tick 39 cycles after the frame close, -1..+68 (spread 69); 1 repeats, 1 skips; last slip col 1208; tail slips 0; engage col -1
  [i]  P-66/32+1.1: last slip at column 1208; engagement window unbounded columns
  [i]  P-66/32+1.2: engaged +1 cycles from the crossing, the close then moved +0..+466 (furthest at column 9844); tail: tick 622 cycles after the frame close, -47..+0 (spread 47); 0 repeats, 0 skips; last slip col -1; tail slips 0; engage col -1
  [i]  P-66/32+1.3: engaged +1 cycles from the crossing, the close then moved -1..+466 (furthest at column 9826); tail: tick 622 cycles after the frame close, -47..+0 (spread 47); 0 repeats, 0 skips; last slip col -1; tail slips 0; engage col -1
== capture_coherence: checks: 241   failures: 0 ==
RESULT: PASS

  [i]  calibration, -66 ppm plan: with the TDM clock unheld the first close lands 13 cycles after its tick

[P-66/40] PROBE CRF, -66 ppm plan, every 1 cycles from -1 to +1, 4 quarter-cycle sub-placements, 12000 columns
  [i]  P-66/40-1.0: engaged -1 cycles from the crossing, the close then moved -106..+1 (furthest at column 11951); tail: tick 38 cycles after the frame close, +0..+69 (spread 69); 0 repeats, 0 skips; last slip col -1; tail slips 0; engage col -1
  [i]  P-66/40-1.1: engaged -1 cycles from the crossing, the close then moved -106..+1 (furthest at column 11951); tail: tick 39 cycles after the frame close, -1..+68 (spread 69); 0 repeats, 0 skips; last slip col -1; tail slips 0; engage col -1
  [i]  P-66/40-1.2: engaged -1 cycles from the crossing, the close then moved -106..+2 (furthest at column 11951); tail: tick 39 cycles after the frame close, -1..+68 (spread 69); 1 repeats, 1 skips; last slip col 755; tail slips 0; engage col -1
  [i]  P-66/40-1.2: last slip at column 755; engagement window unbounded columns
  [i]  P-66/40-1.3: engaged -2 cycles from the crossing, the close then moved -105..+2 (furthest at column 11951); tail: tick 38 cycles after the frame close, +0..+69 (spread 69); 0 repeats, 0 skips; last slip col -1; tail slips 0; engage col -1
  [i]  P-66/40+0.0: engaged +0 cycles from the crossing, the close then moved -107..+1 (furthest at column 11951); tail: tick 38 cycles after the frame close, +0..+69 (spread 69); 1 repeats, 1 skips; last slip col 1063; tail slips 0; engage col -1
  [i]  P-66/40+0.0: last slip at column 1063; engagement window unbounded columns
  [i]  P-66/40+0.1: engaged -1 cycles from the crossing, the close then moved -106..+1 (furthest at column 11951); tail: tick 39 cycles after the frame close, -1..+68 (spread 69); 0 repeats, 0 skips; last slip col -1; tail slips 0; engage col -1
  [i]  P-66/40+0.2: engaged +0 cycles from the crossing, the close then moved -107..+2 (furthest at column 11933); tail: tick 39 cycles after the frame close, -1..+68 (spread 69); 1 repeats, 1 skips; last slip col 1235; tail slips 0; engage col -1
  [i]  P-66/40+0.2: last slip at column 1235; engagement window unbounded columns
  [i]  P-66/40+0.3: engaged +0 cycles from the crossing, the close then moved -107..+2 (furthest at column 11933); tail: tick 38 cycles after the frame close, +0..+69 (spread 69); 1 repeats, 1 skips; last slip col 1323; tail slips 0; engage col -1
  [i]  P-66/40+0.3: last slip at column 1323; engagement window unbounded columns
  [i]  P-66/40+1.0: engaged +1 cycles from the crossing, the close then moved -1..+466 (furthest at column 9820); tail: tick 622 cycles after the frame close, -47..+0 (spread 47); 0 repeats, 0 skips; last slip col -1; tail slips 0; engage col -1
  [i]  P-66/40+1.1: engaged +0 cycles from the crossing, the close then moved -107..+1 (furthest at column 11933); tail: tick 39 cycles after the frame close, -1..+68 (spread 69); 1 repeats, 1 skips; last slip col 1147; tail slips 0; engage col -1
  [i]  P-66/40+1.1: last slip at column 1147; engagement window unbounded columns
  [i]  P-66/40+1.2: engaged +0 cycles from the crossing, the close then moved -107..+1 (furthest at column 11933); tail: tick 39 cycles after the frame close, -1..+68 (spread 69); 1 repeats, 1 skips; last slip col 1250; tail slips 0; engage col -1
  [i]  P-66/40+1.2: last slip at column 1250; engagement window unbounded columns
  [i]  P-66/40+1.3: engaged +1 cycles from the crossing, the close then moved +0..+466 (furthest at column 9856); tail: tick 622 cycles after the frame close, -47..+0 (spread 47); 0 repeats, 0 skips; last slip col -1; tail slips 0; engage col -1
== capture_coherence: checks: 241   failures: 0 ==
RESULT: PASS

  [i]  calibration, -66 ppm plan: with the TDM clock unheld the first close lands 13 cycles after its tick

[P-66/48] PROBE CRF, -66 ppm plan, every 1 cycles from -1 to +1, 4 quarter-cycle sub-placements, 12000 columns
  [i]  P-66/48-1.0: engaged -1 cycles from the crossing, the close then moved -106..+1 (furthest at column 11963); tail: tick 38 cycles after the frame close, +0..+69 (spread 69); 0 repeats, 0 skips; last slip col -1; tail slips 0; engage col -1
  [i]  P-66/48-1.1: engaged -1 cycles from the crossing, the close then moved -106..+1 (furthest at column 11957); tail: tick 39 cycles after the frame close, -1..+68 (spread 69); 0 repeats, 0 skips; last slip col -1; tail slips 0; engage col -1
  [i]  P-66/48-1.2: engaged -1 cycles from the crossing, the close then moved -106..+1 (furthest at column 11945); tail: tick 39 cycles after the frame close, -1..+68 (spread 69); 0 repeats, 0 skips; last slip col -1; tail slips 0; engage col -1
  [i]  P-66/48-1.3: engaged -2 cycles from the crossing, the close then moved -105..+2 (furthest at column 11957); tail: tick 38 cycles after the frame close, +0..+69 (spread 69); 0 repeats, 0 skips; last slip col -1; tail slips 0; engage col -1
  [i]  P-66/48+0.0: engaged +0 cycles from the crossing, the close then moved -107..+1 (furthest at column 11939); tail: tick 38 cycles after the frame close, +0..+69 (spread 69); 1 repeats, 1 skips; last slip col 1006; tail slips 0; engage col -1
  [i]  P-66/48+0.0: last slip at column 1006; engagement window unbounded columns
  [i]  P-66/48+0.1: engaged -1 cycles from the crossing, the close then moved -106..+1 (furthest at column 11957); tail: tick 39 cycles after the frame close, -1..+68 (spread 69); 0 repeats, 0 skips; last slip col -1; tail slips 0; engage col -1
  [i]  P-66/48+0.2: engaged +0 cycles from the crossing, the close then moved -107..+1 (furthest at column 11945); tail: tick 39 cycles after the frame close, -1..+68 (spread 69); 1 repeats, 1 skips; last slip col 1208; tail slips 0; engage col -1
  [i]  P-66/48+0.2: last slip at column 1208; engagement window unbounded columns
  [i]  P-66/48+0.3: engaged +0 cycles from the crossing, the close then moved -107..+2 (furthest at column 11939); tail: tick 38 cycles after the frame close, +0..+69 (spread 69); 1 repeats, 1 skips; last slip col 1277; tail slips 0; engage col -1
  [i]  P-66/48+0.3: last slip at column 1277; engagement window unbounded columns
  [i]  P-66/48+1.0: engaged +1 cycles from the crossing, the close then moved -1..+466 (furthest at column 9826); tail: tick 622 cycles after the frame close, -47..+0 (spread 47); 0 repeats, 0 skips; last slip col -1; tail slips 0; engage col -1
  [i]  P-66/48+1.1: engaged +0 cycles from the crossing, the close then moved -107..+1 (furthest at column 11945); tail: tick 38 cycles after the frame close, +0..+69 (spread 69); 1 repeats, 1 skips; last slip col 1105; tail slips 0; engage col -1
  [i]  P-66/48+1.1: last slip at column 1105; engagement window unbounded columns
  [i]  P-66/48+1.2: engaged +0 cycles from the crossing, the close then moved -107..+1 (furthest at column 11939); tail: tick 39 cycles after the frame close, -1..+68 (spread 69); 1 repeats, 1 skips; last slip col 1208; tail slips 0; engage col -1
  [i]  P-66/48+1.2: last slip at column 1208; engagement window unbounded columns
  [i]  P-66/48+1.3: engaged +1 cycles from the crossing, the close then moved +0..+466 (furthest at column 9844); tail: tick 622 cycles after the frame close, -47..+0 (spread 47); 0 repeats, 0 skips; last slip col -1; tail slips 0; engage col -1
== capture_coherence: checks: 241   failures: 0 ==
RESULT: PASS

  [i]  calibration, -66 ppm plan: with the TDM clock unheld the first close lands 12 cycles after its tick

[P-66/56] PROBE CRF, -66 ppm plan, every 1 cycles from -1 to +1, 4 quarter-cycle sub-placements, 12000 columns
  [i]  P-66/56-1.0: engaged -1 cycles from the crossing, the close then moved -106..+2 (furthest at column 11951); tail: tick 38 cycles after the frame close, +0..+69 (spread 69); 1 repeats, 1 skips; last slip col 926; tail slips 0; engage col -1
  [i]  P-66/56-1.0: last slip at column 926; engagement window unbounded columns
  [i]  P-66/56-1.1: engaged -1 cycles from the crossing, the close then moved -106..+1 (furthest at column 11951); tail: tick 38 cycles after the frame close, +0..+69 (spread 69); 0 repeats, 0 skips; last slip col -1; tail slips 0; engage col -1
  [i]  P-66/56-1.2: engaged +0 cycles from the crossing, the close then moved -107..+1 (furthest at column 11951); tail: tick 39 cycles after the frame close, -1..+68 (spread 69); 1 repeats, 1 skips; last slip col 1166; tail slips 0; engage col -1
  [i]  P-66/56-1.2: last slip at column 1166; engagement window unbounded columns
  [i]  P-66/56-1.3: engaged -1 cycles from the crossing, the close then moved -106..+2 (furthest at column 11945); tail: tick 39 cycles after the frame close, -1..+68 (spread 69); 1 repeats, 1 skips; last slip col 736; tail slips 0; engage col -1
  [i]  P-66/56-1.3: last slip at column 736; engagement window unbounded columns
  [i]  P-66/56+0.0: engaged -1 cycles from the crossing, the close then moved -106..+2 (furthest at column 11951); tail: tick 38 cycles after the frame close, +0..+69 (spread 69); 1 repeats, 1 skips; last slip col 907; tail slips 0; engage col -1
  [i]  P-66/56+0.0: last slip at column 907; engagement window unbounded columns
  [i]  P-66/56+0.1: engaged +0 cycles from the crossing, the close then moved -107..+1 (furthest at column 11951); tail: tick 38 cycles after the frame close, +0..+69 (spread 69); 1 repeats, 1 skips; last slip col 1044; tail slips 0; engage col -1
  [i]  P-66/56+0.1: last slip at column 1044; engagement window unbounded columns
  [i]  P-66/56+0.2: engaged +0 cycles from the crossing, the close then moved -107..+1 (furthest at column 11933); tail: tick 39 cycles after the frame close, -1..+68 (spread 69); 1 repeats, 1 skips; last slip col 1147; tail slips 0; engage col -1
  [i]  P-66/56+0.2: last slip at column 1147; engagement window unbounded columns
  [i]  P-66/56+0.3: engaged +0 cycles from the crossing, the close then moved -107..+1 (furthest at column 11933); tail: tick 39 cycles after the frame close, -1..+68 (spread 69); 1 repeats, 1 skips; last slip col 1250; tail slips 0; engage col -1
  [i]  P-66/56+0.3: last slip at column 1250; engagement window unbounded columns
  [i]  P-66/56+1.0: engaged +1 cycles from the crossing, the close then moved +0..+466 (furthest at column 9856); tail: tick 622 cycles after the frame close, -47..+0 (spread 47); 0 repeats, 0 skips; last slip col -1; tail slips 0; engage col -1
  [i]  P-66/56+1.1: engaged +1 cycles from the crossing, the close then moved -1..+466 (furthest at column 9838); tail: tick 622 cycles after the frame close, -47..+0 (spread 47); 0 repeats, 0 skips; last slip col -1; tail slips 0; engage col -1
  [i]  P-66/56+1.2: engaged +1 cycles from the crossing, the close then moved +0..+466 (furthest at column 9838); tail: tick 622 cycles after the frame close, -47..+0 (spread 47); 0 repeats, 0 skips; last slip col -1; tail slips 0; engage col -1
  [i]  P-66/56+1.3: engaged +1 cycles from the crossing, the close then moved +0..+466 (furthest at column 9856); tail: tick 621 cycles after the frame close, -46..+1 (spread 47); 0 repeats, 0 skips; last slip col -1; tail slips 0; engage col -1
== capture_coherence: checks: 241   failures: 0 ==
RESULT: PASS

  [i]  calibration, -66 ppm plan: with the TDM clock unheld the first close lands 13 cycles after its tick

[P-66/8] PROBE CRF, -66 ppm plan, every 1 cycles from -1 to +1, 4 quarter-cycle sub-placements, 12000 columns
  [i]  P-66/8-1.0: engaged -2 cycles from the crossing, the close then moved -105..+2 (furthest at column 11951); tail: tick 39 cycles after the frame close, -1..+68 (spread 69); 0 repeats, 0 skips; last slip col -1; tail slips 0; engage col -1
  [i]  P-66/8-1.1: engaged -2 cycles from the crossing, the close then moved -105..+2 (furthest at column 11951); tail: tick 38 cycles after the frame close, +0..+69 (spread 69); 0 repeats, 0 skips; last slip col -1; tail slips 0; engage col -1
  [i]  P-66/8-1.2: engaged -1 cycles from the crossing, the close then moved -106..+1 (furthest at column 11951); tail: tick 38 cycles after the frame close, +0..+69 (spread 69); 0 repeats, 0 skips; last slip col -1; tail slips 0; engage col -1
  [i]  P-66/8-1.3: engaged -1 cycles from the crossing, the close then moved -106..+1 (furthest at column 11951); tail: tick 39 cycles after the frame close, -1..+68 (spread 69); 0 repeats, 0 skips; last slip col -1; tail slips 0; engage col -1
  [i]  P-66/8+0.0: engaged -1 cycles from the crossing, the close then moved -106..+2 (furthest at column 11951); tail: tick 39 cycles after the frame close, -1..+68 (spread 69); 1 repeats, 1 skips; last slip col 736; tail slips 0; engage col -1
  [i]  P-66/8+0.0: last slip at column 736; engagement window unbounded columns
  [i]  P-66/8+0.1: engaged +0 cycles from the crossing, the close then moved -107..+2 (furthest at column 11933); tail: tick 38 cycles after the frame close, +0..+69 (spread 69); 1 repeats, 1 skips; last slip col 1323; tail slips 0; engage col -1
  [i]  P-66/8+0.1: last slip at column 1323; engagement window unbounded columns
  [i]  P-66/8+0.2: engaged +0 cycles from the crossing, the close then moved -107..+1 (furthest at column 11951); tail: tick 38 cycles after the frame close, +0..+69 (spread 69); 1 repeats, 1 skips; last slip col 1063; tail slips 0; engage col -1
  [i]  P-66/8+0.2: last slip at column 1063; engagement window unbounded columns
  [i]  P-66/8+0.3: engaged +1 cycles from the crossing, the close then moved +0..+466 (furthest at column 9820); tail: tick 622 cycles after the frame close, -47..+0 (spread 47); 0 repeats, 0 skips; last slip col -1; tail slips 0; engage col -1
  [i]  P-66/8+1.0: engaged +1 cycles from the crossing, the close then moved +0..+466 (furthest at column 9838); tail: tick 621 cycles after the frame close, -46..+1 (spread 47); 0 repeats, 0 skips; last slip col -1; tail slips 0; engage col -1
  [i]  P-66/8+1.1: engaged +1 cycles from the crossing, the close then moved +0..+466 (furthest at column 9838); tail: tick 622 cycles after the frame close, -47..+0 (spread 47); 0 repeats, 0 skips; last slip col -1; tail slips 0; engage col -1
  [i]  P-66/8+1.2: engaged +2 cycles from the crossing, the close then moved -1..+465 (furthest at column 9856); tail: tick 622 cycles after the frame close, -47..+0 (spread 47); 0 repeats, 0 skips; last slip col -1; tail slips 0; engage col -1
  [i]  P-66/8+1.3: engaged +1 cycles from the crossing, the close then moved +0..+466 (furthest at column 9838); tail: tick 622 cycles after the frame close, -47..+0 (spread 47); 0 repeats, 0 skips; last slip col -1; tail slips 0; engage col -1
== capture_coherence: checks: 241   failures: 0 ==
RESULT: PASS
