plants: 13
wrote $PACKET/scratch/other/work/build/srp-debug-if2-endstation_ax7101_1x1_tdm8/contract/KL_mbx_pkg.sv (2 interfaces)
wrote $PACKET/scratch/other/work/build/srp-debug-if2-endstation_ax7101_1x1_tdm8/contract/KL_mbx.sv (2 interfaces)
wrote $PACKET/scratch/other/work/build/srp-debug-if2-endstation_ax7101_1x1_tdm8/contract/mbx_contract.h (2 interfaces)
[ok] binding-debug-guard: SynchronousBindingFromOutputAsserts / failed to die
wrote $PACKET/scratch/other/work/build/srp-debug-if2-endstation_ax7101_1x1_tdm8/contract/KL_mbx_pkg.sv (2 interfaces)
wrote $PACKET/scratch/other/work/build/srp-debug-if2-endstation_ax7101_1x1_tdm8/contract/KL_mbx.sv (2 interfaces)
wrote $PACKET/scratch/other/work/build/srp-debug-if2-endstation_ax7101_1x1_tdm8/contract/mbx_contract.h (2 interfaces)
[ok] receive-debug-guard: SynchronousReceiveFromOutputAsserts / failed to die
wrote $PACKET/scratch/other/work/build/srp-debug-if2-endstation_ax7101_1x1_tdm8/contract/KL_mbx_pkg.sv (2 interfaces)
wrote $PACKET/scratch/other/work/build/srp-debug-if2-endstation_ax7101_1x1_tdm8/contract/KL_mbx.sv (2 interfaces)
wrote $PACKET/scratch/other/work/build/srp-debug-if2-endstation_ax7101_1x1_tdm8/contract/mbx_contract.h (2 interfaces)
[ok] tick-debug-guard: SynchronousTickFromOutputAsserts / failed to die
wrote $PACKET/scratch/other/work/build/srp-srp_latency-if2-endstation_ax7101_1x1_tdm8/contract/KL_mbx_pkg.sv (2 interfaces)
wrote $PACKET/scratch/other/work/build/srp-srp_latency-if2-endstation_ax7101_1x1_tdm8/contract/KL_mbx.sv (2 interfaces)
wrote $PACKET/scratch/other/work/build/srp-srp_latency-if2-endstation_ax7101_1x1_tdm8/contract/mbx_contract.h (2 interfaces)
[ok] latency-missing-startup: SrpLatency.StartupJoinPeriodicAndLeaveAllCommitWithinOneBudget / commits.size()
wrote $PACKET/scratch/other/work/build/srp-srp_latency-if2-endstation_ax7101_1x1_tdm8/contract/KL_mbx_pkg.sv (2 interfaces)
wrote $PACKET/scratch/other/work/build/srp-srp_latency-if2-endstation_ax7101_1x1_tdm8/contract/KL_mbx.sv (2 interfaces)
wrote $PACKET/scratch/other/work/build/srp-srp_latency-if2-endstation_ax7101_1x1_tdm8/contract/mbx_contract.h (2 interfaces)
[ok] latency-domain-unserviced: SrpLatency.ReceiveStateMalformedDomainAndListenerPaths / domain.vid
wrote $PACKET/scratch/other/work/build/srp-srp_latency-if2-endstation_ax7101_1x1_tdm8/contract/KL_mbx_pkg.sv (2 interfaces)
wrote $PACKET/scratch/other/work/build/srp-srp_latency-if2-endstation_ax7101_1x1_tdm8/contract/KL_mbx.sv (2 interfaces)
wrote $PACKET/scratch/other/work/build/srp-srp_latency-if2-endstation_ax7101_1x1_tdm8/contract/mbx_contract.h (2 interfaces)
[ok] latency-leave-origin: SrpLatency.OriginalLeaveDeadlineSurvivesCoalescedBacklog / Unexpected mock function call
wrote $PACKET/scratch/other/work/build/srp-srp_latency-if2-endstation_ax7101_1x1_tdm8/contract/KL_mbx_pkg.sv (2 interfaces)
wrote $PACKET/scratch/other/work/build/srp-srp_latency-if2-endstation_ax7101_1x1_tdm8/contract/KL_mbx.sv (2 interfaces)
wrote $PACKET/scratch/other/work/build/srp-srp_latency-if2-endstation_ax7101_1x1_tdm8/contract/mbx_contract.h (2 interfaces)
[ok] latency-relaxed-budget: SrpLatency.FullRingRetainsOriginalOriginAndElevenMillisecondStallFails / service_limit
wrote $PACKET/scratch/other/work/build/srp-srp_walk-if2-endstation_ax7101_1x1_tdm8/contract/KL_mbx_pkg.sv (2 interfaces)
wrote $PACKET/scratch/other/work/build/srp-srp_walk-if2-endstation_ax7101_1x1_tdm8/contract/KL_mbx.sv (2 interfaces)
wrote $PACKET/scratch/other/work/build/srp-srp_walk-if2-endstation_ax7101_1x1_tdm8/contract/mbx_contract.h (2 interfaces)
[ok] walk-domain-ignored: SrpWalk.CertifiedTwoClassDomainVectorAdoptsOnlyClassA / domain.vid
wrote $PACKET/scratch/other/work/build/srp-srp_walk-if2-endstation_ax7101_1x1_tdm8/contract/KL_mbx_pkg.sv (2 interfaces)
wrote $PACKET/scratch/other/work/build/srp-srp_walk-if2-endstation_ax7101_1x1_tdm8/contract/KL_mbx.sv (2 interfaces)
wrote $PACKET/scratch/other/work/build/srp-srp_walk-if2-endstation_ax7101_1x1_tdm8/contract/mbx_contract.h (2 interfaces)
[ok] walk-match-da-ignored: SrpWalk.StreamMatcherNearMissSwapAndImmediateWithdrawal / declared
wrote $PACKET/scratch/other/work/build/srp-srp_walk-if2-endstation_ax7101_1x1_tdm8/contract/KL_mbx_pkg.sv (2 interfaces)
wrote $PACKET/scratch/other/work/build/srp-srp_walk-if2-endstation_ax7101_1x1_tdm8/contract/KL_mbx.sv (2 interfaces)
wrote $PACKET/scratch/other/work/build/srp-srp_walk-if2-endstation_ax7101_1x1_tdm8/contract/mbx_contract.h (2 interfaces)
[ok] walk-leave-shortened: SrpWalk.RunBLeaveAllLanesPreserveTheRedeclaredListener / Unexpected mock function call
wrote $PACKET/scratch/other/work/build/srp-srp_walk-if2-endstation_ax7101_1x1_tdm8/contract/KL_mbx_pkg.sv (2 interfaces)
wrote $PACKET/scratch/other/work/build/srp-srp_walk-if2-endstation_ax7101_1x1_tdm8/contract/KL_mbx.sv (2 interfaces)
wrote $PACKET/scratch/other/work/build/srp-srp_walk-if2-endstation_ax7101_1x1_tdm8/contract/mbx_contract.h (2 interfaces)
[ok] walk-startup-is-join: SrpWalk.ProcessorApplicantTransmitAndReceivedRowsAgreeOnTheWire / d.event
wrote $PACKET/scratch/other/work/build/srp-srp_walk-if2-endstation_ax7101_1x1_tdm8/contract/KL_mbx_pkg.sv (2 interfaces)
wrote $PACKET/scratch/other/work/build/srp-srp_walk-if2-endstation_ax7101_1x1_tdm8/contract/KL_mbx.sv (2 interfaces)
wrote $PACKET/scratch/other/work/build/srp-srp_walk-if2-endstation_ax7101_1x1_tdm8/contract/mbx_contract.h (2 interfaces)
[ok] walk-malformed-uncounted: SrpWalk.PerInterfaceWireIdentityAndUnknownOrTruncatedInput / adapter.malformed
wrote $PACKET/scratch/other/work/build/srp-srp_shape-if2-endstation_ax7101_1x1_tdm8/contract/KL_mbx_pkg.sv (2 interfaces)
wrote $PACKET/scratch/other/work/build/srp-srp_shape-if2-endstation_ax7101_1x1_tdm8/contract/KL_mbx.sv (2 interfaces)
wrote $PACKET/scratch/other/work/build/srp-srp_shape-if2-endstation_ax7101_1x1_tdm8/contract/mbx_contract.h (2 interfaces)
[ok] shape-last-output-missing: EveryGeneratedOutputIsDeclaredAndEverySinkFits / outputs
ALL CAUGHT
