# issue #475: every port constrained IOB TRUE, after placement
FAIL  eth0_rx_dv: IN, no register reads the pad, only: alinx_ax7101_LUT2_212 (LUT2 @ SLICE_X3Y52), alinx_ax7101_LUT4_98 (LUT4 @ SLICE_X3Y52), alinx_ax7101_LUT5_219 (LUT5 @ SLICE_X8Y26), alinx_ax7101_LUT6_1497 (LUT6 @ SLICE_X8Y26), milansoc_ethact_tgl_i_1 (LUT3 @ SLICE_X7Y27), subfragments_rxdatapath_liteethmacpreamblechecker_state_i_2 (LUT4 @ SLICE_X7Y27)
INERT eth0_rx_er: IN, the port has no net: nothing drives or reads the pin
PASS  eth0_rx_data[0]: IN, milansoc_phy_source_payload_data_reg[0] (FDRE @ ILOGIC_X0Y120)
PASS  eth0_rx_data[1]: IN, milansoc_phy_source_payload_data_reg[1] (FDRE @ ILOGIC_X0Y137)
PASS  eth0_rx_data[2]: IN, milansoc_phy_source_payload_data_reg[2] (FDRE @ ILOGIC_X0Y138)
PASS  eth0_rx_data[3]: IN, milansoc_phy_source_payload_data_reg[3] (FDRE @ ILOGIC_X0Y130)
PASS  eth0_rx_data[4]: IN, milansoc_phy_source_payload_data_reg[4] (FDRE @ ILOGIC_X0Y129)
PASS  eth0_rx_data[5]: IN, milansoc_phy_source_payload_data_reg[5] (FDRE @ ILOGIC_X0Y114)
PASS  eth0_rx_data[6]: IN, milansoc_phy_source_payload_data_reg[6] (FDRE @ ILOGIC_X0Y113)
PASS  eth0_rx_data[7]: IN, milansoc_phy_source_payload_data_reg[7] (FDRE @ ILOGIC_X0Y115)
PASS  eth0_tx_data[0]: OUT, eth0_tx_data_reg[0] (FDRE @ OLOGIC_X0Y155)
PASS  eth0_tx_data[1]: OUT, eth0_tx_data_reg[1] (FDRE @ OLOGIC_X0Y134)
PASS  eth0_tx_data[2]: OUT, eth0_tx_data_reg[2] (FDRE @ OLOGIC_X0Y135)
PASS  eth0_tx_data[3]: OUT, eth0_tx_data_reg[3] (FDRE @ OLOGIC_X0Y136)
PASS  eth0_tx_data[4]: OUT, eth0_tx_data_reg[4] (FDRE @ OLOGIC_X0Y131)
PASS  eth0_tx_data[5]: OUT, eth0_tx_data_reg[5] (FDRE @ OLOGIC_X0Y122)
PASS  eth0_tx_data[6]: OUT, eth0_tx_data_reg[6] (FDRE @ OLOGIC_X0Y123)
PASS  eth0_tx_data[7]: OUT, eth0_tx_data_reg[7] (FDRE @ OLOGIC_X0Y121)
PASS  eth0_tx_en: OUT, eth0_tx_en_reg (FDRE @ OLOGIC_X0Y151)
PASS  tdm_bclk: OUT, milan_datapath/g_aif_tdm_master.g_solo.aaf_capture/bclk_r_reg (FDRE @ OLOGIC_X0Y168)
PASS  tdm_dout: OUT, milan_datapath/g_tdm_render_live.g_master.chan_tdm_render/tdm_dout_o_reg (FDRE @ OLOGIC_X0Y167)
PASS  tdm_fsync: OUT, milan_datapath/g_aif_tdm_master.g_solo.aaf_capture/fsync_r_reg (FDSE @ OLOGIC_X0Y164)
