./obj_dir/Vmilan_dp_sim
=== milan_datapath integration harness (§A.9 wrapper) ===
[CSR] identity + reset values
  [PASS] ID == 'MILN'                       got=0x4d494c4e exp=0x4d494c4e
  [PASS] VERSION                            got=0x00020060 exp=0x00020060
  [PASS] LINKG unarmed                      got=0x00000003 exp=0x00000003
[CSR] eth guard: refused levers, magic unguard, junk re-arm
  [PASS] GUARD armed at reset               got=0x00000001 exp=0x00000001
  [PASS] PHY_RST write REFUSED while guarded got=0x00000001 exp=0x00000001
  [PASS] LINK_CTRL[1] masked while guarded  got=0x00000001 exp=0x00000001
  [PASS] magic unguards                     got=0x00000000 exp=0x00000000
  [PASS] PHY_RST write accepted unguarded   got=0x00000000 exp=0x00000000
  [PASS] junk write re-arms the guard       got=0x00000001 exp=0x00000001
  [PASS] unguarded for the suite            got=0x00000000 exp=0x00000000
  [PASS] CAP.ADP bit12                      got=0x00000001 exp=0x00000001
  [PASS] CAP.TCAM bit13                     got=0x00000001 exp=0x00000001
[CSR] program classifier (identity map)
  [PASS] CLS_REGEN readback                 got=0x00fac688 exp=0x00fac688
  [PASS] CLS_TCQ   readback                 got=0x000000e4 exp=0x000000e4
[BOOT] PP_CTRL[1] starts the restore walk the listener waits for
  [PASS] PP_STAT[2] the restore walk sequenced got=0x00000001 exp=0x00000001
[ADP] served by the protocol processor; diag words are structural zeros
  [PASS] A_ADP_DIAG 0x668 is a STRUCTURAL ZERO (no advertiser) got=0x00000000 exp=0x00000000
  [PASS] A_ADP_DIAG2 0x674 is a STRUCTURAL ZERO (no advertiser) got=0x00000000 exp=0x00000000
  [GAP]  ADP advertisement cadence is unreachable at the silicon millisecond (T-ADP-DELAY-START is a 0..2000 ms PRNG draw = up to 2e8 cycles; measured: no ADPDU in 4e7). A_ADP_STATUS reads 0x00000000. The ADPDU decode lives in tb/verilator/pp_shadow.
[ADP] shape 0x618=0x40010001 0x61C=0x48010002 (N_STREAMS=1, CRF source no, CRF sink yes)
  [PASS] 0x618 RO shape word derives from the config got=0x40010001 exp=0x40010001
  [PASS] 0x61C RO shape word derives from the config got=0x48010002 exp=0x48010002
  [PASS] 0x618 refuses the poke             got=0x40010001 exp=0x40010001
  [PASS] 0x61C refuses the poke             got=0x48010002 exp=0x48010002
[ACMP] GET_TX_STATE -> RESPONSE through datapath
  [PASS] ACMP response emerged on MAC port  got=0x00000001 exp=0x00000001
  [PASS] ACMP response is 9 beats           got=0x00000009 exp=0x00000009
  [PASS] ACMP dst multicast                 got=0x01f0e091 exp=0x01f0e091
  [PASS] ACMP subtype 0xFC                  got=0x000000fc exp=0x000000fc
  [PASS] ACMP msg GET_TX_STATE_RESPONSE(5)  got=0x00000005 exp=0x00000005
  [PASS] ACMP status SUCCESS + cdl 44       got=0x00002c00 exp=0x00002c00
  [PASS] ACMP connection_count 0            got=0x00000000 exp=0x00000000
  [PASS] ACMP sequence echoed               got=0x00002b1a exp=0x00002b1a
  [PASS] 0x650 ACMP_STAT is a STRUCTURAL ZERO (no PDU counters) got=0x00000000 exp=0x00000000
  [PASS] PP_DIAG: the plane ACCEPTED control frames (rx_frames > 0) got=0x00000001 exp=0x00000001
  [PASS] PP_DIAG: and it SENT some (tx_frames > 0) got=0x00000001 exp=0x00000001
  [PASS] PP_DIAG: nothing was lost to a full control FIFO got=0x00000000 exp=0x00000000
[IRQ] o_irq_csr is driven
  [PASS] o_irq_csr defined (0/1)            got=0x00000001 exp=0x00000001
[PTP] retained PHC CSR control
  [PASS] PHC adjfine owns the rate          got=0x00000001 exp=0x00000001
  [PASS] PHC adjtime hops the counter       got=0x00000001 exp=0x00000001
[MILAN-TALKER] the admission gate, and the bypass escape
  [PASS] gate closed pre-probe (CSR)        got=0x00000000 exp=0x00000000
  [PASS] MAC silent while gated             got=0x00000000 exp=0x00000000
  [PASS] PROBE response emerged             got=0x00000001 exp=0x00000001
  [PASS] PROBE response 9 beats             got=0x00000009 exp=0x00000009
  [PASS] PROBE msg RESPONSE(1)              got=0x00000001 exp=0x00000001
  [PASS] PROBE status TALKER_DEST_MAC_FAILED(3) - no DA held got=0x00000003 exp=0x00000003
  [PASS] gate ST
sim_pool: ./obj_dir/Vmilan_dp_sim was killed by this runner on SIGTERM; its output above is incomplete
---- Milan 5.4.5 notifications and the #508 GET_STREAM_INFO seam, TIMED on the compressed processor timebase ----
./obj_notify/Vmilan_dp_notify
sim_pool: ./obj_notify/Vmilan_dp_notify was killed by this runner on SIGTERM; its output above is incomplete
sim_pool: ./obj_crflic/Vmilan_dp_crflic was not started before SIGTERM
sim_pool: ./obj_nxn/Vmilan_dp_nxn was not started before SIGTERM
sim_pool: ./obj_nxndv/Vmilan_dp_nxndv was not started before SIGTERM
sim_pool: ./obj_nxn8/Vmilan_dp_nxn8 was not started before SIGTERM
sim_pool: ./obj_nxn4c/Vmilan_dp_nxn4c was not started before SIGTERM
sim_pool: ./obj_nolpf/Vmilan_dp_nolpf was not started before SIGTERM
sim_pool: ./obj_prune/Vmilan_dp_prune was not started before SIGTERM
sim_pool: ./obj_ax1x1/Vmilan_dp_ax1x1 was not started before SIGTERM
sim_pool: ./obj_aclk/Vmilan_dp_aclk was not started before SIGTERM
