# mutant Y-no-write-when-invalid on hdl/acmp/KL_acmp_nvm_shadow.sv at f8d30ecf44e3c1bb50bdc3a452e40d43d663f7f3
# - "  assign c1_diff_w  = (c1_vld_r != valid_r[c1_sink_r])\n                    || (c1_vld_r && (SHW_W_C'(c1_proj_r) != cmp_data_w));"
# + "  assign c1_diff_w  = valid_r[c1_sink_r] && ((c1_vld_r != valid_r[c1_sink_r]) || (SHW_W_C'(c1_proj_r) != cmp_data_w));"
# make run in tb/acmp_nvm: exit 2
python3 ../../hdl/acmp/rom/gen_ltn_rom.py -o ltn_rom.hex
wrote ltn_rom.hex: 128 x 32 b, 112 F05.3 cells
$VALIDATION_STORAGE/372-manager-candidate1/pinned-tool-bin/verilator --cc --exe --build -j 2 --top-module acmp_nvm_wrap -Wall -Wno-fatal -Wno-DECLFILENAME -Wno-UNUSEDSIGNAL -Wno-WIDTHEXPAND -Wno-WIDTHTRUNC -Wno-UNUSEDPARAM -GDEB_TICKS_P=50 -GRS_TMO_CYC_P=3000 -CFLAGS "-std=c++17 -O2 -I$REVIEWS/pp92-r278-2-packet/scratch/mut/Y-no-write-when-invalid/tb/acmp_nvm -Wall -Wextra" ../../hdl/common/pp_pkg.sv ../../hdl/acmp/pp_acmp_pkg.sv ../../hdl/acmp/KL_pp_acmp_listener.sv ../../hdl/acmp/KL_pp_acmp_lsn_admit.sv ../../hdl/acmp/KL_acmp_nvm_shadow.sv ../../hdl/packet_engine/KL_pp_nvm_port.sv ../../hdl/packet_engine/KL_pp_nvm_mgr_arb.sv acmp_nvm_wrap.sv sim_main.cpp -o Vacmp_nvm_sim
make[1]: Entering directory '$REVIEWS/pp92-r278-2-packet/scratch/mut/Y-no-write-when-invalid/tb/acmp_nvm/obj_dir'
g++  -I.  -MMD -I$WORKSPACE_HOME/.local/share/containers/storage/overlay/9517af577e2019496be7a9f3df0cdeafba0a4f827989b59cb358abf6403fbbde/diff/usr/share/verilator/include -I$WORKSPACE_HOME/.local/share/containers/storage/overlay/9517af577e2019496be7a9f3df0cdeafba0a4f827989b59cb358abf6403fbbde/diff/usr/share/verilator/include/vltstd -DVERILATOR=1 -DVM_COVERAGE=0 -DVM_SC=0 -DVM_TIMING=0 -DVM_TRACE=0 -DVM_TRACE_FST=0 -DVM_TRACE_VCD=0 -DVM_TRACE_SAIF=0 -DVM_VPI=0 -faligned-new -fcf-protection=none -Wno-bool-operation -Wno-int-in-bool-context -Wno-shadow -Wno-sign-compare -Wno-subobject-linkage -Wno-tautological-compare -Wno-uninitialized -Wno-unused-but-set-parameter -Wno-unused-but-set-variable -Wno-unused-parameter -Wno-unused-variable    -std=c++17 -O2 -I$REVIEWS/pp92-r278-2-packet/scratch/mut/Y-no-write-when-invalid/tb/acmp_nvm -Wall -Wextra   -Os  -c -o sim_main.o ../sim_main.cpp
g++ -Os  -I.  -MMD -I$WORKSPACE_HOME/.local/share/containers/storage/overlay/9517af577e2019496be7a9f3df0cdeafba0a4f827989b59cb358abf6403fbbde/diff/usr/share/verilator/include -I$WORKSPACE_HOME/.local/share/containers/storage/overlay/9517af577e2019496be7a9f3df0cdeafba0a4f827989b59cb358abf6403fbbde/diff/usr/share/verilator/include/vltstd -DVERILATOR=1 -DVM_COVERAGE=0 -DVM_SC=0 -DVM_TIMING=0 -DVM_TRACE=0 -DVM_TRACE_FST=0 -DVM_TRACE_VCD=0 -DVM_TRACE_SAIF=0 -DVM_VPI=0 -faligned-new -fcf-protection=none -Wno-bool-operation -Wno-int-in-bool-context -Wno-shadow -Wno-sign-compare -Wno-subobject-linkage -Wno-tautological-compare -Wno-uninitialized -Wno-unused-but-set-parameter -Wno-unused-but-set-variable -Wno-unused-parameter -Wno-unused-variable    -std=c++17 -O2 -I$REVIEWS/pp92-r278-2-packet/scratch/mut/Y-no-write-when-invalid/tb/acmp_nvm -Wall -Wextra   -c -o verilated.o $WORKSPACE_HOME/.local/share/containers/storage/overlay/9517af577e2019496be7a9f3df0cdeafba0a4f827989b59cb358abf6403fbbde/diff/usr/share/verilator/include/verilated.cpp
g++ -Os  -I.  -MMD -I$WORKSPACE_HOME/.local/share/containers/storage/overlay/9517af577e2019496be7a9f3df0cdeafba0a4f827989b59cb358abf6403fbbde/diff/usr/share/verilator/include -I$WORKSPACE_HOME/.local/share/containers/storage/overlay/9517af577e2019496be7a9f3df0cdeafba0a4f827989b59cb358abf6403fbbde/diff/usr/share/verilator/include/vltstd -DVERILATOR=1 -DVM_COVERAGE=0 -DVM_SC=0 -DVM_TIMING=0 -DVM_TRACE=0 -DVM_TRACE_FST=0 -DVM_TRACE_VCD=0 -DVM_TRACE_SAIF=0 -DVM_VPI=0 -faligned-new -fcf-protection=none -Wno-bool-operation -Wno-int-in-bool-context -Wno-shadow -Wno-sign-compare -Wno-subobject-linkage -Wno-tautological-compare -Wno-uninitialized -Wno-unused-but-set-parameter -Wno-unused-but-set-variable -Wno-unused-parameter -Wno-unused-variable    -std=c++17 -O2 -I$REVIEWS/pp92-r278-2-packet/scratch/mut/Y-no-write-when-invalid/tb/acmp_nvm -Wall -Wextra   -c -o verilated_threads.o $WORKSPACE_HOME/.local/share/containers/storage/overlay/9517af577e2019496be7a9f3df0cdeafba0a4f827989b59cb358abf6403fbbde/diff/usr/share/verilator/include/verilated_threads.cpp
python3 $WORKSPACE_HOME/.local/share/containers/storage/overlay/9517af577e2019496be7a9f3df0cdeafba0a4f827989b59cb358abf6403fbbde/diff/usr/share/verilator/bin/verilator_includer -DVL_INCLUDE_OPT=include Vacmp_nvm_wrap.cpp Vacmp_nvm_wrap___024root__0.cpp Vacmp_nvm_wrap__ConstPool__0__Slow.cpp Vacmp_nvm_wrap___024root__Slow.cpp Vacmp_nvm_wrap___024root__0__Slow.cpp Vacmp_nvm_wrap__Syms__Slow.cpp > Vacmp_nvm_wrap__ALL.cpp
g++ -Os  -I.  -MMD -I$WORKSPACE_HOME/.local/share/containers/storage/overlay/9517af577e2019496be7a9f3df0cdeafba0a4f827989b59cb358abf6403fbbde/diff/usr/share/verilator/include -I$WORKSPACE_HOME/.local/share/containers/storage/overlay/9517af577e2019496be7a9f3df0cdeafba0a4f827989b59cb358abf6403fbbde/diff/usr/share/verilator/include/vltstd -DVERILATOR=1 -DVM_COVERAGE=0 -DVM_SC=0 -DVM_TIMING=0 -DVM_TRACE=0 -DVM_TRACE_FST=0 -DVM_TRACE_VCD=0 -DVM_TRACE_SAIF=0 -DVM_VPI=0 -faligned-new -fcf-protection=none -Wno-bool-operation -Wno-int-in-bool-context -Wno-shadow -Wno-sign-compare -Wno-subobject-linkage -Wno-tautological-compare -Wno-uninitialized -Wno-unused-but-set-parameter -Wno-unused-but-set-variable -Wno-unused-parameter -Wno-unused-variable    -std=c++17 -O2 -I$REVIEWS/pp92-r278-2-packet/scratch/mut/Y-no-write-when-invalid/tb/acmp_nvm -Wall -Wextra   -c -o Vacmp_nvm_wrap__ALL.o Vacmp_nvm_wrap__ALL.cpp
g++    sim_main.o verilated.o verilated_threads.o Vacmp_nvm_wrap__ALL.a    -pthread -lpthread -latomic   -o Vacmp_nvm_sim
rm Vacmp_nvm_wrap__ALL.verilator_deplist.tmp
make[1]: Leaving directory '$REVIEWS/pp92-r278-2-packet/scratch/mut/Y-no-write-when-invalid/tb/acmp_nvm/obj_dir'
- V e r i l a t i o n   R e p o r t: Verilator 5.050 2026-07-01 rev v5.050
- Verilator: Built from 0.769 MB sources in 9 modules, into 0.466 MB in 6 C++ files needing 0.001 MB
- Verilator: Walltime 6.861 s (elab=0.013, cvt=0.067, bld=6.740); cpu 0.130 s on 2 threads; allocated 221.074 MB
./obj_dir/Vacmp_nvm_sim
FAIL: B2 change marked dirty
FAIL: B3 burst released after T-NVM-DEBOUNCE
FAIL: B4 three changes coalesce to ONE burst of two records (got 0)
FAIL: B5 each commit is ERASE then WRITE
FAIL: B6 sink 2 record byte-exact vs the model (latest fields win)
FAIL: B7 sink 5 record byte-exact vs the model
FAIL: D1 unbind commits after the window
FAIL: D2 unbind record byte-exact (valid=0 payload)
FAIL: D3 exactly one ERASE+WRITE for the unbind
FAIL: E1 errored commit is retried and lands
FAIL: E2 retried record byte-exact
FAIL: E4 retries exhausted -> sticky side-port alarm
FAIL: E6 the engine still commits after an alarm
FAIL: E7 post-alarm record byte-exact
FAIL: G6 live capture still commits after an aborted restore
FAIL: G7 post-abort record byte-exact
FAIL: H4 both live changes marked touched
FAIL: H5 a changed sink is never preloaded (ordering)
FAIL: H6 the six unchanged sinks preload (got 7)
FAIL: H8 the live changes flush after the restore
FAIL: H10 sink 6 NVM ends at the LIVE value, not the restored one
FAIL: X1 the accepted change raises the unflushed vector
FAIL: X1b only the changed sink reads unflushed (0x00)
FAIL: X2 the change was committed and stopped reading unflushed
FAIL: X3 the unflushed bit falls on the commit's done, not before it
FAIL: X3b the record that cleared the bit is byte-exact
FAIL: X4 the change that will be given up reads unflushed first
FAIL: X5b the give-up raises alarm_o on the cycle it clears the bit
FAIL: N3 a record read the device never answers: the port stays quarantined and a later change stays pending, never written
FAIL: N5b the walk's first byte one cycle after the deadline: the next operation is issued only after the drained one ended (drain 317338..317370, erase at -1)
FAIL: N5b the walk's first byte one cycle after the deadline: the later change persists and the saved records stay
FAIL: N5c the abandoned read ended 2000 cycles after the deadline: until the device answers the port stays drained and the change pending, never written
FAIL: N5c the abandoned read ended 2000 cycles after the deadline: the change is issued only after the drained read ended (drain 344563..346604, erase at -1)
FAIL: N5c the abandoned read ended 2000 cycles after the deadline: the change then persists and the saved records stay
FAIL: N5c the abandoned read ended 2000 cycles after the deadline: a reset restores all three: sink 2 not restored as saved; 2 preloads, want 3
349 checks: 314 PASS, 35 FAIL
%Warning-PINCONNECTEMPTY: acmp_nvm_wrap.sv:462:8: Instance pin connected by name with empty reference: 'tmr_arm_slot_o'
  462 |       .tmr_arm_slot_o       (),
      |        ^~~~~~~~~~~~~~
                          ... For warning description see https://verilator.org/warn/PINCONNECTEMPTY?v=5.050
                          ... Use "/* verilator lint_off PINCONNECTEMPTY */" and lint_on around source to disable this message.
%Warning-PINCONNECTEMPTY: acmp_nvm_wrap.sv:464:8: Instance pin connected by name with empty reference: 'tmr_arm_deadline_ms_o'
  464 |       .tmr_arm_deadline_ms_o(),
      |        ^~~~~~~~~~~~~~~~~~~~~
%Warning-PINCONNECTEMPTY: acmp_nvm_wrap.sv:469:8: Instance pin connected by name with empty reference: 'draw_kind_o'
  469 |       .draw_kind_o          (),
      |        ^~~~~~~~~~~
%Warning-PINCONNECTEMPTY: acmp_nvm_wrap.sv:480:8: Instance pin connected by name with empty reference: 'txs_oversize_o'
  480 |       .txs_oversize_o       (),
      |        ^~~~~~~~~~~~~~
%Warning-PINCONNECTEMPTY: acmp_nvm_wrap.sv:494:8: Instance pin connected by name with empty reference: 'act_settle_sid_o'
  494 |       .act_settle_sid_o     (),
      |        ^~~~~~~~~~~~~~~~
%Warning-PINCONNECTEMPTY: acmp_nvm_wrap.sv:495:8: Instance pin connected by name with empty reference: 'act_settle_da_o'
  495 |       .act_settle_da_o      (),
      |        ^~~~~~~~~~~~~~~
%Warning-PINCONNECTEMPTY: acmp_nvm_wrap.sv:496:8: Instance pin connected by name with empty reference: 'act_settle_vlan_o'
  496 |       .act_settle_vlan_o    (),
      |        ^~~~~~~~~~~~~~~~~
%Warning-PINCONNECTEMPTY: acmp_nvm_wrap.sv:501:8: Instance pin connected by name with empty reference: 'act_nvm_o'
  501 |       .act_nvm_o            (),
      |        ^~~~~~~~~
%Warning-PINCONNECTEMPTY: acmp_nvm_wrap.sv:502:8: Instance pin connected by name with empty reference: 'act_nvm_set_o'
  502 |       .act_nvm_set_o        (),
      |        ^~~~~~~~~~~~~
%Warning-PINCONNECTEMPTY: acmp_nvm_wrap.sv:504:8: Instance pin connected by name with empty reference: 'act_sink_o'
  504 |       .act_sink_o           (),
      |        ^~~~~~~~~~
%Warning-PINCONNECTEMPTY: acmp_nvm_wrap.sv:506:8: Instance pin connected by name with empty reference: 'dbg_strq_drop_o'
  506 |       .dbg_strq_drop_o      (),
      |        ^~~~~~~~~~~~~~~
%Warning-PINCONNECTEMPTY: acmp_nvm_wrap.sv:507:8: Instance pin connected by name with empty reference: 'act_strt_chg_o'
  507 |       .act_strt_chg_o       (),
      |        ^~~~~~~~~~~~~~
%Warning-PINCONNECTEMPTY: acmp_nvm_wrap.sv:508:8: Instance pin connected by name with empty reference: 'act_strt_cmd_chg_o'
  508 |       .act_strt_cmd_chg_o   (),
      |        ^~~~~~~~~~~~~~~~~~
make: *** [Makefile:30: run] Error 1
