Copyright 1986-2022 Xilinx, Inc. All Rights Reserved. Copyright 2022-2026 Advanced Micro Devices, Inc. All Rights Reserved.
---------------------------------------------------------------------------------------------------------------------------------------------
| Tool Version : Vivado v.2026.1 (lin64) Build 6511674 Tue Jun 16 11:01:26 MDT 2026
| Date         : Thu Sep 24 22:14:21 2026
| Host         : archlinux running 64-bit unknown
| Command      : report_timing_summary -delay_type max -max_paths 3 -file timing.rpt
| Design       : protocol_processor_top
| Device       : 7a100t-fgg484
| Speed File   : -2  PRODUCTION 1.23 2018-06-13
| Design State : Synthesized
---------------------------------------------------------------------------------------------------------------------------------------------

Timing Summary Report

------------------------------------------------------------------------------------------------
| Timer Settings
| --------------
------------------------------------------------------------------------------------------------

  Enable Multi Corner Analysis               :  Yes
  Enable Pessimism Removal                   :  Yes
  Pessimism Removal Resolution               :  Nearest Common Node
  Enable Input Delay Default Clock           :  No
  Enable Preset / Clear Arcs                 :  No
  Disable Flight Delays                      :  No
  Ignore I/O Paths                           :  No
  Timing Early Launch at Borrowing Latches   :  No
  Borrow Time for Max Delay Exceptions       :  Yes
  Merge Timing Exceptions                    :  Yes
  Inter-SLR Compensation                     :  Conservative

  Corner  Analyze    Analyze    
  Name    Max Paths  Min Paths  
  ------  ---------  ---------  
  Slow    Yes        Yes        
  Fast    Yes        Yes        


------------------------------------------------------------------------------------------------
| Report Methodology
| ------------------
------------------------------------------------------------------------------------------------

No report available as report_methodology has not been run prior. Run report_methodology on the current design for the summary of methodology violations.



check_timing report

Table of Contents
-----------------
1. checking no_clock (0)
2. checking constant_clock (0)
3. checking pulse_width_clock (0)
4. checking unconstrained_internal_endpoints (0)
5. checking no_input_delay (1698)
6. checking no_output_delay (5121)
7. checking multiple_clock (0)
8. checking generated_clocks (0)
9. checking loops (0)
10. checking partial_input_delay (0)
11. checking partial_output_delay (0)
12. checking latch_loops (0)

1. checking no_clock (0)
------------------------
 There are 0 register/latch pins with no clock.


2. checking constant_clock (0)
------------------------------
 There are 0 register/latch pins with constant_clock.


3. checking pulse_width_clock (0)
---------------------------------
 There are 0 register/latch pins which need pulse_width check


4. checking unconstrained_internal_endpoints (0)
------------------------------------------------
 There are 0 pins that are not constrained for maximum delay.

 There are 0 pins that are not constrained for maximum delay due to constant clock.


5. checking no_input_delay (1698)
---------------------------------
 There are 1698 input ports with no input delay specified. (HIGH)

 There are 0 input ports with no input delay but user has a false path constraint.


6. checking no_output_delay (5121)
----------------------------------
 There are 5121 ports with no output delay specified. (HIGH)

 There are 0 ports with no output delay but user has a false path constraint

 There are 0 ports with no output delay but with a timing clock defined on it or propagating through it


7. checking multiple_clock (0)
------------------------------
 There are 0 register/latch pins with multiple clocks.


8. checking generated_clocks (0)
--------------------------------
 There are 0 generated clocks that are not connected to a clock source.


9. checking loops (0)
---------------------
 There are 0 combinational loops in the design.


10. checking partial_input_delay (0)
------------------------------------
 There are 0 input ports with partial input delay specified.


11. checking partial_output_delay (0)
-------------------------------------
 There are 0 ports with partial output delay specified.


12. checking latch_loops (0)
----------------------------
 There are 0 combinational latch loops in the design through latch input



------------------------------------------------------------------------------------------------
| Design Timing Summary
| ---------------------
------------------------------------------------------------------------------------------------

    WNS(ns)      TNS(ns)  TNS Failing Endpoints  TNS Total Endpoints     WPWS(ns)     TPWS(ns)  TPWS Failing Endpoints  TPWS Total Endpoints  
    -------      -------  ---------------------  -------------------     --------     --------  ----------------------  --------------------  
     -8.192    -4444.392                   3077                73648        3.870        0.000                       0                 33514  


Timing constraints are not met.


------------------------------------------------------------------------------------------------
| Clock Summary
| -------------
------------------------------------------------------------------------------------------------

Clock  Waveform(ns)       Period(ns)      Frequency(MHz)
-----  ------------       ----------      --------------
clk    {0.000 5.000}      10.000          100.000         


------------------------------------------------------------------------------------------------
| Intra Clock Table
| -----------------
------------------------------------------------------------------------------------------------

Clock             WNS(ns)      TNS(ns)  TNS Failing Endpoints  TNS Total Endpoints     WPWS(ns)     TPWS(ns)  TPWS Failing Endpoints  TPWS Total Endpoints  
-----             -------      -------  ---------------------  -------------------     --------     --------  ----------------------  --------------------  
clk                -8.192    -4444.392                   3077                73648        3.870        0.000                       0                 33514  


------------------------------------------------------------------------------------------------
| Inter Clock Table
| -----------------
------------------------------------------------------------------------------------------------

From Clock    To Clock          WNS(ns)      TNS(ns)  TNS Failing Endpoints  TNS Total Endpoints  
----------    --------          -------      -------  ---------------------  -------------------  


------------------------------------------------------------------------------------------------
| Other Path Groups Table
| -----------------------
------------------------------------------------------------------------------------------------

Path Group    From Clock    To Clock          WNS(ns)      TNS(ns)  TNS Failing Endpoints  TNS Total Endpoints  
----------    ----------    --------          -------      -------  ---------------------  -------------------  


------------------------------------------------------------------------------------------------
| Timing Details
| --------------
------------------------------------------------------------------------------------------------


---------------------------------------------------------------------------------------------------
From Clock:  clk
  To Clock:  clk

Setup :         3077  Failing Endpoints,  Worst Slack       -8.192ns,  Total Violation    -4444.392ns
Hold  :           NA  Failing Endpoints,  Worst Slack           NA  ,  Total Violation           NA
PW    :            0  Failing Endpoints,  Worst Slack        3.870ns,  Total Violation        0.000ns
---------------------------------------------------------------------------------------------------


Max Delay Paths
--------------------------------------------------------------------------------------
Slack (VIOLATED) :        -8.192ns  (required time - arrival time)
  Source:                 u_notify/ctr_pend_r_reg[4]/C
                            (rising edge-triggered cell FDRE clocked by clk  {rise@0.000ns fall@5.000ns period=10.000ns})
  Destination:            u_event_router/sel_r_reg[0]/CE
                            (rising edge-triggered cell FDRE clocked by clk  {rise@0.000ns fall@5.000ns period=10.000ns})
  Path Group:             clk
  Path Type:              Setup (Max at Slow Process Corner)
  Requirement:            10.000ns  (clk rise@10.000ns - clk rise@0.000ns)
  Data Path Delay:        17.952ns  (logic 4.652ns (25.914%)  route 13.300ns (74.086%))
  Logic Levels:           32  (CARRY4=2 LUT4=5 LUT5=2 LUT6=22 MUXF7=1)
  Clock Path Skew:        -0.039ns (DCD - SCD + CPR)
    Destination Clock Delay (DCD):    0.748ns = ( 10.748 - 10.000 ) 
    Source Clock Delay      (SCD):    0.787ns
    Clock Pessimism Removal (CPR):    0.000ns
  Clock Uncertainty:      0.035ns  ((TSJ^2 + TIJ^2)^1/2 + DJ) / 2 + PE
    Total System Jitter     (TSJ):    0.071ns
    Total Input Jitter      (TIJ):    0.000ns
    Discrete Jitter          (DJ):    0.000ns
    Phase Error              (PE):    0.000ns

    Location             Delay type                Incr(ns)  Path(ns)    Netlist Resource(s)
  -------------------------------------------------------------------    -------------------
                         (clock clk rise edge)        0.000     0.000 r  <hidden>
                                                      0.000     0.000 r  clk_i
                         net (fo=33514, unset)        0.787     0.787    u_notify/clk_i
                         FDRE                                         r  u_notify/ctr_pend_r_reg[4]/C
  -------------------------------------------------------------------    -------------------
                         FDRE (Prop_fdre_C_Q)         0.397     1.184 f  u_notify/ctr_pend_r_reg[4]/Q
                         net (fo=5, unplaced)         0.653     1.837    u_notify/p_1_in136_in
                         LUT4 (Prop_lut4_I1_O)        0.232     2.069 f  u_notify/ctr_pend_r[15]_i_12/O
                         net (fo=2, unplaced)         0.358     2.427    u_notify/ctr_pend_r[15]_i_12_n_0
                         LUT5 (Prop_lut5_I4_O)        0.105     2.532 f  u_notify/ctr_pend_r[17]_i_19/O
                         net (fo=13, unplaced)        0.397     2.929    u_notify/ctr_pend_r[17]_i_19_n_0
                         LUT6 (Prop_lut6_I3_O)        0.105     3.034 f  u_notify/cmdq_count_r[4]_i_15/O
                         net (fo=4, unplaced)         0.371     3.405    u_notify/cmdq_count_r[4]_i_15_n_0
                         LUT6 (Prop_lut6_I4_O)        0.105     3.510 f  u_notify/cmdq_count_r[4]_i_12/O
                         net (fo=14, unplaced)        0.398     3.908    u_notify/cmdq_count_r[4]_i_12_n_0
                         LUT6 (Prop_lut6_I2_O)        0.105     4.013 f  u_notify/cmdq_count_r[4]_i_9/O
                         net (fo=9, unplaced)         0.388     4.401    u_notify/cmdq_count_r[4]_i_9_n_0
                         LUT6 (Prop_lut6_I5_O)        0.105     4.506 r  u_notify/em_active_r_i_2/O
                         net (fo=6, unplaced)         0.379     4.885    u_aecp/u_resp/g_sub_end_r_reg[0]_2
                         LUT6 (Prop_lut6_I0_O)        0.105     4.990 r  u_aecp/u_resp/aecp_txn_valid_o_INST_0_i_9/O
                         net (fo=4, unplaced)         0.371     5.361    u_dispatch/u_acmp_q/aecp_eng_ready_w
                         LUT6 (Prop_lut6_I5_O)        0.105     5.466 r  u_dispatch/u_acmp_q/aecp_txn_valid_o_INST_0_i_2/O
                         net (fo=34, unplaced)        0.420     5.886    u_dispatch/u_acmp_q/sb_prefer_aecp_r_reg
                         LUT4 (Prop_lut4_I2_O)        0.105     5.991 r  u_dispatch/u_acmp_q/key_r[0][1]_i_1/O
                         net (fo=16, unplaced)        0.636     6.627    u_dispatch/u_acmp_q/out_data_r_reg[38]_0
                         LUT6 (Prop_lut6_I0_O)        0.105     6.732 r  u_dispatch/u_acmp_q/hz_conflict0_carry_i_1/O
                         net (fo=1, unplaced)         0.000     6.732    u_scoreboard/S[0]
                         CARRY4 (Prop_carry4_S[0]_CO[3])
                                                      0.423     7.155 r  u_scoreboard/hz_conflict0_carry/CO[3]
                         net (fo=1, unplaced)         0.000     7.155    u_scoreboard/hz_conflict0_carry_n_0
                         CARRY4 (Prop_carry4_CI_CO[1])
                                                      0.150     7.305 r  u_scoreboard/hz_conflict0_carry__0/CO[1]
                         net (fo=2, unplaced)         0.251     7.556    u_dispatch/u_acmp_q/aecp_txn_valid_o_INST_0_i_29[0]
                         LUT6 (Prop_lut6_I1_O)        0.277     7.833 r  u_dispatch/u_acmp_q/aecp_txn_valid_o_INST_0_i_62/O
                         net (fo=1, unplaced)         0.347     8.180    u_scoreboard/aecp_txn_valid_o_INST_0_i_11_0
                         LUT6 (Prop_lut6_I0_O)        0.105     8.285 r  u_scoreboard/aecp_txn_valid_o_INST_0_i_29/O
                         net (fo=1, unplaced)         0.347     8.632    u_scoreboard/aecp_txn_valid_o_INST_0_i_29_n_0
                         LUT6 (Prop_lut6_I1_O)        0.105     8.737 f  u_scoreboard/aecp_txn_valid_o_INST_0_i_11/O
                         net (fo=1, unplaced)         0.582     9.319    u_scoreboard/aecp_txn_valid_o_INST_0_i_11_n_0
                         LUT6 (Prop_lut6_I2_O)        0.105     9.424 f  u_scoreboard/aecp_txn_valid_o_INST_0_i_3/O
                         net (fo=18, unplaced)        0.385     9.809    u_scoreboard/aecp_txn_valid_o_INST_0_i_3_n_0
                         LUT6 (Prop_lut6_I0_O)        0.105     9.914 f  u_scoreboard/aecp_txn_valid_o_INST_0_i_1/O
                         net (fo=9, unplaced)         0.388    10.302    u_dispatch/u_aecp_q/sb_gnt_w
                         LUT4 (Prop_lut4_I0_O)        0.105    10.407 f  u_dispatch/u_aecp_q/sink_r[2]_i_5/O
                         net (fo=26, unplaced)        0.413    10.820    u_listener/lsn_txn_valid_w
                         LUT5 (Prop_lut5_I1_O)        0.105    10.925 r  u_listener/mem_r_reg_i_33__1/O
                         net (fo=6, unplaced)         0.379    11.304    u_event_router/lstn_evt_tk_ready_w
                         LUT6 (Prop_lut6_I4_O)        0.105    11.409 r  u_event_router/ptr_r[4]_i_3/O
                         net (fo=12, unplaced)        0.395    11.804    u_event_router/ptr_r[4]_i_3_n_0
                         LUT6 (Prop_lut6_I4_O)        0.105    11.909 r  u_event_router/ptr_r[4]_i_1/O
                         net (fo=194, unplaced)       0.894    12.803    u_event_router/base_w[4]
                         LUT6 (Prop_lut6_I1_O)        0.105    12.908 r  u_event_router/sel_r[4]_i_335/O
                         net (fo=1, unplaced)         0.782    13.690    u_event_router/sel_r[4]_i_335_n_0
                         LUT6 (Prop_lut6_I0_O)        0.105    13.795 r  u_event_router/sel_r[4]_i_245/O
                         net (fo=1, unplaced)         0.000    13.795    u_event_router/sel_r[4]_i_245_n_0
                         MUXF7 (Prop_muxf7_I0_O)      0.201    13.996 r  u_event_router/sel_r_reg[4]_i_161/O
                         net (fo=3, unplaced)         0.602    14.598    u_event_router/sel_r_reg[4]_i_161_n_0
                         LUT6 (Prop_lut6_I2_O)        0.242    14.840 f  u_event_router/sel_r[4]_i_233/O
                         net (fo=2, unplaced)         0.539    15.379    u_event_router/sel_r[4]_i_233_n_0
                         LUT6 (Prop_lut6_I1_O)        0.105    15.484 r  u_event_router/sel_r[4]_i_156/O
                         net (fo=10, unplaced)        0.390    15.874    u_event_router/sel_r[4]_i_156_n_0
                         LUT6 (Prop_lut6_I3_O)        0.105    15.979 r  u_event_router/sel_r[4]_i_195/O
                         net (fo=1, unplaced)         0.347    16.326    u_event_router/sel_r[4]_i_195_n_0
                         LUT6 (Prop_lut6_I2_O)        0.105    16.431 r  u_event_router/sel_r[4]_i_111/O
                         net (fo=1, unplaced)         0.347    16.778    u_event_router/sel_r[4]_i_111_n_0
                         LUT6 (Prop_lut6_I2_O)        0.105    16.883 f  u_event_router/sel_r[4]_i_45/O
                         net (fo=9, unplaced)         0.388    17.271    u_event_router/sel_r[4]_i_45_n_0
                         LUT6 (Prop_lut6_I2_O)        0.105    17.376 r  u_event_router/sel_r[4]_i_13/O
                         net (fo=16, unplaced)        0.401    17.777    u_event_router/sel_r[4]_i_13_n_0
                         LUT4 (Prop_lut4_I1_O)        0.105    17.882 f  u_event_router/sel_r[4]_i_4/O
                         net (fo=2, unplaced)         0.358    18.240    u_event_router/sel_r[4]_i_4_n_0
                         LUT4 (Prop_lut4_I2_O)        0.105    18.345 r  u_event_router/sel_r[4]_i_1/O
                         net (fo=5, unplaced)         0.394    18.739    u_event_router/sel_r[0]
                         FDRE                                         r  u_event_router/sel_r_reg[0]/CE
  -------------------------------------------------------------------    -------------------

                         (clock clk rise edge)       10.000    10.000 r  <hidden>
                                                      0.000    10.000 r  clk_i
                         net (fo=33514, unset)        0.748    10.748    u_event_router/clk_i
                         FDRE                                         r  u_event_router/sel_r_reg[0]/C
                         clock pessimism              0.000    10.748    <hidden>
                         clock uncertainty           -0.035    10.712    <hidden>
                         FDRE (Setup_fdre_C_CE)      -0.165    10.547    u_event_router/sel_r_reg[0]
  -------------------------------------------------------------------
                         required time                         10.547    <hidden>
                         arrival time                         -18.739    <hidden>
  -------------------------------------------------------------------
                         slack                                 -8.192    <hidden>

Slack (VIOLATED) :        -8.192ns  (required time - arrival time)
  Source:                 u_notify/ctr_pend_r_reg[4]/C
                            (rising edge-triggered cell FDRE clocked by clk  {rise@0.000ns fall@5.000ns period=10.000ns})
  Destination:            u_event_router/sel_r_reg[1]/CE
                            (rising edge-triggered cell FDRE clocked by clk  {rise@0.000ns fall@5.000ns period=10.000ns})
  Path Group:             clk
  Path Type:              Setup (Max at Slow Process Corner)
  Requirement:            10.000ns  (clk rise@10.000ns - clk rise@0.000ns)
  Data Path Delay:        17.952ns  (logic 4.652ns (25.914%)  route 13.300ns (74.086%))
  Logic Levels:           32  (CARRY4=2 LUT4=5 LUT5=2 LUT6=22 MUXF7=1)
  Clock Path Skew:        -0.039ns (DCD - SCD + CPR)
    Destination Clock Delay (DCD):    0.748ns = ( 10.748 - 10.000 ) 
    Source Clock Delay      (SCD):    0.787ns
    Clock Pessimism Removal (CPR):    0.000ns
  Clock Uncertainty:      0.035ns  ((TSJ^2 + TIJ^2)^1/2 + DJ) / 2 + PE
    Total System Jitter     (TSJ):    0.071ns
    Total Input Jitter      (TIJ):    0.000ns
    Discrete Jitter          (DJ):    0.000ns
    Phase Error              (PE):    0.000ns

    Location             Delay type                Incr(ns)  Path(ns)    Netlist Resource(s)
  -------------------------------------------------------------------    -------------------
                         (clock clk rise edge)        0.000     0.000 r  <hidden>
                                                      0.000     0.000 r  clk_i
                         net (fo=33514, unset)        0.787     0.787    u_notify/clk_i
                         FDRE                                         r  u_notify/ctr_pend_r_reg[4]/C
  -------------------------------------------------------------------    -------------------
                         FDRE (Prop_fdre_C_Q)         0.397     1.184 f  u_notify/ctr_pend_r_reg[4]/Q
                         net (fo=5, unplaced)         0.653     1.837    u_notify/p_1_in136_in
                         LUT4 (Prop_lut4_I1_O)        0.232     2.069 f  u_notify/ctr_pend_r[15]_i_12/O
                         net (fo=2, unplaced)         0.358     2.427    u_notify/ctr_pend_r[15]_i_12_n_0
                         LUT5 (Prop_lut5_I4_O)        0.105     2.532 f  u_notify/ctr_pend_r[17]_i_19/O
                         net (fo=13, unplaced)        0.397     2.929    u_notify/ctr_pend_r[17]_i_19_n_0
                         LUT6 (Prop_lut6_I3_O)        0.105     3.034 f  u_notify/cmdq_count_r[4]_i_15/O
                         net (fo=4, unplaced)         0.371     3.405    u_notify/cmdq_count_r[4]_i_15_n_0
                         LUT6 (Prop_lut6_I4_O)        0.105     3.510 f  u_notify/cmdq_count_r[4]_i_12/O
                         net (fo=14, unplaced)        0.398     3.908    u_notify/cmdq_count_r[4]_i_12_n_0
                         LUT6 (Prop_lut6_I2_O)        0.105     4.013 f  u_notify/cmdq_count_r[4]_i_9/O
                         net (fo=9, unplaced)         0.388     4.401    u_notify/cmdq_count_r[4]_i_9_n_0
                         LUT6 (Prop_lut6_I5_O)        0.105     4.506 r  u_notify/em_active_r_i_2/O
                         net (fo=6, unplaced)         0.379     4.885    u_aecp/u_resp/g_sub_end_r_reg[0]_2
                         LUT6 (Prop_lut6_I0_O)        0.105     4.990 r  u_aecp/u_resp/aecp_txn_valid_o_INST_0_i_9/O
                         net (fo=4, unplaced)         0.371     5.361    u_dispatch/u_acmp_q/aecp_eng_ready_w
                         LUT6 (Prop_lut6_I5_O)        0.105     5.466 r  u_dispatch/u_acmp_q/aecp_txn_valid_o_INST_0_i_2/O
                         net (fo=34, unplaced)        0.420     5.886    u_dispatch/u_acmp_q/sb_prefer_aecp_r_reg
                         LUT4 (Prop_lut4_I2_O)        0.105     5.991 r  u_dispatch/u_acmp_q/key_r[0][1]_i_1/O
                         net (fo=16, unplaced)        0.636     6.627    u_dispatch/u_acmp_q/out_data_r_reg[38]_0
                         LUT6 (Prop_lut6_I0_O)        0.105     6.732 r  u_dispatch/u_acmp_q/hz_conflict0_carry_i_1/O
                         net (fo=1, unplaced)         0.000     6.732    u_scoreboard/S[0]
                         CARRY4 (Prop_carry4_S[0]_CO[3])
                                                      0.423     7.155 r  u_scoreboard/hz_conflict0_carry/CO[3]
                         net (fo=1, unplaced)         0.000     7.155    u_scoreboard/hz_conflict0_carry_n_0
                         CARRY4 (Prop_carry4_CI_CO[1])
                                                      0.150     7.305 r  u_scoreboard/hz_conflict0_carry__0/CO[1]
                         net (fo=2, unplaced)         0.251     7.556    u_dispatch/u_acmp_q/aecp_txn_valid_o_INST_0_i_29[0]
                         LUT6 (Prop_lut6_I1_O)        0.277     7.833 r  u_dispatch/u_acmp_q/aecp_txn_valid_o_INST_0_i_62/O
                         net (fo=1, unplaced)         0.347     8.180    u_scoreboard/aecp_txn_valid_o_INST_0_i_11_0
                         LUT6 (Prop_lut6_I0_O)        0.105     8.285 r  u_scoreboard/aecp_txn_valid_o_INST_0_i_29/O
                         net (fo=1, unplaced)         0.347     8.632    u_scoreboard/aecp_txn_valid_o_INST_0_i_29_n_0
                         LUT6 (Prop_lut6_I1_O)        0.105     8.737 f  u_scoreboard/aecp_txn_valid_o_INST_0_i_11/O
                         net (fo=1, unplaced)         0.582     9.319    u_scoreboard/aecp_txn_valid_o_INST_0_i_11_n_0
                         LUT6 (Prop_lut6_I2_O)        0.105     9.424 f  u_scoreboard/aecp_txn_valid_o_INST_0_i_3/O
                         net (fo=18, unplaced)        0.385     9.809    u_scoreboard/aecp_txn_valid_o_INST_0_i_3_n_0
                         LUT6 (Prop_lut6_I0_O)        0.105     9.914 f  u_scoreboard/aecp_txn_valid_o_INST_0_i_1/O
                         net (fo=9, unplaced)         0.388    10.302    u_dispatch/u_aecp_q/sb_gnt_w
                         LUT4 (Prop_lut4_I0_O)        0.105    10.407 f  u_dispatch/u_aecp_q/sink_r[2]_i_5/O
                         net (fo=26, unplaced)        0.413    10.820    u_listener/lsn_txn_valid_w
                         LUT5 (Prop_lut5_I1_O)        0.105    10.925 r  u_listener/mem_r_reg_i_33__1/O
                         net (fo=6, unplaced)         0.379    11.304    u_event_router/lstn_evt_tk_ready_w
                         LUT6 (Prop_lut6_I4_O)        0.105    11.409 r  u_event_router/ptr_r[4]_i_3/O
                         net (fo=12, unplaced)        0.395    11.804    u_event_router/ptr_r[4]_i_3_n_0
                         LUT6 (Prop_lut6_I4_O)        0.105    11.909 r  u_event_router/ptr_r[4]_i_1/O
                         net (fo=194, unplaced)       0.894    12.803    u_event_router/base_w[4]
                         LUT6 (Prop_lut6_I1_O)        0.105    12.908 r  u_event_router/sel_r[4]_i_335/O
                         net (fo=1, unplaced)         0.782    13.690    u_event_router/sel_r[4]_i_335_n_0
                         LUT6 (Prop_lut6_I0_O)        0.105    13.795 r  u_event_router/sel_r[4]_i_245/O
                         net (fo=1, unplaced)         0.000    13.795    u_event_router/sel_r[4]_i_245_n_0
                         MUXF7 (Prop_muxf7_I0_O)      0.201    13.996 r  u_event_router/sel_r_reg[4]_i_161/O
                         net (fo=3, unplaced)         0.602    14.598    u_event_router/sel_r_reg[4]_i_161_n_0
                         LUT6 (Prop_lut6_I2_O)        0.242    14.840 f  u_event_router/sel_r[4]_i_233/O
                         net (fo=2, unplaced)         0.539    15.379    u_event_router/sel_r[4]_i_233_n_0
                         LUT6 (Prop_lut6_I1_O)        0.105    15.484 r  u_event_router/sel_r[4]_i_156/O
                         net (fo=10, unplaced)        0.390    15.874    u_event_router/sel_r[4]_i_156_n_0
                         LUT6 (Prop_lut6_I3_O)        0.105    15.979 r  u_event_router/sel_r[4]_i_195/O
                         net (fo=1, unplaced)         0.347    16.326    u_event_router/sel_r[4]_i_195_n_0
                         LUT6 (Prop_lut6_I2_O)        0.105    16.431 r  u_event_router/sel_r[4]_i_111/O
                         net (fo=1, unplaced)         0.347    16.778    u_event_router/sel_r[4]_i_111_n_0
                         LUT6 (Prop_lut6_I2_O)        0.105    16.883 f  u_event_router/sel_r[4]_i_45/O
                         net (fo=9, unplaced)         0.388    17.271    u_event_router/sel_r[4]_i_45_n_0
                         LUT6 (Prop_lut6_I2_O)        0.105    17.376 r  u_event_router/sel_r[4]_i_13/O
                         net (fo=16, unplaced)        0.401    17.777    u_event_router/sel_r[4]_i_13_n_0
                         LUT4 (Prop_lut4_I1_O)        0.105    17.882 f  u_event_router/sel_r[4]_i_4/O
                         net (fo=2, unplaced)         0.358    18.240    u_event_router/sel_r[4]_i_4_n_0
                         LUT4 (Prop_lut4_I2_O)        0.105    18.345 r  u_event_router/sel_r[4]_i_1/O
                         net (fo=5, unplaced)         0.394    18.739    u_event_router/sel_r[0]
                         FDRE                                         r  u_event_router/sel_r_reg[1]/CE
  -------------------------------------------------------------------    -------------------

                         (clock clk rise edge)       10.000    10.000 r  <hidden>
                                                      0.000    10.000 r  clk_i
                         net (fo=33514, unset)        0.748    10.748    u_event_router/clk_i
                         FDRE                                         r  u_event_router/sel_r_reg[1]/C
                         clock pessimism              0.000    10.748    <hidden>
                         clock uncertainty           -0.035    10.712    <hidden>
                         FDRE (Setup_fdre_C_CE)      -0.165    10.547    u_event_router/sel_r_reg[1]
  -------------------------------------------------------------------
                         required time                         10.547    <hidden>
                         arrival time                         -18.739    <hidden>
  -------------------------------------------------------------------
                         slack                                 -8.192    <hidden>

Slack (VIOLATED) :        -8.192ns  (required time - arrival time)
  Source:                 u_notify/ctr_pend_r_reg[4]/C
                            (rising edge-triggered cell FDRE clocked by clk  {rise@0.000ns fall@5.000ns period=10.000ns})
  Destination:            u_event_router/sel_r_reg[2]/CE
                            (rising edge-triggered cell FDRE clocked by clk  {rise@0.000ns fall@5.000ns period=10.000ns})
  Path Group:             clk
  Path Type:              Setup (Max at Slow Process Corner)
  Requirement:            10.000ns  (clk rise@10.000ns - clk rise@0.000ns)
  Data Path Delay:        17.952ns  (logic 4.652ns (25.914%)  route 13.300ns (74.086%))
  Logic Levels:           32  (CARRY4=2 LUT4=5 LUT5=2 LUT6=22 MUXF7=1)
  Clock Path Skew:        -0.039ns (DCD - SCD + CPR)
    Destination Clock Delay (DCD):    0.748ns = ( 10.748 - 10.000 ) 
    Source Clock Delay      (SCD):    0.787ns
    Clock Pessimism Removal (CPR):    0.000ns
  Clock Uncertainty:      0.035ns  ((TSJ^2 + TIJ^2)^1/2 + DJ) / 2 + PE
    Total System Jitter     (TSJ):    0.071ns
    Total Input Jitter      (TIJ):    0.000ns
    Discrete Jitter          (DJ):    0.000ns
    Phase Error              (PE):    0.000ns

    Location             Delay type                Incr(ns)  Path(ns)    Netlist Resource(s)
  -------------------------------------------------------------------    -------------------
                         (clock clk rise edge)        0.000     0.000 r  <hidden>
                                                      0.000     0.000 r  clk_i
                         net (fo=33514, unset)        0.787     0.787    u_notify/clk_i
                         FDRE                                         r  u_notify/ctr_pend_r_reg[4]/C
  -------------------------------------------------------------------    -------------------
                         FDRE (Prop_fdre_C_Q)         0.397     1.184 f  u_notify/ctr_pend_r_reg[4]/Q
                         net (fo=5, unplaced)         0.653     1.837    u_notify/p_1_in136_in
                         LUT4 (Prop_lut4_I1_O)        0.232     2.069 f  u_notify/ctr_pend_r[15]_i_12/O
                         net (fo=2, unplaced)         0.358     2.427    u_notify/ctr_pend_r[15]_i_12_n_0
                         LUT5 (Prop_lut5_I4_O)        0.105     2.532 f  u_notify/ctr_pend_r[17]_i_19/O
                         net (fo=13, unplaced)        0.397     2.929    u_notify/ctr_pend_r[17]_i_19_n_0
                         LUT6 (Prop_lut6_I3_O)        0.105     3.034 f  u_notify/cmdq_count_r[4]_i_15/O
                         net (fo=4, unplaced)         0.371     3.405    u_notify/cmdq_count_r[4]_i_15_n_0
                         LUT6 (Prop_lut6_I4_O)        0.105     3.510 f  u_notify/cmdq_count_r[4]_i_12/O
                         net (fo=14, unplaced)        0.398     3.908    u_notify/cmdq_count_r[4]_i_12_n_0
                         LUT6 (Prop_lut6_I2_O)        0.105     4.013 f  u_notify/cmdq_count_r[4]_i_9/O
                         net (fo=9, unplaced)         0.388     4.401    u_notify/cmdq_count_r[4]_i_9_n_0
                         LUT6 (Prop_lut6_I5_O)        0.105     4.506 r  u_notify/em_active_r_i_2/O
                         net (fo=6, unplaced)         0.379     4.885    u_aecp/u_resp/g_sub_end_r_reg[0]_2
                         LUT6 (Prop_lut6_I0_O)        0.105     4.990 r  u_aecp/u_resp/aecp_txn_valid_o_INST_0_i_9/O
                         net (fo=4, unplaced)         0.371     5.361    u_dispatch/u_acmp_q/aecp_eng_ready_w
                         LUT6 (Prop_lut6_I5_O)        0.105     5.466 r  u_dispatch/u_acmp_q/aecp_txn_valid_o_INST_0_i_2/O
                         net (fo=34, unplaced)        0.420     5.886    u_dispatch/u_acmp_q/sb_prefer_aecp_r_reg
                         LUT4 (Prop_lut4_I2_O)        0.105     5.991 r  u_dispatch/u_acmp_q/key_r[0][1]_i_1/O
                         net (fo=16, unplaced)        0.636     6.627    u_dispatch/u_acmp_q/out_data_r_reg[38]_0
                         LUT6 (Prop_lut6_I0_O)        0.105     6.732 r  u_dispatch/u_acmp_q/hz_conflict0_carry_i_1/O
                         net (fo=1, unplaced)         0.000     6.732    u_scoreboard/S[0]
                         CARRY4 (Prop_carry4_S[0]_CO[3])
                                                      0.423     7.155 r  u_scoreboard/hz_conflict0_carry/CO[3]
                         net (fo=1, unplaced)         0.000     7.155    u_scoreboard/hz_conflict0_carry_n_0
                         CARRY4 (Prop_carry4_CI_CO[1])
                                                      0.150     7.305 r  u_scoreboard/hz_conflict0_carry__0/CO[1]
                         net (fo=2, unplaced)         0.251     7.556    u_dispatch/u_acmp_q/aecp_txn_valid_o_INST_0_i_29[0]
                         LUT6 (Prop_lut6_I1_O)        0.277     7.833 r  u_dispatch/u_acmp_q/aecp_txn_valid_o_INST_0_i_62/O
                         net (fo=1, unplaced)         0.347     8.180    u_scoreboard/aecp_txn_valid_o_INST_0_i_11_0
                         LUT6 (Prop_lut6_I0_O)        0.105     8.285 r  u_scoreboard/aecp_txn_valid_o_INST_0_i_29/O
                         net (fo=1, unplaced)         0.347     8.632    u_scoreboard/aecp_txn_valid_o_INST_0_i_29_n_0
                         LUT6 (Prop_lut6_I1_O)        0.105     8.737 f  u_scoreboard/aecp_txn_valid_o_INST_0_i_11/O
                         net (fo=1, unplaced)         0.582     9.319    u_scoreboard/aecp_txn_valid_o_INST_0_i_11_n_0
                         LUT6 (Prop_lut6_I2_O)        0.105     9.424 f  u_scoreboard/aecp_txn_valid_o_INST_0_i_3/O
                         net (fo=18, unplaced)        0.385     9.809    u_scoreboard/aecp_txn_valid_o_INST_0_i_3_n_0
                         LUT6 (Prop_lut6_I0_O)        0.105     9.914 f  u_scoreboard/aecp_txn_valid_o_INST_0_i_1/O
                         net (fo=9, unplaced)         0.388    10.302    u_dispatch/u_aecp_q/sb_gnt_w
                         LUT4 (Prop_lut4_I0_O)        0.105    10.407 f  u_dispatch/u_aecp_q/sink_r[2]_i_5/O
                         net (fo=26, unplaced)        0.413    10.820    u_listener/lsn_txn_valid_w
                         LUT5 (Prop_lut5_I1_O)        0.105    10.925 r  u_listener/mem_r_reg_i_33__1/O
                         net (fo=6, unplaced)         0.379    11.304    u_event_router/lstn_evt_tk_ready_w
                         LUT6 (Prop_lut6_I4_O)        0.105    11.409 r  u_event_router/ptr_r[4]_i_3/O
                         net (fo=12, unplaced)        0.395    11.804    u_event_router/ptr_r[4]_i_3_n_0
                         LUT6 (Prop_lut6_I4_O)        0.105    11.909 r  u_event_router/ptr_r[4]_i_1/O
                         net (fo=194, unplaced)       0.894    12.803    u_event_router/base_w[4]
                         LUT6 (Prop_lut6_I1_O)        0.105    12.908 r  u_event_router/sel_r[4]_i_335/O
                         net (fo=1, unplaced)         0.782    13.690    u_event_router/sel_r[4]_i_335_n_0
                         LUT6 (Prop_lut6_I0_O)        0.105    13.795 r  u_event_router/sel_r[4]_i_245/O
                         net (fo=1, unplaced)         0.000    13.795    u_event_router/sel_r[4]_i_245_n_0
                         MUXF7 (Prop_muxf7_I0_O)      0.201    13.996 r  u_event_router/sel_r_reg[4]_i_161/O
                         net (fo=3, unplaced)         0.602    14.598    u_event_router/sel_r_reg[4]_i_161_n_0
                         LUT6 (Prop_lut6_I2_O)        0.242    14.840 f  u_event_router/sel_r[4]_i_233/O
                         net (fo=2, unplaced)         0.539    15.379    u_event_router/sel_r[4]_i_233_n_0
                         LUT6 (Prop_lut6_I1_O)        0.105    15.484 r  u_event_router/sel_r[4]_i_156/O
                         net (fo=10, unplaced)        0.390    15.874    u_event_router/sel_r[4]_i_156_n_0
                         LUT6 (Prop_lut6_I3_O)        0.105    15.979 r  u_event_router/sel_r[4]_i_195/O
                         net (fo=1, unplaced)         0.347    16.326    u_event_router/sel_r[4]_i_195_n_0
                         LUT6 (Prop_lut6_I2_O)        0.105    16.431 r  u_event_router/sel_r[4]_i_111/O
                         net (fo=1, unplaced)         0.347    16.778    u_event_router/sel_r[4]_i_111_n_0
                         LUT6 (Prop_lut6_I2_O)        0.105    16.883 f  u_event_router/sel_r[4]_i_45/O
                         net (fo=9, unplaced)         0.388    17.271    u_event_router/sel_r[4]_i_45_n_0
                         LUT6 (Prop_lut6_I2_O)        0.105    17.376 r  u_event_router/sel_r[4]_i_13/O
                         net (fo=16, unplaced)        0.401    17.777    u_event_router/sel_r[4]_i_13_n_0
                         LUT4 (Prop_lut4_I1_O)        0.105    17.882 f  u_event_router/sel_r[4]_i_4/O
                         net (fo=2, unplaced)         0.358    18.240    u_event_router/sel_r[4]_i_4_n_0
                         LUT4 (Prop_lut4_I2_O)        0.105    18.345 r  u_event_router/sel_r[4]_i_1/O
                         net (fo=5, unplaced)         0.394    18.739    u_event_router/sel_r[0]
                         FDRE                                         r  u_event_router/sel_r_reg[2]/CE
  -------------------------------------------------------------------    -------------------

                         (clock clk rise edge)       10.000    10.000 r  <hidden>
                                                      0.000    10.000 r  clk_i
                         net (fo=33514, unset)        0.748    10.748    u_event_router/clk_i
                         FDRE                                         r  u_event_router/sel_r_reg[2]/C
                         clock pessimism              0.000    10.748    <hidden>
                         clock uncertainty           -0.035    10.712    <hidden>
                         FDRE (Setup_fdre_C_CE)      -0.165    10.547    u_event_router/sel_r_reg[2]
  -------------------------------------------------------------------
                         required time                         10.547    <hidden>
                         arrival time                         -18.739    <hidden>
  -------------------------------------------------------------------
                         slack                                 -8.192    <hidden>





Pulse Width Checks
--------------------------------------------------------------------------------------
Clock Name:         clk
Waveform(ns):       { 0.000 5.000 }
Period(ns):         10.000
Sources:            { clk_i }

Check Type        Corner  Lib Pin             Reference Pin  Required(ns)  Actual(ns)  Slack(ns)  Location  Pin
Min Period        n/a     DSP48E1/CLK         n/a            3.272         10.000      6.728                u_aecp/u_store/desc_off_r_reg/CLK
Min Period        n/a     DSP48E1/CLK         n/a            3.272         10.000      6.728                u_srp/u_admission/iv_bytes_r_reg/CLK
Min Period        n/a     RAMB36E1/CLKARDCLK  n/a            2.472         10.000      7.528                g_rx_pool[0].u_rx_slots/mem_r_reg/CLKARDCLK
Low Pulse Width   Slow    RAMS32/CLK          n/a            1.130         5.000       3.870                u_adp/disc_rec_r_reg_0_7_0_0/SP/CLK
Low Pulse Width   Fast    RAMS32/CLK          n/a            1.130         5.000       3.870                u_adp/disc_rec_r_reg_0_7_0_0/SP/CLK
Low Pulse Width   Slow    RAMS32/CLK          n/a            1.130         5.000       3.870                u_adp/disc_rec_r_reg_0_7_10_10/SP/CLK
High Pulse Width  Slow    RAMS32/CLK          n/a            1.130         5.000       3.870                u_adp/disc_rec_r_reg_0_7_0_0/SP/CLK
High Pulse Width  Fast    RAMS32/CLK          n/a            1.130         5.000       3.870                u_adp/disc_rec_r_reg_0_7_0_0/SP/CLK
High Pulse Width  Slow    RAMS32/CLK          n/a            1.130         5.000       3.870                u_adp/disc_rec_r_reg_0_7_10_10/SP/CLK



