  FAIL [I440-T-inner pre '\n' '\x0b']: ['raw HTML line', 'raw HTML line', 'prose line', 'prose line']
  FAIL [I440-T-inner pre '\n' '\x0c']: ['raw HTML line', 'raw HTML line', 'prose line', 'prose line']
  FAIL [I440-T-inner pre '\n' '\r']: ['raw HTML line', 'raw HTML line', 'prose line', 'prose line']
  FAIL [I440-T-inner pre '\n' '\x1c']: ['raw HTML line', 'raw HTML line', 'prose line', 'prose line']
  FAIL [I440-T-inner pre '\n' '\x1d']: ['raw HTML line', 'raw HTML line', 'prose line', 'prose line']
  FAIL [I440-T-inner pre '\n' '\x1e']: ['raw HTML line', 'raw HTML line', 'prose line', 'prose line']
  FAIL [I440-T-inner pre '\n' '\x1f']: ['raw HTML line', 'raw HTML line', 'prose line', 'prose line']
  FAIL [I440-T-inner pre '\n' '\x85']: ['raw HTML line', 'raw HTML line', 'prose line', 'prose line']
  FAIL [I440-T-inner pre '\n' '\xa0']: ['raw HTML line', 'raw HTML line', 'prose line', 'prose line']
  FAIL [I440-T-inner pre '\n' '\u1680']: ['raw HTML line', 'raw HTML line', 'prose line', 'prose line']
  FAIL [I440-T-inner pre '\n' '\u2000']: ['raw HTML line', 'raw HTML line', 'prose line', 'prose line']
  FAIL [I440-T-inner pre '\n' '\u2001']: ['raw HTML line', 'raw HTML line', 'prose line', 'prose line']
  FAIL [I440-T-inner pre '\n' '\u2002']: ['raw HTML line', 'raw HTML line', 'prose line', 'prose line']
  FAIL [I440-T-inner pre '\n' '\u2003']: ['raw HTML line', 'raw HTML line', 'prose line', 'prose line']
  FAIL [I440-T-inner pre '\n' '\u2004']: ['raw HTML line', 'raw HTML line', 'prose line', 'prose line']
  FAIL [I440-T-inner pre '\n' '\u2005']: ['raw HTML line', 'raw HTML line', 'prose line', 'prose line']
  FAIL [I440-T-inner pre '\n' '\u2006']: ['raw HTML line', 'raw HTML line', 'prose line', 'prose line']
  FAIL [I440-T-inner pre '\n' '\u2007']: ['raw HTML line', 'raw HTML line', 'prose line', 'prose line']
  FAIL [I440-T-inner pre '\n' '\u2008']: ['raw HTML line', 'raw HTML line', 'prose line', 'prose line']
  FAIL [I440-T-inner pre '\n' '\u2009']: ['raw HTML line', 'raw HTML line', 'prose line', 'prose line']
  FAIL [I440-T-inner pre '\n' '\u200a']: ['raw HTML line', 'raw HTML line', 'prose line', 'prose line']
  FAIL [I440-T-inner pre '\n' '\u2028']: ['raw HTML line', 'raw HTML line', 'prose line', 'prose line']
  FAIL [I440-T-inner pre '\n' '\u2029']: ['raw HTML line', 'raw HTML line', 'prose line', 'prose line']
  FAIL [I440-T-inner pre '\n' '\u202f']: ['raw HTML line', 'raw HTML line', 'prose line', 'prose line']
  FAIL [I440-T-inner pre '\n' '\u205f']: ['raw HTML line', 'raw HTML line', 'prose line', 'prose line']
  FAIL [I440-T-inner pre '\n' '\u3000']: ['raw HTML line', 'raw HTML line', 'prose line', 'prose line']
  FAIL [I440-T-inner pre '\n' ' ']: ['raw HTML line', 'raw HTML line', 'prose line', 'prose line']
  FAIL [I440-T-inner pre '\n' '\t']: ['raw HTML line', 'raw HTML line', 'prose line', 'prose line']
  FAIL [I440-T-inner pre '\n' '  ']: ['raw HTML line', 'raw HTML line', 'prose line', 'prose line']
  FAIL [I440-T-inner pre '\n' ' \t ']: ['raw HTML line', 'raw HTML line', 'prose line', 'prose line']
  FAIL [I440-T-inner pre 'x' '\x0b']: ['raw HTML line', 'prose line', 'prose line']
  FAIL [I440-T-inner pre 'x' '\x0c']: ['raw HTML line', 'prose line', 'prose line']
  FAIL [I440-T-inner pre 'x' '\r']: ['raw HTML line', 'prose line', 'prose line']
  FAIL [I440-T-inner pre 'x' '\x1c']: ['raw HTML line', 'prose line', 'prose line']
  FAIL [I440-T-inner pre 'x' '\x1d']: ['raw HTML line', 'prose line', 'prose line']
  FAIL [I440-T-inner pre 'x' '\x1e']: ['raw HTML line', 'prose line', 'prose line']
  FAIL [I440-T-inner pre 'x' '\x1f']: ['raw HTML line', 'prose line', 'prose line']
  FAIL [I440-T-inner pre 'x' '\x85']: ['raw HTML line', 'prose line', 'prose line']
  FAIL [I440-T-inner pre 'x' '\xa0']: ['raw HTML line', 'prose line', 'prose line']
  FAIL [I440-T-inner pre 'x' '\u1680']: ['raw HTML line', 'prose line', 'prose line']
  FAIL [I440-T-inner pre 'x' '\u2000']: ['raw HTML line', 'prose line', 'prose line']
  FAIL [I440-T-inner pre 'x' '\u2001']: ['raw HTML line', 'prose line', 'prose line']
  FAIL [I440-T-inner pre 'x' '\u2002']: ['raw HTML line', 'prose line', 'prose line']
  FAIL [I440-T-inner pre 'x' '\u2003']: ['raw HTML line', 'prose line', 'prose line']
  FAIL [I440-T-inner pre 'x' '\u2004']: ['raw HTML line', 'prose line', 'prose line']
  FAIL [I440-T-inner pre 'x' '\u2005']: ['raw HTML line', 'prose line', 'prose line']
  FAIL [I440-T-inner pre 'x' '\u2006']: ['raw HTML line', 'prose line', 'prose line']
  FAIL [I440-T-inner pre 'x' '\u2007']: ['raw HTML line', 'prose line', 'prose line']
  FAIL [I440-T-inner pre 'x' '\u2008']: ['raw HTML line', 'prose line', 'prose line']
  FAIL [I440-T-inner pre 'x' '\u2009']: ['raw HTML line', 'prose line', 'prose line']
  FAIL [I440-T-inner pre 'x' '\u200a']: ['raw HTML line', 'prose line', 'prose line']
  FAIL [I440-T-inner pre 'x' '\u2028']: ['raw HTML line', 'prose line', 'prose line']
  FAIL [I440-T-inner pre 'x' '\u2029']: ['raw HTML line', 'prose line', 'prose line']
  FAIL [I440-T-inner pre 'x' '\u202f']: ['raw HTML line', 'prose line', 'prose line']
  FAIL [I440-T-inner pre 'x' '\u205f']: ['raw HTML line', 'prose line', 'prose line']
  FAIL [I440-T-inner pre 'x' '\u3000']: ['raw HTML line', 'prose line', 'prose line']
  FAIL [I440-T-inner pre 'x' ' ']: ['raw HTML line', 'prose line', 'prose line']
  FAIL [I440-T-inner pre 'x' '\t']: ['raw HTML line', 'prose line', 'prose line']
  FAIL [I440-T-inner pre 'x' '  ']: ['raw HTML line', 'prose line', 'prose line']
  FAIL [I440-T-inner pre 'x' ' \t ']: ['raw HTML line', 'prose line', 'prose line']
  FAIL [I440-T-inner script '\n' '\x0b']: ['raw HTML line', 'raw HTML line', 'prose line', 'prose line']
  FAIL [I440-T-inner script '\n' '\x0c']: ['raw HTML line', 'raw HTML line', 'prose line', 'prose line']
  FAIL [I440-T-inner script '\n' '\r']: ['raw HTML line', 'raw HTML line', 'prose line', 'prose line']
  FAIL [I440-T-inner script '\n' '\x1c']: ['raw HTML line', 'raw HTML line', 'prose line', 'prose line']
  FAIL [I440-T-inner script '\n' '\x1d']: ['raw HTML line', 'raw HTML line', 'prose line', 'prose line']
  FAIL [I440-T-inner script '\n' '\x1e']: ['raw HTML line', 'raw HTML line', 'prose line', 'prose line']
  FAIL [I440-T-inner script '\n' '\x1f']: ['raw HTML line', 'raw HTML line', 'prose line', 'prose line']
  FAIL [I440-T-inner script '\n' '\x85']: ['raw HTML line', 'raw HTML line', 'prose line', 'prose line']
  FAIL [I440-T-inner script '\n' '\xa0']: ['raw HTML line', 'raw HTML line', 'prose line', 'prose line']
  FAIL [I440-T-inner script '\n' '\u1680']: ['raw HTML line', 'raw HTML line', 'prose line', 'prose line']
  FAIL [I440-T-inner script '\n' '\u2000']: ['raw HTML line', 'raw HTML line', 'prose line', 'prose line']
  FAIL [I440-T-inner script '\n' '\u2001']: ['raw HTML line', 'raw HTML line', 'prose line', 'prose line']
  FAIL [I440-T-inner script '\n' '\u2002']: ['raw HTML line', 'raw HTML line', 'prose line', 'prose line']
  FAIL [I440-T-inner script '\n' '\u2003']: ['raw HTML line', 'raw HTML line', 'prose line', 'prose line']
  FAIL [I440-T-inner script '\n' '\u2004']: ['raw HTML line', 'raw HTML line', 'prose line', 'prose line']
  FAIL [I440-T-inner script '\n' '\u2005']: ['raw HTML line', 'raw HTML line', 'prose line', 'prose line']
  FAIL [I440-T-inner script '\n' '\u2006']: ['raw HTML line', 'raw HTML line', 'prose line', 'prose line']
  FAIL [I440-T-inner script '\n' '\u2007']: ['raw HTML line', 'raw HTML line', 'prose line', 'prose line']
  FAIL [I440-T-inner script '\n' '\u2008']: ['raw HTML line', 'raw HTML line', 'prose line', 'prose line']
  FAIL [I440-T-inner script '\n' '\u2009']: ['raw HTML line', 'raw HTML line', 'prose line', 'prose line']
  FAIL [I440-T-inner script '\n' '\u200a']: ['raw HTML line', 'raw HTML line', 'prose line', 'prose line']
  FAIL [I440-T-inner script '\n' '\u2028']: ['raw HTML line', 'raw HTML line', 'prose line', 'prose line']
  FAIL [I440-T-inner script '\n' '\u2029']: ['raw HTML line', 'raw HTML line', 'prose line', 'prose line']
  FAIL [I440-T-inner script '\n' '\u202f']: ['raw HTML line', 'raw HTML line', 'prose line', 'prose line']
  FAIL [I440-T-inner script '\n' '\u205f']: ['raw HTML line', 'raw HTML line', 'prose line', 'prose line']
  FAIL [I440-T-inner script '\n' '\u3000']: ['raw HTML line', 'raw HTML line', 'prose line', 'prose line']
  FAIL [I440-T-inner script '\n' ' ']: ['raw HTML line', 'raw HTML line', 'prose line', 'prose line']
  FAIL [I440-T-inner script '\n' '\t']: ['raw HTML line', 'raw HTML line', 'prose line', 'prose line']
  FAIL [I440-T-inner script '\n' '  ']: ['raw HTML line', 'raw HTML line', 'prose line', 'prose line']
  FAIL [I440-T-inner script '\n' ' \t ']: ['raw HTML line', 'raw HTML line', 'prose line', 'prose line']
  FAIL [I440-T-inner script 'x' '\x0b']: ['raw HTML line', 'prose line', 'prose line']
  FAIL [I440-T-inner script 'x' '\x0c']: ['raw HTML line', 'prose line', 'prose line']
  FAIL [I440-T-inner script 'x' '\r']: ['raw HTML line', 'prose line', 'prose line']
  FAIL [I440-T-inner script 'x' '\x1c']: ['raw HTML line', 'prose line', 'prose line']
  FAIL [I440-T-inner script 'x' '\x1d']: ['raw HTML line', 'prose line', 'prose line']
  FAIL [I440-T-inner script 'x' '\x1e']: ['raw HTML line', 'prose line', 'prose line']
  FAIL [I440-T-inner script 'x' '\x1f']: ['raw HTML line', 'prose line', 'prose line']
  FAIL [I440-T-inner script 'x' '\x85']: ['raw HTML line', 'prose line', 'prose line']
  FAIL [I440-T-inner script 'x' '\xa0']: ['raw HTML line', 'prose line', 'prose line']
  FAIL [I440-T-inner script 'x' '\u1680']: ['raw HTML line', 'prose line', 'prose line']
  FAIL [I440-T-inner script 'x' '\u2000']: ['raw HTML line', 'prose line', 'prose line']
  FAIL [I440-T-inner script 'x' '\u2001']: ['raw HTML line', 'prose line', 'prose line']
  FAIL [I440-T-inner script 'x' '\u2002']: ['raw HTML line', 'prose line', 'prose line']
  FAIL [I440-T-inner script 'x' '\u2003']: ['raw HTML line', 'prose line', 'prose line']
  FAIL [I440-T-inner script 'x' '\u2004']: ['raw HTML line', 'prose line', 'prose line']
  FAIL [I440-T-inner script 'x' '\u2005']: ['raw HTML line', 'prose line', 'prose line']
  FAIL [I440-T-inner script 'x' '\u2006']: ['raw HTML line', 'prose line', 'prose line']
  FAIL [I440-T-inner script 'x' '\u2007']: ['raw HTML line', 'prose line', 'prose line']
  FAIL [I440-T-inner script 'x' '\u2008']: ['raw HTML line', 'prose line', 'prose line']
  FAIL [I440-T-inner script 'x' '\u2009']: ['raw HTML line', 'prose line', 'prose line']
  FAIL [I440-T-inner script 'x' '\u200a']: ['raw HTML line', 'prose line', 'prose line']
  FAIL [I440-T-inner script 'x' '\u2028']: ['raw HTML line', 'prose line', 'prose line']
  FAIL [I440-T-inner script 'x' '\u2029']: ['raw HTML line', 'prose line', 'prose line']
  FAIL [I440-T-inner script 'x' '\u202f']: ['raw HTML line', 'prose line', 'prose line']
  FAIL [I440-T-inner script 'x' '\u205f']: ['raw HTML line', 'prose line', 'prose line']
  FAIL [I440-T-inner script 'x' '\u3000']: ['raw HTML line', 'prose line', 'prose line']
  FAIL [I440-T-inner script 'x' ' ']: ['raw HTML line', 'prose line', 'prose line']
  FAIL [I440-T-inner script 'x' '\t']: ['raw HTML line', 'prose line', 'prose line']
  FAIL [I440-T-inner script 'x' '  ']: ['raw HTML line', 'prose line', 'prose line']
  FAIL [I440-T-inner script 'x' ' \t ']: ['raw HTML line', 'prose line', 'prose line']
  FAIL [I440-T-inner style '\n' '\x0b']: ['raw HTML line', 'raw HTML line', 'prose line', 'prose line']
  FAIL [I440-T-inner style '\n' '\x0c']: ['raw HTML line', 'raw HTML line', 'prose line', 'prose line']
  FAIL [I440-T-inner style '\n' '\r']: ['raw HTML line', 'raw HTML line', 'prose line', 'prose line']
  FAIL [I440-T-inner style '\n' '\x1c']: ['raw HTML line', 'raw HTML line', 'prose line', 'prose line']
  FAIL [I440-T-inner style '\n' '\x1d']: ['raw HTML line', 'raw HTML line', 'prose line', 'prose line']
  FAIL [I440-T-inner style '\n' '\x1e']: ['raw HTML line', 'raw HTML line', 'prose line', 'prose line']
  FAIL [I440-T-inner style '\n' '\x1f']: ['raw HTML line', 'raw HTML line', 'prose line', 'prose line']
  FAIL [I440-T-inner style '\n' '\x85']: ['raw HTML line', 'raw HTML line', 'prose line', 'prose line']
  FAIL [I440-T-inner style '\n' '\xa0']: ['raw HTML line', 'raw HTML line', 'prose line', 'prose line']
  FAIL [I440-T-inner style '\n' '\u1680']: ['raw HTML line', 'raw HTML line', 'prose line', 'prose line']
  FAIL [I440-T-inner style '\n' '\u2000']: ['raw HTML line', 'raw HTML line', 'prose line', 'prose line']
  FAIL [I440-T-inner style '\n' '\u2001']: ['raw HTML line', 'raw HTML line', 'prose line', 'prose line']
  FAIL [I440-T-inner style '\n' '\u2002']: ['raw HTML line', 'raw HTML line', 'prose line', 'prose line']
  FAIL [I440-T-inner style '\n' '\u2003']: ['raw HTML line', 'raw HTML line', 'prose line', 'prose line']
  FAIL [I440-T-inner style '\n' '\u2004']: ['raw HTML line', 'raw HTML line', 'prose line', 'prose line']
  FAIL [I440-T-inner style '\n' '\u2005']: ['raw HTML line', 'raw HTML line', 'prose line', 'prose line']
  FAIL [I440-T-inner style '\n' '\u2006']: ['raw HTML line', 'raw HTML line', 'prose line', 'prose line']
  FAIL [I440-T-inner style '\n' '\u2007']: ['raw HTML line', 'raw HTML line', 'prose line', 'prose line']
  FAIL [I440-T-inner style '\n' '\u2008']: ['raw HTML line', 'raw HTML line', 'prose line', 'prose line']
  FAIL [I440-T-inner style '\n' '\u2009']: ['raw HTML line', 'raw HTML line', 'prose line', 'prose line']
  FAIL [I440-T-inner style '\n' '\u200a']: ['raw HTML line', 'raw HTML line', 'prose line', 'prose line']
  FAIL [I440-T-inner style '\n' '\u2028']: ['raw HTML line', 'raw HTML line', 'prose line', 'prose line']
  FAIL [I440-T-inner style '\n' '\u2029']: ['raw HTML line', 'raw HTML line', 'prose line', 'prose line']
  FAIL [I440-T-inner style '\n' '\u202f']: ['raw HTML line', 'raw HTML line', 'prose line', 'prose line']
  FAIL [I440-T-inner style '\n' '\u205f']: ['raw HTML line', 'raw HTML line', 'prose line', 'prose line']
  FAIL [I440-T-inner style '\n' '\u3000']: ['raw HTML line', 'raw HTML line', 'prose line', 'prose line']
  FAIL [I440-T-inner style '\n' ' ']: ['raw HTML line', 'raw HTML line', 'prose line', 'prose line']
  FAIL [I440-T-inner style '\n' '\t']: ['raw HTML line', 'raw HTML line', 'prose line', 'prose line']
  FAIL [I440-T-inner style '\n' '  ']: ['raw HTML line', 'raw HTML line', 'prose line', 'prose line']
  FAIL [I440-T-inner style '\n' ' \t ']: ['raw HTML line', 'raw HTML line', 'prose line', 'prose line']
  FAIL [I440-T-inner style 'x' '\x0b']: ['raw HTML line', 'prose line', 'prose line']
  FAIL [I440-T-inner style 'x' '\x0c']: ['raw HTML line', 'prose line', 'prose line']
  FAIL [I440-T-inner style 'x' '\r']: ['raw HTML line', 'prose line', 'prose line']
  FAIL [I440-T-inner style 'x' '\x1c']: ['raw HTML line', 'prose line', 'prose line']
  FAIL [I440-T-inner style 'x' '\x1d']: ['raw HTML line', 'prose line', 'prose line']
  FAIL [I440-T-inner style 'x' '\x1e']: ['raw HTML line', 'prose line', 'prose line']
  FAIL [I440-T-inner style 'x' '\x1f']: ['raw HTML line', 'prose line', 'prose line']
  FAIL [I440-T-inner style 'x' '\x85']: ['raw HTML line', 'prose line', 'prose line']
  FAIL [I440-T-inner style 'x' '\xa0']: ['raw HTML line', 'prose line', 'prose line']
  FAIL [I440-T-inner style 'x' '\u1680']: ['raw HTML line', 'prose line', 'prose line']
  FAIL [I440-T-inner style 'x' '\u2000']: ['raw HTML line', 'prose line', 'prose line']
  FAIL [I440-T-inner style 'x' '\u2001']: ['raw HTML line', 'prose line', 'prose line']
  FAIL [I440-T-inner style 'x' '\u2002']: ['raw HTML line', 'prose line', 'prose line']
  FAIL [I440-T-inner style 'x' '\u2003']: ['raw HTML line', 'prose line', 'prose line']
  FAIL [I440-T-inner style 'x' '\u2004']: ['raw HTML line', 'prose line', 'prose line']
  FAIL [I440-T-inner style 'x' '\u2005']: ['raw HTML line', 'prose line', 'prose line']
  FAIL [I440-T-inner style 'x' '\u2006']: ['raw HTML line', 'prose line', 'prose line']
  FAIL [I440-T-inner style 'x' '\u2007']: ['raw HTML line', 'prose line', 'prose line']
  FAIL [I440-T-inner style 'x' '\u2008']: ['raw HTML line', 'prose line', 'prose line']
  FAIL [I440-T-inner style 'x' '\u2009']: ['raw HTML line', 'prose line', 'prose line']
  FAIL [I440-T-inner style 'x' '\u200a']: ['raw HTML line', 'prose line', 'prose line']
  FAIL [I440-T-inner style 'x' '\u2028']: ['raw HTML line', 'prose line', 'prose line']
  FAIL [I440-T-inner style 'x' '\u2029']: ['raw HTML line', 'prose line', 'prose line']
  FAIL [I440-T-inner style 'x' '\u202f']: ['raw HTML line', 'prose line', 'prose line']
  FAIL [I440-T-inner style 'x' '\u205f']: ['raw HTML line', 'prose line', 'prose line']
  FAIL [I440-T-inner style 'x' '\u3000']: ['raw HTML line', 'prose line', 'prose line']
  FAIL [I440-T-inner style 'x' ' ']: ['raw HTML line', 'prose line', 'prose line']
  FAIL [I440-T-inner style 'x' '\t']: ['raw HTML line', 'prose line', 'prose line']
  FAIL [I440-T-inner style 'x' '  ']: ['raw HTML line', 'prose line', 'prose line']
  FAIL [I440-T-inner style 'x' ' \t ']: ['raw HTML line', 'prose line', 'prose line']
  FAIL [I440-T-inner textarea '\n' '\x0b']: ['raw HTML line', 'raw HTML line', 'prose line', 'prose line']
  FAIL [I440-T-inner textarea '\n' '\x0c']: ['raw HTML line', 'raw HTML line', 'prose line', 'prose line']
  FAIL [I440-T-inner textarea '\n' '\r']: ['raw HTML line', 'raw HTML line', 'prose line', 'prose line']
  FAIL [I440-T-inner textarea '\n' '\x1c']: ['raw HTML line', 'raw HTML line', 'prose line', 'prose line']
  FAIL [I440-T-inner textarea '\n' '\x1d']: ['raw HTML line', 'raw HTML line', 'prose line', 'prose line']
  FAIL [I440-T-inner textarea '\n' '\x1e']: ['raw HTML line', 'raw HTML line', 'prose line', 'prose line']
  FAIL [I440-T-inner textarea '\n' '\x1f']: ['raw HTML line', 'raw HTML line', 'prose line', 'prose line']
  FAIL [I440-T-inner textarea '\n' '\x85']: ['raw HTML line', 'raw HTML line', 'prose line', 'prose line']
  FAIL [I440-T-inner textarea '\n' '\xa0']: ['raw HTML line', 'raw HTML line', 'prose line', 'prose line']
  FAIL [I440-T-inner textarea '\n' '\u1680']: ['raw HTML line', 'raw HTML line', 'prose line', 'prose line']
  FAIL [I440-T-inner textarea '\n' '\u2000']: ['raw HTML line', 'raw HTML line', 'prose line', 'prose line']
  FAIL [I440-T-inner textarea '\n' '\u2001']: ['raw HTML line', 'raw HTML line', 'prose line', 'prose line']
  FAIL [I440-T-inner textarea '\n' '\u2002']: ['raw HTML line', 'raw HTML line', 'prose line', 'prose line']
  FAIL [I440-T-inner textarea '\n' '\u2003']: ['raw HTML line', 'raw HTML line', 'prose line', 'prose line']
  FAIL [I440-T-inner textarea '\n' '\u2004']: ['raw HTML line', 'raw HTML line', 'prose line', 'prose line']
  FAIL [I440-T-inner textarea '\n' '\u2005']: ['raw HTML line', 'raw HTML line', 'prose line', 'prose line']
  FAIL [I440-T-inner textarea '\n' '\u2006']: ['raw HTML line', 'raw HTML line', 'prose line', 'prose line']
  FAIL [I440-T-inner textarea '\n' '\u2007']: ['raw HTML line', 'raw HTML line', 'prose line', 'prose line']
  FAIL [I440-T-inner textarea '\n' '\u2008']: ['raw HTML line', 'raw HTML line', 'prose line', 'prose line']
  FAIL [I440-T-inner textarea '\n' '\u2009']: ['raw HTML line', 'raw HTML line', 'prose line', 'prose line']
  FAIL [I440-T-inner textarea '\n' '\u200a']: ['raw HTML line', 'raw HTML line', 'prose line', 'prose line']
  FAIL [I440-T-inner textarea '\n' '\u2028']: ['raw HTML line', 'raw HTML line', 'prose line', 'prose line']
  FAIL [I440-T-inner textarea '\n' '\u2029']: ['raw HTML line', 'raw HTML line', 'prose line', 'prose line']
  FAIL [I440-T-inner textarea '\n' '\u202f']: ['raw HTML line', 'raw HTML line', 'prose line', 'prose line']
  FAIL [I440-T-inner textarea '\n' '\u205f']: ['raw HTML line', 'raw HTML line', 'prose line', 'prose line']
  FAIL [I440-T-inner textarea '\n' '\u3000']: ['raw HTML line', 'raw HTML line', 'prose line', 'prose line']
  FAIL [I440-T-inner textarea '\n' ' ']: ['raw HTML line', 'raw HTML line', 'prose line', 'prose line']
  FAIL [I440-T-inner textarea '\n' '\t']: ['raw HTML line', 'raw HTML line', 'prose line', 'prose line']
  FAIL [I440-T-inner textarea '\n' '  ']: ['raw HTML line', 'raw HTML line', 'prose line', 'prose line']
  FAIL [I440-T-inner textarea '\n' ' \t ']: ['raw HTML line', 'raw HTML line', 'prose line', 'prose line']
  FAIL [I440-T-inner textarea 'x' '\x0b']: ['raw HTML line', 'prose line', 'prose line']
  FAIL [I440-T-inner textarea 'x' '\x0c']: ['raw HTML line', 'prose line', 'prose line']
  FAIL [I440-T-inner textarea 'x' '\r']: ['raw HTML line', 'prose line', 'prose line']
  FAIL [I440-T-inner textarea 'x' '\x1c']: ['raw HTML line', 'prose line', 'prose line']
  FAIL [I440-T-inner textarea 'x' '\x1d']: ['raw HTML line', 'prose line', 'prose line']
  FAIL [I440-T-inner textarea 'x' '\x1e']: ['raw HTML line', 'prose line', 'prose line']
  FAIL [I440-T-inner textarea 'x' '\x1f']: ['raw HTML line', 'prose line', 'prose line']
  FAIL [I440-T-inner textarea 'x' '\x85']: ['raw HTML line', 'prose line', 'prose line']
  FAIL [I440-T-inner textarea 'x' '\xa0']: ['raw HTML line', 'prose line', 'prose line']
  FAIL [I440-T-inner textarea 'x' '\u1680']: ['raw HTML line', 'prose line', 'prose line']
  FAIL [I440-T-inner textarea 'x' '\u2000']: ['raw HTML line', 'prose line', 'prose line']
  FAIL [I440-T-inner textarea 'x' '\u2001']: ['raw HTML line', 'prose line', 'prose line']
  FAIL [I440-T-inner textarea 'x' '\u2002']: ['raw HTML line', 'prose line', 'prose line']
  FAIL [I440-T-inner textarea 'x' '\u2003']: ['raw HTML line', 'prose line', 'prose line']
  FAIL [I440-T-inner textarea 'x' '\u2004']: ['raw HTML line', 'prose line', 'prose line']
  FAIL [I440-T-inner textarea 'x' '\u2005']: ['raw HTML line', 'prose line', 'prose line']
  FAIL [I440-T-inner textarea 'x' '\u2006']: ['raw HTML line', 'prose line', 'prose line']
  FAIL [I440-T-inner textarea 'x' '\u2007']: ['raw HTML line', 'prose line', 'prose line']
  FAIL [I440-T-inner textarea 'x' '\u2008']: ['raw HTML line', 'prose line', 'prose line']
  FAIL [I440-T-inner textarea 'x' '\u2009']: ['raw HTML line', 'prose line', 'prose line']
  FAIL [I440-T-inner textarea 'x' '\u200a']: ['raw HTML line', 'prose line', 'prose line']
  FAIL [I440-T-inner textarea 'x' '\u2028']: ['raw HTML line', 'prose line', 'prose line']
  FAIL [I440-T-inner textarea 'x' '\u2029']: ['raw HTML line', 'prose line', 'prose line']
  FAIL [I440-T-inner textarea 'x' '\u202f']: ['raw HTML line', 'prose line', 'prose line']
  FAIL [I440-T-inner textarea 'x' '\u205f']: ['raw HTML line', 'prose line', 'prose line']
  FAIL [I440-T-inner textarea 'x' '\u3000']: ['raw HTML line', 'prose line', 'prose line']
  FAIL [I440-T-inner textarea 'x' ' ']: ['raw HTML line', 'prose line', 'prose line']
  FAIL [I440-T-inner textarea 'x' '\t']: ['raw HTML line', 'prose line', 'prose line']
  FAIL [I440-T-inner textarea 'x' '  ']: ['raw HTML line', 'prose line', 'prose line']
  FAIL [I440-T-inner textarea 'x' ' \t ']: ['raw HTML line', 'prose line', 'prose line']
TOC selftest: FAIL (443/683 arm(s))
