make: Entering directory '/tmp/a306-541-s6qjh6s5/r323-rerun/clean/tb/verilator/crf_rx'
/tmp/a306-541-s6qjh6s5/verilator-j8 --cc --exe --build -j 4 --public-flat-rw \
  --top-module crf_talker_wrap -Mdir obj_talker \
  -Wall -Wno-fatal -Wno-UNUSEDSIGNAL -Wno-UNUSEDPARAM -Wno-PINCONNECTEMPTY \
  -CFLAGS "-std=c++17 -O2 -Wall -Wextra" \
  /tmp/a306-541-s6qjh6s5/r323-rerun/clean/clean.sv ../../../hdl/common/cdc_pulse.sv ../../../hdl/common/cdc_handshake.sv \
  ../../../hdl/ieee1722/crf/KL_mmcm_drp_servo.sv crf_talker_wrap.sv \
  sim_talker_step.cpp -o Vtalker_step
make[1]: Entering directory '/tmp/a306-541-s6qjh6s5/r323-rerun/clean/tb/verilator/crf_rx/obj_talker'
g++  -I.  -MMD -I/usr/share/verilator/include -I/usr/share/verilator/include/vltstd -DVERILATOR=1 -DVM_COVERAGE=0 -DVM_SC=0 -DVM_TIMING=0 -DVM_TRACE=0 -DVM_TRACE_FST=0 -DVM_TRACE_VCD=0 -DVM_TRACE_SAIF=0 -DVM_VPI=0 -faligned-new -fcf-protection=none -Wno-bool-operation -Wno-int-in-bool-context -Wno-shadow -Wno-sign-compare -Wno-subobject-linkage -Wno-tautological-compare -Wno-uninitialized -Wno-unused-but-set-parameter -Wno-unused-but-set-variable -Wno-unused-parameter -Wno-unused-variable    -std=c++17 -O2 -Wall -Wextra   -Os  -c -o sim_talker_step.o ../sim_talker_step.cpp
g++ -Os  -I.  -MMD -I/usr/share/verilator/include -I/usr/share/verilator/include/vltstd -DVERILATOR=1 -DVM_COVERAGE=0 -DVM_SC=0 -DVM_TIMING=0 -DVM_TRACE=0 -DVM_TRACE_FST=0 -DVM_TRACE_VCD=0 -DVM_TRACE_SAIF=0 -DVM_VPI=0 -faligned-new -fcf-protection=none -Wno-bool-operation -Wno-int-in-bool-context -Wno-shadow -Wno-sign-compare -Wno-subobject-linkage -Wno-tautological-compare -Wno-uninitialized -Wno-unused-but-set-parameter -Wno-unused-but-set-variable -Wno-unused-parameter -Wno-unused-variable    -std=c++17 -O2 -Wall -Wextra   -c -o verilated.o /usr/share/verilator/include/verilated.cpp
g++ -Os  -I.  -MMD -I/usr/share/verilator/include -I/usr/share/verilator/include/vltstd -DVERILATOR=1 -DVM_COVERAGE=0 -DVM_SC=0 -DVM_TIMING=0 -DVM_TRACE=0 -DVM_TRACE_FST=0 -DVM_TRACE_VCD=0 -DVM_TRACE_SAIF=0 -DVM_VPI=0 -faligned-new -fcf-protection=none -Wno-bool-operation -Wno-int-in-bool-context -Wno-shadow -Wno-sign-compare -Wno-subobject-linkage -Wno-tautological-compare -Wno-uninitialized -Wno-unused-but-set-parameter -Wno-unused-but-set-variable -Wno-unused-parameter -Wno-unused-variable    -std=c++17 -O2 -Wall -Wextra   -c -o verilated_dpi.o /usr/share/verilator/include/verilated_dpi.cpp
g++ -Os  -I.  -MMD -I/usr/share/verilator/include -I/usr/share/verilator/include/vltstd -DVERILATOR=1 -DVM_COVERAGE=0 -DVM_SC=0 -DVM_TIMING=0 -DVM_TRACE=0 -DVM_TRACE_FST=0 -DVM_TRACE_VCD=0 -DVM_TRACE_SAIF=0 -DVM_VPI=0 -faligned-new -fcf-protection=none -Wno-bool-operation -Wno-int-in-bool-context -Wno-shadow -Wno-sign-compare -Wno-subobject-linkage -Wno-tautological-compare -Wno-uninitialized -Wno-unused-but-set-parameter -Wno-unused-but-set-variable -Wno-unused-parameter -Wno-unused-variable    -std=c++17 -O2 -Wall -Wextra   -c -o verilated_threads.o /usr/share/verilator/include/verilated_threads.cpp
python3 /usr/share/verilator/bin/verilator_includer -DVL_INCLUDE_OPT=include Vcrf_talker_wrap.cpp Vcrf_talker_wrap___024root__0.cpp Vcrf_talker_wrap__Dpi.cpp Vcrf_talker_wrap___024root__Slow.cpp Vcrf_talker_wrap___024root__0__Slow.cpp Vcrf_talker_wrap__Syms__Slow.cpp > Vcrf_talker_wrap__ALL.cpp
g++ -Os  -I.  -MMD -I/usr/share/verilator/include -I/usr/share/verilator/include/vltstd -DVERILATOR=1 -DVM_COVERAGE=0 -DVM_SC=0 -DVM_TIMING=0 -DVM_TRACE=0 -DVM_TRACE_FST=0 -DVM_TRACE_VCD=0 -DVM_TRACE_SAIF=0 -DVM_VPI=0 -faligned-new -fcf-protection=none -Wno-bool-operation -Wno-int-in-bool-context -Wno-shadow -Wno-sign-compare -Wno-subobject-linkage -Wno-tautological-compare -Wno-uninitialized -Wno-unused-but-set-parameter -Wno-unused-but-set-variable -Wno-unused-parameter -Wno-unused-variable    -std=c++17 -O2 -Wall -Wextra   -c -o Vcrf_talker_wrap__ALL.o Vcrf_talker_wrap__ALL.cpp
g++    sim_talker_step.o verilated.o verilated_dpi.o verilated_threads.o Vcrf_talker_wrap__ALL.a    -pthread -lpthread -latomic   -o Vtalker_step
rm Vcrf_talker_wrap__ALL.verilator_deplist.tmp
make[1]: Leaving directory '/tmp/a306-541-s6qjh6s5/r323-rerun/clean/tb/verilator/crf_rx/obj_talker'
- V e r i l a t i o n   R e p o r t: Verilator 5.052 2026-09-05 rev v5.052
- Verilator: Built from 0.268 MB sources in 6 modules, into 0.307 MB in 6 C++ files needing 0.000 MB
- Verilator: Walltime 5.343 s (elab=0.004, cvt=0.022, bld=5.302); cpu 0.042 s on 4 threads; allocated 19.395 MB
./obj_talker/Vtalker_step
  [ ok ] receiver-to-servo loop locks at production scale
  [ ok ] steady receiver rate is valid
  [ ok ] steady rate matches the source interval sum
steady integrator 30.723 ppm
  [ ok ] quiet: post-edge artifact was exercised
  [ ok ] quiet: sampled validity never satisfies withhold check
  [ ok ] quiet: no invalid servo boundaries       got=0 exp=0
  [ ok ] quiet: servo stays LOCKED
quiet: post-edge artifacts 550, sampled invalid 0
  [ ok ] event alignment reaches a servo boundary
scenario talker_only_pos: step 150000 ns, listener lag 0 ms
  [ ok ] crossing history reaches a servo boundary
  [ ok ] servo samples invalid history at a boundary
  [ ok ] GM change: receiver withholds crossing rate samples
  [ ok ] GM change: servo stays LOCKED on every clock
  [ ok ] GM change: no counted receiver re-lock   got=0 exp=0
  [ ok ] GM change: integrator stays within 1 ppm
  [ ok ] invalid sample cannot update the integrator got=0 exp=0
  [ ok ] GM change: receiver returns to clean valid rate
  [ ok ] GM change: recovered rate excludes talker step
  [ ok ] GM change: local PHC steps counted       got=0 exp=0
talker_only_pos: integrator range 30.703..30.703 ppm, state 4, crossing boundaries 1, invalid boundaries 1
  [ ok ] event alignment reaches a servo boundary
scenario talker_only_neg: step -150000 ns, listener lag 0 ms
  [ ok ] crossing history reaches a servo boundary
  [ ok ] servo samples invalid history at a boundary
  [ ok ] GM change: receiver withholds crossing rate samples
  [ ok ] GM change: servo stays LOCKED on every clock
  [ ok ] GM change: no counted receiver re-lock   got=0 exp=0
  [ ok ] GM change: integrator stays within 1 ppm
  [ ok ] invalid sample cannot update the integrator got=0 exp=0
  [ ok ] GM change: receiver returns to clean valid rate
  [ ok ] GM change: recovered rate excludes talker step
  [ ok ] GM change: local PHC steps counted       got=0 exp=0
talker_only_neg: integrator range 30.703..30.723 ppm, state 4, crossing boundaries 1, invalid boundaries 1
  [ ok ] event alignment reaches a servo boundary
scenario both_short_pos: step 150000 ns, listener lag 100 ms
  [ ok ] GM change: receiver withholds crossing rate samples
  [ ok ] GM change: servo stays LOCKED on every clock
  [ ok ] GM change: no counted receiver re-lock   got=0 exp=0
  [ ok ] GM change: integrator stays within 1 ppm
  [ ok ] invalid sample cannot update the integrator got=0 exp=0
  [ ok ] GM change: receiver returns to clean valid rate
  [ ok ] GM change: recovered rate excludes talker step
  [ ok ] GM change: local PHC steps counted       got=1 exp=1
both_short_pos: integrator range 30.703..30.703 ppm, state 4, crossing boundaries 0, invalid boundaries 1
  [ ok ] event alignment reaches a servo boundary
scenario both_short_neg: step -150000 ns, listener lag 100 ms
  [ ok ] GM change: receiver withholds crossing rate samples
  [ ok ] GM change: servo stays LOCKED on every clock
  [ ok ] GM change: no counted receiver re-lock   got=0 exp=0
  [ ok ] GM change: integrator stays within 1 ppm
  [ ok ] invalid sample cannot update the integrator got=0 exp=0
  [ ok ] GM change: receiver returns to clean valid rate
  [ ok ] GM change: recovered rate excludes talker step
  [ ok ] GM change: local PHC steps counted       got=1 exp=1
both_short_neg: integrator range 30.703..30.703 ppm, state 4, crossing boundaries 0, invalid boundaries 0
  [ ok ] event alignment reaches a servo boundary
scenario both_long_pos: step 150000 ns, listener lag 600 ms
  [ ok ] crossing history reaches a servo boundary
  [ ok ] servo samples invalid history at a boundary
  [ ok ] GM change: receiver withholds crossing rate samples
  [ ok ] GM change: servo stays LOCKED on every clock
  [ ok ] GM change: no counted receiver re-lock   got=0 exp=0
  [ ok ] GM change: integrator stays within 1 ppm
  [ ok ] invalid sample cannot update the integrator got=0 exp=0
  [ ok ] GM change: receiver returns to clean valid rate
  [ ok ] GM change: recovered rate excludes talker step
  [ ok ] GM change: local PHC steps counted       got=1 exp=1
both_long_pos: integrator range 30.703..30.703 ppm, state 4, crossing boundaries 1, invalid boundaries 1
  [ ok ] event alignment reaches a servo boundary
scenario both_long_neg: step -150000 ns, listener lag 600 ms
  [ ok ] crossing history reaches a servo boundary
  [ ok ] servo samples invalid history at a boundary
  [ ok ] GM change: receiver withholds crossing rate samples
  [ ok ] GM change: servo stays LOCKED on every clock
  [ ok ] GM change: no counted receiver re-lock   got=0 exp=0
  [ ok ] GM change: integrator stays within 1 ppm
  [ ok ] invalid sample cannot update the integrator got=0 exp=0
  [ ok ] GM change: receiver returns to clean valid rate
  [ ok ] GM change: recovered rate excludes talker step
  [ ok ] GM change: local PHC steps counted       got=1 exp=1
both_long_neg: integrator range 30.703..30.703 ppm, state 4, crossing boundaries 1, invalid boundaries 1
== crf_rx talker_step: checks: 69   failures: 0 ==
RESULT: PASS
make: Leaving directory '/tmp/a306-541-s6qjh6s5/r323-rerun/clean/tb/verilator/crf_rx'
%Warning-DECLFILENAME: /tmp/a306-541-s6qjh6s5/r323-rerun/clean/clean.sv:154:8: Filename 'clean' does not match MODULE name: 'KL_crf_rx'
  154 | module KL_crf_rx #(
      |        ^~~~~~~~~
                       ... For warning description see https://verilator.org/warn/DECLFILENAME?v=5.052
                       ... Use "/* verilator lint_off DECLFILENAME */" and lint_on around source to disable this message.
