make: Entering directory '$VALIDATION/tb/verilator/datapath'
verilator --cc --exe --build -j 0 --top-module datapath_wrap +incdir+../../../hdl/common +incdir+../../../hdl/ieee8021q/ts -Wall -Wno-fatal -Wno-DECLFILENAME -Wno-UNUSEDSIGNAL -Wno-WIDTHEXPAND -Wno-WIDTHTRUNC -Wno-UNUSEDPARAM -Wno-PINCONNECTEMPTY -Wno-IMPORTSTAR -Wno-CASEINCOMPLETE -Wno-EOFNEWLINE -CFLAGS "-std=c++17 -O2 -Wall -Wextra" ../../../hdl/common/ethernet_packet_pkg.sv ../../../hdl/common/axi_stream_if.sv ../../../third_party/verilog-axis/rtl/axis_fifo.v ../../../third_party/verilog-axis/rtl/axis_demux.v ../../../third_party/verilog-axis/rtl/axis_arb_mux.v ../../../third_party/verilog-axis/rtl/arbiter.v ../../../third_party/verilog-axis/rtl/priority_encoder.v ../../../hdl/ieee8021q/ts/traffic_class_map.sv ../../../hdl/ieee8021q/ts/traffic_classifier.sv ../../../hdl/ieee8021q/ts/credit_based_shaper.sv ../../../hdl/ieee8021q/ts/traffic_shaping_core.sv ../../../hdl/ieee8021q/ts/traffic_queues.sv ../../../hdl/ieee8021q/ts/traffic_controller_802_1q.sv datapath_wrap.sv sim_main.cpp -o Vdatapath_sim
%Warning-PINMISSING: ../../../hdl/ieee8021q/ts/../../../hdl/ieee8021q/ts/traffic_classifier.sv:75:46: Instance has missing pin: 'clk'
   75 | axi_stream_if #(.TDATA_WIDTH_P(TDATA_WIDTH)) m_axis_fifo();
      |                                              ^~~~~~~~~~~
                     ../../../hdl/ieee8021q/ts/../../../hdl/common/axi_stream_if.sv:28:15: ... Location of port declaration
   28 |     input bit clk,
      |               ^~~
                     ... For warning description see https://verilator.org/warn/PINMISSING?v=5.052
                     ... Use "/* verilator lint_off PINMISSING */" and lint_on around source to disable this message.
%Warning-PINMISSING: ../../../hdl/ieee8021q/ts/../../../hdl/ieee8021q/ts/traffic_classifier.sv:75:46: Instance has missing pin: 'rst_n'
   75 | axi_stream_if #(.TDATA_WIDTH_P(TDATA_WIDTH)) m_axis_fifo();
      |                                              ^~~~~~~~~~~
                     ../../../hdl/ieee8021q/ts/../../../hdl/common/axi_stream_if.sv:29:15: ... Location of port declaration
   29 |     input bit rst_n
      |               ^~~~~
%Warning-PINMISSING: ../../../hdl/ieee8021q/ts/../../../hdl/ieee8021q/ts/traffic_controller_802_1q.sv:74:77: Instance has missing pin: 'clk'
   74 |   axi_stream_if #(.TDATA_WIDTH_P(TDATA_WIDTH), .TDEST_WIDTH_P(TDEST_WIDTH)) classifier_to_queue();
      |                                                                             ^~~~~~~~~~~~~~~~~~~
                     ../../../hdl/ieee8021q/ts/../../../hdl/common/axi_stream_if.sv:28:15: ... Location of port declaration
   28 |     input bit clk,
      |               ^~~
%Warning-PINMISSING: ../../../hdl/ieee8021q/ts/../../../hdl/ieee8021q/ts/traffic_controller_802_1q.sv:74:77: Instance has missing pin: 'rst_n'
   74 |   axi_stream_if #(.TDATA_WIDTH_P(TDATA_WIDTH), .TDEST_WIDTH_P(TDEST_WIDTH)) classifier_to_queue();
      |                                                                             ^~~~~~~~~~~~~~~~~~~
                     ../../../hdl/ieee8021q/ts/../../../hdl/common/axi_stream_if.sv:29:15: ... Location of port declaration
   29 |     input bit rst_n
      |               ^~~~~
%Warning-PINMISSING: ../../../hdl/ieee8021q/ts/../../../hdl/ieee8021q/ts/traffic_controller_802_1q.sv:76:77: Instance has missing pin: 'clk'
   76 |   axi_stream_if #(.TDATA_WIDTH_P(TDATA_WIDTH), .TDEST_WIDTH_P(TDEST_WIDTH)) queue_to_shaper();
      |                                                                             ^~~~~~~~~~~~~~~
                     ../../../hdl/ieee8021q/ts/../../../hdl/common/axi_stream_if.sv:28:15: ... Location of port declaration
   28 |     input bit clk,
      |               ^~~
%Warning-PINMISSING: ../../../hdl/ieee8021q/ts/../../../hdl/ieee8021q/ts/traffic_controller_802_1q.sv:76:77: Instance has missing pin: 'rst_n'
   76 |   axi_stream_if #(.TDATA_WIDTH_P(TDATA_WIDTH), .TDEST_WIDTH_P(TDEST_WIDTH)) queue_to_shaper();
      |                                                                             ^~~~~~~~~~~~~~~
                     ../../../hdl/ieee8021q/ts/../../../hdl/common/axi_stream_if.sv:29:15: ... Location of port declaration
   29 |     input bit rst_n
      |               ^~~~~
%Warning-PINMISSING: datapath_wrap.sv:48:77: Instance has missing pin: 'clk'
   48 |   axi_stream_if #(.TDATA_WIDTH_P(TDATA_WIDTH), .TDEST_WIDTH_P(TDEST_WIDTH)) s_axis();
      |                                                                             ^~~~~~
                     ../../../hdl/ieee8021q/ts/../../../hdl/common/axi_stream_if.sv:28:15: ... Location of port declaration
   28 |     input bit clk,
      |               ^~~
%Warning-PINMISSING: datapath_wrap.sv:48:77: Instance has missing pin: 'rst_n'
   48 |   axi_stream_if #(.TDATA_WIDTH_P(TDATA_WIDTH), .TDEST_WIDTH_P(TDEST_WIDTH)) s_axis();
      |                                                                             ^~~~~~
                     ../../../hdl/ieee8021q/ts/../../../hdl/common/axi_stream_if.sv:29:15: ... Location of port declaration
   29 |     input bit rst_n
      |               ^~~~~
%Warning-PINMISSING: datapath_wrap.sv:49:77: Instance has missing pin: 'clk'
   49 |   axi_stream_if #(.TDATA_WIDTH_P(TDATA_WIDTH), .TDEST_WIDTH_P(TDEST_WIDTH)) m_axis();
      |                                                                             ^~~~~~
                     ../../../hdl/ieee8021q/ts/../../../hdl/common/axi_stream_if.sv:28:15: ... Location of port declaration
   28 |     input bit clk,
      |               ^~~
%Warning-PINMISSING: datapath_wrap.sv:49:77: Instance has missing pin: 'rst_n'
   49 |   axi_stream_if #(.TDATA_WIDTH_P(TDATA_WIDTH), .TDEST_WIDTH_P(TDEST_WIDTH)) m_axis();
      |                                                                             ^~~~~~
                     ../../../hdl/ieee8021q/ts/../../../hdl/common/axi_stream_if.sv:29:15: ... Location of port declaration
   29 |     input bit rst_n
      |               ^~~~~
%Warning-TIMESCALEMOD: ../../../hdl/ieee8021q/ts/../../../hdl/common/ethernet_packet_pkg.sv:28:9: Timescale missing on this module as other modules have it (IEEE 1800-2023 3.14.2.3)
   28 | package ethernet_packet_pkg;
      |         ^~~~~~~~~~~~~~~~~~~
                       ../../../hdl/ieee8021q/ts/../../../third_party/verilog-axis/rtl/axis_fifo.v:34:8: ... Location of module with timescale
   34 | module axis_fifo #
      |        ^~~~~~~~~
                       ... For warning description see https://verilator.org/warn/TIMESCALEMOD?v=5.052
                       ... Use "/* verilator lint_off TIMESCALEMOD */" and lint_on around source to disable this message.
%Warning-GENUNNAMED: ../../../hdl/ieee8021q/ts/../../../third_party/verilog-axis/rtl/axis_fifo.v:223:63: Unnamed generate block 'genblk1' (IEEE 1800-2023 27.6)
                                                                                                       : ... Suggest assign a label with 'begin : gen_<label_name>'
  223 |     if (KEEP_ENABLE) assign s_axis[KEEP_OFFSET +: KEEP_WIDTH] = s_axis_tkeep;
      |                                                               ^
                     ... For warning description see https://verilator.org/warn/GENUNNAMED?v=5.052
                     ... Use "/* verilator lint_off GENUNNAMED */" and lint_on around source to disable this message.
%Warning-GENUNNAMED: ../../../hdl/ieee8021q/ts/../../../third_party/verilog-axis/rtl/axis_fifo.v:224:63: Unnamed generate block 'genblk2' (IEEE 1800-2023 27.6)
                                                                                                       : ... Suggest assign a label with 'begin : gen_<label_name>'
  224 |     if (LAST_ENABLE) assign s_axis[LAST_OFFSET]               = s_axis_tlast | mark_frame_reg;
      |                                                               ^
%Warning-GENUNNAMED: ../../../hdl/ieee8021q/ts/../../../third_party/verilog-axis/rtl/axis_fifo.v:225:63: Unnamed generate block 'genblk3' (IEEE 1800-2023 27.6)
                                                                                                       : ... Suggest assign a label with 'begin : gen_<label_name>'
  225 |     if (ID_ENABLE)   assign s_axis[ID_OFFSET   +: ID_WIDTH]   = s_axis_tid;
      |                                                               ^
%Warning-GENUNNAMED: ../../../hdl/ieee8021q/ts/../../../third_party/verilog-axis/rtl/axis_fifo.v:226:63: Unnamed generate block 'genblk4' (IEEE 1800-2023 27.6)
                                                                                                       : ... Suggest assign a label with 'begin : gen_<label_name>'
  226 |     if (DEST_ENABLE) assign s_axis[DEST_OFFSET +: DEST_WIDTH] = s_axis_tdest;
      |                                                               ^
%Warning-GENUNNAMED: ../../../hdl/ieee8021q/ts/../../../third_party/verilog-axis/rtl/axis_fifo.v:227:63: Unnamed generate block 'genblk5' (IEEE 1800-2023 27.6)
                                                                                                       : ... Suggest assign a label with 'begin : gen_<label_name>'
  227 |     if (USER_ENABLE) assign s_axis[USER_OFFSET +: USER_WIDTH] = mark_frame_reg ? USER_BAD_FRAME_VALUE : s_axis_tuser;
      |                                                               ^
%Warning-GENUNNAMED: ../../../hdl/ieee8021q/ts/../../../third_party/verilog-axis/rtl/axis_fifo.v:409:26: Unnamed generate block 'genblk6' (IEEE 1800-2023 27.6)
                                                                                                       : ... Suggest assign a label with 'begin : gen_<label_name>'
  409 | if (!OUTPUT_FIFO_ENABLE) begin
      |                          ^~~~~
%Warning-GENUNNAMED: ../../../hdl/ieee8021q/ts/../../../third_party/verilog-axis/rtl/axis_fifo.v:546:10: Unnamed generate block 'genblk7' (IEEE 1800-2023 27.6)
                                                                                                       : ... Suggest assign a label with 'begin : gen_<label_name>'
  546 | end else begin
      |          ^~~~~
%Warning-GENUNNAMED: ../../../hdl/ieee8021q/ts/../../../third_party/verilog-axis/rtl/priority_encoder.v:62:32: Unnamed generate block 'genblk1' (IEEE 1800-2023 27.6)
                                                                                                             : ... Suggest assign a label with 'begin : gen_<label_name>'
   62 |         if (LSB_HIGH_PRIORITY) begin
      |                                ^~~~~
%Warning-GENUNNAMED: ../../../hdl/ieee8021q/ts/../../../third_party/verilog-axis/rtl/priority_encoder.v:65:18: Unnamed generate block 'genblk1' (IEEE 1800-2023 27.6)
                                                                                                             : ... Suggest assign a label with 'begin : gen_<label_name>'
   65 |         end else begin
      |                  ^~~~~
%Warning-GENUNNAMED: ../../../hdl/ieee8021q/ts/../../../third_party/verilog-axis/rtl/priority_encoder.v:75:36: Unnamed generate block 'genblk1' (IEEE 1800-2023 27.6)
                                                                                                             : ... Suggest assign a label with 'begin : gen_<label_name>'
   75 |             if (LSB_HIGH_PRIORITY) begin
      |                                    ^~~~~
%Warning-GENUNNAMED: ../../../hdl/ieee8021q/ts/../../../third_party/verilog-axis/rtl/priority_encoder.v:78:22: Unnamed generate block 'genblk1' (IEEE 1800-2023 27.6)
                                                                                                             : ... Suggest assign a label with 'begin : gen_<label_name>'
   78 |             end else begin
      |                      ^~~~~
%Warning-VARHIDDEN: datapath_wrap.sv:13:17: Declaration of signal hides declaration in upper scope: 'TDATA_WIDTH'
   13 |   parameter int TDATA_WIDTH = 64,
      |                 ^~~~~~~~~~~
                    ../../../hdl/ieee8021q/ts/../../../hdl/common/ethernet_packet_pkg.sv:39:15: ... Location of original declaration
   39 | parameter int TDATA_WIDTH = 64;
      |               ^~~~~~~~~~~
                    ... For warning description see https://verilator.org/warn/VARHIDDEN?v=5.052
                    ... Use "/* verilator lint_off VARHIDDEN */" and lint_on around source to disable this message.
%Warning-VARHIDDEN: datapath_wrap.sv:14:17: Declaration of signal hides declaration in upper scope: 'NUMBER_OF_QUEUES'
   14 |   parameter int NUMBER_OF_QUEUES = 5,
      |                 ^~~~~~~~~~~~~~~~
                    ../../../hdl/ieee8021q/ts/../../../hdl/common/ethernet_packet_pkg.sv:93:15: ... Location of original declaration
   93 | parameter int NUMBER_OF_QUEUES = 5;
      |               ^~~~~~~~~~~~~~~~
%Warning-VARHIDDEN: ../../../hdl/ieee8021q/ts/../../../hdl/ieee8021q/ts/traffic_controller_802_1q.sv:38:17: Declaration of signal hides declaration in upper scope: 'TDATA_WIDTH'
   38 |   parameter int TDATA_WIDTH = 64,              
      |                 ^~~~~~~~~~~
                    ../../../hdl/ieee8021q/ts/../../../hdl/common/ethernet_packet_pkg.sv:39:15: ... Location of original declaration
   39 | parameter int TDATA_WIDTH = 64;
      |               ^~~~~~~~~~~
%Warning-VARHIDDEN: ../../../hdl/ieee8021q/ts/../../../hdl/ieee8021q/ts/traffic_controller_802_1q.sv:41:17: Declaration of signal hides declaration in upper scope: 'NUMBER_OF_QUEUES'
   41 |   parameter int NUMBER_OF_QUEUES = 5,          
      |                 ^~~~~~~~~~~~~~~~
                    ../../../hdl/ieee8021q/ts/../../../hdl/common/ethernet_packet_pkg.sv:93:15: ... Location of original declaration
   93 | parameter int NUMBER_OF_QUEUES = 5;
      |               ^~~~~~~~~~~~~~~~
%Warning-VARHIDDEN: ../../../hdl/ieee8021q/ts/../../../hdl/ieee8021q/ts/traffic_classifier.sv:53:17: Declaration of signal hides declaration in upper scope: 'TDATA_WIDTH'
   53 |   parameter int TDATA_WIDTH = 64,       
      |                 ^~~~~~~~~~~
                    ../../../hdl/ieee8021q/ts/../../../hdl/common/ethernet_packet_pkg.sv:39:15: ... Location of original declaration
   39 | parameter int TDATA_WIDTH = 64;
      |               ^~~~~~~~~~~
%Warning-VARHIDDEN: ../../../hdl/ieee8021q/ts/../../../hdl/ieee8021q/ts/traffic_classifier.sv:55:17: Declaration of signal hides declaration in upper scope: 'NUMBER_OF_QUEUES'
   55 |   parameter int NUMBER_OF_QUEUES = 5,   
      |                 ^~~~~~~~~~~~~~~~
                    ../../../hdl/ieee8021q/ts/../../../hdl/common/ethernet_packet_pkg.sv:93:15: ... Location of original declaration
   93 | parameter int NUMBER_OF_QUEUES = 5;
      |               ^~~~~~~~~~~~~~~~
%Warning-VARHIDDEN: ../../../hdl/ieee8021q/ts/../../../hdl/ieee8021q/ts/traffic_class_map.sv:74:17: Declaration of signal hides declaration in upper scope: 'NUMBER_OF_QUEUES'
   74 |   parameter int NUMBER_OF_QUEUES = 5,                     
      |                 ^~~~~~~~~~~~~~~~
                    ../../../hdl/ieee8021q/ts/../../../hdl/common/ethernet_packet_pkg.sv:93:15: ... Location of original declaration
   93 | parameter int NUMBER_OF_QUEUES = 5;
      |               ^~~~~~~~~~~~~~~~
%Warning-VARHIDDEN: ../../../hdl/ieee8021q/ts/../../../hdl/ieee8021q/ts/traffic_queues.sv:33:17: Declaration of signal hides declaration in upper scope: 'TDATA_WIDTH'
   33 |   parameter int TDATA_WIDTH = 64,      
      |                 ^~~~~~~~~~~
                    ../../../hdl/ieee8021q/ts/../../../hdl/common/ethernet_packet_pkg.sv:39:15: ... Location of original declaration
   39 | parameter int TDATA_WIDTH = 64;
      |               ^~~~~~~~~~~
%Warning-VARHIDDEN: ../../../hdl/ieee8021q/ts/../../../hdl/ieee8021q/ts/traffic_queues.sv:34:17: Declaration of signal hides declaration in upper scope: 'NUMBER_OF_QUEUES'
   34 |   parameter int NUMBER_OF_QUEUES = 5,  
      |                 ^~~~~~~~~~~~~~~~
                    ../../../hdl/ieee8021q/ts/../../../hdl/common/ethernet_packet_pkg.sv:93:15: ... Location of original declaration
   93 | parameter int NUMBER_OF_QUEUES = 5;
      |               ^~~~~~~~~~~~~~~~
%Warning-VARHIDDEN: ../../../hdl/ieee8021q/ts/../../../hdl/ieee8021q/ts/traffic_shaping_core.sv:48:17: Declaration of signal hides declaration in upper scope: 'TDATA_WIDTH'
   48 |   parameter int TDATA_WIDTH = 64,      
      |                 ^~~~~~~~~~~
                    ../../../hdl/ieee8021q/ts/../../../hdl/common/ethernet_packet_pkg.sv:39:15: ... Location of original declaration
   39 | parameter int TDATA_WIDTH = 64;
      |               ^~~~~~~~~~~
%Warning-VARHIDDEN: ../../../hdl/ieee8021q/ts/../../../hdl/ieee8021q/ts/traffic_shaping_core.sv:49:17: Declaration of signal hides declaration in upper scope: 'NUMBER_OF_QUEUES'
   49 |   parameter int NUMBER_OF_QUEUES = 5,  
      |                 ^~~~~~~~~~~~~~~~
                    ../../../hdl/ieee8021q/ts/../../../hdl/common/ethernet_packet_pkg.sv:93:15: ... Location of original declaration
   93 | parameter int NUMBER_OF_QUEUES = 5;
      |               ^~~~~~~~~~~~~~~~
%Warning-VARHIDDEN: ../../../hdl/ieee8021q/ts/../../../hdl/ieee8021q/ts/credit_based_shaper.sv:83:17: Declaration of signal hides declaration in upper scope: 'CLK_FREQ_HZ'
   83 |   parameter int CLK_FREQ_HZ = 100_000_000   
      |                 ^~~~~~~~~~~
                    ../../../hdl/ieee8021q/ts/../../../hdl/common/ethernet_packet_pkg.sv:344:15: ... Location of original declaration
  344 | parameter int CLK_FREQ_HZ = 100_000_000;
      |               ^~~~~~~~~~~
%Warning-SELRANGE: ../../../hdl/ieee8021q/ts/../../../third_party/verilog-axis/rtl/axis_fifo.v:238:65: Selection index out of range: 80:73 outside 72:0
                                                                                                     : ... note: In instance 'datapath_wrap.dut.buffer_queues.fifo_gen[4].eth_packet_buffer'
  238 | wire [ID_WIDTH-1:0]    m_axis_tid_pipe    = ID_ENABLE   ? m_axis[ID_OFFSET +: ID_WIDTH] : {ID_WIDTH{1'b0}};
      |                                                                 ^
                   ... For warning description see https://verilator.org/warn/SELRANGE?v=5.052
                   ... Use "/* verilator lint_off SELRANGE */" and lint_on around source to disable this message.
%Warning-SELRANGE: ../../../hdl/ieee8021q/ts/../../../third_party/verilog-axis/rtl/axis_fifo.v:239:65: Selection index out of range: 80:73 outside 72:0
                                                                                                     : ... note: In instance 'datapath_wrap.dut.buffer_queues.fifo_gen[4].eth_packet_buffer'
  239 | wire [DEST_WIDTH-1:0]  m_axis_tdest_pipe  = DEST_ENABLE ? m_axis[DEST_OFFSET +: DEST_WIDTH] : {DEST_WIDTH{1'b0}};
      |                                                                 ^
%Warning-SELRANGE: ../../../hdl/ieee8021q/ts/../../../third_party/verilog-axis/rtl/axis_fifo.v:240:65: Selection index out of range: 73:73 outside 72:0
                                                                                                     : ... note: In instance 'datapath_wrap.dut.buffer_queues.fifo_gen[4].eth_packet_buffer'
  240 | wire [USER_WIDTH-1:0]  m_axis_tuser_pipe  = USER_ENABLE ? m_axis[USER_OFFSET +: USER_WIDTH] : {USER_WIDTH{1'b0}};
      |                                                                 ^
%Warning-PROCASSINIT: ../../../hdl/ieee8021q/ts/../../../third_party/verilog-axis/rtl/axis_fifo.v:187:46: Procedural assignment to declaration with initial value: 'wr_ptr_reg'
                                                                                                        : ... note: In instance 'datapath_wrap.dut.classifier.eth_packet_buffer'
                                                                                                        : ... Location of variable initialization
  187 | reg [ADDR_WIDTH:0] wr_ptr_reg = {ADDR_WIDTH+1{1'b0}};
      |                                              ^
                      ../../../hdl/ieee8021q/ts/../../../third_party/verilog-axis/rtl/axis_fifo.v:281:21: ... Location of variable process write
                                                                                                        : ... Perhaps should initialize instead using a reset in this process
  281 |                     wr_ptr_reg <= wr_ptr_commit_reg;
      |                     ^~~~~~~~~~
                      ... For warning description see https://verilator.org/warn/PROCASSINIT?v=5.052
                      ... Use "/* verilator lint_off PROCASSINIT */" and lint_on around source to disable this message.
%Warning-PROCASSINIT: ../../../hdl/ieee8021q/ts/../../../third_party/verilog-axis/rtl/axis_fifo.v:188:53: Procedural assignment to declaration with initial value: 'wr_ptr_commit_reg'
                                                                                                        : ... note: In instance 'datapath_wrap.dut.classifier.eth_packet_buffer'
                                                                                                        : ... Location of variable initialization
  188 | reg [ADDR_WIDTH:0] wr_ptr_commit_reg = {ADDR_WIDTH+1{1'b0}};
      |                                                     ^
                      ../../../hdl/ieee8021q/ts/../../../third_party/verilog-axis/rtl/axis_fifo.v:298:25: ... Location of variable process write
                                                                                                        : ... Perhaps should initialize instead using a reset in this process
  298 |                         wr_ptr_commit_reg <= wr_ptr_reg + 1;
      |                         ^~~~~~~~~~~~~~~~~
%Warning-PROCASSINIT: ../../../hdl/ieee8021q/ts/../../../third_party/verilog-axis/rtl/axis_fifo.v:189:46: Procedural assignment to declaration with initial value: 'rd_ptr_reg'
                                                                                                        : ... note: In instance 'datapath_wrap.dut.classifier.eth_packet_buffer'
                                                                                                        : ... Location of variable initialization
  189 | reg [ADDR_WIDTH:0] rd_ptr_reg = {ADDR_WIDTH+1{1'b0}};
      |                                              ^
                      ../../../hdl/ieee8021q/ts/../../../third_party/verilog-axis/rtl/axis_fifo.v:397:13: ... Location of variable process write
                                                                                                        : ... Perhaps should initialize instead using a reset in this process
  397 |             rd_ptr_reg <= rd_ptr_reg + 1;
      |             ^~~~~~~~~~
%Warning-PROCASSINIT: ../../../hdl/ieee8021q/ts/../../../third_party/verilog-axis/rtl/axis_fifo.v:197:51: Procedural assignment to declaration with initial value: 'm_axis_tvalid_pipe_reg'
                                                                                                        : ... note: In instance 'datapath_wrap.dut.classifier.eth_packet_buffer'
                                                                                                        : ... Location of variable initialization
  197 | reg [RAM_PIPELINE+1-1:0] m_axis_tvalid_pipe_reg = 0;
      |                                                   ^
                      ../../../hdl/ieee8021q/ts/../../../third_party/verilog-axis/rtl/axis_fifo.v:378:9: ... Location of variable process write
                                                                                                       : ... Perhaps should initialize instead using a reset in this process
  378 |         m_axis_tvalid_pipe_reg[RAM_PIPELINE+1-1] <= 1'b0;
      |         ^~~~~~~~~~~~~~~~~~~~~~
%Warning-PROCASSINIT: ../../../hdl/ieee8021q/ts/../../../third_party/verilog-axis/rtl/axis_fifo.v:206:19: Procedural assignment to declaration with initial value: 's_frame_reg'
                                                                                                        : ... note: In instance 'datapath_wrap.dut.classifier.eth_packet_buffer'
                                                                                                        : ... Location of variable initialization
  206 | reg s_frame_reg = 1'b0;
      |                   ^~~~
                      ../../../hdl/ieee8021q/ts/../../../third_party/verilog-axis/rtl/axis_fifo.v:268:9: ... Location of variable process write
                                                                                                       : ... Perhaps should initialize instead using a reset in this process
  268 |         s_frame_reg <= !s_axis_tlast;
      |         ^~~~~~~~~~~
%Warning-PROCASSINIT: ../../../hdl/ieee8021q/ts/../../../third_party/verilog-axis/rtl/axis_fifo.v:208:22: Procedural assignment to declaration with initial value: 'drop_frame_reg'
                                                                                                        : ... note: In instance 'datapath_wrap.dut.classifier.eth_packet_buffer'
                                                                                                        : ... Location of variable initialization
  208 | reg drop_frame_reg = 1'b0;
      |                      ^~~~
                      ../../../hdl/ieee8021q/ts/../../../third_party/verilog-axis/rtl/axis_fifo.v:278:17: ... Location of variable process write
                                                                                                        : ... Perhaps should initialize instead using a reset in this process
  278 |                 drop_frame_reg <= 1'b1;
      |                 ^~~~~~~~~~~~~~
%Warning-PROCASSINIT: ../../../hdl/ieee8021q/ts/../../../third_party/verilog-axis/rtl/axis_fifo.v:209:22: Procedural assignment to declaration with initial value: 'mark_frame_reg'
                                                                                                        : ... note: In instance 'datapath_wrap.dut.classifier.eth_packet_buffer'
                                                                                                        : ... Location of variable initialization
  209 | reg mark_frame_reg = 1'b0;
      |                      ^~~~
                      ../../../hdl/ieee8021q/ts/../../../third_party/verilog-axis/rtl/axis_fifo.v:318:25: ... Location of variable process write
                                                                                                        : ... Perhaps should initialize instead using a reset in this process
  318 |                         mark_frame_reg <= 1'b0;
      |                         ^~~~~~~~~~~~~~
%Warning-PROCASSINIT: ../../../hdl/ieee8021q/ts/../../../third_party/verilog-axis/rtl/axis_fifo.v:210:22: Procedural assignment to declaration with initial value: 'send_frame_reg'
                                                                                                        : ... note: In instance 'datapath_wrap.dut.classifier.eth_packet_buffer'
                                                                                                        : ... Location of variable initialization
  210 | reg send_frame_reg = 1'b0;
      |                      ^~~~
                      ../../../hdl/ieee8021q/ts/../../../third_party/verilog-axis/rtl/axis_fifo.v:291:21: ... Location of variable process write
                                                                                                        : ... Perhaps should initialize instead using a reset in this process
  291 |                     send_frame_reg <= !s_axis_tlast;
      |                     ^~~~~~~~~~~~~~
%Warning-PROCASSINIT: ../../../hdl/ieee8021q/ts/../../../third_party/verilog-axis/rtl/axis_fifo.v:211:32: Procedural assignment to declaration with initial value: 'depth_reg'
                                                                                                        : ... note: In instance 'datapath_wrap.dut.classifier.eth_packet_buffer'
                                                                                                        : ... Location of variable initialization
  211 | reg [ADDR_WIDTH:0] depth_reg = 0;
      |                                ^
                      ../../../hdl/ieee8021q/ts/../../../third_party/verilog-axis/rtl/axis_fifo.v:368:5: ... Location of variable process write
                                                                                                       : ... Perhaps should initialize instead using a reset in this process
  368 |     depth_reg <= wr_ptr_reg - rd_ptr_reg;
      |     ^~~~~~~~~
%Warning-PROCASSINIT: ../../../hdl/ieee8021q/ts/../../../third_party/verilog-axis/rtl/axis_fifo.v:212:39: Procedural assignment to declaration with initial value: 'depth_commit_reg'
                                                                                                        : ... note: In instance 'datapath_wrap.dut.classifier.eth_packet_buffer'
                                                                                                        : ... Location of variable initialization
  212 | reg [ADDR_WIDTH:0] depth_commit_reg = 0;
      |                                       ^
                      ../../../hdl/ieee8021q/ts/../../../third_party/verilog-axis/rtl/axis_fifo.v:369:5: ... Location of variable process write
                                                                                                       : ... Perhaps should initialize instead using a reset in this process
  369 |     depth_commit_reg <= wr_ptr_commit_reg - rd_ptr_reg;
      |     ^~~~~~~~~~~~~~~~
%Warning-PROCASSINIT: ../../../hdl/ieee8021q/ts/../../../third_party/verilog-axis/rtl/axis_fifo.v:213:20: Procedural assignment to declaration with initial value: 'overflow_reg'
                                                                                                        : ... note: In instance 'datapath_wrap.dut.classifier.eth_packet_buffer'
                                                                                                        : ... Location of variable initialization
  213 | reg overflow_reg = 1'b0;
      |                    ^~~~
                      ../../../hdl/ieee8021q/ts/../../../third_party/verilog-axis/rtl/axis_fifo.v:262:5: ... Location of variable process write
                                                                                                       : ... Perhaps should initialize instead using a reset in this process
  262 |     overflow_reg <= 1'b0;
      |     ^~~~~~~~~~~~
%Warning-PROCASSINIT: ../../../hdl/ieee8021q/ts/../../../third_party/verilog-axis/rtl/axis_fifo.v:214:21: Procedural assignment to declaration with initial value: 'bad_frame_reg'
                                                                                                        : ... note: In instance 'datapath_wrap.dut.classifier.eth_packet_buffer'
                                                                                                        : ... Location of variable initialization
  214 | reg bad_frame_reg = 1'b0;
      |                     ^~~~
                      ../../../hdl/ieee8021q/ts/../../../third_party/verilog-axis/rtl/axis_fifo.v:263:5: ... Location of variable process write
                                                                                                       : ... Perhaps should initialize instead using a reset in this process
  263 |     bad_frame_reg <= 1'b0;
      |     ^~~~~~~~~~~~~
%Warning-PROCASSINIT: ../../../hdl/ieee8021q/ts/../../../third_party/verilog-axis/rtl/axis_fifo.v:215:22: Procedural assignment to declaration with initial value: 'good_frame_reg'
                                                                                                        : ... note: In instance 'datapath_wrap.dut.classifier.eth_packet_buffer'
                                                                                                        : ... Location of variable initialization
  215 | reg good_frame_reg = 1'b0;
      |                      ^~~~
                      ../../../hdl/ieee8021q/ts/../../../third_party/verilog-axis/rtl/axis_fifo.v:264:5: ... Location of variable process write
                                                                                                       : ... Perhaps should initialize instead using a reset in this process
  264 |     good_frame_reg <= 1'b0;
      |     ^~~~~~~~~~~~~~
%Warning-PROCASSINIT: ../../../hdl/ieee8021q/ts/../../../third_party/verilog-axis/rtl/axis_demux.v:116:46: Procedural assignment to declaration with initial value: 'select_reg'
                                                                                                         : ... note: In instance 'datapath_wrap.dut.buffer_queues.mux_queues'
                                                                                                         : ... Location of variable initialization
  116 | reg [CL_M_COUNT-1:0] select_reg = {CL_M_COUNT{1'b0}}, select_ctl, select_next;
      |                                              ^
                      ../../../hdl/ieee8021q/ts/../../../third_party/verilog-axis/rtl/axis_demux.v:187:5: ... Location of variable process write
                                                                                                        : ... Perhaps should initialize instead using a reset in this process
  187 |     select_reg <= select_next;
      |     ^~~~~~~~~~
%Warning-PROCASSINIT: ../../../hdl/ieee8021q/ts/../../../third_party/verilog-axis/rtl/axis_demux.v:117:16: Procedural assignment to declaration with initial value: 'drop_reg'
                                                                                                         : ... note: In instance 'datapath_wrap.dut.buffer_queues.mux_queues'
                                                                                                         : ... Location of variable initialization
  117 | reg drop_reg = 1'b0, drop_ctl, drop_next;
      |                ^~~~
                      ../../../hdl/ieee8021q/ts/../../../third_party/verilog-axis/rtl/axis_demux.v:188:5: ... Location of variable process write
                                                                                                        : ... Perhaps should initialize instead using a reset in this process
  188 |     drop_reg <= drop_next;
      |     ^~~~~~~~
%Warning-PROCASSINIT: ../../../hdl/ieee8021q/ts/../../../third_party/verilog-axis/rtl/axis_demux.v:118:17: Procedural assignment to declaration with initial value: 'frame_reg'
                                                                                                         : ... note: In instance 'datapath_wrap.dut.buffer_queues.mux_queues'
                                                                                                         : ... Location of variable initialization
  118 | reg frame_reg = 1'b0, frame_ctl, frame_next;
      |                 ^~~~
                      ../../../hdl/ieee8021q/ts/../../../third_party/verilog-axis/rtl/axis_demux.v:189:5: ... Location of variable process write
                                                                                                        : ... Perhaps should initialize instead using a reset in this process
  189 |     frame_reg <= frame_next;
      |     ^~~~~~~~~
%Warning-PROCASSINIT: ../../../hdl/ieee8021q/ts/../../../third_party/verilog-axis/rtl/axis_demux.v:120:25: Procedural assignment to declaration with initial value: 's_axis_tready_reg'
                                                                                                         : ... note: In instance 'datapath_wrap.dut.buffer_queues.mux_queues'
                                                                                                         : ... Location of variable initialization
  120 | reg s_axis_tready_reg = 1'b0, s_axis_tready_next;
      |                         ^~~~
                      ../../../hdl/ieee8021q/ts/../../../third_party/verilog-axis/rtl/axis_demux.v:190:5: ... Location of variable process write
                                                                                                        : ... Perhaps should initialize instead using a reset in this process
  190 |     s_axis_tready_reg <= s_axis_tready_next;
      |     ^~~~~~~~~~~~~~~~~
%Warning-PROCASSINIT: ../../../hdl/ieee8021q/ts/../../../third_party/verilog-axis/rtl/axis_demux.v:126:50: Procedural assignment to declaration with initial value: 'm_axis_tready_int_reg'
                                                                                                         : ... note: In instance 'datapath_wrap.dut.buffer_queues.mux_queues'
                                                                                                         : ... Location of variable initialization
  126 | reg                      m_axis_tready_int_reg = 1'b0;
      |                                                  ^~~~
                      ../../../hdl/ieee8021q/ts/../../../third_party/verilog-axis/rtl/axis_demux.v:263:5: ... Location of variable process write
                                                                                                        : ... Perhaps should initialize instead using a reset in this process
  263 |     m_axis_tready_int_reg <= m_axis_tready_int_early;
      |     ^~~~~~~~~~~~~~~~~~~~~
%Warning-PROCASSINIT: ../../../hdl/ieee8021q/ts/../../../third_party/verilog-axis/rtl/axis_demux.v:201:56: Procedural assignment to declaration with initial value: 'm_axis_tdata_reg'
                                                                                                         : ... note: In instance 'datapath_wrap.dut.buffer_queues.mux_queues'
                                                                                                         : ... Location of variable initialization
  201 | reg [DATA_WIDTH-1:0]    m_axis_tdata_reg  = {DATA_WIDTH{1'b0}};
      |                                                        ^
                      ../../../hdl/ieee8021q/ts/../../../third_party/verilog-axis/rtl/axis_demux.v:268:9: ... Location of variable process write
                                                                                                        : ... Perhaps should initialize instead using a reset in this process
  268 |         m_axis_tdata_reg <= m_axis_tdata_int;
      |         ^~~~~~~~~~~~~~~~
%Warning-PROCASSINIT: ../../../hdl/ieee8021q/ts/../../../third_party/verilog-axis/rtl/axis_demux.v:202:56: Procedural assignment to declaration with initial value: 'm_axis_tkeep_reg'
                                                                                                         : ... note: In instance 'datapath_wrap.dut.buffer_queues.mux_queues'
                                                                                                         : ... Location of variable initialization
  202 | reg [KEEP_WIDTH-1:0]    m_axis_tkeep_reg  = {KEEP_WIDTH{1'b0}};
      |                                                        ^
                      ../../../hdl/ieee8021q/ts/../../../third_party/verilog-axis/rtl/axis_demux.v:269:9: ... Location of variable process write
                                                                                                        : ... Perhaps should initialize instead using a reset in this process
  269 |         m_axis_tkeep_reg <= m_axis_tkeep_int;
      |         ^~~~~~~~~~~~~~~~
%Warning-PROCASSINIT: ../../../hdl/ieee8021q/ts/../../../third_party/verilog-axis/rtl/axis_demux.v:203:53: Procedural assignment to declaration with initial value: 'm_axis_tvalid_reg'
                                                                                                         : ... note: In instance 'datapath_wrap.dut.buffer_queues.mux_queues'
                                                                                                         : ... Location of variable initialization
  203 | reg [M_COUNT-1:0]       m_axis_tvalid_reg = {M_COUNT{1'b0}}, m_axis_tvalid_next;
      |                                                     ^
                      ../../../hdl/ieee8021q/ts/../../../third_party/verilog-axis/rtl/axis_demux.v:262:5: ... Location of variable process write
                                                                                                        : ... Perhaps should initialize instead using a reset in this process
  262 |     m_axis_tvalid_reg <= m_axis_tvalid_next;
      |     ^~~~~~~~~~~~~~~~~
%Warning-PROCASSINIT: ../../../hdl/ieee8021q/ts/../../../third_party/verilog-axis/rtl/axis_demux.v:204:45: Procedural assignment to declaration with initial value: 'm_axis_tlast_reg'
                                                                                                         : ... note: In instance 'datapath_wrap.dut.buffer_queues.mux_queues'
                                                                                                         : ... Location of variable initialization
  204 | reg                     m_axis_tlast_reg  = 1'b0;
      |                                             ^~~~
                      ../../../hdl/ieee8021q/ts/../../../third_party/verilog-axis/rtl/axis_demux.v:270:9: ... Location of variable process write
                                                                                                        : ... Perhaps should initialize instead using a reset in this process
  270 |         m_axis_tlast_reg <= m_axis_tlast_int;
      |         ^~~~~~~~~~~~~~~~
%Warning-PROCASSINIT: ../../../hdl/ieee8021q/ts/../../../third_party/verilog-axis/rtl/axis_demux.v:205:54: Procedural assignment to declaration with initial value: 'm_axis_tid_reg'
                                                                                                         : ... note: In instance 'datapath_wrap.dut.buffer_queues.mux_queues'
                                                                                                         : ... Location of variable initialization
  205 | reg [ID_WIDTH-1:0]      m_axis_tid_reg    = {ID_WIDTH{1'b0}};
      |                                                      ^
                      ../../../hdl/ieee8021q/ts/../../../third_party/verilog-axis/rtl/axis_demux.v:271:9: ... Location of variable process write
                                                                                                        : ... Perhaps should initialize instead using a reset in this process
  271 |         m_axis_tid_reg   <= m_axis_tid_int;
      |         ^~~~~~~~~~~~~~
%Warning-PROCASSINIT: ../../../hdl/ieee8021q/ts/../../../third_party/verilog-axis/rtl/axis_demux.v:206:62: Procedural assignment to declaration with initial value: 'm_axis_tdest_reg'
                                                                                                         : ... note: In instance 'datapath_wrap.dut.buffer_queues.mux_queues'
                                                                                                         : ... Location of variable initialization
  206 | reg [M_DEST_WIDTH-1:0]  m_axis_tdest_reg  = {M_DEST_WIDTH_INT{1'b0}};
      |                                                              ^
                      ../../../hdl/ieee8021q/ts/../../../third_party/verilog-axis/rtl/axis_demux.v:272:9: ... Location of variable process write
                                                                                                        : ... Perhaps should initialize instead using a reset in this process
  272 |         m_axis_tdest_reg <= m_axis_tdest_int;
      |         ^~~~~~~~~~~~~~~~
%Warning-PROCASSINIT: ../../../hdl/ieee8021q/ts/../../../third_party/verilog-axis/rtl/axis_demux.v:207:56: Procedural assignment to declaration with initial value: 'm_axis_tuser_reg'
                                                                                                         : ... note: In instance 'datapath_wrap.dut.buffer_queues.mux_queues'
                                                                                                         : ... Location of variable initialization
  207 | reg [USER_WIDTH-1:0]    m_axis_tuser_reg  = {USER_WIDTH{1'b0}};
      |                                                        ^
                      ../../../hdl/ieee8021q/ts/../../../third_party/verilog-axis/rtl/axis_demux.v:273:9: ... Location of variable process write
                                                                                                        : ... Perhaps should initialize instead using a reset in this process
  273 |         m_axis_tuser_reg <= m_axis_tuser_int;
      |         ^~~~~~~~~~~~~~~~
%Warning-PROCASSINIT: ../../../hdl/ieee8021q/ts/../../../third_party/verilog-axis/rtl/axis_demux.v:209:61: Procedural assignment to declaration with initial value: 'temp_m_axis_tdata_reg'
                                                                                                         : ... note: In instance 'datapath_wrap.dut.buffer_queues.mux_queues'
                                                                                                         : ... Location of variable initialization
  209 | reg [DATA_WIDTH-1:0]    temp_m_axis_tdata_reg  = {DATA_WIDTH{1'b0}};
      |                                                             ^
                      ../../../hdl/ieee8021q/ts/../../../third_party/verilog-axis/rtl/axis_demux.v:284:9: ... Location of variable process write
                                                                                                        : ... Perhaps should initialize instead using a reset in this process
  284 |         temp_m_axis_tdata_reg <= m_axis_tdata_int;
      |         ^~~~~~~~~~~~~~~~~~~~~
%Warning-PROCASSINIT: ../../../hdl/ieee8021q/ts/../../../third_party/verilog-axis/rtl/axis_demux.v:210:61: Procedural assignment to declaration with initial value: 'temp_m_axis_tkeep_reg'
                                                                                                         : ... note: In instance 'datapath_wrap.dut.buffer_queues.mux_queues'
                                                                                                         : ... Location of variable initialization
  210 | reg [KEEP_WIDTH-1:0]    temp_m_axis_tkeep_reg  = {KEEP_WIDTH{1'b0}};
      |                                                             ^
                      ../../../hdl/ieee8021q/ts/../../../third_party/verilog-axis/rtl/axis_demux.v:285:9: ... Location of variable process write
                                                                                                        : ... Perhaps should initialize instead using a reset in this process
  285 |         temp_m_axis_tkeep_reg <= m_axis_tkeep_int;
      |         ^~~~~~~~~~~~~~~~~~~~~
%Warning-PROCASSINIT: ../../../hdl/ieee8021q/ts/../../../third_party/verilog-axis/rtl/axis_demux.v:211:58: Procedural assignment to declaration with initial value: 'temp_m_axis_tvalid_reg'
                                                                                                         : ... note: In instance 'datapath_wrap.dut.buffer_queues.mux_queues'
                                                                                                         : ... Location of variable initialization
  211 | reg [M_COUNT-1:0]       temp_m_axis_tvalid_reg = {M_COUNT{1'b0}}, temp_m_axis_tvalid_next;
      |                                                          ^
                      ../../../hdl/ieee8021q/ts/../../../third_party/verilog-axis/rtl/axis_demux.v:264:5: ... Location of variable process write
                                                                                                        : ... Perhaps should initialize instead using a reset in this process
  264 |     temp_m_axis_tvalid_reg <= temp_m_axis_tvalid_next;
      |     ^~~~~~~~~~~~~~~~~~~~~~
%Warning-PROCASSINIT: ../../../hdl/ieee8021q/ts/../../../third_party/verilog-axis/rtl/axis_demux.v:212:50: Procedural assignment to declaration with initial value: 'temp_m_axis_tlast_reg'
                                                                                                         : ... note: In instance 'datapath_wrap.dut.buffer_queues.mux_queues'
                                                                                                         : ... Location of variable initialization
  212 | reg                     temp_m_axis_tlast_reg  = 1'b0;
      |                                                  ^~~~
                      ../../../hdl/ieee8021q/ts/../../../third_party/verilog-axis/rtl/axis_demux.v:286:9: ... Location of variable process write
                                                                                                        : ... Perhaps should initialize instead using a reset in this process
  286 |         temp_m_axis_tlast_reg <= m_axis_tlast_int;
      |         ^~~~~~~~~~~~~~~~~~~~~
%Warning-PROCASSINIT: ../../../hdl/ieee8021q/ts/../../../third_party/verilog-axis/rtl/axis_demux.v:213:59: Procedural assignment to declaration with initial value: 'temp_m_axis_tid_reg'
                                                                                                         : ... note: In instance 'datapath_wrap.dut.buffer_queues.mux_queues'
                                                                                                         : ... Location of variable initialization
  213 | reg [ID_WIDTH-1:0]      temp_m_axis_tid_reg    = {ID_WIDTH{1'b0}};
      |                                                           ^
                      ../../../hdl/ieee8021q/ts/../../../third_party/verilog-axis/rtl/axis_demux.v:287:9: ... Location of variable process write
                                                                                                        : ... Perhaps should initialize instead using a reset in this process
  287 |         temp_m_axis_tid_reg   <= m_axis_tid_int;
      |         ^~~~~~~~~~~~~~~~~~~
%Warning-PROCASSINIT: ../../../hdl/ieee8021q/ts/../../../third_party/verilog-axis/rtl/axis_demux.v:214:67: Procedural assignment to declaration with initial value: 'temp_m_axis_tdest_reg'
                                                                                                         : ... note: In instance 'datapath_wrap.dut.buffer_queues.mux_queues'
                                                                                                         : ... Location of variable initialization
  214 | reg [M_DEST_WIDTH-1:0]  temp_m_axis_tdest_reg  = {M_DEST_WIDTH_INT{1'b0}};
      |                                                                   ^
                      ../../../hdl/ieee8021q/ts/../../../third_party/verilog-axis/rtl/axis_demux.v:288:9: ... Location of variable process write
                                                                                                        : ... Perhaps should initialize instead using a reset in this process
  288 |         temp_m_axis_tdest_reg <= m_axis_tdest_int;
      |         ^~~~~~~~~~~~~~~~~~~~~
%Warning-PROCASSINIT: ../../../hdl/ieee8021q/ts/../../../third_party/verilog-axis/rtl/axis_demux.v:215:61: Procedural assignment to declaration with initial value: 'temp_m_axis_tuser_reg'
                                                                                                         : ... note: In instance 'datapath_wrap.dut.buffer_queues.mux_queues'
                                                                                                         : ... Location of variable initialization
  215 | reg [USER_WIDTH-1:0]    temp_m_axis_tuser_reg  = {USER_WIDTH{1'b0}};
      |                                                             ^
                      ../../../hdl/ieee8021q/ts/../../../third_party/verilog-axis/rtl/axis_demux.v:289:9: ... Location of variable process write
                                                                                                        : ... Perhaps should initialize instead using a reset in this process
  289 |         temp_m_axis_tuser_reg <= m_axis_tuser_int;
      |         ^~~~~~~~~~~~~~~~~~~~~
make[1]: Entering directory '$VALIDATION/tb/verilator/datapath/obj_dir'
g++  -I.  -MMD -I/usr/share/verilator/include -I/usr/share/verilator/include/vltstd -DVERILATOR=1 -DVM_COVERAGE=0 -DVM_SC=0 -DVM_TIMING=0 -DVM_TRACE=0 -DVM_TRACE_FST=0 -DVM_TRACE_VCD=0 -DVM_TRACE_SAIF=0 -DVM_VPI=0 -faligned-new -fcf-protection=none -Wno-bool-operation -Wno-int-in-bool-context -Wno-shadow -Wno-sign-compare -Wno-subobject-linkage -Wno-tautological-compare -Wno-uninitialized -Wno-unused-but-set-parameter -Wno-unused-but-set-variable -Wno-unused-parameter -Wno-unused-variable    -std=c++17 -O2 -Wall -Wextra   -Os  -c -o sim_main.o ../sim_main.cpp
g++ -Os  -I.  -MMD -I/usr/share/verilator/include -I/usr/share/verilator/include/vltstd -DVERILATOR=1 -DVM_COVERAGE=0 -DVM_SC=0 -DVM_TIMING=0 -DVM_TRACE=0 -DVM_TRACE_FST=0 -DVM_TRACE_VCD=0 -DVM_TRACE_SAIF=0 -DVM_VPI=0 -faligned-new -fcf-protection=none -Wno-bool-operation -Wno-int-in-bool-context -Wno-shadow -Wno-sign-compare -Wno-subobject-linkage -Wno-tautological-compare -Wno-uninitialized -Wno-unused-but-set-parameter -Wno-unused-but-set-variable -Wno-unused-parameter -Wno-unused-variable    -std=c++17 -O2 -Wall -Wextra   -c -o verilated.o /usr/share/verilator/include/verilated.cpp
g++ -Os  -I.  -MMD -I/usr/share/verilator/include -I/usr/share/verilator/include/vltstd -DVERILATOR=1 -DVM_COVERAGE=0 -DVM_SC=0 -DVM_TIMING=0 -DVM_TRACE=0 -DVM_TRACE_FST=0 -DVM_TRACE_VCD=0 -DVM_TRACE_SAIF=0 -DVM_VPI=0 -faligned-new -fcf-protection=none -Wno-bool-operation -Wno-int-in-bool-context -Wno-shadow -Wno-sign-compare -Wno-subobject-linkage -Wno-tautological-compare -Wno-uninitialized -Wno-unused-but-set-parameter -Wno-unused-but-set-variable -Wno-unused-parameter -Wno-unused-variable    -std=c++17 -O2 -Wall -Wextra   -c -o verilated_threads.o /usr/share/verilator/include/verilated_threads.cpp
python3 /usr/share/verilator/bin/verilator_includer -DVL_INCLUDE_OPT=include Vdatapath_wrap.cpp Vdatapath_wrap___024root__0.cpp Vdatapath_wrap_axi_stream_if__0.cpp Vdatapath_wrap_credit_based_shaper__0.cpp Vdatapath_wrap_axi_stream_if__TC3__0.cpp Vdatapath_wrap_axis_fifo__D400_DB40_K1_KB8_U0__0.cpp Vdatapath_wrap__ConstPool__0__Slow.cpp Vdatapath_wrap___024root__Slow.cpp Vdatapath_wrap___024root__0__Slow.cpp Vdatapath_wrap___024unit__Slow.cpp Vdatapath_wrap_axi_stream_if__Slow.cpp Vdatapath_wrap_axi_stream_if__0__Slow.cpp Vdatapath_wrap_credit_based_shaper__Slow.cpp Vdatapath_wrap_credit_based_shaper__0__Slow.cpp Vdatapath_wrap_axi_stream_if__TC3__Slow.cpp Vdatapath_wrap_axi_stream_if__TC3__0__Slow.cpp Vdatapath_wrap_axis_fifo__D400_DB40_K1_KB8_U0__Slow.cpp Vdatapath_wrap_axis_fifo__D400_DB40_K1_KB8_U0__0__Slow.cpp Vdatapath_wrap__Syms__Slow.cpp > Vdatapath_wrap__ALL.cpp
g++ -Os  -I.  -MMD -I/usr/share/verilator/include -I/usr/share/verilator/include/vltstd -DVERILATOR=1 -DVM_COVERAGE=0 -DVM_SC=0 -DVM_TIMING=0 -DVM_TRACE=0 -DVM_TRACE_FST=0 -DVM_TRACE_VCD=0 -DVM_TRACE_SAIF=0 -DVM_VPI=0 -faligned-new -fcf-protection=none -Wno-bool-operation -Wno-int-in-bool-context -Wno-shadow -Wno-sign-compare -Wno-subobject-linkage -Wno-tautological-compare -Wno-uninitialized -Wno-unused-but-set-parameter -Wno-unused-but-set-variable -Wno-unused-parameter -Wno-unused-variable    -std=c++17 -O2 -Wall -Wextra   -c -o Vdatapath_wrap__ALL.o Vdatapath_wrap__ALL.cpp
g++    sim_main.o verilated.o verilated_threads.o Vdatapath_wrap__ALL.a    -pthread -lpthread -latomic   -o Vdatapath_sim
rm Vdatapath_wrap__ALL.verilator_deplist.tmp
make[1]: Leaving directory '$VALIDATION/tb/verilator/datapath/obj_dir'
- V e r i l a t i o n   R e p o r t: Verilator 5.052 2026-09-05 rev v5.052
- Verilator: Built from 1.610 MB sources in 16 modules, into 0.404 MB in 19 C++ files needing 0.001 MB
- Verilator: Walltime 5.224 s (elab=0.014, cvt=0.041, bld=5.143); cpu 0.092 s on 8 threads; allocated 23.645 MB
======================================================================
./obj_dir/Vdatapath_sim
== traffic_controller_802_1q end-to-end datapath harness ==
-- unshaped (strict priority) --
-- shaped (CBS, generous credit) --
-- burst of frames across queues --
--------------------------------------------------------------
checks: 23   failures: 0
RESULT: PASS
make: Leaving directory '$VALIDATION/tb/verilator/datapath'
