Note: Google Test filter = SrpRetry.DomainFloodCannotDelayLaterRapidLeave
[==========] Running 1 test from 1 test suite.
[----------] Global test environment set-up.
[----------] 1 test from SrpRetry
[ RUN      ] SrpRetry.DomainFloodCannotDelayLaterRapidLeave
${SOURCE}/sw/firmware/ctrl/test/srp_rx_retry.cpp:388: Failure
Expected equality of these values:
  adapter.pending_rx.len
    Which is: 30
  0u
    Which is: 0

  [FAIL] SrpRetry.DomainFloodCannotDelayLaterRapidLeave:     Which is: 0
[  FAILED  ] SrpRetry.DomainFloodCannotDelayLaterRapidLeave (24 ms)
[----------] 1 test from SrpRetry (24 ms total)

[----------] Global test environment tear-down
[==========] 1 test from 1 test suite ran. (24 ms total)
[  PASSED  ] 0 tests.
[  FAILED  ] 1 test, listed below:
[  FAILED  ] SrpRetry.DomainFloodCannotDelayLaterRapidLeave

 1 FAILED TEST
== ctrl SRP receive recovery: checks: 1   failures: 1 ==
RESULT: FAIL
  verdict: FAIL (its tallies report 1 failure(s) across 1 checks, exit 1)