Note: Google Test filter = SrpWalk.PerInterfaceWireIdentityAndUnknownOrTruncatedInput
[==========] Running 1 test from 1 test suite.
[----------] Global test environment set-up.
[----------] 1 test from SrpWalk
[ RUN      ] SrpWalk.PerInterfaceWireIdentityAndUnknownOrTruncatedInput
${SOURCE}/sw/firmware/ctrl/test/srp_walk.cpp:106: Failure
Expected equality of these values:
  adapter.malformed
    Which is: 0
  2u
    Which is: 2

  [FAIL] SrpWalk.PerInterfaceWireIdentityAndUnknownOrTruncatedInput:     Which is: 2
[  FAILED  ] SrpWalk.PerInterfaceWireIdentityAndUnknownOrTruncatedInput (0 ms)
[----------] 1 test from SrpWalk (0 ms total)

[----------] Global test environment tear-down
[==========] 1 test from 1 test suite ran. (0 ms total)
[  PASSED  ] 0 tests.
[  FAILED  ] 1 test, listed below:
[  FAILED  ] SrpWalk.PerInterfaceWireIdentityAndUnknownOrTruncatedInput

 1 FAILED TEST
== ctrl SRP processor wire differential: checks: 1   failures: 1 ==
RESULT: FAIL
  verdict: FAIL (its tallies report 1 failure(s) across 1 checks, exit 1)