ExpiryBacklogPrecedesSamePassReceive
[       OK ] Srp.ExpiryBacklogPrecedesSamePassReceive (0 ms)
[ RUN      ] Srp.ReentryFromOutputIsRefusedAndCounted
[       OK ] Srp.ReentryFromOutputIsRefusedAndCounted (0 ms)
[ RUN      ] Srp.InvalidBindingsAndDuplicateBindingsPreserveState
[       OK ] Srp.InvalidBindingsAndDuplicateBindingsPreserveState (0 ms)
[ RUN      ] Srp.ExhaustionDuringEachStartupStageReleasesEveryBlock
[       OK ] Srp.ExhaustionDuringEachStartupStageReleasesEveryBlock (0 ms)
[ RUN      ] Srp.MissingBootDependenciesRefuseBeforeAttachment
[       OK ] Srp.MissingBootDependenciesRefuseBeforeAttachment (0 ms)
[ RUN      ] Srp.AttachmentFailureIsAtomicAndDetachesAfterLoopReset
[       OK ] Srp.AttachmentFailureIsAtomicAndDetachesAfterLoopReset (0 ms)
[ RUN      ] Srp.InvalidFramesHaveNoReservationSideEffects
[       OK ] Srp.InvalidFramesHaveNoReservationSideEffects (0 ms)
[ RUN      ] Srp.ExhaustedPoolStillReusesOwnedBlocksOnLinkReset
[       OK ] Srp.ExhaustedPoolStillReusesOwnedBlocksOnLinkReset (0 ms)
[ RUN      ] Srp.ReadyFailedAndUninterestingStreamsAreSeparated
[       OK ] Srp.ReadyFailedAndUninterestingStreamsAreSeparated (0 ms)
[ RUN      ] Srp.DomainFilterAndDuplicateDoNotGrowDeclarations
[       OK ] Srp.DomainFilterAndDuplicateDoNotGrowDeclarations (0 ms)
[ RUN      ] Srp.MvrpAcceptsOnlyCurrentDomainVid
[       OK ] Srp.MvrpAcceptsOnlyCurrentDomainVid (0 ms)
[ RUN      ] Srp.WireMismatchesCannotAdmitBoundSinkAndLeaveExpiresIt
[       OK ] Srp.WireMismatchesCannotAdmitBoundSinkAndLeaveExpiresIt (0 ms)
[ RUN      ] Srp.AdmissionUsesBandwidthAndEthernetMinimum
[       OK ] Srp.AdmissionUsesBandwidthAndEthernetMinimum (0 ms)
[ RUN      ] Srp.DomainExhaustionPreservesOldDeclarationUntilRetry
[       OK ] Srp.DomainExhaustionPreservesOldDeclarationUntilRetry (0 ms)
[ RUN      ] Srp.SinkDeclarationExhaustionRetriesWithoutLosingBinding
[       OK ] Srp.SinkDeclarationExhaustionRetriesWithoutLosingBinding (0 ms)
[ RUN      ] Srp.LinkLossCancelsItsOwedFrameOnly
[       OK ] Srp.LinkLossCancelsItsOwedFrameOnly (0 ms)
[ RUN      ] Srp.OneLoopOwnsTheGlobalCentisecondDispatch
[       OK ] Srp.OneLoopOwnsTheGlobalCentisecondDispatch (0 ms)
[ RUN      ] Srp.ListenerBeforeVlanCommitCannotStartTalker
[       OK ] Srp.ListenerBeforeVlanCommitCannotStartTalker (0 ms)
[ RUN      ] Srp.SharedBindingsRetainTheListenerAndVlanUntilTheLastUnbind
[       OK ] Srp.SharedBindingsRetainTheListenerAndVlanUntilTheLastUnbind (0 ms)
[ RUN      ] Srp.BoundOldDomainVlanSurvivesDomainChange
[       OK ] Srp.BoundOldDomainVlanSurvivesDomainChange (0 ms)
[ RUN      ] Srp.PriorityOnlyDomainChangeKeepsVlanMembership
[       OK ] Srp.PriorityOnlyDomainChangeKeepsVlanMembership (0 ms)
[ RUN      ] Srp.SinkVlanExhaustionRetriesAndDistinctMembershipsRemainIndependent
[       OK ] Srp.SinkVlanExhaustionRetriesAndDistinctMembershipsRemainIndependent (0 ms)
[ RUN      ] Srp.SinkMembershipCommitsBeforeReadyAtStartup
[       OK ] Srp.SinkMembershipCommitsBeforeReadyAtStartup (0 ms)
[ RUN      ] Srp.InListenerWithdrawalRevokesLicenceImmediately
$PACKET/scratch/ctl-nomilan-suite/tests_src/srp_mbx.cpp:490: Failure
Value of: adapter.ifs[i].active[0]
  Actual: true
Expected: false

  [FAIL] Srp.InListenerWithdrawalRevokesLicenceImmediately: Expected: false
$PACKET/scratch/ctl-nomilan-suite/tests_src/srp_mbx.cpp:492: Failure
Expected equality of these values:
  adapter.stops
    Which is: 0
  1u
    Which is: 1

  [FAIL] Srp.InListenerWithdrawalRevokesLicenceImmediately:     Which is: 1
[  FAILED  ] Srp.InListenerWithdrawalRevokesLicenceImmediately (0 ms)
[ RUN      ] Srp.InTalkerWithdrawalImmediatelyWithdrawsListener
$PACKET/scratch/ctl-nomilan-suite/tests_src/srp_mbx.cpp:510: Failure
Expected equality of these values:
  adapter.ifs[i].sinks[0].declared
    Which is: '\x2' (2)
  0u
    Which is: 0

  [FAIL] Srp.InTalkerWithdrawalImmediatelyWithdrawsListener:     Which is: 0
$PACKET/scratch/ctl-nomilan-suite/tests_src/srp_mbx.cpp:515: Failure
Value of: left
  Actual: false
Expected: true

  [FAIL] Srp.InTalkerWithdrawalImmediatelyWithdrawsListener: Expected: true
[  FAILED  ] Srp.InTalkerWithdrawalImmediatelyWithdrawsListener (0 ms)
[ RUN      ] Srp.ReadyToReadyFailedNeverGlitchesAnActiveLicence
[       OK ] Srp.ReadyToReadyFailedNeverGlitchesAnActiveLicence (0 ms)
[ RUN      ] Srp.AdmissionStraddlesTheExactEthernetCeiling
[       OK ] Srp.AdmissionStraddlesTheExactEthernetCeiling (0 ms)
[ RUN      ] Srp.AdjacentLinkEdgesResetDomainAndAllPriorRegistrations
[       OK ] Srp.AdjacentLinkEdgesResetDomainAndAllPriorRegistrations (0 ms)
[ RUN      ] Srp.OldReceiveBacklogCannotRegisterAcrossLinkRestart
[       OK ] Srp.OldReceiveBacklogCannotRegisterAcrossLinkRestart (0 ms)
[ RUN      ] Srp.SharedIdentityReconcilesBothBindingOrdersOnTheWire
[       OK ] Srp.SharedIdentityReconcilesBothBindingOrdersOnTheWire (1 ms)
[ RUN      ] Srp.RecreateAllocationFailureIsCountedAndRetried
[       OK ] Srp.RecreateAllocationFailureIsCountedAndRetried (0 ms)
[ RUN      ] Srp.LinkEventsDiscardOnlyTheirPublishedReceivePrefix
[       OK ] Srp.LinkEventsDiscardOnlyTheirPublishedReceivePrefix (0 ms)
[ RUN      ] Srp.LinkLevelLossAndFirstDownEventAreFailClosed
[       OK ] Srp.LinkLevelLossAndFirstDownEventAreFailClosed (0 ms)
[ RUN      ] Srp.EventReentryAndSinkCapacityAreGuarded
[       OK ] Srp.EventReentryAndSinkCapacityAreGuarded (0 ms)
[----------] 41 tests from Srp (6 ms total)

[----------] Global test environment tear-down
[==========] 41 tests from 1 test suite ran. (6 ms total)
[  PASSED  ] 39 tests.
[  FAILED  ] 2 tests, listed below:
[  FAILED  ] Srp.InListenerWithdrawalRevokesLicenceImmediately
[  FAILED  ] Srp.InTalkerWithdrawalImmediatelyWithdrawsListener

 2 FAILED TESTS
== ctrl SRP mailbox: checks: 41   failures: 2 ==
RESULT: FAIL
  verdict: FAIL (its tallies report 2 failure(s) across 41 checks, exit 1)
PROBE rc=1
