Note: Google Test filter = Srp.P4*:Srp.P5*
[==========] Running 2 tests from 1 test suite.
[----------] Global test environment set-up.
[----------] 2 tests from Srp
[ RUN      ] Srp.P4_TalkerLeaveInLvKeepsOriginalDeadline
[       OK ] Srp.P4_TalkerLeaveInLvKeepsOriginalDeadline (1 ms)
[ RUN      ] Srp.P5_MvrpLeaveInInAgesButMsrpLeaveIsImmediate
$PACKET/scratch/ctl-nomilan-probe/tests_src/r532_probe.cpp:104: Failure
Value of: r==(int)MRP_REG_STATE_MT || r==-1
  Actual: false
Expected: true
MSRP IN/rLv must enter MT at once, got 1

  [FAIL] Srp.P5_MvrpLeaveInInAgesButMsrpLeaveIsImmediate: MSRP IN/rLv must enter MT at once, got 1
[  FAILED  ] Srp.P5_MvrpLeaveInInAgesButMsrpLeaveIsImmediate (0 ms)
[----------] 2 tests from Srp (1 ms total)

[----------] Global test environment tear-down
[==========] 2 tests from 1 test suite ran. (1 ms total)
[  PASSED  ] 1 test.
[  FAILED  ] 1 test, listed below:
[  FAILED  ] Srp.P5_MvrpLeaveInInAgesButMsrpLeaveIsImmediate

 1 FAILED TEST
== R532 SRP probes: checks: 2   failures: 1 ==
RESULT: FAIL
  verdict: FAIL (its tallies report 1 failure(s) across 2 checks, exit 1)
PROBE rc=1
