toolchain: {'cc': 'gcc (GCC) 16.2.1 20260810', 'cxx': 'g++ (GCC) 16.2.1 20260810', 'gcov': 'gcov (GCC) 16.2.1 20260810', 'gtest': '1.18.0', 'gmock': '1.18.0'}
[ok] arm model
    == mbx (host model): checks: 22   failures: 0 ==
    RESULT: PASS
    verdict: PASS (22 tests, 0 failures, exit 0)
[ok] arm port
    == ctrl port, driver and loop (host model): checks: 31   failures: 0 ==
    RESULT: PASS
    verdict: PASS (31 tests, 0 failures, exit 0)
[ok] arm adp
    C0 LINK_UP -> TMR_DELAY armed                 11 accesses (bound 11)
    C1 TMR_DELAY -> ENTITY_AVAILABLE, TMR_ADVERTISE  39 accesses (bound 39)
    C2 RCV_ADP_DISCOVER -> TMR_DELAY armed        31 accesses (bound 31)
    C3 TMR_ADVERTISE -> TMR_DELAY armed           11 accesses (bound 11)
    C4 GM_CHANGE -> TMR_DELAY armed               11 accesses (bound 11)
    C5 LINK_DOWN -> timer cancelled                9 accesses (bound 11)
    C6 SHUTDOWN -> ENTITY_DEPARTING committed     29 accesses (bound 29)
    backlog: 16 event records, 30 centiseconds, 28 receive records
    passes: events by 2, ENTITY_AVAILABLE in 2 (175 accesses), receive ring by 14 (457 accesses), idle at 15; worst pass 105 accesses
    F5 the costliest pass of the backlog         105 accesses (bound 407)
    E5 1 SHUTDOWNs, expiry taken before the room: room to ENTITY_AVAILABLE  63 accesses (bound 1628)
    E5 1 SHUTDOWNs, expiry taken after the room: room to ENTITY_AVAILABLE  69 accesses (bound 1628)
    E5 2 SHUTDOWNs, expiry taken before the room: room to ENTITY_AVAILABLE  93 accesses (bound 1628)
    E5 2 SHUTDOWNs, expiry taken after the room: room to ENTITY_AVAILABLE  99 accesses (bound 1628)
    E5 64 SHUTDOWNs, expiry taken before the room: room to ENTITY_AVAILABLE  93 accesses (bound 1628)
    E5 64 SHUTDOWNs, expiry taken after the room: room to ENTITY_AVAILABLE  99 accesses (bound 1628)
    == ctrl ADP slice (fake ports and host model): checks: 26   failures: 0 ==
    RESULT: PASS
    verdict: PASS (26 tests, 0 failures, exit 0)
[ok] arm unit
    == ctrl units on the HAL and port-layer mocks: checks: 23   failures: 0 ==
    RESULT: PASS
    verdict: PASS (23 tests, 0 failures, exit 0)
    == ctrl MMIO platform (host window): checks: 2   failures: 0 ==
    RESULT: PASS
    verdict: PASS (2 tests, 0 failures, exit 0)
[ok] arm walk
    walked 36 cells of the processor's ADV table (N 10, I 16, S 4, C 6); 9 draw-in-flight cells not applicable
    == ctrl ADP walk (processor stimulus, host model): checks: 41   failures: 0 ==
    RESULT: PASS
    verdict: PASS (41 tests, 0 failures, exit 0)
[ok] arm entity
    == ctrl ADP entity fields (endstation_arty_4x4): checks: 9   failures: 0 ==
    RESULT: PASS
    verdict: PASS (9 tests, 0 failures, exit 0)
    == ctrl ADP entity fields (endstation_arty_8ch): checks: 9   failures: 0 ==
    RESULT: PASS
    verdict: PASS (9 tests, 0 failures, exit 0)
    == ctrl ADP entity fields (endstation_arty_current): checks: 9   failures: 0 ==
    RESULT: PASS
    verdict: PASS (9 tests, 0 failures, exit 0)
    == ctrl ADP entity fields (endstation_ax7101_1x1_tdm8): checks: 9   failures: 0 ==
    RESULT: PASS
    verdict: PASS (9 tests, 0 failures, exit 0)
    == ctrl ADP entity fields (endstation_ax7101_8x8): checks: 9   failures: 0 ==
    RESULT: PASS
    verdict: PASS (9 tests, 0 failures, exit 0)
[ok] arm rv32
    riscv64-elf-gcc -march=rv32i -mabi=ilp32 -ffreestanding -fno-stack-protector: 12 objects
    size (text data bss dec): 14808 0 167 14975
    undefined: __lshrdi3, __mulsi3, __udivsi3, __umodsi3, memcpy, memset, vsnprintf
    == ctrl RV32I freestanding build: checks: 1   failures: 0 ==
    RESULT: PASS
[ok] arm maap
    == ctrl MAAP Annex B: checks: 32   failures: 0 ==
    RESULT: PASS
    verdict: PASS (32 tests, 0 failures, exit 0)
    H-MAAP timer 0: 30 accesses, 8300 ns from original deadline (model)
    H-MAAP timer 1: 30 accesses, 11300 ns from original deadline (model)
    H-MAAP timer 2: 56 accesses, 16600 ns from original deadline (model)
    H-MAAP timer 3: 30 accesses, 19900 ns from original deadline (model)
    H-MAAP DEFEND: 40 accesses, 3900 ns from RX_HEAD (model)
    == ctrl H-MAAP mailbox: checks: 11   failures: 0 ==
    RESULT: PASS
    verdict: PASS (11 tests, 0 failures, exit 0)
[ok] arm maap_debug
    == ctrl MAAP debug port contract: checks: 1   failures: 0 ==
    RESULT: PASS
    verdict: PASS (1 tests, 0 failures, exit 0)
[ok] arm maap_if2
    H-MAAP timer 0: 30 accesses, 12200 ns from original deadline (model)
    H-MAAP timer 1: 30 accesses, 15200 ns from original deadline (model)
    H-MAAP timer 2: 56 accesses, 20500 ns from original deadline (model)
    H-MAAP timer 3: 30 accesses, 23800 ns from original deadline (model)
    H-MAAP DEFEND: 40 accesses, 3900 ns from RX_HEAD (model)
    == ctrl H-MAAP mailbox: checks: 11   failures: 0 ==
    RESULT: PASS
    verdict: PASS (11 tests, 0 failures, exit 0)
[ok] mutant departing-sends-zero (adp): 17 check(s) failed
    first: [FAIL] AdpCore.A6toA8DeferredSends: A8 a link loss does not drop it; the next poll sends it with the index current at SHUTDOWN
[ok] mutant second-shutdown-overwrites-index (adp): 14 check(s) failed
    first: [FAIL] AdpCore.A16SecondShutdownQueuesItsOwn: A16 a SHUTDOWN while one is owed queues its own ENTITY_DEPARTING and drops the owed AVAILABLE
[ok] mutant stray-expiry-drops-owed-available (adp): 2 check(s) failed
    first: [FAIL] AdpCore.A19IgnoredInputsKeepTheOwedAvailable: A19 and a stray expiry, which is counted
[ok] mutant coalesce-drops-queued-departing (adp): 6 check(s) failed
    first: [FAIL] AdpCore.A21DepartingCapacity: A21 the next SHUTDOWN is coalesced into the queued one and counted; its run's owed AVAILABLE is dropped
[ok] mutant link-down-departs (walk): 2 check(s) failed
    first: [FAIL] Table551/AdpWalkCell.Graded/LINK_DOWN_x_WAITING: LINK_DOWN x WAITING: frames committed
[ok] mutant advertise-expiry-skips-delay (walk): 14 check(s) failed
    first: [FAIL] AdpWalk.P1toP5FirstAdvertAndCadence: P3 into DELAY with a 0..4 s draw
[ok] mutant foreign-discover-answered (adp): 3 check(s) failed
    first: [FAIL] AdpCore.A3toA5DiscoverAndDiscard: A4 a foreign DISCOVER, an AVAILABLE and a truncated ADPDU are discarded (5.6.3.1)
[ok] mutant pool-free-leaks (port): 5 check(s) failed
    first: [FAIL] Pool.P2ReleaseAndBadFrees: P2 a released block is the next one handed out
[ok] mutant tick-count-ignored (port): 7 check(s) failed
    first: [FAIL] Loop.L4TickFanOut: L4 every centisecond reaches the first consumer
[ok] mutant rx-before-events (adp): 1 check(s) failed
    first: [FAIL] AdpBacklog.F0toF7FullBacklogs: F1 events first: no event-ring access follows a receive-ring access in a pass
[ok] mutant filter-opened-before-eid (port): 2 check(s) failed
    first: [FAIL] LoopBring.L1OpenOrder: L1 OWN_EID is written before any channel opens
[ok] mutant frame-sources-from-sinks (entity): 1 check(s) failed
    first: [FAIL] Fabric/EntityField.MatchesTheFabric/talker_stream_sources: endstation_arty_current: talker_stream_sources is 0x2 in the firmware ADPDU, 0x1 in the fabric
[ok] mutant model-round-robin (model): 5 check(s) failed
    first: [FAIL] Suite/MbxModelGroup.PassesOnTheModel/TxCommitOrder: X2 ACMP, ACMP, then AECP committed behind a stalled ACMP frame leave as 1, 1, 2
[ok] mutant foreign-free-uncounted (port): 3 check(s) failed
    first: [FAIL] Pool.P2ReleaseAndBadFrees: P2 a free of a pointer the pool never handed out is refused
[ok] mutant encoding-failure-swallowed (port): 1 check(s) failed
    first: [FAIL] DebugSink.S3UnencodablePrintDiscarded: S3 an encoding failure is returned as the formatter's negative value
[ok] mutant other-subtype-accepted (adp): 2 check(s) failed
    first: [FAIL] AdpCore.A24OtherEtherTypeOrSubtypeDiscarded: A24 a DISCOVER under another EtherType or subtype is discarded and counted
[ok] mutant evt-words-unchecked (unit): 12 check(s) failed
    first: [FAIL] IdAndCaps/ContractField.U2RefusedAndNothingMoreRead/evt_words:            Actual: called once - over-saturated and active
[ok] mutant unknown-event-decoded-as-tick (unit): 1 check(s) failed
    first: [FAIL] DriverUnit.D9UnknownEventTypeGrandmasterAndInterrupt: D9 an event of a type the contract does not define is taken with no field decoded
[ok] mutant attach-ignores-poll-room (unit): 1 check(s) failed
    first: [FAIL] AdpAdapterUnit.B4LoopWithNoRoomRefused: B4 a loop with no room for the poll is refused
[ok] mutant model-tpid-matches-a-tuple (model): 13 check(s) failed
    first: [FAIL] Suite/MbxModelGroup.PassesOnTheModel/TupleRejections: Q1 tagged, it (adp): FILTER_MISMATCH does not count it
[ok] mutant model-own-any-unicast (model): 18 check(s) failed
    first: [FAIL] Suite/MbxModelGroup.PassesOnTheModel/TupleRejections: Q2 to another destination MAC, it (acmp, multicast): no RX record, no delivery
[ok] mutant model-mismatch-never-counted (model): 47 check(s) failed
    first: [FAIL] Suite/MbxModelGroup.PassesOnTheModel/TupleRejections: Q2 to another destination MAC, it (adp): FILTER_MISMATCH counts it once
[ok] mutant model-tuple-msg-type-ignored (model): 6 check(s) failed
    first: [FAIL] Suite/MbxModelGroup.PassesOnTheModel/MaapDefendToOwnUnicast: Q11 a PROBE to this interface's own MAC: no RX record, no delivery
[ok] mutant own-mac-halves-swapped (unit, port): 7 check(s) failed
    first: [FAIL] AppComposition.U4EveryInterfaceOwnsTheEntityMacBeforeAChannelOpens: U4 interface 0's OWN_MAC is the entity's MAC
[ok] mutant maap-down-start-keeps-owner (maap): 1 check(s) failed
    first: [FAIL] MaapCore.ReleaseLossAndRetry: starting down withdraws the prior owner
[ok] mutant maap-wire-version (maap): 10 check(s) failed
    first: [FAIL] MaapCore.InitialAndThreeRetransmissions: B.2 complete PROBE bytes
[ok] mutant maap-constant-probe_base (maap): 4 check(s) failed
    first: [FAIL] MaapCore.ConstantsStrictTimersAndSeed:     Which is: 500
[ok] mutant maap-seed-clock-ignored (maap): 6 check(s) failed
    first: [FAIL] MaapCore.ConstantsStrictTimersAndSeed:     Which is: 511
[ok] mutant maap-defend-multicast (maap): 8 check(s) failed
    first: [FAIL] MaapCore.DefendEchoAndIntersection: echo request and exact intersection
[ok] mutant maap-zero-count-conflicts (maap): 1 check(s) failed
    first: [FAIL] MaapCore.DisjointAdjacentZeroAndDefendRange: half open intervals and zero count do not conflict
[ok] mutant maap-malformed-version (maap): 2 check(s) failed
    first: [FAIL] MaapCore.MalformedAndVersionCompatibility: malformed input is rejected
[ok] mutant maap-malformed-cdl-truncated (maap): 2 check(s) failed
    first: [FAIL] MaapCore.MalformedAndVersionCompatibility: malformed input is rejected
[ok] mutant maap-malformed-destination (maap): 2 check(s) failed
    first: [FAIL] MaapCore.MalformedAndVersionCompatibility: malformed input is rejected
[ok] mutant maap-range-end-off-by-one (maap): 2 check(s) failed
    first: [FAIL] MaapCore.InitAndPreferredRangeBounds: Expected: false
[ok] mutant maap-allocation-before-commit (maap): 1 check(s) failed
    first: [FAIL] MaapCore.StalledOutputRetainsOrderAndOriginalExpiry: allocation waits for committed ANNOUNCE
[ok] mutant maap-release-leaves-output (maap): 2 check(s) failed
    first: [FAIL] MaapCore.QueueBoundAndWithdrawal:     Which is: 0
[ok] mutant maap-selection-not-restored (maap): 1 check(s) failed
    first: [FAIL] MaapCsr.EveryStreamAddressAndLossGate: selection restored
[ok] mutant maap-crf-index-wrong (maap): 3 check(s) failed
    first: [FAIL] MaapCsr.EveryStreamAddressAndLossGate:     Which is: 4026532104
[ok] mutant maap-interface-zero (maap_if2): 1 check(s) failed
    first: [FAIL] MaapHost.InterfaceIsolationAndRangeEnvelope: record index selects state
[ok] mutant maap-stall-unqueued (maap): 18 check(s) failed
    first: [FAIL] MaapCore.StalledOutputRetainsOrderAndOriginalExpiry:     Which is: 1
[ok] mutant maap-table-b7-0 (maap): 3 check(s) failed
    first: [FAIL] AllStates/MaapCell.TableB7/0: Table B.7 output count
[ok] mutant maap-table-b7-4 (maap): 3 check(s) failed
    first: [FAIL] AllStates/MaapCell.TableB7/4: Table B.7 output count
[ok] mutant maap-table-b7-8 (maap): 9 check(s) failed
    first: [FAIL] MaapCore.MalformedAndVersionCompatibility: B.2.3 recognized future and older messages
[ok] mutant maap-table-b7-12 (maap): 15 check(s) failed
    first: [FAIL] MaapCore.DefendEchoAndIntersection: echo request and exact intersection
[ok] mutant maap-table-b7-16 (maap): 3 check(s) failed
    first: [FAIL] AllStates/MaapCell.TableB7/16: Table B.7 output count
mutants: 45 of 45 caught
test_ctrl_firmware: PASS
rc=0 seconds=409
