[ok] clean: rc=0
[ok] m6_drop_busy_probe: rc=1
  named rejection: M6 busy PROBE gets DEFEND after wire is free
[ok] m3_short_period: rc=1
  named rejection: M3 B.3.6.1 generator period is 2^32-1
[ok] m3_trap_outside_basis: rc=1
  named rejection: M3 B.3.6.1 generator period is 2^32-1
[ok] m6_overwrite_active_response: rc=1
  named rejection: M6 occupied response buffer preserves active DEFEND
[ok] m3_reseeds_after_release: rc=1
  named rejection: M3 Release/Begin retains the generator sequence
[ok] m3_ignores_clock: rc=1
  named rejection: M3 B.3.6.1 first enable seeds MAC plus clock
[ok] m6_pending_survives_release: rc=1
  named rejection: M6 pending response cancelled with allocation
[ok] m6_replace_pending_response: rc=1
  named rejection: M6 pending response preserves prober and requested range
[ok] m3_xors_clock: rc=1
  named rejection: M3 B.3.6.1 first enable seeds MAC plus clock
[ok] m7_reject_valid_boundary: rc=1
  named rejection: M7 Table B.9 valid supplied boundary retained
[ok] m5_level_restarts: rc=1
  named rejection: M5 B.3.5.9 link return restarts PROBE
[ok] m1_defend_no_compare: rc=1
  named rejection: M1 rDefend/DEFEND lower MAC keeps range
[ok] m8_early_last_accepted: rc=1
  named rejection: M8 B.2 truncated PROBE-state input has no effect
[ok] m5_restart_on_link_loss: rc=1
  named rejection: M5 B.3.5.9 link loss is no event; return reprobes
[ok] m6_pending_source_not_saved: rc=1
  named rejection: M6 pending response preserves prober and requested range
[ok] m5_ignore_link_return: rc=1
  named rejection: M5 B.3.5.9 link return revokes and reprobes
[ok] m7_accept_invalid_seed: rc=1
  named rejection: M7 Table B.9 invalid supplied range refused
[ok] m1_probe_no_compare: rc=1
  named rejection: M1 rProbe/PROBE lower MAC keeps range
[ok] m8_missing_bytes_accepted: rc=1
  named rejection: M8 B.2 truncated DEFEND-state input has no effect
[ok] m2_own_requested_start: rc=1
  named rejection: M2 B.3.6.6 requested start echoes PROBE
[ok] cdl_28: rc=1
  named rejection: B.2.1 cdl 16 (Begin! PROBE 1)
[ok] m2_own_requested_count: rc=1
  named rejection: M2 B.3.6.6 requested count echoes all 16 bits
[ok] defend_destination_not_latched: rc=1
  named rejection: B.2.1 DEFEND DA latched at send
[ok] defend_to_multicast: rc=1
  named rejection: B.2.1 DEFEND DA = PROBE source (above)
[ok] announce_base_3s: rc=1
  named rejection: B.3.4.1 announce T > 30 s
[ok] probe_base_500: rc=1
  named rejection: B.3.4.2 probe T > 500 ms (campaign)
[ok] probe_draw_7_bits: rc=1
  named rejection: B.3.4.2 probe T < 600 ms (campaign)
[ok] every_frame_to_the_prober: rc=1
  named rejection: B.2.1 PROBE DA multicast (Begin! 1)
[ok] announce_draw_11_bits: rc=1
  named rejection: B.3.4.1 announce T < 32 s
[ok] announce_not_randomized: rc=1
  named rejection: B.3.4.1 announce T randomized
[ok] zero_seed_freezes_the_probe_draw: rc=1
  named rejection: B.3.4.2 probe T randomized (zero-seed MAC)
[ok] zero_seed_freezes_the_announce_draw: rc=1
  named rejection: B.3.4.1 announce T randomized (zero-seed MAC)
[ok] announce_judged_on_conflict_fields: rc=1
  named rejection: B.2.7 ANNOUNCE conflict_* is not its range
[ok] inclusive_range_end: rc=1
  named rejection: note b adjacent above: no conflict
[ok] empty_range_conflicts: rc=1
  named rejection: note b empty range: no conflict
[ok] compare_mac_unreversed: rc=1
  named rejection: T.B7 rAnnounce!/DEFEND: re-address
[ok] no_compare_mac: rc=1
  named rejection: T.B7 note d: lower MAC keeps range
[ok] compare_mac_while_probing: rc=1
  named rejection: T.B7 rAnnounce!/PROBE: no compare_MAC
[ok] inclusive_range_start: rc=1
  named rejection: note b adjacent below: no conflict
[ok] three_probes: rc=1
  named rejection: T.B7 Begin!: four PROBEs before ANNOUNCE
[ok] restart_probe_after_a_timer: rc=1
  named rejection: T.B7 Restart!: first PROBE at once
[ok] first_probe_after_a_timer: rc=1
  named rejection: T.B7 Begin!: first PROBE at once
[ok] announce_after_a_timer: rc=1
  named rejection: T.B7 probeCount!: ANNOUNCE at once (Begin!)
[ok] restart_rewrites_the_frame_on_the_wire: rc=1
  named rejection: frame on the wire keeps its offset
[ok] overlap_count_to_our_end: rc=1
  named rejection: B.2.8 conflict_count = overlap (below)
[ok] defend_rewrites_the_frame_on_the_wire: rc=1
  named rejection: PROBE mid-frame: frame on the wire byte-identical
[ok] own_empty_range_conflicts: rc=1
  named rejection: note b: this station's empty range never conflicts
[ok] m4_datapath_clean: rc=0
[ok] m4_reset_time_sampling: rc=1
  named rejection: M4 datapath: programmed MAC changes probe intervals
[ok] m3_datapath_ignores_clock: rc=1
  named rejection: M3 datapath: real-time clock changes probe intervals
[ok] m5_datapath_ignores_link: rc=1
  named rejection: M5 datapath: link return starts four fresh PROBEs
== parallel maap campaign: rows 52 mutants 50 escaped/failed 0 [] ==
