# probe V37 model unsol: harness and port at MEM_TIMEOUT_CYC_P=37 (no defect)
# rc 2
# tally 326 322 4
ELAB OK    MEM_TIMEOUT_CYC_P=1
ELAB OK    MEM_TIMEOUT_CYC_P=2147483647
GUARD OK   MEM_TIMEOUT_CYC_P=0 (refused by name, as it must be)
GUARD OK   MEM_TIMEOUT_CYC_P=2147483648 (refused by name, as it must be)
GUARD OK   MEM_TIMEOUT_CYC_P=4294967295 (refused by name, as it must be)
FAIL: T24 ...a commit meanwhile ends DEADLINE with no command (rc 0)
FAIL: T25h the device's own WRITE completed after the port's reset and was discarded: no pulse, no request (0)
FAIL: T25h the port serves byte-exact once the device ended its command (rc 1 0)
FAIL: RW4 no DEADLINE where the device was not silent (1)
# ---- tail
ELAB OK    MEM_TIMEOUT_CYC_P=1
ELAB OK    MEM_TIMEOUT_CYC_P=2147483647
GUARD OK   MEM_TIMEOUT_CYC_P=0 (refused by name, as it must be)
GUARD OK   MEM_TIMEOUT_CYC_P=2147483648 (refused by name, as it must be)
GUARD OK   MEM_TIMEOUT_CYC_P=4294967295 (refused by name, as it must be)
- V e r i l a t i o n   R e p o r t: Verilator 5.050 2026-07-01 rev v5.050
- Verilator: Built from 0.061 MB sources in 2 modules, into 0.094 MB in 5 C++ files needing 0.000 MB
- Verilator: Walltime 6.575 s (elab=0.005, cvt=0.012, bld=6.538); cpu 0.026 s on 16 threads; allocated 883.496 MB
FAIL: T24 ...a commit meanwhile ends DEADLINE with no command (rc 0)
FAIL: T25h the device's own WRITE completed after the port's reset and was discarded: no pulse, no request (0)
FAIL: T25h the port serves byte-exact once the device ended its command (rc 1 0)
FAIL: RW4 no DEADLINE where the device was not silent (1)
326 checks: 322 PASS, 4 FAIL
make: *** [Makefile:19: run] Error 1
