# probe W13 model pristine: owed kind overwritten by a later deadline (drain stops)
# rc 2
# tally 326 323 3
ELAB OK    MEM_TIMEOUT_CYC_P=1
ELAB OK    MEM_TIMEOUT_CYC_P=2147483647
GUARD OK   MEM_TIMEOUT_CYC_P=0 (refused by name, as it must be)
GUARD OK   MEM_TIMEOUT_CYC_P=2147483648 (refused by name, as it must be)
GUARD OK   MEM_TIMEOUT_CYC_P=4294967295 (refused by name, as it must be)
FAIL: T24 ...and the owed READ is still drained after that deadline: the device moved its late bytes and ended it (busy 1)
FAIL: T24 ...then the next restore is served
FAIL: T24 dones for no command during an ungranted request do not hold the deadline off (rc 1, pulse 104 cycles after the accept)
# ---- tail
ELAB OK    MEM_TIMEOUT_CYC_P=1
ELAB OK    MEM_TIMEOUT_CYC_P=2147483647
GUARD OK   MEM_TIMEOUT_CYC_P=0 (refused by name, as it must be)
GUARD OK   MEM_TIMEOUT_CYC_P=2147483648 (refused by name, as it must be)
GUARD OK   MEM_TIMEOUT_CYC_P=4294967295 (refused by name, as it must be)
- V e r i l a t i o n   R e p o r t: Verilator 5.050 2026-07-01 rev v5.050
- Verilator: Built from 0.061 MB sources in 2 modules, into 0.094 MB in 5 C++ files needing 0.000 MB
- Verilator: Walltime 8.248 s (elab=0.008, cvt=0.021, bld=8.199); cpu 0.026 s on 16 threads; allocated 1011.504 MB
FAIL: T24 ...and the owed READ is still drained after that deadline: the device moved its late bytes and ended it (busy 1)
FAIL: T24 ...then the next restore is served
FAIL: T24 dones for no command during an ungranted request do not hold the deadline off (rc 1, pulse 104 cycles after the accept)
326 checks: 323 PASS, 3 FAIL
make: *** [Makefile:19: run] Error 1
