# probe W1 model pristine: verdict one cycle early (tmo_hit at TMO-1)
# rc 2
# tally 326 293 33
ELAB OK    MEM_TIMEOUT_CYC_P=1
ELAB OK    MEM_TIMEOUT_CYC_P=2147483647
GUARD OK   MEM_TIMEOUT_CYC_P=0 (refused by name, as it must be)
GUARD OK   MEM_TIMEOUT_CYC_P=2147483648 (refused by name, as it must be)
GUARD OK   MEM_TIMEOUT_CYC_P=4294967295 (refused by name, as it must be)
FAIL: T24 S_WEREQ: an event 100 cycles late is tolerated, done and byte-exact (rc 1)
FAIL: T24 S_WEREQ: busy low at the pulse, 101 cycles after the last event (want 102)
FAIL: T24 S_WEREQ: the backend's registered grant came after the request fell, and is owed (0)
FAIL: T24 S_WEWAIT: an event 100 cycles late is tolerated, done and byte-exact (rc 1)
FAIL: T24 S_WEWAIT: busy low at the pulse, 101 cycles after the last event (want 102)
FAIL: T24 S_WWREQ: an event 100 cycles late is tolerated, done and byte-exact (rc 1)
FAIL: T24 S_WWREQ: busy low at the pulse, 101 cycles after the last event (want 102)
FAIL: T24 S_WWREQ: the backend's registered grant came after the request fell, and is owed (0)
FAIL: T24 S_WHPUMP: an event 100 cycles late is tolerated, done and byte-exact (rc 1)
FAIL: T24 S_WHPUMP: busy low at the pulse, 101 cycles after the last event (want 102)
FAIL: T24 S_WDPUMP: an event 100 cycles late is tolerated, done and byte-exact (rc 1)
FAIL: T24 S_WDPUMP: busy low at the pulse, 101 cycles after the last event (want 102)
FAIL: T24 S_WWAIT: an event 100 cycles late is tolerated, done and byte-exact (rc 1)
FAIL: T24 S_WWAIT: busy low at the pulse, 101 cycles after the last event (want 102)
FAIL: T24 S_RHREQ: an event 100 cycles late is tolerated, done and byte-exact (rc 1)
FAIL: T24 S_RHREQ: busy low at the pulse, 101 cycles after the last event (want 102)
FAIL: T24 S_RHREQ: the backend's registered grant came after the request fell, and is owed (0)
FAIL: T24 S_RHCOLL: an event 100 cycles late is tolerated, done and byte-exact (rc 1)
FAIL: T24 S_RHCOLL: busy low at the pulse, 101 cycles after the last event (want 102)
FAIL: T24 S_RHWAIT: an event 100 cycles late is tolerated, done and byte-exact (rc 1)
FAIL: T24 S_RHWAIT: busy low at the pulse, 101 cycles after the last event (want 102)
FAIL: T24 S_RPREQ: an event 100 cycles late is tolerated, done and byte-exact (rc 1)
FAIL: T24 S_RPREQ: busy low at the pulse, 101 cycles after the last event (want 102)
FAIL: T24 S_RPREQ: the backend's registered grant came after the request fell, and is owed (0)
FAIL: T24 S_RPPUMP: an event 100 cycles late is tolerated, done and byte-exact (rc 1)
FAIL: T24 S_RPPUMP: busy low at the pulse, 101 cycles after the last event (want 102)
FAIL: T24 S_RPWAIT: an event 100 cycles late is tolerated, done and byte-exact (rc 1)
FAIL: T24 S_RPWAIT: busy low at the pulse, 101 cycles after the last event (want 102)
FAIL: T24 a late grant carrying its own done: DEADLINE, the grant taken late with its terminal (rc 1, late 0, pairs 0)
FAIL: T24 a device answering every event 100 cycles late commits, done and byte-exact, over 140 cycles
FAIL: T24 ...and restores byte-exact over 201 cycles
FAIL: T24 dones for no command during an ungranted request do not hold the deadline off (rc 1, pulse 101 cycles after the accept)
FAIL: RW4 no DEADLINE where the device was not silent (2)
# ---- tail
on 16 threads; allocated 371.500 MB
FAIL: T24 S_WEREQ: an event 100 cycles late is tolerated, done and byte-exact (rc 1)
FAIL: T24 S_WEREQ: busy low at the pulse, 101 cycles after the last event (want 102)
FAIL: T24 S_WEREQ: the backend's registered grant came after the request fell, and is owed (0)
FAIL: T24 S_WEWAIT: an event 100 cycles late is tolerated, done and byte-exact (rc 1)
FAIL: T24 S_WEWAIT: busy low at the pulse, 101 cycles after the last event (want 102)
FAIL: T24 S_WWREQ: an event 100 cycles late is tolerated, done and byte-exact (rc 1)
FAIL: T24 S_WWREQ: busy low at the pulse, 101 cycles after the last event (want 102)
FAIL: T24 S_WWREQ: the backend's registered grant came after the request fell, and is owed (0)
FAIL: T24 S_WHPUMP: an event 100 cycles late is tolerated, done and byte-exact (rc 1)
FAIL: T24 S_WHPUMP: busy low at the pulse, 101 cycles after the last event (want 102)
FAIL: T24 S_WDPUMP: an event 100 cycles late is tolerated, done and byte-exact (rc 1)
FAIL: T24 S_WDPUMP: busy low at the pulse, 101 cycles after the last event (want 102)
FAIL: T24 S_WWAIT: an event 100 cycles late is tolerated, done and byte-exact (rc 1)
FAIL: T24 S_WWAIT: busy low at the pulse, 101 cycles after the last event (want 102)
FAIL: T24 S_RHREQ: an event 100 cycles late is tolerated, done and byte-exact (rc 1)
FAIL: T24 S_RHREQ: busy low at the pulse, 101 cycles after the last event (want 102)
FAIL: T24 S_RHREQ: the backend's registered grant came after the request fell, and is owed (0)
FAIL: T24 S_RHCOLL: an event 100 cycles late is tolerated, done and byte-exact (rc 1)
FAIL: T24 S_RHCOLL: busy low at the pulse, 101 cycles after the last event (want 102)
FAIL: T24 S_RHWAIT: an event 100 cycles late is tolerated, done and byte-exact (rc 1)
FAIL: T24 S_RHWAIT: busy low at the pulse, 101 cycles after the last event (want 102)
FAIL: T24 S_RPREQ: an event 100 cycles late is tolerated, done and byte-exact (rc 1)
FAIL: T24 S_RPREQ: busy low at the pulse, 101 cycles after the last event (want 102)
FAIL: T24 S_RPREQ: the backend's registered grant came after the request fell, and is owed (0)
FAIL: T24 S_RPPUMP: an event 100 cycles late is tolerated, done and byte-exact (rc 1)
FAIL: T24 S_RPPUMP: busy low at the pulse, 101 cycles after the last event (want 102)
FAIL: T24 S_RPWAIT: an event 100 cycles late is tolerated, done and byte-exact (rc 1)
FAIL: T24 S_RPWAIT: busy low at the pulse, 101 cycles after the last event (want 102)
FAIL: T24 a late grant carrying its own done: DEADLINE, the grant taken late with its terminal (rc 1, late 0, pairs 0)
FAIL: T24 a device answering every event 100 cycles late commits, done and byte-exact, over 140 cycles
FAIL: T24 ...and restores byte-exact over 201 cycles
FAIL: T24 dones for no command during an ungranted request do not hold the deadline off (rc 1, pulse 101 cycles after the accept)
FAIL: RW4 no DEADLINE where the device was not silent (2)
326 checks: 293 PASS, 33 FAIL
make: *** [Makefile:19: run] Error 1
