  info: INTERNAL: 2 slips in 3.188 s (beat 3.519 s); margin at the set +0.929..+1.674 ticks
  info: t=3.188023 s  CLOCK_SOURCE <- 2
  info: INTERNAL-to-AAF: LOCKED 6.657 s after the set; trim -5.812 ppm at the end
  info: slip (dup) at 3.3653 s after the set, -3.2918 s from LOCKED
  info: render recentre at 0.0427 s after the set, -6.6144 s from LOCKED
  info: render recentre at 10.7532 s after the set, +4.0961 s from LOCKED
  info: INTERNAL, last second      [   2.188,    3.188) s: ring slips 1+0, margin +0.607..+1.859 ticks; render n 8000 fill 12..13 (off-law 8000), delay 6.513..7.795 (out of band 8000), end-to-pop clearance 0.157 ticks
  info: set to LOCKED              [   3.188,    9.845) s: ring slips 1+0, margin +0.461..+1.651 ticks; render n 53254 fill 12..14 (off-law 40249), delay 6.367..8.502 (out of band 40533), end-to-pop clearance 0.003 ticks NOT GRADABLE
  info: LOCKED to the settle       [   9.845,   13.941) s: ring slips 0+0, margin +0.637..+5.100 ticks; render n 32767 fill 12..13 (off-law 32767), delay 6.543..7.089 (out of band 32767), end-to-pop clearance 0.004 ticks NOT GRADABLE
  info: settle to the hold's end   [  13.941,   43.188) s: ring slips 0+0, margin +3.932..+5.161 ticks; render n 233970 fill 12..14 (off-law 59919), delay 6.843..8.064 (out of band 84925), end-to-pop clearance 0.003 ticks NOT GRADABLE
  info: [B8]: settle recentre fired (1 pulse(s), render recentre executed 1); slips before it 1, after it 0; after it the loopback margin +3.932..+5.161 ticks, render fill 12..14 delay 6.843..8.064, not gradable
MARGINS: [B8] empty 3.932160 full 5.921280 ticks
  info: [B8]: settle recentre 10.7531 s after the start, 4.0960 s after LOCKED
RESULT-645: phase 0.2500 jitter 2.0 us tail 24.0 us p 1e-04: slips set-to-settle 1 (declared bound 3), after the settle 0, margin at LOCKED +0.852..+1.175, after the settle +3.932..+5.161 ticks, LOCKED 6.66 s, settle +4.096 s after LOCKED, render after the settle fill 12..14 delay 6.843..8.064 (not gradable)
  info: [B8] render law not graded: the run's arrivals are late by up to 26.0 us
  info: t=43.188023 s  CLOCK_SOURCE <- 1
  info: [SW] AAF to CRF:: LOCKED 3.009 s after; ring slips 0; margin +5.153 before the switch, +5.146 before its settle recentre
  info: [SW] AAF to CRF:           [  43.188,   63.188) s: ring slips 0+0, margin +3.894..+5.153 ticks; render n 159997 fill 12..14 (off-law 59876), delay 6.804..8.064 (out of band 76700), end-to-pop clearance 0.003 ticks NOT GRADABLE
  info: [SW] AAF to CRF:: settle recentre fired (1 pulse(s), render recentre executed 1); slips before it 0, after it 0; after it the loopback margin +3.894..+5.146 ticks, render fill 12..14 delay 6.804..8.056, not gradable
MARGINS: [SW] AAF to CRF: empty 3.893760 full 5.928960 ticks
  info: [SW] AAF to CRF:: settle recentre 7.1055 s after the start, 4.0960 s after LOCKED
RESULT-645-SW: [SW] AAF to CRF: phase 0.2500 jitter 2.0 us tail 24.0 us p 1e-04: LOCKED 3.01 s, slips 0, drift -0.008 ticks, settle +4.096 s after LOCKED, margin after +3.894..+5.146, render not gradable
  info: [SW] AAF to CRF: render law not graded: the run's arrivals are late by up to 26.0 us
  info: t=63.188023 s  CLOCK_SOURCE <- 2
  info: [SW] CRF to AAF:: LOCKED 6.050 s after; ring slips 0; margin +5.138 before the switch, +5.161 before its settle recentre
  info: [SW] CRF to AAF:           [  63.188,   83.188) s: ring slips 0+0, margin +4.017..+5.161 ticks; render n 159996 fill 12..14 (off-law 38996), delay 6.927..8.072 (out of band 56108), end-to-pop clearance 0.003 ticks NOT GRADABLE
  info: [SW] CRF to AAF:: settle recentre fired (1 pulse(s), render recentre executed 1); slips before it 0, after it 0; after it the loopback margin +4.116..+5.161 ticks, render fill 13..14 delay 7.027..8.072, not gradable
MARGINS: [SW] CRF to AAF: empty 4.116480 full 5.913600 ticks
  info: [SW] CRF to AAF:: settle recentre 10.1458 s after the start, 4.0960 s after LOCKED
RESULT-645-SW: [SW] CRF to AAF: phase 0.2500 jitter 2.0 us tail 24.0 us p 1e-04: LOCKED 6.05 s, slips 0, drift +0.023 ticks, settle +4.096 s after LOCKED, margin after +4.116..+5.161, render not gradable
  info: [SW] CRF to AAF: render law not graded: the run's arrivals are late by up to 26.0 us
== follow_ring: checks: 29   failures: 0 ==
RESULT: PASS
