seed 11 cycles 1000000 resets 20 mismatching_cycles 0
  gate_ready_o             active     700639 mismatch 0
  txop_done_o              active      19871 mismatch 0
  ev_valid_o               active      56084 mismatch 0
  ev_app_o                 active          0 mismatch 0
  ev_attr_type_o           active     998817 mismatch 0
  ev_event_o               active     641248 mismatch 0
  ev_fourpack_o            active          0 mismatch 0
  ev_value_o               active     998817 mismatch 0
  user_valid_o             active     210714 mismatch 0
  user_join_o              active     105355 mismatch 0
  user_vid_o               active     210591 mismatch 0
  arm_valid_o              active       5130 mismatch 0
  arm_cancel_o             active     668642 mismatch 0
  arm_slot_o               active     666809 mismatch 0
  arm_owner_o              active     990221 mismatch 0
  arm_deadline_ms_o        active     990221 mismatch 0
  lstn_reg_change_o        active      17343 mismatch 0
  tk_decl_state_o          active     873932 mismatch 0
  lstn_reg_state_o         active     274642 mismatch 0
  active_o                 active      18747 mismatch 0
  msrp_fail_code_o         active     569563 mismatch 0
  msrp_fail_bridge_o       active     569563 mismatch 0
  dbg_app_state_o          active     975718 mismatch 0
  dbg_reg_state_o          active     356822 mismatch 0
