seed 22 cycles 1000000 resets 19 mismatching_cycles 0
  gate_ready_o             active     699789 mismatch 0
  txop_done_o              active      19849 mismatch 0
  ev_valid_o               active      55938 mismatch 0
  ev_app_o                 active          0 mismatch 0
  ev_attr_type_o           active     998504 mismatch 0
  ev_event_o               active     654383 mismatch 0
  ev_fourpack_o            active          0 mismatch 0
  ev_value_o               active     998504 mismatch 0
  user_valid_o             active     209658 mismatch 0
  user_join_o              active     103800 mismatch 0
  user_vid_o               active     209560 mismatch 0
  arm_valid_o              active       5129 mismatch 0
  arm_cancel_o             active     639448 mismatch 0
  arm_slot_o               active     676589 mismatch 0
  arm_owner_o              active     990707 mismatch 0
  arm_deadline_ms_o        active     990707 mismatch 0
  lstn_reg_change_o        active      17230 mismatch 0
  tk_decl_state_o          active     871446 mismatch 0
  lstn_reg_state_o         active     282568 mismatch 0
  active_o                 active      18616 mismatch 0
  msrp_fail_code_o         active     561085 mismatch 0
  msrp_fail_bridge_o       active     561085 mismatch 0
  dbg_app_state_o          active     976460 mismatch 0
  dbg_reg_state_o          active     363688 mismatch 0
