Copyright 1986-2022 Xilinx, Inc. All Rights Reserved. Copyright 2022-2026 Advanced Micro Devices, Inc. All Rights Reserved.
---------------------------------------------------------------------------------------------------------------------------------------------
| Tool Version : Vivado v.2026.1 (lin64) Build 6511674 Tue Jun 16 11:01:26 MDT 2026
| Date         : Sun Oct  4 15:36:10 2026
| Host         : archlinux running 64-bit unknown
| Command      : report_utilization -hierarchical -hierarchical_depth 2 -file synth_hierarchy.rpt
| Design       : alinx_ax7101
| Device       : xc7a100tfgg484-2
| Speed File   : -2
| Design State : Synthesized
---------------------------------------------------------------------------------------------------------------------------------------------

Utilization Design Information

Table of Contents
-----------------
1. Utilization by Hierarchy

1. Utilization by Hierarchy
---------------------------

+------------------------------------------------------+------------------------------------------------+------------+------------+---------+------+-------+--------+--------+------------+
|                       Instance                       |                     Module                     | Total LUTs | Logic LUTs | LUTRAMs | SRLs |  FFs  | RAMB36 | RAMB18 | DSP Blocks |
+------------------------------------------------------+------------------------------------------------+------------+------------+---------+------+-------+--------+--------+------------+
| alinx_ax7101                                         |                                          (top) |      28035 |      23157 |    4842 |   36 | 21539 |     85 |     24 |         16 |
|   (alinx_ax7101)                                     |                                          (top) |       5220 |       4890 |     328 |    2 |  6070 |     36 |      8 |          0 |
|   NaxRiscvLitex_c13606a66090250ef56fe2999e265684     | NaxRiscvLitex_c13606a66090250ef56fe2999e265684 |      22815 |      18267 |    4514 |   34 | 15469 |     49 |     16 |         16 |
|     (NaxRiscvLitex_c13606a66090250ef56fe2999e265684) | NaxRiscvLitex_c13606a66090250ef56fe2999e265684 |       1264 |       1264 |       0 |    0 |  2037 |      0 |      0 |          0 |
|     dma_bridge_down_arbiter_core                     |                                        Arbiter |        138 |        138 |       0 |    0 |     6 |      0 |      0 |          0 |
|     dma_bridge_read_bridge                           |                     Axi4ReadOnlyToTilelinkFull |        153 |        153 |       0 |    0 |   145 |      1 |      2 |          0 |
|     dma_bridge_write_bridge                          |                    Axi4WriteOnlyToTilelinkFull |        153 |        153 |       0 |    0 |   228 |      0 |      1 |          0 |
|     l2_cache_down_to_peripheral_bus_widthAdapter     |                                 WidthAdapter_2 |         90 |         90 |       0 |    0 |    84 |      0 |      0 |          0 |
|     l2_cache_down_to_toAxi4_up_widthAdapter          |                                 WidthAdapter_1 |         81 |         77 |       4 |    0 |   340 |      0 |      0 |          0 |
|     l2_cache_logic_cache                             |                                          Cache |       1634 |       1598 |      36 |    0 |  1520 |     37 |     11 |          0 |
|     memFilter_logic_core                             |                               TransferFilter_1 |         52 |         52 |       0 |    0 |    20 |      0 |      0 |          0 |
|     memFilter_up_arbiter_core                        |                                      Arbiter_2 |        165 |        165 |       0 |    0 |     7 |      0 |      0 |          0 |
|     naxes_0_pBus_to_ioFilter_up_widthAdapter         |                                   WidthAdapter |         45 |         45 |       0 |    0 |    70 |      0 |      0 |          0 |
|     naxes_0_thread_core                              |                                       NaxRiscv |      18208 |      13728 |    4446 |   34 | 10133 |     11 |      2 |         16 |
|     peripheral_bus_decoder_core                      |                                      Decoder_1 |         60 |         60 |       0 |    0 |     8 |      0 |      0 |          0 |
|     peripheral_clint_thread_core                     |                                  TilelinkClint |         97 |         97 |       0 |    0 |   208 |      0 |      0 |          0 |
|     peripheral_plic_thread_logic                     |                                   TilelinkPlic |        281 |        281 |       0 |    0 |   182 |      0 |      0 |          0 |
|     peripheral_toAxiLite4_logic_bridge               |                                 AxiLite4Bridge |         37 |         37 |       0 |    0 |   100 |      0 |      0 |          0 |
|     socResetCtrl_fiber_buffer                        |                                     BufferCC_1 |         93 |         93 |       0 |    0 |     2 |      0 |      0 |          0 |
|     toAxi4_logic_bridge                              |                                     Axi4Bridge |        134 |        130 |       4 |    0 |   340 |      0 |      0 |          0 |
+------------------------------------------------------+------------------------------------------------+------------+------------+---------+------+-------+--------+--------+------------+


