Test project $REVIEWS/lwsrpnotes-r545-1-packet/scratch/reversals-ON/build
    Start 1: unit
1/1 Test #1: unit .............................***Failed    0.15 sec
Running "main" (87 tests)...
  "mrp_pdu_suite": 1690 passes in 12ms.
  "timer_suite": 14 passes in 2ms.
$REVIEWS/lwsrpnotes-r545-1-packet/scratch/reversals-ON/source/tests/unit/msrp_values_test.c:14: Failure: msrp_values_suite -> domain_and_vector_offsets_match_wire_fields 
	Expected [memcmp(a->ops->group_addr, da, 6)] to [equal] [0]
		actual value:			[144]
		expected value:			[0]

  "msrp_values_suite": 22 passes, 1 failure in 2ms.
  "receive_suite": 83 passes in 4ms.
  "transmit_suite": 106 passes in 5ms.
$REVIEWS/lwsrpnotes-r545-1-packet/scratch/reversals-ON/source/tests/unit/integration_test.c:30: Failure: integration_suite -> every_application_uses_its_standard_destination 
	Expected [memcmp(apps[n]->ops->group_addr, expected[n], 6)] to [equal] [0]
		actual value:			[144]
		expected value:			[0]

  "integration_suite": 386 passes, 1 failure in 13ms.
  "milan_suite": 430 passes in 13ms.
  "boundaries_suite": 17156 passes in 90ms.
Completed "main": 19887 passes, 2 failures in 142ms.


0% tests passed, 1 tests failed out of 1

Total Test time (real) =   0.15 sec

The following tests FAILED:
	  1 - unit (Failed)
Errors while running CTest
