MISMATCH cycle 192 mask 80
MISMATCH cycle 193 mask 80
MISMATCH cycle 194 mask 80
MISMATCH cycle 195 mask 80
MISMATCH cycle 196 mask 80
seed 22 cycles 1000000 resets 24 mismatching_cycles 102028
  gate_ready_o             active     700353 mismatch 0
  txop_done_o              active      19535 mismatch 0
  ev_valid_o               active      83768 mismatch 0
  ev_app_o                 active          0 mismatch 0
  ev_attr_type_o           active     998398 mismatch 0
  ev_event_o               active     635094 mismatch 0
  ev_fourpack_o            active          0 mismatch 0
  ev_value_o               active     998398 mismatch 101994
  user_valid_o             active     178217 mismatch 0
  user_join_o              active      89123 mismatch 0
  user_vid_o               active     175048 mismatch 34
  arm_valid_o              active      11353 mismatch 0
  arm_cancel_o             active     622038 mismatch 0
  arm_slot_o               active     837017 mismatch 0
  arm_owner_o              active     991024 mismatch 0
  arm_deadline_ms_o        active     991024 mismatch 0
  lstn_reg_change_o        active      23733 mismatch 0
  tk_decl_state_o          active     967342 mismatch 0
  lstn_reg_state_o         active     525798 mismatch 0
  active_o                 active      34481 mismatch 0
  msrp_fail_code_o         active     754573 mismatch 0
  msrp_fail_bridge_o       active     754573 mismatch 0
  dbg_app_state_o          active     993357 mismatch 0
  dbg_reg_state_o          active     649717 mismatch 0
