R391-P9 scen 0 h    0: fire 0 (ws - pass 0 bind INIT) bind end 122 fail 0 rcause 0; term 2698 DONE cause 0 rb 0 own 0 D3 READs 108
R391-P9 scen 0 h  100: fire 0 (ws - pass 0 bind INIT) bind end 222 fail 0 rcause 0; term 2392 DONE cause 0 rb 0 own 0 D3 READs 108
R391-P9 scen 0 h  200: fire 0 (ws - pass 0 bind INIT) bind end 322 fail 0 rcause 0; term 2492 DONE cause 0 rb 0 own 0 D3 READs 108
R391-P9 scen 0 h  300: fire 0 (ws - pass 0 bind INIT) bind end 422 fail 0 rcause 0; term 2592 DONE cause 0 rb 0 own 0 D3 READs 108
R391-P9 scen 0 h  400: fire 0 (ws - pass 0 bind INIT) bind end 522 fail 0 rcause 0; term 2692 DONE cause 0 rb 0 own 0 D3 READs 108
R391-P9 scen 0 h  500: fire 0 (ws - pass 0 bind INIT) bind end 622 fail 0 rcause 0; term 2792 DONE cause 0 rb 0 own 0 D3 READs 108
R391-P9 scen 0 h  600: fire 2801 (ws RD pass 1 bind RUN) bind end 722 fail 0 rcause 0; term 3344 DONE cause 3 rb 1 own 0 D3 READs 104
R391-P9 scen 0 h  700: fire 2801 (ws RD pass 1 bind RUN) bind end 822 fail 0 rcause 0; term 3344 DONE cause 3 rb 1 own 0 D3 READs 96
R391-P9 scen 0 h  800: fire 2801 (ws RULE pass 1 bind RUN) bind end 922 fail 0 rcause 0; term 3344 DONE cause 3 rb 1 own 0 D3 READs 90
R391-P9 scen 0 h  900: fire 2800 (ws RD pass 1 bind RUN) bind end 1022 fail 0 rcause 0; term 3343 DONE cause 3 rb 1 own 0 D3 READs 86
R391-P9 scen 0 h 1000: fire 2808 (ws RD pass 1 bind RUN) bind end 1122 fail 0 rcause 0; term 3351 DONE cause 3 rb 1 own 0 D3 READs 80
R391-P9 scen 0 h 1100: fire 2802 (ws NEXT pass 1 bind RUN) bind end 1222 fail 0 rcause 0; term 3345 DONE cause 3 rb 1 own 0 D3 READs 74
R391-P9 scen 0 h 1200: fire 2800 (ws RD pass 1 bind RUN) bind end 1322 fail 0 rcause 0; term 3343 DONE cause 3 rb 1 own 0 D3 READs 70
R391-P9 scen 0 h 1300: fire 2804 (ws RD pass 1 bind RUN) bind end 1422 fail 0 rcause 0; term 3347 DONE cause 3 rb 1 own 0 D3 READs 64
R391-P9 scen 0 h 1400: fire 2800 (ws LOC pass 1 bind RUN) bind end 1522 fail 0 rcause 0; term 3343 DONE cause 3 rb 1 own 0 D3 READs 60
R391-P9 scen 0 h 1500: fire 2800 (ws LOC pass 1 bind RUN) bind end 1622 fail 0 rcause 0; term 3344 DONE cause 3 rb 1 own 0 D3 READs 60
R391-P9 scen 0 h 1600: fire 2800 (ws LOC pass 1 bind RUN) bind end 1722 fail 0 rcause 0; term 3343 DONE cause 3 rb 1 own 0 D3 READs 58
R391-P9 scen 0 h 1700: fire 2800 (ws LOC pass 1 bind RUN) bind end 1822 fail 0 rcause 0; term 3343 DONE cause 3 rb 1 own 0 D3 READs 58
R391-P9 scen 0 h 1800: fire 2800 (ws NEXT pass 1 bind RUN) bind end 1922 fail 0 rcause 0; term 3343 DONE cause 3 rb 1 own 0 D3 READs 56
R391-P9 scen 0 h 1900: fire 2802 (ws RD pass 0 bind RUN) bind end 2022 fail 0 rcause 0; term 2802 DONE cause 3 rb 0 own 0 D3 READs 50
R391-P9 scen 0 h 2000: fire 2800 (ws RD pass 0 bind RUN) bind end 2122 fail 0 rcause 0; term 2800 DONE cause 3 rb 0 own 0 D3 READs 44
R391-P9 scen 0 h 2100: fire 2800 (ws RD pass 0 bind RUN) bind end 2222 fail 0 rcause 0; term 2800 DONE cause 3 rb 0 own 0 D3 READs 36
R391-P9 scen 0 h 2200: fire 2801 (ws RD pass 0 bind RUN) bind end 2322 fail 0 rcause 0; term 2801 DONE cause 3 rb 0 own 0 D3 READs 30
R391-P9 scen 0 h 2300: fire 2802 (ws RD pass 0 bind RUN) bind end 2422 fail 0 rcause 0; term 2802 DONE cause 3 rb 0 own 0 D3 READs 24
R391-P9 scen 0 h 2400: fire 2803 (ws RD pass 0 bind RUN) bind end 2522 fail 0 rcause 0; term 2803 DONE cause 3 rb 0 own 0 D3 READs 18
R391-P9 scen 0 h 2500: fire 2804 (ws RD pass 0 bind RUN) bind end 2622 fail 0 rcause 0; term 2804 DONE cause 3 rb 0 own 0 D3 READs 12
R391-P9 scen 0 h 2600: fire 2802 (ws RD pass 0 bind RUN) bind end 2722 fail 0 rcause 0; term 2802 DONE cause 3 rb 0 own 0 D3 READs 6
R391-P9 scen 0 h 2700: fire 2800 (ws WAITGO pass 0 bind RS_STREAM) bind end 2801 fail 1 rcause 3; term 2804 DONE cause 3 rb 0 own 0 D3 READs 0 [issue-cycle abort]
R391-P9 scen 0 h 2714: fire 2800 (ws WAITGO pass 0 bind RS_STREAM) bind end 2801 fail 1 rcause 3; term 2804 DONE cause 3 rb 0 own 0 D3 READs 0 [issue-cycle abort]
R391-P9 scen 0 h 2728: fire 2800 (ws WAITGO pass 0 bind RS_STREAM) bind end 2801 fail 1 rcause 3; term 2804 DONE cause 3 rb 0 own 0 D3 READs 0 [issue-cycle abort]
R391-P9 scen 0 h 2742: fire 2800 (ws WAITGO pass 0 bind RS_STREAM) bind end 2801 fail 1 rcause 3; term 2804 DONE cause 3 rb 0 own 0 D3 READs 0 [issue-cycle abort]
R391-P9 scen 0 h 2756: fire 2800 (ws WAITGO pass 0 bind RS_STREAM) bind end 2801 fail 1 rcause 3; term 2804 DONE cause 3 rb 0 own 0 D3 READs 0 [issue-cycle abort]
R391-P9 scen 0 h 2770: fire 2800 (ws WAITGO pass 0 bind RS_STREAM) bind end 2801 fail 1 rcause 3; term 2804 DONE cause 3 rb 0 own 0 D3 READs 0 [issue-cycle abort]
R391-P9 scen 0 h 2784: fire 2800 (ws WAITGO pass 0 bind RS_STREAM) bind end 2801 fail 1 rcause 3; term 2804 DONE cause 3 rb 0 own 0 D3 READs 0 [issue-cycle abort]
R391-P9 scen 0 h 2800: fire 2800 (ws WAITGO pass 0 bind RS_STREAM) bind end 2801 fail 1 rcause 3; term 2804 DONE cause 3 rb 0 own 0 D3 READs 0
R391-P9 scen 0 h 2900: fire 2800 (ws WAITGO pass 0 bind RS_STREAM) bind end 2801 fail 1 rcause 3; term 2804 DONE cause 3 rb 0 own 0 D3 READs 0
R391-P9 scen 1 h    0: fire 2801 (ws RD pass 1 bind RUN) bind end 122 fail 0 rcause 0; term 3792 DONE cause 3 rb 1 own 0 D3 READs 76
R391-P9 scen 1 h  100: fire 2801 (ws RD pass 1 bind RUN) bind end 222 fail 0 rcause 0; term 3792 DONE cause 3 rb 1 own 0 D3 READs 76
R391-P9 scen 1 h  200: fire 2801 (ws RD pass 1 bind RUN) bind end 322 fail 0 rcause 0; term 3792 DONE cause 3 rb 1 own 0 D3 READs 76
R391-P9 scen 1 h  300: fire 2801 (ws RD pass 1 bind RUN) bind end 422 fail 0 rcause 0; term 3792 DONE cause 3 rb 1 own 0 D3 READs 76
R391-P9 scen 1 h  400: fire 2801 (ws RD pass 1 bind RUN) bind end 522 fail 0 rcause 0; term 3792 DONE cause 3 rb 1 own 0 D3 READs 76
R391-P9 scen 1 h  500: fire 2800 (ws RELOC pass 1 bind RUN) bind end 622 fail 0 rcause 0; term 2800 CLOSED cause 5 rb 0 own 1 D3 READs 93
R391-P9 scen 1 h  600: fire 2800 (ws RD pass 1 bind RUN) bind end 722 fail 0 rcause 0; term 3791 DONE cause 3 rb 1 own 0 D3 READs 90
R391-P9 scen 1 h  700: fire 2808 (ws RD pass 1 bind RUN) bind end 822 fail 0 rcause 0; term 3799 DONE cause 3 rb 1 own 0 D3 READs 84
R391-P9 scen 1 h  800: fire 2802 (ws NEXT pass 1 bind RUN) bind end 922 fail 0 rcause 0; term 3793 DONE cause 3 rb 1 own 0 D3 READs 78
R391-P9 scen 1 h  900: fire 2800 (ws RD pass 1 bind RUN) bind end 1022 fail 0 rcause 0; term 3791 DONE cause 3 rb 1 own 0 D3 READs 74
R391-P9 scen 1 h 1000: fire 2804 (ws RD pass 1 bind RUN) bind end 1122 fail 0 rcause 0; term 3795 DONE cause 3 rb 1 own 0 D3 READs 68
R391-P9 scen 1 h 1100: fire 2800 (ws RD pass 1 bind RUN) bind end 1222 fail 0 rcause 0; term 3791 DONE cause 3 rb 1 own 0 D3 READs 64
R391-P9 scen 1 h 1200: fire 2800 (ws LOC pass 1 bind RUN) bind end 1322 fail 0 rcause 0; term 3791 DONE cause 3 rb 1 own 0 D3 READs 60
R391-P9 scen 1 h 1300: fire 2800 (ws LOC pass 1 bind RUN) bind end 1422 fail 0 rcause 0; term 3816 DONE cause 3 rb 1 own 0 D3 READs 60
R391-P9 scen 1 h 1400: fire 2800 (ws LOC pass 1 bind RUN) bind end 1522 fail 0 rcause 0; term 3916 DONE cause 3 rb 1 own 0 D3 READs 60
R391-P9 scen 1 h 1500: fire 2800 (ws LOC pass 1 bind RUN) bind end 1622 fail 0 rcause 0; term 3791 DONE cause 3 rb 1 own 0 D3 READs 58
R391-P9 scen 1 h 1600: fire 2800 (ws LOC pass 1 bind RUN) bind end 1722 fail 0 rcause 0; term 3793 DONE cause 3 rb 1 own 0 D3 READs 58
R391-P9 scen 1 h 1700: fire 2800 (ws LOC pass 1 bind RUN) bind end 1822 fail 0 rcause 0; term 3893 DONE cause 3 rb 1 own 0 D3 READs 58
R391-P9 scen 1 h 1800: fire 2800 (ws NEXT pass 1 bind RUN) bind end 1922 fail 0 rcause 0; term 3791 DONE cause 3 rb 1 own 0 D3 READs 56
R391-P9 scen 1 h 1900: fire 2802 (ws RD pass 0 bind RUN) bind end 2022 fail 0 rcause 0; term 2802 DONE cause 3 rb 0 own 0 D3 READs 50
R391-P9 scen 1 h 2000: fire 2800 (ws RD pass 0 bind RUN) bind end 2122 fail 0 rcause 0; term 2800 DONE cause 3 rb 0 own 0 D3 READs 44
R391-P9 scen 1 h 2100: fire 2800 (ws RD pass 0 bind RUN) bind end 2222 fail 0 rcause 0; term 2800 DONE cause 3 rb 0 own 0 D3 READs 36
R391-P9 scen 1 h 2200: fire 2801 (ws RD pass 0 bind RUN) bind end 2322 fail 0 rcause 0; term 2801 DONE cause 3 rb 0 own 0 D3 READs 30
R391-P9 scen 1 h 2300: fire 2802 (ws RD pass 0 bind RUN) bind end 2422 fail 0 rcause 0; term 2802 DONE cause 3 rb 0 own 0 D3 READs 24
R391-P9 scen 1 h 2400: fire 2803 (ws RD pass 0 bind RUN) bind end 2522 fail 0 rcause 0; term 2803 DONE cause 3 rb 0 own 0 D3 READs 18
R391-P9 scen 1 h 2500: fire 2804 (ws RD pass 0 bind RUN) bind end 2622 fail 0 rcause 0; term 2804 DONE cause 3 rb 0 own 0 D3 READs 12
R391-P9 scen 1 h 2600: fire 2802 (ws RD pass 0 bind RUN) bind end 2722 fail 0 rcause 0; term 2802 DONE cause 3 rb 0 own 0 D3 READs 6
R391-P9 scen 1 h 2700: fire 2800 (ws WAITGO pass 0 bind RS_STREAM) bind end 2801 fail 1 rcause 3; term 2804 DONE cause 3 rb 0 own 0 D3 READs 0 [issue-cycle abort]
R391-P9 scen 1 h 2714: fire 2800 (ws WAITGO pass 0 bind RS_STREAM) bind end 2801 fail 1 rcause 3; term 2804 DONE cause 3 rb 0 own 0 D3 READs 0 [issue-cycle abort]
R391-P9 scen 1 h 2728: fire 2800 (ws WAITGO pass 0 bind RS_STREAM) bind end 2801 fail 1 rcause 3; term 2804 DONE cause 3 rb 0 own 0 D3 READs 0 [issue-cycle abort]
R391-P9 scen 1 h 2742: fire 2800 (ws WAITGO pass 0 bind RS_STREAM) bind end 2801 fail 1 rcause 3; term 2804 DONE cause 3 rb 0 own 0 D3 READs 0 [issue-cycle abort]
R391-P9 scen 1 h 2756: fire 2800 (ws WAITGO pass 0 bind RS_STREAM) bind end 2801 fail 1 rcause 3; term 2804 DONE cause 3 rb 0 own 0 D3 READs 0 [issue-cycle abort]
R391-P9 scen 1 h 2770: fire 2800 (ws WAITGO pass 0 bind RS_STREAM) bind end 2801 fail 1 rcause 3; term 2804 DONE cause 3 rb 0 own 0 D3 READs 0 [issue-cycle abort]
R391-P9 scen 1 h 2784: fire 2800 (ws WAITGO pass 0 bind RS_STREAM) bind end 2801 fail 1 rcause 3; term 2804 DONE cause 3 rb 0 own 0 D3 READs 0 [issue-cycle abort]
R391-P9 scen 1 h 2800: fire 2800 (ws WAITGO pass 0 bind RS_STREAM) bind end 2801 fail 1 rcause 3; term 2804 DONE cause 3 rb 0 own 0 D3 READs 0
R391-P9 scen 1 h 2900: fire 2800 (ws WAITGO pass 0 bind RS_STREAM) bind end 2801 fail 1 rcause 3; term 2804 DONE cause 3 rb 0 own 0 D3 READs 0
R391-P9 AGG 2800 scen {0,1} step 1: 5802 runs, 5294 fired, 0 BAD; expiry edge at most 8 clocks after the bound; terminal at most 1152 clocks after it; 0 proofs unfired on the bound clock; binding walks failed by the aggregate 424 (0 with a byte in hand at agg_o's rise), latest binding end 1 clocks after its first waiting clock under the fired aggregate; 73 later SETs and 1 CLOSED GET_RX_STATE graded
R391-P9 R391-4 port: 5802 runs graded idle after the terminal (longest 0 clocks); 14 binding READ strobes carried the abort in their issue clock (14 runs); 0 clocks with the D3 writer's request and abort together
R391-P9 fired in IMG/p0 bind RUN                          2 runs
R391-P9 fired in JUDGE/p1                                 64 runs
R391-P9 fired in LANE/p1                                  18 runs
R391-P9 fired in LOC/p1                                   954 runs
R391-P9 fired in NCFG/p1                                  4 runs
R391-P9 fired in NEXT/p0                                  108 runs
R391-P9 fired in NEXT/p1                                  130 runs
R391-P9 fired in RD/p0                                    1578 runs
R391-P9 fired in RD/p1                                    1786 runs
R391-P9 fired in RELOC/p1                                 108 runs
R391-P9 fired in RULE/p1                                  92 runs
R391-P9 fired in WAITGO/p0 bind FIN                       2 runs
R391-P9 fired in WAITGO/p0 bind RP_RD                     16 runs
R391-P9 fired in WAITGO/p0 bind RS_REQ                    14 runs
R391-P9 fired in WAITGO/p0 bind RS_STREAM                 412 runs
R391-P9 fired in WAITGO/p0 bind RUN                       6 runs
R391-P9 scen 2 h    0: fire 2800 (ws RD pass 0 bind RUN) bind end 1329 fail 0 rcause 0; term 2800 DONE cause 3 rb 0 own 0 D3 READs 36
R391-P9 scen 2 h  100: fire 2800 (ws RD pass 0 bind RUN) bind end 1429 fail 0 rcause 0; term 2800 DONE cause 3 rb 0 own 0 D3 READs 34
R391-P9 scen 2 h  200: fire 2800 (ws RD pass 0 bind RUN) bind end 1529 fail 0 rcause 0; term 2800 DONE cause 3 rb 0 own 0 D3 READs 32
R391-P9 scen 2 h  300: fire 2800 (ws RD pass 0 bind RUN) bind end 1629 fail 0 rcause 0; term 2800 DONE cause 3 rb 0 own 0 D3 READs 30
R391-P9 scen 2 h  400: fire 2800 (ws RD pass 0 bind RUN) bind end 1729 fail 0 rcause 0; term 2800 DONE cause 3 rb 0 own 0 D3 READs 28
R391-P9 scen 2 h  500: fire 2800 (ws RD pass 0 bind RUN) bind end 1829 fail 0 rcause 0; term 2800 DONE cause 3 rb 0 own 0 D3 READs 24
R391-P9 scen 2 h  600: fire 2801 (ws RD pass 0 bind RUN) bind end 1929 fail 0 rcause 0; term 2801 DONE cause 3 rb 0 own 0 D3 READs 22
R391-P9 scen 2 h  700: fire 2800 (ws RD pass 0 bind RUN) bind end 2029 fail 0 rcause 0; term 2800 DONE cause 3 rb 0 own 0 D3 READs 20
R391-P9 scen 2 h  800: fire 2800 (ws RD pass 0 bind RUN) bind end 2129 fail 0 rcause 0; term 2800 DONE cause 3 rb 0 own 0 D3 READs 18
R391-P9 scen 2 h  900: fire 2800 (ws RD pass 0 bind RUN) bind end 2229 fail 0 rcause 0; term 2800 DONE cause 3 rb 0 own 0 D3 READs 16
R391-P9 scen 2 h 1000: fire 2808 (ws RD pass 0 bind RUN) bind end 2329 fail 0 rcause 0; term 2808 DONE cause 3 rb 0 own 0 D3 READs 14
R391-P9 scen 2 h 1100: fire 2800 (ws RD pass 0 bind RUN) bind end 2429 fail 0 rcause 0; term 2800 DONE cause 3 rb 0 own 0 D3 READs 12
R391-P9 scen 2 h 1200: fire 2800 (ws RD pass 0 bind RUN) bind end 2529 fail 0 rcause 0; term 2800 DONE cause 3 rb 0 own 0 D3 READs 10
R391-P9 scen 2 h 1300: fire 2801 (ws RD pass 0 bind RUN) bind end 2629 fail 0 rcause 0; term 2801 DONE cause 3 rb 0 own 0 D3 READs 6
R391-P9 scen 2 h 1400: fire 2800 (ws RD pass 0 bind RUN) bind end 2729 fail 0 rcause 0; term 2800 DONE cause 3 rb 0 own 0 D3 READs 4
R391-P9 scen 2 h 1500: fire 2800 (ws WAITGO pass 0 bind RP_RD) bind end 2829 fail 0 rcause 0; term 2833 DONE cause 3 rb 0 own 0 D3 READs 0
R391-P9 scen 2 h 1600: fire 2800 (ws WAITGO pass 0 bind RS_STREAM) bind end 2801 fail 1 rcause 3; term 2804 DONE cause 3 rb 0 own 0 D3 READs 0
R391-P9 scen 2 h 1664: fire 2800 (ws WAITGO pass 0 bind RS_STREAM) bind end 2801 fail 1 rcause 3; term 2804 DONE cause 3 rb 0 own 0 D3 READs 0 [issue-cycle abort]
R391-P9 scen 2 h 1700: fire 2800 (ws WAITGO pass 0 bind RS_STREAM) bind end 2802 fail 1 rcause 3; term 2805 DONE cause 3 rb 0 own 0 D3 READs 0
R391-P9 scen 2 h 1800: fire 2800 (ws WAITGO pass 0 bind RS_STREAM) bind end 2801 fail 1 rcause 3; term 2804 DONE cause 3 rb 0 own 0 D3 READs 0
R391-P9 scen 2 h 1826: fire 2800 (ws WAITGO pass 0 bind RS_STREAM) bind end 2801 fail 1 rcause 3; term 2804 DONE cause 3 rb 0 own 0 D3 READs 0 [issue-cycle abort]
R391-P9 scen 2 h 1900: fire 2800 (ws WAITGO pass 0 bind RS_STREAM) bind end 2801 fail 1 rcause 3; term 2804 DONE cause 3 rb 0 own 0 D3 READs 0
R391-P9 scen 2 h 1988: fire 2800 (ws WAITGO pass 0 bind RS_STREAM) bind end 2801 fail 1 rcause 3; term 2804 DONE cause 3 rb 0 own 0 D3 READs 0 [issue-cycle abort]
R391-P9 scen 2 h 2000: fire 2800 (ws WAITGO pass 0 bind RS_STREAM) bind end 2802 fail 1 rcause 3; term 2805 DONE cause 3 rb 0 own 0 D3 READs 0
R391-P9 scen 2 h 2100: fire 2800 (ws WAITGO pass 0 bind RS_STREAM) bind end 2801 fail 1 rcause 3; term 2804 DONE cause 3 rb 0 own 0 D3 READs 0
R391-P9 scen 2 h 2150: fire 2800 (ws WAITGO pass 0 bind RS_STREAM) bind end 2801 fail 1 rcause 3; term 2804 DONE cause 3 rb 0 own 0 D3 READs 0 [issue-cycle abort]
R391-P9 scen 2 h 2200: fire 2800 (ws WAITGO pass 0 bind RS_STREAM) bind end 2801 fail 1 rcause 3; term 2804 DONE cause 3 rb 0 own 0 D3 READs 0
R391-P9 scen 2 h 2300: fire 2800 (ws WAITGO pass 0 bind RS_STREAM) bind end 2801 fail 1 rcause 3; term 2804 DONE cause 3 rb 0 own 0 D3 READs 0
R391-P9 scen 2 h 2312: fire 2800 (ws WAITGO pass 0 bind RS_STREAM) bind end 2801 fail 1 rcause 3; term 2804 DONE cause 3 rb 0 own 0 D3 READs 0 [issue-cycle abort]
R391-P9 scen 2 h 2400: fire 2800 (ws WAITGO pass 0 bind RS_STREAM) bind end 2801 fail 1 rcause 3; term 2804 DONE cause 3 rb 0 own 0 D3 READs 0
R391-P9 scen 2 h 2474: fire 2800 (ws WAITGO pass 0 bind RS_STREAM) bind end 2801 fail 1 rcause 3; term 2804 DONE cause 3 rb 0 own 0 D3 READs 0 [issue-cycle abort]
R391-P9 scen 2 h 2500: fire 2800 (ws WAITGO pass 0 bind RS_STREAM) bind end 2801 fail 1 rcause 3; term 2804 DONE cause 3 rb 0 own 0 D3 READs 0
R391-P9 scen 2 h 2600: fire 2800 (ws WAITGO pass 0 bind RS_STREAM) bind end 2801 fail 1 rcause 3; term 2804 DONE cause 3 rb 0 own 0 D3 READs 0
R391-P9 scen 2 h 2636: fire 2800 (ws WAITGO pass 0 bind RS_STREAM) bind end 2801 fail 1 rcause 3; term 2804 DONE cause 3 rb 0 own 0 D3 READs 0 [issue-cycle abort]
R391-P9 scen 2 h 2700: fire 2800 (ws WAITGO pass 0 bind RS_STREAM) bind end 2801 fail 1 rcause 3; term 2804 DONE cause 3 rb 0 own 0 D3 READs 0
R391-P9 scen 2 h 2800: fire 2800 (ws WAITGO pass 0 bind RS_STREAM) bind end 2801 fail 1 rcause 3; term 2804 DONE cause 3 rb 0 own 0 D3 READs 0
R391-P9 scen 2 h 2900: fire 2800 (ws WAITGO pass 0 bind RS_STREAM) bind end 2801 fail 1 rcause 3; term 2804 DONE cause 3 rb 0 own 0 D3 READs 0
R391-P9 scen 3 h    0: fire 2801 (ws RD pass 0 bind RUN) bind end 1329 fail 0 rcause 0; term 2801 DONE cause 3 rb 0 own 0 D3 READs 24
R391-P9 scen 3 h  100: fire 2805 (ws RD pass 0 bind RUN) bind end 1429 fail 0 rcause 0; term 2805 DONE cause 3 rb 0 own 0 D3 READs 22
R391-P9 scen 3 h  200: fire 2800 (ws RD pass 0 bind RUN) bind end 1529 fail 0 rcause 0; term 2800 DONE cause 3 rb 0 own 0 D3 READs 20
R391-P9 scen 3 h  300: fire 2800 (ws RD pass 0 bind RUN) bind end 1629 fail 0 rcause 0; term 2800 DONE cause 3 rb 0 own 0 D3 READs 18
R391-P9 scen 3 h  400: fire 2801 (ws NEXT pass 0 bind RUN) bind end 1729 fail 0 rcause 0; term 2801 DONE cause 3 rb 0 own 0 D3 READs 14
R391-P9 scen 3 h  500: fire 2800 (ws RD pass 0 bind RUN) bind end 1829 fail 0 rcause 0; term 2800 DONE cause 3 rb 0 own 0 D3 READs 12
R391-P9 scen 3 h  600: fire 2800 (ws RD pass 0 bind RUN) bind end 1929 fail 0 rcause 0; term 2800 DONE cause 3 rb 0 own 0 D3 READs 10
R391-P9 scen 3 h  700: fire 2801 (ws RD pass 0 bind RUN) bind end 2029 fail 0 rcause 0; term 2801 DONE cause 3 rb 0 own 0 D3 READs 8
R391-P9 scen 3 h  800: fire 2800 (ws RD pass 0 bind RUN) bind end 2129 fail 0 rcause 0; term 2800 DONE cause 3 rb 0 own 0 D3 READs 6
R391-P9 scen 3 h  900: fire 2800 (ws RD pass 0 bind RUN) bind end 2229 fail 0 rcause 0; term 2800 DONE cause 3 rb 0 own 0 D3 READs 2
R391-P9 scen 3 h 1000: fire 2800 (ws IMGLOC pass 0 bind RUN) bind end 2329 fail 0 rcause 0; term 2874 DONE cause 3 rb 0 own 0 D3 READs 0
R391-P9 scen 3 h 1100: fire 2800 (ws IMGLOC pass 0 bind RUN) bind end 2429 fail 0 rcause 0; term 2974 DONE cause 3 rb 0 own 0 D3 READs 0
R391-P9 scen 3 h 1200: fire 2800 (ws IMGLOC pass 0 bind RUN) bind end 2529 fail 0 rcause 0; term 3074 DONE cause 3 rb 0 own 0 D3 READs 0
R391-P9 scen 3 h 1300: fire 2800 (ws IMGLOC pass 0 bind RUN) bind end 2629 fail 0 rcause 0; term 3174 DONE cause 3 rb 0 own 0 D3 READs 0
R391-P9 scen 3 h 1400: fire 2800 (ws IMGLOC pass 0 bind RUN) bind end 2729 fail 0 rcause 0; term 3274 DONE cause 3 rb 0 own 0 D3 READs 0
R391-P9 scen 3 h 1500: fire 2800 (ws WAITGO pass 0 bind RP_RD) bind end 2829 fail 0 rcause 0; term 3374 DONE cause 3 rb 0 own 0 D3 READs 0
R391-P9 scen 3 h 1600: fire 2800 (ws WAITGO pass 0 bind RS_STREAM) bind end 2801 fail 1 rcause 3; term 3345 DONE cause 3 rb 0 own 0 D3 READs 0
R391-P9 scen 3 h 1664: fire 2800 (ws WAITGO pass 0 bind RS_STREAM) bind end 2801 fail 1 rcause 3; term 3345 DONE cause 3 rb 0 own 0 D3 READs 0 [issue-cycle abort]
R391-P9 scen 3 h 1700: fire 2800 (ws WAITGO pass 0 bind RS_STREAM) bind end 2802 fail 1 rcause 3; term 3346 DONE cause 3 rb 0 own 0 D3 READs 0
R391-P9 scen 3 h 1800: fire 2800 (ws WAITGO pass 0 bind RS_STREAM) bind end 2801 fail 1 rcause 3; term 3345 DONE cause 3 rb 0 own 0 D3 READs 0
R391-P9 scen 3 h 1826: fire 2800 (ws WAITGO pass 0 bind RS_STREAM) bind end 2801 fail 1 rcause 3; term 3345 DONE cause 3 rb 0 own 0 D3 READs 0 [issue-cycle abort]
R391-P9 scen 3 h 1900: fire 2800 (ws WAITGO pass 0 bind RS_STREAM) bind end 2801 fail 1 rcause 3; term 3345 DONE cause 3 rb 0 own 0 D3 READs 0
R391-P9 scen 3 h 1988: fire 2800 (ws WAITGO pass 0 bind RS_STREAM) bind end 2801 fail 1 rcause 3; term 3345 DONE cause 3 rb 0 own 0 D3 READs 0 [issue-cycle abort]
R391-P9 scen 3 h 2000: fire 2800 (ws WAITGO pass 0 bind RS_STREAM) bind end 2802 fail 1 rcause 3; term 3346 DONE cause 3 rb 0 own 0 D3 READs 0
R391-P9 scen 3 h 2100: fire 2800 (ws WAITGO pass 0 bind RS_STREAM) bind end 2801 fail 1 rcause 3; term 3345 DONE cause 3 rb 0 own 0 D3 READs 0
R391-P9 scen 3 h 2150: fire 2800 (ws WAITGO pass 0 bind RS_STREAM) bind end 2801 fail 1 rcause 3; term 3345 DONE cause 3 rb 0 own 0 D3 READs 0 [issue-cycle abort]
R391-P9 scen 3 h 2200: fire 2800 (ws WAITGO pass 0 bind RS_STREAM) bind end 2801 fail 1 rcause 3; term 3345 DONE cause 3 rb 0 own 0 D3 READs 0
R391-P9 scen 3 h 2300: fire 2800 (ws WAITGO pass 0 bind RS_STREAM) bind end 2801 fail 1 rcause 3; term 3345 DONE cause 3 rb 0 own 0 D3 READs 0
R391-P9 scen 3 h 2312: fire 2800 (ws WAITGO pass 0 bind RS_STREAM) bind end 2801 fail 1 rcause 3; term 3345 DONE cause 3 rb 0 own 0 D3 READs 0 [issue-cycle abort]
R391-P9 scen 3 h 2400: fire 2800 (ws WAITGO pass 0 bind RS_STREAM) bind end 2801 fail 1 rcause 3; term 3345 DONE cause 3 rb 0 own 0 D3 READs 0
R391-P9 scen 3 h 2474: fire 2800 (ws WAITGO pass 0 bind RS_STREAM) bind end 2801 fail 1 rcause 3; term 3345 DONE cause 3 rb 0 own 0 D3 READs 0 [issue-cycle abort]
R391-P9 scen 3 h 2500: fire 2800 (ws WAITGO pass 0 bind RS_STREAM) bind end 2801 fail 1 rcause 3; term 3345 DONE cause 3 rb 0 own 0 D3 READs 0
R391-P9 scen 3 h 2600: fire 2800 (ws WAITGO pass 0 bind RS_STREAM) bind end 2801 fail 1 rcause 3; term 3345 DONE cause 3 rb 0 own 0 D3 READs 0
R391-P9 scen 3 h 2636: fire 2800 (ws WAITGO pass 0 bind RS_STREAM) bind end 2801 fail 1 rcause 3; term 3345 DONE cause 3 rb 0 own 0 D3 READs 0 [issue-cycle abort]
R391-P9 scen 3 h 2700: fire 2800 (ws WAITGO pass 0 bind RS_STREAM) bind end 2801 fail 1 rcause 3; term 3345 DONE cause 3 rb 0 own 0 D3 READs 0
R391-P9 scen 3 h 2800: fire 2800 (ws WAITGO pass 0 bind RS_STREAM) bind end 2801 fail 1 rcause 3; term 3345 DONE cause 3 rb 0 own 0 D3 READs 0
R391-P9 scen 3 h 2900: fire 2800 (ws WAITGO pass 0 bind RS_STREAM) bind end 2801 fail 1 rcause 3; term 3345 DONE cause 3 rb 0 own 0 D3 READs 0
R391-P9 AGG 2800 scen {2,3} step 1: 5802 runs, 5801 fired, 0 BAD; expiry edge at most 8 clocks after the bound; terminal at most 579 clocks after it; 1 proofs unfired on the bound clock; binding walks failed by the aggregate 2486 (128 with a byte in hand at agg_o's rise), latest binding end 2 clocks after its first waiting clock under the fired aggregate; 74 later SETs and 0 CLOSED GET_RX_STATE graded
R391-P9 R391-4 port: 5802 runs graded idle after the terminal (longest 0 clocks); 14 binding READ strobes carried the abort in their issue clock (14 runs); 0 clocks with the D3 writer's request and abort together
R391-P9 fired in IMG/p0 bind RUN                          2 runs
R391-P9 fired in IMGLOC/p0 bind RUN                       540 runs
R391-P9 fired in NEXT/p0                                  56 runs
R391-P9 fired in RD/p0                                    2337 runs
R391-P9 fired in WAITGO/p0 bind FIN                       2 runs
R391-P9 fired in WAITGO/p0 bind RP_DRIVE                  16 runs
R391-P9 fired in WAITGO/p0 bind RP_LATCH                  16 runs
R391-P9 fired in WAITGO/p0 bind RP_RD                     30 runs
R391-P9 fired in WAITGO/p0 bind RS_REQ                    14 runs
R391-P9 fired in WAITGO/p0 bind RS_STORE                  16 runs
R391-P9 fired in WAITGO/p0 bind RS_STREAM                 2332 runs
R391-P9 fired in WAITGO/p0 bind RS_STREAM+byte            432 runs
R391-P9 fired in WAITGO/p0 bind RUN                       8 runs
R391-P9 fired in unfired proof on the bound clock in DONE 1 runs
R391-P9 scen 4 h    0: fire 0 (ws - pass 0 bind INIT) bind end 1329 fail 0 rcause 0; term 1373 CLOSED cause 7 rb 0 own 1 D3 READs 0
R391-P9 scen 4 h  100: fire 0 (ws - pass 0 bind INIT) bind end 1429 fail 0 rcause 0; term 1473 CLOSED cause 7 rb 0 own 1 D3 READs 0
R391-P9 scen 4 h  200: fire 0 (ws - pass 0 bind INIT) bind end 1529 fail 0 rcause 0; term 1573 CLOSED cause 7 rb 0 own 1 D3 READs 0
R391-P9 scen 4 h  300: fire 0 (ws - pass 0 bind INIT) bind end 1629 fail 0 rcause 0; term 1673 CLOSED cause 7 rb 0 own 1 D3 READs 0
R391-P9 scen 4 h  400: fire 0 (ws - pass 0 bind INIT) bind end 1729 fail 0 rcause 0; term 1773 CLOSED cause 7 rb 0 own 1 D3 READs 0
R391-P9 scen 4 h  500: fire 0 (ws - pass 0 bind INIT) bind end 1829 fail 0 rcause 0; term 1873 CLOSED cause 7 rb 0 own 1 D3 READs 0
R391-P9 scen 4 h  600: fire 0 (ws - pass 0 bind INIT) bind end 1929 fail 0 rcause 0; term 1973 CLOSED cause 7 rb 0 own 1 D3 READs 0
R391-P9 scen 4 h  700: fire 0 (ws - pass 0 bind INIT) bind end 2029 fail 0 rcause 0; term 2073 CLOSED cause 7 rb 0 own 1 D3 READs 0
R391-P9 scen 4 h  800: fire 0 (ws - pass 0 bind INIT) bind end 2129 fail 0 rcause 0; term 2173 CLOSED cause 7 rb 0 own 1 D3 READs 0
R391-P9 scen 4 h  900: fire 0 (ws - pass 0 bind INIT) bind end 2229 fail 0 rcause 0; term 2273 CLOSED cause 7 rb 0 own 1 D3 READs 0
R391-P9 scen 4 h 1000: fire 0 (ws - pass 0 bind INIT) bind end 2329 fail 0 rcause 0; term 2373 CLOSED cause 7 rb 0 own 1 D3 READs 0
R391-P9 scen 4 h 1100: fire 0 (ws - pass 0 bind INIT) bind end 2429 fail 0 rcause 0; term 2473 CLOSED cause 7 rb 0 own 1 D3 READs 0
R391-P9 scen 4 h 1200: fire 0 (ws - pass 0 bind INIT) bind end 2529 fail 0 rcause 0; term 2573 CLOSED cause 7 rb 0 own 1 D3 READs 0
R391-P9 scen 4 h 1300: fire 0 (ws - pass 0 bind INIT) bind end 2629 fail 0 rcause 0; term 2673 CLOSED cause 7 rb 0 own 1 D3 READs 0
R391-P9 scen 4 h 1400: fire 0 (ws - pass 0 bind INIT) bind end 2729 fail 0 rcause 0; term 2773 CLOSED cause 7 rb 0 own 1 D3 READs 0
R391-P9 scen 4 h 1500: fire 2800 (ws WAITGO pass 0 bind RP_RD) bind end 2829 fail 0 rcause 0; term 2873 CLOSED cause 7 rb 0 own 1 D3 READs 0
R391-P9 scen 4 h 1600: fire 2800 (ws WAITGO pass 0 bind RS_STREAM) bind end 2801 fail 1 rcause 3; term 2844 CLOSED cause 7 rb 0 own 1 D3 READs 0
R391-P9 scen 4 h 1664: fire 2800 (ws WAITGO pass 0 bind RS_STREAM) bind end 2801 fail 1 rcause 3; term 2844 CLOSED cause 7 rb 0 own 1 D3 READs 0 [issue-cycle abort]
R391-P9 scen 4 h 1700: fire 2800 (ws WAITGO pass 0 bind RS_STREAM) bind end 2802 fail 1 rcause 3; term 2845 CLOSED cause 7 rb 0 own 1 D3 READs 0
R391-P9 scen 4 h 1800: fire 2800 (ws WAITGO pass 0 bind RS_STREAM) bind end 2801 fail 1 rcause 3; term 2844 CLOSED cause 7 rb 0 own 1 D3 READs 0
R391-P9 scen 4 h 1826: fire 2800 (ws WAITGO pass 0 bind RS_STREAM) bind end 2801 fail 1 rcause 3; term 2844 CLOSED cause 7 rb 0 own 1 D3 READs 0 [issue-cycle abort]
R391-P9 scen 4 h 1900: fire 2800 (ws WAITGO pass 0 bind RS_STREAM) bind end 2801 fail 1 rcause 3; term 2844 CLOSED cause 7 rb 0 own 1 D3 READs 0
R391-P9 scen 4 h 1988: fire 2800 (ws WAITGO pass 0 bind RS_STREAM) bind end 2801 fail 1 rcause 3; term 2844 CLOSED cause 7 rb 0 own 1 D3 READs 0 [issue-cycle abort]
R391-P9 scen 4 h 2000: fire 2800 (ws WAITGO pass 0 bind RS_STREAM) bind end 2802 fail 1 rcause 3; term 2845 CLOSED cause 7 rb 0 own 1 D3 READs 0
R391-P9 scen 4 h 2100: fire 2800 (ws WAITGO pass 0 bind RS_STREAM) bind end 2801 fail 1 rcause 3; term 2844 CLOSED cause 7 rb 0 own 1 D3 READs 0
R391-P9 scen 4 h 2150: fire 2800 (ws WAITGO pass 0 bind RS_STREAM) bind end 2801 fail 1 rcause 3; term 2844 CLOSED cause 7 rb 0 own 1 D3 READs 0 [issue-cycle abort]
R391-P9 scen 4 h 2200: fire 2800 (ws WAITGO pass 0 bind RS_STREAM) bind end 2801 fail 1 rcause 3; term 2844 CLOSED cause 7 rb 0 own 1 D3 READs 0
R391-P9 scen 4 h 2300: fire 2800 (ws WAITGO pass 0 bind RS_STREAM) bind end 2801 fail 1 rcause 3; term 2844 CLOSED cause 7 rb 0 own 1 D3 READs 0
R391-P9 scen 4 h 2312: fire 2800 (ws WAITGO pass 0 bind RS_STREAM) bind end 2801 fail 1 rcause 3; term 2844 CLOSED cause 7 rb 0 own 1 D3 READs 0 [issue-cycle abort]
R391-P9 scen 4 h 2400: fire 2800 (ws WAITGO pass 0 bind RS_STREAM) bind end 2801 fail 1 rcause 3; term 2844 CLOSED cause 7 rb 0 own 1 D3 READs 0
R391-P9 scen 4 h 2474: fire 2800 (ws WAITGO pass 0 bind RS_STREAM) bind end 2801 fail 1 rcause 3; term 2844 CLOSED cause 7 rb 0 own 1 D3 READs 0 [issue-cycle abort]
R391-P9 scen 4 h 2500: fire 2800 (ws WAITGO pass 0 bind RS_STREAM) bind end 2801 fail 1 rcause 3; term 2844 CLOSED cause 7 rb 0 own 1 D3 READs 0
R391-P9 scen 4 h 2600: fire 2800 (ws WAITGO pass 0 bind RS_STREAM) bind end 2801 fail 1 rcause 3; term 2844 CLOSED cause 7 rb 0 own 1 D3 READs 0
R391-P9 scen 4 h 2636: fire 2800 (ws WAITGO pass 0 bind RS_STREAM) bind end 2801 fail 1 rcause 3; term 2844 CLOSED cause 7 rb 0 own 1 D3 READs 0 [issue-cycle abort]
R391-P9 scen 4 h 2700: fire 2800 (ws WAITGO pass 0 bind RS_STREAM) bind end 2801 fail 1 rcause 3; term 2844 CLOSED cause 7 rb 0 own 1 D3 READs 0
R391-P9 scen 4 h 2800: fire 2800 (ws WAITGO pass 0 bind RS_STREAM) bind end 2801 fail 1 rcause 3; term 2844 CLOSED cause 7 rb 0 own 1 D3 READs 0
R391-P9 scen 4 h 2900: fire 2800 (ws WAITGO pass 0 bind RS_STREAM) bind end 2801 fail 1 rcause 3; term 2844 CLOSED cause 7 rb 0 own 1 D3 READs 0
R391-P9 scen 5 h    0: fire 2800 (ws LOC pass 1 bind RUN) bind end 122 fail 0 rcause 0; term 17008 DONE cause 3 rb 1 own 0 D3 READs 58
R391-P9 scen 5 h  100: fire 2800 (ws LOC pass 1 bind RUN) bind end 222 fail 0 rcause 0; term 16702 DONE cause 3 rb 1 own 0 D3 READs 58
R391-P9 scen 5 h  200: fire 2800 (ws LOC pass 1 bind RUN) bind end 322 fail 0 rcause 0; term 16802 DONE cause 3 rb 1 own 0 D3 READs 58
R391-P9 scen 5 h  300: fire 2800 (ws LOC pass 1 bind RUN) bind end 422 fail 0 rcause 0; term 16902 DONE cause 3 rb 1 own 0 D3 READs 58
R391-P9 scen 5 h  400: fire 2800 (ws LOC pass 1 bind RUN) bind end 522 fail 0 rcause 0; term 17002 DONE cause 3 rb 1 own 0 D3 READs 58
R391-P9 scen 5 h  500: fire 2800 (ws LOC pass 1 bind RUN) bind end 622 fail 0 rcause 0; term 17102 DONE cause 3 rb 1 own 0 D3 READs 58
R391-P9 scen 5 h  600: fire 2800 (ws LOC pass 1 bind RUN) bind end 722 fail 0 rcause 0; term 17202 DONE cause 3 rb 1 own 0 D3 READs 58
R391-P9 scen 5 h  700: fire 2800 (ws LOC pass 1 bind RUN) bind end 822 fail 0 rcause 0; term 17302 DONE cause 3 rb 1 own 0 D3 READs 58
R391-P9 scen 5 h  800: fire 2800 (ws LOC pass 1 bind RUN) bind end 922 fail 0 rcause 0; term 17402 DONE cause 3 rb 1 own 0 D3 READs 58
R391-P9 scen 5 h  900: fire 2800 (ws LOC pass 1 bind RUN) bind end 1022 fail 0 rcause 0; term 17502 DONE cause 3 rb 1 own 0 D3 READs 58
R391-P9 scen 5 h 1000: fire 2800 (ws LOC pass 1 bind RUN) bind end 1122 fail 0 rcause 0; term 17602 DONE cause 3 rb 1 own 0 D3 READs 58
R391-P9 scen 5 h 1100: fire 2800 (ws LOC pass 1 bind RUN) bind end 1222 fail 0 rcause 0; term 17702 DONE cause 3 rb 1 own 0 D3 READs 58
R391-P9 scen 5 h 1200: fire 2800 (ws LOC pass 1 bind RUN) bind end 1322 fail 0 rcause 0; term 17802 DONE cause 3 rb 1 own 0 D3 READs 58
R391-P9 scen 5 h 1300: fire 2800 (ws LOC pass 1 bind RUN) bind end 1422 fail 0 rcause 0; term 17902 DONE cause 3 rb 1 own 0 D3 READs 58
R391-P9 scen 5 h 1400: fire 2800 (ws LOC pass 1 bind RUN) bind end 1522 fail 0 rcause 0; term 18002 DONE cause 3 rb 1 own 0 D3 READs 58
R391-P9 scen 5 h 1500: fire 2800 (ws LOC pass 1 bind RUN) bind end 1622 fail 0 rcause 0; term 18102 DONE cause 3 rb 1 own 0 D3 READs 58
R391-P9 scen 5 h 1600: fire 2800 (ws LOC pass 1 bind RUN) bind end 1722 fail 0 rcause 0; term 18202 DONE cause 3 rb 1 own 0 D3 READs 58
R391-P9 scen 5 h 1700: fire 2800 (ws LOC pass 1 bind RUN) bind end 1822 fail 0 rcause 0; term 18302 DONE cause 3 rb 1 own 0 D3 READs 58
R391-P9 scen 5 h 1800: fire 2800 (ws NEXT pass 1 bind RUN) bind end 1922 fail 0 rcause 0; term 3343 DONE cause 3 rb 1 own 0 D3 READs 56
R391-P9 scen 5 h 1900: fire 2802 (ws RD pass 0 bind RUN) bind end 2022 fail 0 rcause 0; term 2802 DONE cause 3 rb 0 own 0 D3 READs 50
R391-P9 scen 5 h 2000: fire 2800 (ws RD pass 0 bind RUN) bind end 2122 fail 0 rcause 0; term 2800 DONE cause 3 rb 0 own 0 D3 READs 44
R391-P9 scen 5 h 2100: fire 2800 (ws RD pass 0 bind RUN) bind end 2222 fail 0 rcause 0; term 2800 DONE cause 3 rb 0 own 0 D3 READs 36
R391-P9 scen 5 h 2200: fire 2801 (ws RD pass 0 bind RUN) bind end 2322 fail 0 rcause 0; term 2801 DONE cause 3 rb 0 own 0 D3 READs 30
R391-P9 scen 5 h 2300: fire 2802 (ws RD pass 0 bind RUN) bind end 2422 fail 0 rcause 0; term 2802 DONE cause 3 rb 0 own 0 D3 READs 24
R391-P9 scen 5 h 2400: fire 2803 (ws RD pass 0 bind RUN) bind end 2522 fail 0 rcause 0; term 2803 DONE cause 3 rb 0 own 0 D3 READs 18
R391-P9 scen 5 h 2500: fire 2804 (ws RD pass 0 bind RUN) bind end 2622 fail 0 rcause 0; term 2804 DONE cause 3 rb 0 own 0 D3 READs 12
R391-P9 scen 5 h 2600: fire 2802 (ws RD pass 0 bind RUN) bind end 2722 fail 0 rcause 0; term 2802 DONE cause 3 rb 0 own 0 D3 READs 6
R391-P9 scen 5 h 2700: fire 2800 (ws WAITGO pass 0 bind RS_STREAM) bind end 2801 fail 1 rcause 3; term 2804 DONE cause 3 rb 0 own 0 D3 READs 0 [issue-cycle abort]
R391-P9 scen 5 h 2714: fire 2800 (ws WAITGO pass 0 bind RS_STREAM) bind end 2801 fail 1 rcause 3; term 2804 DONE cause 3 rb 0 own 0 D3 READs 0 [issue-cycle abort]
R391-P9 scen 5 h 2728: fire 2800 (ws WAITGO pass 0 bind RS_STREAM) bind end 2801 fail 1 rcause 3; term 2804 DONE cause 3 rb 0 own 0 D3 READs 0 [issue-cycle abort]
R391-P9 scen 5 h 2742: fire 2800 (ws WAITGO pass 0 bind RS_STREAM) bind end 2801 fail 1 rcause 3; term 2804 DONE cause 3 rb 0 own 0 D3 READs 0 [issue-cycle abort]
R391-P9 scen 5 h 2756: fire 2800 (ws WAITGO pass 0 bind RS_STREAM) bind end 2801 fail 1 rcause 3; term 2804 DONE cause 3 rb 0 own 0 D3 READs 0 [issue-cycle abort]
R391-P9 scen 5 h 2770: fire 2800 (ws WAITGO pass 0 bind RS_STREAM) bind end 2801 fail 1 rcause 3; term 2804 DONE cause 3 rb 0 own 0 D3 READs 0 [issue-cycle abort]
R391-P9 scen 5 h 2784: fire 2800 (ws WAITGO pass 0 bind RS_STREAM) bind end 2801 fail 1 rcause 3; term 2804 DONE cause 3 rb 0 own 0 D3 READs 0 [issue-cycle abort]
R391-P9 scen 5 h 2800: fire 2800 (ws WAITGO pass 0 bind RS_STREAM) bind end 2801 fail 1 rcause 3; term 2804 DONE cause 3 rb 0 own 0 D3 READs 0
R391-P9 scen 5 h 2900: fire 2800 (ws WAITGO pass 0 bind RS_STREAM) bind end 2801 fail 1 rcause 3; term 2804 DONE cause 3 rb 0 own 0 D3 READs 0
R391-P9 AGG 2800 scen {4,5} step 1: 5802 runs, 4374 fired, 0 BAD; expiry edge at most 8 clocks after the bound; terminal at most 15561 clocks after it; 1 proofs unfired on the bound clock; binding walks failed by the aggregate 1455 (64 with a byte in hand at agg_o's rise), latest binding end 2 clocks after its first waiting clock under the fired aggregate; 37 later SETs and 30 CLOSED GET_RX_STATE graded
R391-P9 R391-4 port: 5802 runs graded idle after the terminal (longest 0 clocks); 14 binding READ strobes carried the abort in their issue clock (14 runs); 0 clocks with the D3 writer's request and abort together
R391-P9 fired in IMG/p0 bind RUN                          2 runs
R391-P9 fired in IMGLOC/p0 bind RUN                       39 runs
R391-P9 fired in LOC/p1                                   1771 runs
R391-P9 fired in NCFG/p1                                  2 runs
R391-P9 fired in NEXT/p0                                  54 runs
R391-P9 fired in NEXT/p1                                  3 runs
R391-P9 fired in RD/p0                                    789 runs
R391-P9 fired in RD/p1                                    52 runs
R391-P9 fired in RULE/p1                                  4 runs
R391-P9 fired in WAITGO/p0 bind FIN                       2 runs
R391-P9 fired in WAITGO/p0 bind RP_DRIVE                  8 runs
R391-P9 fired in WAITGO/p0 bind RP_LATCH                  8 runs
R391-P9 fired in WAITGO/p0 bind RP_RD                     23 runs
R391-P9 fired in WAITGO/p0 bind RS_REQ                    14 runs
R391-P9 fired in WAITGO/p0 bind RS_STORE                  8 runs
R391-P9 fired in WAITGO/p0 bind RS_STREAM                 1372 runs
R391-P9 fired in WAITGO/p0 bind RS_STREAM+byte            216 runs
R391-P9 fired in WAITGO/p0 bind RUN                       7 runs
R391-P9 fired in unfired image refusal on the bound clock 1 runs
