wrote $PACKET/scratch/matrix/head-srp_rx_retry-if2/srp-srp_rx_retry-if2-endstation_ax7101_1x1_tdm8/contract/KL_mbx_pkg.sv (2 interfaces)
wrote $PACKET/scratch/matrix/head-srp_rx_retry-if2/srp-srp_rx_retry-if2-endstation_ax7101_1x1_tdm8/contract/KL_mbx.sv (2 interfaces)
wrote $PACKET/scratch/matrix/head-srp_rx_retry-if2/srp-srp_rx_retry-if2-endstation_ax7101_1x1_tdm8/contract/mbx_contract.h (2 interfaces)
rc=0 ifs=2 test=srp_rx_retry.cpp filter=* root=$PACKET/scratch/root-head
[       OK ] SrpRetry.RefusedMixedPayloadRetriesWithoutPeerRetransmission (0 ms)
[       OK ] SrpRetry.PartialPayloadKeepsLaterAttributesAndDoesNotRepeatStop (0 ms)
[       OK ] SrpRetry.LaterRecordsCannotOvertakeRetainedInterface (0 ms)
[       OK ] SrpRetry.LinkResetCancelsRetainedPayloadAndFencesLaterOldRecords (0 ms)
[       OK ] SrpRetry.OtherInterfaceResetPreservesRetainedPayload (0 ms)
[       OK ] SrpRetry.DestroyCancelsRetainedPayloadBeforeReinitialization (0 ms)
[       OK ] SrpRetry.FailedParticipantRecreationRetainsFreshReceive (0 ms)
[       OK ] SrpRetry.RetainedMvrpUsesItsOriginalParticipant (0 ms)
[       OK ] SrpRetry.RetainedReceiveWaitsForOwedTransmit (0 ms)
[       OK ] SrpRetry.RetainedReceiveWaitsForTickAndLifecycleBacklogs (0 ms)
[       OK ] SrpRetry.WholeInvalidPduIsMalformedAndFutureUnknownMessageIsSkipped (0 ms)
[       OK ] SrpRetry.OversizedValidRecordExpiresOnceAndReleasesOtherInterfaceAndBinding (354 ms)
[       OK ] SrpRetry.QueuedRefusalKeepsOriginalArrivalDeadlineAcrossClockWrap (0 ms)
[       OK ] SrpRetry.RecoveryAtDeadlineStillAppliesTheCompleteRecord (0 ms)
[       OK ] SrpRetry.RetainedDeadlineCrossesClockWrapWithoutEarlyDiscard (0 ms)
[       OK ] SrpRetry.FailedRecreationCannotRetainInputBeyondItsDeadline (2 ms)
[       OK ] SrpRetry.DomainFloodCannotDelayLaterRapidLeave (18 ms)
[  PASSED  ] 17 tests.
== ctrl SRP receive recovery: checks: 17   failures: 0 ==

--- full log ---
[==========] Running 17 tests from 1 test suite.
[----------] Global test environment set-up.
[----------] 17 tests from SrpRetry
[ RUN      ] SrpRetry.RefusedMixedPayloadRetriesWithoutPeerRetransmission
[       OK ] SrpRetry.RefusedMixedPayloadRetriesWithoutPeerRetransmission (0 ms)
[ RUN      ] SrpRetry.PartialPayloadKeepsLaterAttributesAndDoesNotRepeatStop
[       OK ] SrpRetry.PartialPayloadKeepsLaterAttributesAndDoesNotRepeatStop (0 ms)
[ RUN      ] SrpRetry.LaterRecordsCannotOvertakeRetainedInterface
[       OK ] SrpRetry.LaterRecordsCannotOvertakeRetainedInterface (0 ms)
[ RUN      ] SrpRetry.LinkResetCancelsRetainedPayloadAndFencesLaterOldRecords
[       OK ] SrpRetry.LinkResetCancelsRetainedPayloadAndFencesLaterOldRecords (0 ms)
[ RUN      ] SrpRetry.OtherInterfaceResetPreservesRetainedPayload
[       OK ] SrpRetry.OtherInterfaceResetPreservesRetainedPayload (0 ms)
[ RUN      ] SrpRetry.DestroyCancelsRetainedPayloadBeforeReinitialization
[       OK ] SrpRetry.DestroyCancelsRetainedPayloadBeforeReinitialization (0 ms)
[ RUN      ] SrpRetry.FailedParticipantRecreationRetainsFreshReceive
[       OK ] SrpRetry.FailedParticipantRecreationRetainsFreshReceive (0 ms)
[ RUN      ] SrpRetry.RetainedMvrpUsesItsOriginalParticipant
[       OK ] SrpRetry.RetainedMvrpUsesItsOriginalParticipant (0 ms)
[ RUN      ] SrpRetry.RetainedReceiveWaitsForOwedTransmit
[       OK ] SrpRetry.RetainedReceiveWaitsForOwedTransmit (0 ms)
[ RUN      ] SrpRetry.RetainedReceiveWaitsForTickAndLifecycleBacklogs
[       OK ] SrpRetry.RetainedReceiveWaitsForTickAndLifecycleBacklogs (0 ms)
[ RUN      ] SrpRetry.WholeInvalidPduIsMalformedAndFutureUnknownMessageIsSkipped
[       OK ] SrpRetry.WholeInvalidPduIsMalformedAndFutureUnknownMessageIsSkipped (0 ms)
[ RUN      ] SrpRetry.OversizedValidRecordExpiresOnceAndReleasesOtherInterfaceAndBinding
[       OK ] SrpRetry.OversizedValidRecordExpiresOnceAndReleasesOtherInterfaceAndBinding (354 ms)
[ RUN      ] SrpRetry.QueuedRefusalKeepsOriginalArrivalDeadlineAcrossClockWrap
[       OK ] SrpRetry.QueuedRefusalKeepsOriginalArrivalDeadlineAcrossClockWrap (0 ms)
[ RUN      ] SrpRetry.RecoveryAtDeadlineStillAppliesTheCompleteRecord
[       OK ] SrpRetry.RecoveryAtDeadlineStillAppliesTheCompleteRecord (0 ms)
[ RUN      ] SrpRetry.RetainedDeadlineCrossesClockWrapWithoutEarlyDiscard
[       OK ] SrpRetry.RetainedDeadlineCrossesClockWrapWithoutEarlyDiscard (0 ms)
[ RUN      ] SrpRetry.FailedRecreationCannotRetainInputBeyondItsDeadline
[       OK ] SrpRetry.FailedRecreationCannotRetainInputBeyondItsDeadline (2 ms)
[ RUN      ] SrpRetry.DomainFloodCannotDelayLaterRapidLeave
[       OK ] SrpRetry.DomainFloodCannotDelayLaterRapidLeave (18 ms)
[----------] 17 tests from SrpRetry (377 ms total)

[----------] Global test environment tear-down
[==========] 17 tests from 1 test suite ran. (377 ms total)
[  PASSED  ] 17 tests.
== ctrl SRP receive recovery: checks: 17   failures: 0 ==
RESULT: PASS
  verdict: PASS (17 tests, 0 failures, exit 0)