rc=1 ifs=1 test=srp_rx_retry.cpp filter=SrpRetry.RecoveryAtDeadlineStillAppliesTheCompleteRecord root=$PACKET/scratch/root-receive-expiry-precedes-recovery
$PACKET/scratch/matrix/receive-expiry-precedes-recovery-named-if1/stage/srp_rx_retry.cpp:332: Failure
$PACKET/scratch/matrix/receive-expiry-precedes-recovery-named-if1/stage/srp_rx_retry.cpp:333: Failure
$PACKET/scratch/matrix/receive-expiry-precedes-recovery-named-if1/stage/srp_rx_retry.cpp:334: Failure
[  FAILED  ] SrpRetry.RecoveryAtDeadlineStillAppliesTheCompleteRecord (0 ms)
[  PASSED  ] 0 tests.
[  FAILED  ] 1 test, listed below:
[  FAILED  ] SrpRetry.RecoveryAtDeadlineStillAppliesTheCompleteRecord
== ctrl SRP receive recovery: checks: 1   failures: 1 ==

--- full log ---
Note: Google Test filter = SrpRetry.RecoveryAtDeadlineStillAppliesTheCompleteRecord
[==========] Running 1 test from 1 test suite.
[----------] Global test environment set-up.
[----------] 1 test from SrpRetry
[ RUN      ] SrpRetry.RecoveryAtDeadlineStillAppliesTheCompleteRecord
$PACKET/scratch/matrix/receive-expiry-precedes-recovery-named-if1/stage/srp_rx_retry.cpp:332: Failure
Expected equality of these values:
  adapter.ifs[0].domain.vid
    Which is: 2
  7u
    Which is: 7

  [FAIL] SrpRetry.RecoveryAtDeadlineStillAppliesTheCompleteRecord:     Which is: 7
$PACKET/scratch/matrix/receive-expiry-precedes-recovery-named-if1/stage/srp_rx_retry.cpp:333: Failure
Expected equality of these values:
  adapter.received
    Which is: 0
  1u
    Which is: 1

  [FAIL] SrpRetry.RecoveryAtDeadlineStillAppliesTheCompleteRecord:     Which is: 1
$PACKET/scratch/matrix/receive-expiry-precedes-recovery-named-if1/stage/srp_rx_retry.cpp:334: Failure
Expected equality of these values:
  adapter.rx_discarded
    Which is: 1
  0u
    Which is: 0

  [FAIL] SrpRetry.RecoveryAtDeadlineStillAppliesTheCompleteRecord:     Which is: 0
[  FAILED  ] SrpRetry.RecoveryAtDeadlineStillAppliesTheCompleteRecord (0 ms)
[----------] 1 test from SrpRetry (0 ms total)

[----------] Global test environment tear-down
[==========] 1 test from 1 test suite ran. (0 ms total)
[  PASSED  ] 0 tests.
[  FAILED  ] 1 test, listed below:
[  FAILED  ] SrpRetry.RecoveryAtDeadlineStillAppliesTheCompleteRecord

 1 FAILED TEST
== ctrl SRP receive recovery: checks: 1   failures: 1 ==
RESULT: FAIL
  verdict: FAIL (its tallies report 1 failure(s) across 1 checks, exit 1)