rc=1 ifs=1 test=srp_rx_retry.cpp filter=SrpRetry.OversizedValidRecordExpiresOnceAndReleasesOtherInterfaceAndBinding root=$PACKET/scratch/root-receive-retention-unbounded
$PACKET/scratch/matrix/receive-retention-unbounded-named-if1/stage/srp_rx_retry.cpp:296: Failure
$PACKET/scratch/matrix/receive-retention-unbounded-named-if1/stage/srp_rx_retry.cpp:297: Failure
$PACKET/scratch/matrix/receive-retention-unbounded-named-if1/stage/srp_rx_retry.cpp:298: Failure
$PACKET/scratch/matrix/receive-retention-unbounded-named-if1/stage/srp_rx_retry.cpp:300: Failure
$PACKET/scratch/matrix/receive-retention-unbounded-named-if1/stage/srp_rx_retry.cpp:301: Failure
$PACKET/scratch/matrix/receive-retention-unbounded-named-if1/stage/srp_rx_retry.cpp:303: Failure
$PACKET/scratch/matrix/receive-retention-unbounded-named-if1/stage/srp_rx_retry.cpp:304: Failure
[  FAILED  ] SrpRetry.OversizedValidRecordExpiresOnceAndReleasesOtherInterfaceAndBinding (277 ms)
[  PASSED  ] 0 tests.
[  FAILED  ] 1 test, listed below:
[  FAILED  ] SrpRetry.OversizedValidRecordExpiresOnceAndReleasesOtherInterfaceAndBinding
== ctrl SRP receive recovery: checks: 1   failures: 1 ==

--- full log ---
Note: Google Test filter = SrpRetry.OversizedValidRecordExpiresOnceAndReleasesOtherInterfaceAndBinding
[==========] Running 1 test from 1 test suite.
[----------] Global test environment set-up.
[----------] 1 test from SrpRetry
[ RUN      ] SrpRetry.OversizedValidRecordExpiresOnceAndReleasesOtherInterfaceAndBinding
$PACKET/scratch/matrix/receive-retention-unbounded-named-if1/stage/srp_rx_retry.cpp:296: Failure
Expected equality of these values:
  adapter.pending_rx.len
    Which is: 1073
  0u
    Which is: 0

  [FAIL] SrpRetry.OversizedValidRecordExpiresOnceAndReleasesOtherInterfaceAndBinding:     Which is: 0
$PACKET/scratch/matrix/receive-retention-unbounded-named-if1/stage/srp_rx_retry.cpp:297: Failure
Expected equality of these values:
  adapter.rx_discarded
    Which is: 0
  1u
    Which is: 1

  [FAIL] SrpRetry.OversizedValidRecordExpiresOnceAndReleasesOtherInterfaceAndBinding:     Which is: 1
$PACKET/scratch/matrix/receive-retention-unbounded-named-if1/stage/srp_rx_retry.cpp:298: Failure
Expected equality of these values:
  adapter.received
    Which is: 1
  2u
    Which is: 2

  [FAIL] SrpRetry.OversizedValidRecordExpiresOnceAndReleasesOtherInterfaceAndBinding:     Which is: 2
$PACKET/scratch/matrix/receive-retention-unbounded-named-if1/stage/srp_rx_retry.cpp:300: Failure
Value of: adapter.ifs[i].active[0]
  Actual: true
Expected: false

  [FAIL] SrpRetry.OversizedValidRecordExpiresOnceAndReleasesOtherInterfaceAndBinding: Expected: false
$PACKET/scratch/matrix/receive-retention-unbounded-named-if1/stage/srp_rx_retry.cpp:301: Failure
Value of: srp_mbx_bind(&adapter,i,0,nullptr,nullptr,0)
  Actual: false
Expected: true

  [FAIL] SrpRetry.OversizedValidRecordExpiresOnceAndReleasesOtherInterfaceAndBinding: Expected: true
$PACKET/scratch/matrix/receive-retention-unbounded-named-if1/stage/srp_rx_retry.cpp:303: Failure
Expected equality of these values:
  adapter.rx_discarded
    Which is: 0
  1u
    Which is: 1

  [FAIL] SrpRetry.OversizedValidRecordExpiresOnceAndReleasesOtherInterfaceAndBinding:     Which is: 1
$PACKET/scratch/matrix/receive-retention-unbounded-named-if1/stage/srp_rx_retry.cpp:304: Failure
Expected equality of these values:
  adapter.stops
    Which is: 0
  1u
    Which is: 1

  [FAIL] SrpRetry.OversizedValidRecordExpiresOnceAndReleasesOtherInterfaceAndBinding:     Which is: 1
[  FAILED  ] SrpRetry.OversizedValidRecordExpiresOnceAndReleasesOtherInterfaceAndBinding (277 ms)
[----------] 1 test from SrpRetry (277 ms total)

[----------] Global test environment tear-down
[==========] 1 test from 1 test suite ran. (277 ms total)
[  PASSED  ] 0 tests.
[  FAILED  ] 1 test, listed below:
[  FAILED  ] SrpRetry.OversizedValidRecordExpiresOnceAndReleasesOtherInterfaceAndBinding

 1 FAILED TEST
== ctrl SRP receive recovery: checks: 1   failures: 1 ==
RESULT: FAIL
  verdict: FAIL (its tallies report 1 failure(s) across 1 checks, exit 1)