rc=1 ifs=1 test=srp_rx_retry.cpp filter=* root=$PACKET/scratch/root-rv-poll-no-expire
[       OK ] SrpRetry.RefusedMixedPayloadRetriesWithoutPeerRetransmission (0 ms)
[       OK ] SrpRetry.PartialPayloadKeepsLaterAttributesAndDoesNotRepeatStop (0 ms)
[       OK ] SrpRetry.LaterRecordsCannotOvertakeRetainedInterface (0 ms)
[       OK ] SrpRetry.LinkResetCancelsRetainedPayloadAndFencesLaterOldRecords (0 ms)
[       OK ] SrpRetry.OtherInterfaceResetPreservesRetainedPayload (0 ms)
[       OK ] SrpRetry.DestroyCancelsRetainedPayloadBeforeReinitialization (0 ms)
[       OK ] SrpRetry.FailedParticipantRecreationRetainsFreshReceive (0 ms)
[       OK ] SrpRetry.RetainedMvrpUsesItsOriginalParticipant (0 ms)
[       OK ] SrpRetry.RetainedReceiveWaitsForOwedTransmit (0 ms)
[       OK ] SrpRetry.RetainedReceiveWaitsForTickAndLifecycleBacklogs (0 ms)
[       OK ] SrpRetry.WholeInvalidPduIsMalformedAndFutureUnknownMessageIsSkipped (0 ms)
$PACKET/scratch/matrix/rv-poll-no-expire-srp_rx_retry-if1/stage/srp_rx_retry.cpp:296: Failure
$PACKET/scratch/matrix/rv-poll-no-expire-srp_rx_retry-if1/stage/srp_rx_retry.cpp:297: Failure
$PACKET/scratch/matrix/rv-poll-no-expire-srp_rx_retry-if1/stage/srp_rx_retry.cpp:298: Failure
$PACKET/scratch/matrix/rv-poll-no-expire-srp_rx_retry-if1/stage/srp_rx_retry.cpp:300: Failure
$PACKET/scratch/matrix/rv-poll-no-expire-srp_rx_retry-if1/stage/srp_rx_retry.cpp:301: Failure
$PACKET/scratch/matrix/rv-poll-no-expire-srp_rx_retry-if1/stage/srp_rx_retry.cpp:303: Failure
$PACKET/scratch/matrix/rv-poll-no-expire-srp_rx_retry-if1/stage/srp_rx_retry.cpp:304: Failure
[  FAILED  ] SrpRetry.OversizedValidRecordExpiresOnceAndReleasesOtherInterfaceAndBinding (252 ms)
[       OK ] SrpRetry.QueuedRefusalKeepsOriginalArrivalDeadlineAcrossClockWrap (0 ms)
[       OK ] SrpRetry.RecoveryAtDeadlineStillAppliesTheCompleteRecord (0 ms)
$PACKET/scratch/matrix/rv-poll-no-expire-srp_rx_retry-if1/stage/srp_rx_retry.cpp:345: Failure
$PACKET/scratch/matrix/rv-poll-no-expire-srp_rx_retry-if1/stage/srp_rx_retry.cpp:346: Failure
$PACKET/scratch/matrix/rv-poll-no-expire-srp_rx_retry-if1/stage/srp_rx_retry.cpp:349: Failure
[  FAILED  ] SrpRetry.RetainedDeadlineCrossesClockWrapWithoutEarlyDiscard (0 ms)
[       OK ] SrpRetry.FailedRecreationCannotRetainInputBeyondItsDeadline (1 ms)
$PACKET/scratch/matrix/rv-poll-no-expire-srp_rx_retry-if1/stage/srp_rx_retry.cpp:388: Failure
[  FAILED  ] SrpRetry.DomainFloodCannotDelayLaterRapidLeave (13 ms)
[  PASSED  ] 14 tests.
[  FAILED  ] 3 tests, listed below:
[  FAILED  ] SrpRetry.OversizedValidRecordExpiresOnceAndReleasesOtherInterfaceAndBinding
[  FAILED  ] SrpRetry.RetainedDeadlineCrossesClockWrapWithoutEarlyDiscard
[  FAILED  ] SrpRetry.DomainFloodCannotDelayLaterRapidLeave
== ctrl SRP receive recovery: checks: 17   failures: 3 ==

--- full log ---
[==========] Running 17 tests from 1 test suite.
[----------] Global test environment set-up.
[----------] 17 tests from SrpRetry
[ RUN      ] SrpRetry.RefusedMixedPayloadRetriesWithoutPeerRetransmission
[       OK ] SrpRetry.RefusedMixedPayloadRetriesWithoutPeerRetransmission (0 ms)
[ RUN      ] SrpRetry.PartialPayloadKeepsLaterAttributesAndDoesNotRepeatStop
[       OK ] SrpRetry.PartialPayloadKeepsLaterAttributesAndDoesNotRepeatStop (0 ms)
[ RUN      ] SrpRetry.LaterRecordsCannotOvertakeRetainedInterface
[       OK ] SrpRetry.LaterRecordsCannotOvertakeRetainedInterface (0 ms)
[ RUN      ] SrpRetry.LinkResetCancelsRetainedPayloadAndFencesLaterOldRecords
[       OK ] SrpRetry.LinkResetCancelsRetainedPayloadAndFencesLaterOldRecords (0 ms)
[ RUN      ] SrpRetry.OtherInterfaceResetPreservesRetainedPayload
[       OK ] SrpRetry.OtherInterfaceResetPreservesRetainedPayload (0 ms)
[ RUN      ] SrpRetry.DestroyCancelsRetainedPayloadBeforeReinitialization
[       OK ] SrpRetry.DestroyCancelsRetainedPayloadBeforeReinitialization (0 ms)
[ RUN      ] SrpRetry.FailedParticipantRecreationRetainsFreshReceive
[       OK ] SrpRetry.FailedParticipantRecreationRetainsFreshReceive (0 ms)
[ RUN      ] SrpRetry.RetainedMvrpUsesItsOriginalParticipant
[       OK ] SrpRetry.RetainedMvrpUsesItsOriginalParticipant (0 ms)
[ RUN      ] SrpRetry.RetainedReceiveWaitsForOwedTransmit
[       OK ] SrpRetry.RetainedReceiveWaitsForOwedTransmit (0 ms)
[ RUN      ] SrpRetry.RetainedReceiveWaitsForTickAndLifecycleBacklogs
[       OK ] SrpRetry.RetainedReceiveWaitsForTickAndLifecycleBacklogs (0 ms)
[ RUN      ] SrpRetry.WholeInvalidPduIsMalformedAndFutureUnknownMessageIsSkipped
[       OK ] SrpRetry.WholeInvalidPduIsMalformedAndFutureUnknownMessageIsSkipped (0 ms)
[ RUN      ] SrpRetry.OversizedValidRecordExpiresOnceAndReleasesOtherInterfaceAndBinding
$PACKET/scratch/matrix/rv-poll-no-expire-srp_rx_retry-if1/stage/srp_rx_retry.cpp:296: Failure
Expected equality of these values:
  adapter.pending_rx.len
    Which is: 1073
  0u
    Which is: 0

  [FAIL] SrpRetry.OversizedValidRecordExpiresOnceAndReleasesOtherInterfaceAndBinding:     Which is: 0
$PACKET/scratch/matrix/rv-poll-no-expire-srp_rx_retry-if1/stage/srp_rx_retry.cpp:297: Failure
Expected equality of these values:
  adapter.rx_discarded
    Which is: 0
  1u
    Which is: 1

  [FAIL] SrpRetry.OversizedValidRecordExpiresOnceAndReleasesOtherInterfaceAndBinding:     Which is: 1
$PACKET/scratch/matrix/rv-poll-no-expire-srp_rx_retry-if1/stage/srp_rx_retry.cpp:298: Failure
Expected equality of these values:
  adapter.received
    Which is: 1
  2u
    Which is: 2

  [FAIL] SrpRetry.OversizedValidRecordExpiresOnceAndReleasesOtherInterfaceAndBinding:     Which is: 2
$PACKET/scratch/matrix/rv-poll-no-expire-srp_rx_retry-if1/stage/srp_rx_retry.cpp:300: Failure
Value of: adapter.ifs[i].active[0]
  Actual: true
Expected: false

  [FAIL] SrpRetry.OversizedValidRecordExpiresOnceAndReleasesOtherInterfaceAndBinding: Expected: false
$PACKET/scratch/matrix/rv-poll-no-expire-srp_rx_retry-if1/stage/srp_rx_retry.cpp:301: Failure
Value of: srp_mbx_bind(&adapter,i,0,nullptr,nullptr,0)
  Actual: false
Expected: true

  [FAIL] SrpRetry.OversizedValidRecordExpiresOnceAndReleasesOtherInterfaceAndBinding: Expected: true
$PACKET/scratch/matrix/rv-poll-no-expire-srp_rx_retry-if1/stage/srp_rx_retry.cpp:303: Failure
Expected equality of these values:
  adapter.rx_discarded
    Which is: 0
  1u
    Which is: 1

  [FAIL] SrpRetry.OversizedValidRecordExpiresOnceAndReleasesOtherInterfaceAndBinding:     Which is: 1
$PACKET/scratch/matrix/rv-poll-no-expire-srp_rx_retry-if1/stage/srp_rx_retry.cpp:304: Failure
Expected equality of these values:
  adapter.stops
    Which is: 0
  1u
    Which is: 1

  [FAIL] SrpRetry.OversizedValidRecordExpiresOnceAndReleasesOtherInterfaceAndBinding:     Which is: 1
[  FAILED  ] SrpRetry.OversizedValidRecordExpiresOnceAndReleasesOtherInterfaceAndBinding (252 ms)
[ RUN      ] SrpRetry.QueuedRefusalKeepsOriginalArrivalDeadlineAcrossClockWrap
[       OK ] SrpRetry.QueuedRefusalKeepsOriginalArrivalDeadlineAcrossClockWrap (0 ms)
[ RUN      ] SrpRetry.RecoveryAtDeadlineStillAppliesTheCompleteRecord
[       OK ] SrpRetry.RecoveryAtDeadlineStillAppliesTheCompleteRecord (0 ms)
[ RUN      ] SrpRetry.RetainedDeadlineCrossesClockWrapWithoutEarlyDiscard
$PACKET/scratch/matrix/rv-poll-no-expire-srp_rx_retry-if1/stage/srp_rx_retry.cpp:345: Failure
Expected equality of these values:
  adapter.pending_rx.len
    Which is: 30
  0u
    Which is: 0

  [FAIL] SrpRetry.RetainedDeadlineCrossesClockWrapWithoutEarlyDiscard:     Which is: 0
$PACKET/scratch/matrix/rv-poll-no-expire-srp_rx_retry-if1/stage/srp_rx_retry.cpp:346: Failure
Expected equality of these values:
  adapter.rx_discarded
    Which is: 0
  1u
    Which is: 1

  [FAIL] SrpRetry.RetainedDeadlineCrossesClockWrapWithoutEarlyDiscard:     Which is: 1
$PACKET/scratch/matrix/rv-poll-no-expire-srp_rx_retry-if1/stage/srp_rx_retry.cpp:349: Failure
Expected equality of these values:
  adapter.ifs[0].domain.vid
    Which is: 7
  2u
    Which is: 2

  [FAIL] SrpRetry.RetainedDeadlineCrossesClockWrapWithoutEarlyDiscard:     Which is: 2
[  FAILED  ] SrpRetry.RetainedDeadlineCrossesClockWrapWithoutEarlyDiscard (0 ms)
[ RUN      ] SrpRetry.FailedRecreationCannotRetainInputBeyondItsDeadline
[       OK ] SrpRetry.FailedRecreationCannotRetainInputBeyondItsDeadline (1 ms)
[ RUN      ] SrpRetry.DomainFloodCannotDelayLaterRapidLeave
$PACKET/scratch/matrix/rv-poll-no-expire-srp_rx_retry-if1/stage/srp_rx_retry.cpp:388: Failure
Expected equality of these values:
  adapter.pending_rx.len
    Which is: 30
  0u
    Which is: 0

  [FAIL] SrpRetry.DomainFloodCannotDelayLaterRapidLeave:     Which is: 0
[  FAILED  ] SrpRetry.DomainFloodCannotDelayLaterRapidLeave (13 ms)
[----------] 17 tests from SrpRetry (269 ms total)

[----------] Global test environment tear-down
[==========] 17 tests from 1 test suite ran. (269 ms total)
[  PASSED  ] 14 tests.
[  FAILED  ] 3 tests, listed below:
[  FAILED  ] SrpRetry.OversizedValidRecordExpiresOnceAndReleasesOtherInterfaceAndBinding
[  FAILED  ] SrpRetry.RetainedDeadlineCrossesClockWrapWithoutEarlyDiscard
[  FAILED  ] SrpRetry.DomainFloodCannotDelayLaterRapidLeave

 3 FAILED TESTS
== ctrl SRP receive recovery: checks: 17   failures: 3 ==
RESULT: FAIL
  verdict: FAIL (its tallies report 3 failure(s) across 17 checks, exit 1)