2026-10-10T05:05:58.0295436Z Current runner version: '2.337.0'
2026-10-10T05:05:58.0314239Z ##[group]Runner Image Provisioner
2026-10-10T05:05:58.0314804Z Hosted Compute Agent
2026-10-10T05:05:58.0315233Z Version: 20261002.596
2026-10-10T05:05:58.0315631Z Commit: c3d12f3313a95f25162a1503be624f3b0617f8c0
2026-10-10T05:05:58.0316072Z Build Date: 2026-10-02T22:28:27Z
2026-10-10T05:05:58.0316751Z Worker ID: {e8ebacc0-edb0-40bd-88ac-5f493c2ceb5a}
2026-10-10T05:05:58.0317183Z Region: centralus
2026-10-10T05:05:58.0317516Z Cloud: Azure
2026-10-10T05:05:58.0317897Z ##[endgroup]
2026-10-10T05:05:58.0318676Z ##[group]Operating System
2026-10-10T05:05:58.0319146Z Ubuntu
2026-10-10T05:05:58.0319466Z 24.04.5
2026-10-10T05:05:58.0319776Z LTS
2026-10-10T05:05:58.0320138Z ##[endgroup]
2026-10-10T05:05:58.0320477Z ##[group]Runner Image
2026-10-10T05:05:58.0320909Z Image: ubuntu-24.04
2026-10-10T05:05:58.0321269Z Version: 20261004.327.1
2026-10-10T05:05:58.0322071Z Included Software: https://github.com/actions/runner-images/blob/ubuntu24/20261004.327/images/ubuntu/Ubuntu2404-Readme.md
2026-10-10T05:05:58.0322978Z Image Release: https://github.com/actions/runner-images/releases/tag/ubuntu24%2F20261004.327
2026-10-10T05:05:58.0323564Z ##[endgroup]
2026-10-10T05:05:58.0324305Z ##[group]GITHUB_TOKEN Permissions
2026-10-10T05:05:58.0325502Z Contents: read
2026-10-10T05:05:58.0325867Z Metadata: read
2026-10-10T05:05:58.0326247Z Packages: read
2026-10-10T05:05:58.0326867Z ##[endgroup]
2026-10-10T05:05:58.0328202Z Secret source: Actions
2026-10-10T05:05:58.0328803Z Cache mode: write
2026-10-10T05:05:58.0329266Z Prepare workflow directory
2026-10-10T05:05:58.0578370Z Prepare all required actions
2026-10-10T05:05:58.0611635Z Getting action download info
2026-10-10T05:05:58.2749174Z Download action repository 'actions/checkout@v4' (SHA:11d5960a326750d5838078e36cf38b85af677262)
2026-10-10T05:05:58.3684724Z Download action repository 'actions/cache@v4' (SHA:0057852bfaa89a56745cba8c7296529d2fc39830)
2026-10-10T05:05:58.4929428Z Download action repository 'actions/upload-artifact@v4' (SHA:ea165f8d65b6e75b540449e92b4886f43607fa02)
2026-10-10T05:05:58.6795723Z Complete job name: Verilator shard 3/5
2026-10-10T05:05:58.7313993Z ##[group]Run actions/checkout@v4
2026-10-10T05:05:58.7314400Z with:
2026-10-10T05:05:58.7314637Z   repository: kebag-logic/milan-fpga
2026-10-10T05:05:58.7316898Z   token: ***
2026-10-10T05:05:58.7317121Z   ssh-strict: true
2026-10-10T05:05:58.7317347Z   ssh-user: git
2026-10-10T05:05:58.7317579Z   persist-credentials: true
2026-10-10T05:05:58.7317834Z   clean: true
2026-10-10T05:05:58.7318069Z   sparse-checkout-cone-mode: true
2026-10-10T05:05:58.7318342Z   fetch-depth: 1
2026-10-10T05:05:58.7318564Z   fetch-tags: false
2026-10-10T05:05:58.7318797Z   show-progress: true
2026-10-10T05:05:58.7319030Z   lfs: false
2026-10-10T05:05:58.7319248Z   submodules: false
2026-10-10T05:05:58.7319485Z   set-safe-directory: true
2026-10-10T05:05:58.7319751Z   allow-unsafe-pr-checkout: false
2026-10-10T05:05:58.7320082Z env:
2026-10-10T05:05:58.7320299Z   VERILATOR_VERSION: v5.050
2026-10-10T05:05:58.7320572Z   YOSYS_VERSION: v0.66
2026-10-10T05:05:58.7320882Z   TSN_GEN_REV: deca300c9eb4863fa13383b45ba6cb6fd0828671
2026-10-10T05:05:58.7321204Z ##[endgroup]
2026-10-10T05:05:58.7959624Z Syncing repository: kebag-logic/milan-fpga
2026-10-10T05:05:58.7960958Z ##[group]Getting Git version info
2026-10-10T05:05:58.7961349Z Working directory is '<home-path>/work/milan-fpga/milan-fpga'
2026-10-10T05:05:58.7961882Z [command]/usr/bin/git version
2026-10-10T05:05:58.8040329Z git version 2.55.0
2026-10-10T05:05:58.8054177Z ##[endgroup]
2026-10-10T05:05:58.8064817Z Temporarily overriding HOME='<home-path>/work/_temp/5d2b9a0a-f092-4026-ae44-8b3fedab76c7' before making global git config changes
2026-10-10T05:05:58.8069331Z Adding repository directory to the temporary git global config as a safe directory
2026-10-10T05:05:58.8069917Z [command]/usr/bin/git config --global --add safe.directory <home-path>/work/milan-fpga/milan-fpga
2026-10-10T05:05:58.8111284Z Deleting the contents of '<home-path>/work/milan-fpga/milan-fpga'
2026-10-10T05:05:58.8114668Z ##[group]Initializing the repository
2026-10-10T05:05:58.8181086Z [command]/usr/bin/git init <home-path>/work/milan-fpga/milan-fpga
2026-10-10T05:05:58.8210195Z hint: Using 'master' as the name for the initial branch. This default branch name
2026-10-10T05:05:58.8213276Z hint: will change to "main" in Git 3.0. To configure the initial branch name
2026-10-10T05:05:58.8214028Z hint: to use in all of your new repositories, which will suppress this warning,
2026-10-10T05:05:58.8214612Z hint: call:
2026-10-10T05:05:58.8214826Z hint:
2026-10-10T05:05:58.8215157Z hint: 	git config --global init.defaultBranch <name>
2026-10-10T05:05:58.8215647Z hint:
2026-10-10T05:05:58.8216123Z hint: Names commonly chosen instead of 'master' are 'main', 'trunk' and
2026-10-10T05:05:58.8216942Z hint: 'development'. The just-created branch can be renamed via this command:
2026-10-10T05:05:58.8217319Z hint:
2026-10-10T05:05:58.8217539Z hint: 	git branch -m <name>
2026-10-10T05:05:58.8217814Z hint:
2026-10-10T05:05:58.8218138Z hint: Disable this message with "git config set advice.defaultBranchName false"
2026-10-10T05:05:58.8218673Z Initialized empty Git repository in <home-path>/work/milan-fpga/milan-fpga/.git/
2026-10-10T05:05:58.8221929Z [command]/usr/bin/git remote add origin https://github.com/kebag-logic/milan-fpga
2026-10-10T05:05:58.8266665Z ##[endgroup]
2026-10-10T05:05:58.8267217Z ##[group]Disabling automatic garbage collection
2026-10-10T05:05:58.8269939Z [command]/usr/bin/git config --local gc.auto 0
2026-10-10T05:05:58.8298381Z ##[endgroup]
2026-10-10T05:05:58.8298952Z ##[group]Setting up auth
2026-10-10T05:05:58.8304685Z [command]/usr/bin/git config --local --name-only --get-regexp core\.sshCommand
2026-10-10T05:05:58.8334580Z [command]/usr/bin/git submodule foreach --recursive sh -c "git config --local --name-only --get-regexp 'core\.sshCommand' && git config --local --unset-all 'core.sshCommand' || :"
2026-10-10T05:05:58.8599752Z [command]/usr/bin/git config --local --name-only --get-regexp http\.https\:\/\/github\.com\/\.extraheader
2026-10-10T05:05:58.8629778Z [command]/usr/bin/git submodule foreach --recursive sh -c "git config --local --name-only --get-regexp 'http\.https\:\/\/github\.com\/\.extraheader' && git config --local --unset-all 'http.https://github.com/.extraheader' || :"
2026-10-10T05:05:58.8800134Z [command]/usr/bin/git config --local --name-only --get-regexp ^includeIf\.gitdir:
2026-10-10T05:05:58.8828307Z [command]/usr/bin/git submodule foreach --recursive git config --local --show-origin --name-only --get-regexp remote.origin.url
2026-10-10T05:05:58.9000997Z [command]/usr/bin/git config --local http.https://github.com/.extraheader AUTHORIZATION: basic ***
2026-10-10T05:05:58.9033922Z ##[endgroup]
2026-10-10T05:05:58.9034453Z ##[group]Fetching the repository
2026-10-10T05:05:58.9041756Z [command]/usr/bin/git -c protocol.version=2 fetch --no-tags --prune --no-recurse-submodules --depth=1 origin +a7ba420a07d418c2dceaf6ba39d7dec598de61bd:refs/remotes/pull/705/merge
2026-10-10T05:05:59.7870202Z From https://github.com/kebag-logic/milan-fpga
2026-10-10T05:05:59.7871709Z  * [new ref]         a7ba420a07d418c2dceaf6ba39d7dec598de61bd -> pull/705/merge
2026-10-10T05:05:59.7874442Z ##[endgroup]
2026-10-10T05:05:59.7875380Z ##[group]Determining the checkout info
2026-10-10T05:05:59.7876458Z ##[endgroup]
2026-10-10T05:05:59.7878931Z [command]/usr/bin/git sparse-checkout disable
2026-10-10T05:05:59.7920996Z [command]/usr/bin/git config --local --unset-all extensions.worktreeConfig
2026-10-10T05:05:59.7947277Z ##[group]Checking out the ref
2026-10-10T05:05:59.7949377Z [command]/usr/bin/git checkout --progress --force refs/remotes/pull/705/merge
2026-10-10T05:05:59.9343024Z Note: switching to 'refs/remotes/pull/705/merge'.
2026-10-10T05:05:59.9343525Z 
2026-10-10T05:05:59.9343770Z You are in 'detached HEAD' state. You can look around, make experimental
2026-10-10T05:05:59.9344243Z changes and commit them, and you can discard any commits you make in this
2026-10-10T05:05:59.9345074Z state without impacting any branches by switching back to a branch.
2026-10-10T05:05:59.9345332Z 
2026-10-10T05:05:59.9345554Z If you want to create a new branch to retain commits you create, you may
2026-10-10T05:05:59.9345977Z do so (now or later) by using -c with the switch command. Example:
2026-10-10T05:05:59.9346212Z 
2026-10-10T05:05:59.9346336Z   git switch -c <new-branch-name>
2026-10-10T05:05:59.9346689Z 
2026-10-10T05:05:59.9346809Z Or undo this operation with:
2026-10-10T05:05:59.9346983Z 
2026-10-10T05:05:59.9347081Z   git switch -
2026-10-10T05:05:59.9347245Z 
2026-10-10T05:05:59.9347477Z Turn off this advice by setting config variable advice.detachedHead to false
2026-10-10T05:05:59.9347765Z 
2026-10-10T05:05:59.9348127Z HEAD is now at a7ba420 Merge 386b8e69e6f2fd0233e7a432e75c9d877c583a7b into 554e61d299ef7ddb5aca6fb9ce0e6a6cd076d8cb
2026-10-10T05:05:59.9349782Z ##[endgroup]
2026-10-10T05:05:59.9385907Z [command]/usr/bin/git log -1 --format=%H
2026-10-10T05:05:59.9409658Z a7ba420a07d418c2dceaf6ba39d7dec598de61bd
2026-10-10T05:05:59.9583058Z ##[group]Run git submodule update --init third_party/verilog-axis protocol-processor gptp-processor third_party/tsn-c-stack
2026-10-10T05:05:59.9583665Z git submodule update --init third_party/verilog-axis protocol-processor gptp-processor third_party/tsn-c-stack
2026-10-10T05:05:59.9782527Z shell: /usr/bin/bash -e {0}
2026-10-10T05:05:59.9782761Z env:
2026-10-10T05:05:59.9782924Z   VERILATOR_VERSION: v5.050
2026-10-10T05:05:59.9783093Z   YOSYS_VERSION: v0.66
2026-10-10T05:05:59.9783280Z   TSN_GEN_REV: deca300c9eb4863fa13383b45ba6cb6fd0828671
2026-10-10T05:05:59.9783514Z ##[endgroup]
2026-10-10T05:06:00.0042330Z Submodule 'gptp-processor' (https://github.com/Mister-M-alt/FPGA-gPTP.git) registered for path 'gptp-processor'
2026-10-10T05:06:00.0046748Z Submodule 'protocol-processor' (https://github.com/Mister-M-alt/protocol-processor-control-plane-avb-milan.git) registered for path 'protocol-processor'
2026-10-10T05:06:00.0050961Z Submodule 'third_party/tsn-c-stack' (https://github.com/kebag-logic/tsn-c-stack.git) registered for path 'third_party/tsn-c-stack'
2026-10-10T05:06:00.0055388Z Submodule 'third_party/verilog-axis' (https://github.com/alexforencich/verilog-axis) registered for path 'third_party/verilog-axis'
2026-10-10T05:06:00.0074925Z Cloning into '<home-path>/work/milan-fpga/milan-fpga/gptp-processor'...
2026-10-10T05:06:00.7754847Z Cloning into '<home-path>/work/milan-fpga/milan-fpga/protocol-processor'...
2026-10-10T05:06:02.0160145Z Cloning into '<home-path>/work/milan-fpga/milan-fpga/third_party/tsn-c-stack'...
2026-10-10T05:06:02.6765635Z Cloning into '<home-path>/work/milan-fpga/milan-fpga/third_party/verilog-axis'...
2026-10-10T05:06:03.1805046Z Submodule path 'gptp-processor': checked out '5dce647ab5a01a6ecff9a982b22e3a4a1d946d3d'
2026-10-10T05:06:03.2364207Z Submodule path 'protocol-processor': checked out '2ad2f845dd583f8310075fa2380cb60a04fd091a'
2026-10-10T05:06:03.2486982Z Submodule path 'third_party/tsn-c-stack': checked out '1a9f651cdf7846b8e10ac246a6ef6916960fbb92'
2026-10-10T05:06:03.2632212Z Submodule path 'third_party/verilog-axis': checked out '48ff7a7e2ef782cf778d47910cf85835c64b1bce'
2026-10-10T05:06:03.2676924Z ##[group]Run set -euo pipefail
2026-10-10T05:06:03.2677159Z set -euo pipefail
2026-10-10T05:06:03.2677303Z head="$(git rev-parse HEAD)"
2026-10-10T05:06:03.2677510Z if [ "$head" != "$GITHUB_SHA" ] || [ "$GITHUB_SHA" != "$TARGET_SHA" ]; then
2026-10-10T05:06:03.2677821Z   echo "checkout $head, GITHUB_SHA $GITHUB_SHA and gate target $TARGET_SHA must be one SHA" >&2
2026-10-10T05:06:03.2678072Z   exit 1
2026-10-10T05:06:03.2678183Z fi
2026-10-10T05:06:03.2678319Z mkdir -p "$RUNNER_TEMP/suite-logs"
2026-10-10T05:06:03.2678560Z printf '%s\n' "$GITHUB_SHA" > "$RUNNER_TEMP/suite-logs/TARGET_SHA"
2026-10-10T05:06:03.2678765Z echo "target_sha=$GITHUB_SHA"
2026-10-10T05:06:03.2733014Z shell: /usr/bin/bash -e {0}
2026-10-10T05:06:03.2733338Z env:
2026-10-10T05:06:03.2733472Z   VERILATOR_VERSION: v5.050
2026-10-10T05:06:03.2733608Z   YOSYS_VERSION: v0.66
2026-10-10T05:06:03.2733790Z   TSN_GEN_REV: deca300c9eb4863fa13383b45ba6cb6fd0828671
2026-10-10T05:06:03.2733992Z   TARGET_SHA: a7ba420a07d418c2dceaf6ba39d7dec598de61bd
2026-10-10T05:06:03.2734166Z ##[endgroup]
2026-10-10T05:06:03.2824079Z target_sha=a7ba420a07d418c2dceaf6ba39d7dec598de61bd
2026-10-10T05:06:03.2904700Z ##[group]Run actions/cache@v4
2026-10-10T05:06:03.2904854Z with:
2026-10-10T05:06:03.2904968Z   path: /opt/verilator
2026-10-10T05:06:03.2905098Z   key: verilator-v5.050-Linux
2026-10-10T05:06:03.2905274Z   enableCrossOsArchive: false
2026-10-10T05:06:03.2905453Z   fail-on-cache-miss: false
2026-10-10T05:06:03.2905589Z   lookup-only: false
2026-10-10T05:06:03.2905710Z   save-always: false
2026-10-10T05:06:03.2905826Z env:
2026-10-10T05:06:03.2905936Z   VERILATOR_VERSION: v5.050
2026-10-10T05:06:03.2906066Z   YOSYS_VERSION: v0.66
2026-10-10T05:06:03.2906230Z   TSN_GEN_REV: deca300c9eb4863fa13383b45ba6cb6fd0828671
2026-10-10T05:06:03.2906406Z ##[endgroup]
2026-10-10T05:06:03.3623279Z (node:2174) [DEP0040] DeprecationWarning: The `punycode` module is deprecated. Please use a userland alternative instead.
2026-10-10T05:06:03.3623809Z (Use `node --trace-deprecation ...` to show where the warning was created)
2026-10-10T05:06:03.5056446Z Cache hit for: verilator-v5.050-Linux
2026-10-10T05:06:03.5124238Z (node:2174) [DEP0169] DeprecationWarning: `url.parse()` behavior is not standardized and prone to errors that have security implications. Use the WHATWG URL API instead. CVEs are not issued for `url.parse()` vulnerabilities.
2026-10-10T05:06:04.4950147Z Received 92153557 of 92153557 (100.0%), 107.0 MBs/sec
2026-10-10T05:06:04.4951120Z Cache Size: ~88 MB (92153557 B)
2026-10-10T05:06:04.5050902Z [command]/usr/bin/tar -xf <home-path>/work/_temp/b94be6df-7da5-4334-b01e-bb217b3d3f62/cache.tzst -P -C <home-path>/work/milan-fpga/milan-fpga --use-compress-program unzstd
2026-10-10T05:06:04.6411621Z Cache restored successfully
2026-10-10T05:06:04.6504815Z Cache restored from key: verilator-v5.050-Linux
2026-10-10T05:06:04.6656399Z ##[group]Run echo "/opt/verilator/bin" >> "$GITHUB_PATH"
2026-10-10T05:06:04.6656796Z echo "/opt/verilator/bin" >> "$GITHUB_PATH"
2026-10-10T05:06:04.6656990Z /opt/verilator/bin/verilator --version
2026-10-10T05:06:04.6657230Z /opt/verilator/bin/verilator --version | grep -F "${VERILATOR_VERSION#v}"
2026-10-10T05:06:04.6709345Z shell: /usr/bin/bash -e {0}
2026-10-10T05:06:04.6709491Z env:
2026-10-10T05:06:04.6709611Z   VERILATOR_VERSION: v5.050
2026-10-10T05:06:04.6709751Z   YOSYS_VERSION: v0.66
2026-10-10T05:06:04.6709908Z   TSN_GEN_REV: deca300c9eb4863fa13383b45ba6cb6fd0828671
2026-10-10T05:06:04.6710086Z ##[endgroup]
2026-10-10T05:06:04.8079668Z Verilator 5.050 2026-07-01 rev v5.050
2026-10-10T05:06:04.8442693Z Verilator 5.050 2026-07-01 rev v5.050
2026-10-10T05:06:04.8474446Z ##[group]Run set -euo pipefail
2026-10-10T05:06:04.8474650Z set -euo pipefail
2026-10-10T05:06:04.8474816Z python3 scripts/suite_shards.py --selftest
2026-10-10T05:06:04.8475040Z scripts/run_all_suites.sh --shard "$SHARD/$SHARDS" --list \
2026-10-10T05:06:04.8475248Z   > "$RUNNER_TEMP/owned-suites"
2026-10-10T05:06:04.8475406Z echo "Shard $SHARD owns:"
2026-10-10T05:06:04.8475570Z sed 's/^/  /' "$RUNNER_TEMP/owned-suites"
2026-10-10T05:06:04.8475740Z case "$SHARD" in
2026-10-10T05:06:04.8475908Z   1) grep -Fx tsn_fuzz "$RUNNER_TEMP/owned-suites" ;;
2026-10-10T05:06:04.8476134Z   3) grep -Fx chmap_capture "$RUNNER_TEMP/owned-suites" ;;
2026-10-10T05:06:04.8476359Z   4) test "$(cat "$RUNNER_TEMP/owned-suites")" = milan_dp ;;
2026-10-10T05:06:04.8476745Z esac
2026-10-10T05:06:04.8531137Z shell: /usr/bin/bash -e {0}
2026-10-10T05:06:04.8531287Z env:
2026-10-10T05:06:04.8548661Z   VERILATOR_VERSION: v5.050
2026-10-10T05:06:04.8548998Z   YOSYS_VERSION: v0.66
2026-10-10T05:06:04.8549166Z   TSN_GEN_REV: deca300c9eb4863fa13383b45ba6cb6fd0828671
2026-10-10T05:06:04.8549352Z   SHARD: 3
2026-10-10T05:06:04.8549460Z   SHARDS: 5
2026-10-10T05:06:04.8549574Z ##[endgroup]
2026-10-10T05:06:04.8861267Z   ok    1 shard(s): complete=True disjoint=True deterministic=True
2026-10-10T05:06:04.8861977Z   ok    2 shard(s): complete=True disjoint=True deterministic=True
2026-10-10T05:06:04.8862330Z   ok    4 shard(s): complete=True disjoint=True deterministic=True
2026-10-10T05:06:04.8862680Z   ok    5 shard(s): complete=True disjoint=True deterministic=True
2026-10-10T05:06:04.8863030Z   ok    7 shard(s): complete=True disjoint=True deterministic=True
2026-10-10T05:06:04.8863384Z   ok   23 shard(s): complete=True disjoint=True deterministic=True
2026-10-10T05:06:04.8863742Z   ok    2 shard(s): dedicated alone=True hashed owners unchanged=True
2026-10-10T05:06:04.8864169Z   ok    4 shard(s): dedicated alone=True hashed owners unchanged=True
2026-10-10T05:06:04.8864556Z   ok    5 shard(s): dedicated alone=True hashed owners unchanged=True
2026-10-10T05:06:04.8864917Z   ok    7 shard(s): dedicated alone=True hashed owners unchanged=True
2026-10-10T05:06:04.8865276Z   ok   23 shard(s): dedicated alone=True hashed owners unchanged=True
2026-10-10T05:06:04.8865816Z   ok   a rule without the dedicated worker is caught (alone with none set aside=False, alone while sharing worker 0=False)
2026-10-10T05:06:04.8866712Z   ok   five-worker runtime landmarks: {'milan_dp': 4, 'pp_shadow': 1, 'mmcm_servo': 2, 'tsn_fuzz': 1, 'chmap_capture': 3}
2026-10-10T05:06:04.8867306Z   ok   scheduled/default partition: default=['future_suite', 'milan_dp'] physical=['milan_dp_gptp']
2026-10-10T05:06:04.8867702Z   ok   reject ''
2026-10-10T05:06:04.8867888Z   ok   reject '1'
2026-10-10T05:06:04.8868068Z   ok   reject '-1/4'
2026-10-10T05:06:04.8868255Z   ok   reject '01/4'
2026-10-10T05:06:04.8868430Z   ok   reject '4/4'
2026-10-10T05:06:04.8868602Z   ok   reject '5/4'
2026-10-10T05:06:04.8868776Z   ok   reject '0/0'
2026-10-10T05:06:04.8868955Z   ok   reject 'a/4'
2026-10-10T05:06:04.8869137Z selftest: PASS
2026-10-10T05:06:04.9884718Z Shard 3 owns:
2026-10-10T05:06:04.9897618Z   adp_tx
2026-10-10T05:06:04.9897810Z   avtp_parser
2026-10-10T05:06:04.9897994Z   chmap_capture
2026-10-10T05:06:04.9898185Z   classifier
2026-10-10T05:06:04.9898353Z   csr
2026-10-10T05:06:04.9898520Z   link_guard
2026-10-10T05:06:04.9898696Z   media_grid_align
2026-10-10T05:06:04.9898880Z   nvm_backend
2026-10-10T05:06:04.9899052Z   tcam
2026-10-10T05:06:04.9899209Z   tdm
2026-10-10T05:06:04.9899373Z   tdm_render
2026-10-10T05:06:04.9899540Z   tkdiag
2026-10-10T05:06:04.9910886Z chmap_capture
2026-10-10T05:06:04.9977253Z ##[group]Run actions/cache@v4
2026-10-10T05:06:04.9977402Z with:
2026-10-10T05:06:04.9977520Z   path: /opt/yosys
2026-10-10T05:06:04.9977644Z   key: yosys-v0.66-Linux
2026-10-10T05:06:04.9977780Z   enableCrossOsArchive: false
2026-10-10T05:06:04.9977924Z   fail-on-cache-miss: false
2026-10-10T05:06:04.9978089Z   lookup-only: false
2026-10-10T05:06:04.9978249Z   save-always: false
2026-10-10T05:06:04.9978368Z env:
2026-10-10T05:06:04.9978481Z   VERILATOR_VERSION: v5.050
2026-10-10T05:06:04.9978615Z   YOSYS_VERSION: v0.66
2026-10-10T05:06:04.9978765Z   TSN_GEN_REV: deca300c9eb4863fa13383b45ba6cb6fd0828671
2026-10-10T05:06:04.9978942Z ##[endgroup]
2026-10-10T05:06:05.0701555Z (node:2212) [DEP0040] DeprecationWarning: The `punycode` module is deprecated. Please use a userland alternative instead.
2026-10-10T05:06:05.0702153Z (Use `node --trace-deprecation ...` to show where the warning was created)
2026-10-10T05:06:05.2051698Z Cache hit for: yosys-v0.66-Linux
2026-10-10T05:06:05.2119577Z (node:2212) [DEP0169] DeprecationWarning: `url.parse()` behavior is not standardized and prone to errors that have security implications. Use the WHATWG URL API instead. CVEs are not issued for `url.parse()` vulnerabilities.
2026-10-10T05:06:05.9577864Z Received 19685025 of 19685025 (100.0%), 32.4 MBs/sec
2026-10-10T05:06:05.9578948Z Cache Size: ~19 MB (19685025 B)
2026-10-10T05:06:05.9594955Z [command]/usr/bin/tar -xf <home-path>/work/_temp/612f942e-6a4e-41f5-b6a7-c9e9ef72c894/cache.tzst -P -C <home-path>/work/milan-fpga/milan-fpga --use-compress-program unzstd
2026-10-10T05:06:06.0324705Z Cache restored successfully
2026-10-10T05:06:06.0384732Z Cache restored from key: yosys-v0.66-Linux
2026-10-10T05:06:06.0489633Z ##[group]Run set -euo pipefail
2026-10-10T05:06:06.0489972Z set -euo pipefail
2026-10-10T05:06:06.0490218Z sudo apt-get update -qq
2026-10-10T05:06:06.0490562Z sudo apt-get install -y --no-install-recommends libjemalloc2
2026-10-10T05:06:06.0490910Z sudo ln -sf /opt/yosys/bin/yosys /opt/yosys/bin/yosys-abc /usr/local/bin/
2026-10-10T05:06:06.0491271Z test -x /opt/yosys/bin/yosys-abc
2026-10-10T05:06:06.0491553Z echo "bundled ABC: $(cat /opt/yosys/ABC_REV)"
2026-10-10T05:06:06.0491783Z yosys -V
2026-10-10T05:06:06.0492064Z yosys -V | grep -F "Yosys ${YOSYS_VERSION#v}"
2026-10-10T05:06:06.0545499Z shell: /usr/bin/bash -e {0}
2026-10-10T05:06:06.0545749Z env:
2026-10-10T05:06:06.0545978Z   VERILATOR_VERSION: v5.050
2026-10-10T05:06:06.0546217Z   YOSYS_VERSION: v0.66
2026-10-10T05:06:06.0546472Z   TSN_GEN_REV: deca300c9eb4863fa13383b45ba6cb6fd0828671
2026-10-10T05:06:06.0546926Z ##[endgroup]
2026-10-10T05:06:11.6543056Z Reading package lists...
2026-10-10T05:06:11.7904493Z Building dependency tree...
2026-10-10T05:06:11.7911020Z Reading state information...
2026-10-10T05:06:11.9069747Z The following NEW packages will be installed:
2026-10-10T05:06:11.9070598Z   libjemalloc2
2026-10-10T05:06:11.9193476Z 0 upgraded, 1 newly installed, 0 to remove and 23 not upgraded.
2026-10-10T05:06:11.9193882Z Need to get 256 kB of archives.
2026-10-10T05:06:11.9194172Z After this operation, 859 kB of additional disk space will be used.
2026-10-10T05:06:11.9194538Z Get:1 file:/etc/apt/apt-mirrors.txt Mirrorlist [144 B]
2026-10-10T05:06:12.1187442Z Get:2 http://azure.archive.ubuntu.com/ubuntu noble/universe amd64 libjemalloc2 amd64 5.3.0-2build1 [256 kB]
2026-10-10T05:06:12.4311051Z Fetched 256 kB in 0s (733 kB/s)
2026-10-10T05:06:12.4468653Z Selecting previously unselected package libjemalloc2:amd64.
2026-10-10T05:06:12.4669586Z (Reading database ... 
2026-10-10T05:06:12.4669837Z (Reading database ... 5%
2026-10-10T05:06:12.4670141Z (Reading database ... 10%
2026-10-10T05:06:12.4670351Z (Reading database ... 15%
2026-10-10T05:06:12.4670636Z (Reading database ... 20%
2026-10-10T05:06:12.4670849Z (Reading database ... 25%
2026-10-10T05:06:12.4671266Z (Reading database ... 30%
2026-10-10T05:06:12.4671650Z (Reading database ... 35%
2026-10-10T05:06:12.4671931Z (Reading database ... 40%
2026-10-10T05:06:12.4672208Z (Reading database ... 45%
2026-10-10T05:06:12.4672445Z (Reading database ... 50%
2026-10-10T05:06:12.4703469Z (Reading database ... 55%
2026-10-10T05:06:12.5736496Z (Reading database ... 60%
2026-10-10T05:06:12.7808784Z (Reading database ... 65%
2026-10-10T05:06:12.9853248Z (Reading database ... 70%
2026-10-10T05:06:13.1709065Z (Reading database ... 75%
2026-10-10T05:06:13.3275516Z (Reading database ... 80%
2026-10-10T05:06:13.5336907Z (Reading database ... 85%
2026-10-10T05:06:13.7240727Z (Reading database ... 90%
2026-10-10T05:06:13.8876878Z (Reading database ... 95%
2026-10-10T05:06:13.8877240Z (Reading database ... 100%
2026-10-10T05:06:13.8877719Z (Reading database ... 203191 files and directories currently installed.)
2026-10-10T05:06:13.8914371Z Preparing to unpack .../libjemalloc2_5.3.0-2build1_amd64.deb ...
2026-10-10T05:06:13.8986648Z Unpacking libjemalloc2:amd64 (5.3.0-2build1) ...
2026-10-10T05:06:13.9297509Z Setting up libjemalloc2:amd64 (5.3.0-2build1) ...
2026-10-10T05:06:13.9318318Z Processing triggers for libc-bin (2.39-0ubuntu8.9) ...
2026-10-10T05:06:14.4976241Z 
2026-10-10T05:06:14.4977069Z Running kernel seems to be up-to-date.
2026-10-10T05:06:14.4977308Z 
2026-10-10T05:06:14.4977549Z No services need to be restarted.
2026-10-10T05:06:14.4978032Z 
2026-10-10T05:06:14.4978147Z No containers need to be restarted.
2026-10-10T05:06:14.4978277Z 
2026-10-10T05:06:14.4978444Z No user sessions are running outdated binaries.
2026-10-10T05:06:14.4978669Z 
2026-10-10T05:06:14.4978835Z No VM guests are running outdated hypervisor (qemu) binaries on this host.
2026-10-10T05:06:15.2740014Z bundled ABC: 5d51a5e420f5de493d07bf61109a977248c86ffb
2026-10-10T05:06:15.2761823Z Yosys 0.66 (git sha1 86f2ddebc, g++ 13.3.0-6ubuntu2~24.04.1 -fPIC -O3)
2026-10-10T05:06:15.2796024Z Yosys 0.66 (git sha1 86f2ddebc, g++ 13.3.0-6ubuntu2~24.04.1 -fPIC -O3)
2026-10-10T05:06:15.2827510Z ##[group]Run set -euo pipefail
2026-10-10T05:06:15.2828076Z set -euo pipefail
2026-10-10T05:06:15.2828215Z ver=v0.0.12
2026-10-10T05:06:15.2828429Z sha256=ff8c9eea5bc029b372fb4953427625cddb7cf7e58c1240623ac9f260818d5a00
2026-10-10T05:06:15.2828759Z url="https://github.com/zachjs/sv2v/releases/download/${ver}/sv2v-Linux.zip"
2026-10-10T05:06:15.2829027Z curl -fsSL "$url" -o /tmp/sv2v.zip
2026-10-10T05:06:15.2829232Z echo "${sha256}  /tmp/sv2v.zip" | sha256sum -c -
2026-10-10T05:06:15.2829432Z unzip -q -o /tmp/sv2v.zip -d /tmp/sv2v
2026-10-10T05:06:15.2829663Z sudo install -m755 "$(find /tmp/sv2v -name sv2v -type f | head -1)" \
2026-10-10T05:06:15.2829877Z   /usr/local/bin/sv2v
2026-10-10T05:06:15.2830023Z sv2v --version
2026-10-10T05:06:15.2882280Z shell: /usr/bin/bash -e {0}
2026-10-10T05:06:15.2882427Z env:
2026-10-10T05:06:15.2882548Z   VERILATOR_VERSION: v5.050
2026-10-10T05:06:15.2882706Z   YOSYS_VERSION: v0.66
2026-10-10T05:06:15.2882862Z   TSN_GEN_REV: deca300c9eb4863fa13383b45ba6cb6fd0828671
2026-10-10T05:06:15.2883044Z ##[endgroup]
2026-10-10T05:06:15.6295719Z /tmp/sv2v.zip: OK
2026-10-10T05:06:15.6943379Z sv2v v0.0.12
2026-10-10T05:06:15.7050515Z ##[group]Run scripts/run_all_suites.sh "$RUNNER_TEMP/suite-logs" \
2026-10-10T05:06:15.7050810Z scripts/run_all_suites.sh "$RUNNER_TEMP/suite-logs" \
2026-10-10T05:06:15.7051027Z   --shard "3/5"
2026-10-10T05:06:15.7114945Z shell: /usr/bin/bash -e {0}
2026-10-10T05:06:15.7115145Z env:
2026-10-10T05:06:15.7115280Z   VERILATOR_VERSION: v5.050
2026-10-10T05:06:15.7115426Z   YOSYS_VERSION: v0.66
2026-10-10T05:06:15.7115590Z   TSN_GEN_REV: deca300c9eb4863fa13383b45ba6cb6fd0828671
2026-10-10T05:06:15.7115784Z ##[endgroup]
2026-10-10T05:07:17.6050078Z shard: 3/5   selected suites: 12
2026-10-10T05:07:24.7539896Z PASS     adp_tx
2026-10-10T05:07:42.4630912Z PASS     avtp_parser
2026-10-10T05:08:47.6047672Z PASS     chmap_capture
2026-10-10T05:08:51.2998710Z PASS     classifier
2026-10-10T05:09:34.6232979Z PASS     csr
2026-10-10T05:09:39.4484973Z PASS     link_guard
2026-10-10T05:12:16.0683175Z PASS     media_grid_align
2026-10-10T05:12:37.5677303Z PASS     nvm_backend
2026-10-10T05:12:54.7157555Z PASS     tcam
2026-10-10T05:12:58.3834550Z PASS     tdm
2026-10-10T05:13:01.7376095Z PASS     tdm_render
2026-10-10T05:13:19.2198321Z PASS     tkdiag
2026-10-10T05:13:19.2198643Z ----------------------------------------------------------------
2026-10-10T05:13:19.2199039Z suites: 12   passed: 12   failed: 0   timed out: 0
2026-10-10T05:13:19.2813963Z checks: 15063   in-suite failures: 0
2026-10-10T05:13:19.2845383Z logs: <home-path>/work/_temp/suite-logs
2026-10-10T05:13:19.3008137Z ##[group]Run actions/upload-artifact@v4
2026-10-10T05:13:19.3008302Z with:
2026-10-10T05:13:19.3008417Z   name: suite-logs-3
2026-10-10T05:13:19.3008555Z   path: <home-path>/work/_temp/suite-logs
2026-10-10T05:13:19.3008721Z   if-no-files-found: error
2026-10-10T05:13:19.3008855Z   retention-days: 3
2026-10-10T05:13:19.3008975Z   compression-level: 6
2026-10-10T05:13:19.3009101Z   overwrite: false
2026-10-10T05:13:19.3009227Z   include-hidden-files: false
2026-10-10T05:13:19.3009365Z env:
2026-10-10T05:13:19.3009475Z   VERILATOR_VERSION: v5.050
2026-10-10T05:13:19.3009608Z   YOSYS_VERSION: v0.66
2026-10-10T05:13:19.3009761Z   TSN_GEN_REV: deca300c9eb4863fa13383b45ba6cb6fd0828671
2026-10-10T05:13:19.3010080Z ##[endgroup]
2026-10-10T05:13:19.4073521Z (node:24744) [DEP0040] DeprecationWarning: The `punycode` module is deprecated. Please use a userland alternative instead.
2026-10-10T05:13:19.4074259Z (Use `node --trace-deprecation ...` to show where the warning was created)
2026-10-10T05:13:19.4144432Z With the provided path, there will be 21 files uploaded
2026-10-10T05:13:19.4148857Z Artifact name is valid!
2026-10-10T05:13:19.4149229Z Root directory input is valid!
2026-10-10T05:13:19.6547930Z Beginning upload of artifact content to blob storage
2026-10-10T05:13:19.6838289Z (node:24744) [DEP0169] DeprecationWarning: `url.parse()` behavior is not standardized and prone to errors that have security implications. Use the WHATWG URL API instead. CVEs are not issued for `url.parse()` vulnerabilities.
2026-10-10T05:13:19.8654773Z Uploaded bytes 69246
2026-10-10T05:13:19.9030826Z Finished uploading artifact content to blob storage!
2026-10-10T05:13:19.9031369Z SHA256 digest of uploaded artifact zip is b85c7ef76a5f7d6c0c09f9aee3d51c369ff6f5390b6991c3b037095dc40d4d77
2026-10-10T05:13:19.9032820Z Finalizing artifact upload
2026-10-10T05:13:20.1315859Z Artifact suite-logs-3.zip successfully finalized. Artifact ID 11660861045
2026-10-10T05:13:20.1316884Z Artifact suite-logs-3 has been successfully uploaded! Final size is 69246 bytes. Artifact ID is 11660861045
2026-10-10T05:13:20.1321567Z Artifact download URL: https://github.com/kebag-logic/milan-fpga/actions/runs/38026314601/artifacts/11660861045
2026-10-10T05:13:20.1461373Z Post job cleanup.
2026-10-10T05:13:20.2135696Z Cache hit occurred on the primary key yosys-v0.66-Linux, not saving cache.
2026-10-10T05:13:20.2137073Z (node:24757) [DEP0040] DeprecationWarning: The `punycode` module is deprecated. Please use a userland alternative instead.
2026-10-10T05:13:20.2137514Z (Use `node --trace-deprecation ...` to show where the warning was created)
2026-10-10T05:13:20.2218106Z Post job cleanup.
2026-10-10T05:13:20.2921425Z Cache hit occurred on the primary key verilator-v5.050-Linux, not saving cache.
2026-10-10T05:13:20.2922542Z (node:24765) [DEP0040] DeprecationWarning: The `punycode` module is deprecated. Please use a userland alternative instead.
2026-10-10T05:13:20.2923116Z (Use `node --trace-deprecation ...` to show where the warning was created)
2026-10-10T05:13:20.3015799Z Post job cleanup.
2026-10-10T05:13:20.3597270Z [command]/usr/bin/git version
2026-10-10T05:13:20.3617194Z git version 2.55.0
2026-10-10T05:13:20.3653906Z Temporarily overriding HOME='<home-path>/work/_temp/97cb0ea9-c4fc-4c62-8b74-bfa98a78f8a9' before making global git config changes
2026-10-10T05:13:20.3654710Z Adding repository directory to the temporary git global config as a safe directory
2026-10-10T05:13:20.3655400Z [command]/usr/bin/git config --global --add safe.directory <home-path>/work/milan-fpga/milan-fpga
2026-10-10T05:13:20.3692699Z [command]/usr/bin/git config --local --name-only --get-regexp core\.sshCommand
2026-10-10T05:13:20.3748807Z [command]/usr/bin/git submodule foreach --recursive sh -c "git config --local --name-only --get-regexp 'core\.sshCommand' && git config --local --unset-all 'core.sshCommand' || :"
2026-10-10T05:13:20.3978342Z Entering 'gptp-processor'
2026-10-10T05:13:20.4021000Z Entering 'protocol-processor'
2026-10-10T05:13:20.4060159Z Entering 'third_party/tsn-c-stack'
2026-10-10T05:13:20.4102998Z Entering 'third_party/verilog-axis'
2026-10-10T05:13:20.4175999Z [command]/usr/bin/git config --local --name-only --get-regexp http\.https\:\/\/github\.com\/\.extraheader
2026-10-10T05:13:20.4193717Z http.https://github.com/.extraheader
2026-10-10T05:13:20.4227566Z [command]/usr/bin/git config --local --unset-all http.https://github.com/.extraheader
2026-10-10T05:13:20.4255623Z [command]/usr/bin/git submodule foreach --recursive sh -c "git config --local --name-only --get-regexp 'http\.https\:\/\/github\.com\/\.extraheader' && git config --local --unset-all 'http.https://github.com/.extraheader' || :"
2026-10-10T05:13:20.4422839Z Entering 'gptp-processor'
2026-10-10T05:13:20.4454867Z Entering 'protocol-processor'
2026-10-10T05:13:20.4486502Z Entering 'third_party/tsn-c-stack'
2026-10-10T05:13:20.4518676Z Entering 'third_party/verilog-axis'
2026-10-10T05:13:20.4565238Z [command]/usr/bin/git config --local --name-only --get-regexp ^includeIf\.gitdir:
2026-10-10T05:13:20.4595753Z [command]/usr/bin/git submodule foreach --recursive git config --local --show-origin --name-only --get-regexp remote.origin.url
2026-10-10T05:13:20.4772639Z Entering 'gptp-processor'
2026-10-10T05:13:20.4788961Z file:<home-path>/work/milan-fpga/milan-fpga/.git/modules/gptp-processor/config	remote.origin.url
2026-10-10T05:13:20.4804582Z Entering 'protocol-processor'
2026-10-10T05:13:20.4818056Z file:<home-path>/work/milan-fpga/milan-fpga/.git/modules/protocol-processor/config	remote.origin.url
2026-10-10T05:13:20.4833692Z Entering 'third_party/tsn-c-stack'
2026-10-10T05:13:20.4849270Z file:<home-path>/work/milan-fpga/milan-fpga/.git/modules/third_party/tsn-c-stack/config	remote.origin.url
2026-10-10T05:13:20.4864375Z Entering 'third_party/verilog-axis'
2026-10-10T05:13:20.4878794Z file:<home-path>/work/milan-fpga/milan-fpga/.git/modules/third_party/verilog-axis/config	remote.origin.url
2026-10-10T05:13:20.4904647Z [command]/usr/bin/git config --file <home-path>/work/milan-fpga/milan-fpga/.git/modules/gptp-processor/config --name-only --get-regexp ^includeIf\.gitdir:
2026-10-10T05:13:20.4931664Z [command]/usr/bin/git config --file <home-path>/work/milan-fpga/milan-fpga/.git/modules/protocol-processor/config --name-only --get-regexp ^includeIf\.gitdir:
2026-10-10T05:13:20.4957002Z [command]/usr/bin/git config --file <home-path>/work/milan-fpga/milan-fpga/.git/modules/third_party/tsn-c-stack/config --name-only --get-regexp ^includeIf\.gitdir:
2026-10-10T05:13:20.4982724Z [command]/usr/bin/git config --file <home-path>/work/milan-fpga/milan-fpga/.git/modules/third_party/verilog-axis/config --name-only --get-regexp ^includeIf\.gitdir:
2026-10-10T05:13:20.5188556Z Cleaning up orphan processes
2026-10-10T05:13:20.5379759Z ##[warning]Node.js 20 is deprecated. The following actions target Node.js 20 but are being forced to run on Node.js 24: actions/cache@v4, actions/checkout@v4, actions/upload-artifact@v4. For more information see: https://github.blog/changelog/2025-09-19-deprecation-of-node-20-on-github-actions-runners/
