(re-recorded after removing reviewer-created scripts/__pycache__, all files timestamped 12:19-12:25 CEST this session)
HEAD b0347a4fd668f8d40bdf40a142ac0ea70167acd1
tree 6a162c641e5052b523bc8d88cbb13bf3eff1ad47
index-tree 6a162c641e5052b523bc8d88cbb13bf3eff1ad47
status-including-ignored:
end-status
index entries (mode, blob, path) == HEAD tree entries (879)
worktree bytes and modes == index
gitlinks at head (identical to base 3d2f3e31):
160000 commit efeb541ae5fe1e078332d8462dca2fc2d9cb8db5	external
160000 commit e5dcea6e351abff18a27a00f8e345f3251bdbd8f	gptp-processor
160000 commit 424c688fa2205b934a7689a58f2aa766420f2326	protocol-processor
160000 commit 48ff7a7e2ef782cf778d47910cf85835c64b1bce	third_party/verilog-axis
gitlinks unchanged vs base
changed paths base..head:
AGENTS.md
CONTRIBUTING.md
docs/testing/CI_WORKFLOWS.md
docs/testing/RUNNING_TESTS.md
scripts/check_merge_containment.py
scripts/merge_containment_replay.py
scripts/merge_containment_selftest.py
scripts/merge_containment_selftest_linear.py
changed paths round1 20b7bdaa..head:
scripts/merge_containment_selftest_linear.py
production blobs round1 vs head:
scripts/check_merge_containment.py 141baec9e6c0cab83eea087533582916dc0f13ce 141baec9e6c0cab83eea087533582916dc0f13ce
scripts/merge_containment_replay.py 5652be97cb8c40b4c9e0b2c1279b0f29ee8a3f45 5652be97cb8c40b4c9e0b2c1279b0f29ee8a3f45
scripts/merge_containment_git.py b8f9fb83b9e768d39bdd3021c19c8067e5ca5eb0 b8f9fb83b9e768d39bdd3021c19c8067e5ca5eb0
final recheck 2026-09-24T10:29:28Z
HEAD b0347a4fd668f8d40bdf40a142ac0ea70167acd1 tree 6a162c641e5052b523bc8d88cbb13bf3eff1ad47 index-tree 6a162c641e5052b523bc8d88cbb13bf3eff1ad47
status-including-ignored:
end-status
index == HEAD tree (879 entries)
worktree == index
gitlinks unchanged vs base
