{
  "path": "$WORKSPACE_HOME/.local/share/containers/storage/overlay/9517af577e2019496be7a9f3df0cdeafba0a4f827989b59cb358abf6403fbbde/diff/usr/bin/verilator_bin",
  "resolved": "$WORKSPACE_HOME/.local/share/containers/storage/overlay/9517af577e2019496be7a9f3df0cdeafba0a4f827989b59cb358abf6403fbbde/diff/usr/bin/verilator_bin",
  "bytes": 12906200,
  "mode": "0o100755",
  "sha256": "44898b22af4178b45214a0820a04eeac8632ae721ff005e69ef1cf69121bbfdd",
  "kind": "ELF"
}
Verilator 5.050 2026-07-01 rev v5.050

$WORKSPACE_HOME/.local/share/containers/storage/overlay/9517af577e2019496be7a9f3df0cdeafba0a4f827989b59cb358abf6403fbbde/diff/usr/bin/verilator_bin: ELF 64-bit LSB pie executable, x86-64, version 1 (GNU/Linux), dynamically linked, interpreter /lib64/ld-linux-x86-64.so.2, BuildID[sha1]=5b70c1e1a4df1a59c5c48d96a1b9558a2be20b8a, for GNU/Linux 4.4.0, stripped


Displaying notes found in: .note.gnu.build-id
  Owner                Data size 	Description
  GNU                  0x00000014	NT_GNU_BUILD_ID (unique build ID bitstring)
    Build ID: 5b70c1e1a4df1a59c5c48d96a1b9558a2be20b8a

Displaying notes found in: .note.gnu.property
  Owner                Data size 	Description
  GNU                  0x00000040	NT_GNU_PROPERTY_TYPE_0
      Properties: x86 feature: IBT, SHSTK
	x86 ISA needed: x86-64-baseline
	x86 feature used: x86, x87, XMM
	x86 ISA used: x86-64-baseline

Displaying notes found in: .note.ABI-tag
  Owner                Data size 	Description
  GNU                  0x00000010	NT_GNU_ABI_TAG (ABI version tag)
    OS: Linux, ABI: 4.4.0

Displaying notes found in: .note.stapsdt
  Owner                Data size 	Description
  stapsdt              0x0000003b	NT_STAPSDT (SystemTap probe descriptors)
    Provider: libstdcxx
    Name: catch
    Location: 0x00000000008b99ac, Base: 0x0000000000a73b78, Semaphore: 0x0000000000000000
    Arguments: 8@%rax 8@-80(%rbx)
  stapsdt              0x00000036	NT_STAPSDT (SystemTap probe descriptors)
    Provider: libstdcxx
    Name: throw
    Location: 0x00000000009179ea, Base: 0x0000000000a73b78, Semaphore: 0x0000000000000000
    Arguments: 8@%rdi 8@%rsi
  stapsdt              0x0000003a	NT_STAPSDT (SystemTap probe descriptors)
    Provider: libstdcxx
    Name: rethrow
    Location: 0x0000000000917a99, Base: 0x0000000000a73b78, Semaphore: 0x0000000000000000
    Arguments: 8@%rax 8@(%rdi)
  stapsdt              0x00000034	NT_STAPSDT (SystemTap probe descriptors)
    Provider: libgcc
    Name: unwind
    Location: 0x0000000000931f54, Base: 0x0000000000a73b78, Semaphore: 0x0000000000000000
    Arguments: 8@%rdi 8@%rsi

