[
  {
    "path": "$VALIDATION_STORAGE/372-manager-candidate1/pinned-tool-bin/verilator",
    "resolved": "$VALIDATION_STORAGE/372-manager-candidate1/pinned-tool-bin/verilator",
    "size": 319,
    "mode": "0o100755",
    "sha256": "905795b99e0a8803383b198b118bafcbd87d20b877e3f09c39c31ea81979e92f"
  },
  {
    "path": "$WORKSPACE_HOME/.local/share/containers/storage/overlay/9517af577e2019496be7a9f3df0cdeafba0a4f827989b59cb358abf6403fbbde/diff/usr/bin/verilator",
    "resolved": "$WORKSPACE_HOME/.local/share/containers/storage/overlay/9517af577e2019496be7a9f3df0cdeafba0a4f827989b59cb358abf6403fbbde/diff/usr/bin/verilator",
    "size": 32093,
    "mode": "0o100755",
    "sha256": "fb2cc573b1055cf096c90e1efc9966fe56bdb4b265c83590cf2a49f7a0defcdf"
  },
  {
    "path": "$WORKSPACE_HOME/.local/share/containers/storage/overlay/9517af577e2019496be7a9f3df0cdeafba0a4f827989b59cb358abf6403fbbde/diff/usr/share/verilator/bin/verilator_bin",
    "resolved": "$WORKSPACE_HOME/.local/share/containers/storage/overlay/9517af577e2019496be7a9f3df0cdeafba0a4f827989b59cb358abf6403fbbde/diff/usr/share/verilator/bin/verilator_bin",
    "size": 688,
    "mode": "0o100755",
    "sha256": "449b33d5779f94226db65fd9700c3e5e6e8ecabbf4ec0277b5fdf5d7bc63d311"
  }
]
VERILATOR_ROOT $WORKSPACE_HOME/.local/share/containers/storage/overlay/9517af577e2019496be7a9f3df0cdeafba0a4f827989b59cb358abf6403fbbde/diff/usr/share/verilator
Verilator 5.050 2026-07-01 rev v5.050

Verilator 5.050 2026-07-01 rev v5.050

Verilator 5.050 2026-07-01 rev v5.050

Copyright 2003-2026 by Wilson Snyder.  Verilator is free software; you can
redistribute it and/or modify the Verilator internals under the terms of
either the GNU Lesser General Public License Version 3 or the Perl Artistic
License Version 2.0.

See https://verilator.org for documentation

Summary of configuration:
  Compiled in defaults if not in environment:
    SYSTEMC            = 
    SYSTEMC_ARCH       = 
    SYSTEMC_INCLUDE    = 
    SYSTEMC_LIBDIR     = 
    VERILATOR_ROOT     = /usr/share/verilator
    VERILATOR_SOLVER   = 
    SystemC system-wide = 0

Environment:
    MAKE               = 
    PERL               = 
    PYTHON3            = 
    SYSTEMC            = 
    SYSTEMC_ARCH       = 
    SYSTEMC_INCLUDE    = 
    SYSTEMC_LIBDIR     = 
    VERILATOR_BIN      = 
    VERILATOR_ROOT     = $WORKSPACE_HOME/.local/share/containers/storage/overlay/9517af577e2019496be7a9f3df0cdeafba0a4f827989b59cb358abf6403fbbde/diff/usr/share/verilator
    VERILATOR_SOLVER   = 

Supported features (compiled-in or forced by environment):
    COROUTINES         = 1
    SYSTEMC            = 

$WORKSPACE_HOME/.local/share/containers/storage/overlay/9517af577e2019496be7a9f3df0cdeafba0a4f827989b59cb358abf6403fbbde/diff/usr/share/verilator/bin/verilator_bin: Perl script text executable

g++ (GCC) 16.2.1 20260810
Copyright (C) 2026 Free Software Foundation, Inc.
This is free software; see the source for copying conditions.  There is NO
warranty; not even for MERCHANTABILITY or FITNESS FOR A PARTICULAR PURPOSE.


GNU Make 4.4.1
Built for x86_64-pc-linux-gnu
Copyright (C) 1988-2023 Free Software Foundation, Inc.
License GPLv3+: GNU GPL version 3 or later <https://gnu.org/licenses/gpl.html>
This is free software: you are free to change and redistribute it.
There is NO WARRANTY, to the extent permitted by law.

