---- h3: the render re-base is keyed to the identity, not the step (leg gmstep, must break 'render: every counted re-base lands at a PDU end right after the step')
[PASS] control caught: the render re-base is keyed to the identity, not the step - breaks "render: every counted re-base lands at a PDU end right after the step"
    it broke 1 check(s): render: every counted re-base lands at a PDU end right after the step
---- h4: tu reaches the talkers four cycles late (leg gmstep, must break 'tu: set in the first cycle the bank names GM B')
[PASS] control caught: tu reaches the talkers four cycles late - breaks "tu: set in the first cycle the bank names GM B"
    it broke 1 check(s): tu: set in the first cycle the bank names GM B
---- h5: the plane's step does not re-arm the holdover (leg gmstep, must break 'tu: held at least the 0.25 s holdover after the step')
[PASS] control caught: the plane's step does not re-arm the holdover - breaks "tu: held at least the 0.25 s holdover after the step"
    it broke 1 check(s): tu: held at least the 0.25 s holdover after the step
---- h6: tu stops the talker (leg gmstep, must break 'licence: the talker never pauses beyond four of its intervals')
[PASS] control caught: tu stops the talker - breaks "licence: the talker never pauses beyond four of its intervals"
    it broke 5 check(s): tu: talker PDUs graded inside the hold; licence: the talker never pauses beyond four of its intervals; licence: the talker keeps its baseline rate within 1%; restart: every mr toggle is first sent right after the step; restart: the talker's MEDIA_RESET counts exactly one
---- h7: the grandmaster change stops the talker for good (leg gmstep, must break 'licence: the talker never pauses beyond four of its intervals')
[PASS] control caught: the grandmaster change stops the talker for good - breaks "licence: the talker never pauses beyond four of its intervals"
    it broke 6 check(s): tu: talker PDUs graded inside the hold; tu: talker PDUs graded after tu clears; licence: the talker never pauses beyond four of its intervals; licence: the talker keeps its baseline rate within 1%; restart: the outgoing mr toggles exactly once; restart: the talker's MEDIA_RESET counts exactly one
---- h8: the step's re-centre snaps one event off the setpoint (leg gmstep, must break 'render: every PDU push leaves the target fill across the event')
[PASS] control caught: the step's re-centre snaps one event off the setpoint - breaks "render: every PDU push leaves the target fill across the event"
    it broke 1 check(s): render: every PDU push leaves the target fill across the event
---- h9: a software settime does not toggle mr (leg option-off, must break 'CLKV: the settime toggled mr once more (#387)')
[PASS] control caught: a software settime does not toggle mr - breaks "CLKV: the settime toggled mr once more (#387)"
    it broke 2 check(s): CLKV: the settime toggled mr once more (#387); CLKV: ... and MEDIA_RESET counted that toggle once (#387)
---- h10: the step's mr toggle is gated by the CRF clock-source selection (leg option-off, must break 'CLKV: its mr toggled once per PHC step issued so far (#387)')
[PASS] control caught: the step's mr toggle is gated by the CRF clock-source selection - breaks "CLKV: its mr toggled once per PHC step issued so far (#387)"
    it broke 2 check(s): CLKV: its mr toggled once per PHC step issued so far (#387); CLKV: ... and MEDIA_RESET counted that toggle once (#387)

real	4m18.522s
user	9m50.417s
sys	0m33.405s
rc=0
