  info: INTERNAL: 1 slips in 48.497 s (beat 3.519 s); margin at the set +7.956..+10.890 ticks
  info: t=48.497345 s  CLOCK_SOURCE <- 2
  info: INTERNAL-to-AAF: LOCKED 6.658 s after the set; trim +5.812 ppm at the end
  info: slip (skip) at 0.6681 s after the set, -5.9899 s from LOCKED
  info: slip (skip) at 4.2217 s after the set, -2.4363 s from LOCKED
  info: render recentre at 0.0427 s after the set, -6.6152 s from LOCKED
  info: render recentre at 10.7540 s after the set, +4.0960 s from LOCKED
  info: INTERNAL, last second      [  47.497,   48.497) s: ring slips 0+0, margin +7.757..+10.890 ticks; render n 8000 fill 11..14 (off-law 6117), delay 5.668..8.801 (out of band 6137), end-to-pop clearance 0.002 ticks NOT GRADABLE
  info: set to LOCKED              [  48.497,   55.155) s: ring slips 0+2, margin +7.227..+11.075 ticks; render n 53262 fill 11..18 (off-law 47870), delay 5.944..12.234 (out of band 47790), end-to-pop clearance 0.001 ticks NOT GRADABLE
  info: LOCKED to the settle       [  55.155,   59.251) s: ring slips 0+0, margin +5.422..+10.360 ticks; render n 32768 fill 14..18 (off-law 32767), delay 8.333..12.273 (out of band 32767), end-to-pop clearance 0.001 ticks NOT GRADABLE
  info: settle to the hold's end   [  59.251,   88.497) s: ring slips 0+0, margin +4.477..+7.365 ticks; render n 233967 fill 13..16 (off-law 152663), delay 7.380..10.276 (out of band 152786), end-to-pop clearance 0.001 ticks NOT GRADABLE
  info: [B8]: settle recentre fired (1 pulse(s), render recentre executed 1); slips before it 2, after it 0; after it the loopback margin +4.477..+7.365 ticks, render fill 13..16 delay 7.380..10.276, not gradable
MARGINS: [B8] empty 4.477440 full 3.709440 ticks
  info: [B8]: settle recentre 10.7539 s after the start, 4.0960 s after LOCKED
ERROR-DISTRIBUTION: INTERNAL before switch window 47.997344701 48.497344701 samples 23999 axis_hz 6250000 histogram -1:30 0:23946 1:23
ERROR-DISTRIBUTION: AAF after settle window 59.251319760 88.497344720 samples 1403811 axis_hz 6250000 histogram -1:21679 0:1361428 1:20704
RESULT-645: phase 0.8125 jitter 60.0 us tail 0.0 us p 0e+00: slips set-to-settle 2 (declared bound 3), after the settle 0, margin at LOCKED +7.457..+10.337, after the settle +4.477..+7.365 ticks, LOCKED 6.66 s, settle +4.096 s after LOCKED, render after the settle fill 13..16 delay 7.380..10.276 (not gradable)
  info: [B8] render law not graded: the run's arrivals are late by up to 60.0 us
  info: t=88.497345 s  CLOCK_SOURCE <- 1
  info: [SW] AAF to CRF:: LOCKED 3.010 s after; ring slips 0; margin +7.365 before the switch, +7.365 before its settle recentre
  info: [SW] AAF to CRF:           [  88.497,  108.497) s: ring slips 0+0, margin +4.477..+7.365 ticks; render n 159999 fill 13..16 (off-law 104361), delay 7.388..10.276 (out of band 104489), end-to-pop clearance 0.001 ticks NOT GRADABLE
  info: [SW] AAF to CRF:: settle recentre fired (1 pulse(s), render recentre executed 1); slips before it 0, after it 0; after it the loopback margin +4.477..+7.365 ticks, render fill 13..16 delay 7.388..10.276, not gradable
MARGINS: [SW] AAF to CRF: empty 4.477440 full 3.709440 ticks
  info: [SW] AAF to CRF:: settle recentre 7.1059 s after the start, 4.0960 s after LOCKED
ERROR-DISTRIBUTION: [SW] AAF to CRF: window 95.603291920 108.497344720 samples 618915 axis_hz 6250000 histogram -1:9800 0:600214 1:8901
RESULT-645-SW: [SW] AAF to CRF: phase 0.8125 jitter 60.0 us tail 0.0 us p 0e+00: LOCKED 3.01 s, slips 0, drift +0.000 ticks, settle +4.096 s after LOCKED, margin after +4.477..+7.365, render not gradable
  info: [SW] AAF to CRF: render law not graded: the run's arrivals are late by up to 60.0 us
  info: t=108.497345 s  CLOCK_SOURCE <- 2
  info: [SW] CRF to AAF:: LOCKED 6.050 s after; ring slips 0; margin +7.365 before the switch, +7.365 before its settle recentre
  info: [SW] CRF to AAF:           [ 108.497,  128.497) s: ring slips 0+0, margin +4.477..+7.373 ticks; render n 159997 fill 12..16 (off-law 104169), delay 6.390..10.284 (out of band 104308), end-to-pop clearance 0.001 ticks NOT GRADABLE
  info: [SW] CRF to AAF:: settle recentre fired (1 pulse(s), render recentre executed 1); slips before it 0, after it 0; after it the loopback margin +4.485..+7.373 ticks, render fill 13..16 delay 7.396..10.284, not gradable
MARGINS: [SW] CRF to AAF: empty 4.485120 full 3.701760 ticks
  info: [SW] CRF to AAF:: settle recentre 10.1459 s after the start, 4.0960 s after LOCKED
ERROR-DISTRIBUTION: [SW] CRF to AAF: window 118.643271920 128.497344720 samples 472996 axis_hz 6250000 histogram -1:6921 0:459019 1:7056
RESULT-645-SW: [SW] CRF to AAF: phase 0.8125 jitter 60.0 us tail 0.0 us p 0e+00: LOCKED 6.05 s, slips 0, drift +0.000 ticks, settle +4.096 s after LOCKED, margin after +4.485..+7.373, render not gradable
  info: [SW] CRF to AAF: render law not graded: the run's arrivals are late by up to 60.0 us
== follow_ring: checks: 45   failures: 0 ==
RESULT: PASS
