Test project $PACKET/scratch/reversals-ON/build
    Start 1: unit
1/1 Test #1: unit .............................***Failed    0.07 sec
Running "main" (70 tests)...
  "mrp_pdu_suite": 1690 passes in 13ms.
  "timer_suite": 14 passes in 2ms.
  "msrp_values_suite": 23 passes in 1ms.
  "receive_suite": 83 passes in 4ms.
  "transmit_suite": 106 passes in 5ms.
  "integration_suite": 371 passes in 11ms.
  "milan_suite": 430 passes in 9ms.
$PACKET/scratch/reversals-ON/source/tests/unit/review_test.c:261: Failure: boundaries_suite -> retained_ports_replay_propagated_join_and_timer_leave_in_order 
	Expected [state(a, 1).count] to [equal] [1]
		actual value:			[0]
		expected value:			[1]

$PACKET/scratch/reversals-ON/source/tests/unit/review_test.c:262: Failure: boundaries_suite -> retained_ports_replay_propagated_join_and_timer_leave_in_order 
	Expected [state(a, 1).appl] to [equal] [withdrawal ? MRP_APPL_STATE_LA : MRP_APPL_STATE_VP]
		actual value:			[0]
		expected value:			[1]

$PACKET/scratch/reversals-ON/source/tests/unit/review_test.c:265: Failure: boundaries_suite -> retained_ports_replay_propagated_join_and_timer_leave_in_order 
	Expected [state(a, 1).appl] to [equal] [withdrawal ? MRP_APPL_STATE_VO : MRP_APPL_STATE_AA]
		actual value:			[0]
		expected value:			[4]

$PACKET/scratch/reversals-ON/source/tests/unit/review_test.c:262: Failure: boundaries_suite -> retained_ports_replay_propagated_join_and_timer_leave_in_order 
	Expected [state(a, 1).appl] to [equal] [withdrawal ? MRP_APPL_STATE_LA : MRP_APPL_STATE_VP]
		actual value:			[5]
		expected value:			[6]

$PACKET/scratch/reversals-ON/source/tests/unit/review_test.c:265: Failure: boundaries_suite -> retained_ports_replay_propagated_join_and_timer_leave_in_order 
	Expected [state(a, 1).appl] to [equal] [withdrawal ? MRP_APPL_STATE_VO : MRP_APPL_STATE_AA]
		actual value:			[5]
		expected value:			[0]

$PACKET/scratch/reversals-ON/source/tests/unit/review_test.c:24: Failure: boundaries_suite -> retained_ports_replay_propagated_join_and_timer_leave_in_order 
	Expected [allocation_live()] to [equal] [0]
		actual value:			[2]
		expected value:			[0]

$PACKET/scratch/reversals-ON/source/tests/unit/review_test.c:283: Failure: boundaries_suite -> queued_propagation_owns_values_and_survives_source_reclamation 
	Expected [state(a, 1).count] to [equal] [2]
		actual value:			[0]
		expected value:			[2]

$PACKET/scratch/reversals-ON/source/tests/unit/review_test.c:24: Failure: boundaries_suite -> queued_propagation_owns_values_and_survives_source_reclamation 
	Expected [allocation_live()] to [equal] [0]
		actual value:			[3]
		expected value:			[0]

$PACKET/scratch/reversals-ON/source/tests/unit/review_test.c:601: Failure: boundaries_suite -> failed_commit_replay_is_retried_by_the_next_poll 
	Expected [stream_state(a, 1).value] to [equal] [100]
		actual value:			[0]
		expected value:			[100]

$PACKET/scratch/reversals-ON/source/tests/unit/review_test.c:24: Failure: boundaries_suite -> failed_commit_replay_is_retried_by_the_next_poll 
	Expected [allocation_live()] to [equal] [0]
		actual value:			[1]
		expected value:			[0]

$PACKET/scratch/reversals-ON/source/tests/unit/review_test.c:612: Failure: boundaries_suite -> destroy_releases_all_queued_allocations 
	Expected [allocation_live()] to [equal] [before]
		actual value:			[1]
		expected value:			[0]

$PACKET/scratch/reversals-ON/source/tests/unit/review_test.c:24: Failure: boundaries_suite -> destroy_releases_all_queued_allocations 
	Expected [allocation_live()] to [equal] [0]
		actual value:			[1]
		expected value:			[0]

  "boundaries_suite": 1474 passes, 12 failures in 21ms.
Completed "main": 4191 passes, 12 failures in 66ms.


0% tests passed, 1 tests failed out of 1

Total Test time (real) =   0.07 sec

The following tests FAILED:
	  1 - unit (Failed)
Errors while running CTest
