Test project $PACKET/scratch/reversals-ON/build
    Start 1: unit
1/1 Test #1: unit .............................***Failed    0.09 sec
Running "main" (70 tests)...
  "mrp_pdu_suite": 1690 passes in 14ms.
  "timer_suite": 14 passes in 20ms.
  "msrp_values_suite": 23 passes in 2ms.
  "receive_suite": 83 passes in 5ms.
  "transmit_suite": 106 passes in 5ms.
  "integration_suite": 371 passes in 10ms.
  "milan_suite": 430 passes in 8ms.
$PACKET/scratch/reversals-ON/source/tests/unit/review_test.c:612: Failure: boundaries_suite -> destroy_releases_all_queued_allocations 
	Expected [allocation_live()] to [equal] [before]
		actual value:			[1]
		expected value:			[0]

$PACKET/scratch/reversals-ON/source/tests/unit/review_test.c:24: Failure: boundaries_suite -> destroy_releases_all_queued_allocations 
	Expected [allocation_live()] to [equal] [0]
		actual value:			[1]
		expected value:			[0]

  "boundaries_suite": 1484 passes, 2 failures in 23ms.
Completed "main": 4201 passes, 2 failures in 87ms.


0% tests passed, 1 tests failed out of 1

Total Test time (real) =   0.09 sec

The following tests FAILED:
	  1 - unit (Failed)
Errors while running CTest
