ELAB OK    MEM_TIMEOUT_CYC_P=1
ELAB OK    MEM_TIMEOUT_CYC_P=2147483647
GUARD OK   MEM_TIMEOUT_CYC_P=0 (refused by name, as it must be)
GUARD OK   MEM_TIMEOUT_CYC_P=2147483648 (refused by name, as it must be)
GUARD OK   MEM_TIMEOUT_CYC_P=4294967295 (refused by name, as it must be)
verilator --cc --exe --build -j 0 --top-module KL_pp_nvm_port -Wall -Wno-fatal -Wno-DECLFILENAME -Wno-UNUSEDSIGNAL -Wno-WIDTHEXPAND -Wno-WIDTHTRUNC -Wno-UNUSEDPARAM -CFLAGS "-std=c++17 -O2 -I$REVIEWS/ppP1-r444-2-packet/scratch/head2/tb/nvm_port -Wall -Wextra" -GMAX_PAYLOAD_P=1024 -GMEM_TIMEOUT_CYC_P=100 -CFLAGS "-DNVM_PORT_TMO=100 -Wall -Wextra" --Mdir obj_dir ../../hdl/packet_engine/KL_pp_nvm_port.sv sim_main.cpp -o Vnvm_port_sim && ./obj_dir/Vnvm_port_sim
make[1]: Entering directory '$REVIEWS/ppP1-r444-2-packet/scratch/head2/tb/nvm_port/obj_dir'
g++  -I.  -MMD -I<pinned-simulator-root>/usr/share/verilator/include -I<pinned-simulator-root>/usr/share/verilator/include/vltstd -DVERILATOR=1 -DVM_COVERAGE=0 -DVM_SC=0 -DVM_TIMING=0 -DVM_TRACE=0 -DVM_TRACE_FST=0 -DVM_TRACE_VCD=0 -DVM_TRACE_SAIF=0 -DVM_VPI=0 -faligned-new -fcf-protection=none -Wno-bool-operation -Wno-int-in-bool-context -Wno-shadow -Wno-sign-compare -Wno-subobject-linkage -Wno-tautological-compare -Wno-uninitialized -Wno-unused-but-set-parameter -Wno-unused-but-set-variable -Wno-unused-parameter -Wno-unused-variable    -std=c++17 -O2 -I$REVIEWS/ppP1-r444-2-packet/scratch/head2/tb/nvm_port -Wall -Wextra -DNVM_PORT_TMO=100 -Wall -Wextra   -Os  -c -o sim_main.o ../sim_main.cpp
g++ -Os  -I.  -MMD -I<pinned-simulator-root>/usr/share/verilator/include -I<pinned-simulator-root>/usr/share/verilator/include/vltstd -DVERILATOR=1 -DVM_COVERAGE=0 -DVM_SC=0 -DVM_TIMING=0 -DVM_TRACE=0 -DVM_TRACE_FST=0 -DVM_TRACE_VCD=0 -DVM_TRACE_SAIF=0 -DVM_VPI=0 -faligned-new -fcf-protection=none -Wno-bool-operation -Wno-int-in-bool-context -Wno-shadow -Wno-sign-compare -Wno-subobject-linkage -Wno-tautological-compare -Wno-uninitialized -Wno-unused-but-set-parameter -Wno-unused-but-set-variable -Wno-unused-parameter -Wno-unused-variable    -std=c++17 -O2 -I$REVIEWS/ppP1-r444-2-packet/scratch/head2/tb/nvm_port -Wall -Wextra -DNVM_PORT_TMO=100 -Wall -Wextra   -c -o verilated.o <pinned-simulator-root>/usr/share/verilator/include/verilated.cpp
g++ -Os  -I.  -MMD -I<pinned-simulator-root>/usr/share/verilator/include -I<pinned-simulator-root>/usr/share/verilator/include/vltstd -DVERILATOR=1 -DVM_COVERAGE=0 -DVM_SC=0 -DVM_TIMING=0 -DVM_TRACE=0 -DVM_TRACE_FST=0 -DVM_TRACE_VCD=0 -DVM_TRACE_SAIF=0 -DVM_VPI=0 -faligned-new -fcf-protection=none -Wno-bool-operation -Wno-int-in-bool-context -Wno-shadow -Wno-sign-compare -Wno-subobject-linkage -Wno-tautological-compare -Wno-uninitialized -Wno-unused-but-set-parameter -Wno-unused-but-set-variable -Wno-unused-parameter -Wno-unused-variable    -std=c++17 -O2 -I$REVIEWS/ppP1-r444-2-packet/scratch/head2/tb/nvm_port -Wall -Wextra -DNVM_PORT_TMO=100 -Wall -Wextra   -c -o verilated_threads.o <pinned-simulator-root>/usr/share/verilator/include/verilated_threads.cpp
python3 <pinned-simulator-root>/usr/share/verilator/bin/verilator_includer -DVL_INCLUDE_OPT=include VKL_pp_nvm_port.cpp VKL_pp_nvm_port___024root__0.cpp VKL_pp_nvm_port___024root__Slow.cpp VKL_pp_nvm_port___024root__0__Slow.cpp VKL_pp_nvm_port__Syms__Slow.cpp > VKL_pp_nvm_port__ALL.cpp
g++ -Os  -I.  -MMD -I<pinned-simulator-root>/usr/share/verilator/include -I<pinned-simulator-root>/usr/share/verilator/include/vltstd -DVERILATOR=1 -DVM_COVERAGE=0 -DVM_SC=0 -DVM_TIMING=0 -DVM_TRACE=0 -DVM_TRACE_FST=0 -DVM_TRACE_VCD=0 -DVM_TRACE_SAIF=0 -DVM_VPI=0 -faligned-new -fcf-protection=none -Wno-bool-operation -Wno-int-in-bool-context -Wno-shadow -Wno-sign-compare -Wno-subobject-linkage -Wno-tautological-compare -Wno-uninitialized -Wno-unused-but-set-parameter -Wno-unused-but-set-variable -Wno-unused-parameter -Wno-unused-variable    -std=c++17 -O2 -I$REVIEWS/ppP1-r444-2-packet/scratch/head2/tb/nvm_port -Wall -Wextra -DNVM_PORT_TMO=100 -Wall -Wextra   -c -o VKL_pp_nvm_port__ALL.o VKL_pp_nvm_port__ALL.cpp
g++    sim_main.o verilated.o verilated_threads.o VKL_pp_nvm_port__ALL.a    -pthread -lpthread -latomic   -o Vnvm_port_sim
rm VKL_pp_nvm_port__ALL.verilator_deplist.tmp
make[1]: Leaving directory '$REVIEWS/ppP1-r444-2-packet/scratch/head2/tb/nvm_port/obj_dir'
- V e r i l a t i o n   R e p o r t: Verilator 5.050 2026-07-01 rev v5.050
- Verilator: Built from 0.062 MB sources in 2 modules, into 0.096 MB in 5 C++ files needing 0.000 MB
- Verilator: Walltime 5.313 s (elab=0.001, cvt=0.012, bld=5.292); cpu 0.023 s on 3 threads; allocated 345.461 MB
393 checks: 393 PASS, 0 FAIL
verilator --cc --exe --build -j 0 --top-module KL_pp_nvm_port -Wall -Wno-fatal -Wno-DECLFILENAME -Wno-UNUSEDSIGNAL -Wno-WIDTHEXPAND -Wno-WIDTHTRUNC -Wno-UNUSEDPARAM -CFLAGS "-std=c++17 -O2 -I$REVIEWS/ppP1-r444-2-packet/scratch/head2/tb/nvm_port -Wall -Wextra" -GMAX_PAYLOAD_P=1024 -GMEM_TIMEOUT_CYC_P=37 -CFLAGS "-DNVM_PORT_TMO=37 -Wall -Wextra" --Mdir obj_alt ../../hdl/packet_engine/KL_pp_nvm_port.sv sim_main.cpp -o Vnvm_port_sim && ./obj_alt/Vnvm_port_sim
make[1]: Entering directory '$REVIEWS/ppP1-r444-2-packet/scratch/head2/tb/nvm_port/obj_alt'
g++  -I.  -MMD -I<pinned-simulator-root>/usr/share/verilator/include -I<pinned-simulator-root>/usr/share/verilator/include/vltstd -DVERILATOR=1 -DVM_COVERAGE=0 -DVM_SC=0 -DVM_TIMING=0 -DVM_TRACE=0 -DVM_TRACE_FST=0 -DVM_TRACE_VCD=0 -DVM_TRACE_SAIF=0 -DVM_VPI=0 -faligned-new -fcf-protection=none -Wno-bool-operation -Wno-int-in-bool-context -Wno-shadow -Wno-sign-compare -Wno-subobject-linkage -Wno-tautological-compare -Wno-uninitialized -Wno-unused-but-set-parameter -Wno-unused-but-set-variable -Wno-unused-parameter -Wno-unused-variable    -std=c++17 -O2 -I$REVIEWS/ppP1-r444-2-packet/scratch/head2/tb/nvm_port -Wall -Wextra -DNVM_PORT_TMO=37 -Wall -Wextra   -Os  -c -o sim_main.o ../sim_main.cpp
g++ -Os  -I.  -MMD -I<pinned-simulator-root>/usr/share/verilator/include -I<pinned-simulator-root>/usr/share/verilator/include/vltstd -DVERILATOR=1 -DVM_COVERAGE=0 -DVM_SC=0 -DVM_TIMING=0 -DVM_TRACE=0 -DVM_TRACE_FST=0 -DVM_TRACE_VCD=0 -DVM_TRACE_SAIF=0 -DVM_VPI=0 -faligned-new -fcf-protection=none -Wno-bool-operation -Wno-int-in-bool-context -Wno-shadow -Wno-sign-compare -Wno-subobject-linkage -Wno-tautological-compare -Wno-uninitialized -Wno-unused-but-set-parameter -Wno-unused-but-set-variable -Wno-unused-parameter -Wno-unused-variable    -std=c++17 -O2 -I$REVIEWS/ppP1-r444-2-packet/scratch/head2/tb/nvm_port -Wall -Wextra -DNVM_PORT_TMO=37 -Wall -Wextra   -c -o verilated.o <pinned-simulator-root>/usr/share/verilator/include/verilated.cpp
g++ -Os  -I.  -MMD -I<pinned-simulator-root>/usr/share/verilator/include -I<pinned-simulator-root>/usr/share/verilator/include/vltstd -DVERILATOR=1 -DVM_COVERAGE=0 -DVM_SC=0 -DVM_TIMING=0 -DVM_TRACE=0 -DVM_TRACE_FST=0 -DVM_TRACE_VCD=0 -DVM_TRACE_SAIF=0 -DVM_VPI=0 -faligned-new -fcf-protection=none -Wno-bool-operation -Wno-int-in-bool-context -Wno-shadow -Wno-sign-compare -Wno-subobject-linkage -Wno-tautological-compare -Wno-uninitialized -Wno-unused-but-set-parameter -Wno-unused-but-set-variable -Wno-unused-parameter -Wno-unused-variable    -std=c++17 -O2 -I$REVIEWS/ppP1-r444-2-packet/scratch/head2/tb/nvm_port -Wall -Wextra -DNVM_PORT_TMO=37 -Wall -Wextra   -c -o verilated_threads.o <pinned-simulator-root>/usr/share/verilator/include/verilated_threads.cpp
python3 <pinned-simulator-root>/usr/share/verilator/bin/verilator_includer -DVL_INCLUDE_OPT=include VKL_pp_nvm_port.cpp VKL_pp_nvm_port___024root__0.cpp VKL_pp_nvm_port___024root__Slow.cpp VKL_pp_nvm_port___024root__0__Slow.cpp VKL_pp_nvm_port__Syms__Slow.cpp > VKL_pp_nvm_port__ALL.cpp
g++ -Os  -I.  -MMD -I<pinned-simulator-root>/usr/share/verilator/include -I<pinned-simulator-root>/usr/share/verilator/include/vltstd -DVERILATOR=1 -DVM_COVERAGE=0 -DVM_SC=0 -DVM_TIMING=0 -DVM_TRACE=0 -DVM_TRACE_FST=0 -DVM_TRACE_VCD=0 -DVM_TRACE_SAIF=0 -DVM_VPI=0 -faligned-new -fcf-protection=none -Wno-bool-operation -Wno-int-in-bool-context -Wno-shadow -Wno-sign-compare -Wno-subobject-linkage -Wno-tautological-compare -Wno-uninitialized -Wno-unused-but-set-parameter -Wno-unused-but-set-variable -Wno-unused-parameter -Wno-unused-variable    -std=c++17 -O2 -I$REVIEWS/ppP1-r444-2-packet/scratch/head2/tb/nvm_port -Wall -Wextra -DNVM_PORT_TMO=37 -Wall -Wextra   -c -o VKL_pp_nvm_port__ALL.o VKL_pp_nvm_port__ALL.cpp
g++    sim_main.o verilated.o verilated_threads.o VKL_pp_nvm_port__ALL.a    -pthread -lpthread -latomic   -o Vnvm_port_sim
rm VKL_pp_nvm_port__ALL.verilator_deplist.tmp
make[1]: Leaving directory '$REVIEWS/ppP1-r444-2-packet/scratch/head2/tb/nvm_port/obj_alt'
- V e r i l a t i o n   R e p o r t: Verilator 5.050 2026-07-01 rev v5.050
- Verilator: Built from 0.062 MB sources in 2 modules, into 0.096 MB in 5 C++ files needing 0.000 MB
- Verilator: Walltime 5.034 s (elab=0.001, cvt=0.011, bld=5.012); cpu 0.022 s on 3 threads; allocated 217.492 MB
393 checks: 393 PASS, 0 FAIL
verilator --cc --exe --build -j 0 --top-module KL_pp_nvm_port -Wall -Wno-fatal -Wno-DECLFILENAME -Wno-UNUSEDSIGNAL -Wno-WIDTHEXPAND -Wno-WIDTHTRUNC -Wno-UNUSEDPARAM -CFLAGS "-std=c++17 -O2 -I$REVIEWS/ppP1-r444-2-packet/scratch/head2/tb/nvm_port -Wall -Wextra" -GMAX_PAYLOAD_P=1024 -GMEM_TIMEOUT_CYC_P=20 -CFLAGS "-DNVM_PORT_TMO=20 -Wall -Wextra" --Mdir obj_min ../../hdl/packet_engine/KL_pp_nvm_port.sv sim_main.cpp -o Vnvm_port_sim && ./obj_min/Vnvm_port_sim
make[1]: Entering directory '$REVIEWS/ppP1-r444-2-packet/scratch/head2/tb/nvm_port/obj_min'
g++  -I.  -MMD -I<pinned-simulator-root>/usr/share/verilator/include -I<pinned-simulator-root>/usr/share/verilator/include/vltstd -DVERILATOR=1 -DVM_COVERAGE=0 -DVM_SC=0 -DVM_TIMING=0 -DVM_TRACE=0 -DVM_TRACE_FST=0 -DVM_TRACE_VCD=0 -DVM_TRACE_SAIF=0 -DVM_VPI=0 -faligned-new -fcf-protection=none -Wno-bool-operation -Wno-int-in-bool-context -Wno-shadow -Wno-sign-compare -Wno-subobject-linkage -Wno-tautological-compare -Wno-uninitialized -Wno-unused-but-set-parameter -Wno-unused-but-set-variable -Wno-unused-parameter -Wno-unused-variable    -std=c++17 -O2 -I$REVIEWS/ppP1-r444-2-packet/scratch/head2/tb/nvm_port -Wall -Wextra -DNVM_PORT_TMO=20 -Wall -Wextra   -Os  -c -o sim_main.o ../sim_main.cpp
g++ -Os  -I.  -MMD -I<pinned-simulator-root>/usr/share/verilator/include -I<pinned-simulator-root>/usr/share/verilator/include/vltstd -DVERILATOR=1 -DVM_COVERAGE=0 -DVM_SC=0 -DVM_TIMING=0 -DVM_TRACE=0 -DVM_TRACE_FST=0 -DVM_TRACE_VCD=0 -DVM_TRACE_SAIF=0 -DVM_VPI=0 -faligned-new -fcf-protection=none -Wno-bool-operation -Wno-int-in-bool-context -Wno-shadow -Wno-sign-compare -Wno-subobject-linkage -Wno-tautological-compare -Wno-uninitialized -Wno-unused-but-set-parameter -Wno-unused-but-set-variable -Wno-unused-parameter -Wno-unused-variable    -std=c++17 -O2 -I$REVIEWS/ppP1-r444-2-packet/scratch/head2/tb/nvm_port -Wall -Wextra -DNVM_PORT_TMO=20 -Wall -Wextra   -c -o verilated.o <pinned-simulator-root>/usr/share/verilator/include/verilated.cpp
g++ -Os  -I.  -MMD -I<pinned-simulator-root>/usr/share/verilator/include -I<pinned-simulator-root>/usr/share/verilator/include/vltstd -DVERILATOR=1 -DVM_COVERAGE=0 -DVM_SC=0 -DVM_TIMING=0 -DVM_TRACE=0 -DVM_TRACE_FST=0 -DVM_TRACE_VCD=0 -DVM_TRACE_SAIF=0 -DVM_VPI=0 -faligned-new -fcf-protection=none -Wno-bool-operation -Wno-int-in-bool-context -Wno-shadow -Wno-sign-compare -Wno-subobject-linkage -Wno-tautological-compare -Wno-uninitialized -Wno-unused-but-set-parameter -Wno-unused-but-set-variable -Wno-unused-parameter -Wno-unused-variable    -std=c++17 -O2 -I$REVIEWS/ppP1-r444-2-packet/scratch/head2/tb/nvm_port -Wall -Wextra -DNVM_PORT_TMO=20 -Wall -Wextra   -c -o verilated_threads.o <pinned-simulator-root>/usr/share/verilator/include/verilated_threads.cpp
python3 <pinned-simulator-root>/usr/share/verilator/bin/verilator_includer -DVL_INCLUDE_OPT=include VKL_pp_nvm_port.cpp VKL_pp_nvm_port___024root__0.cpp VKL_pp_nvm_port___024root__Slow.cpp VKL_pp_nvm_port___024root__0__Slow.cpp VKL_pp_nvm_port__Syms__Slow.cpp > VKL_pp_nvm_port__ALL.cpp
g++ -Os  -I.  -MMD -I<pinned-simulator-root>/usr/share/verilator/include -I<pinned-simulator-root>/usr/share/verilator/include/vltstd -DVERILATOR=1 -DVM_COVERAGE=0 -DVM_SC=0 -DVM_TIMING=0 -DVM_TRACE=0 -DVM_TRACE_FST=0 -DVM_TRACE_VCD=0 -DVM_TRACE_SAIF=0 -DVM_VPI=0 -faligned-new -fcf-protection=none -Wno-bool-operation -Wno-int-in-bool-context -Wno-shadow -Wno-sign-compare -Wno-subobject-linkage -Wno-tautological-compare -Wno-uninitialized -Wno-unused-but-set-parameter -Wno-unused-but-set-variable -Wno-unused-parameter -Wno-unused-variable    -std=c++17 -O2 -I$REVIEWS/ppP1-r444-2-packet/scratch/head2/tb/nvm_port -Wall -Wextra -DNVM_PORT_TMO=20 -Wall -Wextra   -c -o VKL_pp_nvm_port__ALL.o VKL_pp_nvm_port__ALL.cpp
g++    sim_main.o verilated.o verilated_threads.o VKL_pp_nvm_port__ALL.a    -pthread -lpthread -latomic   -o Vnvm_port_sim
rm VKL_pp_nvm_port__ALL.verilator_deplist.tmp
make[1]: Leaving directory '$REVIEWS/ppP1-r444-2-packet/scratch/head2/tb/nvm_port/obj_min'
- V e r i l a t i o n   R e p o r t: Verilator 5.050 2026-07-01 rev v5.050
- Verilator: Built from 0.062 MB sources in 2 modules, into 0.096 MB in 5 C++ files needing 0.000 MB
- Verilator: Walltime 5.226 s (elab=0.001, cvt=0.013, bld=5.203); cpu 0.021 s on 3 threads; allocated 217.492 MB
393 checks: 393 PASS, 0 FAIL
verilator --cc --exe --build -j 0 --top-module KL_pp_nvm_port -Wall -Wno-fatal -Wno-DECLFILENAME -Wno-UNUSEDSIGNAL -Wno-WIDTHEXPAND -Wno-WIDTHTRUNC -Wno-UNUSEDPARAM -CFLAGS "-std=c++17 -O2 -I$REVIEWS/ppP1-r444-2-packet/scratch/head2/tb/nvm_port -Wall -Wextra" -GMAX_PAYLOAD_P=65527 -GMEM_TIMEOUT_CYC_P=1 -CFLAGS "-DNVM_PORT_TMO=1 -Wall -Wextra" --Mdir obj_fz1 ../../hdl/packet_engine/KL_pp_nvm_port.sv fuzz_main.cpp -o Vnvm_port_fuzz && ./obj_fz1/Vnvm_port_fuzz &&  verilator --cc --exe --build -j 0 --top-module KL_pp_nvm_port -Wall -Wno-fatal -Wno-DECLFILENAME -Wno-UNUSEDSIGNAL -Wno-WIDTHEXPAND -Wno-WIDTHTRUNC -Wno-UNUSEDPARAM -CFLAGS "-std=c++17 -O2 -I$REVIEWS/ppP1-r444-2-packet/scratch/head2/tb/nvm_port -Wall -Wextra" -GMAX_PAYLOAD_P=65527 -GMEM_TIMEOUT_CYC_P=2 -CFLAGS "-DNVM_PORT_TMO=2 -Wall -Wextra" --Mdir obj_fz2 ../../hdl/packet_engine/KL_pp_nvm_port.sv fuzz_main.cpp -o Vnvm_port_fuzz && ./obj_fz2/Vnvm_port_fuzz &&  verilator --cc --exe --build -j 0 --top-module KL_pp_nvm_port -Wall -Wno-fatal -Wno-DECLFILENAME -Wno-UNUSEDSIGNAL -Wno-WIDTHEXPAND -Wno-WIDTHTRUNC -Wno-UNUSEDPARAM -CFLAGS "-std=c++17 -O2 -I$REVIEWS/ppP1-r444-2-packet/scratch/head2/tb/nvm_port -Wall -Wextra" -GMAX_PAYLOAD_P=65527 -GMEM_TIMEOUT_CYC_P=3 -CFLAGS "-DNVM_PORT_TMO=3 -Wall -Wextra" --Mdir obj_fz3 ../../hdl/packet_engine/KL_pp_nvm_port.sv fuzz_main.cpp -o Vnvm_port_fuzz && ./obj_fz3/Vnvm_port_fuzz &&  verilator --cc --exe --build -j 0 --top-module KL_pp_nvm_port -Wall -Wno-fatal -Wno-DECLFILENAME -Wno-UNUSEDSIGNAL -Wno-WIDTHEXPAND -Wno-WIDTHTRUNC -Wno-UNUSEDPARAM -CFLAGS "-std=c++17 -O2 -I$REVIEWS/ppP1-r444-2-packet/scratch/head2/tb/nvm_port -Wall -Wextra" -GMAX_PAYLOAD_P=65527 -GMEM_TIMEOUT_CYC_P=37 -CFLAGS "-DNVM_PORT_TMO=37 -Wall -Wextra" --Mdir obj_fz37 ../../hdl/packet_engine/KL_pp_nvm_port.sv fuzz_main.cpp -o Vnvm_port_fuzz && ./obj_fz37/Vnvm_port_fuzz &&  true
make[1]: Entering directory '$REVIEWS/ppP1-r444-2-packet/scratch/head2/tb/nvm_port/obj_fz1'
g++  -I.  -MMD -I<pinned-simulator-root>/usr/share/verilator/include -I<pinned-simulator-root>/usr/share/verilator/include/vltstd -DVERILATOR=1 -DVM_COVERAGE=0 -DVM_SC=0 -DVM_TIMING=0 -DVM_TRACE=0 -DVM_TRACE_FST=0 -DVM_TRACE_VCD=0 -DVM_TRACE_SAIF=0 -DVM_VPI=0 -faligned-new -fcf-protection=none -Wno-bool-operation -Wno-int-in-bool-context -Wno-shadow -Wno-sign-compare -Wno-subobject-linkage -Wno-tautological-compare -Wno-uninitialized -Wno-unused-but-set-parameter -Wno-unused-but-set-variable -Wno-unused-parameter -Wno-unused-variable    -std=c++17 -O2 -I$REVIEWS/ppP1-r444-2-packet/scratch/head2/tb/nvm_port -Wall -Wextra -DNVM_PORT_TMO=1 -Wall -Wextra   -Os  -c -o fuzz_main.o ../fuzz_main.cpp
g++ -Os  -I.  -MMD -I<pinned-simulator-root>/usr/share/verilator/include -I<pinned-simulator-root>/usr/share/verilator/include/vltstd -DVERILATOR=1 -DVM_COVERAGE=0 -DVM_SC=0 -DVM_TIMING=0 -DVM_TRACE=0 -DVM_TRACE_FST=0 -DVM_TRACE_VCD=0 -DVM_TRACE_SAIF=0 -DVM_VPI=0 -faligned-new -fcf-protection=none -Wno-bool-operation -Wno-int-in-bool-context -Wno-shadow -Wno-sign-compare -Wno-subobject-linkage -Wno-tautological-compare -Wno-uninitialized -Wno-unused-but-set-parameter -Wno-unused-but-set-variable -Wno-unused-parameter -Wno-unused-variable    -std=c++17 -O2 -I$REVIEWS/ppP1-r444-2-packet/scratch/head2/tb/nvm_port -Wall -Wextra -DNVM_PORT_TMO=1 -Wall -Wextra   -c -o verilated.o <pinned-simulator-root>/usr/share/verilator/include/verilated.cpp
g++ -Os  -I.  -MMD -I<pinned-simulator-root>/usr/share/verilator/include -I<pinned-simulator-root>/usr/share/verilator/include/vltstd -DVERILATOR=1 -DVM_COVERAGE=0 -DVM_SC=0 -DVM_TIMING=0 -DVM_TRACE=0 -DVM_TRACE_FST=0 -DVM_TRACE_VCD=0 -DVM_TRACE_SAIF=0 -DVM_VPI=0 -faligned-new -fcf-protection=none -Wno-bool-operation -Wno-int-in-bool-context -Wno-shadow -Wno-sign-compare -Wno-subobject-linkage -Wno-tautological-compare -Wno-uninitialized -Wno-unused-but-set-parameter -Wno-unused-but-set-variable -Wno-unused-parameter -Wno-unused-variable    -std=c++17 -O2 -I$REVIEWS/ppP1-r444-2-packet/scratch/head2/tb/nvm_port -Wall -Wextra -DNVM_PORT_TMO=1 -Wall -Wextra   -c -o verilated_threads.o <pinned-simulator-root>/usr/share/verilator/include/verilated_threads.cpp
python3 <pinned-simulator-root>/usr/share/verilator/bin/verilator_includer -DVL_INCLUDE_OPT=include VKL_pp_nvm_port.cpp VKL_pp_nvm_port___024root__0.cpp VKL_pp_nvm_port___024root__Slow.cpp VKL_pp_nvm_port___024root__0__Slow.cpp VKL_pp_nvm_port__Syms__Slow.cpp > VKL_pp_nvm_port__ALL.cpp
g++ -Os  -I.  -MMD -I<pinned-simulator-root>/usr/share/verilator/include -I<pinned-simulator-root>/usr/share/verilator/include/vltstd -DVERILATOR=1 -DVM_COVERAGE=0 -DVM_SC=0 -DVM_TIMING=0 -DVM_TRACE=0 -DVM_TRACE_FST=0 -DVM_TRACE_VCD=0 -DVM_TRACE_SAIF=0 -DVM_VPI=0 -faligned-new -fcf-protection=none -Wno-bool-operation -Wno-int-in-bool-context -Wno-shadow -Wno-sign-compare -Wno-subobject-linkage -Wno-tautological-compare -Wno-uninitialized -Wno-unused-but-set-parameter -Wno-unused-but-set-variable -Wno-unused-parameter -Wno-unused-variable    -std=c++17 -O2 -I$REVIEWS/ppP1-r444-2-packet/scratch/head2/tb/nvm_port -Wall -Wextra -DNVM_PORT_TMO=1 -Wall -Wextra   -c -o VKL_pp_nvm_port__ALL.o VKL_pp_nvm_port__ALL.cpp
g++    fuzz_main.o verilated.o verilated_threads.o VKL_pp_nvm_port__ALL.a    -pthread -lpthread -latomic   -o Vnvm_port_fuzz
rm VKL_pp_nvm_port__ALL.verilator_deplist.tmp
make[1]: Leaving directory '$REVIEWS/ppP1-r444-2-packet/scratch/head2/tb/nvm_port/obj_fz1'
- V e r i l a t i o n   R e p o r t: Verilator 5.050 2026-07-01 rev v5.050
- Verilator: Built from 0.062 MB sources in 2 modules, into 0.096 MB in 5 C++ files needing 0.000 MB
- Verilator: Walltime 5.150 s (elab=0.001, cvt=0.010, bld=5.132); cpu 0.021 s on 3 threads; allocated 345.457 MB
fuzz: MEM_TIMEOUT_CYC_P = 1, seeds 11 to 13, 600 operations per mode and seed
fuzz: the largest payload the port accepts, asked of it: 65527 bytes
PASS: FZ1 every operation of a legal device answered exactly once, busy low at the pulse (0 of 1800 operations broke it)
PASS: FZ2 no DEADLINE against a device that presented every owed event within the bound (0 of 1800 operations broke it)
PASS: FZ3 an err only where the device erred, and named DEVICE (0 of 1800 operations broke it)
PASS: FZ4 every commit and restore answered done is byte-exact (0 of 1733 operations broke it)
PASS: FZ5 a device silent at one owed event ends the operation in one err DEADLINE, never done (0 of 1800 operations broke it)
PASS: FZ6 ...on exactly the (TMO + 1)-th owed cycle since the device's last event (0 of 1800 operations broke it)
PASS: FZ7 a request behind an abandoned command is served if the device ends it within the bound, DEADLINE if not (0 of 1205 operations broke it)
PASS: FZ8 both of FZ7's branches were taken (426 served, 779 DEADLINE)
PASS: FZ9 a request behind a READ whose device presents bytes past its length ends DEADLINE, the port taking only the bytes the READ owed (0 of 739 operations broke it)
PASS: FZ10 the abandonments reached every branch of what a READ owes: babble's at header bytes, payload bytes and terminals, and resume served requests behind READs owing 256 bytes or more and behind one owing the largest payload the port accepts, 65527 bytes, each seed (276, 398 and 65; 92, and 3 of 3)
10 checks: 10 PASS, 0 FAIL
make[1]: Entering directory '$REVIEWS/ppP1-r444-2-packet/scratch/head2/tb/nvm_port/obj_fz2'
g++  -I.  -MMD -I<pinned-simulator-root>/usr/share/verilator/include -I<pinned-simulator-root>/usr/share/verilator/include/vltstd -DVERILATOR=1 -DVM_COVERAGE=0 -DVM_SC=0 -DVM_TIMING=0 -DVM_TRACE=0 -DVM_TRACE_FST=0 -DVM_TRACE_VCD=0 -DVM_TRACE_SAIF=0 -DVM_VPI=0 -faligned-new -fcf-protection=none -Wno-bool-operation -Wno-int-in-bool-context -Wno-shadow -Wno-sign-compare -Wno-subobject-linkage -Wno-tautological-compare -Wno-uninitialized -Wno-unused-but-set-parameter -Wno-unused-but-set-variable -Wno-unused-parameter -Wno-unused-variable    -std=c++17 -O2 -I$REVIEWS/ppP1-r444-2-packet/scratch/head2/tb/nvm_port -Wall -Wextra -DNVM_PORT_TMO=2 -Wall -Wextra   -Os  -c -o fuzz_main.o ../fuzz_main.cpp
g++ -Os  -I.  -MMD -I<pinned-simulator-root>/usr/share/verilator/include -I<pinned-simulator-root>/usr/share/verilator/include/vltstd -DVERILATOR=1 -DVM_COVERAGE=0 -DVM_SC=0 -DVM_TIMING=0 -DVM_TRACE=0 -DVM_TRACE_FST=0 -DVM_TRACE_VCD=0 -DVM_TRACE_SAIF=0 -DVM_VPI=0 -faligned-new -fcf-protection=none -Wno-bool-operation -Wno-int-in-bool-context -Wno-shadow -Wno-sign-compare -Wno-subobject-linkage -Wno-tautological-compare -Wno-uninitialized -Wno-unused-but-set-parameter -Wno-unused-but-set-variable -Wno-unused-parameter -Wno-unused-variable    -std=c++17 -O2 -I$REVIEWS/ppP1-r444-2-packet/scratch/head2/tb/nvm_port -Wall -Wextra -DNVM_PORT_TMO=2 -Wall -Wextra   -c -o verilated.o <pinned-simulator-root>/usr/share/verilator/include/verilated.cpp
g++ -Os  -I.  -MMD -I<pinned-simulator-root>/usr/share/verilator/include -I<pinned-simulator-root>/usr/share/verilator/include/vltstd -DVERILATOR=1 -DVM_COVERAGE=0 -DVM_SC=0 -DVM_TIMING=0 -DVM_TRACE=0 -DVM_TRACE_FST=0 -DVM_TRACE_VCD=0 -DVM_TRACE_SAIF=0 -DVM_VPI=0 -faligned-new -fcf-protection=none -Wno-bool-operation -Wno-int-in-bool-context -Wno-shadow -Wno-sign-compare -Wno-subobject-linkage -Wno-tautological-compare -Wno-uninitialized -Wno-unused-but-set-parameter -Wno-unused-but-set-variable -Wno-unused-parameter -Wno-unused-variable    -std=c++17 -O2 -I$REVIEWS/ppP1-r444-2-packet/scratch/head2/tb/nvm_port -Wall -Wextra -DNVM_PORT_TMO=2 -Wall -Wextra   -c -o verilated_threads.o <pinned-simulator-root>/usr/share/verilator/include/verilated_threads.cpp
python3 <pinned-simulator-root>/usr/share/verilator/bin/verilator_includer -DVL_INCLUDE_OPT=include VKL_pp_nvm_port.cpp VKL_pp_nvm_port___024root__0.cpp VKL_pp_nvm_port___024root__Slow.cpp VKL_pp_nvm_port___024root__0__Slow.cpp VKL_pp_nvm_port__Syms__Slow.cpp > VKL_pp_nvm_port__ALL.cpp
g++ -Os  -I.  -MMD -I<pinned-simulator-root>/usr/share/verilator/include -I<pinned-simulator-root>/usr/share/verilator/include/vltstd -DVERILATOR=1 -DVM_COVERAGE=0 -DVM_SC=0 -DVM_TIMING=0 -DVM_TRACE=0 -DVM_TRACE_FST=0 -DVM_TRACE_VCD=0 -DVM_TRACE_SAIF=0 -DVM_VPI=0 -faligned-new -fcf-protection=none -Wno-bool-operation -Wno-int-in-bool-context -Wno-shadow -Wno-sign-compare -Wno-subobject-linkage -Wno-tautological-compare -Wno-uninitialized -Wno-unused-but-set-parameter -Wno-unused-but-set-variable -Wno-unused-parameter -Wno-unused-variable    -std=c++17 -O2 -I$REVIEWS/ppP1-r444-2-packet/scratch/head2/tb/nvm_port -Wall -Wextra -DNVM_PORT_TMO=2 -Wall -Wextra   -c -o VKL_pp_nvm_port__ALL.o VKL_pp_nvm_port__ALL.cpp
g++    fuzz_main.o verilated.o verilated_threads.o VKL_pp_nvm_port__ALL.a    -pthread -lpthread -latomic   -o Vnvm_port_fuzz
rm VKL_pp_nvm_port__ALL.verilator_deplist.tmp
make[1]: Leaving directory '$REVIEWS/ppP1-r444-2-packet/scratch/head2/tb/nvm_port/obj_fz2'
- V e r i l a t i o n   R e p o r t: Verilator 5.050 2026-07-01 rev v5.050
- Verilator: Built from 0.062 MB sources in 2 modules, into 0.096 MB in 5 C++ files needing 0.000 MB
- Verilator: Walltime 6.059 s (elab=0.002, cvt=0.012, bld=6.037); cpu 0.023 s on 3 threads; allocated 345.461 MB
fuzz: MEM_TIMEOUT_CYC_P = 2, seeds 11 to 13, 600 operations per mode and seed
fuzz: the largest payload the port accepts, asked of it: 65527 bytes
PASS: FZ1 every operation of a legal device answered exactly once, busy low at the pulse (0 of 1800 operations broke it)
PASS: FZ2 no DEADLINE against a device that presented every owed event within the bound (0 of 1800 operations broke it)
PASS: FZ3 an err only where the device erred, and named DEVICE (0 of 1800 operations broke it)
PASS: FZ4 every commit and restore answered done is byte-exact (0 of 1746 operations broke it)
PASS: FZ5 a device silent at one owed event ends the operation in one err DEADLINE, never done (0 of 1800 operations broke it)
PASS: FZ6 ...on exactly the (TMO + 1)-th owed cycle since the device's last event (0 of 1800 operations broke it)
PASS: FZ7 a request behind an abandoned command is served if the device ends it within the bound, DEADLINE if not (0 of 1178 operations broke it)
PASS: FZ8 both of FZ7's branches were taken (404 served, 774 DEADLINE)
PASS: FZ9 a request behind a READ whose device presents bytes past its length ends DEADLINE, the port taking only the bytes the READ owed (0 of 731 operations broke it)
PASS: FZ10 the abandonments reached every branch of what a READ owes: babble's at header bytes, payload bytes and terminals, and resume served requests behind READs owing 256 bytes or more and behind one owing the largest payload the port accepts, 65527 bytes, each seed (269, 383 and 79; 62, and 3 of 3)
10 checks: 10 PASS, 0 FAIL
make[1]: Entering directory '$REVIEWS/ppP1-r444-2-packet/scratch/head2/tb/nvm_port/obj_fz3'
g++  -I.  -MMD -I<pinned-simulator-root>/usr/share/verilator/include -I<pinned-simulator-root>/usr/share/verilator/include/vltstd -DVERILATOR=1 -DVM_COVERAGE=0 -DVM_SC=0 -DVM_TIMING=0 -DVM_TRACE=0 -DVM_TRACE_FST=0 -DVM_TRACE_VCD=0 -DVM_TRACE_SAIF=0 -DVM_VPI=0 -faligned-new -fcf-protection=none -Wno-bool-operation -Wno-int-in-bool-context -Wno-shadow -Wno-sign-compare -Wno-subobject-linkage -Wno-tautological-compare -Wno-uninitialized -Wno-unused-but-set-parameter -Wno-unused-but-set-variable -Wno-unused-parameter -Wno-unused-variable    -std=c++17 -O2 -I$REVIEWS/ppP1-r444-2-packet/scratch/head2/tb/nvm_port -Wall -Wextra -DNVM_PORT_TMO=3 -Wall -Wextra   -Os  -c -o fuzz_main.o ../fuzz_main.cpp
g++ -Os  -I.  -MMD -I<pinned-simulator-root>/usr/share/verilator/include -I<pinned-simulator-root>/usr/share/verilator/include/vltstd -DVERILATOR=1 -DVM_COVERAGE=0 -DVM_SC=0 -DVM_TIMING=0 -DVM_TRACE=0 -DVM_TRACE_FST=0 -DVM_TRACE_VCD=0 -DVM_TRACE_SAIF=0 -DVM_VPI=0 -faligned-new -fcf-protection=none -Wno-bool-operation -Wno-int-in-bool-context -Wno-shadow -Wno-sign-compare -Wno-subobject-linkage -Wno-tautological-compare -Wno-uninitialized -Wno-unused-but-set-parameter -Wno-unused-but-set-variable -Wno-unused-parameter -Wno-unused-variable    -std=c++17 -O2 -I$REVIEWS/ppP1-r444-2-packet/scratch/head2/tb/nvm_port -Wall -Wextra -DNVM_PORT_TMO=3 -Wall -Wextra   -c -o verilated.o <pinned-simulator-root>/usr/share/verilator/include/verilated.cpp
g++ -Os  -I.  -MMD -I<pinned-simulator-root>/usr/share/verilator/include -I<pinned-simulator-root>/usr/share/verilator/include/vltstd -DVERILATOR=1 -DVM_COVERAGE=0 -DVM_SC=0 -DVM_TIMING=0 -DVM_TRACE=0 -DVM_TRACE_FST=0 -DVM_TRACE_VCD=0 -DVM_TRACE_SAIF=0 -DVM_VPI=0 -faligned-new -fcf-protection=none -Wno-bool-operation -Wno-int-in-bool-context -Wno-shadow -Wno-sign-compare -Wno-subobject-linkage -Wno-tautological-compare -Wno-uninitialized -Wno-unused-but-set-parameter -Wno-unused-but-set-variable -Wno-unused-parameter -Wno-unused-variable    -std=c++17 -O2 -I$REVIEWS/ppP1-r444-2-packet/scratch/head2/tb/nvm_port -Wall -Wextra -DNVM_PORT_TMO=3 -Wall -Wextra   -c -o verilated_threads.o <pinned-simulator-root>/usr/share/verilator/include/verilated_threads.cpp
python3 <pinned-simulator-root>/usr/share/verilator/bin/verilator_includer -DVL_INCLUDE_OPT=include VKL_pp_nvm_port.cpp VKL_pp_nvm_port___024root__0.cpp VKL_pp_nvm_port___024root__Slow.cpp VKL_pp_nvm_port___024root__0__Slow.cpp VKL_pp_nvm_port__Syms__Slow.cpp > VKL_pp_nvm_port__ALL.cpp
g++ -Os  -I.  -MMD -I<pinned-simulator-root>/usr/share/verilator/include -I<pinned-simulator-root>/usr/share/verilator/include/vltstd -DVERILATOR=1 -DVM_COVERAGE=0 -DVM_SC=0 -DVM_TIMING=0 -DVM_TRACE=0 -DVM_TRACE_FST=0 -DVM_TRACE_VCD=0 -DVM_TRACE_SAIF=0 -DVM_VPI=0 -faligned-new -fcf-protection=none -Wno-bool-operation -Wno-int-in-bool-context -Wno-shadow -Wno-sign-compare -Wno-subobject-linkage -Wno-tautological-compare -Wno-uninitialized -Wno-unused-but-set-parameter -Wno-unused-but-set-variable -Wno-unused-parameter -Wno-unused-variable    -std=c++17 -O2 -I$REVIEWS/ppP1-r444-2-packet/scratch/head2/tb/nvm_port -Wall -Wextra -DNVM_PORT_TMO=3 -Wall -Wextra   -c -o VKL_pp_nvm_port__ALL.o VKL_pp_nvm_port__ALL.cpp
g++    fuzz_main.o verilated.o verilated_threads.o VKL_pp_nvm_port__ALL.a    -pthread -lpthread -latomic   -o Vnvm_port_fuzz
rm VKL_pp_nvm_port__ALL.verilator_deplist.tmp
make[1]: Leaving directory '$REVIEWS/ppP1-r444-2-packet/scratch/head2/tb/nvm_port/obj_fz3'
- V e r i l a t i o n   R e p o r t: Verilator 5.050 2026-07-01 rev v5.050
- Verilator: Built from 0.062 MB sources in 2 modules, into 0.096 MB in 5 C++ files needing 0.000 MB
- Verilator: Walltime 5.726 s (elab=0.002, cvt=0.012, bld=5.706); cpu 0.023 s on 3 threads; allocated 345.457 MB
fuzz: MEM_TIMEOUT_CYC_P = 3, seeds 11 to 13, 600 operations per mode and seed
fuzz: the largest payload the port accepts, asked of it: 65527 bytes
PASS: FZ1 every operation of a legal device answered exactly once, busy low at the pulse (0 of 1800 operations broke it)
PASS: FZ2 no DEADLINE against a device that presented every owed event within the bound (0 of 1800 operations broke it)
PASS: FZ3 an err only where the device erred, and named DEVICE (0 of 1800 operations broke it)
PASS: FZ4 every commit and restore answered done is byte-exact (0 of 1730 operations broke it)
PASS: FZ5 a device silent at one owed event ends the operation in one err DEADLINE, never done (0 of 1800 operations broke it)
PASS: FZ6 ...on exactly the (TMO + 1)-th owed cycle since the device's last event (0 of 1800 operations broke it)
PASS: FZ7 a request behind an abandoned command is served if the device ends it within the bound, DEADLINE if not (0 of 1200 operations broke it)
PASS: FZ8 both of FZ7's branches were taken (434 served, 766 DEADLINE)
PASS: FZ9 a request behind a READ whose device presents bytes past its length ends DEADLINE, the port taking only the bytes the READ owed (0 of 738 operations broke it)
PASS: FZ10 the abandonments reached every branch of what a READ owes: babble's at header bytes, payload bytes and terminals, and resume served requests behind READs owing 256 bytes or more and behind one owing the largest payload the port accepts, 65527 bytes, each seed (276, 396 and 66; 75, and 3 of 3)
10 checks: 10 PASS, 0 FAIL
make[1]: Entering directory '$REVIEWS/ppP1-r444-2-packet/scratch/head2/tb/nvm_port/obj_fz37'
g++  -I.  -MMD -I<pinned-simulator-root>/usr/share/verilator/include -I<pinned-simulator-root>/usr/share/verilator/include/vltstd -DVERILATOR=1 -DVM_COVERAGE=0 -DVM_SC=0 -DVM_TIMING=0 -DVM_TRACE=0 -DVM_TRACE_FST=0 -DVM_TRACE_VCD=0 -DVM_TRACE_SAIF=0 -DVM_VPI=0 -faligned-new -fcf-protection=none -Wno-bool-operation -Wno-int-in-bool-context -Wno-shadow -Wno-sign-compare -Wno-subobject-linkage -Wno-tautological-compare -Wno-uninitialized -Wno-unused-but-set-parameter -Wno-unused-but-set-variable -Wno-unused-parameter -Wno-unused-variable    -std=c++17 -O2 -I$REVIEWS/ppP1-r444-2-packet/scratch/head2/tb/nvm_port -Wall -Wextra -DNVM_PORT_TMO=37 -Wall -Wextra   -Os  -c -o fuzz_main.o ../fuzz_main.cpp
g++ -Os  -I.  -MMD -I<pinned-simulator-root>/usr/share/verilator/include -I<pinned-simulator-root>/usr/share/verilator/include/vltstd -DVERILATOR=1 -DVM_COVERAGE=0 -DVM_SC=0 -DVM_TIMING=0 -DVM_TRACE=0 -DVM_TRACE_FST=0 -DVM_TRACE_VCD=0 -DVM_TRACE_SAIF=0 -DVM_VPI=0 -faligned-new -fcf-protection=none -Wno-bool-operation -Wno-int-in-bool-context -Wno-shadow -Wno-sign-compare -Wno-subobject-linkage -Wno-tautological-compare -Wno-uninitialized -Wno-unused-but-set-parameter -Wno-unused-but-set-variable -Wno-unused-parameter -Wno-unused-variable    -std=c++17 -O2 -I$REVIEWS/ppP1-r444-2-packet/scratch/head2/tb/nvm_port -Wall -Wextra -DNVM_PORT_TMO=37 -Wall -Wextra   -c -o verilated.o <pinned-simulator-root>/usr/share/verilator/include/verilated.cpp
g++ -Os  -I.  -MMD -I<pinned-simulator-root>/usr/share/verilator/include -I<pinned-simulator-root>/usr/share/verilator/include/vltstd -DVERILATOR=1 -DVM_COVERAGE=0 -DVM_SC=0 -DVM_TIMING=0 -DVM_TRACE=0 -DVM_TRACE_FST=0 -DVM_TRACE_VCD=0 -DVM_TRACE_SAIF=0 -DVM_VPI=0 -faligned-new -fcf-protection=none -Wno-bool-operation -Wno-int-in-bool-context -Wno-shadow -Wno-sign-compare -Wno-subobject-linkage -Wno-tautological-compare -Wno-uninitialized -Wno-unused-but-set-parameter -Wno-unused-but-set-variable -Wno-unused-parameter -Wno-unused-variable    -std=c++17 -O2 -I$REVIEWS/ppP1-r444-2-packet/scratch/head2/tb/nvm_port -Wall -Wextra -DNVM_PORT_TMO=37 -Wall -Wextra   -c -o verilated_threads.o <pinned-simulator-root>/usr/share/verilator/include/verilated_threads.cpp
python3 <pinned-simulator-root>/usr/share/verilator/bin/verilator_includer -DVL_INCLUDE_OPT=include VKL_pp_nvm_port.cpp VKL_pp_nvm_port___024root__0.cpp VKL_pp_nvm_port___024root__Slow.cpp VKL_pp_nvm_port___024root__0__Slow.cpp VKL_pp_nvm_port__Syms__Slow.cpp > VKL_pp_nvm_port__ALL.cpp
g++ -Os  -I.  -MMD -I<pinned-simulator-root>/usr/share/verilator/include -I<pinned-simulator-root>/usr/share/verilator/include/vltstd -DVERILATOR=1 -DVM_COVERAGE=0 -DVM_SC=0 -DVM_TIMING=0 -DVM_TRACE=0 -DVM_TRACE_FST=0 -DVM_TRACE_VCD=0 -DVM_TRACE_SAIF=0 -DVM_VPI=0 -faligned-new -fcf-protection=none -Wno-bool-operation -Wno-int-in-bool-context -Wno-shadow -Wno-sign-compare -Wno-subobject-linkage -Wno-tautological-compare -Wno-uninitialized -Wno-unused-but-set-parameter -Wno-unused-but-set-variable -Wno-unused-parameter -Wno-unused-variable    -std=c++17 -O2 -I$REVIEWS/ppP1-r444-2-packet/scratch/head2/tb/nvm_port -Wall -Wextra -DNVM_PORT_TMO=37 -Wall -Wextra   -c -o VKL_pp_nvm_port__ALL.o VKL_pp_nvm_port__ALL.cpp
g++    fuzz_main.o verilated.o verilated_threads.o VKL_pp_nvm_port__ALL.a    -pthread -lpthread -latomic   -o Vnvm_port_fuzz
rm VKL_pp_nvm_port__ALL.verilator_deplist.tmp
make[1]: Leaving directory '$REVIEWS/ppP1-r444-2-packet/scratch/head2/tb/nvm_port/obj_fz37'
- V e r i l a t i o n   R e p o r t: Verilator 5.050 2026-07-01 rev v5.050
- Verilator: Built from 0.062 MB sources in 2 modules, into 0.096 MB in 5 C++ files needing 0.000 MB
- Verilator: Walltime 5.610 s (elab=0.002, cvt=0.015, bld=5.584); cpu 0.028 s on 3 threads; allocated 345.457 MB
fuzz: MEM_TIMEOUT_CYC_P = 37, seeds 11 to 13, 600 operations per mode and seed
fuzz: the largest payload the port accepts, asked of it: 65527 bytes
PASS: FZ1 every operation of a legal device answered exactly once, busy low at the pulse (0 of 1800 operations broke it)
PASS: FZ2 no DEADLINE against a device that presented every owed event within the bound (0 of 1800 operations broke it)
PASS: FZ3 an err only where the device erred, and named DEVICE (0 of 1800 operations broke it)
PASS: FZ4 every commit and restore answered done is byte-exact (0 of 1721 operations broke it)
PASS: FZ5 a device silent at one owed event ends the operation in one err DEADLINE, never done (0 of 1800 operations broke it)
PASS: FZ6 ...on exactly the (TMO + 1)-th owed cycle since the device's last event (0 of 1800 operations broke it)
PASS: FZ7 a request behind an abandoned command is served if the device ends it within the bound, DEADLINE if not (0 of 1208 operations broke it)
PASS: FZ8 both of FZ7's branches were taken (448 served, 760 DEADLINE)
PASS: FZ9 a request behind a READ whose device presents bytes past its length ends DEADLINE, the port taking only the bytes the READ owed (0 of 741 operations broke it)
PASS: FZ10 the abandonments reached every branch of what a READ owes: babble's at header bytes, payload bytes and terminals, and resume served requests behind READs owing 256 bytes or more and behind one owing the largest payload the port accepts, 65527 bytes, each seed (268, 416 and 57; 95, and 3 of 3)
10 checks: 10 PASS, 0 FAIL
1219 checks: 1219 PASS, 0 FAIL
