Note: Google Test filter = SrpRetry.RefusedMixedPayloadRetriesWithoutPeerRetransmission
[==========] Running 1 test from 1 test suite.
[----------] Global test environment set-up.
[----------] 1 test from SrpRetry
[ RUN      ] SrpRetry.RefusedMixedPayloadRetriesWithoutPeerRetransmission
$SOURCE/sw/firmware/ctrl/test/srp_rx_retry.cpp:32: Failure
Expected equality of these values:
  adapter.pending_rx.len
    Which is: 0
  f.size()
    Which is: 48

  [FAIL] SrpRetry.RefusedMixedPayloadRetriesWithoutPeerRetransmission:     Which is: 48
unknown file: Failure

Unexpected mock function call - returning directly.
    Function call: Change(1, 0, false)
Google Mock tried the following 1 expectation, but it didn't match:

$SOURCE/sw/firmware/ctrl/test/srp_rx_retry.cpp:28: EXPECT_CALL(licence, Change(i,0,true))...
  Expected arg #2: is equal to true
           Actual: false
         Expected: to be called once
           Actual: called once - saturated and active

  [FAIL] SrpRetry.RefusedMixedPayloadRetriesWithoutPeerRetransmission:            Actual: called once - saturated and active
[  FAILED  ] SrpRetry.RefusedMixedPayloadRetriesWithoutPeerRetransmission (0 ms)
[----------] 1 test from SrpRetry (0 ms total)

[----------] Global test environment tear-down
[==========] 1 test from 1 test suite ran. (0 ms total)
[  PASSED  ] 0 tests.
[  FAILED  ] 1 test, listed below:
[  FAILED  ] SrpRetry.RefusedMixedPayloadRetriesWithoutPeerRetransmission

 1 FAILED TEST
== ctrl SRP receive recovery: checks: 1   failures: 1 ==
RESULT: FAIL
  verdict: FAIL (its tallies report 1 failure(s) across 1 checks, exit 1)