Note: Google Test filter = *.codec_erased_loaded_prefix:*.codec_erased_loaded_prefix/*
[==========] Running 1 test from 1 test suite.
[----------] Global test environment set-up.
[----------] 1 test from NvmCodec
[ RUN      ] NvmCodec.codec_erased_loaded_prefix

  [FAIL] NvmCodec.codec_erased_loaded_prefix: crashed on signal 6
== NVM erased prefixes under AddressSanitizer: checks: 1   failures: 1 ==
RESULT: FAIL
=================================================================
==1654973==ERROR: AddressSanitizer: heap-buffer-overflow on address 0x7bfc4a1e0700 at pc 0x000000403bd5 bp 0x7fff206cf2d0 sp 0x7fff206cf2c0
READ of size 1 at 0x7bfc4a1e0700 thread T0
    #0 0x000000403bd4 in nvm_all_erased <scratch>/asan-witness/tree/nvm_klj2.c:115
    #1 0x000000404833 in nvm_klj2_record <scratch>/asan-witness/tree/nvm_klj2.c:301
    #2 0x000000404833 in nvm_klj2_check_body <scratch>/asan-witness/tree/nvm_klj2.c:355
    #3 0x00000040573a in NvmCodec_codec_erased_loaded_prefix_Test::TestBody() sw/firmware/ctrl_nvm/test/test_nvm_prefix.cpp:25
    #4 0x7fbc4b7deec6  (/usr/lib/libgtest.so.1.18.0+0x59ec6) (BuildId: ed9602e3781ce027b0f91d145abf3eece6433384)
    #5 0x7fbc4b7ca347 in testing::Test::Run() (/usr/lib/libgtest.so.1.18.0+0x45347) (BuildId: ed9602e3781ce027b0f91d145abf3eece6433384)
    #6 0x7fbc4b7ca556 in testing::TestInfo::Run() (/usr/lib/libgtest.so.1.18.0+0x45556) (BuildId: ed9602e3781ce027b0f91d145abf3eece6433384)
    #7 0x7fbc4b7ca773 in testing::TestSuite::Run() (/usr/lib/libgtest.so.1.18.0+0x45773) (BuildId: ed9602e3781ce027b0f91d145abf3eece6433384)
    #8 0x7fbc4b7d6ef7 in testing::internal::UnitTestImpl::RunAllTests() (/usr/lib/libgtest.so.1.18.0+0x51ef7) (BuildId: ed9602e3781ce027b0f91d145abf3eece6433384)
    #9 0x7fbc4b7d7800 in testing::UnitTest::Run() (/usr/lib/libgtest.so.1.18.0+0x52800) (BuildId: ed9602e3781ce027b0f91d145abf3eece6433384)
    #10 0x000000409898 in RUN_ALL_TESTS() /usr/include/gtest/gtest.h:2344
    #11 0x000000409898 in main sw/firmware/gtest/fw_gtest_main.cpp:199
    #12 0x7fbc4b027780  (/usr/lib/libc.so.6+0x27780) (BuildId: d320029ad1a23be2f4bce117fd321cbd23a2014b)
    #13 0x7fbc4b0278b8 in __libc_start_main (/usr/lib/libc.so.6+0x278b8) (BuildId: d320029ad1a23be2f4bce117fd321cbd23a2014b)
    #14 0x000000403564 in _start (<scratch>/asan-witness/build/prefix/nvm_prefix+0x403564) (BuildId: 997fa79279dc6c6df612ca83e37287a867e80ddb)

0x7bfc4a1e0700 is located 0 bytes after 48-byte region [0x7bfc4a1e06d0,0x7bfc4a1e0700)
allocated by thread T0 here:
    #0 0x7fbc4b92d431 in operator new[](unsigned long) (/usr/lib/libasan.so.8+0x12d431) (BuildId: b8a4241051a1621937fdc46e867ba7ecb56d96ea)
    #1 0x000000405b2d in std::__detail::_MakeUniq<unsigned char []>::__array std::make_unique<unsigned char []>(unsigned long) /usr/include/c++/16/bits/unique_ptr.h:1120
    #2 0x000000405b2d in NvmCodec_codec_erased_loaded_prefix_Test::TestBody() sw/firmware/ctrl_nvm/test/test_nvm_prefix.cpp:23
    #3 0x7fbc4b7deec6  (/usr/lib/libgtest.so.1.18.0+0x59ec6) (BuildId: ed9602e3781ce027b0f91d145abf3eece6433384)
    #4 0x7fbc4b7ca347 in testing::Test::Run() (/usr/lib/libgtest.so.1.18.0+0x45347) (BuildId: ed9602e3781ce027b0f91d145abf3eece6433384)
    #5 0x7fbc4b7ca556 in testing::TestInfo::Run() (/usr/lib/libgtest.so.1.18.0+0x45556) (BuildId: ed9602e3781ce027b0f91d145abf3eece6433384)
    #6 0x7fbc4b7ca773 in testing::TestSuite::Run() (/usr/lib/libgtest.so.1.18.0+0x45773) (BuildId: ed9602e3781ce027b0f91d145abf3eece6433384)
    #7 0x7fbc4b7d6ef7 in testing::internal::UnitTestImpl::RunAllTests() (/usr/lib/libgtest.so.1.18.0+0x51ef7) (BuildId: ed9602e3781ce027b0f91d145abf3eece6433384)
    #8 0x7fbc4b7d7800 in testing::UnitTest::Run() (/usr/lib/libgtest.so.1.18.0+0x52800) (BuildId: ed9602e3781ce027b0f91d145abf3eece6433384)
    #9 0x000000409898 in RUN_ALL_TESTS() /usr/include/gtest/gtest.h:2344
    #10 0x000000409898 in main sw/firmware/gtest/fw_gtest_main.cpp:199
    #11 0x7fbc4b027780  (/usr/lib/libc.so.6+0x27780) (BuildId: d320029ad1a23be2f4bce117fd321cbd23a2014b)
    #12 0x7fbc4b0278b8 in __libc_start_main (/usr/lib/libc.so.6+0x278b8) (BuildId: d320029ad1a23be2f4bce117fd321cbd23a2014b)
    #13 0x000000403564 in _start (<scratch>/asan-witness/build/prefix/nvm_prefix+0x403564) (BuildId: 997fa79279dc6c6df612ca83e37287a867e80ddb)

SUMMARY: AddressSanitizer: heap-buffer-overflow <scratch>/asan-witness/tree/nvm_klj2.c:115 in nvm_all_erased
Shadow bytes around the buggy address:
  0x7bfc4a1e0480: fa fa fd fd fd fd fd fd fa fa fd fd fd fd fd fd
  0x7bfc4a1e0500: fa fa fd fd fd fd fd fd fa fa fd fd fd fd fd fd
  0x7bfc4a1e0580: fa fa 00 00 00 00 00 fa fa fa fd fd fd fd fd fa
  0x7bfc4a1e0600: fa fa fd fd fd fd fd fa fa fa fd fd fd fd fd fa
  0x7bfc4a1e0680: fa fa fd fd fd fd fd fd fa fa 00 00 00 00 00 00
=>0x7bfc4a1e0700:[fa]fa fa fa fa fa fa fa fa fa fa fa fa fa fa fa
  0x7bfc4a1e0780: fa fa fa fa fa fa fa fa fa fa fa fa fa fa fa fa
  0x7bfc4a1e0800: fa fa fa fa fa fa fa fa fa fa fa fa fa fa fa fa
  0x7bfc4a1e0880: fa fa fa fa fa fa fa fa fa fa fa fa fa fa fa fa
  0x7bfc4a1e0900: fa fa fa fa fa fa fa fa fa fa fa fa fa fa fa fa
  0x7bfc4a1e0980: fa fa fa fa fa fa fa fa fa fa fa fa fa fa fa fa
Shadow byte legend (one shadow byte represents 8 application bytes):
  Addressable:           00
  Partially addressable: 01 02 03 04 05 06 07 
  Heap left redzone:       fa
  Freed heap region:       fd
  Stack left redzone:      f1
  Stack mid redzone:       f2
  Stack right redzone:     f3
  Stack after return:      f5
  Stack use after scope:   f8
  Global redzone:          f9
  Global init order:       f6
  Poisoned by user:        f7
  Container overflow:      fc
  Array cookie:            ac
  Intra object redzone:    bb
  ASan internal:           fe
  Left alloca redzone:     ca
  Right alloca redzone:    cb
==1654973==ABORTING
  verdict: FAIL (its tallies report 1 failure(s) across 1 checks, exit -6)
witness: restored end bound reads past the exact-sized loaded buffer; named test fails
