$ /usr/bin/python3 -B test_gen_desc_image.py BodyKeyTest.test_legal_fields  (cwd mut-M9-cli-writes-before-build/tb/desc_store)
test_legal_fields (__main__.BodyKeyTest.test_legal_fields)
Matching field bodies are accepted unchanged by build and CLI. ... ok

----------------------------------------------------------------------
Ran 1 test in 0.196s

OK
rc=0

$ /usr/bin/python3 -B test_gen_desc_image.py BodyKeyTest.test_legal_bytes  (cwd mut-M9-cli-writes-before-build/tb/desc_store)
test_legal_bytes (__main__.BodyKeyTest.test_legal_bytes)
Matching literal byte bodies are accepted unchanged by build and CLI. ... ok

----------------------------------------------------------------------
Ran 1 test in 0.180s

OK
rc=0

$ /usr/bin/python3 -B test_gen_desc_image.py BodyKeyTest.test_type_mismatch_fields  (cwd mut-M9-cli-writes-before-build/tb/desc_store)
test_type_mismatch_fields (__main__.BodyKeyTest.test_type_mismatch_fields)
A type-only mismatch in fields is refused by build and CLI. ... 
  test_type_mismatch_fields (__main__.BodyKeyTest.test_type_mismatch_fields) (key='AUDIO_CLUSTER')
A type-only mismatch in fields is refused by build and CLI. ... FAIL
  test_type_mismatch_fields (__main__.BodyKeyTest.test_type_mismatch_fields) (key=20)
A type-only mismatch in fields is refused by build and CLI. ... FAIL
  test_type_mismatch_fields (__main__.BodyKeyTest.test_type_mismatch_fields) (key='0x0014')
A type-only mismatch in fields is refused by build and CLI. ... FAIL
  test_type_mismatch_fields (__main__.BodyKeyTest.test_type_mismatch_fields) (key=4660)
A type-only mismatch in fields is refused by build and CLI. ... FAIL

======================================================================
FAIL: test_type_mismatch_fields (__main__.BodyKeyTest.test_type_mismatch_fields) (key='AUDIO_CLUSTER')
A type-only mismatch in fields is refused by build and CLI.
----------------------------------------------------------------------
Traceback (most recent call last):
  File "$REVIEWS/pp123-r336-2-packet/scratch/mut-M9-cli-writes-before-build/tb/desc_store/test_gen_desc_image.py", line 106, in refused
    self.assertFalse((directory / "image.bin").exists())
    ~~~~~~~~~~~~~~~~^^^^^^^^^^^^^^^^^^^^^^^^^^^^^^^^^^^^
AssertionError: True is not false

======================================================================
FAIL: test_type_mismatch_fields (__main__.BodyKeyTest.test_type_mismatch_fields) (key=20)
A type-only mismatch in fields is refused by build and CLI.
----------------------------------------------------------------------
Traceback (most recent call last):
  File "$REVIEWS/pp123-r336-2-packet/scratch/mut-M9-cli-writes-before-build/tb/desc_store/test_gen_desc_image.py", line 106, in refused
    self.assertFalse((directory / "image.bin").exists())
    ~~~~~~~~~~~~~~~~^^^^^^^^^^^^^^^^^^^^^^^^^^^^^^^^^^^^
AssertionError: True is not false

======================================================================
FAIL: test_type_mismatch_fields (__main__.BodyKeyTest.test_type_mismatch_fields) (key='0x0014')
A type-only mismatch in fields is refused by build and CLI.
----------------------------------------------------------------------
Traceback (most recent call last):
  File "$REVIEWS/pp123-r336-2-packet/scratch/mut-M9-cli-writes-before-build/tb/desc_store/test_gen_desc_image.py", line 106, in refused
    self.assertFalse((directory / "image.bin").exists())
    ~~~~~~~~~~~~~~~~^^^^^^^^^^^^^^^^^^^^^^^^^^^^^^^^^^^^
AssertionError: True is not false

======================================================================
FAIL: test_type_mismatch_fields (__main__.BodyKeyTest.test_type_mismatch_fields) (key=4660)
A type-only mismatch in fields is refused by build and CLI.
----------------------------------------------------------------------
Traceback (most recent call last):
  File "$REVIEWS/pp123-r336-2-packet/scratch/mut-M9-cli-writes-before-build/tb/desc_store/test_gen_desc_image.py", line 106, in refused
    self.assertFalse((directory / "image.bin").exists())
    ~~~~~~~~~~~~~~~~^^^^^^^^^^^^^^^^^^^^^^^^^^^^^^^^^^^^
AssertionError: True is not false

----------------------------------------------------------------------
Ran 1 test in 0.182s

FAILED (failures=4)
rc=1

$ /usr/bin/python3 -B test_gen_desc_image.py BodyKeyTest.test_type_mismatch_bytes  (cwd mut-M9-cli-writes-before-build/tb/desc_store)
test_type_mismatch_bytes (__main__.BodyKeyTest.test_type_mismatch_bytes)
A type-only mismatch in literal bytes is refused by build and CLI. ... 
  test_type_mismatch_bytes (__main__.BodyKeyTest.test_type_mismatch_bytes) (key='AUDIO_CLUSTER')
A type-only mismatch in literal bytes is refused by build and CLI. ... FAIL
  test_type_mismatch_bytes (__main__.BodyKeyTest.test_type_mismatch_bytes) (key=20)
A type-only mismatch in literal bytes is refused by build and CLI. ... FAIL
  test_type_mismatch_bytes (__main__.BodyKeyTest.test_type_mismatch_bytes) (key='0x0014')
A type-only mismatch in literal bytes is refused by build and CLI. ... FAIL
  test_type_mismatch_bytes (__main__.BodyKeyTest.test_type_mismatch_bytes) (key=4660)
A type-only mismatch in literal bytes is refused by build and CLI. ... FAIL

======================================================================
FAIL: test_type_mismatch_bytes (__main__.BodyKeyTest.test_type_mismatch_bytes) (key='AUDIO_CLUSTER')
A type-only mismatch in literal bytes is refused by build and CLI.
----------------------------------------------------------------------
Traceback (most recent call last):
  File "$REVIEWS/pp123-r336-2-packet/scratch/mut-M9-cli-writes-before-build/tb/desc_store/test_gen_desc_image.py", line 106, in refused
    self.assertFalse((directory / "image.bin").exists())
    ~~~~~~~~~~~~~~~~^^^^^^^^^^^^^^^^^^^^^^^^^^^^^^^^^^^^
AssertionError: True is not false

======================================================================
FAIL: test_type_mismatch_bytes (__main__.BodyKeyTest.test_type_mismatch_bytes) (key=20)
A type-only mismatch in literal bytes is refused by build and CLI.
----------------------------------------------------------------------
Traceback (most recent call last):
  File "$REVIEWS/pp123-r336-2-packet/scratch/mut-M9-cli-writes-before-build/tb/desc_store/test_gen_desc_image.py", line 106, in refused
    self.assertFalse((directory / "image.bin").exists())
    ~~~~~~~~~~~~~~~~^^^^^^^^^^^^^^^^^^^^^^^^^^^^^^^^^^^^
AssertionError: True is not false

======================================================================
FAIL: test_type_mismatch_bytes (__main__.BodyKeyTest.test_type_mismatch_bytes) (key='0x0014')
A type-only mismatch in literal bytes is refused by build and CLI.
----------------------------------------------------------------------
Traceback (most recent call last):
  File "$REVIEWS/pp123-r336-2-packet/scratch/mut-M9-cli-writes-before-build/tb/desc_store/test_gen_desc_image.py", line 106, in refused
    self.assertFalse((directory / "image.bin").exists())
    ~~~~~~~~~~~~~~~~^^^^^^^^^^^^^^^^^^^^^^^^^^^^^^^^^^^^
AssertionError: True is not false

======================================================================
FAIL: test_type_mismatch_bytes (__main__.BodyKeyTest.test_type_mismatch_bytes) (key=4660)
A type-only mismatch in literal bytes is refused by build and CLI.
----------------------------------------------------------------------
Traceback (most recent call last):
  File "$REVIEWS/pp123-r336-2-packet/scratch/mut-M9-cli-writes-before-build/tb/desc_store/test_gen_desc_image.py", line 106, in refused
    self.assertFalse((directory / "image.bin").exists())
    ~~~~~~~~~~~~~~~~^^^^^^^^^^^^^^^^^^^^^^^^^^^^^^^^^^^^
AssertionError: True is not false

----------------------------------------------------------------------
Ran 1 test in 0.183s

FAILED (failures=4)
rc=1

$ /usr/bin/python3 -B test_gen_desc_image.py BodyKeyTest.test_index_mismatch_fields  (cwd mut-M9-cli-writes-before-build/tb/desc_store)
test_index_mismatch_fields (__main__.BodyKeyTest.test_index_mismatch_fields)
An index-only mismatch in fields is refused by build and CLI. ... 
  test_index_mismatch_fields (__main__.BodyKeyTest.test_index_mismatch_fields) (key='AUDIO_CLUSTER')
An index-only mismatch in fields is refused by build and CLI. ... FAIL
  test_index_mismatch_fields (__main__.BodyKeyTest.test_index_mismatch_fields) (key=20)
An index-only mismatch in fields is refused by build and CLI. ... FAIL
  test_index_mismatch_fields (__main__.BodyKeyTest.test_index_mismatch_fields) (key='0x0014')
An index-only mismatch in fields is refused by build and CLI. ... FAIL
  test_index_mismatch_fields (__main__.BodyKeyTest.test_index_mismatch_fields) (key=4660)
An index-only mismatch in fields is refused by build and CLI. ... FAIL

======================================================================
FAIL: test_index_mismatch_fields (__main__.BodyKeyTest.test_index_mismatch_fields) (key='AUDIO_CLUSTER')
An index-only mismatch in fields is refused by build and CLI.
----------------------------------------------------------------------
Traceback (most recent call last):
  File "$REVIEWS/pp123-r336-2-packet/scratch/mut-M9-cli-writes-before-build/tb/desc_store/test_gen_desc_image.py", line 106, in refused
    self.assertFalse((directory / "image.bin").exists())
    ~~~~~~~~~~~~~~~~^^^^^^^^^^^^^^^^^^^^^^^^^^^^^^^^^^^^
AssertionError: True is not false

======================================================================
FAIL: test_index_mismatch_fields (__main__.BodyKeyTest.test_index_mismatch_fields) (key=20)
An index-only mismatch in fields is refused by build and CLI.
----------------------------------------------------------------------
Traceback (most recent call last):
  File "$REVIEWS/pp123-r336-2-packet/scratch/mut-M9-cli-writes-before-build/tb/desc_store/test_gen_desc_image.py", line 106, in refused
    self.assertFalse((directory / "image.bin").exists())
    ~~~~~~~~~~~~~~~~^^^^^^^^^^^^^^^^^^^^^^^^^^^^^^^^^^^^
AssertionError: True is not false

======================================================================
FAIL: test_index_mismatch_fields (__main__.BodyKeyTest.test_index_mismatch_fields) (key='0x0014')
An index-only mismatch in fields is refused by build and CLI.
----------------------------------------------------------------------
Traceback (most recent call last):
  File "$REVIEWS/pp123-r336-2-packet/scratch/mut-M9-cli-writes-before-build/tb/desc_store/test_gen_desc_image.py", line 106, in refused
    self.assertFalse((directory / "image.bin").exists())
    ~~~~~~~~~~~~~~~~^^^^^^^^^^^^^^^^^^^^^^^^^^^^^^^^^^^^
AssertionError: True is not false

======================================================================
FAIL: test_index_mismatch_fields (__main__.BodyKeyTest.test_index_mismatch_fields) (key=4660)
An index-only mismatch in fields is refused by build and CLI.
----------------------------------------------------------------------
Traceback (most recent call last):
  File "$REVIEWS/pp123-r336-2-packet/scratch/mut-M9-cli-writes-before-build/tb/desc_store/test_gen_desc_image.py", line 106, in refused
    self.assertFalse((directory / "image.bin").exists())
    ~~~~~~~~~~~~~~~~^^^^^^^^^^^^^^^^^^^^^^^^^^^^^^^^^^^^
AssertionError: True is not false

----------------------------------------------------------------------
Ran 1 test in 0.182s

FAILED (failures=4)
rc=1

$ /usr/bin/python3 -B test_gen_desc_image.py BodyKeyTest.test_index_mismatch_bytes  (cwd mut-M9-cli-writes-before-build/tb/desc_store)
test_index_mismatch_bytes (__main__.BodyKeyTest.test_index_mismatch_bytes)
An index-only mismatch in literal bytes is refused by build and CLI. ... 
  test_index_mismatch_bytes (__main__.BodyKeyTest.test_index_mismatch_bytes) (key='AUDIO_CLUSTER')
An index-only mismatch in literal bytes is refused by build and CLI. ... FAIL
  test_index_mismatch_bytes (__main__.BodyKeyTest.test_index_mismatch_bytes) (key=20)
An index-only mismatch in literal bytes is refused by build and CLI. ... FAIL
  test_index_mismatch_bytes (__main__.BodyKeyTest.test_index_mismatch_bytes) (key='0x0014')
An index-only mismatch in literal bytes is refused by build and CLI. ... FAIL
  test_index_mismatch_bytes (__main__.BodyKeyTest.test_index_mismatch_bytes) (key=4660)
An index-only mismatch in literal bytes is refused by build and CLI. ... FAIL

======================================================================
FAIL: test_index_mismatch_bytes (__main__.BodyKeyTest.test_index_mismatch_bytes) (key='AUDIO_CLUSTER')
An index-only mismatch in literal bytes is refused by build and CLI.
----------------------------------------------------------------------
Traceback (most recent call last):
  File "$REVIEWS/pp123-r336-2-packet/scratch/mut-M9-cli-writes-before-build/tb/desc_store/test_gen_desc_image.py", line 106, in refused
    self.assertFalse((directory / "image.bin").exists())
    ~~~~~~~~~~~~~~~~^^^^^^^^^^^^^^^^^^^^^^^^^^^^^^^^^^^^
AssertionError: True is not false

======================================================================
FAIL: test_index_mismatch_bytes (__main__.BodyKeyTest.test_index_mismatch_bytes) (key=20)
An index-only mismatch in literal bytes is refused by build and CLI.
----------------------------------------------------------------------
Traceback (most recent call last):
  File "$REVIEWS/pp123-r336-2-packet/scratch/mut-M9-cli-writes-before-build/tb/desc_store/test_gen_desc_image.py", line 106, in refused
    self.assertFalse((directory / "image.bin").exists())
    ~~~~~~~~~~~~~~~~^^^^^^^^^^^^^^^^^^^^^^^^^^^^^^^^^^^^
AssertionError: True is not false

======================================================================
FAIL: test_index_mismatch_bytes (__main__.BodyKeyTest.test_index_mismatch_bytes) (key='0x0014')
An index-only mismatch in literal bytes is refused by build and CLI.
----------------------------------------------------------------------
Traceback (most recent call last):
  File "$REVIEWS/pp123-r336-2-packet/scratch/mut-M9-cli-writes-before-build/tb/desc_store/test_gen_desc_image.py", line 106, in refused
    self.assertFalse((directory / "image.bin").exists())
    ~~~~~~~~~~~~~~~~^^^^^^^^^^^^^^^^^^^^^^^^^^^^^^^^^^^^
AssertionError: True is not false

======================================================================
FAIL: test_index_mismatch_bytes (__main__.BodyKeyTest.test_index_mismatch_bytes) (key=4660)
An index-only mismatch in literal bytes is refused by build and CLI.
----------------------------------------------------------------------
Traceback (most recent call last):
  File "$REVIEWS/pp123-r336-2-packet/scratch/mut-M9-cli-writes-before-build/tb/desc_store/test_gen_desc_image.py", line 106, in refused
    self.assertFalse((directory / "image.bin").exists())
    ~~~~~~~~~~~~~~~~^^^^^^^^^^^^^^^^^^^^^^^^^^^^^^^^^^^^
AssertionError: True is not false

----------------------------------------------------------------------
Ran 1 test in 0.186s

FAILED (failures=4)
rc=1

$ make generator-check  (cwd mut-M9-cli-writes-before-build/tb/desc_store)
python3 -B test_gen_desc_image.py
test_index_mismatch_bytes (__main__.BodyKeyTest.test_index_mismatch_bytes)
An index-only mismatch in literal bytes is refused by build and CLI. ... 
  test_index_mismatch_bytes (__main__.BodyKeyTest.test_index_mismatch_bytes) (key='AUDIO_CLUSTER')
An index-only mismatch in literal bytes is refused by build and CLI. ... FAIL
  test_index_mismatch_bytes (__main__.BodyKeyTest.test_index_mismatch_bytes) (key=20)
An index-only mismatch in literal bytes is refused by build and CLI. ... FAIL
  test_index_mismatch_bytes (__main__.BodyKeyTest.test_index_mismatch_bytes) (key='0x0014')
An index-only mismatch in literal bytes is refused by build and CLI. ... FAIL
  test_index_mismatch_bytes (__main__.BodyKeyTest.test_index_mismatch_bytes) (key=4660)
An index-only mismatch in literal bytes is refused by build and CLI. ... FAIL
test_index_mismatch_fields (__main__.BodyKeyTest.test_index_mismatch_fields)
An index-only mismatch in fields is refused by build and CLI. ... 
  test_index_mismatch_fields (__main__.BodyKeyTest.test_index_mismatch_fields) (key='AUDIO_CLUSTER')
An index-only mismatch in fields is refused by build and CLI. ... FAIL
  test_index_mismatch_fields (__main__.BodyKeyTest.test_index_mismatch_fields) (key=20)
An index-only mismatch in fields is refused by build and CLI. ... FAIL
  test_index_mismatch_fields (__main__.BodyKeyTest.test_index_mismatch_fields) (key='0x0014')
An index-only mismatch in fields is refused by build and CLI. ... FAIL
  test_index_mismatch_fields (__main__.BodyKeyTest.test_index_mismatch_fields) (key=4660)
An index-only mismatch in fields is refused by build and CLI. ... FAIL
test_legal_bytes (__main__.BodyKeyTest.test_legal_bytes)
Matching literal byte bodies are accepted unchanged by build and CLI. ... ok
test_legal_fields (__main__.BodyKeyTest.test_legal_fields)
Matching field bodies are accepted unchanged by build and CLI. ... ok
test_type_mismatch_bytes (__main__.BodyKeyTest.test_type_mismatch_bytes)
A type-only mismatch in literal bytes is refused by build and CLI. ... 
  test_type_mismatch_bytes (__main__.BodyKeyTest.test_type_mismatch_bytes) (key='AUDIO_CLUSTER')
A type-only mismatch in literal bytes is refused by build and CLI. ... FAIL
  test_type_mismatch_bytes (__main__.BodyKeyTest.test_type_mismatch_bytes) (key=20)
A type-only mismatch in literal bytes is refused by build and CLI. ... FAIL
  test_type_mismatch_bytes (__main__.BodyKeyTest.test_type_mismatch_bytes) (key='0x0014')
A type-only mismatch in literal bytes is refused by build and CLI. ... FAIL
  test_type_mismatch_bytes (__main__.BodyKeyTest.test_type_mismatch_bytes) (key=4660)
A type-only mismatch in literal bytes is refused by build and CLI. ... FAIL
test_type_mismatch_fields (__main__.BodyKeyTest.test_type_mismatch_fields)
A type-only mismatch in fields is refused by build and CLI. ... 
  test_type_mismatch_fields (__main__.BodyKeyTest.test_type_mismatch_fields) (key='AUDIO_CLUSTER')
A type-only mismatch in fields is refused by build and CLI. ... FAIL
  test_type_mismatch_fields (__main__.BodyKeyTest.test_type_mismatch_fields) (key=20)
A type-only mismatch in fields is refused by build and CLI. ... FAIL
  test_type_mismatch_fields (__main__.BodyKeyTest.test_type_mismatch_fields) (key='0x0014')
A type-only mismatch in fields is refused by build and CLI. ... FAIL
  test_type_mismatch_fields (__main__.BodyKeyTest.test_type_mismatch_fields) (key=4660)
A type-only mismatch in fields is refused by build and CLI. ... FAIL

======================================================================
FAIL: test_index_mismatch_bytes (__main__.BodyKeyTest.test_index_mismatch_bytes) (key='AUDIO_CLUSTER')
An index-only mismatch in literal bytes is refused by build and CLI.
----------------------------------------------------------------------
Traceback (most recent call last):
  File "$REVIEWS/pp123-r336-2-packet/scratch/mut-M9-cli-writes-before-build/tb/desc_store/test_gen_desc_image.py", line 106, in refused
    self.assertFalse((directory / "image.bin").exists())
    ~~~~~~~~~~~~~~~~^^^^^^^^^^^^^^^^^^^^^^^^^^^^^^^^^^^^
AssertionError: True is not false

======================================================================
FAIL: test_index_mismatch_bytes (__main__.BodyKeyTest.test_index_mismatch_bytes) (key=20)
An index-only mismatch in literal bytes is refused by build and CLI.
----------------------------------------------------------------------
Traceback (most recent call last):
  File "$REVIEWS/pp123-r336-2-packet/scratch/mut-M9-cli-writes-before-build/tb/desc_store/test_gen_desc_image.py", line 106, in refused
    self.assertFalse((directory / "image.bin").exists())
    ~~~~~~~~~~~~~~~~^^^^^^^^^^^^^^^^^^^^^^^^^^^^^^^^^^^^
AssertionError: True is not false

======================================================================
FAIL: test_index_mismatch_bytes (__main__.BodyKeyTest.test_index_mismatch_bytes) (key='0x0014')
An index-only mismatch in literal bytes is refused by build and CLI.
----------------------------------------------------------------------
Traceback (most recent call last):
  File "$REVIEWS/pp123-r336-2-packet/scratch/mut-M9-cli-writes-before-build/tb/desc_store/test_gen_desc_image.py", line 106, in refused
    self.assertFalse((directory / "image.bin").exists())
    ~~~~~~~~~~~~~~~~^^^^^^^^^^^^^^^^^^^^^^^^^^^^^^^^^^^^
AssertionError: True is not false

======================================================================
FAIL: test_index_mismatch_bytes (__main__.BodyKeyTest.test_index_mismatch_bytes) (key=4660)
An index-only mismatch in literal bytes is refused by build and CLI.
----------------------------------------------------------------------
Traceback (most recent call last):
  File "$REVIEWS/pp123-r336-2-packet/scratch/mut-M9-cli-writes-before-build/tb/desc_store/test_gen_desc_image.py", line 106, in refused
    self.assertFalse((directory / "image.bin").exists())
    ~~~~~~~~~~~~~~~~^^^^^^^^^^^^^^^^^^^^^^^^^^^^^^^^^^^^
AssertionError: True is not false

======================================================================
FAIL: test_index_mismatch_fields (__main__.BodyKeyTest.test_index_mismatch_fields) (key='AUDIO_CLUSTER')
An index-only mismatch in fields is refused by build and CLI.
----------------------------------------------------------------------
Traceback (most recent call last):
  File "$REVIEWS/pp123-r336-2-packet/scratch/mut-M9-cli-writes-before-build/tb/desc_store/test_gen_desc_image.py", line 106, in refused
    self.assertFalse((directory / "image.bin").exists())
    ~~~~~~~~~~~~~~~~^^^^^^^^^^^^^^^^^^^^^^^^^^^^^^^^^^^^
AssertionError: True is not false

======================================================================
FAIL: test_index_mismatch_fields (__main__.BodyKeyTest.test_index_mismatch_fields) (key=20)
An index-only mismatch in fields is refused by build and CLI.
----------------------------------------------------------------------
Traceback (most recent call last):
  File "$REVIEWS/pp123-r336-2-packet/scratch/mut-M9-cli-writes-before-build/tb/desc_store/test_gen_desc_image.py", line 106, in refused
    self.assertFalse((directory / "image.bin").exists())
    ~~~~~~~~~~~~~~~~^^^^^^^^^^^^^^^^^^^^^^^^^^^^^^^^^^^^
AssertionError: True is not false

======================================================================
FAIL: test_index_mismatch_fields (__main__.BodyKeyTest.test_index_mismatch_fields) (key='0x0014')
An index-only mismatch in fields is refused by build and CLI.
----------------------------------------------------------------------
Traceback (most recent call last):
  File "$REVIEWS/pp123-r336-2-packet/scratch/mut-M9-cli-writes-before-build/tb/desc_store/test_gen_desc_image.py", line 106, in refused
    self.assertFalse((directory / "image.bin").exists())
    ~~~~~~~~~~~~~~~~^^^^^^^^^^^^^^^^^^^^^^^^^^^^^^^^^^^^
AssertionError: True is not false

======================================================================
FAIL: test_index_mismatch_fields (__main__.BodyKeyTest.test_index_mismatch_fields) (key=4660)
An index-only mismatch in fields is refused by build and CLI.
----------------------------------------------------------------------
Traceback (most recent call last):
  File "$REVIEWS/pp123-r336-2-packet/scratch/mut-M9-cli-writes-before-build/tb/desc_store/test_gen_desc_image.py", line 106, in refused
    self.assertFalse((directory / "image.bin").exists())
    ~~~~~~~~~~~~~~~~^^^^^^^^^^^^^^^^^^^^^^^^^^^^^^^^^^^^
AssertionError: True is not false

======================================================================
FAIL: test_type_mismatch_bytes (__main__.BodyKeyTest.test_type_mismatch_bytes) (key='AUDIO_CLUSTER')
A type-only mismatch in literal bytes is refused by build and CLI.
----------------------------------------------------------------------
Traceback (most recent call last):
  File "$REVIEWS/pp123-r336-2-packet/scratch/mut-M9-cli-writes-before-build/tb/desc_store/test_gen_desc_image.py", line 106, in refused
    self.assertFalse((directory / "image.bin").exists())
    ~~~~~~~~~~~~~~~~^^^^^^^^^^^^^^^^^^^^^^^^^^^^^^^^^^^^
AssertionError: True is not false

======================================================================
FAIL: test_type_mismatch_bytes (__main__.BodyKeyTest.test_type_mismatch_bytes) (key=20)
A type-only mismatch in literal bytes is refused by build and CLI.
----------------------------------------------------------------------
Traceback (most recent call last):
  File "$REVIEWS/pp123-r336-2-packet/scratch/mut-M9-cli-writes-before-build/tb/desc_store/test_gen_desc_image.py", line 106, in refused
    self.assertFalse((directory / "image.bin").exists())
    ~~~~~~~~~~~~~~~~^^^^^^^^^^^^^^^^^^^^^^^^^^^^^^^^^^^^
AssertionError: True is not false

======================================================================
FAIL: test_type_mismatch_bytes (__main__.BodyKeyTest.test_type_mismatch_bytes) (key='0x0014')
A type-only mismatch in literal bytes is refused by build and CLI.
----------------------------------------------------------------------
Traceback (most recent call last):
  File "$REVIEWS/pp123-r336-2-packet/scratch/mut-M9-cli-writes-before-build/tb/desc_store/test_gen_desc_image.py", line 106, in refused
    self.assertFalse((directory / "image.bin").exists())
    ~~~~~~~~~~~~~~~~^^^^^^^^^^^^^^^^^^^^^^^^^^^^^^^^^^^^
AssertionError: True is not false

======================================================================
FAIL: test_type_mismatch_bytes (__main__.BodyKeyTest.test_type_mismatch_bytes) (key=4660)
A type-only mismatch in literal bytes is refused by build and CLI.
----------------------------------------------------------------------
Traceback (most recent call last):
  File "$REVIEWS/pp123-r336-2-packet/scratch/mut-M9-cli-writes-before-build/tb/desc_store/test_gen_desc_image.py", line 106, in refused
    self.assertFalse((directory / "image.bin").exists())
    ~~~~~~~~~~~~~~~~^^^^^^^^^^^^^^^^^^^^^^^^^^^^^^^^^^^^
AssertionError: True is not false

======================================================================
FAIL: test_type_mismatch_fields (__main__.BodyKeyTest.test_type_mismatch_fields) (key='AUDIO_CLUSTER')
A type-only mismatch in fields is refused by build and CLI.
----------------------------------------------------------------------
Traceback (most recent call last):
  File "$REVIEWS/pp123-r336-2-packet/scratch/mut-M9-cli-writes-before-build/tb/desc_store/test_gen_desc_image.py", line 106, in refused
    self.assertFalse((directory / "image.bin").exists())
    ~~~~~~~~~~~~~~~~^^^^^^^^^^^^^^^^^^^^^^^^^^^^^^^^^^^^
AssertionError: True is not false

======================================================================
FAIL: test_type_mismatch_fields (__main__.BodyKeyTest.test_type_mismatch_fields) (key=20)
A type-only mismatch in fields is refused by build and CLI.
----------------------------------------------------------------------
Traceback (most recent call last):
  File "$REVIEWS/pp123-r336-2-packet/scratch/mut-M9-cli-writes-before-build/tb/desc_store/test_gen_desc_image.py", line 106, in refused
    self.assertFalse((directory / "image.bin").exists())
    ~~~~~~~~~~~~~~~~^^^^^^^^^^^^^^^^^^^^^^^^^^^^^^^^^^^^
AssertionError: True is not false

======================================================================
FAIL: test_type_mismatch_fields (__main__.BodyKeyTest.test_type_mismatch_fields) (key='0x0014')
A type-only mismatch in fields is refused by build and CLI.
----------------------------------------------------------------------
Traceback (most recent call last):
  File "$REVIEWS/pp123-r336-2-packet/scratch/mut-M9-cli-writes-before-build/tb/desc_store/test_gen_desc_image.py", line 106, in refused
    self.assertFalse((directory / "image.bin").exists())
    ~~~~~~~~~~~~~~~~^^^^^^^^^^^^^^^^^^^^^^^^^^^^^^^^^^^^
AssertionError: True is not false

======================================================================
FAIL: test_type_mismatch_fields (__main__.BodyKeyTest.test_type_mismatch_fields) (key=4660)
A type-only mismatch in fields is refused by build and CLI.
----------------------------------------------------------------------
Traceback (most recent call last):
  File "$REVIEWS/pp123-r336-2-packet/scratch/mut-M9-cli-writes-before-build/tb/desc_store/test_gen_desc_image.py", line 106, in refused
    self.assertFalse((directory / "image.bin").exists())
    ~~~~~~~~~~~~~~~~^^^^^^^^^^^^^^^^^^^^^^^^^^^^^^^^^^^^
AssertionError: True is not false

----------------------------------------------------------------------
Ran 6 tests in 1.091s

FAILED (failures=16)
make: *** [Makefile:32: generator-check] Error 1
rc=2

$ make  (cwd mut-M9-cli-writes-before-build/tb/desc_store)
python3 -B test_gen_desc_image.py
test_index_mismatch_bytes (__main__.BodyKeyTest.test_index_mismatch_bytes)
An index-only mismatch in literal bytes is refused by build and CLI. ... 
  test_index_mismatch_bytes (__main__.BodyKeyTest.test_index_mismatch_bytes) (key='AUDIO_CLUSTER')
An index-only mismatch in literal bytes is refused by build and CLI. ... FAIL
  test_index_mismatch_bytes (__main__.BodyKeyTest.test_index_mismatch_bytes) (key=20)
An index-only mismatch in literal bytes is refused by build and CLI. ... FAIL
  test_index_mismatch_bytes (__main__.BodyKeyTest.test_index_mismatch_bytes) (key='0x0014')
An index-only mismatch in literal bytes is refused by build and CLI. ... FAIL
  test_index_mismatch_bytes (__main__.BodyKeyTest.test_index_mismatch_bytes) (key=4660)
An index-only mismatch in literal bytes is refused by build and CLI. ... FAIL
test_index_mismatch_fields (__main__.BodyKeyTest.test_index_mismatch_fields)
An index-only mismatch in fields is refused by build and CLI. ... 
  test_index_mismatch_fields (__main__.BodyKeyTest.test_index_mismatch_fields) (key='AUDIO_CLUSTER')
An index-only mismatch in fields is refused by build and CLI. ... FAIL
  test_index_mismatch_fields (__main__.BodyKeyTest.test_index_mismatch_fields) (key=20)
An index-only mismatch in fields is refused by build and CLI. ... FAIL
  test_index_mismatch_fields (__main__.BodyKeyTest.test_index_mismatch_fields) (key='0x0014')
An index-only mismatch in fields is refused by build and CLI. ... FAIL
  test_index_mismatch_fields (__main__.BodyKeyTest.test_index_mismatch_fields) (key=4660)
An index-only mismatch in fields is refused by build and CLI. ... FAIL
test_legal_bytes (__main__.BodyKeyTest.test_legal_bytes)
Matching literal byte bodies are accepted unchanged by build and CLI. ... ok
test_legal_fields (__main__.BodyKeyTest.test_legal_fields)
Matching field bodies are accepted unchanged by build and CLI. ... ok
test_type_mismatch_bytes (__main__.BodyKeyTest.test_type_mismatch_bytes)
A type-only mismatch in literal bytes is refused by build and CLI. ... 
  test_type_mismatch_bytes (__main__.BodyKeyTest.test_type_mismatch_bytes) (key='AUDIO_CLUSTER')
A type-only mismatch in literal bytes is refused by build and CLI. ... FAIL
  test_type_mismatch_bytes (__main__.BodyKeyTest.test_type_mismatch_bytes) (key=20)
A type-only mismatch in literal bytes is refused by build and CLI. ... FAIL
  test_type_mismatch_bytes (__main__.BodyKeyTest.test_type_mismatch_bytes) (key='0x0014')
A type-only mismatch in literal bytes is refused by build and CLI. ... FAIL
  test_type_mismatch_bytes (__main__.BodyKeyTest.test_type_mismatch_bytes) (key=4660)
A type-only mismatch in literal bytes is refused by build and CLI. ... FAIL
test_type_mismatch_fields (__main__.BodyKeyTest.test_type_mismatch_fields)
A type-only mismatch in fields is refused by build and CLI. ... 
  test_type_mismatch_fields (__main__.BodyKeyTest.test_type_mismatch_fields) (key='AUDIO_CLUSTER')
A type-only mismatch in fields is refused by build and CLI. ... FAIL
  test_type_mismatch_fields (__main__.BodyKeyTest.test_type_mismatch_fields) (key=20)
A type-only mismatch in fields is refused by build and CLI. ... FAIL
  test_type_mismatch_fields (__main__.BodyKeyTest.test_type_mismatch_fields) (key='0x0014')
A type-only mismatch in fields is refused by build and CLI. ... FAIL
  test_type_mismatch_fields (__main__.BodyKeyTest.test_type_mismatch_fields) (key=4660)
A type-only mismatch in fields is refused by build and CLI. ... FAIL

======================================================================
FAIL: test_index_mismatch_bytes (__main__.BodyKeyTest.test_index_mismatch_bytes) (key='AUDIO_CLUSTER')
An index-only mismatch in literal bytes is refused by build and CLI.
----------------------------------------------------------------------
Traceback (most recent call last):
  File "$REVIEWS/pp123-r336-2-packet/scratch/mut-M9-cli-writes-before-build/tb/desc_store/test_gen_desc_image.py", line 106, in refused
    self.assertFalse((directory / "image.bin").exists())
    ~~~~~~~~~~~~~~~~^^^^^^^^^^^^^^^^^^^^^^^^^^^^^^^^^^^^
AssertionError: True is not false

======================================================================
FAIL: test_index_mismatch_bytes (__main__.BodyKeyTest.test_index_mismatch_bytes) (key=20)
An index-only mismatch in literal bytes is refused by build and CLI.
----------------------------------------------------------------------
Traceback (most recent call last):
  File "$REVIEWS/pp123-r336-2-packet/scratch/mut-M9-cli-writes-before-build/tb/desc_store/test_gen_desc_image.py", line 106, in refused
    self.assertFalse((directory / "image.bin").exists())
    ~~~~~~~~~~~~~~~~^^^^^^^^^^^^^^^^^^^^^^^^^^^^^^^^^^^^
AssertionError: True is not false

======================================================================
FAIL: test_index_mismatch_bytes (__main__.BodyKeyTest.test_index_mismatch_bytes) (key='0x0014')
An index-only mismatch in literal bytes is refused by build and CLI.
----------------------------------------------------------------------
Traceback (most recent call last):
  File "$REVIEWS/pp123-r336-2-packet/scratch/mut-M9-cli-writes-before-build/tb/desc_store/test_gen_desc_image.py", line 106, in refused
    self.assertFalse((directory / "image.bin").exists())
    ~~~~~~~~~~~~~~~~^^^^^^^^^^^^^^^^^^^^^^^^^^^^^^^^^^^^
AssertionError: True is not false

======================================================================
FAIL: test_index_mismatch_bytes (__main__.BodyKeyTest.test_index_mismatch_bytes) (key=4660)
An index-only mismatch in literal bytes is refused by build and CLI.
----------------------------------------------------------------------
Traceback (most recent call last):
  File "$REVIEWS/pp123-r336-2-packet/scratch/mut-M9-cli-writes-before-build/tb/desc_store/test_gen_desc_image.py", line 106, in refused
    self.assertFalse((directory / "image.bin").exists())
    ~~~~~~~~~~~~~~~~^^^^^^^^^^^^^^^^^^^^^^^^^^^^^^^^^^^^
AssertionError: True is not false

======================================================================
FAIL: test_index_mismatch_fields (__main__.BodyKeyTest.test_index_mismatch_fields) (key='AUDIO_CLUSTER')
An index-only mismatch in fields is refused by build and CLI.
----------------------------------------------------------------------
Traceback (most recent call last):
  File "$REVIEWS/pp123-r336-2-packet/scratch/mut-M9-cli-writes-before-build/tb/desc_store/test_gen_desc_image.py", line 106, in refused
    self.assertFalse((directory / "image.bin").exists())
    ~~~~~~~~~~~~~~~~^^^^^^^^^^^^^^^^^^^^^^^^^^^^^^^^^^^^
AssertionError: True is not false

======================================================================
FAIL: test_index_mismatch_fields (__main__.BodyKeyTest.test_index_mismatch_fields) (key=20)
An index-only mismatch in fields is refused by build and CLI.
----------------------------------------------------------------------
Traceback (most recent call last):
  File "$REVIEWS/pp123-r336-2-packet/scratch/mut-M9-cli-writes-before-build/tb/desc_store/test_gen_desc_image.py", line 106, in refused
    self.assertFalse((directory / "image.bin").exists())
    ~~~~~~~~~~~~~~~~^^^^^^^^^^^^^^^^^^^^^^^^^^^^^^^^^^^^
AssertionError: True is not false

======================================================================
FAIL: test_index_mismatch_fields (__main__.BodyKeyTest.test_index_mismatch_fields) (key='0x0014')
An index-only mismatch in fields is refused by build and CLI.
----------------------------------------------------------------------
Traceback (most recent call last):
  File "$REVIEWS/pp123-r336-2-packet/scratch/mut-M9-cli-writes-before-build/tb/desc_store/test_gen_desc_image.py", line 106, in refused
    self.assertFalse((directory / "image.bin").exists())
    ~~~~~~~~~~~~~~~~^^^^^^^^^^^^^^^^^^^^^^^^^^^^^^^^^^^^
AssertionError: True is not false

======================================================================
FAIL: test_index_mismatch_fields (__main__.BodyKeyTest.test_index_mismatch_fields) (key=4660)
An index-only mismatch in fields is refused by build and CLI.
----------------------------------------------------------------------
Traceback (most recent call last):
  File "$REVIEWS/pp123-r336-2-packet/scratch/mut-M9-cli-writes-before-build/tb/desc_store/test_gen_desc_image.py", line 106, in refused
    self.assertFalse((directory / "image.bin").exists())
    ~~~~~~~~~~~~~~~~^^^^^^^^^^^^^^^^^^^^^^^^^^^^^^^^^^^^
AssertionError: True is not false

======================================================================
FAIL: test_type_mismatch_bytes (__main__.BodyKeyTest.test_type_mismatch_bytes) (key='AUDIO_CLUSTER')
A type-only mismatch in literal bytes is refused by build and CLI.
----------------------------------------------------------------------
Traceback (most recent call last):
  File "$REVIEWS/pp123-r336-2-packet/scratch/mut-M9-cli-writes-before-build/tb/desc_store/test_gen_desc_image.py", line 106, in refused
    self.assertFalse((directory / "image.bin").exists())
    ~~~~~~~~~~~~~~~~^^^^^^^^^^^^^^^^^^^^^^^^^^^^^^^^^^^^
AssertionError: True is not false

======================================================================
FAIL: test_type_mismatch_bytes (__main__.BodyKeyTest.test_type_mismatch_bytes) (key=20)
A type-only mismatch in literal bytes is refused by build and CLI.
----------------------------------------------------------------------
Traceback (most recent call last):
  File "$REVIEWS/pp123-r336-2-packet/scratch/mut-M9-cli-writes-before-build/tb/desc_store/test_gen_desc_image.py", line 106, in refused
    self.assertFalse((directory / "image.bin").exists())
    ~~~~~~~~~~~~~~~~^^^^^^^^^^^^^^^^^^^^^^^^^^^^^^^^^^^^
AssertionError: True is not false

======================================================================
FAIL: test_type_mismatch_bytes (__main__.BodyKeyTest.test_type_mismatch_bytes) (key='0x0014')
A type-only mismatch in literal bytes is refused by build and CLI.
----------------------------------------------------------------------
Traceback (most recent call last):
  File "$REVIEWS/pp123-r336-2-packet/scratch/mut-M9-cli-writes-before-build/tb/desc_store/test_gen_desc_image.py", line 106, in refused
    self.assertFalse((directory / "image.bin").exists())
    ~~~~~~~~~~~~~~~~^^^^^^^^^^^^^^^^^^^^^^^^^^^^^^^^^^^^
AssertionError: True is not false

======================================================================
FAIL: test_type_mismatch_bytes (__main__.BodyKeyTest.test_type_mismatch_bytes) (key=4660)
A type-only mismatch in literal bytes is refused by build and CLI.
----------------------------------------------------------------------
Traceback (most recent call last):
  File "$REVIEWS/pp123-r336-2-packet/scratch/mut-M9-cli-writes-before-build/tb/desc_store/test_gen_desc_image.py", line 106, in refused
    self.assertFalse((directory / "image.bin").exists())
    ~~~~~~~~~~~~~~~~^^^^^^^^^^^^^^^^^^^^^^^^^^^^^^^^^^^^
AssertionError: True is not false

======================================================================
FAIL: test_type_mismatch_fields (__main__.BodyKeyTest.test_type_mismatch_fields) (key='AUDIO_CLUSTER')
A type-only mismatch in fields is refused by build and CLI.
----------------------------------------------------------------------
Traceback (most recent call last):
  File "$REVIEWS/pp123-r336-2-packet/scratch/mut-M9-cli-writes-before-build/tb/desc_store/test_gen_desc_image.py", line 106, in refused
    self.assertFalse((directory / "image.bin").exists())
    ~~~~~~~~~~~~~~~~^^^^^^^^^^^^^^^^^^^^^^^^^^^^^^^^^^^^
AssertionError: True is not false

======================================================================
FAIL: test_type_mismatch_fields (__main__.BodyKeyTest.test_type_mismatch_fields) (key=20)
A type-only mismatch in fields is refused by build and CLI.
----------------------------------------------------------------------
Traceback (most recent call last):
  File "$REVIEWS/pp123-r336-2-packet/scratch/mut-M9-cli-writes-before-build/tb/desc_store/test_gen_desc_image.py", line 106, in refused
    self.assertFalse((directory / "image.bin").exists())
    ~~~~~~~~~~~~~~~~^^^^^^^^^^^^^^^^^^^^^^^^^^^^^^^^^^^^
AssertionError: True is not false

======================================================================
FAIL: test_type_mismatch_fields (__main__.BodyKeyTest.test_type_mismatch_fields) (key='0x0014')
A type-only mismatch in fields is refused by build and CLI.
----------------------------------------------------------------------
Traceback (most recent call last):
  File "$REVIEWS/pp123-r336-2-packet/scratch/mut-M9-cli-writes-before-build/tb/desc_store/test_gen_desc_image.py", line 106, in refused
    self.assertFalse((directory / "image.bin").exists())
    ~~~~~~~~~~~~~~~~^^^^^^^^^^^^^^^^^^^^^^^^^^^^^^^^^^^^
AssertionError: True is not false

======================================================================
FAIL: test_type_mismatch_fields (__main__.BodyKeyTest.test_type_mismatch_fields) (key=4660)
A type-only mismatch in fields is refused by build and CLI.
----------------------------------------------------------------------
Traceback (most recent call last):
  File "$REVIEWS/pp123-r336-2-packet/scratch/mut-M9-cli-writes-before-build/tb/desc_store/test_gen_desc_image.py", line 106, in refused
    self.assertFalse((directory / "image.bin").exists())
    ~~~~~~~~~~~~~~~~^^^^^^^^^^^^^^^^^^^^^^^^^^^^^^^^^^^^
AssertionError: True is not false

----------------------------------------------------------------------
Ran 6 tests in 1.111s

FAILED (failures=16)
make: *** [Makefile:32: generator-check] Error 1
rc=2

