[
  {
    "duty": "boot_to_entity_enabled",
    "start_sys_cycle": 64,
    "end_sys_cycle": 104802371,
    "sys_cycles": 104802307,
    "cpu_cycles": 52401154,
    "ms": 1048.02307,
    "device_wait_ms": 0.0,
    "service_ms": 1048.02307,
    "budget_ms": 20000,
    "margin_ms": 18951.97693,
    "tick_calls": 1,
    "no_tick_sys_cycles": 90994116,
    "no_tick_ms": 909.94116,
    "no_tick_start": 64,
    "no_tick_end": 90994180,
    "uart_tx_allowance_ms": 0.0,
    "period_bound_ms": 1159.9411599999999,
    "period_bound_margin_ms": -659.9411599999999,
    "liveness_bound_margin_ms": 840.0588400000001
  },
  {
    "duty": "aem_copy_crc",
    "start_sys_cycle": 91325649,
    "end_sys_cycle": 104802371,
    "sys_cycles": 13476722,
    "cpu_cycles": 6738361,
    "ms": 134.76722,
    "device_wait_ms": 0.0,
    "service_ms": 134.76722,
    "budget_ms": null,
    "margin_ms": null,
    "tick_calls": 0,
    "no_tick_sys_cycles": 13476722,
    "no_tick_ms": 134.76722,
    "no_tick_start": 91325649,
    "no_tick_end": 104802371,
    "uart_tx_allowance_ms": 0.0,
    "period_bound_ms": 384.76722,
    "period_bound_margin_ms": 115.23277999999999,
    "liveness_bound_margin_ms": 1615.23278,
    "phy_publication_bound_ms": 136.19528
  },
  {
    "duty": "restore_walk",
    "start_sys_cycle": 90994059,
    "end_sys_cycle": 91059457,
    "sys_cycles": 65398,
    "cpu_cycles": 32699,
    "ms": 0.65398,
    "device_wait_ms": 0.0,
    "service_ms": 0.65398,
    "budget_ms": 3000,
    "margin_ms": 2999.34602,
    "tick_calls": 1,
    "no_tick_sys_cycles": 65277,
    "no_tick_ms": 0.65277,
    "no_tick_start": 90994180,
    "no_tick_end": 91059457,
    "uart_tx_allowance_ms": 0.0,
    "period_bound_ms": 250.65277,
    "period_bound_margin_ms": 249.34723,
    "liveness_bound_margin_ms": 1749.34723,
    "phy_publication_bound_ms": 2.080830000000004
  },
  {
    "duty": "milan_status",
    "start_sys_cycle": 104954699,
    "end_sys_cycle": 105773384,
    "sys_cycles": 818685,
    "cpu_cycles": 409343,
    "ms": 8.18685,
    "device_wait_ms": 0.0,
    "service_ms": 8.18685,
    "budget_ms": 500,
    "margin_ms": 491.81315,
    "command_index": 0,
    "uart_bytes": 341,
    "uart_115200_ms": 29.600694444444443,
    "tick_calls": 1,
    "no_tick_sys_cycles": 719382,
    "no_tick_ms": 7.19382,
    "no_tick_start": 105054002,
    "no_tick_end": 105773384,
    "uart_tx_allowance_ms": 28.47222222222222,
    "period_bound_ms": 285.66604222222225,
    "period_bound_margin_ms": 214.33395777777775,
    "liveness_bound_margin_ms": 1714.3339577777779,
    "phy_publication_bound_ms": 162.09410222222223
  },
  {
    "duty": "milan_gettime",
    "start_sys_cycle": 105773385,
    "end_sys_cycle": 106006960,
    "sys_cycles": 233575,
    "cpu_cycles": 116788,
    "ms": 2.33575,
    "device_wait_ms": 0.0,
    "service_ms": 2.33575,
    "budget_ms": 500,
    "margin_ms": 497.66425,
    "command_index": 1,
    "uart_bytes": 74,
    "uart_115200_ms": 6.423611111111111,
    "tick_calls": 1,
    "no_tick_sys_cycles": 127484,
    "no_tick_ms": 1.27484,
    "no_tick_start": 105879476,
    "no_tick_end": 106006960,
    "uart_tx_allowance_ms": 5.208333333333333,
    "period_bound_ms": 256.48317333333335,
    "period_bound_margin_ms": 243.51682666666665,
    "liveness_bound_margin_ms": 1743.5168266666667,
    "phy_publication_bound_ms": 132.91123333333334
  },
  {
    "duty": "milan_nvm",
    "start_sys_cycle": 106006961,
    "end_sys_cycle": 186935338,
    "sys_cycles": 80928377,
    "cpu_cycles": 40464189,
    "ms": 809.28377,
    "device_wait_ms": 0.0,
    "service_ms": 809.28377,
    "budget_ms": 500,
    "margin_ms": -309.28377,
    "command_index": 2,
    "uart_bytes": 381,
    "uart_115200_ms": 33.072916666666664,
    "tick_calls": 121,
    "no_tick_sys_cycles": 8585894,
    "no_tick_ms": 85.85894,
    "no_tick_start": 126289110,
    "no_tick_end": 134875004,
    "uart_tx_allowance_ms": 32.204861111111114,
    "period_bound_ms": 368.06380111111116,
    "period_bound_margin_ms": 131.93619888888884,
    "liveness_bound_margin_ms": 1631.9361988888888,
    "phy_publication_bound_ms": 244.49186111111115
  },
  {
    "duty": "milan_nvm commit",
    "start_sys_cycle": 186935339,
    "end_sys_cycle": 294906930,
    "sys_cycles": 107971591,
    "cpu_cycles": 53985796,
    "ms": 1079.71591,
    "device_wait_ms": 0.0,
    "service_ms": 1079.71591,
    "budget_ms": 8000,
    "margin_ms": 6920.28409,
    "command_index": 3,
    "uart_bytes": 132,
    "uart_115200_ms": 11.458333333333334,
    "tick_calls": 221,
    "no_tick_sys_cycles": 9550206,
    "no_tick_ms": 95.50206,
    "no_tick_start": 285356724,
    "no_tick_end": 294906930,
    "uart_tx_allowance_ms": 9.98263888888889,
    "period_bound_ms": 355.48469888888894,
    "period_bound_margin_ms": 144.51530111111106,
    "liveness_bound_margin_ms": 1644.515301111111,
    "phy_publication_bound_ms": 231.91275888888893
  },
  {
    "duty": "milan_nvm commit",
    "start_sys_cycle": 294906931,
    "end_sys_cycle": 402987916,
    "sys_cycles": 108080985,
    "cpu_cycles": 54040493,
    "ms": 1080.80985,
    "device_wait_ms": 0.0,
    "service_ms": 1080.80985,
    "budget_ms": 8000,
    "margin_ms": 6919.19015,
    "command_index": 4,
    "uart_bytes": 132,
    "uart_115200_ms": 11.458333333333334,
    "tick_calls": 221,
    "no_tick_sys_cycles": 9550190,
    "no_tick_ms": 95.5019,
    "no_tick_start": 393437726,
    "no_tick_end": 402987916,
    "uart_tx_allowance_ms": 9.98263888888889,
    "period_bound_ms": 355.4845388888889,
    "period_bound_margin_ms": 144.5154611111111,
    "liveness_bound_margin_ms": 1644.515461111111,
    "phy_publication_bound_ms": 231.91259888888888
  },
  {
    "duty": "milan_nvm",
    "start_sys_cycle": 402987917,
    "end_sys_cycle": 484127342,
    "sys_cycles": 81139425,
    "cpu_cycles": 40569713,
    "ms": 811.39425,
    "device_wait_ms": 0.0,
    "service_ms": 811.39425,
    "budget_ms": 500,
    "margin_ms": -311.39425000000006,
    "command_index": 5,
    "uart_bytes": 381,
    "uart_115200_ms": 33.072916666666664,
    "tick_calls": 121,
    "no_tick_sys_cycles": 8585894,
    "no_tick_ms": 85.85894,
    "no_tick_start": 423352094,
    "no_tick_end": 431937988,
    "uart_tx_allowance_ms": 32.204861111111114,
    "period_bound_ms": 368.06380111111116,
    "period_bound_margin_ms": 131.93619888888884,
    "liveness_bound_margin_ms": 1631.9361988888888,
    "phy_publication_bound_ms": 244.49186111111115
  },
  {
    "duty": "milan_nvm wipe",
    "start_sys_cycle": 484127343,
    "end_sys_cycle": 499103140,
    "sys_cycles": 14975797,
    "cpu_cycles": 7487899,
    "ms": 149.75797,
    "device_wait_ms": 0.0,
    "service_ms": 149.75797,
    "budget_ms": null,
    "margin_ms": null,
    "command_index": 6,
    "uart_bytes": 148,
    "uart_115200_ms": 12.847222222222221,
    "tick_calls": 2,
    "no_tick_sys_cycles": 7516254,
    "no_tick_ms": 75.16254,
    "no_tick_start": 491586886,
    "no_tick_end": 499103140,
    "uart_tx_allowance_ms": 11.54513888888889,
    "period_bound_ms": 336.70767888888895,
    "period_bound_margin_ms": 163.29232111111105,
    "liveness_bound_margin_ms": 1663.292321111111,
    "phy_publication_bound_ms": 213.13573888888894
  },
  {
    "duty": "wipe_erase_envelope",
    "start_sys_cycle": 484261252,
    "end_sys_cycle": 491654378,
    "sys_cycles": 7393126,
    "cpu_cycles": 3696563,
    "ms": 73.93126,
    "device_wait_ms": 0.0,
    "service_ms": 73.93126,
    "budget_ms": 3500,
    "margin_ms": 3426.06874,
    "tick_calls": 1,
    "no_tick_sys_cycles": 7325634,
    "no_tick_ms": 73.25634,
    "no_tick_start": 484261252,
    "no_tick_end": 491586886,
    "uart_tx_allowance_ms": 11.54513888888889,
    "period_bound_ms": 334.80147888888894,
    "period_bound_margin_ms": 165.19852111111106,
    "liveness_bound_margin_ms": 1665.198521111111,
    "phy_publication_bound_ms": 211.22953888888892
  },
  {
    "duty": "wipe_erase_envelope",
    "start_sys_cycle": 491654378,
    "end_sys_cycle": 499103140,
    "sys_cycles": 7448762,
    "cpu_cycles": 3724381,
    "ms": 74.48762,
    "device_wait_ms": 0.0,
    "service_ms": 74.48762,
    "budget_ms": 3500,
    "margin_ms": 3425.51238,
    "tick_calls": 0,
    "no_tick_sys_cycles": 7448762,
    "no_tick_ms": 74.48762,
    "no_tick_start": 491654378,
    "no_tick_end": 499103140,
    "uart_tx_allowance_ms": 11.54513888888889,
    "period_bound_ms": 336.0327588888889,
    "period_bound_margin_ms": 163.9672411111111,
    "liveness_bound_margin_ms": 1663.967241111111,
    "phy_publication_bound_ms": 212.4608188888889
  },
  {
    "duty": "milan_nvm",
    "start_sys_cycle": 499103141,
    "end_sys_cycle": 499865064,
    "sys_cycles": 761923,
    "cpu_cycles": 380962,
    "ms": 7.61923,
    "device_wait_ms": 0.0,
    "service_ms": 7.61923,
    "budget_ms": 500,
    "margin_ms": 492.38077,
    "command_index": 7,
    "uart_bytes": 387,
    "uart_115200_ms": 33.59375,
    "tick_calls": 1,
    "no_tick_sys_cycles": 682868,
    "no_tick_ms": 6.82868,
    "no_tick_start": 499182196,
    "no_tick_end": 499865064,
    "uart_tx_allowance_ms": 32.72569444444444,
    "period_bound_ms": 289.5543744444445,
    "period_bound_margin_ms": 210.44562555555552,
    "liveness_bound_margin_ms": 1710.4456255555556,
    "phy_publication_bound_ms": 165.98243444444446
  },
  {
    "duty": "milan_nvm invalid",
    "start_sys_cycle": 499865065,
    "end_sys_cycle": 500062682,
    "sys_cycles": 197617,
    "cpu_cycles": 98809,
    "ms": 1.97617,
    "device_wait_ms": 0.0,
    "service_ms": 1.97617,
    "budget_ms": 500,
    "margin_ms": 498.02383,
    "command_index": 8,
    "uart_bytes": 80,
    "uart_115200_ms": 6.944444444444445,
    "tick_calls": 1,
    "no_tick_sys_cycles": 133135,
    "no_tick_ms": 1.33135,
    "no_tick_start": 499865065,
    "no_tick_end": 499998200,
    "uart_tx_allowance_ms": 5.381944444444445,
    "period_bound_ms": 256.71329444444444,
    "period_bound_margin_ms": 243.28670555555556,
    "liveness_bound_margin_ms": 1743.2867055555555,
    "phy_publication_bound_ms": 133.14135444444443
  },
  {
    "duty": "milan_settime 0 0",
    "start_sys_cycle": 500062683,
    "end_sys_cycle": 500308358,
    "sys_cycles": 245675,
    "cpu_cycles": 122838,
    "ms": 2.45675,
    "device_wait_ms": 0.0,
    "service_ms": 2.45675,
    "budget_ms": 500,
    "margin_ms": 497.54325,
    "command_index": 9,
    "uart_bytes": 82,
    "uart_115200_ms": 7.118055555555555,
    "tick_calls": 1,
    "no_tick_sys_cycles": 133197,
    "no_tick_ms": 1.33197,
    "no_tick_start": 500062683,
    "no_tick_end": 500195880,
    "uart_tx_allowance_ms": 5.555555555555555,
    "period_bound_ms": 256.88752555555556,
    "period_bound_margin_ms": 243.11247444444444,
    "liveness_bound_margin_ms": 1743.1124744444444,
    "phy_publication_bound_ms": 133.31558555555554
  },
  {
    "duty": "milan_settime 18446744073 709551615",
    "start_sys_cycle": 500308359,
    "end_sys_cycle": 500890426,
    "sys_cycles": 582067,
    "cpu_cycles": 291034,
    "ms": 5.82067,
    "device_wait_ms": 0.0,
    "service_ms": 5.82067,
    "budget_ms": 500,
    "margin_ms": 494.17933,
    "command_index": 10,
    "uart_bytes": 118,
    "uart_115200_ms": 10.243055555555555,
    "tick_calls": 1,
    "no_tick_sys_cycles": 327252,
    "no_tick_ms": 3.27252,
    "no_tick_start": 500563174,
    "no_tick_end": 500890426,
    "uart_tx_allowance_ms": 7.118055555555555,
    "period_bound_ms": 260.39057555555553,
    "period_bound_margin_ms": 239.60942444444447,
    "liveness_bound_margin_ms": 1739.6094244444444,
    "phy_publication_bound_ms": 136.81863555555552
  },
  {
    "duty": "milan_settime 18446744073 709551616",
    "start_sys_cycle": 500890427,
    "end_sys_cycle": 501452216,
    "sys_cycles": 561789,
    "cpu_cycles": 280895,
    "ms": 5.61789,
    "device_wait_ms": 0.0,
    "service_ms": 5.61789,
    "budget_ms": 500,
    "margin_ms": 494.38211,
    "command_index": 11,
    "uart_bytes": 134,
    "uart_115200_ms": 11.631944444444445,
    "tick_calls": 1,
    "no_tick_sys_cycles": 306974,
    "no_tick_ms": 3.06974,
    "no_tick_start": 501145242,
    "no_tick_end": 501452216,
    "uart_tx_allowance_ms": 8.506944444444445,
    "period_bound_ms": 261.5766844444444,
    "period_bound_margin_ms": 238.42331555555558,
    "liveness_bound_margin_ms": 1738.4233155555555,
    "phy_publication_bound_ms": 138.0047444444444
  },
  {
    "duty": "milan_settime invalid",
    "start_sys_cycle": 501452217,
    "end_sys_cycle": 501694680,
    "sys_cycles": 242463,
    "cpu_cycles": 121232,
    "ms": 2.42463,
    "device_wait_ms": 0.0,
    "service_ms": 2.42463,
    "budget_ms": 500,
    "margin_ms": 497.57537,
    "command_index": 12,
    "uart_bytes": 106,
    "uart_115200_ms": 9.20138888888889,
    "tick_calls": 1,
    "no_tick_sys_cycles": 160175,
    "no_tick_ms": 1.60175,
    "no_tick_start": 501452217,
    "no_tick_end": 501612392,
    "uart_tx_allowance_ms": 7.291666666666667,
    "period_bound_ms": 258.89341666666667,
    "period_bound_margin_ms": 241.10658333333333,
    "liveness_bound_margin_ms": 1741.1065833333332,
    "phy_publication_bound_ms": 135.32147666666665
  },
  {
    "duty": "milan_utc 0 0 37",
    "start_sys_cycle": 501694681,
    "end_sys_cycle": 502032494,
    "sys_cycles": 337813,
    "cpu_cycles": 168907,
    "ms": 3.37813,
    "device_wait_ms": 0.0,
    "service_ms": 3.37813,
    "budget_ms": 500,
    "margin_ms": 496.62187,
    "command_index": 13,
    "uart_bytes": 111,
    "uart_115200_ms": 9.635416666666666,
    "tick_calls": 1,
    "no_tick_sys_cycles": 211438,
    "no_tick_ms": 2.11438,
    "no_tick_start": 501821056,
    "no_tick_end": 502032494,
    "uart_tx_allowance_ms": 8.159722222222221,
    "period_bound_ms": 260.2741022222222,
    "period_bound_margin_ms": 239.7258977777778,
    "liveness_bound_margin_ms": 1739.7258977777778,
    "phy_publication_bound_ms": 136.7021622222222
  },
  {
    "duty": "milan_utc 18446744073709551615 0 1",
    "start_sys_cycle": 502032495,
    "end_sys_cycle": 502694480,
    "sys_cycles": 661985,
    "cpu_cycles": 330993,
    "ms": 6.61985,
    "device_wait_ms": 0.0,
    "service_ms": 6.61985,
    "budget_ms": 500,
    "margin_ms": 493.38015,
    "command_index": 14,
    "uart_bytes": 144,
    "uart_115200_ms": 12.5,
    "tick_calls": 1,
    "no_tick_sys_cycles": 413868,
    "no_tick_ms": 4.13868,
    "no_tick_start": 502280612,
    "no_tick_end": 502694480,
    "uart_tx_allowance_ms": 9.461805555555555,
    "period_bound_ms": 263.60048555555557,
    "period_bound_margin_ms": 236.39951444444443,
    "liveness_bound_margin_ms": 1736.3995144444443,
    "phy_publication_bound_ms": 140.02854555555555
  },
  {
    "duty": "milan_utc invalid 0 0",
    "start_sys_cycle": 502694481,
    "end_sys_cycle": 502947740,
    "sys_cycles": 253259,
    "cpu_cycles": 126630,
    "ms": 2.53259,
    "device_wait_ms": 0.0,
    "service_ms": 2.53259,
    "budget_ms": 500,
    "margin_ms": 497.46741,
    "command_index": 15,
    "uart_bytes": 118,
    "uart_115200_ms": 10.243055555555555,
    "tick_calls": 1,
    "no_tick_sys_cycles": 160175,
    "no_tick_ms": 1.60175,
    "no_tick_start": 502694481,
    "no_tick_end": 502854656,
    "uart_tx_allowance_ms": 8.333333333333334,
    "period_bound_ms": 259.93508333333335,
    "period_bound_margin_ms": 240.06491666666665,
    "liveness_bound_margin_ms": 1740.0649166666667,
    "phy_publication_bound_ms": 136.36314333333334
  },
  {
    "duty": "milan_status",
    "start_sys_cycle": 502947741,
    "end_sys_cycle": 503726540,
    "sys_cycles": 778799,
    "cpu_cycles": 389400,
    "ms": 7.78799,
    "device_wait_ms": 0.0,
    "service_ms": 7.78799,
    "budget_ms": 500,
    "margin_ms": 492.21201,
    "command_index": 16,
    "uart_bytes": 341,
    "uart_115200_ms": 29.600694444444443,
    "tick_calls": 1,
    "no_tick_sys_cycles": 679464,
    "no_tick_ms": 6.79464,
    "no_tick_start": 503047076,
    "no_tick_end": 503726540,
    "uart_tx_allowance_ms": 28.47222222222222,
    "period_bound_ms": 285.26686222222224,
    "period_bound_margin_ms": 214.73313777777776,
    "liveness_bound_margin_ms": 1714.7331377777778,
    "phy_publication_bound_ms": 161.69492222222223
  },
  {
    "duty": "journal_commit_bracket",
    "start_sys_cycle": 232827541,
    "end_sys_cycle": 294766883,
    "sys_cycles": 61939342,
    "cpu_cycles": 30969671,
    "ms": 619.39342,
    "device_wait_ms": 0.0,
    "service_ms": 619.39342,
    "budget_ms": 8000,
    "margin_ms": 7380.60658,
    "tick_calls": 110,
    "no_tick_sys_cycles": 9410159,
    "no_tick_ms": 94.10159,
    "no_tick_start": 285356724,
    "no_tick_end": 294766883,
    "uart_tx_allowance_ms": 9.98263888888889,
    "period_bound_ms": 354.0842288888889,
    "period_bound_margin_ms": 145.9157711111111,
    "liveness_bound_margin_ms": 1645.915771111111,
    "phy_publication_bound_ms": 230.5122888888889
  },
  {
    "duty": "erase_enclosed_to_first_program",
    "start_sys_cycle": 232830186,
    "end_sys_cycle": 240281535,
    "sys_cycles": 7451349,
    "cpu_cycles": 3725675,
    "ms": 74.51349,
    "device_wait_ms": 0.0,
    "service_ms": 74.51349,
    "budget_ms": 3500,
    "margin_ms": 3425.48651,
    "tick_calls": 0,
    "no_tick_sys_cycles": 7451349,
    "no_tick_ms": 74.51349,
    "no_tick_start": 232830186,
    "no_tick_end": 240281535,
    "uart_tx_allowance_ms": 9.98263888888889,
    "period_bound_ms": 334.4961288888889,
    "period_bound_margin_ms": 165.5038711111111,
    "liveness_bound_margin_ms": 1665.503871111111,
    "phy_publication_bound_ms": 210.9241888888889
  },
  {
    "duty": "journal_commit_bracket",
    "start_sys_cycle": 340908543,
    "end_sys_cycle": 402847885,
    "sys_cycles": 61939342,
    "cpu_cycles": 30969671,
    "ms": 619.39342,
    "device_wait_ms": 0.0,
    "service_ms": 619.39342,
    "budget_ms": 8000,
    "margin_ms": 7380.60658,
    "tick_calls": 110,
    "no_tick_sys_cycles": 9410159,
    "no_tick_ms": 94.10159,
    "no_tick_start": 393437726,
    "no_tick_end": 402847885,
    "uart_tx_allowance_ms": 9.98263888888889,
    "period_bound_ms": 354.0842288888889,
    "period_bound_margin_ms": 145.9157711111111,
    "liveness_bound_margin_ms": 1645.915771111111,
    "phy_publication_bound_ms": 230.5122888888889
  },
  {
    "duty": "erase_enclosed_to_first_program",
    "start_sys_cycle": 340911188,
    "end_sys_cycle": 348362537,
    "sys_cycles": 7451349,
    "cpu_cycles": 3725675,
    "ms": 74.51349,
    "device_wait_ms": 0.0,
    "service_ms": 74.51349,
    "budget_ms": 3500,
    "margin_ms": 3425.48651,
    "tick_calls": 0,
    "no_tick_sys_cycles": 7451349,
    "no_tick_ms": 74.51349,
    "no_tick_start": 340911188,
    "no_tick_end": 348362537,
    "uart_tx_allowance_ms": 9.98263888888889,
    "period_bound_ms": 334.4961288888889,
    "period_bound_margin_ms": 165.5038711111111,
    "liveness_bound_margin_ms": 1665.503871111111,
    "phy_publication_bound_ms": 210.9241888888889
  },
  {
    "duty": "maximum_heartbeat_gap",
    "start_sys_cycle": 142776377,
    "end_sys_cycle": 175024261,
    "sys_cycles": 32247884,
    "cpu_cycles": 16123942,
    "ms": 322.47884,
    "device_wait_ms": 0.0,
    "service_ms": 322.47884,
    "budget_ms": 500,
    "margin_ms": 177.52116,
    "plan": "all",
    "tick_calls": 56,
    "no_tick_sys_cycles": 8585894,
    "no_tick_ms": 85.85894,
    "no_tick_start": 166419086,
    "no_tick_end": 175004980,
    "uart_tx_allowance_ms": 32.204861111111114,
    "period_bound_ms": 368.06380111111116,
    "period_bound_margin_ms": 131.93619888888884,
    "liveness_bound_margin_ms": 1631.9361988888888
  }
]
PASS: measurement evidence; budget findings: 0
