Traceback (most recent call last):
  File "<packet>/scratch/e_plain_write/sw/builder/test_builder.py", line 10675, in assert_boot_contract
    verdicts.append(assert_boot_contract(
                    ~~~~~~~~~~~~~~~~~~~~^
        selected, docs, csr, makefile, listing, datapath))
        ^^^^^^^^^^^^^^^^^^^^^^^^^^^^^^^^^^^^^^^^^^^^^^^^^
  File "<packet>/scratch/e_plain_write/sw/builder/test_builder.py", line 11508, in assert_boot_contract
    assert verdict_is_the_verifiers(firmware), \
           ~~~~~~~~~~~~~~~~~~~~~~~~^^^^^^^^^^
AssertionError: aem_loaded must contain only the image verifier's verdict

The above exception was the direct cause of the following exception:

Traceback (most recent call last):
  File "<packet>/scripts/run_gate1b.py", line 18, in <module>
    tb.test_baremetal_profile_contract()
    ~~~~~~~~~~~~~~~~~~~~~~~~~~~~~~~~~~^^
  File "<packet>/scratch/e_plain_write/sw/builder/test_builder.py", line 11769, in test_baremetal_profile_contract
    baseline_census_verdict = assert_boot_contract(
        firmware_source, docs_source, csr_source)
  File "<packet>/scratch/e_plain_write/sw/builder/test_builder.py", line 10678, in assert_boot_contract
    raise AssertionError(
    ...<3 lines>...
        f"{exc}") from exc
AssertionError: under the arm selection line 793 `#ifdef CSR_MILAN_MAC_PHY_MDIO_W_ADDR`: CSR_MILAN_MAC_PHY_MDIO_W_ADDR defined, arm 1 of 2 taken, graded as a firmware of its own (whatever its headers select, the product builds one of the selections graded): aem_loaded must contain only the image verifier's verdict
  [gate 1b] 5 product configs and 11 refusal arms pass
  [gate 1b] compiler argv[0]=$HOME/br-milan-rv32/host/bin/riscv32-linux-gcc version=riscv32-linux-gcc.br_real (Buildroot 2026.05) 14.3.0 driver=()
GATE1B REFUSED: under the arm selection line 793 `#ifdef CSR_MILAN_MAC_PHY_MDIO_W_ADDR`: CSR_MILAN_MAC_PHY_MDIO_W_ADDR defined, arm 1 of 2 taken, graded as a firmware of its own (whatever its headers select, the product builds one of the selections graded): aem_loaded must contain only the image verifier's verdict
rc=1
