disabled-writer endstation_arty_4x4 shape: 18 console cases; hb=0 backed=0 stale=0
disabled-writer endstation_arty_4x4 identity: 18 console cases; hb=0 backed=0 stale=0
dispatch patch link guard: missing marker refused
endstation_arty_4x4          records= 84 image= 4520 B OK
disabled-writer endstation_arty_8ch shape: 18 console cases; hb=0 backed=0 stale=0
disabled-writer endstation_arty_8ch identity: 18 console cases; hb=0 backed=0 stale=0
dispatch patch link guard: missing marker refused
endstation_arty_8ch          records=116 image= 7080 B OK
disabled-writer endstation_arty_current shape: 18 console cases; hb=0 backed=0 stale=0
disabled-writer endstation_arty_current identity: 18 console cases; hb=0 backed=0 stale=0
dispatch patch link guard: missing marker refused
endstation_arty_current      records= 41 image= 2444 B OK
disabled-writer endstation_ax7101_1x1_tdm8 shape: 18 console cases; hb=0 backed=0 stale=0
disabled-writer endstation_ax7101_1x1_tdm8 identity: 18 console cases; hb=0 backed=0 stale=0
dispatch patch link guard: missing marker refused
endstation_ax7101_1x1_tdm8   records= 53 image= 3264 B OK
disabled-writer endstation_ax7101_8x8 shape: 18 console cases; hb=0 backed=0 stale=0
disabled-writer endstation_ax7101_8x8 identity: 18 console cases; hb=0 backed=0 stale=0
dispatch patch link guard: missing marker refused
endstation_ax7101_8x8        records=156 image=12680 B OK
saved-state writer gate: OK across 5 shape(s)
MUTANT edge-cross-3: SURVIVES (gate rc 0)
rc=0
