== KL_media_grid_align closed over KL_media_nco (#74) ==
  dir 0 t=0.0003 s: dups +1 skips +0
  dir 0 t=1.9585 s: dups +1 skips +0
  dir 0 t=3.9167 s: dups +1 skips +0
  dir 0 t=5.8748 s: dups +1 skips +0
  dir 0 t=7.8330 s: dups +1 skips +0
  dir 0 t=9.7911 s: dups +1 skips +0
  dir 0 t=11.7493 s: dups +1 skips +0
  dir 0 TOTAL 12 s: rtl dups 7 skips 0 (expected ~6.13 slips)
  dir 1 t=0.2511 s: dups +0 skips +1
  dir 1 t=2.2092 s: dups +0 skips +1
  dir 1 t=4.1674 s: dups +0 skips +1
  dir 1 t=6.1255 s: dups +0 skips +1
  dir 1 t=8.0836 s: dups +0 skips +1
  dir 1 t=10.0417 s: dups +0 skips +1
  dir 1 t=11.9999 s: dups +0 skips +1
  dir 1 TOTAL 12 s: rtl dups 0 skips 7 (expected ~6.13 slips)

----------------------------------------------------------------------
0 checks, 0 failures
RESULT: PASS
