SDK argv: ["/tmp/a254/sdk/br-milan-rv32/host/bin/riscv32-linux-gcc", "--version"]
SDK argv: ["/tmp/a254/sdk/br-milan-rv32/host/bin/riscv32-linux-gcc", "-dumpfullversion"]
SDK argv: ["/tmp/a254/sdk/br-milan-rv32/host/bin/riscv32-linux-gcc", "-dumpmachine"]
SDK argv: ["/tmp/a254/sdk/br-milan-rv32/host/bin/riscv32-linux-gcc", "-print-sysroot"]
SDK verified: {"archive_sha256": "d42680e926542595c4c87629d33f5f90aac1e9a964c8955089e0514caa01b78f", "archive_url": "https://toolchains.bootlin.com/downloads/releases/toolchains/riscv32-ilp32d/tarballs/riscv32-ilp32d--glibc--stable-2025.08-1.tar.xz", "destination": "/tmp/a254/sdk/br-milan-rv32/host", "host": {"architecture": "x86_64", "os": "Linux"}, "installer_revision": 1, "installer_sha256": "ffcc5433d97209b00cac5155c61bc464a43a60fec49bce0330d81279e1df7cb4", "release": "riscv32-ilp32d--glibc--stable-2025.08-1"}
SDK tools: {"compiler": "/tmp/a254/sdk/br-milan-rv32/host/bin/riscv32-linux-gcc", "gcc_version": "14.3.0", "realpath": "/tmp/a254/sdk/br-milan-rv32/host/bin/toolchain-wrapper", "sysroot": "/tmp/a254/sdk/br-milan-rv32/host/riscv32-buildroot-linux-gnu/sysroot", "target": "riscv32-buildroot-linux-gnu", "version": "riscv32-linux-gcc.br_real (Buildroot 2021.11-18033-g83947c7bb6) 14.3.0\nCopyright (C) 2024 Free Software Foundation, Inc.\nThis is free software; see the source for copying conditions.  There is NO\nwarranty; not even for MERCHANTABILITY or FITNESS FOR A PARTICULAR PURPOSE."}
  [gate 1b] 5 product configs and 11 refusal arms pass
  [gate 1b] compiler argv[0]=$WORKSPACE_HOME/br-milan-rv32/host/bin/riscv32-linux-gcc version=riscv32-linux-gcc.br_real (Buildroot 2021.11-18033-g83947c7bb6) 14.3.0 driver=()
REFUSED: MD1 literal-address cast store into the CSR window in a UART handler, hidden by U+00B7 in two directive names
    the firmware spells a character outside the allowlist of S (U+00B7, line 1500): outside a comment or a literal S admits printable ASCII, U+0020 to U+007E, and the six characters the readers model as whitespace or a line end (tab, line feed, vertical tab, form feed, carriage return and NUL), and nothing else. GCC reads a non-ASCII character in an identifier or a directive name where the readers do 
REFUSED: MD1a the same store hidden by U+0387
    the firmware spells a character outside the allowlist of S (U+0387, line 1500): outside a comment or a literal S admits printable ASCII, U+0020 to U+007E, and the six characters the readers model as whitespace or a line end (tab, line feed, vertical tab, form feed, carriage return and NUL), and nothing else. GCC reads a non-ASCII character in an identifier or a directive name where the readers do 
REFUSED: MD1b the same store hidden by U+203F
    the firmware spells a character outside the allowlist of S (U+203F, line 1500): outside a comment or a literal S admits printable ASCII, U+0020 to U+007E, and the six characters the readers model as whitespace or a line end (tab, line feed, vertical tab, form feed, carriage return and NUL), and nothing else. GCC reads a non-ASCII character in an identifier or a directive name where the readers do 
REFUSED: MD1c control: the same store hidden by `$` (S refuses)
    the firmware spells `$` in its code, outside the lexical subset S (line 1500): GCC admits `$` in an identifier and a directive name, so `#if$a` is an unknown directive it ignores in skipped code while the readers here read `#if`; the shipping firmware spells none
REFUSED: MD1p control: the same store, plain
    only milan_reg() may form a CSR address, and the COMPILED firmware materialises one elsewhere: an address inside the Milan CSR window (0x90000000..0x90010000) reaches a control register without passing the bit-0 census, whatever cast, typedef, macro, member access or asm template spelled it; found [('milan_status_handler', '0x90000000', 'li a5,-1879048192')]
REFUSED: MD2 identity sample forged in milan_init(), hidden by U+00B7
    the firmware spells a character outside the allowlist of S (U+00B7, line 1440): outside a comment or a literal S admits printable ASCII, U+0020 to U+007E, and the six characters the readers model as whitespace or a line end (tab, line feed, vertical tab, form feed, carriage return and NUL), and nothing else. GCC reads a non-ASCII character in an identifier or a directive name where the readers do 
REFUSED: MD3 ADP enable in a UART handler, hidden by U+00B7
    the firmware spells a character outside the allowlist of S (U+00B7, line 1500): outside a comment or a literal S admits printable ASCII, U+0020 to U+007E, and the six characters the readers model as whitespace or a line end (tab, line feed, vertical tab, form feed, carriage return and NUL), and nothing else. GCC reads a non-ASCII character in an identifier or a directive name where the readers do 
REFUSED: MD4 AEM verdict overwritten after the verifier, hidden by U+00B7
    the firmware spells a character outside the allowlist of S (U+00B7, line 1454): outside a comment or a literal S admits printable ASCII, U+0020 to U+007E, and the six characters the readers model as whitespace or a line end (tab, line feed, vertical tab, form feed, carriage return and NUL), and nothing else. GCC reads a non-ASCII character in an identifier or a directive name where the readers do 
REFUSED: MD5 benign control: a printf in a UART handler, hidden by U+00B7
    the firmware spells a character outside the allowlist of S (U+00B7, line 1500): outside a comment or a literal S admits printable ASCII, U+0020 to U+007E, and the six characters the readers model as whitespace or a line end (tab, line feed, vertical tab, form feed, carriage return and NUL), and nothing else. GCC reads a non-ASCII character in an identifier or a directive name where the readers do 
ACCEPTED: MD6 benign control: U+00B7 in a comment only
PROBE DONE: 10 result(s), 76 compiles, 20.2 s
