LOCKSTEP MISMATCH cyc=5758 gated tk_wval
LOCKSTEP MISMATCH cyc=5759 int tk_ev_value
LOCKSTEP MISMATCH cyc=5759 gated tk_wval
LOCKSTEP MISMATCH cyc=5760 int tk_ev_value
LOCKSTEP MISMATCH cyc=5760 gated tk_wval
LOCKSTEP MISMATCH cyc=5761 int tk_ev_value
LOCKSTEP MISMATCH cyc=5761 gated tk_wval
LOCKSTEP MISMATCH cyc=5762 int tk_ev_value
LOCKSTEP MISMATCH cyc=5762 gated tk_wval
LOCKSTEP MISMATCH cyc=5763 int tk_ev_value
LOCKSTEP MISMATCH cyc=5763 gated tk_wval
LOCKSTEP MISMATCH cyc=5764 int tk_ev_value
LOCKSTEP MISMATCH cyc=5764 gated tk_wval
LOCKSTEP MISMATCH cyc=5765 int tk_ev_value
LOCKSTEP MISMATCH cyc=5765 gated tk_wval
LOCKSTEP MISMATCH cyc=5766 int tk_ev_value
LOCKSTEP MISMATCH cyc=5766 gated tk_wval
LOCKSTEP MISMATCH cyc=5767 int tk_ev_value
LOCKSTEP MISMATCH cyc=5767 gated tk_wval
LOCKSTEP SUMMARY TOP.KL_srp_top.u_lockstep M=2 N=2 cycles=500000 compared=499999 mismatching=209276 reset_cycles=80 reset_assertions=7 outputs=51 internals=40
LOCKSTEP COVER TOP.KL_srp_top.u_lockstep tk_wval=459681 ls_wval=463500 adm_slope_rd=342542 tf_head=205
LOCKSTEP FIFO TOP.KL_srp_top.u_lockstep tk: max=2 full_cycles=0 full_blocked_pushes=0 push_into_empty=110 push_with_pop=1 pops=133 | ls: max=2 full_cycles=0 full_blocked_pushes=0 push_into_empty=70 push_with_pop=0 pops=72
RAND SUMMARY M=2 N=2 seed=2 cycles=500000 compressed=0 noisy=0 pdus=2195 reqs=813 rsp_ok=747 frames=85 arms=924 expiries=186 spurious=29 draws=509 registrations=155 resets=6
