COMMAND mmdc -i $REVIEWS/lwsrpnotes-r545-2-packet/scratch/graphs/CONTRIBUTING.md-48.mmd -o $REVIEWS/lwsrpnotes-r545-2-packet/scratch/graphs/CONTRIBUTING.md-48.svg -b white; rc=0
PASS CONTRIBUTING.md:48: 5 nodes; render rc=0
COMMAND mmdc -i $REVIEWS/lwsrpnotes-r545-2-packet/scratch/graphs/README.md-15.mmd -o $REVIEWS/lwsrpnotes-r545-2-packet/scratch/graphs/README.md-15.svg -b white; rc=0
PASS README.md:15: 6 nodes; render rc=0
COMMAND mmdc -i $REVIEWS/lwsrpnotes-r545-2-packet/scratch/graphs/doc-architecture.md-10.mmd -o $REVIEWS/lwsrpnotes-r545-2-packet/scratch/graphs/doc-architecture.md-10.svg -b white; rc=0
PASS doc/architecture.md:10: 11 nodes; render rc=0
COMMAND mmdc -i $REVIEWS/lwsrpnotes-r545-2-packet/scratch/graphs/doc-architecture.md-35.mmd -o $REVIEWS/lwsrpnotes-r545-2-packet/scratch/graphs/doc-architecture.md-35.svg -b white; rc=0
PASS doc/architecture.md:35: 12 nodes; render rc=0
COMMAND mmdc -i $REVIEWS/lwsrpnotes-r545-2-packet/scratch/graphs/doc-architecture.md-71.mmd -o $REVIEWS/lwsrpnotes-r545-2-packet/scratch/graphs/doc-architecture.md-71.svg -b white; rc=0
PASS doc/architecture.md:71: 8 nodes; render rc=0
COMMAND mmdc -i $REVIEWS/lwsrpnotes-r545-2-packet/scratch/graphs/doc-developer.md-29.mmd -o $REVIEWS/lwsrpnotes-r545-2-packet/scratch/graphs/doc-developer.md-29.svg -b white; rc=0
PASS doc/developer.md:29: 10 nodes; render rc=0
COMMAND mmdc -i $REVIEWS/lwsrpnotes-r545-2-packet/scratch/graphs/doc-developer.md-81.mmd -o $REVIEWS/lwsrpnotes-r545-2-packet/scratch/graphs/doc-developer.md-81.svg -b white; rc=0
PASS doc/developer.md:81: 6 nodes; render rc=0
COMMAND mmdc -i $REVIEWS/lwsrpnotes-r545-2-packet/scratch/graphs/doc-developer.md-114.mmd -o $REVIEWS/lwsrpnotes-r545-2-packet/scratch/graphs/doc-developer.md-114.svg -b white; rc=0
PASS doc/developer.md:114: 6 nodes; render rc=0
COMMAND mmdc -i $REVIEWS/lwsrpnotes-r545-2-packet/scratch/graphs/doc-developer.md-143.mmd -o $REVIEWS/lwsrpnotes-r545-2-packet/scratch/graphs/doc-developer.md-143.svg -b white; rc=0
PASS doc/developer.md:143: 7 nodes; render rc=0
COMMAND mmdc -i $REVIEWS/lwsrpnotes-r545-2-packet/scratch/graphs/doc-developer.md-170.mmd -o $REVIEWS/lwsrpnotes-r545-2-packet/scratch/graphs/doc-developer.md-170.svg -b white; rc=0
PASS doc/developer.md:170: 3 nodes; render rc=0
COMMAND mmdc -i $REVIEWS/lwsrpnotes-r545-2-packet/scratch/graphs/doc-developer.md-204.mmd -o $REVIEWS/lwsrpnotes-r545-2-packet/scratch/graphs/doc-developer.md-204.svg -b white; rc=0
PASS doc/developer.md:204: 3 nodes; render rc=0
COMMAND mmdc -i $REVIEWS/lwsrpnotes-r545-2-packet/scratch/graphs/doc-developer.md-232.mmd -o $REVIEWS/lwsrpnotes-r545-2-packet/scratch/graphs/doc-developer.md-232.svg -b white; rc=0
PASS doc/developer.md:232: 2 nodes; render rc=0
COMMAND mmdc -i $REVIEWS/lwsrpnotes-r545-2-packet/scratch/graphs/doc-developer.md-259.mmd -o $REVIEWS/lwsrpnotes-r545-2-packet/scratch/graphs/doc-developer.md-259.svg -b white; rc=0
PASS doc/developer.md:259: 2 nodes; render rc=0
COMMAND mmdc -i $REVIEWS/lwsrpnotes-r545-2-packet/scratch/graphs/doc-developer.md-306.mmd -o $REVIEWS/lwsrpnotes-r545-2-packet/scratch/graphs/doc-developer.md-306.svg -b white; rc=0
PASS doc/developer.md:306: 7 nodes; render rc=0
COMMAND mmdc -i $REVIEWS/lwsrpnotes-r545-2-packet/scratch/graphs/doc-developer.md-352.mmd -o $REVIEWS/lwsrpnotes-r545-2-packet/scratch/graphs/doc-developer.md-352.svg -b white; rc=0
PASS doc/developer.md:352: 6 nodes; render rc=0
COMMAND mmdc -i $REVIEWS/lwsrpnotes-r545-2-packet/scratch/graphs/doc-integrator.md-44.mmd -o $REVIEWS/lwsrpnotes-r545-2-packet/scratch/graphs/doc-integrator.md-44.svg -b white; rc=0
PASS doc/integrator.md:44: 2 nodes; render rc=0
COMMAND mmdc -i $REVIEWS/lwsrpnotes-r545-2-packet/scratch/graphs/doc-integrator.md-81.mmd -o $REVIEWS/lwsrpnotes-r545-2-packet/scratch/graphs/doc-integrator.md-81.svg -b white; rc=0
PASS doc/integrator.md:81: 4 nodes; render rc=0
COMMAND mmdc -i $REVIEWS/lwsrpnotes-r545-2-packet/scratch/graphs/doc-integrator.md-121.mmd -o $REVIEWS/lwsrpnotes-r545-2-packet/scratch/graphs/doc-integrator.md-121.svg -b white; rc=0
PASS doc/integrator.md:121: 4 nodes; render rc=0
COMMAND mmdc -i $REVIEWS/lwsrpnotes-r545-2-packet/scratch/graphs/doc-integrator.md-175.mmd -o $REVIEWS/lwsrpnotes-r545-2-packet/scratch/graphs/doc-integrator.md-175.svg -b white; rc=0
PASS doc/integrator.md:175: 3 nodes; render rc=0
COMMAND mmdc -i $REVIEWS/lwsrpnotes-r545-2-packet/scratch/graphs/doc-integrator.md-238.mmd -o $REVIEWS/lwsrpnotes-r545-2-packet/scratch/graphs/doc-integrator.md-238.svg -b white; rc=0
PASS doc/integrator.md:238: 3 nodes; render rc=0
COMMAND mmdc -i $REVIEWS/lwsrpnotes-r545-2-packet/scratch/graphs/doc-integrator.md-265.mmd -o $REVIEWS/lwsrpnotes-r545-2-packet/scratch/graphs/doc-integrator.md-265.svg -b white; rc=0
PASS doc/integrator.md:265: 3 nodes; render rc=0
COMMAND mmdc -i $REVIEWS/lwsrpnotes-r545-2-packet/scratch/graphs/doc-integrator.md-299.mmd -o $REVIEWS/lwsrpnotes-r545-2-packet/scratch/graphs/doc-integrator.md-299.svg -b white; rc=0
PASS doc/integrator.md:299: 3 nodes; render rc=0
COMMAND mmdc -i $REVIEWS/lwsrpnotes-r545-2-packet/scratch/graphs/doc-integrator.md-329.mmd -o $REVIEWS/lwsrpnotes-r545-2-packet/scratch/graphs/doc-integrator.md-329.svg -b white; rc=0
PASS doc/integrator.md:329: 2 nodes; render rc=0
COMMAND mmdc -i $REVIEWS/lwsrpnotes-r545-2-packet/scratch/graphs/doc-integrator.md-360.mmd -o $REVIEWS/lwsrpnotes-r545-2-packet/scratch/graphs/doc-integrator.md-360.svg -b white; rc=0
PASS doc/integrator.md:360: 4 nodes; render rc=0
COMMAND mmdc -i $REVIEWS/lwsrpnotes-r545-2-packet/scratch/graphs/doc-manager.md-46.mmd -o $REVIEWS/lwsrpnotes-r545-2-packet/scratch/graphs/doc-manager.md-46.svg -b white; rc=0
PASS doc/manager.md:46: 6 nodes; render rc=0
COMMAND mmdc -i $REVIEWS/lwsrpnotes-r545-2-packet/scratch/graphs/doc-tester.md-107.mmd -o $REVIEWS/lwsrpnotes-r545-2-packet/scratch/graphs/doc-tester.md-107.svg -b white; rc=0
PASS doc/tester.md:107: 6 nodes; render rc=0
COMMAND mmdc -i $REVIEWS/lwsrpnotes-r545-2-packet/scratch/graphs/doc-tester.md-137.mmd -o $REVIEWS/lwsrpnotes-r545-2-packet/scratch/graphs/doc-tester.md-137.svg -b white; rc=0
PASS doc/tester.md:137: 9 nodes; render rc=0
Graphs: 27; failures: 0
