toolchain: {'cc': 'gcc (GCC) 16.2.1 20260810', 'cxx': 'g++ (GCC) 16.2.1 20260810', 'gcov': 'gcov (GCC) 16.2.1 20260810', 'gtest': '1.18.0', 'gmock': '1.18.0'}
[ok] arm model
    == mbx (host model): checks: 23   failures: 0 ==
    RESULT: PASS
    verdict: PASS (23 tests, 0 failures, exit 0)
[ok] arm port
    == ctrl port, driver and loop (host model): checks: 31   failures: 0 ==
    RESULT: PASS
    verdict: PASS (31 tests, 0 failures, exit 0)
[ok] arm adp
    C0 LINK_UP -> TMR_DELAY armed                 11 accesses (bound 11)
    C1 TMR_DELAY -> ENTITY_AVAILABLE, TMR_ADVERTISE  39 accesses (bound 39)
    C2 RCV_ADP_DISCOVER -> TMR_DELAY armed        31 accesses (bound 31)
    C3 TMR_ADVERTISE -> TMR_DELAY armed           11 accesses (bound 11)
    C4 GM_CHANGE -> TMR_DELAY armed               11 accesses (bound 11)
    C5 LINK_DOWN -> timer cancelled                9 accesses (bound 11)
    C6 SHUTDOWN -> ENTITY_DEPARTING committed     29 accesses (bound 29)
    backlog: 16 event records, 30 centiseconds, 28 receive records
    passes: events by 2, ENTITY_AVAILABLE in 2 (175 accesses), receive ring by 14 (457 accesses), idle at 15; worst pass 105 accesses
    F5 the costliest pass of the backlog         105 accesses (bound 407)
    E5 1 SHUTDOWNs, expiry taken before the room: room to ENTITY_AVAILABLE  63 accesses (bound 1628)
    E5 1 SHUTDOWNs, expiry taken after the room: room to ENTITY_AVAILABLE  69 accesses (bound 1628)
    E5 2 SHUTDOWNs, expiry taken before the room: room to ENTITY_AVAILABLE  93 accesses (bound 1628)
    E5 2 SHUTDOWNs, expiry taken after the room: room to ENTITY_AVAILABLE  99 accesses (bound 1628)
    E5 64 SHUTDOWNs, expiry taken before the room: room to ENTITY_AVAILABLE  93 accesses (bound 1628)
    E5 64 SHUTDOWNs, expiry taken after the room: room to ENTITY_AVAILABLE  99 accesses (bound 1628)
    == ctrl ADP slice (fake ports and host model): checks: 26   failures: 0 ==
    RESULT: PASS
    verdict: PASS (26 tests, 0 failures, exit 0)
[ok] arm unit
    == ctrl units on the HAL and port-layer mocks: checks: 24   failures: 0 ==
    RESULT: PASS
    verdict: PASS (24 tests, 0 failures, exit 0)
    == ctrl MMIO platform (host window): checks: 2   failures: 0 ==
    RESULT: PASS
    verdict: PASS (2 tests, 0 failures, exit 0)
[ok] arm walk
    walked 36 cells of the processor's ADV table (N 10, I 16, S 4, C 6); 9 draw-in-flight cells not applicable
    == ctrl ADP walk (processor stimulus, host model): checks: 41   failures: 0 ==
    RESULT: PASS
    verdict: PASS (41 tests, 0 failures, exit 0)
[ok] arm acmp
    C0 BIND_RX -> response, PROBE_TX, TMR_NO_RESP, talker admitted, interface 0   76 accesses (bound 76)
    C1 GET_RX_STATE -> response, interface 0                                   47 accesses (bound 47)
    C2 PROBE_TX_RESPONSE -> TMR_NO_TK armed, interface 0                       28 accesses (bound 28)
    C3 UNBIND_RX -> response, timer stopped, talker withdrawn, interface 0     49 accesses (bound 49)
    C4 talker command -> response, interface 0                                 47 accesses (bound 47)
    C4 talker command -> response, interface 0                                 47 accesses (bound 47)
    C4 talker command -> response, interface 0                                 47 accesses (bound 47)
    C4 talker command -> response, interface 0                                 47 accesses (bound 47)
    C2 PROBE_TX_RESPONSE (failed) -> TMR_RETRY armed, interface 0              28 accesses (bound 28)
    C5 TMR_NO_RESP -> duplicate PROBE_TX, TMR_NO_RESP, interface 0             35 accesses (bound 35)
    C6 TMR_NO_RESP -> TMR_RETRY armed, interface 0                             12 accesses (bound 13)
    C7 TMR_RETRY -> TMR_DELAY armed, interface 0                               13 accesses (bound 13)
    C8 TMR_DELAY -> PROBE_TX, TMR_NO_RESP, interface 0                         35 accesses (bound 35)
    C9 TMR_NO_TK -> TMR_DELAY armed, interface 0                               12 accesses (bound 13)
    C10 ENTITY_AVAILABLE from its RX_HEAD -> TMR_DELAY armed (H-DISC), interface 0   35 accesses (bound 35)
    C11 ENTITY_DEPARTING from its RX_HEAD -> timer stopped (H-DISC), interface 0   29 accesses (bound 30)
    C12 TMR_NO_ADP -> TK_NOT_DISCOVERED, timer re-armed (H-DISC), interface 0   12 accesses (bound 12)
    E2 0 owed ahead: room to response                                          25 accesses (bound 9108)
    E2 3 owed ahead: room to response                                         100 accesses (bound 9108)
    E2 7 owed ahead: room to response                                         200 accesses (bound 9108)
    backlog: 16 event records, 12 acmp records of 70 bytes; worst pass 193 accesses
    F3 the worst pass of the backlog                                          193 accesses (bound 1012)
    adp backlog: 26 records through the filter, the ENTITY_AVAILABLE served in pass 13
    F5 ENTITY_AVAILABLE behind a full adp ring, from its RX_HEAD (H-DISC)     333 accesses (bound 22264)
    three-way backlog: 15 event records, 12 acmp and 7 maap records; worst pass 231 accesses
    F6 the worst pass of the three-way backlog                                231 accesses (bound 1580)
    == ctrl ACMP core and adapter (fake ports and host model): checks: 84   failures: 0 ==
    RESULT: PASS
    verdict: PASS (84 tests, 0 failures, exit 0)
[ok] arm acmpwalk
    == ctrl ACMP walk (processor stimulus and models): checks: 127   failures: 0 ==
    RESULT: PASS
    verdict: PASS (127 tests, 0 failures, exit 0)
[ok] arm acmpnvm
    == ctrl ACMP bindings on the saved-state store (1x1 shape): checks: 7   failures: 0 ==
    RESULT: PASS
    verdict: PASS (7 tests, 0 failures, exit 0)
[ok] arm acmpif2
    C0 BIND_RX -> response, PROBE_TX, TMR_NO_RESP, talker admitted, interface 0   76 accesses (bound 76)
    C1 GET_RX_STATE -> response, interface 0                                   47 accesses (bound 47)
    C2 PROBE_TX_RESPONSE -> TMR_NO_TK armed, interface 0                       28 accesses (bound 28)
    C3 UNBIND_RX -> response, timer stopped, talker withdrawn, interface 0     49 accesses (bound 49)
    C4 talker command -> response, interface 0                                 47 accesses (bound 47)
    C4 talker command -> response, interface 0                                 47 accesses (bound 47)
    C4 talker command -> response, interface 0                                 47 accesses (bound 47)
    C4 talker command -> response, interface 0                                 47 accesses (bound 47)
    C2 PROBE_TX_RESPONSE (failed) -> TMR_RETRY armed, interface 0              28 accesses (bound 28)
    C0 BIND_RX -> response, PROBE_TX, TMR_NO_RESP, talker admitted, interface 1   76 accesses (bound 76)
    C1 GET_RX_STATE -> response, interface 1                                   47 accesses (bound 47)
    C2 PROBE_TX_RESPONSE -> TMR_NO_TK armed, interface 1                       28 accesses (bound 28)
    C3 UNBIND_RX -> response, timer stopped, talker withdrawn, interface 1     49 accesses (bound 49)
    C4 talker command -> response, interface 1                                 47 accesses (bound 47)
    C4 talker command -> response, interface 1                                 47 accesses (bound 47)
    C4 talker command -> response, interface 1                                 47 accesses (bound 47)
    C4 talker command -> response, interface 1                                 47 accesses (bound 47)
    C2 PROBE_TX_RESPONSE (failed) -> TMR_RETRY armed, interface 1              28 accesses (bound 28)
    C5 TMR_NO_RESP -> duplicate PROBE_TX, TMR_NO_RESP, interface 0             35 accesses (bound 35)
    C6 TMR_NO_RESP -> TMR_RETRY armed, interface 0                             12 accesses (bound 13)
    C7 TMR_RETRY -> TMR_DELAY armed, interface 0                               13 accesses (bound 13)
    C8 TMR_DELAY -> PROBE_TX, TMR_NO_RESP, interface 0                         35 accesses (bound 35)
    C9 TMR_NO_TK -> TMR_DELAY armed, interface 0                               12 accesses (bound 13)
    C5 TMR_NO_RESP -> duplicate PROBE_TX, TMR_NO_RESP, interface 1             35 accesses (bound 35)
    C6 TMR_NO_RESP -> TMR_RETRY armed, interface 1                             12 accesses (bound 13)
    C7 TMR_RETRY -> TMR_DELAY armed, interface 1                               13 accesses (bound 13)
    C8 TMR_DELAY -> PROBE_TX, TMR_NO_RESP, interface 1                         35 accesses (bound 35)
    C9 TMR_NO_TK -> TMR_DELAY armed, interface 1                               12 accesses (bound 13)
    C10 ENTITY_AVAILABLE from its RX_HEAD -> TMR_DELAY armed (H-DISC), interface 0   35 accesses (bound 35)
    C11 ENTITY_DEPARTING from its RX_HEAD -> timer stopped (H-DISC), interface 0   29 accesses (bound 30)
    C10 ENTITY_AVAILABLE from its RX_HEAD -> TMR_DELAY armed (H-DISC), interface 1   35 accesses (bound 35)
    C11 ENTITY_DEPARTING from its RX_HEAD -> timer stopped (H-DISC), interface 1   29 accesses (bound 30)
    C12 TMR_NO_ADP -> TK_NOT_DISCOVERED, timer re-armed (H-DISC), interface 0   12 accesses (bound 12)
    C12 TMR_NO_ADP -> TK_NOT_DISCOVERED, timer re-armed (H-DISC), interface 1   12 accesses (bound 12)
    E2 0 owed ahead: room to response                                          25 accesses (bound 9387)
    E2 3 owed ahead: room to response                                         100 accesses (bound 9387)
    E2 7 owed ahead: room to response                                         200 accesses (bound 9387)
    backlog: 16 event records, 12 acmp records of 70 bytes; worst pass 195 accesses
    F3 the worst pass of the backlog                                          195 accesses (bound 1043)
    adp backlog: 26 records through the filter, the ENTITY_AVAILABLE served in pass 13
    F5 ENTITY_AVAILABLE behind a full adp ring, from its RX_HEAD (H-DISC)     333 accesses (bound 22946)
    three-way backlog: 14 event records, 12 acmp and 7 maap records; worst pass 233 accesses
    F6 the worst pass of the three-way backlog                                233 accesses (bound 1659)
    == ctrl ACMP adapter on the two-interface contract (host model): checks: 22   failures: 0 ==
    RESULT: PASS
    verdict: PASS (22 tests, 0 failures, exit 0)
[ok] arm entity
    == ctrl ADP entity fields (endstation_arty_4x4): checks: 9   failures: 0 ==
    RESULT: PASS
    verdict: PASS (9 tests, 0 failures, exit 0)
    == ctrl ADP entity fields (endstation_arty_8ch): checks: 9   failures: 0 ==
    RESULT: PASS
    verdict: PASS (9 tests, 0 failures, exit 0)
    == ctrl ADP entity fields (endstation_arty_current): checks: 9   failures: 0 ==
    RESULT: PASS
    verdict: PASS (9 tests, 0 failures, exit 0)
    == ctrl ADP entity fields (endstation_ax7101_1x1_tdm8): checks: 9   failures: 0 ==
    RESULT: PASS
    verdict: PASS (9 tests, 0 failures, exit 0)
    == ctrl ADP entity fields (endstation_ax7101_8x8): checks: 9   failures: 0 ==
    RESULT: PASS
    verdict: PASS (9 tests, 0 failures, exit 0)
[ok] arm rv32
    riscv32-linux-gcc -march=rv32i -mabi=ilp32 -ffreestanding -fno-stack-protector: 15 objects
    size (text data bss dec): 34256 0 178 34434
    largest static frame: 256 bytes (not a call-chain bound)
    undefined: __lshrdi3, __mulsi3, __udivsi3, __umodsi3, memcpy, memset, vsnprintf
    == ctrl RV32I freestanding build: checks: 1   failures: 0 ==
    RESULT: PASS
[ok] arm maap
    == ctrl MAAP Annex B: checks: 37   failures: 0 ==
    RESULT: PASS
    verdict: PASS (37 tests, 0 failures, exit 0)
    H-MAAP timer 0: 30 accesses, 8300 ns from original deadline (model)
    H-MAAP timer 1: 30 accesses, 11300 ns from original deadline (model)
    H-MAAP timer 2: 56 accesses, 16600 ns from original deadline (model)
    H-MAAP timer 3: 30 accesses, 19900 ns from original deadline (model)
    H-MAAP DEFEND: 40 accesses, 3900 ns from RX_HEAD (model)
    H-MAAP wake interface 0: 4700 ns from RX_HEAD (model)
    == ctrl H-MAAP mailbox: checks: 12   failures: 0 ==
    RESULT: PASS
    verdict: PASS (12 tests, 0 failures, exit 0)
[ok] arm maap_debug
    == ctrl MAAP debug port contract: checks: 1   failures: 0 ==
    RESULT: PASS
    verdict: PASS (1 tests, 0 failures, exit 0)
[ok] arm maap_if2
    H-MAAP timer 0: 30 accesses, 12200 ns from original deadline (model)
    H-MAAP timer 1: 30 accesses, 15200 ns from original deadline (model)
    H-MAAP timer 2: 56 accesses, 20500 ns from original deadline (model)
    H-MAAP timer 3: 30 accesses, 23800 ns from original deadline (model)
    H-MAAP DEFEND: 40 accesses, 3900 ns from RX_HEAD (model)
    H-MAAP wake interface 0: 4700 ns from RX_HEAD (model)
    H-MAAP wake interface 1: 4700 ns from RX_HEAD (model)
    H-MAAP interface 1 stall: 5004400 ns from RX_HEAD (model)
    == ctrl H-MAAP mailbox: checks: 13   failures: 0 ==
    RESULT: PASS
    verdict: PASS (13 tests, 0 failures, exit 0)
[ok] arm reentry_debug
    == ADP debug re-entry: checks: 122   failures: 0 ==
    RESULT: PASS
    verdict: PASS (122 tests, 0 failures, exit 0)
[ok] arm reentry_release
    == ADP release re-entry: checks: 122   failures: 0 ==
    RESULT: PASS
    verdict: PASS (122 tests, 0 failures, exit 0)
[ok] mutant acmp-nvm-refusal-applied (acmpnvm, acmpnvm): 4 check(s) failed
    first: [FAIL] AcmpStore.N5ARecordTheCoreRefusesKeepsItsDefault: N5 a binding record of a sink the configuration lacks is refused (nvm_state.h REFUSED), the walk goes on
[ok] mutant acmp-nvm-d3-roll-back-kept (acmpnvm): 5 check(s) failed
    first: [FAIL] AcmpStore.N6TheRollBackAndEveryOtherGroup: N6 every other group, settle, the D3 roll-back and the release go to the other owners unchanged
[ok] mutant acmp-nvm-latch-length-unchecked (acmpnvm): 1 check(s) failed
    first: [FAIL] AcmpStore.N6TheRollBackAndEveryOtherGroup: N6 a latch of another length gives nothing
[ok] mutant acmp-nvm-bindings-latched-by-the-others (acmpnvm): 11 check(s) failed
    first: [FAIL] AcmpStore.N1ABindSurvivesAPowerCycleAndFastConnects: N1 the binding parameters come back (5.3.8.2, 5.3.8.3)
[ok] mutant acmp-nvm-release-dropped (acmpnvm): 1 check(s) failed
    first: [FAIL] AcmpStore.N6TheRollBackAndEveryOtherGroup: N6 every other group, settle, the D3 roll-back and the release go to the other owners unchanged
[ok] mutant acmp-nvm-settle-dropped (acmpnvm): 3 check(s) failed
    first: [FAIL] AcmpStore.N6TheRollBackAndEveryOtherGroup: N6 every other group, settle, the D3 roll-back and the release go to the other owners unchanged
[ok] mutant acmp-nvm-model-always-ready (acmpnvm): 1 check(s) failed
    first: [FAIL] AcmpStore.N6TheRollBackAndEveryOtherGroup: N6 the model's readiness is the other owners'
[ok] mutant acmp-version-unchecked (acmp, acmp): 64 check(s) failed
    first: [FAIL] AcmpCore.A26AnotherAvtpVersionIsDiscardedBeforeItIsRead: A26 a BIND_RX of AVTP version 1 binds nothing, calls no port, counts as malformed
[ok] mutant acmp-adp-version-unchecked (acmp, acmp): 64 check(s) failed
    first: [FAIL] AcmpCore.A26AnotherAvtpVersionIsDiscardedBeforeItIsRead: A26 an ENTITY_AVAILABLE of version 1 discovers nothing
[ok] mutant acmp-version-bits-misread (acmp): 10 check(s) failed
    first: [FAIL] AcmpCore.A26AnotherAvtpVersionIsDiscardedBeforeItIsRead: A26 a BIND_RX of AVTP version 1 binds nothing, calls no port, counts as malformed
[ok] mutant acmp-header-version-1 (acmp): 4 check(s) failed
    first: [FAIL] AcmpCore.A1BindFromUnboundRespondsThenProbes: A1 BIND_RX sends two frames: the response and the probe
[ok] mutant acmp-owed-probe-timer-runs (acmp, acmp, acmp): 63 check(s) failed
    first: [FAIL] AcmpCore.A23EveryEntryRefusesACallFromInsideAPort: A23 and the outer call completes as if it had not been made: TMR_NO_RESP held for the owed probe, entry 0
[ok] mutant acmp-owed-probe-never-starts (acmp, acmp): 12 check(s) failed
    first: [FAIL] AcmpCore.A27AnOwedProbeStartsItsTimerWhenItLeaves: A27 the probe leaves 5 ms late and TMR_NO_RESP runs 200 ms from that send
[ok] mutant acmp-owed-probe-no-resp-2s (acmp): 6 check(s) failed
    first: [FAIL] AcmpCore.A27AnOwedProbeStartsItsTimerWhenItLeaves: A27 the probe leaves 5 ms late and TMR_NO_RESP runs 200 ms from that send
[ok] mutant acmp-owed-probe-sequence-unchecked (acmp): 2 check(s) failed
    first: [FAIL] AcmpCore.A27AProbeOwedPastAnUnbindARebindOrASuccessStartsNothing: A27 the old probe leaving starts no timer for the new one
[ok] mutant acmp-owed-probe-unnamed (acmp): 6 check(s) failed
    first: [FAIL] AcmpCore.A27AnOwedProbeStartsItsTimerWhenItLeaves: A27 the probe leaves 5 ms late and TMR_NO_RESP runs 200 ms from that send
[ok] mutant acmp-owed-probe-names-the-next-sink (acmp): 6 check(s) failed
    first: [FAIL] AcmpCore.A27AnOwedProbeStartsItsTimerWhenItLeaves: A27 the probe leaves 5 ms late and TMR_NO_RESP runs 200 ms from that send
[ok] mutant acmp-probe-timer-before-its-send (acmp, acmp): 12 check(s) failed
    first: [FAIL] AcmpCore.A30AProbeTakenAtOnceRunsFromTheClockAfterItsSend: A30 the probe taken at once: TMR_NO_RESP 200 ms from the clock after its send
[ok] mutant acmp-taken-probe-timer-from-the-entry-clock (acmp): 4 check(s) failed
    first: [FAIL] AcmpCore.A30ADuplicateTakenAtOnceRunsFromTheClockAfterItsSend: A30 the duplicate taken at once: TMR_NO_RESP 200 ms from the clock after its send, not the expiry's
[ok] mutant acmp-expiry-due-at-its-first-read (acmp): 1 check(s) failed
    first: [FAIL] AcmpCore.A30ATimerDueAfterAnEarlierSinksSendIsTakenInTheSameExpiry: A30 sink 1's 0 ms TMR_DELAY, drawn after sink 0's duplicate moved the clock, probes in the same expiry
[ok] mutant acmp-held-timer-expires (acmp): 7 check(s) failed
    first: [FAIL] AcmpCore.A27AnOwedProbeStartsItsTimerWhenItLeaves: A27 an expiry of the interface while the probe is owed takes nothing: a held timer is never due
[ok] mutant acmp-held-timer-armed (acmp): 14 check(s) failed
    first: [FAIL] AcmpCore.A23EveryEntryRefusesACallFromInsideAPort: A23 and the outer call completes as if it had not been made: TMR_NO_RESP held for the owed probe, entry 0
[ok] mutant acmp-lost-probe-held (acmp): 1 check(s) failed
    first: [FAIL] AcmpCore.A19AProbeWithoutRoomIsLostAndRecovered: A19 and it does
[ok] mutant acmp-stop-keeps-the-hold (acmp): 2 check(s) failed
    first: [FAIL] AcmpCore.A27AProbeOwedPastAnUnbindARebindOrASuccessStartsNothing: A27 an UNBIND_RX while the probe is owed stops its timer
mutants: 24 of 24 caught (slice 13 of 20 of 469)
test_ctrl_firmware: PASS
