toolchain: {'cc': 'gcc (GCC) 16.2.1 20260810', 'cxx': 'g++ (GCC) 16.2.1 20260810', 'gcov': 'gcov (GCC) 16.2.1 20260810', 'gtest': '1.18.0', 'gmock': '1.18.0'}
[ok] arm model
    == mbx (host model): checks: 23   failures: 0 ==
    RESULT: PASS
    verdict: PASS (23 tests, 0 failures, exit 0)
[ok] arm port
    == ctrl port, driver and loop (host model): checks: 31   failures: 0 ==
    RESULT: PASS
    verdict: PASS (31 tests, 0 failures, exit 0)
[ok] arm adp
    C0 LINK_UP -> TMR_DELAY armed                 11 accesses (bound 11)
    C1 TMR_DELAY -> ENTITY_AVAILABLE, TMR_ADVERTISE  39 accesses (bound 39)
    C2 RCV_ADP_DISCOVER -> TMR_DELAY armed        31 accesses (bound 31)
    C3 TMR_ADVERTISE -> TMR_DELAY armed           11 accesses (bound 11)
    C4 GM_CHANGE -> TMR_DELAY armed               11 accesses (bound 11)
    C5 LINK_DOWN -> timer cancelled                9 accesses (bound 11)
    C6 SHUTDOWN -> ENTITY_DEPARTING committed     29 accesses (bound 29)
    backlog: 16 event records, 30 centiseconds, 28 receive records
    passes: events by 2, ENTITY_AVAILABLE in 2 (175 accesses), receive ring by 14 (457 accesses), idle at 15; worst pass 105 accesses
    F5 the costliest pass of the backlog         105 accesses (bound 407)
    E5 1 SHUTDOWNs, expiry taken before the room: room to ENTITY_AVAILABLE  63 accesses (bound 1628)
    E5 1 SHUTDOWNs, expiry taken after the room: room to ENTITY_AVAILABLE  69 accesses (bound 1628)
    E5 2 SHUTDOWNs, expiry taken before the room: room to ENTITY_AVAILABLE  93 accesses (bound 1628)
    E5 2 SHUTDOWNs, expiry taken after the room: room to ENTITY_AVAILABLE  99 accesses (bound 1628)
    E5 64 SHUTDOWNs, expiry taken before the room: room to ENTITY_AVAILABLE  93 accesses (bound 1628)
    E5 64 SHUTDOWNs, expiry taken after the room: room to ENTITY_AVAILABLE  99 accesses (bound 1628)
    == ctrl ADP slice (fake ports and host model): checks: 26   failures: 0 ==
    RESULT: PASS
    verdict: PASS (26 tests, 0 failures, exit 0)
[ok] arm unit
    == ctrl units on the HAL and port-layer mocks: checks: 24   failures: 0 ==
    RESULT: PASS
    verdict: PASS (24 tests, 0 failures, exit 0)
    == ctrl MMIO platform (host window): checks: 2   failures: 0 ==
    RESULT: PASS
    verdict: PASS (2 tests, 0 failures, exit 0)
[ok] arm walk
    walked 36 cells of the processor's ADV table (N 10, I 16, S 4, C 6); 9 draw-in-flight cells not applicable
    == ctrl ADP walk (processor stimulus, host model): checks: 41   failures: 0 ==
    RESULT: PASS
    verdict: PASS (41 tests, 0 failures, exit 0)
[ok] arm acmp
    C0 BIND_RX -> response, PROBE_TX, TMR_NO_RESP, talker admitted, interface 0   76 accesses (bound 76)
    C1 GET_RX_STATE -> response, interface 0                                   47 accesses (bound 47)
    C2 PROBE_TX_RESPONSE -> TMR_NO_TK armed, interface 0                       28 accesses (bound 28)
    C3 UNBIND_RX -> response, timer stopped, talker withdrawn, interface 0     49 accesses (bound 49)
    C4 talker command -> response, interface 0                                 47 accesses (bound 47)
    C4 talker command -> response, interface 0                                 47 accesses (bound 47)
    C4 talker command -> response, interface 0                                 47 accesses (bound 47)
    C4 talker command -> response, interface 0                                 47 accesses (bound 47)
    C2 PROBE_TX_RESPONSE (failed) -> TMR_RETRY armed, interface 0              28 accesses (bound 28)
    C5 TMR_NO_RESP -> duplicate PROBE_TX, TMR_NO_RESP, interface 0             35 accesses (bound 35)
    C6 TMR_NO_RESP -> TMR_RETRY armed, interface 0                             12 accesses (bound 13)
    C7 TMR_RETRY -> TMR_DELAY armed, interface 0                               13 accesses (bound 13)
    C8 TMR_DELAY -> PROBE_TX, TMR_NO_RESP, interface 0                         35 accesses (bound 35)
    C9 TMR_NO_TK -> TMR_DELAY armed, interface 0                               12 accesses (bound 13)
    C10 ENTITY_AVAILABLE from its RX_HEAD -> TMR_DELAY armed (H-DISC), interface 0   35 accesses (bound 35)
    C11 ENTITY_DEPARTING from its RX_HEAD -> timer stopped (H-DISC), interface 0   29 accesses (bound 30)
    C12 TMR_NO_ADP -> TK_NOT_DISCOVERED, timer re-armed (H-DISC), interface 0   12 accesses (bound 12)
    E2 0 owed ahead: room to response                                          25 accesses (bound 9108)
    E2 3 owed ahead: room to response                                         100 accesses (bound 9108)
    E2 7 owed ahead: room to response                                         200 accesses (bound 9108)
    backlog: 16 event records, 12 acmp records of 70 bytes; worst pass 193 accesses
    F3 the worst pass of the backlog                                          193 accesses (bound 1012)
    adp backlog: 26 records through the filter, the ENTITY_AVAILABLE served in pass 13
    F5 ENTITY_AVAILABLE behind a full adp ring, from its RX_HEAD (H-DISC)     333 accesses (bound 22264)
    three-way backlog: 15 event records, 12 acmp and 7 maap records; worst pass 231 accesses
    F6 the worst pass of the three-way backlog                                231 accesses (bound 1580)
    == ctrl ACMP core and adapter (fake ports and host model): checks: 84   failures: 0 ==
    RESULT: PASS
    verdict: PASS (84 tests, 0 failures, exit 0)
[ok] arm acmpwalk
    == ctrl ACMP walk (processor stimulus and models): checks: 127   failures: 0 ==
    RESULT: PASS
    verdict: PASS (127 tests, 0 failures, exit 0)
[ok] arm acmpnvm
    == ctrl ACMP bindings on the saved-state store (1x1 shape): checks: 7   failures: 0 ==
    RESULT: PASS
    verdict: PASS (7 tests, 0 failures, exit 0)
[ok] arm acmpif2
    C0 BIND_RX -> response, PROBE_TX, TMR_NO_RESP, talker admitted, interface 0   76 accesses (bound 76)
    C1 GET_RX_STATE -> response, interface 0                                   47 accesses (bound 47)
    C2 PROBE_TX_RESPONSE -> TMR_NO_TK armed, interface 0                       28 accesses (bound 28)
    C3 UNBIND_RX -> response, timer stopped, talker withdrawn, interface 0     49 accesses (bound 49)
    C4 talker command -> response, interface 0                                 47 accesses (bound 47)
    C4 talker command -> response, interface 0                                 47 accesses (bound 47)
    C4 talker command -> response, interface 0                                 47 accesses (bound 47)
    C4 talker command -> response, interface 0                                 47 accesses (bound 47)
    C2 PROBE_TX_RESPONSE (failed) -> TMR_RETRY armed, interface 0              28 accesses (bound 28)
    C0 BIND_RX -> response, PROBE_TX, TMR_NO_RESP, talker admitted, interface 1   76 accesses (bound 76)
    C1 GET_RX_STATE -> response, interface 1                                   47 accesses (bound 47)
    C2 PROBE_TX_RESPONSE -> TMR_NO_TK armed, interface 1                       28 accesses (bound 28)
    C3 UNBIND_RX -> response, timer stopped, talker withdrawn, interface 1     49 accesses (bound 49)
    C4 talker command -> response, interface 1                                 47 accesses (bound 47)
    C4 talker command -> response, interface 1                                 47 accesses (bound 47)
    C4 talker command -> response, interface 1                                 47 accesses (bound 47)
    C4 talker command -> response, interface 1                                 47 accesses (bound 47)
    C2 PROBE_TX_RESPONSE (failed) -> TMR_RETRY armed, interface 1              28 accesses (bound 28)
    C5 TMR_NO_RESP -> duplicate PROBE_TX, TMR_NO_RESP, interface 0             35 accesses (bound 35)
    C6 TMR_NO_RESP -> TMR_RETRY armed, interface 0                             12 accesses (bound 13)
    C7 TMR_RETRY -> TMR_DELAY armed, interface 0                               13 accesses (bound 13)
    C8 TMR_DELAY -> PROBE_TX, TMR_NO_RESP, interface 0                         35 accesses (bound 35)
    C9 TMR_NO_TK -> TMR_DELAY armed, interface 0                               12 accesses (bound 13)
    C5 TMR_NO_RESP -> duplicate PROBE_TX, TMR_NO_RESP, interface 1             35 accesses (bound 35)
    C6 TMR_NO_RESP -> TMR_RETRY armed, interface 1                             12 accesses (bound 13)
    C7 TMR_RETRY -> TMR_DELAY armed, interface 1                               13 accesses (bound 13)
    C8 TMR_DELAY -> PROBE_TX, TMR_NO_RESP, interface 1                         35 accesses (bound 35)
    C9 TMR_NO_TK -> TMR_DELAY armed, interface 1                               12 accesses (bound 13)
    C10 ENTITY_AVAILABLE from its RX_HEAD -> TMR_DELAY armed (H-DISC), interface 0   35 accesses (bound 35)
    C11 ENTITY_DEPARTING from its RX_HEAD -> timer stopped (H-DISC), interface 0   29 accesses (bound 30)
    C10 ENTITY_AVAILABLE from its RX_HEAD -> TMR_DELAY armed (H-DISC), interface 1   35 accesses (bound 35)
    C11 ENTITY_DEPARTING from its RX_HEAD -> timer stopped (H-DISC), interface 1   29 accesses (bound 30)
    C12 TMR_NO_ADP -> TK_NOT_DISCOVERED, timer re-armed (H-DISC), interface 0   12 accesses (bound 12)
    C12 TMR_NO_ADP -> TK_NOT_DISCOVERED, timer re-armed (H-DISC), interface 1   12 accesses (bound 12)
    E2 0 owed ahead: room to response                                          25 accesses (bound 9387)
    E2 3 owed ahead: room to response                                         100 accesses (bound 9387)
    E2 7 owed ahead: room to response                                         200 accesses (bound 9387)
    backlog: 16 event records, 12 acmp records of 70 bytes; worst pass 195 accesses
    F3 the worst pass of the backlog                                          195 accesses (bound 1043)
    adp backlog: 26 records through the filter, the ENTITY_AVAILABLE served in pass 13
    F5 ENTITY_AVAILABLE behind a full adp ring, from its RX_HEAD (H-DISC)     333 accesses (bound 22946)
    three-way backlog: 14 event records, 12 acmp and 7 maap records; worst pass 233 accesses
    F6 the worst pass of the three-way backlog                                233 accesses (bound 1659)
    == ctrl ACMP adapter on the two-interface contract (host model): checks: 22   failures: 0 ==
    RESULT: PASS
    verdict: PASS (22 tests, 0 failures, exit 0)
[ok] arm entity
    == ctrl ADP entity fields (endstation_arty_4x4): checks: 9   failures: 0 ==
    RESULT: PASS
    verdict: PASS (9 tests, 0 failures, exit 0)
    == ctrl ADP entity fields (endstation_arty_8ch): checks: 9   failures: 0 ==
    RESULT: PASS
    verdict: PASS (9 tests, 0 failures, exit 0)
    == ctrl ADP entity fields (endstation_arty_current): checks: 9   failures: 0 ==
    RESULT: PASS
    verdict: PASS (9 tests, 0 failures, exit 0)
    == ctrl ADP entity fields (endstation_ax7101_1x1_tdm8): checks: 9   failures: 0 ==
    RESULT: PASS
    verdict: PASS (9 tests, 0 failures, exit 0)
    == ctrl ADP entity fields (endstation_ax7101_8x8): checks: 9   failures: 0 ==
    RESULT: PASS
    verdict: PASS (9 tests, 0 failures, exit 0)
[ok] arm rv32
    riscv32-linux-gcc -march=rv32i -mabi=ilp32 -ffreestanding -fno-stack-protector: 15 objects
    size (text data bss dec): 34256 0 178 34434
    largest static frame: 256 bytes (not a call-chain bound)
    undefined: __lshrdi3, __mulsi3, __udivsi3, __umodsi3, memcpy, memset, vsnprintf
    == ctrl RV32I freestanding build: checks: 1   failures: 0 ==
    RESULT: PASS
[ok] arm maap
    == ctrl MAAP Annex B: checks: 37   failures: 0 ==
    RESULT: PASS
    verdict: PASS (37 tests, 0 failures, exit 0)
    H-MAAP timer 0: 30 accesses, 8300 ns from original deadline (model)
    H-MAAP timer 1: 30 accesses, 11300 ns from original deadline (model)
    H-MAAP timer 2: 56 accesses, 16600 ns from original deadline (model)
    H-MAAP timer 3: 30 accesses, 19900 ns from original deadline (model)
    H-MAAP DEFEND: 40 accesses, 3900 ns from RX_HEAD (model)
    H-MAAP wake interface 0: 4700 ns from RX_HEAD (model)
    == ctrl H-MAAP mailbox: checks: 12   failures: 0 ==
    RESULT: PASS
    verdict: PASS (12 tests, 0 failures, exit 0)
[ok] arm maap_debug
    == ctrl MAAP debug port contract: checks: 1   failures: 0 ==
    RESULT: PASS
    verdict: PASS (1 tests, 0 failures, exit 0)
[ok] arm maap_if2
    H-MAAP timer 0: 30 accesses, 12200 ns from original deadline (model)
    H-MAAP timer 1: 30 accesses, 15200 ns from original deadline (model)
    H-MAAP timer 2: 56 accesses, 20500 ns from original deadline (model)
    H-MAAP timer 3: 30 accesses, 23800 ns from original deadline (model)
    H-MAAP DEFEND: 40 accesses, 3900 ns from RX_HEAD (model)
    H-MAAP wake interface 0: 4700 ns from RX_HEAD (model)
    H-MAAP wake interface 1: 4700 ns from RX_HEAD (model)
    H-MAAP interface 1 stall: 5004400 ns from RX_HEAD (model)
    == ctrl H-MAAP mailbox: checks: 13   failures: 0 ==
    RESULT: PASS
    verdict: PASS (13 tests, 0 failures, exit 0)
[ok] arm reentry_debug
    == ADP debug re-entry: checks: 122   failures: 0 ==
    RESULT: PASS
    verdict: PASS (122 tests, 0 failures, exit 0)
[ok] arm reentry_release
    == ADP release re-entry: checks: 122   failures: 0 ==
    RESULT: PASS
    verdict: PASS (122 tests, 0 failures, exit 0)
[ok] mutant acmp-slot-sum-wraps (acmp): 2 check(s) failed
    first: [FAIL] AcmpAdapterUnit.B7RefusalsOfTheAdapter: B7 a first slot of 4294967295 is refused: past the bank, wrapping the sum, or truncating to a slot
[ok] mutant acmp-slot-narrowed-first (acmp): 2 check(s) failed
    first: [FAIL] AcmpAdapterUnit.B7RefusalsOfTheAdapter: B7 a first slot of 256 is refused: past the bank, wrapping the sum, or truncating to a slot
[ok] mutant acmp-slots-one-short (acmp): 2 check(s) failed
    first: [FAIL] AcmpAdapterUnit.B7RefusalsOfTheAdapter: B7 the last slot range that fits is taken
[ok] mutant acmp-one-slot-for-all-interfaces (acmpif2): 20 check(s) failed
    first: [FAIL] AcmpMailbox.B3TheTimersRunOnTheInterfaceSlot: B3 TMR_NO_RESP is armed on interface 1's ACMP slot at NOW_MS + 200 (Table 5.26)
[ok] mutant acmp-expiry-to-interface-0 (acmpif2): 9 check(s) failed
    first: [FAIL] AcmpMailbox.B3TheTimersRunOnTheInterfaceSlot: B3 the duplicate leaves at 200 ms exactly, on interface 1 (5.5.3.5.16)
[ok] mutant acmp-gptp-of-interface-0 (acmpif2): 1 check(s) failed
    first: [FAIL] AcmpMailbox.B6TheGrandmasterIsTheInterfaces: B6 one from interface 1's grandmaster and domain is taken
[ok] mutant acmp-record-flag-defines-swapped (acmp): 4 check(s) failed
    first: [FAIL] AcmpCore.A24TheRecordIsTheProcessorsPayloadOneFlagAtATime: A24 bound and started: flags 0x03, then the parameters, byte for byte
[ok] mutant acmp-record-valid-bit-moved (acmp): 30 check(s) failed
    first: [FAIL] AcmpCore.A22DiscoveredStartsTheProbeFromPrbWAvail: A22 EVT_TK_DISCOVERED in PRB_W_AVAIL: TMR_DELAY 0 to 1 s, PRB_W_DELAY, ACTIVE (5.5.3.5.9)
[ok] mutant acmp-longer-record-applied (acmp): 3 check(s) failed
    first: [FAIL] AcmpCore.A24UnboundRecordsRefusalsAndRollback: A24 a payload of 21 bytes is refused, the longer ones too, before a byte is read
[ok] mutant acmp-nvm-d3-rollback-drops-bindings (acmpnvm, acmpnvm): 4 check(s) failed
    first: [FAIL] AcmpStore.N7AD3RollBackKeepsTheBindings: N7 and leaves the applied binding as the binding walk left it: bound, PRB_W_AVAIL, discovery running
[ok] mutant acmp-due-unsigned (acmp, acmp): 18 check(s) failed
    first: [FAIL] AcmpCore.A28EveryTimerExpiresAtItsDeadlineAcrossTheWrap: A28 TMR_NO_RESP: nothing at the wrap or 1 ms before its deadline
[ok] mutant acmp-earliest-unsigned (acmp): 1 check(s) failed
    first: [FAIL] AcmpCore.A28TheEarliestDeadlineIsChosenAcrossTheWrap: A28 the interface timer holds the earlier deadline, the numerically larger one before the wrap
[ok] mutant acmp-no-adp-due-unsigned (acmp): 1 check(s) failed
    first: [FAIL] AcmpCore.A28EveryTimerExpiresAtItsDeadlineAcrossTheWrap: A28 TMR_NO_ADP: nothing before its deadline
[ok] mutant acmp-no-resp-deadline-saturates (acmp): 5 check(s) failed
    first: [FAIL] AcmpCore.A28EveryTimerExpiresAtItsDeadlineAcrossTheWrap: A28 TMR_NO_RESP armed 100 ms before the wrap ends 100 ms after it
[ok] mutant acmp-retry-deadline-saturates (acmp): 2 check(s) failed
    first: [FAIL] AcmpCore.A28EveryTimerExpiresAtItsDeadlineAcrossTheWrap: A28 TMR_RETRY armed 999 ms before the wrap ends 3 s after it
[ok] mutant acmp-no-tk-deadline-saturates (acmp): 3 check(s) failed
    first: [FAIL] AcmpCore.A28EveryTimerExpiresAtItsDeadlineAcrossTheWrap: A28 TMR_NO_TK armed 4999 ms before the wrap ends 5 s after it
[ok] mutant acmp-delay-deadline-saturates (acmp): 2 check(s) failed
    first: [FAIL] AcmpCore.A28EveryTimerExpiresAtItsDeadlineAcrossTheWrap: A28 TMR_DELAY drawn at the last millisecond before the wrap ends after it
[ok] mutant acmp-no-adp-deadline-saturates (acmp): 4 check(s) failed
    first: [FAIL] AcmpCore.A28EveryTimerExpiresAtItsDeadlineAcrossTheWrap: A28 TMR_DELAY: nothing before its deadline
[ok] mutant acmp-admit-never-called (acmp, acmp, acmp): 60 check(s) failed
    first: [FAIL] AcmpCore.A23EveryPortIsGuarded: A23 the port kind 10 is guarded
[ok] mutant acmp-admit-on-every-entry (acmp, acmp): 42 check(s) failed
    first: [FAIL] AcmpCore.A7ResponsesOutsideProbingAreIgnored: A7 RCV_PROBE_TX_RESP is ignored outside PRB_W_RESP and PRB_W_RESP2 (Table 5.30 -), state 1
[ok] mutant acmp-admit-ignores-another-talker (acmp, acmp): 8 check(s) failed
    first: [FAIL] AcmpCore.A29TheAdmitPortFollowsEachSinksBoundTalker: A29 a re-bind to another talker admits it
[ok] mutant acmp-admit-on-interface-0 (acmp, acmpif2): 13 check(s) failed
    first: [FAIL] AcmpCore.A29TheAdmitPortFollowsEachSinksBoundTalker: A29 sink 2's talker on interface 1
[ok] mutant acmp-admit-port-unflagged (acmp): 1 check(s) failed
    first: [FAIL] AcmpCore.A23EveryPortIsGuarded: A23 the port kind 10 is guarded
[ok] mutant acmp-reset-forgets-the-admitted (acmp): 1 check(s) failed
    first: [FAIL] AcmpCore.A29RestoredBindingsAreAdmittedWhenTheTransportOpens: A29 a sink the store resets is withdrawn at the next open
mutants: 24 of 24 caught (slice 14 of 20 of 469)
test_ctrl_firmware: PASS
