{
  "shape": "endstation_ax7101_8x8",
  "captures": 16,
  "sys_hz": 100000000,
  "cpu_hz": 50000000,
  "configured_cpu_hz": 50000000,
  "phase": "aligned rising edges",
  "traffic": "on",
  "minimum_ms": 13.21274,
  "maximum_ms": 13.23352,
  "hold_ms": 50,
  "hold_floor_ms": 49,
  "margin": 3.702718551073335,
  "rows": [
    {
      "index": 0,
      "ok": 1,
      "sys_cycles": 1321816,
      "raw": 12634,
      "records": 156,
      "mismatches": 0,
      "open": 0,
      "requests": 82527,
      "responses": 87,
      "reads": 3393
    },
    {
      "index": 1,
      "ok": 1,
      "sys_cycles": 1322250,
      "raw": 12634,
      "records": 156,
      "mismatches": 0,
      "open": 0,
      "requests": 82554,
      "responses": 87,
      "reads": 3393
    },
    {
      "index": 2,
      "ok": 1,
      "sys_cycles": 1323244,
      "raw": 12634,
      "records": 156,
      "mismatches": 0,
      "open": 0,
      "requests": 82616,
      "responses": 87,
      "reads": 3393
    },
    {
      "index": 3,
      "ok": 1,
      "sys_cycles": 1321908,
      "raw": 12634,
      "records": 156,
      "mismatches": 0,
      "open": 0,
      "requests": 82532,
      "responses": 88,
      "reads": 3404
    },
    {
      "index": 4,
      "ok": 1,
      "sys_cycles": 1322802,
      "raw": 12634,
      "records": 156,
      "mismatches": 0,
      "open": 0,
      "requests": 82588,
      "responses": 88,
      "reads": 3427
    },
    {
      "index": 5,
      "ok": 1,
      "sys_cycles": 1321274,
      "raw": 12634,
      "records": 156,
      "mismatches": 0,
      "open": 0,
      "requests": 82493,
      "responses": 87,
      "reads": 3400
    },
    {
      "index": 6,
      "ok": 1,
      "sys_cycles": 1323352,
      "raw": 12634,
      "records": 156,
      "mismatches": 0,
      "open": 0,
      "requests": 82623,
      "responses": 87,
      "reads": 3411
    },
    {
      "index": 7,
      "ok": 1,
      "sys_cycles": 1321794,
      "raw": 12634,
      "records": 156,
      "mismatches": 0,
      "open": 0,
      "requests": 82526,
      "responses": 87,
      "reads": 3393
    },
    {
      "index": 8,
      "ok": 1,
      "sys_cycles": 1321794,
      "raw": 12634,
      "records": 156,
      "mismatches": 0,
      "open": 0,
      "requests": 82525,
      "responses": 87,
      "reads": 3393
    },
    {
      "index": 9,
      "ok": 1,
      "sys_cycles": 1321794,
      "raw": 12634,
      "records": 156,
      "mismatches": 0,
      "open": 0,
      "requests": 82526,
      "responses": 87,
      "reads": 3393
    },
    {
      "index": 10,
      "ok": 1,
      "sys_cycles": 1321794,
      "raw": 12634,
      "records": 156,
      "mismatches": 0,
      "open": 0,
      "requests": 82526,
      "responses": 87,
      "reads": 3393
    },
    {
      "index": 11,
      "ok": 1,
      "sys_cycles": 1322752,
      "raw": 12634,
      "records": 156,
      "mismatches": 0,
      "open": 0,
      "requests": 82585,
      "responses": 88,
      "reads": 3422
    },
    {
      "index": 12,
      "ok": 1,
      "sys_cycles": 1322664,
      "raw": 12634,
      "records": 156,
      "mismatches": 0,
      "open": 0,
      "requests": 82580,
      "responses": 87,
      "reads": 3393
    },
    {
      "index": 13,
      "ok": 1,
      "sys_cycles": 1322802,
      "raw": 12634,
      "records": 156,
      "mismatches": 0,
      "open": 0,
      "requests": 82588,
      "responses": 88,
      "reads": 3427
    },
    {
      "index": 14,
      "ok": 1,
      "sys_cycles": 1322764,
      "raw": 12634,
      "records": 156,
      "mismatches": 0,
      "open": 0,
      "requests": 82586,
      "responses": 87,
      "reads": 3393
    },
    {
      "index": 15,
      "ok": 1,
      "sys_cycles": 1322802,
      "raw": 12634,
      "records": 156,
      "mismatches": 0,
      "open": 0,
      "requests": 82588,
      "responses": 88,
      "reads": 3427
    }
  ]
}
