verilator --cc --exe --build -j 0 --top-module KL_aecp_dyn_state -Wall -Wno-fatal -Wno-DECLFILENAME -Wno-UNUSEDSIGNAL -Wno-WIDTHEXPAND -Wno-WIDTHTRUNC -Wno-UNUSEDPARAM -CFLAGS "-std=c++17 -O2 -I$REVIEWS/pp131-r391-1-packet/scratch/tree/tb/dyn_state -Wall -Wextra" -GN_STREAM_IN_P=2 -GN_STREAM_OUT_P=2 \
    --Mdir obj_dir ../../hdl/aecp/KL_aecp_dyn_state.sv sim_main.cpp -o Vdyn_state_sim
make[1]: Entering directory '$REVIEWS/pp131-r391-1-packet/scratch/tree/tb/dyn_state/obj_dir'
g++  -I.  -MMD -I<pinned-verilator-root>/usr/share/verilator/include -I<pinned-verilator-root>/usr/share/verilator/include/vltstd -DVERILATOR=1 -DVM_COVERAGE=0 -DVM_SC=0 -DVM_TIMING=0 -DVM_TRACE=0 -DVM_TRACE_FST=0 -DVM_TRACE_VCD=0 -DVM_TRACE_SAIF=0 -DVM_VPI=0 -faligned-new -fcf-protection=none -Wno-bool-operation -Wno-int-in-bool-context -Wno-shadow -Wno-sign-compare -Wno-subobject-linkage -Wno-tautological-compare -Wno-uninitialized -Wno-unused-but-set-parameter -Wno-unused-but-set-variable -Wno-unused-parameter -Wno-unused-variable    -std=c++17 -O2 -I$REVIEWS/pp131-r391-1-packet/scratch/tree/tb/dyn_state -Wall -Wextra   -Os  -c -o sim_main.o ../sim_main.cpp
g++ -Os  -I.  -MMD -I<pinned-verilator-root>/usr/share/verilator/include -I<pinned-verilator-root>/usr/share/verilator/include/vltstd -DVERILATOR=1 -DVM_COVERAGE=0 -DVM_SC=0 -DVM_TIMING=0 -DVM_TRACE=0 -DVM_TRACE_FST=0 -DVM_TRACE_VCD=0 -DVM_TRACE_SAIF=0 -DVM_VPI=0 -faligned-new -fcf-protection=none -Wno-bool-operation -Wno-int-in-bool-context -Wno-shadow -Wno-sign-compare -Wno-subobject-linkage -Wno-tautological-compare -Wno-uninitialized -Wno-unused-but-set-parameter -Wno-unused-but-set-variable -Wno-unused-parameter -Wno-unused-variable    -std=c++17 -O2 -I$REVIEWS/pp131-r391-1-packet/scratch/tree/tb/dyn_state -Wall -Wextra   -c -o verilated.o <pinned-verilator-root>/usr/share/verilator/include/verilated.cpp
g++ -Os  -I.  -MMD -I<pinned-verilator-root>/usr/share/verilator/include -I<pinned-verilator-root>/usr/share/verilator/include/vltstd -DVERILATOR=1 -DVM_COVERAGE=0 -DVM_SC=0 -DVM_TIMING=0 -DVM_TRACE=0 -DVM_TRACE_FST=0 -DVM_TRACE_VCD=0 -DVM_TRACE_SAIF=0 -DVM_VPI=0 -faligned-new -fcf-protection=none -Wno-bool-operation -Wno-int-in-bool-context -Wno-shadow -Wno-sign-compare -Wno-subobject-linkage -Wno-tautological-compare -Wno-uninitialized -Wno-unused-but-set-parameter -Wno-unused-but-set-variable -Wno-unused-parameter -Wno-unused-variable    -std=c++17 -O2 -I$REVIEWS/pp131-r391-1-packet/scratch/tree/tb/dyn_state -Wall -Wextra   -c -o verilated_dpi.o <pinned-verilator-root>/usr/share/verilator/include/verilated_dpi.cpp
g++ -Os  -I.  -MMD -I<pinned-verilator-root>/usr/share/verilator/include -I<pinned-verilator-root>/usr/share/verilator/include/vltstd -DVERILATOR=1 -DVM_COVERAGE=0 -DVM_SC=0 -DVM_TIMING=0 -DVM_TRACE=0 -DVM_TRACE_FST=0 -DVM_TRACE_VCD=0 -DVM_TRACE_SAIF=0 -DVM_VPI=0 -faligned-new -fcf-protection=none -Wno-bool-operation -Wno-int-in-bool-context -Wno-shadow -Wno-sign-compare -Wno-subobject-linkage -Wno-tautological-compare -Wno-uninitialized -Wno-unused-but-set-parameter -Wno-unused-but-set-variable -Wno-unused-parameter -Wno-unused-variable    -std=c++17 -O2 -I$REVIEWS/pp131-r391-1-packet/scratch/tree/tb/dyn_state -Wall -Wextra   -c -o verilated_threads.o <pinned-verilator-root>/usr/share/verilator/include/verilated_threads.cpp
python3 <pinned-verilator-root>/usr/share/verilator/bin/verilator_includer -DVL_INCLUDE_OPT=include VKL_aecp_dyn_state.cpp VKL_aecp_dyn_state___024root__0.cpp VKL_aecp_dyn_state__Dpi.cpp VKL_aecp_dyn_state__ConstPool__0__Slow.cpp VKL_aecp_dyn_state___024root__Slow.cpp VKL_aecp_dyn_state___024root__0__Slow.cpp VKL_aecp_dyn_state__Syms__Slow.cpp > VKL_aecp_dyn_state__ALL.cpp
g++ -Os  -I.  -MMD -I<pinned-verilator-root>/usr/share/verilator/include -I<pinned-verilator-root>/usr/share/verilator/include/vltstd -DVERILATOR=1 -DVM_COVERAGE=0 -DVM_SC=0 -DVM_TIMING=0 -DVM_TRACE=0 -DVM_TRACE_FST=0 -DVM_TRACE_VCD=0 -DVM_TRACE_SAIF=0 -DVM_VPI=0 -faligned-new -fcf-protection=none -Wno-bool-operation -Wno-int-in-bool-context -Wno-shadow -Wno-sign-compare -Wno-subobject-linkage -Wno-tautological-compare -Wno-uninitialized -Wno-unused-but-set-parameter -Wno-unused-but-set-variable -Wno-unused-parameter -Wno-unused-variable    -std=c++17 -O2 -I$REVIEWS/pp131-r391-1-packet/scratch/tree/tb/dyn_state -Wall -Wextra   -c -o VKL_aecp_dyn_state__ALL.o VKL_aecp_dyn_state__ALL.cpp
g++    sim_main.o verilated.o verilated_dpi.o verilated_threads.o VKL_aecp_dyn_state__ALL.a    -pthread -lpthread -latomic   -o Vdyn_state_sim
rm VKL_aecp_dyn_state__ALL.verilator_deplist.tmp
make[1]: Leaving directory '$REVIEWS/pp131-r391-1-packet/scratch/tree/tb/dyn_state/obj_dir'
- V e r i l a t i o n   R e p o r t: Verilator 5.050 2026-07-01 rev v5.050
- Verilator: Built from 0.055 MB sources in 2 modules, into 0.085 MB in 7 C++ files needing 0.000 MB
- Verilator: Walltime 5.095 s (elab=0.001, cvt=0.010, bld=5.075); cpu 0.022 s on 16 threads; allocated 755.191 MB
./obj_dir/Vdyn_state_sim
== KL_aecp_dyn_state, shape 2x2 ==
[shape 2x2] 62 checks, 0 failures
verilator --cc --exe --build -j 0 --top-module KL_aecp_dyn_state -Wall -Wno-fatal -Wno-DECLFILENAME -Wno-UNUSEDSIGNAL -Wno-WIDTHEXPAND -Wno-WIDTHTRUNC -Wno-UNUSEDPARAM -CFLAGS "-std=c++17 -O2 -I$REVIEWS/pp131-r391-1-packet/scratch/tree/tb/dyn_state -Wall -Wextra" -GN_STREAM_IN_P=1 -GN_STREAM_OUT_P=1 \
    -CFLAGS "-DSHAPE_1x1=1 -Wall -Wextra" --Mdir obj_1x1 ../../hdl/aecp/KL_aecp_dyn_state.sv sim_main.cpp -o Vdyn_state_1x1
make[1]: Entering directory '$REVIEWS/pp131-r391-1-packet/scratch/tree/tb/dyn_state/obj_1x1'
g++  -I.  -MMD -I<pinned-verilator-root>/usr/share/verilator/include -I<pinned-verilator-root>/usr/share/verilator/include/vltstd -DVERILATOR=1 -DVM_COVERAGE=0 -DVM_SC=0 -DVM_TIMING=0 -DVM_TRACE=0 -DVM_TRACE_FST=0 -DVM_TRACE_VCD=0 -DVM_TRACE_SAIF=0 -DVM_VPI=0 -faligned-new -fcf-protection=none -Wno-bool-operation -Wno-int-in-bool-context -Wno-shadow -Wno-sign-compare -Wno-subobject-linkage -Wno-tautological-compare -Wno-uninitialized -Wno-unused-but-set-parameter -Wno-unused-but-set-variable -Wno-unused-parameter -Wno-unused-variable    -std=c++17 -O2 -I$REVIEWS/pp131-r391-1-packet/scratch/tree/tb/dyn_state -Wall -Wextra -DSHAPE_1x1=1 -Wall -Wextra   -Os  -c -o sim_main.o ../sim_main.cpp
g++ -Os  -I.  -MMD -I<pinned-verilator-root>/usr/share/verilator/include -I<pinned-verilator-root>/usr/share/verilator/include/vltstd -DVERILATOR=1 -DVM_COVERAGE=0 -DVM_SC=0 -DVM_TIMING=0 -DVM_TRACE=0 -DVM_TRACE_FST=0 -DVM_TRACE_VCD=0 -DVM_TRACE_SAIF=0 -DVM_VPI=0 -faligned-new -fcf-protection=none -Wno-bool-operation -Wno-int-in-bool-context -Wno-shadow -Wno-sign-compare -Wno-subobject-linkage -Wno-tautological-compare -Wno-uninitialized -Wno-unused-but-set-parameter -Wno-unused-but-set-variable -Wno-unused-parameter -Wno-unused-variable    -std=c++17 -O2 -I$REVIEWS/pp131-r391-1-packet/scratch/tree/tb/dyn_state -Wall -Wextra -DSHAPE_1x1=1 -Wall -Wextra   -c -o verilated.o <pinned-verilator-root>/usr/share/verilator/include/verilated.cpp
g++ -Os  -I.  -MMD -I<pinned-verilator-root>/usr/share/verilator/include -I<pinned-verilator-root>/usr/share/verilator/include/vltstd -DVERILATOR=1 -DVM_COVERAGE=0 -DVM_SC=0 -DVM_TIMING=0 -DVM_TRACE=0 -DVM_TRACE_FST=0 -DVM_TRACE_VCD=0 -DVM_TRACE_SAIF=0 -DVM_VPI=0 -faligned-new -fcf-protection=none -Wno-bool-operation -Wno-int-in-bool-context -Wno-shadow -Wno-sign-compare -Wno-subobject-linkage -Wno-tautological-compare -Wno-uninitialized -Wno-unused-but-set-parameter -Wno-unused-but-set-variable -Wno-unused-parameter -Wno-unused-variable    -std=c++17 -O2 -I$REVIEWS/pp131-r391-1-packet/scratch/tree/tb/dyn_state -Wall -Wextra -DSHAPE_1x1=1 -Wall -Wextra   -c -o verilated_dpi.o <pinned-verilator-root>/usr/share/verilator/include/verilated_dpi.cpp
g++ -Os  -I.  -MMD -I<pinned-verilator-root>/usr/share/verilator/include -I<pinned-verilator-root>/usr/share/verilator/include/vltstd -DVERILATOR=1 -DVM_COVERAGE=0 -DVM_SC=0 -DVM_TIMING=0 -DVM_TRACE=0 -DVM_TRACE_FST=0 -DVM_TRACE_VCD=0 -DVM_TRACE_SAIF=0 -DVM_VPI=0 -faligned-new -fcf-protection=none -Wno-bool-operation -Wno-int-in-bool-context -Wno-shadow -Wno-sign-compare -Wno-subobject-linkage -Wno-tautological-compare -Wno-uninitialized -Wno-unused-but-set-parameter -Wno-unused-but-set-variable -Wno-unused-parameter -Wno-unused-variable    -std=c++17 -O2 -I$REVIEWS/pp131-r391-1-packet/scratch/tree/tb/dyn_state -Wall -Wextra -DSHAPE_1x1=1 -Wall -Wextra   -c -o verilated_threads.o <pinned-verilator-root>/usr/share/verilator/include/verilated_threads.cpp
python3 <pinned-verilator-root>/usr/share/verilator/bin/verilator_includer -DVL_INCLUDE_OPT=include VKL_aecp_dyn_state.cpp VKL_aecp_dyn_state___024root__0.cpp VKL_aecp_dyn_state__Dpi.cpp VKL_aecp_dyn_state__ConstPool__0__Slow.cpp VKL_aecp_dyn_state___024root__Slow.cpp VKL_aecp_dyn_state___024root__0__Slow.cpp VKL_aecp_dyn_state__Syms__Slow.cpp > VKL_aecp_dyn_state__ALL.cpp
g++ -Os  -I.  -MMD -I<pinned-verilator-root>/usr/share/verilator/include -I<pinned-verilator-root>/usr/share/verilator/include/vltstd -DVERILATOR=1 -DVM_COVERAGE=0 -DVM_SC=0 -DVM_TIMING=0 -DVM_TRACE=0 -DVM_TRACE_FST=0 -DVM_TRACE_VCD=0 -DVM_TRACE_SAIF=0 -DVM_VPI=0 -faligned-new -fcf-protection=none -Wno-bool-operation -Wno-int-in-bool-context -Wno-shadow -Wno-sign-compare -Wno-subobject-linkage -Wno-tautological-compare -Wno-uninitialized -Wno-unused-but-set-parameter -Wno-unused-but-set-variable -Wno-unused-parameter -Wno-unused-variable    -std=c++17 -O2 -I$REVIEWS/pp131-r391-1-packet/scratch/tree/tb/dyn_state -Wall -Wextra -DSHAPE_1x1=1 -Wall -Wextra   -c -o VKL_aecp_dyn_state__ALL.o VKL_aecp_dyn_state__ALL.cpp
g++    sim_main.o verilated.o verilated_dpi.o verilated_threads.o VKL_aecp_dyn_state__ALL.a    -pthread -lpthread -latomic   -o Vdyn_state_1x1
rm VKL_aecp_dyn_state__ALL.verilator_deplist.tmp
make[1]: Leaving directory '$REVIEWS/pp131-r391-1-packet/scratch/tree/tb/dyn_state/obj_1x1'
- V e r i l a t i o n   R e p o r t: Verilator 5.050 2026-07-01 rev v5.050
- Verilator: Built from 0.055 MB sources in 2 modules, into 0.086 MB in 7 C++ files needing 0.000 MB
- Verilator: Walltime 4.999 s (elab=0.001, cvt=0.010, bld=4.976); cpu 0.022 s on 16 threads; allocated 627.203 MB
./obj_1x1/Vdyn_state_1x1
== KL_aecp_dyn_state, shape 1x1 ==
[shape 1x1] 56 checks, 0 failures
118 checks: 118 PASS, 0 FAIL

real	0m10.236s
user	0m18.074s
sys	0m0.729s
