pass: {"exit": 0, "mode": "pass", "next_suite": true, "owner_ran": true}
fail: {"exit": 1, "mode": "fail", "next_suite": true, "owner_ran": true}
masked: {"exit": 1, "mode": "masked", "next_suite": true, "owner_ran": true}
timeout: {"exit": 92, "mode": "timeout", "next_suite": true, "owner_ran": true}
owner-refusal: {"exit": 2, "owner_refusal": true, "suite_started": false}
normal-orphan: {"exit": 0, "handshake": {"child": 2762672, "cwd": "<packet>/scratch/mut-base/no-partial-logs-message--base/suite-cancellation-90nl3c6m/normal-orphan input [523]", "identities": {"2762641": ["20417466", "S"], "2762672": ["20417469", "S"]}, "pid": 2762641}, "normal_cleanup": true}
relative-output: {"exit": 0, "relative_output": true}
cancel-selection-SIGINT: {"exit": 130, "foreign_untouched": true, "handshake": {"child": 2763333, "cwd": "<packet>/scratch/mut-base/no-partial-logs-message--base/suite-cancellation-90nl3c6m/cancel-selection-SIGINT input [523]", "identities": {"2763325": ["20417774", "S"], "2763333": ["20417776", "S"]}, "pid": 2763325}, "next_suite": false, "phase": "selection", "unsafe_control_detected": false}
cancel-selection-SIGTERM: {"exit": 143, "foreign_untouched": true, "handshake": {"child": 2763512, "cwd": "<packet>/scratch/mut-base/no-partial-logs-message--base/suite-cancellation-90nl3c6m/cancel-selection-SIGTERM input [523]", "identities": {"2763498": ["20418005", "S"], "2763512": ["20418008", "S"]}, "pid": 2763498}, "next_suite": false, "phase": "selection", "unsafe_control_detected": false}
cancel-preflight-SIGINT: {"exit": 130, "foreign_untouched": true, "handshake": {"child": 2763779, "cwd": "<packet>/scratch/mut-base/no-partial-logs-message--base/suite-cancellation-90nl3c6m/cancel-preflight-SIGINT input [523]", "identities": {"2763764": ["20418249", "S"], "2763779": ["20418253", "S"]}, "pid": 2763764}, "next_suite": false, "phase": "preflight", "unsafe_control_detected": false}
cancel-preflight-SIGTERM: {"exit": 143, "foreign_untouched": true, "handshake": {"child": 2764055, "cwd": "<packet>/scratch/mut-base/no-partial-logs-message--base/suite-cancellation-90nl3c6m/cancel-preflight-SIGTERM input [523]", "identities": {"2764044": ["20418496", "S"], "2764055": ["20418499", "S"]}, "pid": 2764044}, "next_suite": false, "phase": "preflight", "unsafe_control_detected": false}
cancel-command-SIGINT: {"exit": 130, "foreign_untouched": true, "handshake": {"child": 2764416, "cwd": "<packet>/scratch/mut-base/no-partial-logs-message--base/suite-cancellation-90nl3c6m/cancel-command-SIGINT input [523]", "identities": {"2764400": ["20418751", "S"], "2764416": ["20418754", "S"]}, "pid": 2764400}, "next_suite": false, "phase": "command", "unsafe_control_detected": false}
cancel-command-SIGTERM: {"exit": 143, "foreign_untouched": true, "handshake": {"child": 2764666, "cwd": "<packet>/scratch/mut-base/no-partial-logs-message--base/suite-cancellation-90nl3c6m/cancel-command-SIGTERM input [523]", "identities": {"2764640": ["20419005", "S"], "2764666": ["20419008", "S"]}, "pid": 2764640}, "next_suite": false, "phase": "command", "unsafe_control_detected": false}
cancel-transition-SIGINT: {"exit": 130, "foreign_untouched": true, "handshake": {"child": 2765002, "cwd": "<packet>/scratch/mut-base/no-partial-logs-message--base/suite-cancellation-90nl3c6m/cancel-transition-SIGINT input [523]", "identities": {"2764980": ["20419268", "S"], "2765002": ["20419271", "S"]}, "pid": 2764980}, "next_suite": false, "phase": "transition", "unsafe_control_detected": false}
cancel-transition-SIGTERM: {"exit": 143, "foreign_untouched": true, "handshake": {"child": 2765314, "cwd": "<packet>/scratch/mut-base/no-partial-logs-message--base/suite-cancellation-90nl3c6m/cancel-transition-SIGTERM input [523]", "identities": {"2765301": ["20419531", "S"], "2765314": ["20419534", "S"]}, "pid": 2765301}, "next_suite": false, "phase": "transition", "unsafe_control_detected": false}
unsafe-command-SIGTERM: {"exit": 1, "foreign_untouched": true, "handshake": {"child": 2765555, "cwd": "<packet>/scratch/mut-base/no-partial-logs-message--base/suite-cancellation-90nl3c6m/unsafe-command-SIGTERM input [523]", "identities": {"2765540": ["20419781", "S"], "2765555": ["20419784", "S"]}, "pid": 2765540}, "next_suite": true, "phase": "command", "unsafe_control_detected": true}
hard-KILL: {"exit": -9, "lock_owner_left": true, "next_suite": false, "output_after_death": "", "stop": "KILL", "sweep_shell_exited": true, "unsafe_control_detected": false}
hard-HUP: {"exit": -1, "lock_owner_left": true, "next_suite": false, "output_after_death": "", "stop": "HUP", "sweep_shell_exited": true, "unsafe_control_detected": false}
hard-HUP-group: {"exit": -1, "lock_owner_left": true, "next_suite": false, "output_after_death": "", "stop": "HUP-group", "sweep_shell_exited": true, "unsafe_control_detected": false}
unsafe-KILL: {"exit": -9, "lock_owner_left": false, "next_suite": true, "output_after_death": "PASS     alpha\nPASS     omega\n----------------------------------------------------------------\nsuites: 2   passed: 2   failed: 0   timed out: 0\nchecks: 2   in-suite failures: 0\nlogs: <packet>/scratch/mut-base/no-partial-logs-message--base/suite-cancellation-90nl3c6m/unsafe-KILL input [523]/logs\n", "stop": "KILL", "sweep_shell_exited": true, "unsafe_control_detected": true}
facility-no-prctl: {"exit": 2, "facility": "no-prctl", "refused": true, "sweep_started": false}
facility-prctl-fails: {"exit": 2, "facility": "prctl-fails", "refused": true, "sweep_started": false}
facility-no-pidfd-open: {"exit": 2, "facility": "no-pidfd-open", "refused": true, "sweep_started": false}
facility-no-pidfd-signal: {"exit": 2, "facility": "no-pidfd-signal", "refused": true, "sweep_started": false}
suite cancellation: PASS (INT/TERM boundaries, reaped identities, foreign sibling, partial logs, next-suite sentinel, ordinary/masked/timeout, hard KILL/HUP stops, facility refusals, unsafe negative controls)
