=== TDM capture junction: AAF column coherence (#617) ===

[Phtrue-d3940] CRF (aligner engaged), true 391/1591 plan, TDM clock held 3940 steps, 2000 columns
  [i]  front end: 2003 whole frames captured, 0 not matching the pattern
  [i]  CRF tail: tick 34 cycles after the frame close, -8..+0 (spread 8)
  [i]  2003 columns in 334 PDUs, 0 torn (0.0%), 0 repeats, 0 skips, 0 slip clusters
  [i]    pairs 1..3 vs pair 0: +0 +0 +0       2003 columns  100.0%  coherent
  [i]    pair 0 sample age at the tick: min 807  mean 815.2  max 825 axis cycles
  [i]    pair 1 sample age at the tick: min 547  mean 554.8  max 565 axis cycles
  [i]    pair 2 sample age at the tick: min 286  mean 294.4  max 304 axis cycles
  [i]    pair 3 sample age at the tick: min 26  mean 33.9  max 44 axis cycles

[Phtrue-d3956] CRF (aligner engaged), true 391/1591 plan, TDM clock held 3956 steps, 2000 columns
  [i]  front end: 2003 whole frames captured, 0 not matching the pattern
  [i]  CRF tail: tick 31 cycles after the frame close, -8..+0 (spread 8)
  [i]  2003 columns in 334 PDUs, 0 torn (0.0%), 0 repeats, 0 skips, 0 slip clusters
  [i]    pairs 1..3 vs pair 0: +0 +0 +0       2003 columns  100.0%  coherent
  [i]    pair 0 sample age at the tick: min 804  mean 812.2  max 822 axis cycles
  [i]    pair 1 sample age at the tick: min 544  mean 551.8  max 562 axis cycles
  [i]    pair 2 sample age at the tick: min 283  mean 291.4  max 301 axis cycles
  [i]    pair 3 sample age at the tick: min 23  mean 30.9  max 41 axis cycles

[Phtrue-d3972] CRF (aligner engaged), true 391/1591 plan, TDM clock held 3972 steps, 2000 columns
  [i]  front end: 2003 whole frames captured, 0 not matching the pattern
  [i]  CRF tail: tick 26 cycles after the frame close, -8..+0 (spread 8)
  [i]  2003 columns in 334 PDUs, 0 torn (0.0%), 0 repeats, 0 skips, 0 slip clusters
  [i]    pairs 1..3 vs pair 0: +0 +0 +0       2003 columns  100.0%  coherent
  [i]    pair 0 sample age at the tick: min 799  mean 807.2  max 817 axis cycles
  [i]    pair 1 sample age at the tick: min 539  mean 546.8  max 557 axis cycles
  [i]    pair 2 sample age at the tick: min 278  mean 286.4  max 296 axis cycles
  [i]    pair 3 sample age at the tick: min 18  mean 25.9  max 36 axis cycles

[Phtrue-d3988] CRF (aligner engaged), true 391/1591 plan, TDM clock held 3988 steps, 2000 columns
  [i]  front end: 2003 whole frames captured, 0 not matching the pattern
  [i]  CRF tail: tick 23 cycles after the frame close, -8..+0 (spread 8)
  [i]  2003 columns in 334 PDUs, 0 torn (0.0%), 0 repeats, 0 skips, 0 slip clusters
  [i]    pairs 1..3 vs pair 0: +0 +0 +0       2003 columns  100.0%  coherent
  [i]    pair 0 sample age at the tick: min 796  mean 804.2  max 814 axis cycles
  [i]    pair 1 sample age at the tick: min 536  mean 543.8  max 554 axis cycles
  [i]    pair 2 sample age at the tick: min 275  mean 283.4  max 293 axis cycles
  [i]    pair 3 sample age at the tick: min 15  mean 22.9  max 33 axis cycles

[Phtrue-d4004] CRF (aligner engaged), true 391/1591 plan, TDM clock held 4004 steps, 2000 columns
  [i]  front end: 2003 whole frames captured, 0 not matching the pattern
  [i]  CRF tail: tick 18 cycles after the frame close, -8..+0 (spread 8)
  [i]  2003 columns in 334 PDUs, 0 torn (0.0%), 0 repeats, 0 skips, 0 slip clusters
  [i]    pairs 1..3 vs pair 0: +0 +0 +0       2003 columns  100.0%  coherent
  [i]    pair 0 sample age at the tick: min 791  mean 799.2  max 809 axis cycles
  [i]    pair 1 sample age at the tick: min 531  mean 538.8  max 549 axis cycles
  [i]    pair 2 sample age at the tick: min 270  mean 278.4  max 288 axis cycles
  [i]    pair 3 sample age at the tick: min 10  mean 17.9  max 28 axis cycles

[Phtrue-d4020] CRF (aligner engaged), true 391/1591 plan, TDM clock held 4020 steps, 2000 columns
  [i]  front end: 2003 whole frames captured, 0 not matching the pattern
  [i]  CRF tail: tick 15 cycles after the frame close, -8..+0 (spread 8)
  [i]  2003 columns in 334 PDUs, 0 torn (0.0%), 0 repeats, 0 skips, 0 slip clusters
  [i]    pairs 1..3 vs pair 0: +0 +0 +0       2003 columns  100.0%  coherent
  [i]    pair 0 sample age at the tick: min 788  mean 796.2  max 806 axis cycles
  [i]    pair 1 sample age at the tick: min 528  mean 535.8  max 546 axis cycles
  [i]    pair 2 sample age at the tick: min 267  mean 275.4  max 285 axis cycles
  [i]    pair 3 sample age at the tick: min 7  mean 14.9  max 25 axis cycles

[Phtrue-d4036] CRF (aligner engaged), true 391/1591 plan, TDM clock held 4036 steps, 2000 columns
  [i]  front end: 2003 whole frames captured, 0 not matching the pattern
  [i]  CRF tail: tick 10 cycles after the frame close, -8..+0 (spread 8)
  [i]  2003 columns in 334 PDUs, 0 torn (0.0%), 0 repeats, 0 skips, 0 slip clusters
  [i]    pairs 1..3 vs pair 0: +0 +0 +0       2003 columns  100.0%  coherent
  [i]    pair 0 sample age at the tick: min 783  mean 791.2  max 801 axis cycles
  [i]    pair 1 sample age at the tick: min 523  mean 530.8  max 541 axis cycles
  [i]    pair 2 sample age at the tick: min 262  mean 270.4  max 280 axis cycles
  [i]    pair 3 sample age at the tick: min 2  mean 9.9  max 20 axis cycles

[Phtrue-d4052] CRF (aligner engaged), true 391/1591 plan, TDM clock held 4052 steps, 2000 columns
  [i]  front end: 2003 whole frames captured, 0 not matching the pattern
  [i]  CRF tail: tick 7 cycles after the frame close, -8..+0 (spread 8)
  [i]  2003 columns in 334 PDUs, 0 torn (0.0%), 0 repeats, 0 skips, 0 slip clusters
  [i]    pairs 1..3 vs pair 0: +0 +0 +0       2003 columns  100.0%  coherent
  [i]    pair 0 sample age at the tick: min 780  mean 788.2  max 798 axis cycles
  [i]    pair 1 sample age at the tick: min 520  mean 527.8  max 538 axis cycles
  [i]    pair 2 sample age at the tick: min 259  mean 267.4  max 277 axis cycles
  [i]    pair 3 sample age at the tick: min -1  mean 6.9  max 17 axis cycles

[Phtrue-d4068] CRF (aligner engaged), true 391/1591 plan, TDM clock held 4068 steps, 2000 columns
  [i]  front end: 2003 whole frames captured, 0 not matching the pattern
  [FAIL] [Phtrue-d4068] [C] slip clusters not netting exactly one frame got=1 exp=0
  [FAIL] [Phtrue-d4068] [C] every slip cluster nets one frame in the drift's direction
  [i]  CRF tail: tick 2 cycles after the frame close, -8..+0 (spread 8)
  [FAIL] [Phtrue-d4068] [C] slips while the CRF lock held got=66 exp=0
  [i]  2003 columns in 334 PDUs, 0 torn (0.0%), 33 repeats, 33 skips, 1 slip clusters
  [i]    pairs 1..3 vs pair 0: +0 +0 +0       2003 columns  100.0%  coherent
  [i]    pair 0 sample age at the tick: min 776  mean 809.8  max 1817 axis cycles
  [i]    pair 1 sample age at the tick: min 515  mean 549.4  max 1557 axis cycles
  [i]    pair 2 sample age at the tick: min 255  mean 288.9  max 1297 axis cycles
  [i]    pair 3 sample age at the tick: min -5  mean 28.5  max 1036 axis cycles

[Phtrue-d4084] CRF (aligner engaged), true 391/1591 plan, TDM clock held 4084 steps, 2000 columns
  [i]  front end: 2003 whole frames captured, 0 not matching the pattern
  [i]  CRF tail: tick 1041 cycles after the frame close, -8..+0 (spread 8)
  [FAIL] [Phtrue-d4084] [C] slips while the CRF lock held got=59 exp=0
  [i]  2003 columns in 334 PDUs, 0 torn (0.0%), 30 repeats, 29 skips, 1 slip clusters
  [i]    pairs 1..3 vs pair 0: +0 +0 +0       2003 columns  100.0%  coherent
  [i]    pair 0 sample age at the tick: min 776  mean 1034.1  max 1817 axis cycles
  [i]    pair 1 sample age at the tick: min 515  mean 773.7  max 1557 axis cycles
  [i]    pair 2 sample age at the tick: min 255  mean 513.3  max 1297 axis cycles
  [i]    pair 3 sample age at the tick: min -5  mean 252.9  max 1036 axis cycles

[Phtrue-d4100] CRF (aligner engaged), true 391/1591 plan, TDM clock held 4100 steps, 2000 columns
  [i]  front end: 2003 whole frames captured, 0 not matching the pattern
  [i]  CRF tail: tick 1036 cycles after the frame close, -8..+0 (spread 8)
  [i]  2003 columns in 334 PDUs, 0 torn (0.0%), 25 repeats, 24 skips, 1 slip clusters
  [i]    pairs 1..3 vs pair 0: +0 +0 +0       2003 columns  100.0%  coherent
  [i]    pair 0 sample age at the tick: min 776  mean 1354.4  max 1817 axis cycles
  [i]    pair 1 sample age at the tick: min 515  mean 1094.0  max 1557 axis cycles
  [i]    pair 2 sample age at the tick: min 255  mean 833.6  max 1297 axis cycles
  [i]    pair 3 sample age at the tick: min -5  mean 573.2  max 1036 axis cycles

[Phtrue-d4116] CRF (aligner engaged), true 391/1591 plan, TDM clock held 4116 steps, 2000 columns
  [i]  front end: 2003 whole frames captured, 0 not matching the pattern
  [i]  CRF tail: tick 1032 cycles after the frame close, -8..+0 (spread 8)
  [i]  2003 columns in 334 PDUs, 0 torn (0.0%), 29 repeats, 28 skips, 1 slip clusters
  [i]    pairs 1..3 vs pair 0: +0 +0 +0       2003 columns  100.0%  coherent
  [i]    pair 0 sample age at the tick: min 776  mean 1578.8  max 1817 axis cycles
  [i]    pair 1 sample age at the tick: min 515  mean 1318.4  max 1557 axis cycles
  [i]    pair 2 sample age at the tick: min 255  mean 1057.9  max 1297 axis cycles
  [i]    pair 3 sample age at the tick: min -5  mean 797.5  max 1036 axis cycles

[Phtrue-d4132] CRF (aligner engaged), true 391/1591 plan, TDM clock held 4132 steps, 2000 columns
  [i]  front end: 2003 whole frames captured, 0 not matching the pattern
  [i]  CRF tail: tick 1028 cycles after the frame close, -8..+0 (spread 8)
  [i]  2003 columns in 334 PDUs, 0 torn (0.0%), 20 repeats, 19 skips, 1 slip clusters
  [i]    pairs 1..3 vs pair 0: +0 +0 +0       2003 columns  100.0%  coherent
  [i]    pair 0 sample age at the tick: min 776  mean 1767.2  max 1817 axis cycles
  [i]    pair 1 sample age at the tick: min 515  mean 1506.7  max 1557 axis cycles
  [i]    pair 2 sample age at the tick: min 255  mean 1246.3  max 1297 axis cycles
  [i]    pair 3 sample age at the tick: min -5  mean 985.9  max 1036 axis cycles

[Phtrue-d4148] CRF (aligner engaged), true 391/1591 plan, TDM clock held 4148 steps, 2000 columns
  [i]  front end: 2003 whole frames captured, 0 not matching the pattern
  [i]  CRF tail: tick 1024 cycles after the frame close, -8..+0 (spread 8)
  [i]  2002 columns in 334 PDUs, 0 torn (0.0%), 0 repeats, 0 skips, 0 slip clusters
  [i]    pairs 1..3 vs pair 0: +0 +0 +0       2002 columns  100.0%  coherent
  [i]    pair 0 sample age at the tick: min 1797  mean 1804.9  max 1815 axis cycles
  [i]    pair 1 sample age at the tick: min 1536  mean 1544.4  max 1554 axis cycles
  [i]    pair 2 sample age at the tick: min 1276  mean 1284.0  max 1294 axis cycles
  [i]    pair 3 sample age at the tick: min 1016  mean 1023.6  max 1033 axis cycles

[Phtrue-d4164] CRF (aligner engaged), true 391/1591 plan, TDM clock held 4164 steps, 2000 columns
  [i]  front end: 2003 whole frames captured, 0 not matching the pattern
  [i]  CRF tail: tick 1020 cycles after the frame close, -8..+0 (spread 8)
  [i]  2002 columns in 334 PDUs, 0 torn (0.0%), 0 repeats, 0 skips, 0 slip clusters
  [i]    pairs 1..3 vs pair 0: +0 +0 +0       2002 columns  100.0%  coherent
  [i]    pair 0 sample age at the tick: min 1793  mean 1800.9  max 1811 axis cycles
  [i]    pair 1 sample age at the tick: min 1532  mean 1540.4  max 1550 axis cycles
  [i]    pair 2 sample age at the tick: min 1272  mean 1280.0  max 1290 axis cycles
  [i]    pair 3 sample age at the tick: min 1012  mean 1019.6  max 1029 axis cycles
== capture_coherence: checks: 255   failures: 4 ==
RESULT: FAIL

rc=1
