Note: Google Test filter = Srp.ReentryFromOutputIsRefusedAndCounted
[==========] Running 1 test from 1 test suite.
[----------] Global test environment set-up.
[----------] 1 test from Srp
[ RUN      ] Srp.ReentryFromOutputIsRefusedAndCounted
$SOURCE/sw/firmware/ctrl/test/srp_mbx.cpp:182: Failure
Expected equality of these values:
  adapter.reentries
    Which is: 0
  before+9
    Which is: 9

  [FAIL] Srp.ReentryFromOutputIsRefusedAndCounted:     Which is: 9
[  FAILED  ] Srp.ReentryFromOutputIsRefusedAndCounted (0 ms)
[----------] 1 test from Srp (0 ms total)

[----------] Global test environment tear-down
[==========] 1 test from 1 test suite ran. (0 ms total)
[  PASSED  ] 0 tests.
[  FAILED  ] 1 test, listed below:
[  FAILED  ] Srp.ReentryFromOutputIsRefusedAndCounted

 1 FAILED TEST
== ctrl SRP mailbox: checks: 1   failures: 1 ==
RESULT: FAIL
  verdict: FAIL (its tallies report 1 failure(s) across 1 checks, exit 1)