wrote $PACKET/scratch/probe/plant-L-ignore-peer-domain-if2/build/srp-srp_mbx-if2-endstation_ax7101_1x1_tdm8/contract/KL_mbx_pkg.sv (2 interfaces)
wrote $PACKET/scratch/probe/plant-L-ignore-peer-domain-if2/build/srp-srp_mbx-if2-endstation_ax7101_1x1_tdm8/contract/KL_mbx.sv (2 interfaces)
wrote $PACKET/scratch/probe/plant-L-ignore-peer-domain-if2/build/srp-srp_mbx-if2-endstation_ax7101_1x1_tdm8/contract/mbx_contract.h (2 interfaces)
[==========] Running 53 tests from 1 test suite.
[----------] Global test environment set-up.
[----------] 53 tests from Srp
[ RUN      ] Srp.StartupDeclaresTalkersDomainAndVlan
[       OK ] Srp.StartupDeclaresTalkersDomainAndVlan (0 ms)
[ RUN      ] Srp.LeaveAfterLeaveAllStopsAtOriginalFiveSecondDeadline
[       OK ] Srp.LeaveAfterLeaveAllStopsAtOriginalFiveSecondDeadline (1 ms)
[ RUN      ] Srp.RegisteredListenerSubtypeChangeRevokesPermission
[       OK ] Srp.RegisteredListenerSubtypeChangeRevokesPermission (0 ms)
[ RUN      ] Srp.InterfaceStateDoesNotCross
[       OK ] Srp.InterfaceStateDoesNotCross (0 ms)
[ RUN      ] Srp.SinkPortUsesMatchingRegisteredTalkerAndRetainsLeaveTimer
[       OK ] Srp.SinkPortUsesMatchingRegisteredTalkerAndRetainsLeaveTimer (0 ms)
[ RUN      ] Srp.DomainUsesPeerPriorityAndVlan
$REPO/sw/firmware/ctrl/test/srp_mbx.cpp:123: Failure
Expected equality of these values:
  adapter.ifs[0].domain.priority
    Which is: '\x3' (3)
  4u
    Which is: 4

  [FAIL] Srp.DomainUsesPeerPriorityAndVlan:     Which is: 4
$REPO/sw/firmware/ctrl/test/srp_mbx.cpp:123: Failure
Expected equality of these values:
  adapter.ifs[0].domain.vid
    Which is: 2
  3u
    Which is: 3

  [FAIL] Srp.DomainUsesPeerPriorityAndVlan:     Which is: 3
$REPO/sw/firmware/ctrl/test/srp_mbx.cpp:130: Failure
Value of: domain
  Actual: false
Expected: true

  [FAIL] Srp.DomainUsesPeerPriorityAndVlan: Expected: true
$REPO/sw/firmware/ctrl/test/srp_mbx.cpp:130: Failure
Value of: talker
  Actual: false
Expected: true

  [FAIL] Srp.DomainUsesPeerPriorityAndVlan: Expected: true
$REPO/sw/firmware/ctrl/test/srp_mbx.cpp:130: Failure
Value of: vlan
  Actual: false
Expected: true

  [FAIL] Srp.DomainUsesPeerPriorityAndVlan: Expected: true
[  FAILED  ] Srp.DomainUsesPeerPriorityAndVlan (0 ms)
[ RUN      ] Srp.RefusedMailboxRetainsOwedFrameAndDefersInput
[       OK ] Srp.RefusedMailboxRetainsOwedFrameAndDefersInput (0 ms)
[ RUN      ] Srp.ExpiryBacklogPrecedesSamePassReceive
[       OK ] Srp.ExpiryBacklogPrecedesSamePassReceive (0 ms)
[ RUN      ] Srp.ReentryFromOutputIsRefusedAndCounted
[       OK ] Srp.ReentryFromOutputIsRefusedAndCounted (0 ms)
[ RUN      ] Srp.InvalidBindingsAndDuplicateBindingsPreserveState
[       OK ] Srp.InvalidBindingsAndDuplicateBindingsPreserveState (0 ms)
[ RUN      ] Srp.ExhaustionDuringEachStartupStageReleasesEveryBlock
[       OK ] Srp.ExhaustionDuringEachStartupStageReleasesEveryBlock (0 ms)
[ RUN      ] Srp.MissingBootDependenciesRefuseBeforeAttachment
[       OK ] Srp.MissingBootDependenciesRefuseBeforeAttachment (0 ms)
[ RUN      ] Srp.AttachmentFailureIsAtomicAndDetachesAfterLoopReset
[       OK ] Srp.AttachmentFailureIsAtomicAndDetachesAfterLoopReset (0 ms)
[ RUN      ] Srp.InvalidFramesHaveNoReservationSideEffects
[       OK ] Srp.InvalidFramesHaveNoReservationSideEffects (0 ms)
[ RUN      ] Srp.ExhaustedPoolStillReusesOwnedBlocksOnLinkReset
[       OK ] Srp.ExhaustedPoolStillReusesOwnedBlocksOnLinkReset (0 ms)
[ RUN      ] Srp.ReadyFailedAndUninterestingStreamsAreSeparated
[       OK ] Srp.ReadyFailedAndUninterestingStreamsAreSeparated (0 ms)
[ RUN      ] Srp.DomainFilterAndDuplicateDoNotGrowDeclarations
[       OK ] Srp.DomainFilterAndDuplicateDoNotGrowDeclarations (0 ms)
[ RUN      ] Srp.MvrpAcceptsOnlyCurrentDomainVid
[       OK ] Srp.MvrpAcceptsOnlyCurrentDomainVid (0 ms)
[ RUN      ] Srp.WireMismatchesCannotAdmitBoundSinkAndLeaveExpiresIt
[       OK ] Srp.WireMismatchesCannotAdmitBoundSinkAndLeaveExpiresIt (0 ms)
[ RUN      ] Srp.AdmissionUsesBandwidthAndEthernetMinimum
[       OK ] Srp.AdmissionUsesBandwidthAndEthernetMinimum (0 ms)
[ RUN      ] Srp.DomainExhaustionPreservesOldDeclarationUntilRetry
$REPO/sw/firmware/ctrl/test/srp_mbx.cpp:340: Failure
Expected: (adapter.refused) > (0u), actual: 0 vs 0

  [FAIL] Srp.DomainExhaustionPreservesOldDeclarationUntilRetry: Expected: (adapter.refused) > (0u), actual: 0 vs 0
$REPO/sw/firmware/ctrl/test/srp_mbx.cpp:341: Failure
Value of: adapter.ifs[0].domain_owed
  Actual: false
Expected: true

  [FAIL] Srp.DomainExhaustionPreservesOldDeclarationUntilRetry: Expected: true
$REPO/sw/firmware/ctrl/test/srp_mbx.cpp:343: Failure
Expected equality of these values:
  adapter.ifs[0].domain.vid
    Which is: 2
  3u
    Which is: 3

  [FAIL] Srp.DomainExhaustionPreservesOldDeclarationUntilRetry:     Which is: 3
[  FAILED  ] Srp.DomainExhaustionPreservesOldDeclarationUntilRetry (0 ms)
[ RUN      ] Srp.SinkDeclarationExhaustionRetriesWithoutLosingBinding
[       OK ] Srp.SinkDeclarationExhaustionRetriesWithoutLosingBinding (0 ms)
[ RUN      ] Srp.LinkLossCancelsItsOwedFrameOnly
[       OK ] Srp.LinkLossCancelsItsOwedFrameOnly (0 ms)
[ RUN      ] Srp.OneLoopOwnsTheGlobalCentisecondDispatch
[       OK ] Srp.OneLoopOwnsTheGlobalCentisecondDispatch (0 ms)
[ RUN      ] Srp.ListenerBeforeVlanCommitCannotStartTalker
[       OK ] Srp.ListenerBeforeVlanCommitCannotStartTalker (0 ms)
[ RUN      ] Srp.SharedBindingsRetainTheListenerAndVlanUntilTheLastUnbind
[       OK ] Srp.SharedBindingsRetainTheListenerAndVlanUntilTheLastUnbind (0 ms)
[ RUN      ] Srp.BoundOldDomainVlanSurvivesDomainChange
[       OK ] Srp.BoundOldDomainVlanSurvivesDomainChange (0 ms)
[ RUN      ] Srp.PriorityOnlyDomainChangeKeepsVlanMembership
$REPO/sw/firmware/ctrl/test/srp_mbx.cpp:443: Failure
Expected equality of these values:
  adapter.ifs[0].domain.priority
    Which is: '\x3' (3)
  4u
    Which is: 4

  [FAIL] Srp.PriorityOnlyDomainChangeKeepsVlanMembership:     Which is: 4
[  FAILED  ] Srp.PriorityOnlyDomainChangeKeepsVlanMembership (0 ms)
[ RUN      ] Srp.SinkVlanExhaustionRetriesAndDistinctMembershipsRemainIndependent
[       OK ] Srp.SinkVlanExhaustionRetriesAndDistinctMembershipsRemainIndependent (0 ms)
[ RUN      ] Srp.SinkMembershipCommitsBeforeReadyAtStartup
[       OK ] Srp.SinkMembershipCommitsBeforeReadyAtStartup (0 ms)
[ RUN      ] Srp.InListenerWithdrawalRevokesLicenceImmediately
[       OK ] Srp.InListenerWithdrawalRevokesLicenceImmediately (0 ms)
[ RUN      ] Srp.InTalkerWithdrawalImmediatelyWithdrawsListener
[       OK ] Srp.InTalkerWithdrawalImmediatelyWithdrawsListener (0 ms)
[ RUN      ] Srp.ReadyToReadyFailedNeverGlitchesAnActiveLicence
[       OK ] Srp.ReadyToReadyFailedNeverGlitchesAnActiveLicence (0 ms)
[ RUN      ] Srp.AdmissionStraddlesTheExactEthernetCeiling
[       OK ] Srp.AdmissionStraddlesTheExactEthernetCeiling (0 ms)
[ RUN      ] Srp.AdjacentLinkEdgesResetDomainAndAllPriorRegistrations
[       OK ] Srp.AdjacentLinkEdgesResetDomainAndAllPriorRegistrations (0 ms)
[ RUN      ] Srp.OldReceiveBacklogCannotRegisterAcrossLinkRestart
[       OK ] Srp.OldReceiveBacklogCannotRegisterAcrossLinkRestart (0 ms)
[ RUN      ] Srp.SharedIdentityReconcilesBothBindingOrdersOnTheWire
[       OK ] Srp.SharedIdentityReconcilesBothBindingOrdersOnTheWire (2 ms)
[ RUN      ] Srp.RecreateAllocationFailureIsCountedAndRetried
[       OK ] Srp.RecreateAllocationFailureIsCountedAndRetried (7 ms)
[ RUN      ] Srp.LinkEventsDiscardOnlyTheirPublishedReceivePrefix
[       OK ] Srp.LinkEventsDiscardOnlyTheirPublishedReceivePrefix (0 ms)
[ RUN      ] Srp.LinkLevelLossAndFirstDownEventAreFailClosed
[       OK ] Srp.LinkLevelLossAndFirstDownEventAreFailClosed (0 ms)
[ RUN      ] Srp.EventReentryAndSinkCapacityAreGuarded
[       OK ] Srp.EventReentryAndSinkCapacityAreGuarded (0 ms)
[ RUN      ] Srp.ReattachLearnsAnAlreadyUpLinkWithoutAnotherRecord
[       OK ] Srp.ReattachLearnsAnAlreadyUpLinkWithoutAnotherRecord (0 ms)
[ RUN      ] Srp.CancelledLinkRecordRecoversFromLevelAndFencesOldReceive
[       OK ] Srp.CancelledLinkRecordRecoversFromLevelAndFencesOldReceive (0 ms)
[ RUN      ] Srp.SharedRebindKeepsOnlyTheRemainingEligibleRequest
[       OK ] Srp.SharedRebindKeepsOnlyTheRemainingEligibleRequest (11 ms)
[ RUN      ] Srp.ConsecutiveSharedReplacementsKeepApplicantStateUntilReconciliation
[       OK ] Srp.ConsecutiveSharedReplacementsKeepApplicantStateUntilReconciliation (3 ms)
[ RUN      ] Srp.JoiningIneligibleBindingWithdrawsReadyWhenOriginalLeaves
[       OK ] Srp.JoiningIneligibleBindingWithdrawsReadyWhenOriginalLeaves (2 ms)
[ RUN      ] Srp.ReboundStreamCannotInheritAnotherStreamsReady
[       OK ] Srp.ReboundStreamCannotInheritAnotherStreamsReady (2 ms)
[ RUN      ] Srp.FinalDomainVidUnbindKeepsSrClassMembership
$REPO/sw/firmware/ctrl/test/srp_mbx.cpp:898: Failure
Expected equality of these values:
  adapter.ifs[i].domain.vid
    Which is: 2
  vid
    Which is: 7
Google Test trace:
$REPO/sw/firmware/ctrl/test/srp_mbx.cpp:895: 0/7/0

  [FAIL] Srp.FinalDomainVidUnbindKeepsSrClassMembership: $REPO/sw/firmware/ctrl/test/srp_mbx.cpp:895: 0/7/0
[  FAILED  ] Srp.FinalDomainVidUnbindKeepsSrClassMembership (1 ms)
[ RUN      ] Srp.LastNeverEligibleBindingWithdrawsTheSharedVidInEitherOrder
[       OK ] Srp.LastNeverEligibleBindingWithdrawsTheSharedVidInEitherOrder (2 ms)
[ RUN      ] Srp.RefusedPeerDomainDoesNotSurviveLinkRestart
$REPO/sw/firmware/ctrl/test/srp_mbx.cpp:956: Failure
Value of: adapter.ifs[0].domain_owed
  Actual: false
Expected: true

  [FAIL] Srp.RefusedPeerDomainDoesNotSurviveLinkRestart: Expected: true
$REPO/sw/firmware/ctrl/test/srp_fixture.hpp:71: Failure
Expected equality of these values:
  ctrl_pool_in_use(&pool)
    Which is: 47
  0u
    Which is: 0

  [FAIL] Srp.RefusedPeerDomainDoesNotSurviveLinkRestart:     Which is: 0
[  FAILED  ] Srp.RefusedPeerDomainDoesNotSurviveLinkRestart (0 ms)
[ RUN      ] Srp.SinkVlanRedeclaredBeforeReadyAfterLinkRestart
[       OK ] Srp.SinkVlanRedeclaredBeforeReadyAfterLinkRestart (0 ms)
[ RUN      ] Srp.SharedReadyWaitsForTheMatchingBindingsOwnVlan
[       OK ] Srp.SharedReadyWaitsForTheMatchingBindingsOwnVlan (0 ms)
[ RUN      ] Srp.MilanMsrpOptionLeavesMvrpOnTheOriginalLeaveDeadline
[       OK ] Srp.MilanMsrpOptionLeavesMvrpOnTheOriginalLeaveDeadline (1 ms)
[----------] 53 tests from Srp (42 ms total)

[----------] Global test environment tear-down
[==========] 53 tests from 1 test suite ran. (42 ms total)
[  PASSED  ] 48 tests.
[  FAILED  ] 5 tests, listed below:
[  FAILED  ] Srp.DomainUsesPeerPriorityAndVlan
[  FAILED  ] Srp.DomainExhaustionPreservesOldDeclarationUntilRetry
[  FAILED  ] Srp.PriorityOnlyDomainChangeKeepsVlanMembership
[  FAILED  ] Srp.FinalDomainVidUnbindKeepsSrClassMembership
[  FAILED  ] Srp.RefusedPeerDomainDoesNotSurviveLinkRestart

 5 FAILED TESTS
== ctrl SRP mailbox: checks: 53   failures: 5 ==
RESULT: FAIL
  verdict: FAIL (its tallies report 5 failure(s) across 53 checks, exit 1)
PLANT L-ignore-peer-domain IF=2 rc=1 named=CAUGHT test=DomainUsesPeerPriorityAndVlan needle=domain.priority failing=['Srp.DomainExhaustionPreservesOldDeclarationUntilRetry', 'Srp.DomainUsesPeerPriorityAndVlan', 'Srp.FinalDomainVidUnbindKeepsSrClassMembership', 'Srp.PriorityOnlyDomainChangeKeepsVlanMembership', 'Srp.RefusedPeerDomainDoesNotSurviveLinkRestart']
