matrix: 115 REQ rows, 17 GAP findings, OK
parameters: top 29, guide 29, diagram 29, OK
matrix: OK (94 rows, 0 untested)
links: 1186 checked, OK
MERMAID FAIL: mmd-docs_architecture_01_overview_md-1.txt
    ./scripts/lint-diagrams.sh: line 39: mmdc: command not found
MERMAID FAIL: mmd-docs_architecture_02_interfaces_md-1.txt
    ./scripts/lint-diagrams.sh: line 39: mmdc: command not found
MERMAID FAIL: mmd-docs_architecture_02_interfaces_md-2.txt
    ./scripts/lint-diagrams.sh: line 39: mmdc: command not found
MERMAID FAIL: mmd-docs_architecture_03_packet_engine_md-1.txt
    ./scripts/lint-diagrams.sh: line 39: mmdc: command not found
MERMAID FAIL: mmd-docs_architecture_03_packet_engine_md-2.txt
    ./scripts/lint-diagrams.sh: line 39: mmdc: command not found
MERMAID FAIL: mmd-docs_architecture_03_packet_engine_md-3.txt
    ./scripts/lint-diagrams.sh: line 39: mmdc: command not found
MERMAID FAIL: mmd-docs_architecture_04_adp_engine_md-1.txt
    ./scripts/lint-diagrams.sh: line 39: mmdc: command not found
MERMAID FAIL: mmd-docs_architecture_04_adp_engine_md-2.txt
    ./scripts/lint-diagrams.sh: line 39: mmdc: command not found
MERMAID FAIL: mmd-docs_architecture_04_adp_engine_md-3.txt
    ./scripts/lint-diagrams.sh: line 39: mmdc: command not found
MERMAID FAIL: mmd-docs_architecture_04_adp_engine_md-4.txt
    ./scripts/lint-diagrams.sh: line 39: mmdc: command not found
MERMAID FAIL: mmd-docs_architecture_05_acmp_engine_md-1.txt
    ./scripts/lint-diagrams.sh: line 39: mmdc: command not found
MERMAID FAIL: mmd-docs_architecture_05_acmp_engine_md-10.txt
    ./scripts/lint-diagrams.sh: line 39: mmdc: command not found
MERMAID FAIL: mmd-docs_architecture_05_acmp_engine_md-11.txt
    ./scripts/lint-diagrams.sh: line 39: mmdc: command not found
MERMAID FAIL: mmd-docs_architecture_05_acmp_engine_md-2.txt
    ./scripts/lint-diagrams.sh: line 39: mmdc: command not found
MERMAID FAIL: mmd-docs_architecture_05_acmp_engine_md-3.txt
    ./scripts/lint-diagrams.sh: line 39: mmdc: command not found
MERMAID FAIL: mmd-docs_architecture_05_acmp_engine_md-4.txt
    ./scripts/lint-diagrams.sh: line 39: mmdc: command not found
MERMAID FAIL: mmd-docs_architecture_05_acmp_engine_md-5.txt
    ./scripts/lint-diagrams.sh: line 39: mmdc: command not found
MERMAID FAIL: mmd-docs_architecture_05_acmp_engine_md-6.txt
    ./scripts/lint-diagrams.sh: line 39: mmdc: command not found
MERMAID FAIL: mmd-docs_architecture_05_acmp_engine_md-7.txt
    ./scripts/lint-diagrams.sh: line 39: mmdc: command not found
MERMAID FAIL: mmd-docs_architecture_05_acmp_engine_md-8.txt
    ./scripts/lint-diagrams.sh: line 39: mmdc: command not found
MERMAID FAIL: mmd-docs_architecture_05_acmp_engine_md-9.txt
    ./scripts/lint-diagrams.sh: line 39: mmdc: command not found
MERMAID FAIL: mmd-docs_architecture_06_aecp_engine_md-1.txt
    ./scripts/lint-diagrams.sh: line 39: mmdc: command not found
MERMAID FAIL: mmd-docs_architecture_06_aecp_engine_md-2.txt
    ./scripts/lint-diagrams.sh: line 39: mmdc: command not found
MERMAID FAIL: mmd-docs_architecture_06_aecp_engine_md-3.txt
    ./scripts/lint-diagrams.sh: line 39: mmdc: command not found
MERMAID FAIL: mmd-docs_architecture_06_aecp_engine_md-4.txt
    ./scripts/lint-diagrams.sh: line 39: mmdc: command not found
MERMAID FAIL: mmd-docs_architecture_06_aecp_engine_md-5.txt
    ./scripts/lint-diagrams.sh: line 39: mmdc: command not found
MERMAID FAIL: mmd-docs_architecture_06_aecp_engine_md-6.txt
    ./scripts/lint-diagrams.sh: line 39: mmdc: command not found
MERMAID FAIL: mmd-docs_architecture_06_aecp_engine_md-7.txt
    ./scripts/lint-diagrams.sh: line 39: mmdc: command not found
MERMAID FAIL: mmd-docs_architecture_06_aecp_engine_md-8.txt
    ./scripts/lint-diagrams.sh: line 39: mmdc: command not found
MERMAID FAIL: mmd-docs_architecture_07_memory_maps_md-1.txt
    ./scripts/lint-diagrams.sh: line 39: mmdc: command not found
MERMAID FAIL: mmd-docs_architecture_07_memory_maps_md-2.txt
    ./scripts/lint-diagrams.sh: line 39: mmdc: command not found
MERMAID FAIL: mmd-docs_architecture_07_memory_maps_md-3.txt
    ./scripts/lint-diagrams.sh: line 39: mmdc: command not found
MERMAID FAIL: mmd-docs_architecture_08_timing_md-1.txt
    ./scripts/lint-diagrams.sh: line 39: mmdc: command not found
MERMAID FAIL: mmd-docs_architecture_09_verification_md-1.txt
    ./scripts/lint-diagrams.sh: line 39: mmdc: command not found
MERMAID FAIL: mmd-docs_architecture_09_verification_md-2.txt
    ./scripts/lint-diagrams.sh: line 39: mmdc: command not found
MERMAID FAIL: mmd-docs_architecture_10_srp_engine_md-1.txt
    ./scripts/lint-diagrams.sh: line 39: mmdc: command not found
MERMAID FAIL: mmd-docs_architecture_10_srp_engine_md-2.txt
    ./scripts/lint-diagrams.sh: line 39: mmdc: command not found
MERMAID FAIL: mmd-docs_architecture_10_srp_engine_md-3.txt
    ./scripts/lint-diagrams.sh: line 39: mmdc: command not found
MERMAID FAIL: mmd-docs_architecture_10_srp_engine_md-4.txt
    ./scripts/lint-diagrams.sh: line 39: mmdc: command not found
MERMAID FAIL: mmd-docs_architecture_10_srp_engine_md-5.txt
    ./scripts/lint-diagrams.sh: line 39: mmdc: command not found
MERMAID FAIL: mmd-docs_architecture_10_srp_engine_md-6.txt
    ./scripts/lint-diagrams.sh: line 39: mmdc: command not found
wavedrom: 18 blocks checked, OK
lint: 41 mermaid + 18 wavedrom blocks checked, FAILURES
make: *** [Makefile:33: lint] Error 1
make: *** Waiting for unfinished jobs....
figures selftest: 17 cases, OK
figures: 3 draw.io, 18 WaveDrom, 5 hand-authored, OK
ids selftest: 30 cases, OK
ids: 557 files, 91 distinct IDs used, F01.5 47 P-IDs, F08.1 36 T-IDs, OK
