[==========] Running 5 tests from 2 test suites.
[----------] Global test environment set-up.
[----------] 2 tests from SrpApp
[ RUN      ] SrpApp.AttachRefusalPreservesExistingComposition
[       OK ] SrpApp.AttachRefusalPreservesExistingComposition (0 ms)
[ RUN      ] SrpApp.AllThreeProtocolsShareTheLoopAndWakeSources
[       OK ] SrpApp.AllThreeProtocolsShareTheLoopAndWakeSources (0 ms)
[----------] 2 tests from SrpApp (0 ms total)

[----------] 3 tests from Srp
[ RUN      ] Srp.EventReceiveAndTransmitPollFitTheirMeasuredBounds
  SRP event bound: 1 accesses, bound 1
  SRP refused receive bound: 2 accesses, bound 2
  SRP retained receive poll bound: 4 accesses, bound 1540
  SRP transmitting poll bound: 95 accesses, bound 1540
  SRP maximum TX record bound: 383 accesses, bound 383
  SRP maximum RX record bound: 383 accesses, bound 383
  SRP complete pass bound: 389 accesses, bound 2366
[       OK ] Srp.EventReceiveAndTransmitPollFitTheirMeasuredBounds (0 ms)
[ RUN      ] Srp.PollTermsAreMeasuredSeparatelyThroughRealCallbacks
$SOURCE/sw/firmware/ctrl/test/srp_cost_probe.hpp:26: Failure
Expected equality of these values:
  accesses
    Which is: 384
  2u+2u+(padded.size()+14u+3u)/4u
    Which is: 383
real send callback has only the TX record accesses

  [FAIL] Srp.PollTermsAreMeasuredSeparatelyThroughRealCallbacks: real send callback has only the TX record accesses
$SOURCE/sw/firmware/ctrl/test/srp_cost_probe.hpp:28: Failure
Expected: (accesses) <= ((2u + 2u + (1514u + 3u) / 4u)), actual: 384 vs 383
real send callback maximum

  [FAIL] Srp.PollTermsAreMeasuredSeparatelyThroughRealCallbacks: real send callback maximum
$SOURCE/sw/firmware/ctrl/test/srp_cost_probe.hpp:26: Failure
Expected equality of these values:
  accesses
    Which is: 384
  2u+2u+(padded.size()+14u+3u)/4u
    Which is: 383
real send callback has only the TX record accesses

  [FAIL] Srp.PollTermsAreMeasuredSeparatelyThroughRealCallbacks: real send callback has only the TX record accesses
$SOURCE/sw/firmware/ctrl/test/srp_cost_probe.hpp:28: Failure
Expected: (accesses) <= ((2u + 2u + (1514u + 3u) / 4u)), actual: 384 vs 383
real send callback maximum

  [FAIL] Srp.PollTermsAreMeasuredSeparatelyThroughRealCallbacks: real send callback maximum
$SOURCE/sw/firmware/ctrl/test/srp_cost_probe.hpp:26: Failure
Expected equality of these values:
  accesses
    Which is: 384
  2u+2u+(padded.size()+14u+3u)/4u
    Which is: 383
real send callback has only the TX record accesses

  [FAIL] Srp.PollTermsAreMeasuredSeparatelyThroughRealCallbacks: real send callback has only the TX record accesses
$SOURCE/sw/firmware/ctrl/test/srp_cost_probe.hpp:28: Failure
Expected: (accesses) <= ((2u + 2u + (1514u + 3u) / 4u)), actual: 384 vs 383
real send callback maximum

  [FAIL] Srp.PollTermsAreMeasuredSeparatelyThroughRealCallbacks: real send callback maximum
$SOURCE/sw/firmware/ctrl/test/srp_cost_probe.hpp:26: Failure
Expected equality of these values:
  accesses
    Which is: 384
  2u+2u+(padded.size()+14u+3u)/4u
    Which is: 383
real send callback has only the TX record accesses

  [FAIL] Srp.PollTermsAreMeasuredSeparatelyThroughRealCallbacks: real send callback has only the TX record accesses
$SOURCE/sw/firmware/ctrl/test/srp_cost_probe.hpp:28: Failure
Expected: (accesses) <= ((2u + 2u + (1514u + 3u) / 4u)), actual: 384 vs 383
real send callback maximum

  [FAIL] Srp.PollTermsAreMeasuredSeparatelyThroughRealCallbacks: real send callback maximum
$SOURCE/sw/firmware/ctrl/test/srp_app.cpp:189: Failure
Expected: (fixed+observed.accesses) <= ((2u * (4u + 2u * (2u + 2u + (1514u + 3u) / 4u)))), actual: 1544 vs 1540
measured complete poll envelope

  [FAIL] Srp.PollTermsAreMeasuredSeparatelyThroughRealCallbacks: measured complete poll envelope
  SRP poll terms: fixed 8, calls 4, real send accesses 1536, envelope 1544/1540
[  FAILED  ] Srp.PollTermsAreMeasuredSeparatelyThroughRealCallbacks (0 ms)
[ RUN      ] Srp.PassFundsEveryEventRecordAndBothMaximumReceives
  SRP pass terms: event 56, receive 770, poll 1540, envelope 2366/2366
[       OK ] Srp.PassFundsEveryEventRecordAndBothMaximumReceives (0 ms)
[----------] 3 tests from Srp (0 ms total)

[----------] Global test environment tear-down
[==========] 5 tests from 2 test suites ran. (1 ms total)
[  PASSED  ] 4 tests.
[  FAILED  ] 1 test, listed below:
[  FAILED  ] Srp.PollTermsAreMeasuredSeparatelyThroughRealCallbacks

 1 FAILED TEST
== ctrl ADP MAAP SRP composition: checks: 5   failures: 1 ==
RESULT: FAIL
  verdict: FAIL (its tallies report 1 failure(s) across 5 checks, exit 1)