seed 22 cycles 1000000 resets 20 mismatching_cycles 0
  gate_ready_o             active     700032 mismatch 0
  txop_done_o              active      18858 mismatch 0
  ev_valid_o               active     133897 mismatch 0
  ev_app_o                 active          0 mismatch 0
  ev_attr_type_o           active     998685 mismatch 0
  ev_event_o               active     621360 mismatch 0
  ev_fourpack_o            active          0 mismatch 0
  ev_value_o               active     998685 mismatch 0
  user_valid_o             active     285405 mismatch 0
  user_join_o              active     142728 mismatch 0
  user_vid_o               active     285120 mismatch 0
  arm_valid_o              active      19465 mismatch 0
  arm_cancel_o             active     733066 mismatch 0
  arm_slot_o               active     891282 mismatch 0
  arm_owner_o              active     994872 mismatch 0
  arm_deadline_ms_o        active     994872 mismatch 0
  lstn_reg_change_o        active      33578 mismatch 0
  tk_decl_state_o          active     995701 mismatch 0
  lstn_reg_state_o         active     650498 mismatch 0
  active_o                 active      73451 mismatch 0
  msrp_fail_code_o         active     897903 mismatch 0
  msrp_fail_bridge_o       active     897903 mismatch 0
  dbg_app_state_o          active     999193 mismatch 0
  dbg_reg_state_o          active     775174 mismatch 0
